Loaded 107 shading profiles.
Loaded 4926 US library definitions.
Tue Sep 12 21:33:25 TRT 2023
Preparing patching process.
Building string data...
Reading strings from: 00 Introduction.str
Reading strings from: 01 Postgame Celebration.str
Reading strings from: 02 Toad Town Gate Sector.str
Reading strings from: 03 Toad Town Castle Sector.str
Reading strings from: 04 Toad Town Bridge Sector.str
Reading strings from: 05 Toad Town Train Sector.str
Reading strings from: 06 Toad Town Warehouse Sector.str
Reading strings from: 07 Toad Town Docks Sector.str
Reading strings from: 08 Minigames.str
Reading strings from: 09 Castle Grounds.str
Reading strings from: 0A Shooting Star Summit.str
Reading strings from: 0B Chapter 0.str
Reading strings from: 0C Chapter 1.str
Reading strings from: 0D Chapter 2.str
Reading strings from: 0E Chapter 3.str
Reading strings from: 0F Chapter 4.str
Reading strings from: 10 Chapter 5.str
Reading strings from: 11 Chapter 6.str
Reading strings from: 12 Chapter 7.str
Reading strings from: 13 Bowser's Castle.str
Reading strings from: 14 Peach Segments.str
Reading strings from: 15 Koopa Koot Favors.str
Reading strings from: 16 Russ T Advice.str
Reading strings from: 17 News Bulletin.str
Reading strings from: 18 Gossip Bulletin.str
Reading strings from: 19 Map Tattles.str
Reading strings from: 1A NPC Tattles.str
Reading strings from: 1B Entity Tattles.str
Reading strings from: 1C Enemy Tattles.str
Reading strings from: 1D Menus I.str
Reading strings from: 1E Choices.str
Reading strings from: 1F Menus II.str
Reading strings from: 20 Party Letters + Luigi's Diary.str
Reading strings from: 21 Advice Fortunes.str
Reading strings from: 22 Treasure Fortunes.str
Reading strings from: 23 Item Descriptions I.str
Reading strings from: 24 Item Descriptions II.str
Reading strings from: 25 Item Descriptions III.str
Reading strings from: 26 Item Names.str
Reading strings from: 27 Shop Messages.str
Reading strings from: 28 Partner Descriptions.str
Reading strings from: 29 Enemy Names.str
Reading strings from: 2A Mario Moves.str
Reading strings from: 2B Partner Moves.str
Reading strings from: 2C Quiz Questions.str
Reading strings from: 2D Quiz Options.str
Reading strings from: 2E Credits.str
Reading strings from: 2F New Stuff.str
Reading strings from: Introduction.str
Reading strings from: Modified Item Information.str
Reading strings from: Modified Map Tattles.str
Reading strings from: Modified NPC Tattles.str
Reading strings from: Modified Partner Moves.str
Reading strings from: Modified System Text.str
Reading strings from: New Treasure Fortunes.str
Reading strings from: Prologue.str
Reading strings from: QuizmoText.str
Reading strings from: Revised Enemy Tattles.str
Reading strings from: Story Dialogue Modified.str
Reading strings from: Updated Enemy Names.str
Reading strings from: Updated Letters + Diary.str
Reading strings from: Updated Treasure Fortunes.str
Reading map config files...
Checking for missing assets...
Indexing map objects...
Loaded map index.
Indexing animations...
Writing map config table...
Wrote map config table to 0x2804EC0
Reading battle config files...
Reading direct ROM patches...
Reading patch for $general_heap_create (4)
Reading patch for $general_heap_malloc (8)
Reading patch for $general_heap_malloc_tail (8)
Reading patch for $general_heap_free (8)
Reading patch for $battle_heap_create (8)
Reading patch for $heap_malloc (1C)
Reading patch for $heap_free (2C)
Reading patch for $collision_heap_create (8)
Reading patch for $collision_heap_malloc
Reading patch for $collision_heap_free
Reading patch for $spr_init_sprites
Reading patch for $spr_init_quad_cache
Global patch for D0A9C will be written to D0A9C
Reading patch for D0A9C
Global patch for D0AC8 will be written to D0AC8
Reading patch for D0AC8
Reading patch for $spr_free_sprite
Reading patch for $spr_load_sprite
Reading patch for $spr_init_player_raster_cache
Reading patch for $spr_load_npc_extra_anims
Reading patch for $spr_allocate_components
Global patch for DBA88 will be written to DBA88
Creating hook body for: DBA88
Global patch for DBC20 will be written to DBC20
Creating hook body for: DBC20
Global patch for DBC38 will be written to DBC38
Creating hook body for: DBC38
Global patch for DBAE0 will be written to DBAE0
Creating hook body for: DBAE0
Global patch for DBB50 will be written to DBB50
Creating hook body for: DBB50
Global patch for DBBBC will be written to DBBBC
Creating hook body for: DBBBC
Global patch for 6554 will be written to 6554
Creating hook body for: 6554
Global patch for 66D0 will be written to 66D0
Creating hook body for: 66D0
Global patch for 6774 will be written to 6774
Creating hook body for: 6774
Creating struct: $TempBase
Creating struct: $DebugBase
Creating struct: $GetDebugValueType
Creating struct: $GetDebugValue
Reading patch for $start_script (58)
Creating hook body for: $start_script
Reading patch for $start_script_in_group (60)
Creating hook body for: $start_script_in_group
Reading patch for $start_child_script (58)
Creating hook body for: $start_child_script
Global patch for 802C39F8 will be written to E83A8
Reading patch for 802C39F8 (58)
Global patch for 802C39F8 will be written to E83A8
Creating hook body for: 802C39F8
Creating hook body for: $kill_script
Creating struct: $contextual_heap_realloc
Creating struct: $GetDynamicVarPointer
Global patch for 802C7ABC will be written to EC46C
Creating hook body for: 802C7ABC
Global patch for 802C8098 will be written to ECA48
Creating hook body for: 802C8098
Global patch for 802C842C will be written to ECDDC
Creating hook body for: 802C842C
Global patch for 802C8640 will be written to ECFF0
Creating hook body for: 802C8640
Creating struct: $TextBorderGraphics
Creating struct: $EntityColliderFaces
Creating struct: $EntityColliderVertices
Global patch for C4C2C will be written to C4C2C
Reading patch for C4C2C
Global patch for 35AF4 will be written to 35AF4
Reading patch for 35AF4 (378)
Global patch for 38848 will be written to 38848
Reading patch for 38848
Creating struct: $StringVarBuffers
Global patch for BC23C will be written to BC23C
Reading patch for BC23C
Global patch for BC2E8 will be written to BC2E8
Reading patch for BC2E8
Global patch for BC668 will be written to BC668
Reading patch for BC668
Global patch for BAC70 will be written to BAC70
Reading patch for BAC70
Global patch for B9D74 will be written to B9D74
Reading patch for B9D74 (3C)
Patching globals...
Loaded 1315 image assets
Loaded 356 item entity scripts
Loaded 982 HUD element scripts
Loaded 199 moves
Loaded 407 items
Read 356 item entity scripts.
Read 982 HUD element scripts.
Loaded 1315 image assets in 585,4 ms.
Wrote 1306 image assets and 1378 palettes in 14,9 ms.
Global patch for 831F8 will be written to 831F8
Creating hook body for: 831F8
Creating struct: $AutoIsAbilityActive
Creating struct: $IsAbilityActive_JumpTable
Patching asset scripts...
Creating struct: $LoadHudElem_Jump_Handler
Global patch for E7898 will be written to E7898
Reading patch for E7898
Creating struct: $UpdateHudElem_Jump_Handler
Global patch for E7908 will be written to E7908
Reading patch for E7908
Global patch for 800F4 will be written to 800F4
Reading patch for 800F4
Global patch for CBDDC will be written to CBDDC
Reading patch for CBDDC
Global patch for 18CA70 will be written to 18CA70
Reading patch for 18CA70
Global patch for 13A848 will be written to 13A848
Reading patch for 13A848
Global patch for 13CCB0 will be written to 13CCB0
Reading patch for 13CCB0
Global patch for 7E17D4 will be written to 7E17D4
Reading patch for 7E17D4
Global patch for 41A718 will be written to 41A718
Reading patch for 41A718
Global patch for 41CF58 will be written to 41CF58
Reading patch for 41CF58
Global patch for FADD0 will be written to FADD0
Reading patch for FADD0
Global patch for FAFEC will be written to FAFEC
Reading patch for FAFEC
Global patch for C7828 will be written to C7828
Reading patch for C7828
Reading patch for $msg_copy_to_print_buffer
Global patch for 13C118 will be written to 13C118
Reading patch for 13C118
Global patch for 801351AC will be written to CB8AC
Reading patch for 801351AC
Patching world map...
Creating struct: $DebugMapName
Creating struct: $DebugBattleID
Creating struct: $DebugStageName
Creating struct: $DebugState
Creating struct: $PartnerData
Creating struct: $Buttons
Creating struct: $EditHalf
Creating struct: $EditWord
Creating struct: $EditDecimal
Creating struct: $VertexBuffer
Creating struct: $DisplayList
Creating struct: $NpcMatrices
Creating struct: $JumpTable_Submenus
Creating struct: $fmtMapName
Creating struct: $fmtStageName
Creating struct: $strPos
Creating struct: $fmtCoord
Creating struct: $fmtAction
Creating struct: $fmtBattle
Creating struct: $strGodMode
Creating struct: $strWatchTitle
Creating struct: $strHeapTitle
Creating struct: $strHeapCollision
Creating struct: $strHeapWorld
Creating struct: $strHeapSprite
Creating struct: $strHeapBattle
Creating struct: $fmtPercent
Creating struct: $fmtHeapUsage
Creating struct: $fmtScriptCount
Creating struct: $fmtDebugVar
Creating struct: $strEntry
Creating struct: $fmtEntry
Creating struct: $fmtInteger
Creating struct: $fmtDigit
Creating struct: $fmtByte
Creating struct: $fmtHalf
Creating struct: $fmtWord
Creating struct: $fmtFloat
Creating struct: $strValue
Creating struct: $strFormation
Creating struct: $strDash
Creating struct: $strParenL
Creating struct: $strParenR
Creating struct: $strUnderConstruction
Global patch for 82758 will be written to 82758
Creating hook body for: 82758
Global patch for 35BF0 will be written to 35BF0
Creating hook body for: 35BF0
Global patch for 4E090 will be written to 4E090
Creating hook body for: 4E090
Global patch for 16FBB0 will be written to 16FBB0
Creating hook body for: 16FBB0
Global patch for 1A2B98 will be written to 1A2B98
Creating hook body for: 1A2B98
Global patch for 1AB620 will be written to 1AB620
Creating hook body for: 1AB620
Global patch for 1AE700 will be written to 1AE700
Creating hook body for: 1AE700
Global patch for 1AE78 will be written to 1AE78
Creating hook body for: 1AE78
Creating struct: $ButtonMask
Creating struct: $UpdateButtons
Creating struct: $PrintDebugMain
Creating struct: $ASCIItoPM
Creating struct: $DrawStringASCII
Creating struct: $DrawSpecialStringASCII
Creating struct: $DrawMonospacedStringASCII
Creating struct: $DrawStringID
Creating struct: $DrawMenuBox
Creating struct: $SplitHalf
Creating struct: $JoinHalf
Creating struct: $NavigateHalf
Creating struct: $DoEditHalf
Creating struct: $DrawEditHalf
Creating struct: $SplitWord
Creating struct: $JoinWord
Creating struct: $NavigateWord
Creating struct: $DoEditWord
Creating struct: $DrawEditWord
Creating struct: $SplitDecimal
Creating struct: $JoinDecimal
Creating struct: $NavigateDecimal
Creating struct: $DoEditDecimal
Creating struct: $DrawEditDecimal
Creating struct: $CheckHeapUsage
Creating struct: $PrintHeapUsage
Creating struct: $PrintBasicInfo
Creating struct: $PrintDetailedInfo
Creating struct: $NavigateVerticalMenu1D
Creating struct: $NavigateVerticalWrappedMenu1D
Creating struct: $NavigateVerticalWrappedMenu1D_Reversed
Creating struct: $NavigateHorizontalMenu1D
Creating struct: $NavigateHorizontalWrappedMenu1D
Creating struct: $NavigateWrappedMenu2D
Creating struct: $NavigateWrappedMenu2D_ColumnMajor
Creating struct: $mainMenuFullRestore
Creating struct: $mainMenuQuickSave
Creating struct: $mainMenuMapSelect
Creating struct: $mainMenuBattleSelect
Creating struct: $mainSetStory
Creating struct: $mainMenuPlaySound
Creating struct: $mainMenuEditPartners
Creating struct: $mainMenuEditInventory
Creating struct: $mainMenuEditRAM
Creating struct: $mainMenuViewCollision
Creating struct: $MainMenuJumpTable
Creating struct: $MainMenuOptions
Creating struct: $UpdateMainMenu
Creating struct: $UpdateSubMenu
Creating struct: $UpdateAreaSelect
Creating struct: $UpdateMapSelect
Creating struct: $UpdateEntrySelect
Creating struct: $WarpToMap
Global patch for 19C9C will be written to 19C9C
Creating hook body for: 19C9C
Global patch for 1CD9C will be written to 1CD9C
Creating hook body for: 1CD9C
Creating struct: $DummyEncounter
Creating struct: $DummyEnemy
Creating struct: $DummyDropTable
Creating struct: $StartDebugBattle
Creating struct: $UpdateBattleSelect
Creating struct: $UpdateStoryProgress
Creating struct: $strPlaySound
Creating struct: $strStopSound
Creating struct: $SoundMenuOptions
Creating struct: $UpdateSoundMenu
Creating struct: $strSoundID
Creating struct: $UpdatePlaySound
Creating struct: $UpdateStopSound
Creating struct: $strQuickCancel
Creating struct: $strQuickSave
Creating struct: $strQuickLoad
Creating struct: $QuickSaveOptions
Creating struct: $UpdateQuickSave
Creating struct: $UpdateEditPartners
Creating struct: $strInventoryItems
Creating struct: $strInventoryBadges
Creating struct: $strInventoryKeys
Creating struct: $strInventoryGear
Creating struct: $strInventoryStats
Creating struct: $strInventoryCoins
Creating struct: $strInventoryStarPoints
Creating struct: $strInventoryStarPieces
Creating struct: $EditInventoryOptions
Creating struct: $UpdateEditInventory
Creating struct: $strItemsTitle
Creating struct: $strItemEmpty
Creating struct: $strItemInvalid
Creating struct: $ItemsData
Creating struct: $ConsumablesMenuInfo
Creating struct: $KeysMenuInfo
Creating struct: $BadgesMenuInfo
Creating struct: $LoadItems
Creating struct: $SaveItems
Creating struct: $DrawItems
Creating struct: $UpdateEditItemList
Creating struct: $UpdateEditItems
Creating struct: $UpdateEditBadges
Creating struct: $UpdateEditKeys
Creating struct: $strGearTitle
Creating struct: $strGearHammer
Creating struct: $strGearBoots
Creating struct: $PlayerGearData
Creating struct: $UpdateEditGear
Creating struct: $strStatsTitle
Creating struct: $strMaxHP
Creating struct: $strMaxFP
Creating struct: $strMaxBP
Creating struct: $strLevel
Creating struct: $strSpirits
Creating struct: $PlayerStatsData
Creating struct: $UpdateEditStats
Creating struct: $strCoinsTitle
Creating struct: $UpdateEditCoins
Creating struct: $strStarPointsTitle
Creating struct: $UpdateEditStarPoints
Creating struct: $strStarPiecesTitle
Creating struct: $UpdateEditStarPieces
Creating struct: $strMemoryTitle
Creating struct: $strInvalidAddress
Creating struct: $fmtMemoryRow
Creating struct: $MemoryData
Creating struct: $CustomStyle
Creating struct: $UpdateEditRAM
Creating struct: $On
Creating struct: $Off
Creating struct: $collisionMenu1
Creating struct: $collisionMenu2
Creating struct: $collisionMenu3
Creating struct: $collisionMenu4
Creating struct: $collisionMenu5
Creating struct: $collisionMenu6
Creating struct: $CollisionMenuOptions
Creating struct: $CollisionData
Creating struct: $UpdateViewCollision
Creating struct: $NoTextureSetup
Creating subscription for: RenderGeometry
Global patch for 9124 will be written to 9124
Creating hook body for: 9124
Creating struct: $BuildColliderDL
Creating struct: $ShouldHighlight
Creating struct: $BuildTriangleSimple
Creating struct: $AddVertexSimple
Creating struct: $BuildNPC
Creating struct: $VertexBufferCount
Reading patch for $VertexBuffer
Reading patch for $DisplayList
Creating struct: $CylinderVertices
Creating struct: $CylinderDL
Creating struct: $VariableLogBonusTime
Creating struct: $VariableLogPos
Creating struct: $VariableLog
Creating struct: $Debug_LogSetGameByte
Creating struct: $Debug_LogSetGlobalFlag
Creating struct: $Debug_LogSetModByte
Creating struct: $Debug_LogSetModFlag
Creating struct: $Debug_LogSetVar
Creating struct: $fmtGameByte
Creating struct: $fmtModByte
Creating struct: $fmtGameFlag
Creating struct: $fmtModFlag
Creating struct: $UpdateVarConsole
Creating struct: $DrawVarEntry
Global patch for F298 will be written to F298
Reading patch for F298
Global patch for 11C84 will be written to 11C84
Reading patch for 11C84
Global patch for 12644 will be written to 12644
Reading patch for 12644
Global patch for 6A2C0 will be written to 6A2C0
Reading patch for 6A2C0
Global patch for 13E120 will be written to 13E120
Reading patch for 13E120
Global patch for 13E238 will be written to 13E238
Reading patch for 13E238
Global patch for 13EEEC will be written to 13EEEC
Reading patch for 13EEEC
Global patch for 13F078 will be written to 13F078
Reading patch for 13F078
Global patch for 13F420 will be written to 13F420
Reading patch for 13F420
Global patch for 13F678 will be written to 13F678
Reading patch for 13F678
Global patch for 13FAE4 will be written to 13FAE4
Reading patch for 13FAE4
Global patch for 13FCC4 will be written to 13FCC4
Reading patch for 13FCC4
Global patch for 41CF58 will be written to 41CF58
Reading patch for 41CF58
Creating struct: $ExtendedPartnerBattleIcons
Global patch for EBDFC will be written to EBDFC
Reading patch for EBDFC
Global patch for EBE04 will be written to EBE04
Creating hook body for: EBE04
Global patch for E7B3C will be written to E7B3C
Reading patch for E7B3C
Global patch for E7B34 will be written to E7B34
Creating hook body for: E7B34
Global patch for ED2BC will be written to ED2BC
Creating hook body for: ED2BC
Global patch for ED338 will be written to ED338
Creating hook body for: ED338
Global patch for ED428 will be written to ED428
Creating hook body for: ED428
Global patch for ED3B0 will be written to ED3B0
Creating hook body for: ED3B0
Global patch for ED4A8 will be written to ED4A8
Creating hook body for: ED4A8
Global patch for EB644 will be written to EB644
Creating hook body for: EB644
Global patch for EB738 will be written to EB738
Creating hook body for: EB738
Compressed scripts enabled.
Global patch for 80072C18 will be written to 4E018
Creating hook body for: 80072C18
Global patch for 80269E10 will be written to 1986F0
Creating hook body for: 80269E10
Compressed battle data enabled.
Global patch for 802DEF80 will be written to 102070
Creating hook body for: 802DEF80
Setting initial map to kmr_20, Entry0 --> 0-B (0)
Reading patch for $filemenu_yesno_handle_input (644)
Creating hook body for: $filemenu_yesno_handle_input
Reading patch file: globals/patch/AntiSaveStateSystem.patch
Creating struct: $AntiSSBuffer
Creating struct: $transfer_timestamp_to_gamebytes
Creating struct: $Function_PushTimestamp
Creating struct: $CompareTimestamps
Creating struct: $Function_CheckSavestate
Creating struct: $Function_CheckSavestate_B
Creating struct: $store_SS_timestamp
Creating struct: $load_SS_timestamp
Reading patch file: globals/patch/BerserkerExploration.patch
Reading patch file: globals/patch/ChangeBaseBattleIcons.patch
Global patch for 192038 will be written to 192038
Creating hook body for: 192038
Global patch for 191E0C will be written to 191E0C
Creating hook body for: 191E0C
Reading patch file: globals/patch/ChangeMarioSize.patch
Reading patch file: globals/patch/CorrectNegativeNumbers.patch
Global patch for BDE28 will be written to BDE28
Creating hook body for: BDE28
Global patch for BE1F0 will be written to BE1F0
Reading patch for BE1F0
Reading patch file: globals/patch/CrashHandlerTampering.patch
Global patch for 7A34 will be written to 7A34
Creating hook body for: 7A34
Creating struct: $ASCII_Version
Reading patch file: globals/patch/CureStatuses.patch
Creating struct: $CureTarget
Creating struct: $CureTargetNoEffects
Reading patch file: globals/patch/DamageFlags.patch
Global patch for 1A6308 will be written to 1A6308
Creating hook body for: 1A6308
Reading patch file: globals/patch/DeathCounter.patch
Creating struct: $DeathIOBuffer
Creating struct: $get_death_count
Creating struct: $GetDeathCount
Creating struct: $IncrementDeathCounter
Reading patch file: globals/patch/DefDownArrow.patch
Creating struct: $WeirdFunctionA
Creating struct: $WeirdFunctionB
Global patch for 22AD0 will be written to 22AD0
Creating hook body for: 22AD0
Creating struct: $IntTable_DefDownArrow_RasterA
Creating struct: $IntTable_DefDownArrow_PaletteA
Creating struct: $IntTable_DefDownArrow_RasterB
Creating struct: $IntTable_DefDownArrow_PaletteB
Creating struct: $HudElementScript_DefDownArrow
Creating struct: $HudElementScript_DefDownArrow_FadeIn
Creating struct: $HudElementScript_DefDownArrow_FadeOut
Reading patch file: globals/patch/DefenseDisplay.patch
Creating struct: $DefenseNumbers
Creating struct: $NumberPalette
Creating struct: $HudElementScript_Number0
Creating struct: $HudElementScript_Number1
Creating struct: $HudElementScript_Number2
Creating struct: $HudElementScript_Number3
Creating struct: $HudElementScript_Number4
Creating struct: $HudElementScript_Number5
Creating struct: $HudElementScript_Number6
Creating struct: $HudElementScript_Number7
Creating struct: $HudElementScript_Number8
Creating struct: $HudElementScript_Number9
Creating struct: $RasterData_0
Creating struct: $RasterData_1
Creating struct: $RasterData_2
Creating struct: $RasterData_3
Creating struct: $RasterData_4
Creating struct: $RasterData_5
Creating struct: $RasterData_6
Creating struct: $RasterData_7
Creating struct: $RasterData_8
Creating struct: $RasterData_9
Creating struct: $DefenseDisplay
Creating struct: $GetDefenseOfActor
Creating struct: $GetDefenseOfActor2
Reading patch file: globals/patch/DisableStuff.patch
Creating struct: $DisableItems
Creating struct: $BattleResetButtonMask
Creating struct: $BattleBanBPress
Creating struct: $BattleBanZPress
Global patch for 17229C will be written to 17229C
Creating hook body for: 17229C
Reading patch file: globals/patch/EditBluePipeColors.patch
Creating struct: $IntTable_DefaultBluePipeColors
Creating struct: $IntTable_GrayPipeColors
Creating struct: $BluePipeFlag
Creating struct: $BluePipePalettePointer
Creating struct: $BluePipeLocation
Creating struct: $FindBluePipePalettePointer
Creating struct: $SetBluePipeColorWithTable
Reading patch file: globals/patch/EditDamageEffectColors.patch
Creating struct: $DamageEffectFlag
Creating struct: $DamageEffect2Flag
Creating struct: $DamageEffectPointer
Creating struct: $DamageEffectPalettePointer
Creating struct: $DamageEffectBonusPointer
Creating struct: $FindDamageEffectPalettePointer
Creating struct: $FindDamageEffectBonusCode
Creating struct: $SetDamageEffectColorWithTable
Creating struct: $SetDamageEffectBonusCodeWithTable
Creating struct: $IntTable_DefaultColors
Creating struct: $IntTable_RedColors
Creating struct: $IntTable_GoldColors
Creating struct: $IntTable_CyanColors
Creating struct: $IntTable_GreenColors
Creating struct: $IntTable_PurpleColors
Creating struct: $IntTable_WhiteColors
Creating struct: $IntTable_DefaultStyleTable
Creating struct: $IntTable_WhiteStyleTable
Reading patch file: globals/patch/EditHugeSwitchColors.patch
Creating struct: $IntTable_DefaultBigSwitchColors
Creating struct: $IntTable_DarkBigSwitchColors
Creating struct: $BigSwitchFlag
Creating struct: $BigSwitchPalettePointer
Creating struct: $BigSwitchLocation
Creating struct: $FindBigSwitchPalettePointer
Creating struct: $SetBigSwitchColorWithTable
Reading patch file: globals/patch/EditPadlockColors.patch
Creating struct: $IntTable_DefaultLockColors
Creating struct: $IntTable_DarkLockColors
Creating struct: $LockFlag
Creating struct: $LockPalettePointer
Creating struct: $LockLocation
Creating struct: $FindLockPalettePointer
Creating struct: $SetLockColorWithTable
Reading patch file: globals/patch/EditRedSwitchColors.patch
Creating struct: $IntTable_DefaultRSwitchColors
Creating struct: $IntTable_RBSwitchColors
Creating struct: $RSwitchFlag
Creating struct: $RSwitchPalettePointer
Creating struct: $RSwitchLocation
Creating struct: $FindRSwitchPalettePointer
Creating struct: $SetRSwitchColorWithTable
Reading patch file: globals/patch/EditSaveBlockColors.patch
Creating struct: $IntTable_DefaultColors
Creating struct: $IntTable_GrayColors
Creating struct: $IntTable_RedColors
Creating struct: $IntTable_OrangeColors
Creating struct: $IntTable_LightBrownColors
Creating struct: $IntTable_BrownColors
Creating struct: $IntTable_YellowColors
Creating struct: $IntTable_LimeColors
Creating struct: $IntTable_GreenColors
Creating struct: $IntTable_CyanColors
Creating struct: $IntTable_TealColors
Creating struct: $IntTable_BlueColors
Creating struct: $IntTable_PurpleColors
Creating struct: $IntTable_PinkColors
Creating struct: $IntTable_PinkColors2
Creating struct: $IntTable_WhiteColors
Creating struct: $IntTable_BlackColors
Creating struct: $SetSaveBlockColorWithTable
Creating struct: $Function_SetSaveBlockColorToDefault
Creating struct: $Function_SetSaveBlockColorToGray
Creating struct: $Function_SetSaveBlockColorToRed
Creating struct: $FindSaveBlockPalettePointer
Creating struct: $SaveBlockPalettePointer
Creating struct: $SaveBlockLocation
Creating struct: $WriteIntoDMACopy
Creating struct: $SaveBlockFlag
Creating struct: $DMACopyHook
Creating struct: $DMACopyHook2
Reading patch file: globals/patch/EffectTampering.patch
Global patch for 3E0A08 will be written to 3E0A08
Reading patch for 3E0A08
Creating struct: $3E0A08Hook
Global patch for 3E0B00 will be written to 3E0B00
Reading patch for 3E0B00
Creating struct: $3E0B00Hook
Creating struct: $PinkBoltData
Creating struct: $DarkBoltData
Global patch for 3E0EE4 will be written to 3E0EE4
Reading patch for 3E0EE4
Creating struct: $3E0EE4Hook
Global patch for 3E0EC4 will be written to 3E0EC4
Reading patch for 3E0EC4
Global patch for 3CF5F0 will be written to 3CF5F0
Reading patch for 3CF5F0
Creating struct: $3CF5F0Hook
Global patch for FD540 will be written to FD540
Reading patch for FD540
Global patch for 19E8F0 will be written to 19E8F0
Creating hook body for: 19E8F0
Global patch for 19ED90 will be written to 19ED90
Creating hook body for: 19ED90
Creating struct: $SetAuraToDark
Creating struct: $ActorAuraType
Global patch for 18BAB4 will be written to 18BAB4
Creating hook body for: 18BAB4
Global patch for 18C528 will be written to 18C528
Creating hook body for: 18C528
Global patch for FD5FC will be written to FD5FC
Reading patch for FD5FC
Global patch for 3392F8 will be written to 3392F8
Reading patch for 3392F8
Creating struct: $3392F8Hook
Global patch for 339438 will be written to 339438
Reading patch for 339438
Creating struct: $339438Hook
Global patch for 339784 will be written to 339784
Reading patch for 339784
Creating struct: $339784Hook
Global patch for 339AC0 will be written to 339AC0
Reading patch for 339AC0
Creating struct: $339AC0Hook
Creating struct: $???_E0024CC0_White
Creating struct: $???_E0024CC0_Red
Creating struct: $???_E0024CC0_Purple
Creating struct: $???_E0024CC0_Cyan
Creating struct: $???_E0024CC0_Green
Global patch for 3538C0 will be written to 3538C0
Reading patch for 3538C0
Creating struct: $3538C0Hook
Reading patch file: globals/patch/EightStarPower.patch
Global patch for 821F4 will be written to 821F4
Reading patch for 821F4
Global patch for 8245C will be written to 8245C
Reading patch for 8245C
Global patch for 139688 will be written to 139688
Reading patch for 139688
Global patch for 1396FC will be written to 1396FC
Reading patch for 1396FC
Global patch for 139770 will be written to 139770
Reading patch for 139770
Global patch for 1397E4 will be written to 1397E4
Reading patch for 1397E4
Global patch for 139858 will be written to 139858
Reading patch for 139858
Global patch for 1398CC will be written to 1398CC
Reading patch for 1398CC
Global patch for 139940 will be written to 139940
Reading patch for 139940
Global patch for 1399B4 will be written to 1399B4
Reading patch for 1399B4
Creating struct: $BarIcons
Creating struct: $StarIcons
Creating struct: $Icon_OrangeBar
Creating struct: $Palette_OrangeBar
Creating struct: $Icon_OrangeStar
Creating struct: $Palette_OrangeStar
Creating struct: $IconScript_OrangeBar
Creating struct: $IconScript_OrangeStar
Global patch for 41B240 will be written to 41B240
Creating hook body for: 41B240
Global patch for 41B2E8 will be written to 41B2E8
Creating hook body for: 41B2E8
Global patch for 80D44 will be written to 80D44
Creating hook body for: 80D44
Reading patch file: globals/patch/EquipAllBadges.patch
Creating struct: $Function_EquipAllBadges
Creating struct: $Function_CountBadges
Creating struct: $CountBadges
Reading patch file: globals/patch/fivehealth.patch
Creating struct: $Function_HasGreedStone
Creating struct: $HasGreedStone
Creating struct: $Function_PartnerSwap
Creating struct: $KillMario
Creating struct: $Function_StunPartner
Creating struct: $Function_HPHeal
Creating struct: $Function_FPHeal
Creating struct: $Function_SubtractMaxHP
Creating struct: $Function_AddSP
Global patch for 82760 will be written to 82760
Creating hook body for: 82760
Creating struct: $SixToFiveHP
Creating struct: $OuttaSightCheck
Creating struct: $Clear_Inventory
Creating struct: $Function_HasItems
Creating struct: $ShowCustomMessage
Creating struct: $ShowCustomMessage_ASM
Creating struct: $Custom_80250EA4
Creating struct: $Custom_8024FB3C
Creating struct: $Custom_80250818
Creating struct: $Function_SetLevel
Creating struct: $Function_SetEscape
Global patch for 17622C will be written to 17622C
Reading patch for 17622C
Reading patch file: globals/patch/FixActorBlur.patch
Reading patch file: globals/patch/FixArrowCrash.patch
Creating struct: $FixBoostAttackFunc
Global patch for 3AEEE8 will be written to 3AEEE8
Reading patch for 3AEEE8
Creating struct: $VanillaArrowCode
Reading patch file: globals/patch/FixDarkTravellerCrash.patch
Global patch for 16E91C will be written to 16E91C
Reading patch for 16E91C
Global patch for 16E934 will be written to 16E934
Reading patch for 16E934
Reading patch file: globals/patch/FixDefSpotterZeroCost.patch
Global patch for 7E0F60 will be written to 7E0F60
Reading patch for 7E0F60
Reading patch file: globals/patch/FixHuffNPuffCrash.patch
Creating struct: $PopupMenu_Byte
Global patch for 08DAF8 will be written to 8DAF8
Creating hook body for: 08DAF8
Global patch for 417A14 will be written to 417A14
Creating hook body for: 417A14
Global patch for 4197E4 will be written to 4197E4
Creating hook body for: 4197E4
Global patch for 08A860 will be written to 8A860
Creating hook body for: 08A860
Global patch for 08A9E8 will be written to 8A9E8
Creating hook body for: 08A9E8
Global patch for 41863C will be written to 41863C
Creating hook body for: 41863C
Global patch for 418678 will be written to 418678
Creating hook body for: 418678
Global patch for 419DE4 will be written to 419DE4
Creating hook body for: 419DE4
Global patch for 419E18 will be written to 419E18
Creating hook body for: 419E18
Global patch for 0FFFCC will be written to FFFCC
Creating hook body for: 0FFFCC
Creating struct: $GetAmountOfEnemiesInBattle
Reading patch file: globals/patch/FixItemEntities.patch
Global patch for 1AB50 will be written to 1AB50
Creating hook body for: 1AB50
Global patch for 24000 will be written to 24000
Creating hook body for: 24000
Global patch for CB914 will be written to CB914
Creating hook body for: CB914
Global patch for CBAEC will be written to CBAEC
Creating hook body for: CBAEC
Global patch for 24010 will be written to 24010
Reading patch for 24010
Global patch for 24018 will be written to 24018
Reading patch for 24018
Global patch for 23D00 will be written to 23D00
Creating hook body for: 23D00
Creating struct: $CoinSpawnHelper
Global patch for 24080 will be written to 24080
Creating hook body for: 24080
Global patch for 2405C will be written to 2405C
Reading patch for 2405C
Global patch for 240A8 will be written to 240A8
Creating hook body for: 240A8
Global patch for 13C114 will be written to 13C114
Reading patch for 13C114
Global patch for 109388 will be written to 109388
Creating hook body for: 109388
Global patch for 109390 will be written to 109390
Reading patch for 109390
Global patch for CC17C will be written to CC17C
Reading patch for CC17C
Global patch for CC19C will be written to CC19C
Reading patch for CC19C
Reading patch file: globals/patch/FixLockSoftlock.patch
Global patch for 795FC will be written to 795FC
Creating hook body for: 795FC
Reading patch file: globals/patch/FixShrinkCrash.patch
Global patch for 19FF0C will be written to 19FF0C
Reading patch for 19FF0C
Reading patch file: globals/patch/FixStarBeam.patch
Global patch for 180514 will be written to 180514
Reading patch for 180514
Global patch for 180528 will be written to 180528
Reading patch for 180528
Global patch for 18047C will be written to 18047C
Reading patch for 18047C
Global patch for 1804D0 will be written to 1804D0
Reading patch for 1804D0
Reading patch file: globals/patch/FlowerFieldsFog.patch
Global patch for AC6A8 will be written to AC6A8
Creating hook body for: AC6A8
Reading patch file: globals/patch/FoodBattleScript.patch
Creating struct: $Script_SpecialFood
Creating struct: $Function_DebuffEffectPink
Creating struct: $Function_TryAddMiracleJelly
Creating struct: $Function_TransferToTurnCounts
Creating struct: $Function_BoostTurnCounts
Creating struct: $Function_StarEffect
Creating struct: $Function_ResetStatus
Creating struct: $AntiHustleDrink
Creating struct: $Function_CureStatus
Creating struct: $Function_DualityShake
Creating struct: $Function_DualityShakeNull
Creating struct: $Function_SetDarkCake
Creating struct: $Function_ElectrifyMario
Creating struct: $Function_ElectrifyMario1
Creating struct: $Function_ElectrifyMario2
Creating struct: $Function_SetBooLeaf
Creating struct: $Function_SetBooLeaf2
Creating struct: $Function_SetBubbleBerry
Creating struct: $Function_ApplyVanish
Creating struct: $Function_SetBubbleBerry2
Creating struct: $EnableAutoBlock2
Creating struct: $Function_SetSugar
Creating struct: $Function_SetHustle
Creating struct: $Function_SetChill
Creating struct: $Function_SetDefdown
Creating struct: $Function_SetSaver
Creating struct: $Function_AddAtkBoost
Creating struct: $Function_AddDefBoost
Creating struct: $Function_TradeoffShake
Creating struct: $Function_DebuffEffectCoco
Creating struct: $Function_DebuffEffectOrange
Creating struct: $Function_DebuffEffectGold
Creating struct: $Function_DebuffEffectHotPink
Creating struct: $Function_DebuffEffectWhite
Creating struct: $Function_DebuffEffectUnified
Reading patch file: globals/patch/Freebies.patch
Creating struct: $FreebieCounter
Creating struct: $WasLastItemAFreebie
Global patch for 196814 will be written to 196814
Creating hook body for: 196814
Global patch for 41B0E4 will be written to 41B0E4
Creating hook body for: 41B0E4
Creating struct: $Icon_MenuItem_Free
Creating struct: $Palette_MenuItem_Free
Creating struct: $HudScript_MenuItem_Free
Creating struct: $???_NewItemSet
Global patch for 41AB48 will be written to 41AB48
Creating hook body for: 41AB48
Reading patch file: globals/patch/FreeTurn.patch
Creating struct: $BattlePerks
Creating struct: $FreeTurn
Global patch for 174D74 will be written to 174D74
Creating hook body for: 174D74
Global patch for 175B1C will be written to 175B1C
Creating hook body for: 175B1C
Reading patch file: globals/patch/GetPlayerFileName.patch
Creating struct: $CopiedFileName
Creating struct: $GetFileName
Creating struct: $API_StrCmp
Creating struct: $memCmp
Reading patch file: globals/patch/GlobalItemScript.patch
Global patch for 32579C will be written to 32579C
Reading patch for 32579C
Creating struct: $NewGlobalItemScript
Creating struct: $IsRemovalItem
Creating struct: $Function_EnforceFPLimit
Global patch for 3255B8 will be written to 3255B8
Creating hook body for: 3255B8
Creating struct: $ReplaceItem
Global patch for 3255D0 will be written to 3255D0
Creating hook body for: 3255D0
Reading patch file: globals/patch/GlobalMoveMods.patch
Global patch for 1A0828 will be written to 1A0828
Creating hook body for: 1A0828
Global patch for 1AD5D8 will be written to 1AD5D8
Creating hook body for: 1AD5D8
Global patch for 1A5BFC will be written to 1A5BFC
Reading patch for 1A5BFC
Global patch for 174E3C will be written to 174E3C
Reading patch for 174E3C
Global patch for 174E60 will be written to 174E60
Reading patch for 174E60
Global patch for 174E80 will be written to 174E80
Reading patch for 174E80
Global patch for 174E9C will be written to 174E9C
Creating hook body for: 174E9C
Global patch for 174DEC will be written to 174DEC
Creating hook body for: 174DEC
Global patch for 1A6294 will be written to 1A6294
Reading patch for 1A6294
Global patch for 193F7C will be written to 193F7C
Creating hook body for: 193F7C
Global patch for 1A0848 will be written to 1A0848
Creating hook body for: 1A0848
Global patch for 1AD290 will be written to 1AD290
Creating hook body for: 1AD290
Global patch for 17111C will be written to 17111C
Creating hook body for: 17111C
Global patch for 192F98 will be written to 192F98
Creating hook body for: 192F98
Global patch for 193704 will be written to 193704
Creating hook body for: 193704
Global patch for 1A60F0 will be written to 1A60F0
Creating hook body for: 1A60F0
Global patch for 1A60F8 will be written to 1A60F8
Reading patch for 1A60F8
Global patch for 194AB8 will be written to 194AB8
Creating hook body for: 194AB8
Global patch for 1A0974 will be written to 1A0974
Creating hook body for: 1A0974
Global patch for 1A09D0 will be written to 1A09D0
Creating hook body for: 1A09D0
Global patch for 1A0998 will be written to 1A0998
Reading patch for 1A0998
Global patch for 1A09F4 will be written to 1A09F4
Reading patch for 1A09F4
Global patch for 190388 will be written to 190388
Creating hook body for: 190388
Creating struct: $Icon_FPDrain
Creating struct: $Palette_FPDrain
Creating struct: $IconScript_FPDrainText
Global patch for 1B7644 will be written to 1B7644
Reading patch for 1B7644
Creating struct: $Script_PlayerHappy_Modified
Creating struct: $Icon_EasyFlee
Creating struct: $Palette_EasyFlee
Creating struct: $IconScript_EasyFlee
Global patch for 41C8A4 will be written to 41C8A4
Creating hook body for: 41C8A4
Creating struct: $EasyFleeData
Global patch for 1B519C will be written to 1B519C
Reading patch for 1B519C
Creating struct: $Script_RunawayModified
Global patch for 237BC will be written to 237BC
Creating hook body for: 237BC
Global patch for 1A5C88 will be written to 1A5C88
Creating hook body for: 1A5C88
Global patch for 1A5C98 will be written to 1A5C98
Reading patch for 1A5C98
Global patch for 16FDA0 will be written to 16FDA0
Creating hook body for: 16FDA0
Creating struct: $CurseMultiply
Creating struct: $GetCurseState
Creating struct: $Function_GetCurseState
Global patch for 1C9A0 will be written to 1C9A0
Reading patch for 1C9A0
Global patch for 1BC78 will be written to 1BC78
Reading patch for 1BC78
Global patch for 1AB310 will be written to 1AB310
Creating hook body for: 1AB310
Global patch for 1A5C28 will be written to 1A5C28
Reading patch for 1A5C28
Global patch for 1726E8 will be written to 1726E8
Creating hook body for: 1726E8
Creating struct: $HustleSpellCounter
Creating struct: $MagicBlastBool
Global patch for 1C938 will be written to 1C938
Creating hook body for: 1C938
Global patch for 176B14 will be written to 176B14
Creating hook body for: 176B14
Global patch for 41B6F0 will be written to 41B6F0
Creating hook body for: 41B6F0
Creating struct: $Icon_HPText
Creating struct: $Palette_HPText
Creating struct: $Palette_HPTextDark
Creating struct: $IconScript_HPText
Creating struct: $IconScript_HPTextDark
Creating struct: $Data_TurnsSinceUsedCoins
Creating struct: $Icon_CoinText
Creating struct: $Palette_CoinText
Creating struct: $Palette_CoinTextDark
Creating struct: $IconScript_CoinText
Creating struct: $IconScript_CoinTextDark
Global patch for 417E2C will be written to 417E2C
Creating hook body for: 417E2C
Global patch for 418E60 will be written to 418E60
Creating hook body for: 418E60
Global patch for 417E1C will be written to 417E1C
Creating hook body for: 417E1C
Global patch for 418EBC will be written to 418EBC
Creating hook body for: 418EBC
Creating struct: $StellarNovaBoolean
Creating struct: $DarkBeamBoolean
Global patch for 418D8C will be written to 418D8C
Creating hook body for: 418D8C
Global patch for 418DA0 will be written to 418DA0
Creating hook body for: 418DA0
Global patch for 41862C will be written to 41862C
Creating hook body for: 41862C
Global patch for 41865C will be written to 41865C
Creating hook body for: 41865C
Global patch for 4186DC will be written to 4186DC
Creating hook body for: 4186DC
Global patch for 419134 will be written to 419134
Creating hook body for: 419134
Global patch for 418D3C will be written to 418D3C
Creating hook body for: 418D3C
Global patch for 418D4C will be written to 418D4C
Creating hook body for: 418D4C
Global patch for 41861C will be written to 41861C
Creating hook body for: 41861C
Global patch for 41864C will be written to 41864C
Creating hook body for: 41864C
Global patch for 4186CC will be written to 4186CC
Creating hook body for: 4186CC
Global patch for 419124 will be written to 419124
Creating hook body for: 419124
Global patch for 41B2A8 will be written to 41B2A8
Creating hook body for: 41B2A8
Global patch for 41C160 will be written to 41C160
Creating hook body for: 41C160
Global patch for 41C1D0 will be written to 41C1D0
Creating hook body for: 41C1D0
Global patch for 1AF270 will be written to 1AF270
Creating hook body for: 1AF270
Global patch for 418DDC will be written to 418DDC
Creating hook body for: 418DDC
Global patch for 41D95C will be written to 41D95C
Creating hook body for: 41D95C
Global patch for 191EF0 will be written to 191EF0
Creating hook body for: 191EF0
Global patch for 19211C will be written to 19211C
Creating hook body for: 19211C
Global patch for 19231C will be written to 19231C
Creating hook body for: 19231C
Global patch for 19250C will be written to 19250C
Creating hook body for: 19250C
Global patch for 1A0968 will be written to 1A0968
Creating hook body for: 1A0968
Global patch for 1A620C will be written to 1A620C
Reading patch for 1A620C
Global patch for E25E58 will be written to E25E58
Reading patch for E25E58
Global patch for 1BB0C will be written to 1BB0C
Reading patch for 1BB0C
Global patch for 1C9F0 will be written to 1C9F0
Reading patch for 1C9F0
Global patch for 1BC68 will be written to 1BC68
Reading patch for 1BC68
Global patch for 1BE48 will be written to 1BE48
Reading patch for 1BE48
Global patch for 1D24C will be written to 1D24C
Reading patch for 1D24C
Global patch for 17018C will be written to 17018C
Reading patch for 17018C
Global patch for 19251C will be written to 19251C
Creating hook body for: 19251C
Global patch for 192524 will be written to 192524
Reading patch for 192524
Global patch for 192374 will be written to 192374
Creating hook body for: 192374
Global patch for 192168 will be written to 192168
Creating hook body for: 192168
Global patch for 191F38 will be written to 191F38
Creating hook body for: 191F38
Global patch for 41B1B8 will be written to 41B1B8
Creating hook body for: 41B1B8
Global patch for 1739F0 will be written to 1739F0
Reading patch for 1739F0
Creating struct: $FlowerPowerBool
Global patch for 241B4 will be written to 241B4
Reading patch for 241B4
Global patch for 23FB8 will be written to 23FB8
Reading patch for 23FB8
Global patch for 7F76C will be written to 7F76C
Creating hook body for: 7F76C
Global patch for E238E8 will be written to E238E8
Reading patch for E238E8
Global patch for E23B74 will be written to E23B74
Reading patch for E23B74
Global patch for E238F0 will be written to E238F0
Reading patch for E238F0
Global patch for E23B7C will be written to E23B7C
Reading patch for E23B7C
Global patch for 190698 will be written to 190698
Reading patch for 190698
Reading patch file: globals/patch/GLstuff.patch
Reading patch file: globals/patch/GravityExploration.patch
Reading patch file: globals/patch/HeartFlowerEffectExploration.patch
Reading patch file: globals/patch/HowDoThoseStupidLightningBoltsWork.patch
Reading patch file: globals/patch/HustlingEnemies.patch
Creating struct: $HustleTarget
Creating struct: $HustleTargetNoEffects
Global patch for 193F84 will be written to 193F84
Creating hook body for: 193F84
Global patch for 175C64 will be written to 175C64
Creating hook body for: 175C64
Global patch for 175BD4 will be written to 175BD4
Creating hook body for: 175BD4
Reading patch file: globals/patch/IncreaseMaxHealth.patch
Creating struct: $Function_SetAllHealth
Creating struct: $Function_SetAllHealth_B
Global patch for 16EA88 will be written to 16EA88
Creating hook body for: 16EA88
Global patch for 16E8FC will be written to 16E8FC
Reading patch for 16E8FC
Global patch for 180378 will be written to 180378
Reading patch for 180378
Global patch for 1A0CB8 will be written to 1A0CB8
Reading patch for 1A0CB8
Global patch for 1AD44C will be written to 1AD44C
Reading patch for 1AD44C
Global patch for 180444 will be written to 180444
Reading patch for 180444
Global patch for 1A0B7C will be written to 1A0B7C
Reading patch for 1A0B7C
Global patch for 1A0C34 will be written to 1A0C34
Reading patch for 1A0C34
Global patch for 1A0E9C will be written to 1A0E9C
Reading patch for 1A0E9C
Global patch for 1A5DE4 will be written to 1A5DE4
Reading patch for 1A5DE4
Global patch for 1A63B0 will be written to 1A63B0
Reading patch for 1A63B0
Global patch for 1A6424 will be written to 1A6424
Reading patch for 1A6424
Global patch for 1A6434 will be written to 1A6434
Reading patch for 1A6434
Global patch for 1A6460 will be written to 1A6460
Creating hook body for: 1A6460
Global patch for 1A6494 will be written to 1A6494
Reading patch for 1A6494
Global patch for 1AD3C4 will be written to 1AD3C4
Reading patch for 1AD3C4
Global patch for 1AD574 will be written to 1AD574
Reading patch for 1AD574
Global patch for 19C050 will be written to 19C050
Reading patch for 19C050
Global patch for 19C194 will be written to 19C194
Reading patch for 19C194
Global patch for 1A0CB4 will be written to 1A0CB4
Reading patch for 1A0CB4
Global patch for 1A0CC4 will be written to 1A0CC4
Reading patch for 1A0CC4
Global patch for 1AD448 will be written to 1AD448
Reading patch for 1AD448
Global patch for 19F908 will be written to 19F908
Reading patch for 19F908
Global patch for 19F924 will be written to 19F924
Reading patch for 19F924
Global patch for 19F92C will be written to 19F92C
Reading patch for 19F92C
Global patch for 1AAF00 will be written to 1AAF00
Reading patch for 1AAF00
Global patch for 1AAF1C will be written to 1AAF1C
Reading patch for 1AAF1C
Global patch for 1AAFFC will be written to 1AAFFC
Reading patch for 1AAFFC
Global patch for 1AB06C will be written to 1AB06C
Reading patch for 1AB06C
Global patch for 1A7024 will be written to 1A7024
Reading patch for 1A7024
Global patch for 1AD458 will be written to 1AD458
Reading patch for 1AD458
Global patch for 180374 will be written to 180374
Reading patch for 180374
Global patch for 1A7018 will be written to 1A7018
Reading patch for 1A7018
Global patch for 1A5B6C will be written to 1A5B6C
Reading patch for 1A5B6C
Reading patch file: globals/patch/ItemMods.patch
Global patch for 18FAF4 will be written to 18FAF4
Creating hook body for: 18FAF4
Global patch for 1B6968 will be written to 1B6968
Reading patch for 1B6968
Reading patch file: globals/patch/ItemSaving.patch
Creating struct: $SavedItems
Creating struct: $Function_SaveItems
Creating struct: $Function_LoadItems
Reading patch file: globals/patch/ItemTableRewriting.patch
Creating struct: $Entry16FData
Creating struct: $MagicConvertHPPlus
Creating struct: $MagicConvertHPDrain
Creating struct: $MagicConvertRefund
Creating struct: $MagicConvertEasyFlee
Creating struct: $CheckMagicConvertPeachItems
Creating struct: $MagicConvertPeachBakingItems
Creating struct: $ModifyEntry
Global patch for 8DF40 will be written to 8DF40
Creating hook body for: 8DF40
Creating struct: $MagicConvertKeyItems
Creating struct: $KeyItemReplaceTable
Creating struct: $MagicConvertConsumableItems
Creating struct: $ItemReplaceTable
Creating struct: $SetNameOfStarToken
Creating struct: $MagicConvertStellarCoins
Creating struct: $BadgeReplaceTable
Creating struct: $MagicConvertBadges
Creating struct: $MagicConvertCrazyFlower
Reading patch file: globals/patch/LightningEffectExploration.patch
Reading patch file: globals/patch/LuigiChallenge.patch
Creating struct: $Function_ActivateLuigiChallenge
Creating struct: $Function_IsLuigiChallengeAccepted
Creating struct: $IsLuigiChallengeAccepted
Global patch for 1AB208 will be written to 1AB208
Creating hook body for: 1AB208
Global patch for 13AF44 will be written to 13AF44
Creating hook body for: 13AF44
Global patch for 13B138 will be written to 13B138
Creating hook body for: 13B138
Global patch for 137B7C will be written to 137B7C
Creating hook body for: 137B7C
Global patch for 13A728 will be written to 13A728
Creating hook body for: 13A728
Global patch for 13ACE8 will be written to 13ACE8
Creating hook body for: 13ACE8
Global patch for 13AC84 will be written to 13AC84
Creating hook body for: 13AC84
Global patch for 13B7BC will be written to 13B7BC
Creating hook body for: 13B7BC
Global patch for 13B7E4 will be written to 13B7E4
Creating hook body for: 13B7E4
Reading patch file: globals/patch/MainMenuAlterations.patch
Creating struct: $Icon_BowserStencil
Creating struct: $Palette_BowserStencil
Creating struct: $IconScript_BowserStencil
Creating struct: $Icon_Emperor
Creating struct: $Palette_Emperor
Creating struct: $IconScript_Emperor
Creating struct: $Icon_DarkStar
Creating struct: $Palette_DarkStar
Creating struct: $IconScript_DarkStar
Creating struct: $Icon_QueenOfLight
Creating struct: $Palette_QueenOfLight
Creating struct: $IconScript_QueenOfLight
Creating struct: $Function_GetEndgameProgress
Creating struct: $Function_CalculateEndgameProgress
Creating struct: $CheckFullCompletion
Creating struct: $Has128Badges
Creating struct: $HasKeyItem
Global patch for 6BA0 will be written to 6BA0
Creating hook body for: 6BA0
Global patch for 8E8B4 will be written to 8E8B4
Creating hook body for: 8E8B4
Creating struct: $RainbowBox
Creating struct: $RainbowCounter
Creating struct: $Color1ATable
Creating struct: $Color1BTable
Creating struct: $Color2ATable
Creating struct: $Color2BTable
Reading patch file: globals/patch/MerleeGlobalChanges.patch
Global patch for 16F740 will be written to 16F740
Reading patch for 16F740
Global patch for 16F8BC will be written to 16F8BC
Reading patch for 16F8BC
Global patch for 172DC0 will be written to 172DC0
Creating hook body for: 172DC0
Global patch for 173550 will be written to 173550
Creating hook body for: 173550
Reading patch file: globals/patch/ModifyStatLimits.patch
Global patch for 0018D738 will be written to 18D738
Creating hook body for: 0018D738
Global patch for 0018D37C will be written to 18D37C
Creating hook body for: 0018D37C
Global patch for 0018DB00 will be written to 18DB00
Creating hook body for: 0018DB00
Global patch for 0018DD40 will be written to 18DD40
Creating hook body for: 0018DD40
Global patch for 0018DD8C will be written to 18DD8C
Creating hook body for: 0018DD8C
Global patch for 00080D58 will be written to 80D58
Reading patch for 00080D58
Global patch for 00080DA8 will be written to 80DA8
Reading patch for 00080DA8
Global patch for 0018E27C will be written to 18E27C
Reading patch for 0018E27C
Global patch for 0018E2E0 will be written to 18E2E0
Reading patch for 0018E2E0
Global patch for 0018E328 will be written to 18E328
Reading patch for 0018E328
Reading patch file: globals/patch/ModifyStatsBar.patch
Global patch for A2DC7 will be written to A2DC7
Reading patch for A2DC7
Creating struct: $CurrentLSIcon
Global patch for 81134 will be written to 81134
Creating hook body for: 81134
Creating struct: $HudElementScript_80108924
Global patch for 16CC6C will be written to 16CC6C
Creating hook body for: 16CC6C
Creating struct: $CreateIcon
Creating struct: $SetIconSize
Global patch for 000813BC will be written to 813BC
Creating hook body for: 000813BC
Global patch for 81C48 will be written to 81C48
Reading patch for 81C48
Global patch for 81D20 will be written to 81D20
Reading patch for 81D20
Global patch for 81C60 will be written to 81C60
Reading patch for 81C60
Global patch for 81D38 will be written to 81D38
Reading patch for 81D38
Global patch for 81C8C will be written to 81C8C
Reading patch for 81C8C
Global patch for 81D64 will be written to 81D64
Reading patch for 81D64
Global patch for 00139034 will be written to 139034
Creating hook body for: 00139034
Global patch for 00139084 will be written to 139084
Creating hook body for: 00139084
Global patch for 00139054 will be written to 139054
Creating hook body for: 00139054
Global patch for D7DB4 will be written to D7DB4
Reading patch for D7DB4
Global patch for D82CC will be written to D82CC
Reading patch for D82CC
Global patch for D82F0 will be written to D82F0
Reading patch for D82F0
Global patch for 81E30 will be written to 81E30
Creating hook body for: 81E30
Global patch for 8130C will be written to 8130C
Creating hook body for: 8130C
Reading patch file: globals/patch/MoonJump.patch
Global patch for 7C3C4 will be written to 7C3C4
Creating hook body for: 7C3C4
Reading patch file: globals/patch/MoveTableRewriting.patch
Creating struct: $OuttaSightAddress
Creating struct: $FlowerCoinsBPAddress
Creating struct: $SetFlowerCoinsCost
Creating struct: $AirLiftBool
Global patch for 192360 will be written to 192360
Creating hook body for: 192360
Global patch for 419304 will be written to 419304
Creating hook body for: 419304
Global patch for 191E60 will be written to 191E60
Creating hook body for: 191E60
Global patch for 19208C will be written to 19208C
Creating hook body for: 19208C
Reading patch file: globals/patch/NewGamePlus.patch
Creating struct: $CurseFlags
Global patch for 193DE8 will be written to 193DE8
Creating hook body for: 193DE8
Global patch for 1A6134 will be written to 1A6134
Creating hook body for: 1A6134
Creating struct: $Data_RedBar
Creating struct: $Data_GoldBar
Creating struct: $Data_CyanBar
Creating struct: $Data_LimeBar
Creating struct: $Data_MagentaBar
Creating struct: $Data_WhiteBar
Creating struct: $Data_BarPalettes
Global patch for 16CB74 will be written to 16CB74
Creating hook body for: 16CB74
Global patch for 16EC18 will be written to 16EC18
Creating hook body for: 16EC18
Global patch for 16EBC4 will be written to 16EBC4
Creating hook body for: 16EBC4
Creating struct: $Data_EmptyBarA
Creating struct: $Data_EmptyBarB
Creating struct: $Data_RedNumberPalette
Creating struct: $Data_GoldNumberPalette
Creating struct: $Data_CyanNumberPalette
Creating struct: $Data_GreenNumberPalette
Creating struct: $Data_PinkNumberPalette
Creating struct: $Data_WhiteNumberPalette
Creating struct: $Data_NumberPalettes
Reading patch file: globals/patch/NewSpriteEventFlags.patch
Global patch for 1A02E4 will be written to 1A02E4
Creating hook body for: 1A02E4
Global patch for 1A0474 will be written to 1A0474
Creating hook body for: 1A0474
Global patch for 1A0CAC will be written to 1A0CAC
Creating hook body for: 1A0CAC
Global patch for 1ACD00 will be written to 1ACD00
Creating hook body for: 1ACD00
Global patch for 1A0114 will be written to 1A0114
Creating hook body for: 1A0114
Global patch for 1A03DC will be written to 1A03DC
Creating hook body for: 1A03DC
Global patch for 1AC944 will be written to 1AC944
Creating hook body for: 1AC944
Global patch for 1AC9D4 will be written to 1AC9D4
Creating hook body for: 1AC9D4
Global patch for 1ACB7C will be written to 1ACB7C
Creating hook body for: 1ACB7C
Global patch for 1ACE80 will be written to 1ACE80
Creating hook body for: 1ACE80
Global patch for 1AD440 will be written to 1AD440
Creating hook body for: 1AD440
Global patch for 1801A0 will be written to 1801A0
Creating hook body for: 1801A0
Global patch for 18036C will be written to 18036C
Creating hook body for: 18036C
Global patch for 180384 will be written to 180384
Reading patch for 180384
Reading patch file: globals/patch/NinthPartner.patch
Global patch for 4202D8 will be written to 4202D8
Reading patch for 4202D8
Global patch for 420310 will be written to 420310
Reading patch for 420310
Global patch for 1934A0 will be written to 1934A0
Creating hook body for: 1934A0
Creating struct: $PartnerImage_Raster
Creating struct: $PartnerImage_Palette
Reading patch file: globals/patch/NoGoompaInPauseMenu.patch
Global patch for 13F474 will be written to 13F474
Creating hook body for: 13F474
Reading patch file: globals/patch/OneByteItems.patch
Creating struct: $InventoryFlag
Global patch for 80118 will be written to 80118
Reading patch for 80118
Global patch for 80180 will be written to 80180
Reading patch for 80180
Global patch for 80188 will be written to 80188
Reading patch for 80188
Global patch for 80A4C will be written to 80A4C
Creating hook body for: 80A4C
Global patch for 80A78 will be written to 80A78
Reading patch for 80A78
Global patch for 80AAC will be written to 80AAC
Reading patch for 80AAC
Global patch for 80ABC will be written to 80ABC
Reading patch for 80ABC
Global patch for 80AC4 will be written to 80AC4
Reading patch for 80AC4
Global patch for 80AE0 will be written to 80AE0
Creating hook body for: 80AE0
Global patch for 80B48 will be written to 80B48
Reading patch for 80B48
Global patch for 80B50 will be written to 80B50
Reading patch for 80B50
Global patch for 80B58 will be written to 80B58
Reading patch for 80B58
Global patch for 80B60 will be written to 80B60
Reading patch for 80B60
Global patch for 80B64 will be written to 80B64
Reading patch for 80B64
Global patch for 80B7C will be written to 80B7C
Reading patch for 80B7C
Global patch for 80C74 will be written to 80C74
Reading patch for 80C74
Global patch for 80CD4 will be written to 80CD4
Reading patch for 80CD4
Global patch for 80CE4 will be written to 80CE4
Reading patch for 80CE4
Global patch for 80CEC will be written to 80CEC
Reading patch for 80CEC
Global patch for 80D08 will be written to 80D08
Reading patch for 80D08
Global patch for 838DC will be written to 838DC
Reading patch for 838DC
Global patch for 838E8 will be written to 838E8
Reading patch for 838E8
Global patch for 8393C will be written to 8393C
Reading patch for 8393C
Global patch for CC040 will be written to CC040
Creating hook body for: CC040
Global patch for CC064 will be written to CC064
Reading patch for CC064
Global patch for CC070 will be written to CC070
Reading patch for CC070
Global patch for CC768 will be written to CC768
Reading patch for CC768
Global patch for CC790 will be written to CC790
Reading patch for CC790
Global patch for CC7B4 will be written to CC7B4
Reading patch for CC7B4
Global patch for CC7BC will be written to CC7BC
Reading patch for CC7BC
Global patch for CC944 will be written to CC944
Reading patch for CC944
Global patch for CC948 will be written to CC948
Reading patch for CC948
Global patch for CC950 will be written to CC950
Creating hook body for: CC950
Global patch for 13D854 will be written to 13D854
Reading patch for 13D854
Global patch for 13D858 will be written to 13D858
Reading patch for 13D858
Global patch for 13D870 will be written to 13D870
Reading patch for 13D870
Global patch for 13D878 will be written to 13D878
Reading patch for 13D878
Global patch for 18FB34 will be written to 18FB34
Reading patch for 18FB34
Global patch for 191C30 will be written to 191C30
Reading patch for 191C30
Global patch for 191C8C will be written to 191C8C
Reading patch for 191C8C
Global patch for 191C94 will be written to 191C94
Reading patch for 191C94
Global patch for 191C58 will be written to 191C58
Reading patch for 191C58
Global patch for 1967F8 will be written to 1967F8
Reading patch for 1967F8
Global patch for 196800 will be written to 196800
Reading patch for 196800
Global patch for 196804 will be written to 196804
Reading patch for 196804
Global patch for 7E182C will be written to 7E182C
Reading patch for 7E182C
Global patch for 7E1838 will be written to 7E1838
Reading patch for 7E1838
Global patch for 7E1840 will be written to 7E1840
Reading patch for 7E1840
Global patch for 7E187C will be written to 7E187C
Reading patch for 7E187C
Global patch for 7E18E4 will be written to 7E18E4
Reading patch for 7E18E4
Global patch for 7E1DD0 will be written to 7E1DD0
Reading patch for 7E1DD0
Global patch for 7E1DD8 will be written to 7E1DD8
Reading patch for 7E1DD8
Global patch for 7E1E78 will be written to 7E1E78
Reading patch for 7E1E78
Global patch for 7E1E84 will be written to 7E1E84
Reading patch for 7E1E84
Global patch for 7E1E94 will be written to 7E1E94
Reading patch for 7E1E94
Global patch for 7E1EA0 will be written to 7E1EA0
Reading patch for 7E1EA0
Global patch for 7E1FD8 will be written to 7E1FD8
Reading patch for 7E1FD8
Global patch for 7E1FE4 will be written to 7E1FE4
Reading patch for 7E1FE4
Global patch for 7E1FF4 will be written to 7E1FF4
Reading patch for 7E1FF4
Global patch for 7E1FFC will be written to 7E1FFC
Reading patch for 7E1FFC
Global patch for 7E2130 will be written to 7E2130
Reading patch for 7E2130
Global patch for 7E213C will be written to 7E213C
Reading patch for 7E213C
Global patch for 7E214C will be written to 7E214C
Reading patch for 7E214C
Global patch for 7E2154 will be written to 7E2154
Reading patch for 7E2154
Global patch for 41B0F4 will be written to 41B0F4
Reading patch for 41B0F4
Global patch for 41B108 will be written to 41B108
Reading patch for 41B108
Global patch for 41B128 will be written to 41B128
Reading patch for 41B128
Global patch for 41B130 will be written to 41B130
Reading patch for 41B130
Global patch for 41BB68 will be written to 41BB68
Reading patch for 41BB68
Global patch for 41BBA8 will be written to 41BBA8
Reading patch for 41BBA8
Global patch for 41BBC8 will be written to 41BBC8
Reading patch for 41BBC8
Global patch for 41BC0C will be written to 41BC0C
Reading patch for 41BC0C
Global patch for 41BC14 will be written to 41BC14
Reading patch for 41BC14
Global patch for 41BE38 will be written to 41BE38
Reading patch for 41BE38
Global patch for 41BE78 will be written to 41BE78
Reading patch for 41BE78
Global patch for 41BE98 will be written to 41BE98
Reading patch for 41BE98
Global patch for 41BEDC will be written to 41BEDC
Reading patch for 41BEDC
Global patch for 41BEE4 will be written to 41BEE4
Reading patch for 41BEE4
Global patch for 41C418 will be written to 41C418
Reading patch for 41C418
Global patch for 41C458 will be written to 41C458
Reading patch for 41C458
Global patch for 41C478 will be written to 41C478
Reading patch for 41C478
Global patch for 41C4BC will be written to 41C4BC
Reading patch for 41C4BC
Global patch for 41C4C4 will be written to 41C4C4
Reading patch for 41C4C4
Global patch for 41DB40 will be written to 41DB40
Reading patch for 41DB40
Global patch for 41DB74 will be written to 41DB74
Reading patch for 41DB74
Global patch for 41DB9C will be written to 41DB9C
Reading patch for 41DB9C
Global patch for 41DBA4 will be written to 41DBA4
Reading patch for 41DBA4
Global patch for FB250 will be written to FB250
Reading patch for FB250
Global patch for FB098 will be written to FB098
Reading patch for FB098
Global patch for FB0D8 will be written to FB0D8
Reading patch for FB0D8
Global patch for FB11C will be written to FB11C
Reading patch for FB11C
Global patch for FB124 will be written to FB124
Reading patch for FB124
Global patch for FB1CC will be written to FB1CC
Reading patch for FB1CC
Global patch for FB1D8 will be written to FB1D8
Reading patch for FB1D8
Global patch for FB500 will be written to FB500
Reading patch for FB500
Global patch for FB508 will be written to FB508
Reading patch for FB508
Global patch for FB510 will be written to FB510
Reading patch for FB510
Global patch for FB518 will be written to FB518
Reading patch for FB518
Global patch for FB58C will be written to FB58C
Reading patch for FB58C
Global patch for FB594 will be written to FB594
Reading patch for FB594
Global patch for FB59C will be written to FB59C
Reading patch for FB59C
Global patch for FB5A4 will be written to FB5A4
Reading patch for FB5A4
Global patch for FB5BC will be written to FB5BC
Reading patch for FB5BC
Global patch for FB5C4 will be written to FB5C4
Reading patch for FB5C4
Reading patch file: globals/patch/PartnerActionExploration.patch
Reading patch file: globals/patch/PeachForceItems.patch
Creating struct: $Script_PeachForceFlags
Reading patch file: globals/patch/PowerBounce.patch
Creating struct: $IsPowerOrMegaBounce
Global patch for 1A0BE0 will be written to 1A0BE0
Creating hook body for: 1A0BE0
Global patch for 1A0BE8 will be written to 1A0BE8
Reading patch for 1A0BE8
Global patch for 1AD368 will be written to 1AD368
Creating hook body for: 1AD368
Global patch for 1AD370 will be written to 1AD370
Reading patch for 1AD370
Creating struct: $IntTable_StartingJumpCount
Reading patch file: globals/patch/RainbowStone.patch
Global patch for 7C3CC will be written to 7C3CC
Creating hook body for: 7C3CC
Global patch for E26560 will be written to E26560
Creating hook body for: E26560
Creating struct: $RainbowStoneCheats
Reading patch file: globals/patch/RecipeCounter.patch
Creating struct: $GlobalRecipeFlagTable
Creating struct: $GlobalRecipeOutputTable
Creating struct: $GlobalRecipeTable
Creating struct: $Function_CountRecipes
Creating struct: $CountRecipes
Creating struct: $Function_SetAllRecipeFlags
Creating struct: $Function_NegateAllRecipeFlags
Creating struct: $FindUnusedRecipeItem
Creating struct: $FindUnusedRecipeIngredient1
Creating struct: $FindUnusedRecipeIngredient2
Creating struct: $Function_UnusedItem
Creating struct: $Function_UnusedItemIngredient1
Creating struct: $Function_UnusedItemIngredient2
Reading patch file: globals/patch/RowfBadgeFix.patch
Global patch for 7E159C will be written to 7E159C
Creating hook body for: 7E159C
Global patch for 7E15EC will be written to 7E15EC
Creating hook body for: 7E15EC
Reading patch file: globals/patch/SoundExploration.patch
Global patch for E168C will be written to E168C
Creating hook body for: E168C
Reading patch file: globals/patch/SpriteReplacer.patch
Global patch for 101BFC will be written to 101BFC
Creating hook body for: 101BFC
Global patch for 10139C will be written to 10139C
Creating hook body for: 10139C
Global patch for 10216C will be written to 10216C
Creating hook body for: 10216C
Reading patch file: globals/patch/StarTempleHeartBlock.patch
Global patch for 106864 will be written to 106864
Creating hook body for: 106864
Creating struct: $StarPowerRemoval
Reading patch file: globals/patch/StatusChanges.patch
Global patch for 1948D0 will be written to 1948D0
Creating hook body for: 1948D0
Global patch for 19553C will be written to 19553C
Creating hook body for: 19553C
Global patch for 195544 will be written to 195544
Reading patch for 195544
Global patch for 170DB4 will be written to 170DB4
Creating hook body for: 170DB4
Global patch for 171BB4 will be written to 171BB4
Creating hook body for: 171BB4
Global patch for 194974 will be written to 194974
Creating hook body for: 194974
Creating struct: $Function_WakeUp
Global patch for 1AAE00 will be written to 1AAE00
Creating hook body for: 1AAE00
Global patch for 175C8C will be written to 175C8C
Reading patch for 175C8C
Global patch for 171A74 will be written to 171A74
Creating hook body for: 171A74
Creating struct: $TempActorPointer
Global patch for 1A5AD8 will be written to 1A5AD8
Creating hook body for: 1A5AD8
Global patch for 1A5C50 will be written to 1A5C50
Reading patch for 1A5C50
Global patch for 1A5BE0 will be written to 1A5BE0
Reading patch for 1A5BE0
Global patch for 1A5BEC will be written to 1A5BEC
Reading patch for 1A5BEC
Global patch for 1A5BF4 will be written to 1A5BF4
Reading patch for 1A5BF4
Global patch for 1951C0 will be written to 1951C0
Reading patch for 1951C0
Global patch for 4C790 will be written to 4C790
Creating hook body for: 4C790
Global patch for 41A60C will be written to 41A60C
Reading patch for 41A60C
Global patch for 17104C will be written to 17104C
Creating hook body for: 17104C
Global patch for 1A00A4 will be written to 1A00A4
Creating hook body for: 1A00A4
Global patch for 1A6654 will be written to 1A6654
Creating hook body for: 1A6654
Global patch for 1A666C will be written to 1A666C
Reading patch for 1A666C
Reading patch file: globals/patch/StellarNova.patch
Global patch for 41C350 will be written to 41C350
Creating hook body for: 41C350
Creating struct: $StellarNovaTemp
Global patch for 41B2FC will be written to 41B2FC
Creating hook body for: 41B2FC
Global patch for 41B398 will be written to 41B398
Creating hook body for: 41B398
Global patch for 41B440 will be written to 41B440
Creating hook body for: 41B440
Reading patch file: globals/patch/Superguarding.patch
Creating struct: $OriginalFunctionTesting
Creating struct: $NewFunctionTesting
Global patch for 1A62A4 will be written to 1A62A4
Reading patch for 1A62A4
Global patch for 195200 will be written to 195200
Creating hook body for: 195200
Creating struct: $FlagForButtonPressed
Global patch for 1A6310 will be written to 1A6310
Creating hook body for: 1A6310
Reading patch file: globals/patch/TattleSwitch.patch
Creating struct: $Function_SetTattle
Creating struct: $Function_SetTattle_B
Creating struct: $Function_SetTattle_C
Creating struct: $Function_SetName
Creating struct: $Function_SetName_B
Creating struct: $Function_SetName_C
Creating struct: $PopTattles
Creating struct: $PopNames
Creating struct: $FindName
Creating struct: $AddToNamePushTable
Creating struct: $PopFromNamePushTable
Creating struct: $FindTattle
Creating struct: $AddToTattlePushTable
Creating struct: $PopFromTattlePushTable
Creating struct: $TattlePushTable
Creating struct: $NamePushTable
Reading patch file: globals/patch/TurnScript.patch
Creating struct: $EnableAutoBlock
Creating struct: $ItemCostReductionData
Creating struct: $EternalCostIncreases
Creating struct: $MiracleJellyData
Creating struct: $TurnCountList
Creating struct: $AntiHustleToken
Global patch for 170E04 will be written to 170E04
Creating hook body for: 170E04
Creating struct: $Function_LoseAttackEffect
Creating struct: $Function_LoseDefenseEffect
Creating struct: $Function_LoseSaverEffect
Global patch for 1720D0 will be written to 1720D0
Creating hook body for: 1720D0
Global patch for ED94 will be written to ED94
Creating hook body for: ED94
Creating struct: $FrameTimer
Creating struct: $LoseHealthOverTime
Creating struct: $GetAreaVar
Creating struct: $Function_AddCoinTurns
Creating struct: $Function_ApplyHustle
Creating struct: $CustomItemEffects
Creating struct: $EnviroScript
Creating struct: $Function_DecrementAttack
Creating struct: $Function_DecrementDefense
Creating struct: $Function_DownwardArrow
Creating struct: $Function_DebuffEffectOrange
Creating struct: $Function_DebuffEffectBlue
Creating struct: $Function_DebuffEffectDarkGreen
Creating struct: $FirstTimeText
Creating struct: $TurnScript
Global patch for 175328 will be written to 175328
Creating hook body for: 175328
Reading patch file: globals/patch/UtilityFunctions.patch
Creating struct: $RandomBattleData
Creating struct: $IsBadgeEquipped
Creating struct: $Function_GetPlayerDataByte
Creating struct: $Function_GetBattleDataByte
Creating struct: $Function_GetArbitraryByte
Creating struct: $Function_GetArbitraryShort
Creating struct: $Function_GetArbitraryWord
Creating struct: $Function_SetArbitraryByte
Creating struct: $Function_SetArbitraryShort
Creating struct: $Function_SetArbitraryWord
Global patch for 19E918 will be written to 19E918
Reading patch for 19E918
Global patch for 19EDB8 will be written to 19EDB8
Reading patch for 19EDB8
Creating struct: $Function_GetMarioMaxHP
Creating struct: $Function_GetMarioMaxFP
Creating struct: $Function_GetMarioFP
Creating struct: $Function_CheckBadge
Creating struct: $Function_CheckAbility
Creating struct: $Function_CalculateAttack
Creating struct: $Function_CalculateDefense
Reading patch file: globals/patch/WarpStone.patch
Creating struct: $WarpsValueTable
Creating struct: $TravelTextPointers
Creating struct: $DynamicallyGeneratedWarpValues
Creating struct: $DynamicallyGeneratedTextPointers
Creating struct: $ToadTownText
Creating struct: $KoopaBrosFortressText
Creating struct: $DryDryRuinsText
Creating struct: $BoosMansionText
Creating struct: $TubbasCastleText
Creating struct: $ToyBoxText
Creating struct: $MtLavaLavaText
Creating struct: $FlowerFieldsText
Creating struct: $CrystalPalaceText
Creating struct: $BowsersCastleText
Creating struct: $PeachsCastleText
Creating struct: $ToadTownValues
Creating struct: $KoopaBrosFortressValues
Creating struct: $DryDryRuinsValues
Creating struct: $BoosMansionValues
Creating struct: $TubbasCastleValues
Creating struct: $ToyBoxValues
Creating struct: $MtLavaLavaValues
Creating struct: $FlowerFieldsValues
Creating struct: $CrystalPalaceValues
Creating struct: $BowsersCastleValues
Creating struct: $PeachsCastleValues
Creating struct: $ValueForTesting
Creating struct: $CursorAnimation
Creating struct: $YPosCursor
Creating struct: $AFlag
Creating struct: $DrawMenuBox
Creating struct: $DrawingMenuBoxCursor
Creating struct: $FlagFlipper
Creating struct: $LockPlayerMovement
Creating struct: $UnlockPlayerMovement
Creating struct: $GiveMarioInvisibiltyToEnemies
Creating struct: $RemoveMarioInvisibilityToEnemies
Creating struct: $StoreNumberofPointersFromDynamicWarpMenu
Creating struct: $AmountOfPointersToLoad
Creating struct: $MainAnimation
Creating struct: $CalcCursorIntPos
Creating struct: $MoveCursor
Creating struct: $PrintTravelMenu
Creating struct: $WarpFunction
Creating struct: $ReturnIndexFromValueTable
Global patch for 7A398 will be written to 7A398
Creating hook body for: 7A398
Global patch for 11554 will be written to 11554
Creating hook body for: 11554
Global patch for 11608 will be written to 11608
Creating hook body for: 11608
Creating struct: $ParasolIcon
Creating struct: $ParasolPalette
Creating struct: $ParasolVertexList
Creating struct: $DisplayList_Parasol
Creating struct: $DLScript
Creating struct: $ButtonCheck
Creating struct: $CloseMenu
Creating struct: $LoadMenuBool
Creating struct: $ParasolActive
Creating struct: $GlobalInRoom
Creating struct: $ClearDynamicMenus
Creating struct: $ANDBitsTable1
Creating struct: $ANDBitsTable2
Creating struct: $GenerateDynamicWarpMenu
Reading patch file: globals/patch/WillThisWork.patch
Reading patch file: globals/patch/WorldMapExpansion.patch
Reading patch file: globals/patch/WriteIntoDMACopy.patch
Global patch for 163400 will be written to 163400
Creating hook body for: 163400
Reading patch file: globals/patch/YellowShockwaveExploration.patch
$HookBody_ExtendedGlobals_0066D0 will be placed at 804310E0 (28310E0)
$HookBody_ExtendedGlobals_0DBC38 will be placed at 804311A0 (28311A0)
$HookBody_ExtendedGlobals_0DBAE0 will be placed at 804311E0 (28311E0)
$HookBody_ExtendedGlobals_006554 will be placed at 804312C0 (28312C0)
$HookBody_ExtendedGlobals_006774 will be placed at 80431440 (2831440)
$HookBody_ExtendedGlobals_0DBB50 will be placed at 80431510 (2831510)
$HookBody_ExtendedGlobals_0DBBBC will be placed at 804315F0 (28315F0)
$HookBody_ExtendedGlobals_0DBA88 will be placed at 80431680 (2831680)
$HookBody_ExtendedGlobals_0DBC20 will be placed at 804316E0 (28316E0)
$HookBody_ExtendedScripts_0E84E4 will be placed at 80431750 (2831750)
$HookBody_ExtendedScripts_0E7EA8 will be placed at 80431770 (2831770)
$HookBody_ExtendedScripts_0EC700 will be placed at 80431790 (2831790)
$HookBody_ExtendedScripts_0ED204 will be placed at 80431840 (2831840)
$TempBase will be placed at 80431910 (2831910)
$HookBody_ExtendedScripts_0E8A08 will be placed at 80432110 (2832110)
$GetDebugValue will be placed at 80432150 (2832150)
$GetDynamicVarPointer will be placed at 80432170 (2832170)
$DebugBase will be placed at 80432270 (2832270)
$HookBody_ExtendedScripts_0E82C8 will be placed at 804322B0 (28322B0)
$HookBody_ExtendedScripts_0ECDAC will be placed at 804322D0 (28322D0)
$HookBody_ExtendedScripts_0ECFCC will be placed at 80432390 (2832390)
$HookBody_ExtendedScripts_0E809C will be placed at 80432440 (2832440)
$GetDebugValueType will be placed at 80432460 (2832460)
$contextual_heap_realloc will be placed at 80432480 (2832480)
$TextBorderGraphics will be placed at 804324D0 (28324D0)
$EntityColliderVertices will be placed at 80432550 (2832550)
$EntityColliderFaces will be placed at 804325F0 (28325F0)
$StringVarBuffers will be placed at 80432640 (2832640)
$HookBody_IsAbilityActive_0831F8 will be placed at 80432740 (2832740)
$AutoIsAbilityActive will be placed at 804327D0 (28327D0)
$IsAbilityActive_JumpTable will be placed at 80432B00 (2832B00)
$LoadHudElem_Jump_Handler will be placed at 80432BE0 (2832BE0)
$UpdateHudElem_Jump_Handler will be placed at 80432BF0 (2832BF0)
$ASCIItoPM will be placed at 80432C10 (2832C10)
$DummyEncounter will be placed at 80432C60 (2832C60)
$mainMenuFullRestore will be placed at 80432CC0 (2832CC0)
$strHeapWorld will be placed at 80432CD0 (2832CD0)
$fmtStageName will be placed at 80432CE0 (2832CE0)
$DebugBattleID will be placed at 80432CF0 (2832CF0)
$arrowUp will be placed at 80432D00 (2832D00)
$strGearTitle will be placed at 80432D10 (2832D10)
$Debug_LogSetModByte will be placed at 80432D20 (2832D20)
$NavigateHalf will be placed at 80432D30 (2832D30)
$mainMenuEditInventory will be placed at 80432D90 (2832D90)
$HookBody_DebugInfo_009124 will be placed at 80432DB0 (2832DB0)
$HookBody_DebugInfo_01AE78 will be placed at 80432DE0 (2832DE0)
$Debug_LogSetVar will be placed at 80432E10 (2832E10)
$fmtAction will be placed at 80432E80 (2832E80)
$mainMenuPlaySound will be placed at 80432EA0 (2832EA0)
$strHeapSprite will be placed at 80432EB0 (2832EB0)
$HookBody_DebugInfo_16FBB0 will be placed at 80432EC0 (2832EC0)
$UpdateEditStats will be placed at 80432F30 (2832F30)
$HookBody_DebugInfo_082758 will be placed at 80433290 (2833290)
$QuickSaveOptions will be placed at 804332B0 (28332B0)
$strMaxBP will be placed at 804332C0 (28332C0)
$UpdateEditStarPieces will be placed at 804332D0 (28332D0)
$UpdateEditKeys will be placed at 804333D0 (28333D0)
$CustomStyle will be placed at 804333F0 (28333F0)
$fmtDebugVar will be placed at 80433430 (2833430)
$UpdateAreaSelect will be placed at 80433440 (2833440)
$VertexBuffer will be placed at 80433650 (2833650)
$strEntry will be placed at 80443650 (2843650)
$PlayerStatsData will be placed at 80443660 (2843660)
$PrintDebugMain will be placed at 80443680 (2843680)
$strStarPiecesTitle will be placed at 80443810 (2843810)
$UpdateEditItemList will be placed at 80443820 (2843820)
$SplitDecimal will be placed at 804439D0 (28439D0)
$PrintDetailedInfo will be placed at 80443A10 (2843A10)
$fmtHalf will be placed at 80443D70 (2843D70)
$DrawItems will be placed at 80443D80 (2843D80)
$NavigateHorizontalWrappedMenu1D will be placed at 80444000 (2844000)
$mainSetStory will be placed at 80444050 (2844050)
$SplitWord will be placed at 80444070 (2844070)
$strInventoryBadges will be placed at 804440E0 (28440E0)
$strSpirits will be placed at 804440F0 (28440F0)
$strStarPointsTitle will be placed at 80444100 (2844100)
$NavigateWrappedMenu2D_ColumnMajor will be placed at 80444110 (2844110)
$strUnderConstruction will be placed at 80444210 (2844210)
$PrintHeapUsage will be placed at 80444220 (2844220)
$HookBody_DebugInfo_019C9C will be placed at 80444310 (2844310)
$strValue will be placed at 80444340 (2844340)
$MainMenuOptions will be placed at 80444350 (2844350)
$fmtMapName will be placed at 80444380 (2844380)
$strHeapBattle will be placed at 80444390 (2844390)
$VariableLog will be placed at 804443A0 (28443A0)
$JoinWord will be placed at 80444470 (2844470)
$strCoinsTitle will be placed at 804444E0 (28444E0)
$EditWord will be placed at 804444F0 (28444F0)
$MainMenuJumpTable will be placed at 80444500 (2844500)
$strStatsTitle will be placed at 80444530 (2844530)
$VariableLogPos will be placed at 80444540 (2844540)
$strWatchTitle will be placed at 80444550 (2844550)
$PlayerGearData will be placed at 80444560 (2844560)
$BuildColliderDL will be placed at 80444570 (2844570)
$strStopSound will be placed at 80444760 (2844760)
$UpdateEditCoins will be placed at 80444770 (2844770)
$DrawMenuBox will be placed at 80444860 (2844860)
$strItemsTitle will be placed at 804448D0 (28448D0)
$strGodMode will be placed at 804448E0 (28448E0)
$strMaxFP will be placed at 804448F0 (28448F0)
$fmtFloat will be placed at 80444900 (2844900)
$DebugStageName will be placed at 80444910 (2844910)
$mainMenuEditPartners will be placed at 80444930 (2844930)
$EditInventoryOptions will be placed at 80444940 (2844940)
$CylinderDL will be placed at 80444960 (2844960)
$UpdateSubMenu will be placed at 804449E0 (28449E0)
$strPos will be placed at 80444A60 (2844A60)
$UpdateButtons will be placed at 80444A70 (2844A70)
$VertexBufferCount will be placed at 80444BA0 (2844BA0)
$ShouldHighlight will be placed at 80444BB0 (2844BB0)
$Off will be placed at 80444C00 (2844C00)
$UpdateEditItems will be placed at 80444C10 (2844C10)
$HookBody_DebugInfo_04E090 will be placed at 80444C30 (2844C30)
$HookBody_DebugInfo_1AE700 will be placed at 80444C70 (2844C70)
$MemoryData will be placed at 80444CA0 (2844CA0)
$Subscription_DebugInfo_RenderGeometry_23683FF591B0C will be placed at 80444CB0 (2844CB0)
$NavigateVerticalWrappedMenu1D will be placed at 80444D90 (2844D90)
$NavigateWrappedMenu2D will be placed at 80444DE0 (2844DE0)
$strMaxHP will be placed at 80444EE0 (2844EE0)
$ButtonMask will be placed at 80444EF0 (2844EF0)
$mainMenuViewCollision will be placed at 80444F30 (2844F30)
$strQuickCancel will be placed at 80444F50 (2844F50)
$arrowRight will be placed at 80444F60 (2844F60)
$JoinDecimal will be placed at 80444F70 (2844F70)
$DoEditHalf will be placed at 80444FB0 (2844FB0)
$UpdateEditInventory will be placed at 80445000 (2845000)
$mainMenuEditRAM will be placed at 80445140 (2845140)
$HookBody_DebugInfo_01CD9C will be placed at 80445150 (2845150)
$ItemsData will be placed at 80445400 (2845400)
$UpdatePlaySound will be placed at 80445510 (2845510)
$strLevel will be placed at 804455C0 (28455C0)
$fmtBattle will be placed at 804455D0 (28455D0)
$AddVertexSimple will be placed at 804455F0 (28455F0)
$strInvalidData will be placed at 80445630 (2845630)
$DoEditDecimal will be placed at 80445640 (2845640)
$CollisionData will be placed at 804456A0 (28456A0)
$PrintBasicInfo will be placed at 804456B0 (28456B0)
$UpdateQuickSave will be placed at 804458D0 (28458D0)
$strInventoryItems will be placed at 80445A80 (2845A80)
$DummyDropTable will be placed at 80445A90 (2845A90)
$fmtMemoryRow will be placed at 80445B50 (2845B50)
$NavigateHorizontalMenu1D will be placed at 80445B60 (2845B60)
$WarpToMap will be placed at 80445BB0 (2845BB0)
$fmtHeapUsage will be placed at 80445C20 (2845C20)
$strItemEmpty will be placed at 80445C30 (2845C30)
$On will be placed at 80445C40 (2845C40)
$arrowLeft will be placed at 80445C50 (2845C50)
$JoinHalf will be placed at 80445C60 (2845C60)
$UpdateStoryProgress will be placed at 80445CA0 (2845CA0)
$fmtScriptCount will be placed at 80445E60 (2845E60)
$HookBody_DebugInfo_035BF0 will be placed at 80445E80 (2845E80)
$DisplayList will be placed at 80445EE0 (2845EE0)
$NpcMatrices will be placed at 8044DEE0 (284DEE0)
$mainMenuQuickSave will be placed at 8044EEE0 (284EEE0)
$strInventoryGear will be placed at 8044EEF0 (284EEF0)
$UpdateVarConsole will be placed at 8044EF00 (284EF00)
$mainMenuMapSelect will be placed at 8044F070 (284F070)
$strSoundID will be placed at 8044F080 (284F080)
$NavigateVerticalWrappedMenu1D_Reversed will be placed at 8044F090 (284F090)
$strPlaySound will be placed at 8044F0E0 (284F0E0)
$fmtPercent will be placed at 8044F0F0 (284F0F0)
$fmtGameFlag will be placed at 8044F100 (284F100)
$EditHalf will be placed at 8044F120 (284F120)
$strHeapCollision will be placed at 8044F130 (284F130)
$strInventoryStarPoints will be placed at 8044F140 (284F140)
$DummyEnemy will be placed at 8044F150 (284F150)
$UpdateEditStarPoints will be placed at 8044F240 (284F240)
$BuildTriangleSimple will be placed at 8044F340 (284F340)
$strFormation will be placed at 8044F470 (284F470)
$strMemoryTitle will be placed at 8044F480 (284F480)
$fmtEntry will be placed at 8044F490 (284F490)
$fmtWord will be placed at 8044F4A0 (284F4A0)
$UpdateEntrySelect will be placed at 8044F4B0 (284F4B0)
$strInvalidAddress will be placed at 8044F5F0 (284F5F0)
$DrawEditDecimal will be placed at 8044F610 (284F610)
$UpdateSoundMenu will be placed at 8044F700 (284F700)
$UpdateMapSelect will be placed at 8044F890 (284F890)
$UpdateEditBadges will be placed at 8044FB70 (284FB70)
$DrawEditHalf will be placed at 8044FB90 (284FB90)
$DrawStringASCII will be placed at 8044FC80 (284FC80)
$strHeapTitle will be placed at 8044FD00 (284FD00)
$StartDebugBattle will be placed at 8044FD10 (284FD10)
$SplitHalf will be placed at 8044FDE0 (284FDE0)
$strQuickSave will be placed at 8044FE20 (284FE20)
$fmtByte will be placed at 8044FE30 (284FE30)
$Debug_LogSetGameByte will be placed at 8044FE40 (284FE40)
$DrawStringID will be placed at 8044FE50 (284FE50)
$NoTextureSetup will be placed at 8044FF00 (284FF00)
$Debug_LogSetGlobalFlag will be placed at 8044FF30 (284FF30)
$UpdateBattleSelect will be placed at 8044FF40 (284FF40)
$fmtModFlag will be placed at 804501B0 (28501B0)
$arrowDown will be placed at 804501C0 (28501C0)
$fmtDigit will be placed at 804501D0 (28501D0)
$DrawSpecialStringASCII will be placed at 804501E0 (28501E0)
$Debug_LogSetModFlag will be placed at 80450270 (2850270)
$fmtInteger will be placed at 80450280 (2850280)
$UpdateEditGear will be placed at 80450290 (2850290)
$DebugMapName will be placed at 80450450 (2850450)
$DoEditWord will be placed at 80450460 (2850460)
$strInventoryCoins will be placed at 804504B0 (28504B0)
$strGearBoots will be placed at 804504C0 (28504C0)
$UpdateEditPartners will be placed at 804504D0 (28504D0)
$strInventoryStarPieces will be placed at 80450750 (2850750)
$CheckHeapUsage will be placed at 80450760 (2850760)
$UpdateMainMenu will be placed at 80450790 (2850790)
$strGearHammer will be placed at 804509D0 (28509D0)
$NavigateDecimal will be placed at 804509E0 (28509E0)
$HookBody_DebugInfo_1A2B98 will be placed at 80450A30 (2850A30)
$HookBody_DebugInfo_1AB620 will be placed at 80450A60 (2850A60)
$strInventoryKeys will be placed at 80450A90 (2850A90)
$EditDecimal will be placed at 80450AA0 (2850AA0)
$DrawEditWord will be placed at 80450AB0 (2850AB0)
$mainMenuBattleSelect will be placed at 80450BA0 (2850BA0)
$DrawVarEntry will be placed at 80450BB0 (2850BB0)
$PartnerData will be placed at 80450CF0 (2850CF0)
$fmtCoord will be placed at 80450D00 (2850D00)
$CollisionMenuOptions will be placed at 80450D10 (2850D10)
$collisionMenu5 will be placed at 80450D30 (2850D30)
$collisionMenu6 will be placed at 80450D40 (2850D40)
$strParenR will be placed at 80450D60 (2850D60)
$SoundMenuOptions will be placed at 80450D70 (2850D70)
$strItemInvalid will be placed at 80450D80 (2850D80)
$collisionMenu3 will be placed at 80450D90 (2850D90)
$collisionMenu4 will be placed at 80450DA0 (2850DA0)
$collisionMenu1 will be placed at 80450DB0 (2850DB0)
$UpdateStopSound will be placed at 80450DD0 (2850DD0)
$collisionMenu2 will be placed at 80450E80 (2850E80)
$strDash will be placed at 80450E90 (2850E90)
$strInventoryStats will be placed at 80450EA0 (2850EA0)
$LoadItems will be placed at 80450EB0 (2850EB0)
$strParenL will be placed at 80450F20 (2850F20)
$DebugState will be placed at 80450F30 (2850F30)
$strQuickLoad will be placed at 80451030 (2851030)
$fmtGameByte will be placed at 80451040 (2851040)
$fmtModByte will be placed at 80451060 (2851060)
$BuildNPC will be placed at 80451070 (2851070)
$BadgesMenuInfo will be placed at 80451160 (2851160)
$UpdateViewCollision will be placed at 80451170 (2851170)
$VariableLogBonusTime will be placed at 804512F0 (28512F0)
$DrawMonospacedStringASCII will be placed at 80451300 (2851300)
$SaveItems will be placed at 80451390 (2851390)
$Buttons will be placed at 80451400 (2851400)
$KeysMenuInfo will be placed at 80451420 (2851420)
$UpdateEditRAM will be placed at 80451430 (2851430)
$CylinderVertices will be placed at 804518A0 (28518A0)
$JumpTable_Submenus will be placed at 80451A40 (2851A40)
$ConsumablesMenuInfo will be placed at 80451AA0 (2851AA0)
$NavigateWord will be placed at 80451AB0 (2851AB0)
$NavigateVerticalMenu1D will be placed at 80451B10 (2851B10)
$ExtendedPartnerBattleIcons will be placed at 80451B60 (2851B60)
$HookBody_CompressedScripts_0EBE04 will be placed at 80451D20 (2851D20)
$HookBody_CompressedScripts_0ED4A8 will be placed at 80451D40 (2851D40)
$HookBody_CompressedScripts_0ED428 will be placed at 80451D60 (2851D60)
$HookBody_CompressedScripts_0EB738 will be placed at 80451D90 (2851D90)
$HookBody_CompressedScripts_0ED2BC will be placed at 80451DC0 (2851DC0)
$HookBody_CompressedScripts_0E7B34 will be placed at 80451DE0 (2851DE0)
$HookBody_CompressedScripts_0ED3B0 will be placed at 80451E00 (2851E00)
$HookBody_CompressedScripts_0ED338 will be placed at 80451E30 (2851E30)
$HookBody_CompressedScripts_0EB644 will be placed at 80451E50 (2851E50)
$HookBody_CompressedBattleSections_1986F0 will be placed at 80451E80 (2851E80)
$HookBody_CompressedBattleSections_04E018 will be placed at 80451EB0 (2851EB0)
$HookBody_PlayerSpriteSupport_102070 will be placed at 80451EE0 (2851EE0)
$HookBody_SetInitialMap_168084 will be placed at 80451EF0 (2851EF0)
$transfer_timestamp_to_gamebytes will be placed at 80451F10 (2851F10)
$Function_PushTimestamp will be placed at 80451F40 (2851F40)
$load_SS_timestamp will be placed at 80451F60 (2851F60)
$CompareTimestamps will be placed at 80451FF0 (2851FF0)
$Function_CheckSavestate will be placed at 80452020 (2852020)
$AntiSSBuffer will be placed at 80452080 (2852080)
$Function_CheckSavestate_B will be placed at 80456080 (2856080)
$store_SS_timestamp will be placed at 804560E0 (28560E0)
$HookBody_ChangeBaseBattleIcons.patch_192038 will be placed at 804561D0 (28561D0)
$HookBody_ChangeBaseBattleIcons.patch_191E0C will be placed at 804561F0 (28561F0)
$HookBody_CorrectNegativeNumbers.patch_0BDE28 will be placed at 80456210 (2856210)
$ASCII_Version will be placed at 80456250 (2856250)
$HookBody_CrashHandlerTampering.patch_007A34 will be placed at 80456270 (2856270)
$CureTarget will be placed at 804562D0 (28562D0)
$CureTargetNoEffects will be placed at 80456440 (2856440)
$HookBody_DamageFlags.patch_1A6308 will be placed at 80456530 (2856530)
$DeathIOBuffer will be placed at 80456590 (2856590)
$IncrementDeathCounter will be placed at 8045A590 (285A590)
$GetDeathCount will be placed at 8045A680 (285A680)
$get_death_count will be placed at 8045A6C0 (285A6C0)
$WeirdFunctionB will be placed at 8045A6E0 (285A6E0)
$HudElementScript_DefDownArrow_FadeIn will be placed at 8045A740 (285A740)
$WeirdFunctionA will be placed at 8045A8C0 (285A8C0)
$IntTable_DefDownArrow_RasterA will be placed at 8045A910 (285A910)
$IntTable_DefDownArrow_PaletteB will be placed at 8045A990 (285A990)
$IntTable_DefDownArrow_RasterB will be placed at 8045A9B0 (285A9B0)
$HudElementScript_DefDownArrow_FadeOut will be placed at 8045AA30 (285AA30)
$IntTable_DefDownArrow_PaletteA will be placed at 8045AB90 (285AB90)
$HookBody_DefDownArrow.patch_022AD0 will be placed at 8045ABB0 (285ABB0)
$HudElementScript_DefDownArrow will be placed at 8045ABE0 (285ABE0)
$NumberPalette will be placed at 8045AC20 (285AC20)
$GetDefenseOfActor will be placed at 8045AC40 (285AC40)
$RasterData_3 will be placed at 8045AD40 (285AD40)
$RasterData_2 will be placed at 8045AD60 (285AD60)
$RasterData_1 will be placed at 8045AD80 (285AD80)
$RasterData_0 will be placed at 8045ADA0 (285ADA0)
$HudElementScript_Number2 will be placed at 8045ADC0 (285ADC0)
$HudElementScript_Number3 will be placed at 8045ADF0 (285ADF0)
$HudElementScript_Number0 will be placed at 8045AE20 (285AE20)
$HudElementScript_Number1 will be placed at 8045AE50 (285AE50)
$DefenseDisplay will be placed at 8045AE80 (285AE80)
$HudElementScript_Number6 will be placed at 8045B090 (285B090)
$HudElementScript_Number7 will be placed at 8045B0C0 (285B0C0)
$HudElementScript_Number4 will be placed at 8045B0F0 (285B0F0)
$HudElementScript_Number5 will be placed at 8045B120 (285B120)
$HudElementScript_Number8 will be placed at 8045B150 (285B150)
$HudElementScript_Number9 will be placed at 8045B180 (285B180)
$GetDefenseOfActor2 will be placed at 8045B1B0 (285B1B0)
$RasterData_9 will be placed at 8045B2B0 (285B2B0)
$RasterData_8 will be placed at 8045B2D0 (285B2D0)
$RasterData_7 will be placed at 8045B2F0 (285B2F0)
$RasterData_6 will be placed at 8045B310 (285B310)
$RasterData_5 will be placed at 8045B330 (285B330)
$RasterData_4 will be placed at 8045B350 (285B350)
$DefenseNumbers will be placed at 8045B370 (285B370)
$DisableItems will be placed at 8045B3A0 (285B3A0)
$BattleBanBPress will be placed at 8045B3C0 (285B3C0)
$HookBody_DisableStuff.patch_17229C will be placed at 8045B3F0 (285B3F0)
$BattleBanZPress will be placed at 8045B430 (285B430)
$BattleResetButtonMask will be placed at 8045B460 (285B460)
$IntTable_DefaultBluePipeColors will be placed at 8045B480 (285B480)
$IntTable_GrayPipeColors will be placed at 8045B4B0 (285B4B0)
$BluePipePalettePointer will be placed at 8045B4E0 (285B4E0)
$BluePipeFlag will be placed at 8045B4F0 (285B4F0)
$BluePipeLocation will be placed at 8045B500 (285B500)
$FindBluePipePalettePointer will be placed at 8045B510 (285B510)
$SetBluePipeColorWithTable will be placed at 8045B590 (285B590)
$SetDamageEffectColorWithTable will be placed at 8045B620 (285B620)
$IntTable_GreenColors will be placed at 8045B6B0 (285B6B0)
$SetDamageEffectBonusCodeWithTable will be placed at 8045B710 (285B710)
$DamageEffectPointer will be placed at 8045B790 (285B790)
$DamageEffectFlag will be placed at 8045B7A0 (285B7A0)
$IntTable_DefaultColors will be placed at 8045B7B0 (285B7B0)
$DamageEffect2Flag will be placed at 8045B810 (285B810)
$IntTable_GoldColors will be placed at 8045B820 (285B820)
$FindDamageEffectPalettePointer will be placed at 8045B880 (285B880)
$IntTable_DefaultStyleTable will be placed at 8045B980 (285B980)
$IntTable_WhiteStyleTable will be placed at 8045B9B0 (285B9B0)
$IntTable_WhiteColors will be placed at 8045B9E0 (285B9E0)
$IntTable_CyanColors will be placed at 8045BA40 (285BA40)
$FindDamageEffectBonusCode will be placed at 8045BAA0 (285BAA0)
$DamageEffectPalettePointer will be placed at 8045BBA0 (285BBA0)
$DamageEffectBonusPointer will be placed at 8045BBB0 (285BBB0)
$IntTable_PurpleColors will be placed at 8045BBC0 (285BBC0)
$IntTable_RedColors will be placed at 8045BC20 (285BC20)
$BigSwitchLocation will be placed at 8045BC80 (285BC80)
$FindBigSwitchPalettePointer will be placed at 8045BC90 (285BC90)
$IntTable_DarkBigSwitchColors will be placed at 8045BD10 (285BD10)
$BigSwitchPalettePointer will be placed at 8045BDD0 (285BDD0)
$IntTable_DefaultBigSwitchColors will be placed at 8045BDE0 (285BDE0)
$BigSwitchFlag will be placed at 8045BEA0 (285BEA0)
$SetBigSwitchColorWithTable will be placed at 8045BEB0 (285BEB0)
$LockPalettePointer will be placed at 8045BF30 (285BF30)
$SetLockColorWithTable will be placed at 8045BF40 (285BF40)
$FindLockPalettePointer will be placed at 8045BFD0 (285BFD0)
$IntTable_DefaultLockColors will be placed at 8045C050 (285C050)
$IntTable_DarkLockColors will be placed at 8045C0D0 (285C0D0)
$LockFlag will be placed at 8045C140 (285C140)
$LockLocation will be placed at 8045C150 (285C150)
$RSwitchLocation will be placed at 8045C160 (285C160)
$IntTable_DefaultRSwitchColors will be placed at 8045C170 (285C170)
$IntTable_RBSwitchColors will be placed at 8045C250 (285C250)
$SetRSwitchColorWithTable will be placed at 8045C330 (285C330)
$FindRSwitchPalettePointer will be placed at 8045C3B0 (285C3B0)
$RSwitchFlag will be placed at 8045C430 (285C430)
$RSwitchPalettePointer will be placed at 8045C440 (285C440)
$IntTable_PinkColors will be placed at 8045C450 (285C450)
$SaveBlockPalettePointer will be placed at 8045C530 (285C530)
$IntTable_DefaultColors will be placed at 8045C540 (285C540)
$IntTable_YellowColors will be placed at 8045C620 (285C620)
$DMACopyHook2 will be placed at 8045C700 (285C700)
$DMACopyHook will be placed at 8045C870 (285C870)
$SaveBlockFlag will be placed at 8045CA80 (285CA80)
$Function_SetSaveBlockColorToRed will be placed at 8045CA90 (285CA90)
$IntTable_PurpleColors will be placed at 8045CAE0 (285CAE0)
$Function_SetSaveBlockColorToGray will be placed at 8045CBC0 (285CBC0)
$IntTable_OrangeColors will be placed at 8045CC10 (285CC10)
$IntTable_LightBrownColors will be placed at 8045CCF0 (285CCF0)
$IntTable_GreenColors will be placed at 8045CDD0 (285CDD0)
$IntTable_PinkColors2 will be placed at 8045CEB0 (285CEB0)
$IntTable_BlackColors will be placed at 8045CF90 (285CF90)
$SaveBlockLocation will be placed at 8045D070 (285D070)
$IntTable_GrayColors will be placed at 8045D080 (285D080)
$SetSaveBlockColorWithTable will be placed at 8045D160 (285D160)
$WriteIntoDMACopy will be placed at 8045D1E0 (285D1E0)
$IntTable_BlueColors will be placed at 8045D260 (285D260)
$Function_SetSaveBlockColorToDefault will be placed at 8045D340 (285D340)
$FindSaveBlockPalettePointer will be placed at 8045D390 (285D390)
$IntTable_BrownColors will be placed at 8045D5E0 (285D5E0)
$IntTable_WhiteColors will be placed at 8045D6C0 (285D6C0)
$IntTable_CyanColors will be placed at 8045D7A0 (285D7A0)
$IntTable_TealColors will be placed at 8045D880 (285D880)
$IntTable_LimeColors will be placed at 8045D960 (285D960)
$IntTable_RedColors will be placed at 8045DA40 (285DA40)
$3392F8Hook will be placed at 8045DB20 (285DB20)
$???_E0024CC0_Cyan will be placed at 8045DB50 (285DB50)
$???_E0024CC0_White will be placed at 8045DB80 (285DB80)
$???_E0024CC0_Purple will be placed at 8045DBB0 (285DBB0)
$???_E0024CC0_Green will be placed at 8045DBE0 (285DBE0)
$HookBody_EffectTampering.patch_18C528 will be placed at 8045DC10 (285DC10)
$ActorAuraType will be placed at 8045DC60 (285DC60)
$PinkBoltData will be placed at 8045DC70 (285DC70)
$HookBody_EffectTampering.patch_19E8F0 will be placed at 8045E030 (285E030)
$HookBody_EffectTampering.patch_18BAB4 will be placed at 8045E0A0 (285E0A0)
$3538C0Hook will be placed at 8045E0F0 (285E0F0)
$3E0B00Hook will be placed at 8045E160 (285E160)
$339784Hook will be placed at 8045E1A0 (285E1A0)
$339438Hook will be placed at 8045E1D0 (285E1D0)
$SetAuraToDark will be placed at 8045E210 (285E210)
$3E0A08Hook will be placed at 8045E230 (285E230)
$???_E0024CC0_Red will be placed at 8045E260 (285E260)
$DarkBoltData will be placed at 8045E290 (285E290)
$3CF5F0Hook will be placed at 8045E650 (285E650)
$HookBody_EffectTampering.patch_19ED90 will be placed at 8045E690 (285E690)
$339AC0Hook will be placed at 8045E700 (285E700)
$3E0EE4Hook will be placed at 8045E7B0 (285E7B0)
$StarIcons will be placed at 8045E820 (285E820)
$IconScript_OrangeStar will be placed at 8045E840 (285E840)
$HookBody_EightStarPower.patch_41B2E8 will be placed at 8045E870 (285E870)
$Icon_OrangeBar will be placed at 8045E8B0 (285E8B0)
$Palette_OrangeBar will be placed at 8045E8D0 (285E8D0)
$IconScript_OrangeBar will be placed at 8045E8F0 (285E8F0)
$HookBody_EightStarPower.patch_080D44 will be placed at 8045E920 (285E920)
$Icon_OrangeStar will be placed at 8045E9E0 (285E9E0)
$Palette_OrangeStar will be placed at 8045EA00 (285EA00)
$BarIcons will be placed at 8045EA20 (285EA20)
$HookBody_EightStarPower.patch_41B240 will be placed at 8045EA40 (285EA40)
$Function_CountBadges will be placed at 8045EA80 (285EA80)
$CountBadges will be placed at 8045EAE0 (285EAE0)
$Function_EquipAllBadges will be placed at 8045EB60 (285EB60)
$HasGreedStone will be placed at 8045EC00 (285EC00)
$Function_PartnerSwap will be placed at 8045EC20 (285EC20)
$Function_HasItems will be placed at 8045EC50 (285EC50)
$Function_SetEscape will be placed at 8045ED10 (285ED10)
$Custom_8024FB3C will be placed at 8045ED50 (285ED50)
$Custom_80250818 will be placed at 8045ED90 (285ED90)
$ShowCustomMessage_ASM will be placed at 8045EE30 (285EE30)
$Function_AddSP will be placed at 8045EEF0 (285EEF0)
$Function_SetLevel will be placed at 8045EF80 (285EF80)
$Function_StunPartner will be placed at 8045EFE0 (285EFE0)
$Function_FPHeal will be placed at 8045F030 (285F030)
$HookBody_fivehealth.patch_082760 will be placed at 8045F090 (285F090)
$SixToFiveHP will be placed at 8045F240 (285F240)
$Function_HPHeal will be placed at 8045F2C0 (285F2C0)
$Function_HasGreedStone will be placed at 8045F330 (285F330)
$KillMario will be placed at 8045F360 (285F360)
$Custom_80250EA4 will be placed at 8045F3A0 (285F3A0)
$OuttaSightCheck will be placed at 8045F490 (285F490)
$ShowCustomMessage will be placed at 8045F4C0 (285F4C0)
$Function_SubtractMaxHP will be placed at 8045F590 (285F590)
$Clear_Inventory will be placed at 8045F630 (285F630)
$VanillaArrowCode will be placed at 8045F680 (285F680)
$FixBoostAttackFunc will be placed at 8045F6E0 (285F6E0)
$HookBody_FixHuffNPuffCrash.patch_419DE4 will be placed at 8045F770 (285F770)
$HookBody_FixHuffNPuffCrash.patch_4197E4 will be placed at 8045F780 (285F780)
$HookBody_FixHuffNPuffCrash.patch_417A14 will be placed at 8045F830 (285F830)
$HookBody_FixHuffNPuffCrash.patch_0FFFCC will be placed at 8045F8E0 (285F8E0)
$PopupMenu_Byte will be placed at 8045F970 (285F970)
$GetAmountOfEnemiesInBattle will be placed at 8045F980 (285F980)
$HookBody_FixHuffNPuffCrash.patch_08A9E8 will be placed at 8045FA00 (285FA00)
$HookBody_FixHuffNPuffCrash.patch_419E18 will be placed at 8045FA20 (285FA20)
$HookBody_FixHuffNPuffCrash.patch_418678 will be placed at 8045FA30 (285FA30)
$HookBody_FixHuffNPuffCrash.patch_41863C will be placed at 8045FA50 (285FA50)
$HookBody_FixHuffNPuffCrash.patch_08DAF8 will be placed at 8045FA70 (285FA70)
$HookBody_FixHuffNPuffCrash.patch_08A860 will be placed at 8045FB20 (285FB20)
$HookBody_FixItemEntities.patch_109388 will be placed at 8045FB40 (285FB40)
$HookBody_FixItemEntities.patch_0CBAEC will be placed at 8045FBF0 (285FBF0)
$HookBody_FixItemEntities.patch_024080 will be placed at 8045FC20 (285FC20)
$HookBody_FixItemEntities.patch_01AB50 will be placed at 8045FCF0 (285FCF0)
$HookBody_FixItemEntities.patch_0240A8 will be placed at 8045FD30 (285FD30)
$HookBody_FixItemEntities.patch_0CB914 will be placed at 8045FD70 (285FD70)
$HookBody_FixItemEntities.patch_023D00 will be placed at 8045FDA0 (285FDA0)
$HookBody_FixItemEntities.patch_024000 will be placed at 8045FDD0 (285FDD0)
$CoinSpawnHelper will be placed at 8045FE70 (285FE70)
$HookBody_FixLockSoftlock.patch_0795FC will be placed at 8045FE80 (285FE80)
$HookBody_FlowerFieldsFog.patch_0AC6A8 will be placed at 8045FEA0 (285FEA0)
$Function_TryAddMiracleJelly will be placed at 8045FFA0 (285FFA0)
$Function_CureStatus will be placed at 80460010 (2860010)
$Function_SetHustle will be placed at 804600D0 (28600D0)
$Function_AddAtkBoost will be placed at 80460160 (2860160)
$Function_SetBooLeaf will be placed at 804601D0 (28601D0)
$Function_ResetStatus will be placed at 80460240 (2860240)
$Function_SetSugar will be placed at 80460310 (2860310)
$EnableAutoBlock2 will be placed at 804603B0 (28603B0)
$Function_SetBubbleBerry will be placed at 804603D0 (28603D0)
$Function_DebuffEffectHotPink will be placed at 80460460 (2860460)
$Function_ElectrifyMario will be placed at 804604F0 (28604F0)
$Function_DebuffEffectPink will be placed at 80460530 (2860530)
$Function_AddDefBoost will be placed at 804605C0 (28605C0)
$Function_TradeoffShake will be placed at 80460630 (2860630)
$Function_DebuffEffectUnified will be placed at 804606F0 (28606F0)
$Function_TransferToTurnCounts will be placed at 804607C0 (28607C0)
$Function_BoostTurnCounts will be placed at 80460840 (2860840)
$Function_StarEffect will be placed at 80460970 (2860970)
$Function_DualityShake will be placed at 80460A20 (2860A20)
$Function_ElectrifyMario1 will be placed at 80460A80 (2860A80)
$Function_SetBubbleBerry2 will be placed at 80460AC0 (2860AC0)
$AntiHustleDrink will be placed at 80460B50 (2860B50)
$Function_DebuffEffectGold will be placed at 80460B90 (2860B90)
$Function_DebuffEffectWhite will be placed at 80460C20 (2860C20)
$Function_SetChill will be placed at 80460CB0 (2860CB0)
$Function_ElectrifyMario2 will be placed at 80460D30 (2860D30)
$Function_SetBooLeaf2 will be placed at 80460D70 (2860D70)
$Function_DualityShakeNull will be placed at 80460DE0 (2860DE0)
$Function_SetSaver will be placed at 80460E30 (2860E30)
$Script_SpecialFood will be placed at 80460EB0 (2860EB0)
$Function_SetDarkCake will be placed at 804642A0 (28642A0)
$Function_ApplyVanish will be placed at 80464330 (2864330)
$Function_DebuffEffectCoco will be placed at 80464390 (2864390)
$Function_DebuffEffectOrange will be placed at 80464420 (2864420)
$Function_SetDefdown will be placed at 804644B0 (28644B0)
$Icon_MenuItem_Free will be placed at 80464530 (2864530)
$FreebieCounter will be placed at 80464730 (2864730)
$WasLastItemAFreebie will be placed at 80464740 (2864740)
$HookBody_Freebies.patch_41AB48 will be placed at 80464750 (2864750)
$???_NewItemSet will be placed at 804647F0 (28647F0)
$HookBody_Freebies.patch_196814 will be placed at 80464800 (2864800)
$HookBody_Freebies.patch_41B0E4 will be placed at 80464930 (2864930)
$Palette_MenuItem_Free will be placed at 804649C0 (28649C0)
$HudScript_MenuItem_Free will be placed at 804649E0 (28649E0)
$FreeTurn will be placed at 80464A10 (2864A10)
$BattlePerks will be placed at 80464A30 (2864A30)
$HookBody_FreeTurn.patch_174D74 will be placed at 80464A40 (2864A40)
$HookBody_FreeTurn.patch_175B1C will be placed at 80464A70 (2864A70)
$FileCode_ToadsOnly will be placed at 80464AA0 (2864AA0)
$FileCode_Sandbox will be placed at 80464AB0 (2864AB0)
$FileCode_FastMode will be placed at 80464AC0 (2864AC0)
$FileCode_Easier will be placed at 80464AD0 (2864AD0)
$FileCode_Cheater will be placed at 80464AE0 (2864AE0)
$FileCode_ShyGuys will be placed at 80464AF0 (2864AF0)
$FileCode_EasyMode will be placed at 80464B00 (2864B00)
$FileCode_Biscuit will be placed at 80464B10 (2864B10)
$API_StrCmp will be placed at 80464B20 (2864B20)
$FileCode_BadgeAnarchy will be placed at 80464B70 (2864B70)
$FileCode_NewGamePlusTwo will be placed at 80464B80 (2864B80)
$memCmp will be placed at 80464B90 (2864B90)
$FileCode_Berserk will be placed at 80464BD0 (2864BD0)
$FileCode_NewGamePlus will be placed at 80464BE0 (2864BE0)
$FileCode_AntiGuy will be placed at 80464BF0 (2864BF0)
$FileCode_Berserk2 will be placed at 80464C00 (2864C00)
$FileCode_CantWin will be placed at 80464C10 (2864C10)
$GetFileName will be placed at 80464C20 (2864C20)
$CopiedFileName will be placed at 80464CC0 (2864CC0)
$NewGlobalItemScript will be placed at 80464CD0 (2864CD0)
$Function_EnforceFPLimit will be placed at 80465AD0 (2865AD0)
$HookBody_GlobalItemScript.patch_3255D0 will be placed at 80465B00 (2865B00)
$IsRemovalItem will be placed at 80465B50 (2865B50)
$ReplaceItem will be placed at 80465B60 (2865B60)
$HookBody_GlobalItemScript.patch_3255B8 will be placed at 80465B70 (2865B70)
$FlowerPowerBool will be placed at 80465CC0 (2865CC0)
$Palette_CoinText will be placed at 80465CD0 (2865CD0)
$HookBody_GlobalMoveMods.patch_1AF270 will be placed at 80465CF0 (2865CF0)
$HookBody_GlobalMoveMods.patch_174E9C will be placed at 80465EE0 (2865EE0)
$HookBody_GlobalMoveMods.patch_1AD290 will be placed at 80465F40 (2865F40)
$HookBody_GlobalMoveMods.patch_4186CC will be placed at 80465FA0 (2865FA0)
$Icon_FPDrain will be placed at 80466050 (2866050)
$HookBody_GlobalMoveMods.patch_419124 will be placed at 80466190 (2866190)
$HookBody_GlobalMoveMods.patch_41B6F0 will be placed at 80466240 (2866240)
$Palette_HPTextDark will be placed at 80466560 (2866560)
$Palette_CoinTextDark will be placed at 80466580 (2866580)
$HookBody_GlobalMoveMods.patch_0237BC will be placed at 804665A0 (28665A0)
$HookBody_GlobalMoveMods.patch_192F98 will be placed at 80466630 (2866630)
$MagicBlastBool will be placed at 80466650 (2866650)
$Palette_FPDrain will be placed at 80466660 (2866660)
$HustleSpellCounter will be placed at 80466680 (2866680)
$EasyFleeData will be placed at 80466690 (2866690)
$HookBody_GlobalMoveMods.patch_41D95C will be placed at 804666A0 (28666A0)
$HookBody_GlobalMoveMods.patch_17111C will be placed at 804669F0 (28669F0)
$HookBody_GlobalMoveMods.patch_193704 will be placed at 80466A20 (2866A20)
$HookBody_GlobalMoveMods.patch_1726E8 will be placed at 80466A40 (2866A40)
$HookBody_GlobalMoveMods.patch_1A0828 will be placed at 80466AA0 (2866AA0)
$HookBody_GlobalMoveMods.patch_417E2C will be placed at 80466B00 (2866B00)
$Palette_HPText will be placed at 80466BF0 (2866BF0)
$StellarNovaBoolean will be placed at 80466C10 (2866C10)
$HookBody_GlobalMoveMods.patch_191EF0 will be placed at 80466C20 (2866C20)
$HookBody_GlobalMoveMods.patch_192374 will be placed at 80466E20 (2866E20)
$HookBody_GlobalMoveMods.patch_1A60F0 will be placed at 80466EB0 (2866EB0)
$HookBody_GlobalMoveMods.patch_191F38 will be placed at 80466F20 (2866F20)
$IconScript_FPDrainText will be placed at 80467040 (2867040)
$HookBody_GlobalMoveMods.patch_41C1D0 will be placed at 80467070 (2867070)
$Icon_EasyFlee will be placed at 80467170 (2867170)
$HookBody_GlobalMoveMods.patch_07F76C will be placed at 80467370 (2867370)
$HookBody_GlobalMoveMods.patch_41862C will be placed at 80467420 (2867420)
$HookBody_GlobalMoveMods.patch_41B2A8 will be placed at 804674D0 (28674D0)
$HookBody_GlobalMoveMods.patch_176B14 will be placed at 80467680 (2867680)
$Script_PlayerHappy_Modified will be placed at 804676B0 (28676B0)
$GetCurseState will be placed at 80467980 (2867980)
$HookBody_GlobalMoveMods.patch_1A09D0 will be placed at 80467A80 (2867A80)
$CurseMultiply will be placed at 80467AF0 (2867AF0)
$Icon_CoinText will be placed at 80467BA0 (2867BA0)
$Data_TurnsSinceUsedCoins will be placed at 80467BE0 (2867BE0)
$HookBody_GlobalMoveMods.patch_417E1C will be placed at 80467BF0 (2867BF0)
$IconScript_HPText will be placed at 80467C90 (2867C90)
$HookBody_GlobalMoveMods.patch_190388 will be placed at 80467CC0 (2867CC0)
$HookBody_GlobalMoveMods.patch_418DA0 will be placed at 80467D00 (2867D00)
$HookBody_GlobalMoveMods.patch_418D4C will be placed at 80467DC0 (2867DC0)
$HookBody_GlobalMoveMods.patch_192168 will be placed at 80467E70 (2867E70)
$HookBody_GlobalMoveMods.patch_1A0974 will be placed at 80467F90 (2867F90)
$Function_GetCurseState will be placed at 80468000 (2868000)
$Script_RunawayModified will be placed at 80468050 (2868050)
$IconScript_CoinTextDark will be placed at 80468730 (2868730)
$IconScript_HPTextDark will be placed at 80468760 (2868760)
$HookBody_GlobalMoveMods.patch_41861C will be placed at 80468790 (2868790)
$HookBody_GlobalMoveMods.patch_19251C will be placed at 80468840 (2868840)
$HookBody_GlobalMoveMods.patch_41B1B8 will be placed at 80468980 (2868980)
$HookBody_GlobalMoveMods.patch_1A5C88 will be placed at 80468D40 (2868D40)
$HookBody_GlobalMoveMods.patch_41C8A4 will be placed at 80468D70 (2868D70)
$HookBody_GlobalMoveMods.patch_19231C will be placed at 80468DE0 (2868DE0)
$HookBody_GlobalMoveMods.patch_41865C will be placed at 80468FE0 (2868FE0)
$HookBody_GlobalMoveMods.patch_19211C will be placed at 80469090 (2869090)
$DarkBeamBoolean will be placed at 80469290 (2869290)
$IconScript_CoinText will be placed at 804692A0 (28692A0)
$HookBody_GlobalMoveMods.patch_418E60 will be placed at 804692D0 (28692D0)
$Palette_EasyFlee will be placed at 80469390 (2869390)
$HookBody_GlobalMoveMods.patch_16FDA0 will be placed at 804693B0 (28693B0)
$HookBody_GlobalMoveMods.patch_01C938 will be placed at 80469520 (2869520)
$HookBody_GlobalMoveMods.patch_1AD5D8 will be placed at 80469570 (2869570)
$HookBody_GlobalMoveMods.patch_1A0848 will be placed at 804695F0 (28695F0)
$HookBody_GlobalMoveMods.patch_4186DC will be placed at 80469650 (2869650)
$HookBody_GlobalMoveMods.patch_1A0968 will be placed at 80469700 (2869700)
$HookBody_GlobalMoveMods.patch_418D3C will be placed at 804699E0 (28699E0)
$HookBody_GlobalMoveMods.patch_193F7C will be placed at 80469A90 (2869A90)
$HookBody_GlobalMoveMods.patch_419134 will be placed at 80469AB0 (2869AB0)
$HookBody_GlobalMoveMods.patch_418D8C will be placed at 80469B60 (2869B60)
$HookBody_GlobalMoveMods.patch_194AB8 will be placed at 80469C10 (2869C10)
$Icon_HPText will be placed at 80469C50 (2869C50)
$HookBody_GlobalMoveMods.patch_19250C will be placed at 80469C90 (2869C90)
$IconScript_EasyFlee will be placed at 80469E80 (2869E80)
$HookBody_GlobalMoveMods.patch_418EBC will be placed at 80469EB0 (2869EB0)
$HookBody_GlobalMoveMods.patch_41864C will be placed at 80469F30 (2869F30)
$HookBody_GlobalMoveMods.patch_41C160 will be placed at 80469FE0 (2869FE0)
$HookBody_GlobalMoveMods.patch_1AB310 will be placed at 8046A170 (286A170)
$HookBody_GlobalMoveMods.patch_174DEC will be placed at 8046A1E0 (286A1E0)
$HookBody_GlobalMoveMods.patch_418DDC will be placed at 8046A250 (286A250)
$HustleTargetNoEffects will be placed at 8046A3E0 (286A3E0)
$HookBody_HustlingEnemies.patch_175C64 will be placed at 8046A470 (286A470)
$HustleTarget will be placed at 8046A4C0 (286A4C0)
$HookBody_HustlingEnemies.patch_193F84 will be placed at 8046A5C0 (286A5C0)
$HookBody_HustlingEnemies.patch_175BD4 will be placed at 8046A5D0 (286A5D0)
$Function_SetAllHealth will be placed at 8046A680 (286A680)
$HookBody_IncreaseMaxHealth.patch_16EA88 will be placed at 8046A6D0 (286A6D0)
$Function_SetAllHealth_B will be placed at 8046AA00 (286AA00)
$HookBody_IncreaseMaxHealth.patch_1A6460 will be placed at 8046AA70 (286AA70)
$HookBody_ItemMods.patch_18FAF4 will be placed at 8046AA90 (286AA90)
$Function_SaveItems will be placed at 8046AB40 (286AB40)
$SavedItems will be placed at 8046ABB0 (286ABB0)
$Function_LoadItems will be placed at 8046ABD0 (286ABD0)
$MagicConvertEasyFlee will be placed at 8046AC40 (286AC40)
$BadgeReplaceTable will be placed at 8046ACA0 (286ACA0)
$ItemReplaceTable will be placed at 8046ACB0 (286ACB0)
$Entry16FData will be placed at 8046ACC0 (286ACC0)
$MagicConvertKeyItems will be placed at 8046ACE0 (286ACE0)
$MagicConvertPeachBakingItems will be placed at 8046AD90 (286AD90)
$MagicConvertBadges will be placed at 8046AE80 (286AE80)
$SetNameOfStarToken will be placed at 8046AF30 (286AF30)
$MagicConvertHPPlus will be placed at 8046AFA0 (286AFA0)
$HookBody_ItemTableRewriting.patch_08DF40 will be placed at 8046B020 (286B020)
$MagicConvertCrazyFlower will be placed at 8046B080 (286B080)
$MagicConvertConsumableItems will be placed at 8046B0E0 (286B0E0)
$MagicConvertStellarCoins will be placed at 8046B1A0 (286B1A0)
$MagicConvertHPDrain will be placed at 8046B200 (286B200)
$ModifyEntry will be placed at 8046B270 (286B270)
$CheckMagicConvertPeachItems will be placed at 8046B300 (286B300)
$MagicConvertRefund will be placed at 8046B360 (286B360)
$KeyItemReplaceTable will be placed at 8046B3C0 (286B3C0)
$IsLuigiChallengeAccepted will be placed at 8046B450 (286B450)
$HookBody_LuigiChallenge.patch_137B7C will be placed at 8046B4A0 (286B4A0)
$HookBody_LuigiChallenge.patch_13A728 will be placed at 8046B550 (286B550)
$Function_ActivateLuigiChallenge will be placed at 8046B5E0 (286B5E0)
$HookBody_LuigiChallenge.patch_13AC84 will be placed at 8046B600 (286B600)
$HookBody_LuigiChallenge.patch_1AB208 will be placed at 8046B640 (286B640)
$HookBody_LuigiChallenge.patch_13B138 will be placed at 8046B680 (286B680)
$HookBody_LuigiChallenge.patch_13B7E4 will be placed at 8046B6B0 (286B6B0)
$HookBody_LuigiChallenge.patch_13AF44 will be placed at 8046B6D0 (286B6D0)
$HookBody_LuigiChallenge.patch_13ACE8 will be placed at 8046B700 (286B700)
$HookBody_LuigiChallenge.patch_13B7BC will be placed at 8046B740 (286B740)
$Function_IsLuigiChallengeAccepted will be placed at 8046B760 (286B760)
$Icon_Emperor will be placed at 8046B7E0 (286B7E0)
$Icon_QueenOfLight will be placed at 8046B860 (286B860)
$RainbowBox will be placed at 8046B8E0 (286B8E0)
$IconScript_QueenOfLight will be placed at 8046B9A0 (286B9A0)
$Palette_QueenOfLight will be placed at 8046B9D0 (286B9D0)
$Palette_BowserStencil will be placed at 8046B9F0 (286B9F0)
$RainbowCounter will be placed at 8046BA10 (286BA10)
$Color1BTable will be placed at 8046BA20 (286BA20)
$HookBody_MainMenuAlterations.patch_006BA0 will be placed at 8046BA60 (286BA60)
$HasKeyItem will be placed at 8046BAE0 (286BAE0)
$Function_CalculateEndgameProgress will be placed at 8046BB60 (286BB60)
$Function_GetEndgameProgress will be placed at 8046BC40 (286BC40)
$IconScript_BowserStencil will be placed at 8046BC70 (286BC70)
$Palette_Emperor will be placed at 8046BCA0 (286BCA0)
$Icon_BowserStencil will be placed at 8046BCC0 (286BCC0)
$CheckFullCompletion will be placed at 8046BD40 (286BD40)
$Palette_DarkStar will be placed at 8046BE00 (286BE00)
$Has128Badges will be placed at 8046BE20 (286BE20)
$IconScript_DarkStar will be placed at 8046BEA0 (286BEA0)
$Color2ATable will be placed at 8046BED0 (286BED0)
$Color1ATable will be placed at 8046BF10 (286BF10)
$Icon_DarkStar will be placed at 8046BF50 (286BF50)
$Color2BTable will be placed at 8046BFD0 (286BFD0)
$IconScript_Emperor will be placed at 8046C010 (286C010)
$HookBody_MainMenuAlterations.patch_08E8B4 will be placed at 8046C040 (286C040)
$HookBody_MerleeGlobalChanges.patch_173550 will be placed at 8046C350 (286C350)
$HookBody_MerleeGlobalChanges.patch_172DC0 will be placed at 8046C3D0 (286C3D0)
$HookBody_ModifyStatLimits.patch_18D37C will be placed at 8046C430 (286C430)
$HookBody_ModifyStatLimits.patch_18DD8C will be placed at 8046C460 (286C460)
$HookBody_ModifyStatLimits.patch_18D738 will be placed at 8046C480 (286C480)
$HookBody_ModifyStatLimits.patch_18DB00 will be placed at 8046C4B0 (286C4B0)
$HookBody_ModifyStatLimits.patch_18DD40 will be placed at 8046C4D0 (286C4D0)
$HookBody_ModifyStatsBar.patch_0813BC will be placed at 8046C4F0 (286C4F0)
$HookBody_ModifyStatsBar.patch_08130C will be placed at 8046C540 (286C540)
$SetIconSize will be placed at 8046C570 (286C570)
$CurrentLSIcon will be placed at 8046C5C0 (286C5C0)
$HookBody_ModifyStatsBar.patch_139034 will be placed at 8046C5D0 (286C5D0)
$HookBody_ModifyStatsBar.patch_081134 will be placed at 8046C620 (286C620)
$HookBody_ModifyStatsBar.patch_081E30 will be placed at 8046C6A0 (286C6A0)
$HookBody_ModifyStatsBar.patch_139054 will be placed at 8046C780 (286C780)
$HookBody_ModifyStatsBar.patch_139084 will be placed at 8046C7C0 (286C7C0)
$CreateIcon will be placed at 8046C800 (286C800)
$HudElementScript_80108924 will be placed at 8046C870 (286C870)
$HookBody_ModifyStatsBar.patch_16CC6C will be placed at 8046C8A0 (286C8A0)
$HookBody_MoonJump.patch_07C3C4 will be placed at 8046C910 (286C910)
$HookBody_MoveTableRewriting.patch_192360 will be placed at 8046C980 (286C980)
$HookBody_MoveTableRewriting.patch_19208C will be placed at 8046CA10 (286CA10)
$SetFlowerCoinsCost will be placed at 8046CA50 (286CA50)
$AirLiftBool will be placed at 8046CAA0 (286CAA0)
$FlowerCoinsBPAddress will be placed at 8046CAB0 (286CAB0)
$HookBody_MoveTableRewriting.patch_419304 will be placed at 8046CAC0 (286CAC0)
$OuttaSightAddress will be placed at 8046CC50 (286CC50)
$HookBody_MoveTableRewriting.patch_191E60 will be placed at 8046CC60 (286CC60)
$Data_MagentaBar will be placed at 8046CCA0 (286CCA0)
$HookBody_NewGamePlus.patch_16CB74 will be placed at 8046CCC0 (286CCC0)
$Data_GoldNumberPalette will be placed at 8046CDA0 (286CDA0)
$Data_WhiteNumberPalette will be placed at 8046CDC0 (286CDC0)
$Data_GreenNumberPalette will be placed at 8046CDE0 (286CDE0)
$Data_NumberPalettes will be placed at 8046CE00 (286CE00)
$Data_GoldBar will be placed at 8046CE20 (286CE20)
$HookBody_NewGamePlus.patch_193DE8 will be placed at 8046CE40 (286CE40)
$Data_RedBar will be placed at 8046CE80 (286CE80)
$HookBody_NewGamePlus.patch_16EC18 will be placed at 8046CEA0 (286CEA0)
$Data_WhiteBar will be placed at 8046CF00 (286CF00)
$Data_CyanBar will be placed at 8046CF30 (286CF30)
$Data_EmptyBarA will be placed at 8046CF50 (286CF50)
$Data_CyanNumberPalette will be placed at 8046CF70 (286CF70)
$Data_PinkNumberPalette will be placed at 8046CF90 (286CF90)
$HookBody_NewGamePlus.patch_1A6134 will be placed at 8046CFC0 (286CFC0)
$Data_LimeBar will be placed at 8046D040 (286D040)
$Data_EmptyBarB will be placed at 8046D070 (286D070)
$HookBody_NewGamePlus.patch_16EBC4 will be placed at 8046D090 (286D090)
$CurseFlags will be placed at 8046D0F0 (286D0F0)
$Data_RedNumberPalette will be placed at 8046D100 (286D100)
$Data_BarPalettes will be placed at 8046D120 (286D120)
$HookBody_NewSpriteEventFlags.patch_1ACB7C will be placed at 8046D140 (286D140)
$HookBody_NewSpriteEventFlags.patch_1AD440 will be placed at 8046D170 (286D170)
$HookBody_NewSpriteEventFlags.patch_1A0114 will be placed at 8046D380 (286D380)
$HookBody_NewSpriteEventFlags.patch_1A03DC will be placed at 8046D3B0 (286D3B0)
$HookBody_NewSpriteEventFlags.patch_1A0474 will be placed at 8046D400 (286D400)
$HookBody_NewSpriteEventFlags.patch_1AC944 will be placed at 8046D460 (286D460)
$HookBody_NewSpriteEventFlags.patch_1ACE80 will be placed at 8046D4D0 (286D4D0)
$HookBody_NewSpriteEventFlags.patch_1801A0 will be placed at 8046D500 (286D500)
$HookBody_NewSpriteEventFlags.patch_18036C will be placed at 8046D510 (286D510)
$HookBody_NewSpriteEventFlags.patch_1A0CAC will be placed at 8046D720 (286D720)
$HookBody_NewSpriteEventFlags.patch_1ACD00 will be placed at 8046D930 (286D930)
$HookBody_NewSpriteEventFlags.patch_1A02E4 will be placed at 8046D940 (286D940)
$HookBody_NewSpriteEventFlags.patch_1AC9D4 will be placed at 8046D960 (286D960)
$PartnerImage_Palette will be placed at 8046D990 (286D990)
$HookBody_NinthPartner.patch_1934A0 will be placed at 8046DB90 (286DB90)
$PartnerImage_Raster will be placed at 8046DC00 (286DC00)
$HookBody_NoGoompaInPauseMenu.patch_13F474 will be placed at 80471990 (2871990)
$HookBody_OneByteItems.patch_0CC950 will be placed at 80471A00 (2871A00)
$InventoryFlag will be placed at 80471A60 (2871A60)
$HookBody_OneByteItems.patch_080A4C will be placed at 80471AA0 (2871AA0)
$HookBody_OneByteItems.patch_0CC040 will be placed at 80471B70 (2871B70)
$HookBody_OneByteItems.patch_080AE0 will be placed at 80471C30 (2871C30)
$Script_PeachForceFlags will be placed at 80471C70 (2871C70)
$HookBody_PowerBounce.patch_1A0BE0 will be placed at 80471D20 (2871D20)
$IsPowerOrMegaBounce will be placed at 80471DD0 (2871DD0)
$IntTable_StartingJumpCount will be placed at 80471DE0 (2871DE0)
$HookBody_PowerBounce.patch_1AD368 will be placed at 80471DF0 (2871DF0)
$RainbowStoneCheats will be placed at 80471E40 (2871E40)
$HookBody_RainbowStone.patch_E26560 will be placed at 80471EC0 (2871EC0)
$HookBody_RainbowStone.patch_07C3CC will be placed at 80471F50 (2871F50)
$GlobalRecipeOutputTable will be placed at 80471FC0 (2871FC0)
$GlobalRecipeTable will be placed at 804720F0 (28720F0)
$Function_CountRecipes will be placed at 80472CC0 (2872CC0)
$FindUnusedRecipeIngredient2 will be placed at 80472D20 (2872D20)
$CountRecipes will be placed at 80472DA0 (2872DA0)
$Function_SetAllRecipeFlags will be placed at 80472E10 (2872E10)
$FindUnusedRecipeItem will be placed at 80472E90 (2872E90)
$GlobalRecipeFlagTable will be placed at 80472F20 (2872F20)
$Function_UnusedItemIngredient1 will be placed at 80473050 (2873050)
$Function_UnusedItemIngredient2 will be placed at 804730C0 (28730C0)
$FindUnusedRecipeIngredient1 will be placed at 80473130 (2873130)
$Function_NegateAllRecipeFlags will be placed at 804731B0 (28731B0)
$Function_UnusedItem will be placed at 80473230 (2873230)
$HookBody_RowfBadgeFix.patch_7E159C will be placed at 80473290 (2873290)
$HookBody_RowfBadgeFix.patch_7E15EC will be placed at 804732D0 (28732D0)
$HookBody_SoundExploration.patch_0E168C will be placed at 80473310 (2873310)
$HookBody_SpriteReplacer.patch_101BFC will be placed at 80473360 (2873360)
$HookBody_SpriteReplacer.patch_10216C will be placed at 80473410 (2873410)
$HookBody_SpriteReplacer.patch_10139C will be placed at 804735E0 (28735E0)
$StarPowerRemoval will be placed at 804737B0 (28737B0)
$HookBody_StarTempleHeartBlock.patch_106864 will be placed at 80473800 (2873800)
$HookBody_StatusChanges.patch_170DB4 will be placed at 80473860 (2873860)
$HookBody_StatusChanges.patch_171BB4 will be placed at 80473970 (2873970)
$HookBody_StatusChanges.patch_194974 will be placed at 80473A60 (2873A60)
$HookBody_StatusChanges.patch_04C790 will be placed at 80473A80 (2873A80)
$HookBody_StatusChanges.patch_171A74 will be placed at 80473AB0 (2873AB0)
$HookBody_StatusChanges.patch_17104C will be placed at 80473AE0 (2873AE0)
$HookBody_StatusChanges.patch_1A00A4 will be placed at 80473B30 (2873B30)
$TempActorPointer will be placed at 80473B60 (2873B60)
$HookBody_StatusChanges.patch_1948D0 will be placed at 80473B70 (2873B70)
$HookBody_StatusChanges.patch_19553C will be placed at 80473BE0 (2873BE0)
$HookBody_StatusChanges.patch_1AAE00 will be placed at 80473C70 (2873C70)
$Function_WakeUp will be placed at 80473D30 (2873D30)
$HookBody_StatusChanges.patch_1A5AD8 will be placed at 80473E30 (2873E30)
$HookBody_StatusChanges.patch_1A6654 will be placed at 80473E50 (2873E50)
$HookBody_StellarNova.patch_41B2FC will be placed at 80473EC0 (2873EC0)
$HookBody_StellarNova.patch_41B440 will be placed at 80473EF0 (2873EF0)
$HookBody_StellarNova.patch_41B398 will be placed at 804740C0 (28740C0)
$HookBody_StellarNova.patch_41C350 will be placed at 804740F0 (28740F0)
$StellarNovaTemp will be placed at 80474130 (2874130)
$HookBody_Superguarding.patch_195200 will be placed at 80474140 (2874140)
$HookBody_Superguarding.patch_1A6310 will be placed at 80474180 (2874180)
$NewFunctionTesting will be placed at 804741C0 (28741C0)
$FlagForButtonPressed will be placed at 80474420 (2874420)
$OriginalFunctionTesting will be placed at 80474430 (2874430)
$AddToNamePushTable will be placed at 80474710 (2874710)
$Function_SetName_C will be placed at 804747B0 (28747B0)
$NamePushTable will be placed at 80474860 (2874860)
$Function_SetName_B will be placed at 804748E0 (28748E0)
$PopFromNamePushTable will be placed at 80474970 (2874970)
$FindTattle will be placed at 80474A40 (2874A40)
$Function_SetTattle_C will be placed at 80474AB0 (2874AB0)
$Function_SetTattle_B will be placed at 80474B60 (2874B60)
$Function_SetName will be placed at 80474BF0 (2874BF0)
$Function_SetTattle will be placed at 80474C50 (2874C50)
$AddToTattlePushTable will be placed at 80474CB0 (2874CB0)
$PopNames will be placed at 80474D50 (2874D50)
$FindName will be placed at 80474DB0 (2874DB0)
$PopTattles will be placed at 80474E20 (2874E20)
$TattlePushTable will be placed at 80474E80 (2874E80)
$PopFromTattlePushTable will be placed at 80474F00 (2874F00)
$Function_ApplyHustle will be placed at 80474FD0 (2874FD0)
$Function_DecrementAttack will be placed at 80474FF0 (2874FF0)
$TurnCountList will be placed at 80475030 (2875030)
$Function_LoseAttackEffect will be placed at 80475040 (2875040)
$Function_DownwardArrow will be placed at 804750E0 (28750E0)
$HookBody_TurnScript.patch_170E04 will be placed at 80475160 (2875160)
$ItemCostReductionData will be placed at 80475310 (2875310)
$Function_DebuffEffectDarkGreen will be placed at 80475320 (2875320)
$CustomItemEffects will be placed at 804753B0 (28753B0)
$MiracleJellyData will be placed at 80475570 (2875570)
$Function_LoseDefenseEffect will be placed at 80475580 (2875580)
$HookBody_TurnScript.patch_1720D0 will be placed at 80475620 (2875620)
$HookBody_TurnScript.patch_175328 will be placed at 80475690 (2875690)
$GetAreaVar will be placed at 804756C0 (28756C0)
$FirstTimeText will be placed at 80475700 (2875700)
$FrameTimer will be placed at 80475910 (2875910)
$Function_LoseSaverEffect will be placed at 80475920 (2875920)
$EnviroScript will be placed at 804759C0 (28759C0)
$TurnScript will be placed at 80475F80 (2875F80)
$LoseHealthOverTime will be placed at 80475FA0 (2875FA0)
$AntiHustleToken will be placed at 804760D0 (28760D0)
$Function_DecrementDefense will be placed at 804760E0 (28760E0)
$Function_DebuffEffectBlue will be placed at 80476120 (2876120)
$EternalCostIncreases will be placed at 804761B0 (28761B0)
$HookBody_TurnScript.patch_00ED94 will be placed at 804761C0 (28761C0)
$Function_AddCoinTurns will be placed at 80476210 (2876210)
$EnableAutoBlock will be placed at 80476230 (2876230)
$Function_DebuffEffectOrange will be placed at 80476250 (2876250)
$Function_GetArbitraryShort will be placed at 804762E0 (28762E0)
$Function_CalculateDefense will be placed at 80476360 (2876360)
$Function_GetMarioMaxHP will be placed at 80476400 (2876400)
$Function_CheckBadge will be placed at 80476430 (2876430)
$Function_GetMarioMaxFP will be placed at 80476490 (2876490)
$Function_GetMarioFP will be placed at 804764C0 (28764C0)
$Function_GetBattleDataByte will be placed at 804764F0 (28764F0)
$Function_SetArbitraryWord will be placed at 80476580 (2876580)
$IsBadgeEquipped will be placed at 804765F0 (28765F0)
$Function_CheckAbility will be placed at 80476640 (2876640)
$Function_GetArbitraryWord will be placed at 804766B0 (28766B0)
$Function_GetPlayerDataByte will be placed at 80476730 (2876730)
$Function_SetArbitraryByte will be placed at 804767C0 (28767C0)
$Function_CalculateAttack will be placed at 80476830 (2876830)
$Function_GetArbitraryByte will be placed at 804768D0 (28768D0)
$Function_SetArbitraryShort will be placed at 80476950 (2876950)
$RandomBattleData will be placed at 804769C0 (28769C0)
$WarpsValueTable will be placed at 804769D0 (28769D0)
$FlagFlipper will be placed at 80476A00 (2876A00)
$PeachsCastleText will be placed at 80476B20 (2876B20)
$DryDryRuinsText will be placed at 80476B40 (2876B40)
$DisplayList_Parasol will be placed at 80476B60 (2876B60)
$DLScript will be placed at 80476C50 (2876C50)
$FlowerFieldsValues will be placed at 80476C70 (2876C70)
$WarpFunction will be placed at 80476C80 (2876C80)
$AFlag will be placed at 80476CF0 (2876CF0)
$DryDryRuinsValues will be placed at 80476D00 (2876D00)
$YPosCursor will be placed at 80476D10 (2876D10)
$LoadMenuBool will be placed at 80476D20 (2876D20)
$KoopaBrosFortressValues will be placed at 80476D80 (2876D80)
$BowsersCastleValues will be placed at 80476D90 (2876D90)
$FlowerFieldsText will be placed at 80476DA0 (2876DA0)
$GlobalInRoom will be placed at 80476DC0 (2876DC0)
$HookBody_WarpStone.patch_011608 will be placed at 80476E30 (2876E30)
$TubbasCastleText will be placed at 80476E50 (2876E50)
$ANDBitsTable1 will be placed at 80476E70 (2876E70)
$ANDBitsTable2 will be placed at 80476E90 (2876E90)
$PrintTravelMenu will be placed at 80476EB0 (2876EB0)
$TravelTextPointers will be placed at 80476F90 (2876F90)
$HookBody_WarpStone.patch_07A398 will be placed at 80476FC0 (2876FC0)
$ParasolActive will be placed at 80477000 (2877000)
$DrawMenuBox will be placed at 804770B0 (28770B0)
$ToadTownValues will be placed at 80477160 (2877160)
$GenerateDynamicWarpMenu will be placed at 80477170 (2877170)
$PeachsCastleValues will be placed at 80477280 (2877280)
$KoopaBrosFortressText will be placed at 80477290 (2877290)
$MtLavaLavaValues will be placed at 804772B0 (28772B0)
$StoreNumberofPointersFromDynamicWarpMenu will be placed at 804772C0 (28772C0)
$RemoveMarioInvisibilityToEnemies will be placed at 80477320 (2877320)
$DynamicallyGeneratedTextPointers will be placed at 80477330 (2877330)
$CloseMenu will be placed at 80477360 (2877360)
$MtLavaLavaText will be placed at 80477370 (2877370)
$ParasolVertexList will be placed at 80477390 (2877390)
$UnlockPlayerMovement will be placed at 804773D0 (28773D0)
$ParasolPalette will be placed at 804773E0 (28773E0)
$GiveMarioInvisibiltyToEnemies will be placed at 80477420 (2877420)
$ButtonCheck will be placed at 80477450 (2877450)
$ToyBoxValues will be placed at 804774B0 (28774B0)
$MoveCursor will be placed at 804774C0 (28774C0)
$ToadTownText will be placed at 80477610 (2877610)
$ReturnIndexFromValueTable will be placed at 80477630 (2877630)
$CrystalPalaceText will be placed at 804776A0 (28776A0)
$LockPlayerMovement will be placed at 804776C0 (28776C0)
$DrawingMenuBoxCursor will be placed at 804776F0 (28776F0)
$DynamicallyGeneratedWarpValues will be placed at 80477790 (2877790)
$BowsersCastleText will be placed at 804777C0 (28777C0)
$CursorAnimation will be placed at 804777E0 (28777E0)
$MainAnimation will be placed at 804777F0 (28777F0)
$BoosMansionValues will be placed at 80477860 (2877860)
$TubbasCastleValues will be placed at 80477870 (2877870)
$AmountOfPointersToLoad will be placed at 80477880 (2877880)
$BoosMansionText will be placed at 80477890 (2877890)
$CalcCursorIntPos will be placed at 804778B0 (28778B0)
$ParasolIcon will be placed at 80477910 (2877910)
$HookBody_WarpStone.patch_011554 will be placed at 80477B10 (2877B10)
$ToyBoxText will be placed at 80477B30 (2877B30)
$CrystalPalaceValues will be placed at 80477B40 (2877B40)
$ClearDynamicMenus will be placed at 80477B50 (2877B50)
$ValueForTesting will be placed at 80477BC0 (2877BC0)
$HookBody_WriteIntoDMACopy.patch_163400 will be placed at 80477BD0 (2877BD0)
Writing direct patch to 00006004
Writing direct patch to 00006030
Writing direct patch to 00006058
Writing direct patch to 00006080
Writing direct patch to 000060A8
Writing direct patch to 00006100
Writing direct patch to 00006158
Writing direct patch to 0000617C
Writing direct patch to 000061C8
Writing direct patch to 000061D8
Writing direct patch to 0000620C
Writing direct patch to 0000621C
Writing direct patch to 001009F4
Writing direct patch to 00100A10
Writing direct patch to 000FEE34
Writing direct patch to 000D0A9C
Writing direct patch to 000D0AC8
Writing direct patch to 001017B0
Writing direct patch to 001017C8
Writing direct patch to 001017D8
Writing direct patch to 00101CA8
Writing direct patch to 00101CC4
Writing direct patch to 00101E90
Writing direct patch to 00102388
Writing direct patch to 001023F8
Writing direct patch to 00102408
Writing direct patch to 000E7DE8
Writing direct patch to 000E7FE0
Writing direct patch to 000E81D0
Writing direct patch to 000E8400
Writing direct patch to 000C4C2C
Writing direct patch to 00035E6C
Writing direct patch to 00038A40
Writing direct patch to 00038A5C
Writing direct patch to 000BC284
Writing direct patch to 000BC30C
Writing direct patch to 000BC354
Writing direct patch to 000BC978
Writing direct patch to 000BB974
Writing direct patch to 000BB9D0
Writing direct patch to 000BBA28
Writing direct patch to 000BBA8C
Writing direct patch to 000BBB04
Writing direct patch to 000B9DB0
Writing direct patch to 000E7898
Writing direct patch to 000E7908
Writing direct patch to 00080104
Writing direct patch to 000CBFC0
Writing direct patch to 000CC720
Writing direct patch to 0018D6E4
Writing direct patch to 0018DAA4
Writing direct patch to 0013AFE4
Writing direct patch to 0013B028
Writing direct patch to 0013B058
Writing direct patch to 0013D1C4
Writing direct patch to 0013D1F8
Writing direct patch to 007E1894
Writing direct patch to 0041B570
Writing direct patch to 0041BB84
Writing direct patch to 0041BE54
Writing direct patch to 0041C434
Writing direct patch to 0041DB2C
Writing direct patch to 000FAE54
Writing direct patch to 000FB070
Writing direct patch to 000C786C
Writing direct patch to 000BB5C8
Writing direct patch to 000BB5E4
Writing direct patch to 0013C118
Writing direct patch to 000CB8AC
Writing direct patch to 0000F298
Writing direct patch to 00011C84
Writing direct patch to 00012644
Writing direct patch to 0006A2C0
Writing direct patch to 0013E148
Writing direct patch to 0013E154
Writing direct patch to 0013E164
Writing direct patch to 0013E1EC
Writing direct patch to 0013E508
Writing direct patch to 0013E720
Writing direct patch to 0013EF1C
Writing direct patch to 0013EF30
Writing direct patch to 0013EF5C
Writing direct patch to 0013EF70
Writing direct patch to 0013F0BC
Writing direct patch to 0013F0CC
Writing direct patch to 0013F14C
Writing direct patch to 0013F160
Writing direct patch to 0013F18C
Writing direct patch to 0013F1A0
Writing direct patch to 0013F1E4
Writing direct patch to 0013F1F8
Writing direct patch to 0013F454
Writing direct patch to 0013F460
Writing direct patch to 0013F4A0
Writing direct patch to 0013F4E0
Writing direct patch to 0013F4E8
Writing direct patch to 0013F508
Writing direct patch to 0013F59C
Writing direct patch to 0013F5A8
Writing direct patch to 0013F7CC
Writing direct patch to 0013F7DC
Writing direct patch to 0013F86C
Writing direct patch to 0013F87C
Writing direct patch to 0013FA20
Writing direct patch to 0013FA30
Writing direct patch to 0013FA5C
Writing direct patch to 0013FA6C
Writing direct patch to 0013FA8C
Writing direct patch to 0013FA9C
Writing direct patch to 0013FC18
Writing direct patch to 0013FC20
Writing direct patch to 0013FC28
Writing direct patch to 0013FD00
Writing direct patch to 0013FD18
Writing direct patch to 0041D350
Writing direct patch to 0041D37C
Writing direct patch to 0041D78C
Writing direct patch to 000EBDFC
Writing direct patch to 000E7B3C
Writing direct patch to 00168090
Writing direct patch to 000BE1F0
Writing direct patch to 003E0A08
Writing direct patch to 003E0B00
Writing direct patch to 003E0EE4
Writing direct patch to 003E0EC4
Writing direct patch to 003CF5F0
Writing direct patch to 000FD540
Writing direct patch to 000FD5FC
Writing direct patch to 003392F8
Writing direct patch to 00339438
Writing direct patch to 00339784
Writing direct patch to 00339AC0
Writing direct patch to 003538C0
Writing direct patch to 000821F4
Writing direct patch to 0008245C
Writing direct patch to 00139688
Writing direct patch to 001396FC
Writing direct patch to 00139770
Writing direct patch to 001397E4
Writing direct patch to 00139858
Writing direct patch to 001398CC
Writing direct patch to 00139940
Writing direct patch to 001399B4
Writing direct patch to 0017622C
Writing direct patch to 003AEEE8
Writing direct patch to 0016E91C
Writing direct patch to 0016E934
Writing direct patch to 007E0F60
Writing direct patch to 00024010
Writing direct patch to 00024018
Writing direct patch to 0002405C
Writing direct patch to 0013C114
Writing direct patch to 00109390
Writing direct patch to 000CC17C
Writing direct patch to 000CC19C
Writing direct patch to 0019FF0C
Writing direct patch to 00180514
Writing direct patch to 00180528
Writing direct patch to 0018047C
Writing direct patch to 001804D0
Writing direct patch to 0032579C
Writing direct patch to 001A5BFC
Writing direct patch to 00174E3C
Writing direct patch to 00174E60
Writing direct patch to 00174E80
Writing direct patch to 001A6294
Writing direct patch to 001A60F8
Writing direct patch to 001A0998
Writing direct patch to 001A09F4
Writing direct patch to 001B7644
Writing direct patch to 001B519C
Writing direct patch to 001A5C98
Writing direct patch to 0001C9A0
Writing direct patch to 0001BC78
Writing direct patch to 001A5C28
Writing direct patch to 001A620C
Writing direct patch to 00E25E58
Writing direct patch to 0001BB0C
Writing direct patch to 0001C9F0
Writing direct patch to 0001BC68
Writing direct patch to 0001BE48
Writing direct patch to 0001D24C
Writing direct patch to 0017018C
Writing direct patch to 00192524
Writing direct patch to 001739F0
Writing direct patch to 000241B4
Writing direct patch to 00023FB8
Writing direct patch to 00E238E8
Writing direct patch to 00E23B74
Writing direct patch to 00E238F0
Writing direct patch to 00E23B7C
Writing direct patch to 00190698
Writing direct patch to 0016E8FC
Writing direct patch to 00180378
Writing direct patch to 001A0CB8
Writing direct patch to 001AD44C
Writing direct patch to 00180444
Writing direct patch to 001A0B7C
Writing direct patch to 001A0C34
Writing direct patch to 001A0E9C
Writing direct patch to 001A5DE4
Writing direct patch to 001A63B0
Writing direct patch to 001A6424
Writing direct patch to 001A6434
Writing direct patch to 001A6494
Writing direct patch to 001AD3C4
Writing direct patch to 001AD574
Writing direct patch to 0019C050
Writing direct patch to 0019C194
Writing direct patch to 001A0CB4
Writing direct patch to 001A0CC4
Writing direct patch to 001AD448
Writing direct patch to 0019F908
Writing direct patch to 0019F924
Writing direct patch to 0019F92C
Writing direct patch to 001AAF00
Writing direct patch to 001AAF1C
Writing direct patch to 001AAFFC
Writing direct patch to 001AB06C
Writing direct patch to 001A7024
Writing direct patch to 001AD458
Writing direct patch to 00180374
Writing direct patch to 001A7018
Writing direct patch to 001A5B6C
Writing direct patch to 001B6968
Writing direct patch to 0016F740
Writing direct patch to 0016F8BC
Writing direct patch to 00080D58
Writing direct patch to 00080DA8
Writing direct patch to 0018E27C
Writing direct patch to 0018E2E0
Writing direct patch to 0018E328
Writing direct patch to 000A2DC7
Writing direct patch to 00081C48
Writing direct patch to 00081D20
Writing direct patch to 00081C60
Writing direct patch to 00081D38
Writing direct patch to 00081C8C
Writing direct patch to 00081D64
Writing direct patch to 000D7DB4
Writing direct patch to 000D82CC
Writing direct patch to 000D82F0
Writing direct patch to 00180384
Writing direct patch to 004202D8
Writing direct patch to 00420310
Writing direct patch to 00080118
Writing direct patch to 00080180
Writing direct patch to 00080188
Writing direct patch to 00080A78
Writing direct patch to 00080AAC
Writing direct patch to 00080ABC
Writing direct patch to 00080AC4
Writing direct patch to 00080B48
Writing direct patch to 00080B50
Writing direct patch to 00080B58
Writing direct patch to 00080B60
Writing direct patch to 00080B64
Writing direct patch to 00080B7C
Writing direct patch to 00080C74
Writing direct patch to 00080CD4
Writing direct patch to 00080CE4
Writing direct patch to 00080CEC
Writing direct patch to 00080D08
Writing direct patch to 000838DC
Writing direct patch to 000838E8
Writing direct patch to 0008393C
Writing direct patch to 000CC064
Writing direct patch to 000CC070
Writing direct patch to 000CC768
Writing direct patch to 000CC790
Writing direct patch to 000CC7B4
Writing direct patch to 000CC7BC
Writing direct patch to 000CC944
Writing direct patch to 000CC948
Writing direct patch to 0013D854
Writing direct patch to 0013D858
Writing direct patch to 0013D870
Writing direct patch to 0013D878
Writing direct patch to 0018FB34
Writing direct patch to 00191C30
Writing direct patch to 00191C8C
Writing direct patch to 00191C94
Writing direct patch to 00191C58
Writing direct patch to 001967F8
Writing direct patch to 00196800
Writing direct patch to 00196804
Writing direct patch to 007E182C
Writing direct patch to 007E1838
Writing direct patch to 007E1840
Writing direct patch to 007E187C
Writing direct patch to 007E18E4
Writing direct patch to 007E1DD0
Writing direct patch to 007E1DD8
Writing direct patch to 007E1E78
Writing direct patch to 007E1E84
Writing direct patch to 007E1E94
Writing direct patch to 007E1EA0
Writing direct patch to 007E1FD8
Writing direct patch to 007E1FE4
Writing direct patch to 007E1FF4
Writing direct patch to 007E1FFC
Writing direct patch to 007E2130
Writing direct patch to 007E213C
Writing direct patch to 007E214C
Writing direct patch to 007E2154
Writing direct patch to 0041B0F4
Writing direct patch to 0041B108
Writing direct patch to 0041B128
Writing direct patch to 0041B130
Writing direct patch to 0041BB68
Writing direct patch to 0041BBA8
Writing direct patch to 0041BBC8
Writing direct patch to 0041BC0C
Writing direct patch to 0041BC14
Writing direct patch to 0041BE38
Writing direct patch to 0041BE78
Writing direct patch to 0041BE98
Writing direct patch to 0041BEDC
Writing direct patch to 0041BEE4
Writing direct patch to 0041C418
Writing direct patch to 0041C458
Writing direct patch to 0041C478
Writing direct patch to 0041C4BC
Writing direct patch to 0041C4C4
Writing direct patch to 0041DB40
Writing direct patch to 0041DB74
Writing direct patch to 0041DB9C
Writing direct patch to 0041DBA4
Writing direct patch to 000FB250
Writing direct patch to 000FB098
Writing direct patch to 000FB0D8
Writing direct patch to 000FB11C
Writing direct patch to 000FB124
Writing direct patch to 000FB1CC
Writing direct patch to 000FB1D8
Writing direct patch to 000FB500
Writing direct patch to 000FB508
Writing direct patch to 000FB510
Writing direct patch to 000FB518
Writing direct patch to 000FB58C
Writing direct patch to 000FB594
Writing direct patch to 000FB59C
Writing direct patch to 000FB5A4
Writing direct patch to 000FB5BC
Writing direct patch to 000FB5C4
Writing direct patch to 001A0BE8
Writing direct patch to 001AD370
Writing direct patch to 00195544
Writing direct patch to 00175C8C
Writing direct patch to 001A5C50
Writing direct patch to 001A5BE0
Writing direct patch to 001A5BEC
Writing direct patch to 001A5BF4
Writing direct patch to 001951C0
Writing direct patch to 0041A60C
Writing direct patch to 001A666C
Writing direct patch to 001A62A4
Writing direct patch to 0019E918
Writing direct patch to 0019EDB8
Finished reading global pointers:
80404EC0 = $Global_MapConfigTable
800878E0 = $Global_ItemTable
8008F060 = $Global_MoveTable
804050D0 = $Global_ActorNameTable
804054D0 = $Global_ActorTattleTable
804058D0 = $Global_ActorOffsetsTable
80500000 = $Global_WorldHeap
805C0000 = $Global_CollisionHeap
80680000 = $Global_SpriteHeap
80740000 = $Global_BattleHeap
80432460 = $GetDebugValueType
80432150 = $GetDebugValue
8041E510 = $Global_ItemEntityScripts
8041EB6C = $Global_ItemHudScripts
8041F824 = $Global_ItemIconRasters
8041FE80 = $Global_ItemIconPalettes
8044FE40 = $Debug_LogSetGameByte
8044FF30 = $Debug_LogSetGlobalFlag
80432D20 = $Debug_LogSetModByte
80450270 = $Debug_LogSetModFlag
80451F40 = $Function_PushTimestamp
80452020 = $Function_CheckSavestate
80456080 = $Function_CheckSavestate_B
804562D0 = $CureTarget
80456440 = $CureTargetNoEffects
8045A6C0 = $get_death_count
8045A680 = $GetDeathCount
8045A590 = $IncrementDeathCounter
8045AE80 = $DefenseDisplay
8045AC40 = $GetDefenseOfActor
8045B1B0 = $GetDefenseOfActor2
8045B3A0 = $DisableItems
8045B460 = $BattleResetButtonMask
8045B3C0 = $BattleBanBPress
8045B430 = $BattleBanZPress
8045B4F0 = $BluePipeFlag
8045B4E0 = $BluePipePalettePointer
8045B500 = $BluePipeLocation
8045B510 = $FindBluePipePalettePointer
8045B590 = $SetBluePipeColorWithTable
8045B7A0 = $DamageEffectFlag
8045B810 = $DamageEffect2Flag
8045B790 = $DamageEffectPointer
8045BBA0 = $DamageEffectPalettePointer
8045BBB0 = $DamageEffectBonusPointer
8045B880 = $FindDamageEffectPalettePointer
8045BAA0 = $FindDamageEffectBonusCode
8045B620 = $SetDamageEffectColorWithTable
8045B710 = $SetDamageEffectBonusCodeWithTable
8045BEA0 = $BigSwitchFlag
8045BDD0 = $BigSwitchPalettePointer
8045BC80 = $BigSwitchLocation
8045BC90 = $FindBigSwitchPalettePointer
8045BEB0 = $SetBigSwitchColorWithTable
8045C140 = $LockFlag
8045BF30 = $LockPalettePointer
8045C150 = $LockLocation
8045BFD0 = $FindLockPalettePointer
8045BF40 = $SetLockColorWithTable
8045C430 = $RSwitchFlag
8045C440 = $RSwitchPalettePointer
8045C160 = $RSwitchLocation
8045C3B0 = $FindRSwitchPalettePointer
8045C330 = $SetRSwitchColorWithTable
8045D340 = $Function_SetSaveBlockColorToDefault
8045CBC0 = $Function_SetSaveBlockColorToGray
8045CA90 = $Function_SetSaveBlockColorToRed
8045D1E0 = $WriteIntoDMACopy
8045E210 = $SetAuraToDark
8045DC60 = $ActorAuraType
8045EB60 = $Function_EquipAllBadges
8045EA80 = $Function_CountBadges
8045EAE0 = $CountBadges
8045F330 = $Function_HasGreedStone
8045EC00 = $HasGreedStone
8045EC20 = $Function_PartnerSwap
8045F360 = $KillMario
8045EFE0 = $Function_StunPartner
8045F2C0 = $Function_HPHeal
8045F030 = $Function_FPHeal
8045F590 = $Function_SubtractMaxHP
8045EEF0 = $Function_AddSP
8045F630 = $Clear_Inventory
8045EC50 = $Function_HasItems
8045F4C0 = $ShowCustomMessage
8045EE30 = $ShowCustomMessage_ASM
8045F3A0 = $Custom_80250EA4
8045ED50 = $Custom_8024FB3C
8045ED90 = $Custom_80250818
8045EF80 = $Function_SetLevel
8045ED10 = $Function_SetEscape
8045F970 = $PopupMenu_Byte
80460EB0 = $Script_SpecialFood
80464730 = $FreebieCounter
80464740 = $WasLastItemAFreebie
80464A30 = $BattlePerks
80464A10 = $FreeTurn
80464CC0 = $CopiedFileName
80464C20 = $GetFileName
80464B20 = $API_StrCmp
80464B90 = $memCmp
80464AE0 = $FileCode_Cheater
80464B00 = $FileCode_EasyMode
80464B70 = $FileCode_BadgeAnarchy
80464BE0 = $FileCode_NewGamePlus
80464B80 = $FileCode_NewGamePlusTwo
80464AF0 = $FileCode_ShyGuys
80464AA0 = $FileCode_ToadsOnly
80464BF0 = $FileCode_AntiGuy
80464C10 = $FileCode_CantWin
80464AD0 = $FileCode_Easier
80464AB0 = $FileCode_Sandbox
80464BD0 = $FileCode_Berserk
80464AC0 = $FileCode_FastMode
80464B10 = $FileCode_Biscuit
80464C00 = $FileCode_Berserk2
80465B50 = $IsRemovalItem
80467AF0 = $CurseMultiply
80467980 = $GetCurseState
80468000 = $Function_GetCurseState
80466680 = $HustleSpellCounter
80466650 = $MagicBlastBool
80467BE0 = $Data_TurnsSinceUsedCoins
80466C10 = $StellarNovaBoolean
80469290 = $DarkBeamBoolean
80465CC0 = $FlowerPowerBool
8046A4C0 = $HustleTarget
8046A3E0 = $HustleTargetNoEffects
8046A680 = $Function_SetAllHealth
8046AA00 = $Function_SetAllHealth_B
8046AB40 = $Function_SaveItems
8046ABD0 = $Function_LoadItems
8046AFA0 = $MagicConvertHPPlus
8046B200 = $MagicConvertHPDrain
8046B360 = $MagicConvertRefund
8046AC40 = $MagicConvertEasyFlee
8046B300 = $CheckMagicConvertPeachItems
8046AD90 = $MagicConvertPeachBakingItems
8046ACE0 = $MagicConvertKeyItems
8046B0E0 = $MagicConvertConsumableItems
8046AF30 = $SetNameOfStarToken
8046B1A0 = $MagicConvertStellarCoins
8046AE80 = $MagicConvertBadges
8046B080 = $MagicConvertCrazyFlower
8046B5E0 = $Function_ActivateLuigiChallenge
8046B760 = $Function_IsLuigiChallengeAccepted
8046B450 = $IsLuigiChallengeAccepted
8046BC40 = $Function_GetEndgameProgress
8046BE20 = $Has128Badges
8046CC50 = $OuttaSightAddress
8046CAB0 = $FlowerCoinsBPAddress
8046CA50 = $SetFlowerCoinsCost
8046CAA0 = $AirLiftBool
8046D0F0 = $CurseFlags
80471A60 = $InventoryFlag
80471C70 = $Script_PeachForceFlags
80471DD0 = $IsPowerOrMegaBounce
80471E40 = $RainbowStoneCheats
80472CC0 = $Function_CountRecipes
80472DA0 = $CountRecipes
80472E10 = $Function_SetAllRecipeFlags
804731B0 = $Function_NegateAllRecipeFlags
80472E90 = $FindUnusedRecipeItem
80473130 = $FindUnusedRecipeIngredient1
80472D20 = $FindUnusedRecipeIngredient2
80473230 = $Function_UnusedItem
80473050 = $Function_UnusedItemIngredient1
804730C0 = $Function_UnusedItemIngredient2
804737B0 = $StarPowerRemoval
80473D30 = $Function_WakeUp
80473B60 = $TempActorPointer
80474C50 = $Function_SetTattle
80474B60 = $Function_SetTattle_B
80474AB0 = $Function_SetTattle_C
80474BF0 = $Function_SetName
804748E0 = $Function_SetName_B
804747B0 = $Function_SetName_C
80474E20 = $PopTattles
80474D50 = $PopNames
80476230 = $EnableAutoBlock
80475310 = $ItemCostReductionData
804761B0 = $EternalCostIncreases
80475570 = $MiracleJellyData
80475030 = $TurnCountList
804760D0 = $AntiHustleToken
80475FA0 = $LoseHealthOverTime
804756C0 = $GetAreaVar
804753B0 = $CustomItemEffects
804759C0 = $EnviroScript
80475700 = $FirstTimeText
80475F80 = $TurnScript
804769C0 = $RandomBattleData
804765F0 = $IsBadgeEquipped
80476730 = $Function_GetPlayerDataByte
804764F0 = $Function_GetBattleDataByte
804768D0 = $Function_GetArbitraryByte
804762E0 = $Function_GetArbitraryShort
804766B0 = $Function_GetArbitraryWord
804767C0 = $Function_SetArbitraryByte
80476950 = $Function_SetArbitraryShort
80476580 = $Function_SetArbitraryWord
80476400 = $Function_GetMarioMaxHP
80476490 = $Function_GetMarioMaxFP
804764C0 = $Function_GetMarioFP
80476430 = $Function_CheckBadge
80476640 = $Function_CheckAbility
80476830 = $Function_CalculateAttack
80476360 = $Function_CalculateDefense
804777F0 = $MainAnimation
80476DC0 = $GlobalInRoom
Building battle data...
Reading patch file: battle/formation/patch/00 Area KMR Part 1.bpat
Reading patch for $Goomba
Reading patch for $SpikedGoomba
Reading patch for $Script_TakeTurn_8021BDDC
Reading patch for $Paragoomba
Reading patch for $DefenseTable_8021CB0C
Merged 27 regions to 14
$DefenseTable_8021CB0C will be placed at 80220EF4 (length = 14 bytes)
Changing pointer 8021CB0C to 80220EF4 ($DefenseTable_8021CB0C[0])
Reading patch file: battle/formation/patch/01 Area KMR Part 2.bpat
Reading patch for $Script_TakeTurn_8021A5A0
Reading patch for $Script_TakeTurn_8021C3B0
Reading patch for $Script_8021B388
Reading patch for $Script_8021D0C4
Reading patch for $Script_TakeTurn_8021E0F0
Reading patch for $Script_Init_8021EDB8
Reading patch for $Script_TakeTurn_8021FAF0
Reading patch for $Script_Init_802207B8
Reading patch for $GoombaKing
Reading patch for $Script_80221680
Reading patch for $Script_80221CD4
Merged 24 regions to 20
Reading patch file: battle/formation/patch/02 Area KMR Part 3.bpat
Reading patch for $JrTroopa1
Reading patch for $Script_TakeTurn_802234A4
Reading patch for $Script_NextTurn_80223D2C
Reading patch for $Script_80222C78
Reading patch for $SpikedGoomba
Reading patch for $Script_TakeTurn_8021B19C
Reading patch for $ParagoombaA
Reading patch for $DefenseTable_8021F75C
Reading patch for $ParagoombaB
Reading patch for $DefenseTable_80222A2C
Reading patch for $JrTroopa2
Reading patch for $Script_Init_80224A94
Reading patch for $Script_TakeTurn_80225314
Reading patch for $StatusTable_80225E60
Reading patch for $DefenseTable_80225E54
Reading patch for $JrTroopa3
Reading patch for $Script_TakeTurn_80226F58
Reading patch for $DefenseTable_80227F5C
Reading patch for $Script_TakeTurn_8022936C
Reading patch for $Script_NextTurn_80229B38
Reading patch for $JrTroopa5
Reading patch for $Script_TakeTurn_8022B4F0
Reading patch for $Script_NextTurn_8022BB44
Reading patch for $JrTroopa6
Reading patch for $Script_NextTurn_8023147C
Creating struct: $Script_HustleDrink
Creating struct: $Script_802A13D0
Creating struct: $Script_InfiniteTurns
Creating struct: $Script_InfiBigJump
Creating struct: $Script_InfiDoubleJump
Creating struct: $Script_InfiDash
Creating struct: $Script_InfiPunch
Creating struct: $IdleAnimations_Oof
Reading patch for $StatusTable_8022C43C
Reading patch for $Script_TakeTurn_8022D920
Merged 51 regions to 41
$Script_TakeTurn_80225314 will be placed at 80235048 (length = C90 bytes)
$Script_TakeTurn_8022936C will be placed at 80235CD8 (length = 92C bytes)
$Script_InfiDoubleJump will be placed at 8022936C (length = 5EC bytes)
$Script_InfiBigJump will be placed at 80225314 (length = 5E0 bytes)
$Script_InfiDash will be placed at 80236604 (length = 484 bytes)
$Script_HustleDrink will be placed at 8022D958 (length = 3E0 bytes)
$Script_InfiPunch will be placed at 80236A88 (length = 3B4 bytes)
$Script_InfiniteTurns will be placed at 80229958 (length = 188 bytes)
$NoStarPoints will be placed at 80224208 (length = 124 bytes)
$Script_802A13D0 will be placed at 8022BE2C (length = DC bytes)
$InfiniteTurns will be placed at 80234DD4 (length = 80 bytes)
$AttackDownTutorial will be placed at 80223088 (length = 74 bytes)
$IdleAnimations_Oof will be placed at 802315AC (length = 34 bytes)
$DefenseTable_80225E54 will be placed at 80223C34 (length = 14 bytes)
$DefenseTable_80227F5C will be placed at 8022BA4C (length = 14 bytes)
Changing pointer 80225314 to 80235048 ($Script_TakeTurn_80225314[0])
Changing pointer 80225E54 to 80223C34 ($DefenseTable_80225E54[0])
Changing pointer 80225E54 to 80223C34 ($DefenseTable_80225E54[0])
Changing pointer 80227F5C to 8022BA4C ($DefenseTable_80227F5C[0])
Changing pointer 80227F5C to 8022BA4C ($DefenseTable_80227F5C[0])
Changing pointer 8022936C to 80235CD8 ($Script_TakeTurn_8022936C[0])
Reading patch file: battle/formation/patch/03 Area MAC.bpat
Reading patch for $DefenseTable_80219D50
Reading patch for $StatusTable_80219D78
Reading patch for $Chan
Reading patch for $Script_NextTurn_8021CD7C
Reading patch for $Script_HandleEvent_8021AAB8
Reading patch for $Script_TakeTurn_Chan
Reading patch for $StatusTable_8021D3D0
Reading patch for $Lee
Reading patch for $LeeGoombario
Reading patch for $LeeKooper
Reading patch for $LeeBombette
Reading patch for $LeeParakarry
Reading patch for $DefenseTable_802233D4
Reading patch for $LeeBow
Reading patch for $DefenseTable_8022445C
Reading patch for $LeeWatt
Reading patch for $DefenseTable_802259C0
Reading patch for $LeeSushie
Reading patch for $LeeLakilester
Reading patch for $DefenseTable_80228464
Reading patch for $Function_GetPartner
Reading patch for $Script_Init_8021D4C8
Reading patch for $Script_TakeTurn_80229F9C
Reading patch for $Script_NextTurn_8022A038
Reading patch for $Script_FlyingTackle
Reading patch for $Script_TakeTurn_80221200
Reading patch for $Script_TakeTurn_802229C4
Reading patch for $Script_TakeTurn_80224304
Creating struct: $Script_ShellShot
Reading patch for $Script_TakeTurn_80226004
Reading patch for $Script_TakeTurn_802270BC
Creating struct: $Function_SpinySpawn
Reading patch for $Script_TakeTurn_80228B78
Creating struct: $Script_SummonClone
Reading patch for $Script_CopyPartner
Reading patch for $JumpTable_80232B40
Reading patch for $Function_80219824
Creating struct: $LeeCloneSpawnPos
Creating struct: $LeeClone1Formation
Creating struct: $LeeClone2Formation
Creating struct: $LeeClone
Creating struct: $Script_LeeCloneInit
Creating struct: $SpecialFormation_Buzzatrice
Creating struct: $IdleAnimations_Buzzatrice
Creating struct: $DefenseTable_Buzzatrice
Creating struct: $PartsTable_Buzzatrice
Creating struct: $LeeBuzzatrice
Creating struct: $Script_Init_Buzzatrice
Creating struct: $Script_Idle_Buzzatrice
Creating struct: $Script_HandleEvent_Buzzatrice
Creating struct: $Script_DamageCalc
Creating struct: $Script_MagicBlast
Creating struct: $Function_80218200
Creating struct: $Script_MagicBeam
Creating struct: $Function_ChargeCheck
Creating struct: $Function_YellowWaterBeam
Creating struct: $Function_PinkWaterBeam
Creating struct: $Function_CyanWaterBeam
Creating struct: $Script_TakeTurn_Buzzatrice
Creating struct: $Script_NextTurn_Buzzatrice
Reading patch for $TheMaster1
Reading patch for $StatusTable_8022A2B8
Reading patch for $Script_Init_8022A3B0
Reading patch for $Script_HandleEvent_8022B2CC
Reading patch for $Script_TakeTurn_8022AA54
Reading patch for $StatusTable_8022B6E4
Reading patch for $DefenseTable_8022B6D8
Reading patch for $TheMaster2
Reading patch for $Script_Init_8022B7DC
Reading patch for $Script_HandleEvent_8022D634
Reading patch for $Script_SingleStrike2
Reading patch for $Script_DoubleStrike2
Reading patch for $Script_TakeTurn_8022CF48
Reading patch for $StatusTable_8022DA44
Reading patch for $DefenseTable_8022DA38
Reading patch for $TheMaster3
Reading patch for $Script_Init_8022DB60
Creating struct: $HandleDeath
Creating struct: $IdleAnimations_Exhausted
Reading patch for $Script_8022DC44
Reading patch for $Script_HandleEvent_80231408
Reading patch for $Script_SingleStrike3
Reading patch for $Script_DoubleStrike3
Reading patch for $Script_TripleStrike3
Creating struct: $Script_QuintupleStrike3
Reading patch for $Script_TakeTurn_80230B20
Reading patch for $Script_NextTurn_80230D44
Creating struct: $Script_FP_Drain
Creating struct: $Script_TenHitCombo
Merged 53 regions to 40
$Script_TenHitCombo will be placed at 80232C18 (length = 1AC4 bytes)
$Script_TakeTurn_802270BC will be placed at 802346DC (length = 1278 bytes)
$Script_QuintupleStrike3 will be placed at 802270BC (length = 1090 bytes)
$Script_TakeTurn_802229C4 will be placed at 80235954 (length = D58 bytes)
$Script_TakeTurn_80228B78 will be placed at 802366AC (length = B74 bytes)
$Script_TakeTurn_80226004 will be placed at 80228B78 (length = A0C bytes)
$Script_MagicBeam will be placed at 80226004 (length = 71C bytes)
$Script_MagicBlast will be placed at 802229C4 (length = 464 bytes)
$Script_ShellShot will be placed at 80231310 (length = 45C bytes)
$Script_HandleEvent_Buzzatrice will be placed at 80237220 (length = 440 bytes)
$Script_NextTurn_8022A038 will be placed at 80222E28 (length = 414 bytes)
$Script_HandleEvent_8022B2CC will be placed at 80237660 (length = 3DC bytes)
$Script_HandleEvent_80231408 will be placed at 80237A3C (length = 384 bytes)
$Script_TakeTurn_80230B20 will be placed at 8021B4BC (length = 2BC bytes)
$Script_Init_8021D4C8 will be placed at 80229D84 (length = 204 bytes)
$Script_FP_Drain will be placed at 8022E144 (length = 188 bytes)
$Script_SummonClone will be placed at 80230028 (length = 184 bytes)
$Function_80218200 will be placed at 8022CDEC (length = 15C bytes)
$Function_SpinySpawn will be placed at 8021DFF8 (length = E4 bytes)
$Script_Init_8022DB60 will be placed at 8021D4C8 (length = E4 bytes)
$Script_LeeCloneInit will be placed at 8022207C (length = E0 bytes)
$Function_80219824 will be placed at 8022AF34 (length = D8 bytes)
$Script_DamageCalc will be placed at 8021D014 (length = 9C bytes)
$Script_NextTurn_Buzzatrice will be placed at 8022DB60 (length = 94 bytes)
$Function_GetPartner will be placed at 802197B8 (length = 80 bytes)
$Function_PinkWaterBeam will be placed at 8022F280 (length = 6C bytes)
$Function_YellowWaterBeam will be placed at 8022C45C (length = 6C bytes)
$Function_CyanWaterBeam will be placed at 8022E8F0 (length = 6C bytes)
$Script_TakeTurn_80224304 will be placed at 80230B20 (length = 6C bytes)
$Script_TakeTurn_Buzzatrice will be placed at 8021CAA4 (length = 68 bytes)
$Function_ChargeCheck will be placed at 8022A010 (length = 60 bytes)
$HandleDeath will be placed at 8022B2CC (length = 5C bytes)
$Script_Init_Buzzatrice will be placed at 8022814C (length = 5C bytes)
$MyPowerGrows will be placed at 80229584 (length = 58 bytes)
$IdleAnimations_Buzzatrice will be placed at 80226720 (length = 4C bytes)
$IdleAnimations_Exhausted will be placed at 8022323C (length = 4C bytes)
$PartsTable_Buzzatrice will be placed at 80237DC0 (length = 48 bytes)
$JumpTable_80232B40 will be placed at 80232B40 (length = 28 bytes)
$LeeBuzzatrice will be placed at 80232BC8 (length = 28 bytes)
$LeeClone will be placed at 8022D95C (length = 28 bytes)
$DefenseTable_802259C0 will be placed at 8021B778 (length = 24 bytes)
$SpecialFormation_Buzzatrice will be placed at 80224304 (length = 1C bytes)
$LeeClone2Formation will be placed at 8022E2CC (length = 1C bytes)
$LeeClone1Formation will be placed at 802301AC (length = 1C bytes)
$DefenseTable_Buzzatrice will be placed at 8022215C (length = 1C bytes)
$DefenseTable_8022445C will be placed at 802259C0 (length = 14 bytes)
$DefenseTable_802233D4 will be placed at 8022CFE8 (length = 14 bytes)
$DefenseTable_80228464 will be placed at 8022B898 (length = 14 bytes)
$LeeCloneSpawnPos will be placed at 802233D4 (length = C bytes)
$Script_Idle_Buzzatrice will be placed at 8022A48C (length = 8 bytes)
Changing pointer 80232C4C to 80237E3C ($End[2C])
Changing pointer 80232C50 to 80237E40 ($End[30])
Changing pointer 80232C50 to 80237E40 ($End[30])
Changing pointer 80232C20 to 80237E10 ($End[0])
Changing pointer 80232C20 to 80237E10 ($End[0])
Changing pointer 80232C20 to 80237E10 ($End[0])
Changing pointer 80232C50 to 80237E40 ($End[30])
Changing pointer 80232C4C to 80237E3C ($End[2C])
Changing pointer 80232C50 to 80237E40 ($End[30])
Changing pointer 80232C20 to 80237E10 ($End[0])
Changing pointer 802198D4 to 8022AFE4 ($Function_80219824[B0])
Changing pointer 802198D4 to 8022AFE4 ($Function_80219824[B0])
Changing pointer 802198D4 to 8022AFE4 ($Function_80219824[B0])
Changing pointer 802198D4 to 8022AFE4 ($Function_80219824[B0])
Changing pointer 802198D4 to 8022AFE4 ($Function_80219824[B0])
Changing pointer 802198D4 to 8022AFE4 ($Function_80219824[B0])
Changing pointer 802198D4 to 8022AFE4 ($Function_80219824[B0])
Changing pointer 8021D4C8 to 80229D84 ($Script_Init_8021D4C8[0])
Changing pointer 8022A038 to 80222E28 ($Script_NextTurn_8022A038[0])
Changing pointer 802229C4 to 80235954 ($Script_TakeTurn_802229C4[0])
Changing pointer 802233D4 to 8022CFE8 ($DefenseTable_802233D4[0])
Changing pointer 802233D4 to 8022CFE8 ($DefenseTable_802233D4[0])
Changing pointer 80224304 to 80230B20 ($Script_TakeTurn_80224304[0])
Changing pointer 8022445C to 802259C0 ($DefenseTable_8022445C[0])
Changing pointer 8022445C to 802259C0 ($DefenseTable_8022445C[0])
Changing pointer 802259C0 to 8021B778 ($DefenseTable_802259C0[0])
Changing pointer 802259C0 to 8021B778 ($DefenseTable_802259C0[0])
Changing pointer 80226004 to 80228B78 ($Script_TakeTurn_80226004[0])
Changing pointer 802270BC to 802346DC ($Script_TakeTurn_802270BC[0])
Changing pointer 80228464 to 8022B898 ($DefenseTable_80228464[0])
Changing pointer 80228464 to 8022B898 ($DefenseTable_80228464[0])
Changing pointer 80228B78 to 802366AC ($Script_TakeTurn_80228B78[0])
Changing pointer 80219824 to 8022AF34 ($Function_80219824[0])
Changing pointer 8022B2CC to 80237660 ($Script_HandleEvent_8022B2CC[0])
Changing pointer 8022DB60 to 8021D4C8 ($Script_Init_8022DB60[0])
Changing pointer 80230B20 to 8021B4BC ($Script_TakeTurn_80230B20[0])
Changing pointer 80231408 to 80237A3C ($Script_HandleEvent_80231408[0])
Changing pointer 80219878 to 8022AF88 ($Function_80219824[54])
Changing pointer 80219884 to 8022AF94 ($Function_80219824[60])
Changing pointer 80219890 to 8022AFA0 ($Function_80219824[6C])
Changing pointer 8021989C to 8022AFAC ($Function_80219824[78])
Changing pointer 802198D4 to 8022AFE4 ($Function_80219824[B0])
Changing pointer 802198B4 to 8022AFC4 ($Function_80219824[90])
Changing pointer 802198C0 to 8022AFD0 ($Function_80219824[9C])
Changing pointer 802198CC to 8022AFDC ($Function_80219824[A8])
Changing pointer 802198A8 to 8022AFB8 ($Function_80219824[84])
Reading patch file: battle/formation/patch/04 Area HOS.bpat
Reading patch file: battle/formation/import/newenemy/Master4.patch
Creating struct: $FurtherBeyond
Creating struct: $IdleAnimations_8022D9A0_THREE
Creating struct: $IdleAnimations_8022D9EC_THREE
Creating struct: $IdleAnimations_Rest
Creating struct: $DefenseTable_8022DA38_THREE
Creating struct: $StatusTable_Master4
Creating struct: $PartsTable_Master4
Creating struct: $Script_Init_Master4
Creating struct: $Script_Idle_8022DC34_THREE
Creating struct: $Script_8022DC44_THREE
Creating struct: $Script_TakeTurn_80230B20_THREE
Creating struct: $HandleDeath
Creating struct: $Script_NextTurn_80230D44_THREE
Creating struct: $Script_HandleEvent_80231408_THREE
Creating struct: $Script_FirstDashAttack
Creating struct: $Script_FinalCombo
Creating struct: $Script_DashAttack
Creating struct: $Script_TeleportCombo
Creating struct: $Script_MeleeComboA
Creating struct: $Script_MeleeComboB
Creating struct: $Script_SaveStatesAreIllegal
Creating struct: $PushTimestamp
Creating struct: $Script_SaveStateCheck
Creating struct: $Script_SaveStateCheckIfDead
Reading patch for $Ember
Reading patch for $DefenseTable_8021ACB0
Reading patch for $StatusTable_8021ACD4
Reading patch for $Script_Split
Reading patch for $Script_TakeTurn_8021D284
Reading patch for $Script_8021BE64
Reading patch for $Script_8021CBC8
Reading patch for $Script_8021C654
Reading patch for $Magikoopa
Reading patch for $FlyingMagikoopa
Reading patch for $DefenseTable_8021D48C
Reading patch for $Script_ShapeSpell
Reading patch for $FormationTable
Creating struct: $Formation_04
Merged 22 regions to 15
$Script_FinalCombo will be placed at 802260E4 (length = 1FAC bytes)
$Script_MeleeComboB will be placed at 80228090 (length = 1238 bytes)
$Script_TeleportCombo will be placed at 802292C8 (length = D98 bytes)
$Script_MeleeComboA will be placed at 8022A060 (length = 7BC bytes)
$Script_NextTurn_80230D44_THREE will be placed at 8022A81C (length = 714 bytes)
$Script_DashAttack will be placed at 8022AF30 (length = 67C bytes)
$Script_FirstDashAttack will be placed at 8022B5AC (length = 660 bytes)
$Script_SaveStatesAreIllegal will be placed at 8022BC0C (length = 5F8 bytes)
$Script_TakeTurn_80230B20_THREE will be placed at 8022C204 (length = 53C bytes)
$Script_8022DC44_THREE will be placed at 8022C740 (length = 500 bytes)
$Script_HandleEvent_80231408_THREE will be placed at 8021D050 (length = 280 bytes)
$Script_TakeTurn_8021D284 will be placed at 8022CC40 (length = 250 bytes)
$Script_Init_Master4 will be placed at 8021D2D0 (length = 118 bytes)
$StatusTable_Master4 will be placed at 8021CADC (length = AC bytes)
$NotOverYet will be placed at 8022CE90 (length = A8 bytes)
$SaveStatesAreIllegal will be placed at 8021D3E8 (length = 7C bytes)
$FormationTable will be placed at 8022CF38 (length = 78 bytes)
$BattleStart will be placed at 8022CFB0 (length = 70 bytes)
$Rest will be placed at 8022D020 (length = 68 bytes)
$NoMore will be placed at 80225F24 (length = 5C bytes)
$HandleDeath will be placed at 8022D088 (length = 5C bytes)
$Script_SaveStateCheckIfDead will be placed at 8022D0E4 (length = 58 bytes)
$TimesUp will be placed at 80226080 (length = 4C bytes)
$IdleAnimations_8022D9A0_THREE will be placed at 8022D13C (length = 4C bytes)
$IdleAnimations_Rest will be placed at 8022D188 (length = 4C bytes)
$NiceHit will be placed at 8022D1D4 (length = 4C bytes)
$IdleAnimations_8022D9EC_THREE will be placed at 8022D220 (length = 4C bytes)
$Pathetic will be placed at 8022D26C (length = 4C bytes)
$PartsTable_Master4 will be placed at 8022D2B8 (length = 48 bytes)
$YouCannotWin will be placed at 8022D300 (length = 48 bytes)
$CutYouDown will be placed at 8021CB88 (length = 40 bytes)
$SaveStatesAreIllegal2 will be placed at 8022D348 (length = 3C bytes)
$Script_SaveStateCheck will be placed at 8022D384 (length = 38 bytes)
$Thisistogo will be placed at 8022D3BC (length = 34 bytes)
$DefenseTable_8021ACB0 will be placed at 8021ACA8 (length = 2C bytes)
$FurtherBeyond will be placed at 8022D3F0 (length = 28 bytes)
$Formation_04 will be placed at 8021D464 (length = 1C bytes)
$NowPerish will be placed at 8022D418 (length = 14 bytes)
$Perish will be placed at 8022D42C (length = 10 bytes)
$DefenseTable_8022DA38_THREE will be placed at 80218014 (length = C bytes)
$Script_Idle_8022DC34_THREE will be placed at 80219008 (length = 8 bytes)
$PushTimestamp will be placed at 802255D8 (length = 8 bytes)
Overwriting pointer to deleted struct $SJIS_802260B4
Overwriting pointer to deleted struct $SJIS_802260A8
Overwriting pointer to deleted struct $SJIS_8022609C
Overwriting pointer to deleted struct $SJIS_80226080
Changing pointer 8021ACB0 to 8021ACA8 ($DefenseTable_8021ACB0[0])
Changing pointer 8021ACB0 to 8021ACA8 ($DefenseTable_8021ACB0[0])
Changing pointer 8021ACB0 to 8021ACA8 ($DefenseTable_8021ACB0[0])
Changing pointer 8021ACB0 to 8021ACA8 ($DefenseTable_8021ACB0[0])
Changing pointer 8021ACB0 to 8021ACA8 ($DefenseTable_8021ACB0[0])
Changing pointer 8021D284 to 8022CC40 ($Script_TakeTurn_8021D284[0])
Reading patch file: battle/formation/patch/05 Area NOK.bpat
Reading patch file: battle/formation/import/newenemy/CheepCheep.bpat
Creating struct: $CheepCheep
Creating struct: $DefenseTable_CheepCheep
Creating struct: $StatusTable_CheepCheep
Creating struct: $PartsTable_CheepCheep
Creating struct: $IdleAnimations_CheepCheep
Creating struct: $Script_Init_CheepCheep
Creating struct: $Script_Idle_CheepCheep
Creating struct: $Script_HandleEvent_CheepCheep
Creating struct: $Script_TakeTurn_CheepCheep
Creating struct: $Script_Bellyflop
Creating struct: $Script_Bellyflop2
Reading patch file: battle/formation/import/newenemy/Lickit.bpat
Creating struct: $Lickit
Creating struct: $IdleAnimations_80227DD0_Lickit
Creating struct: $IdleAnimations_80227E1C_Lickit
Creating struct: $IdleAnimations_80227E28_Lickit
Creating struct: $DefenseTable_80227E34_Lickit
Creating struct: $StatusTable_80227E40_Lickit
Creating struct: $PartsTable_80227EEC_Lickit
Creating struct: $Script_Init_80227F80_Lickit
Creating struct: $Script_Idle_80227FCC_Lickit
Creating struct: $Script_80227FDC_Lickit
Creating struct: $Script_HandleEvent_80228030_Lickit
Creating struct: $Script_Lick_Lickit
Creating struct: $Script_TakeTurn_Lickit
Reading patch for $StageTable
Creating struct: $Stage_Pit1
Creating struct: $Script_BeforeBattle_Pit
Creating struct: $Script_AfterBattle_Pit
Reading patch for $FormationTable
Reading patch for $Formation_04
Reading patch for $Formation_05
Reading patch for $Formation_06
Reading patch for $Formation_0B
Reading patch for $Formation_0C
Reading patch for $Formation_0D
Reading patch for $Formation_0F
Reading patch for $Formation_10
Reading patch for $Formation_11
Creating struct: $Formation_19
Creating struct: $Formation_1A
Creating struct: $Formation_1B
Creating struct: $Formation_1C
Creating struct: $Formation_1D
Creating struct: $Formation_1E
Reading patch for $Goomba
Reading patch for $Paragoomba
Reading patch for $DefenseTable_8021B11C
Reading patch for $SpikedGoomba
Reading patch for $Script_TakeTurn_8021F1BC
Reading patch for $KoopaTroopa
Reading patch for $Script_TakeTurn_8022131C
Reading patch for $Fuzzy
Reading patch for $Paratroopa
Reading patch for $DefenseTable_8022392C
Reading patch for $Script_TakeTurn_80224854
Reading patch for $KentCKoopa
Reading patch for $Script_Init_80227C20
Reading patch for $StatusTable_80227A08
Reading patch for $DefenseTable_802279DC
Reading patch for $DefenseTable_802279F0
Reading patch for $DefenseTable_802279FC
Reading patch for $PartsTable_80227AB4
Creating struct: $SetShellSpeed
Reading patch for $Script_TakeTurn_80228A7C
Reading patch for $Script_ShellToss_KentC
Reading patch for $Script_Tackle_KentC
Creating struct: $Script_Tackle2_KentC
Merged 51 regions to 24
$Script_Bellyflop will be placed at 8022BEFC (length = C6C bytes)
$Script_Bellyflop2 will be placed at 8022CB68 (length = C6C bytes)
$Script_Tackle2_KentC will be placed at 8022D7D4 (length = 9F8 bytes)
$Script_HandleEvent_CheepCheep will be placed at 8022E1CC (length = 4F8 bytes)
$Script_HandleEvent_80228030_Lickit will be placed at 8022E6C4 (length = 378 bytes)
$Script_Lick_Lickit will be placed at 8022EA3C (length = 364 bytes)
$FormationTable will be placed at 8022AA94 (length = 280 bytes)
$SetShellSpeed will be placed at 80229ED8 (length = 14C bytes)
$StatusTable_80227E40_Lickit will be placed at 8022BC00 (length = AC bytes)
$StatusTable_CheepCheep will be placed at 80219520 (length = AC bytes)
$Formation_0C will be placed at 80219114 (length = 70 bytes)
$Formation_06 will be placed at 8022EDA0 (length = 70 bytes)
$Formation_1B will be placed at 8022AD14 (length = 70 bytes)
$Formation_1E will be placed at 8022A024 (length = 70 bytes)
$Formation_1C will be placed at 8022BCAC (length = 70 bytes)
$Formation_1D will be placed at 802195CC (length = 70 bytes)
$Script_TakeTurn_CheepCheep will be placed at 8022EE10 (length = 6C bytes)
$PartsTable_80227EEC_Lickit will be placed at 8022BD1C (length = 6C bytes)
$Script_TakeTurn_Lickit will be placed at 8021963C (length = 64 bytes)
$Formation_0B will be placed at 80218F8C (length = 54 bytes)
$Formation_11 will be placed at 8022EE7C (length = 54 bytes)
$Formation_04 will be placed at 8022BD88 (length = 54 bytes)
$Script_Init_CheepCheep will be placed at 802196A0 (length = 4C bytes)
$IdleAnimations_CheepCheep will be placed at 8022EED0 (length = 4C bytes)
$IdleAnimations_80227DD0_Lickit will be placed at 802196EC (length = 4C bytes)
$Script_80227FDC_Lickit will be placed at 8022A094 (length = 3C bytes)
$Script_Init_80227F80_Lickit will be placed at 80218F00 (length = 38 bytes)
$Formation_1A will be placed at 8021930C (length = 38 bytes)
$StageTable will be placed at 80227CF8 (length = 30 bytes)
$Stage_Pit1 will be placed at 8022BDDC (length = 28 bytes)
$CheepCheep will be placed at 8022EF1C (length = 28 bytes)
$Lickit will be placed at 8022EF44 (length = 28 bytes)
$PartsTable_CheepCheep will be placed at 8022EF6C (length = 24 bytes)
$Formation_19 will be placed at 80219184 (length = 1C bytes)
$DefenseTable_8022392C will be placed at 80219738 (length = 14 bytes)
$ASCII_"pit_b01_shape"_Literal will be placed at 8022BE04 (length = 10 bytes)
$ASCII_"pit_b01_hit"_Literal will be placed at 80218B44 (length = C bytes)
$DefenseTable_CheepCheep will be placed at 8022392C (length = C bytes)
$IdleAnimations_80227E1C_Lickit will be placed at 8022BB14 (length = C bytes)
$IdleAnimations_80227E28_Lickit will be placed at 8022BB84 (length = C bytes)
$DefenseTable_80227E34_Lickit will be placed at 8022EF90 (length = C bytes)
$ASCII_"pit_01"_Literal will be placed at 8022EF9C (length = C bytes)
$Script_BeforeBattle_Pit will be placed at 80218558 (length = 8 bytes)
$Script_AfterBattle_Pit will be placed at 80218A18 (length = 8 bytes)
$ASCII_"kpa_tex"_Literal will be placed at 8021B108 (length = 8 bytes)
$Script_Idle_80227FCC_Lickit will be placed at 8022919C (length = 8 bytes)
$Script_Idle_CheepCheep will be placed at 8022B5E8 (length = 8 bytes)
Overwriting pointer to deleted struct $SJIS_8022BE10
Overwriting pointer to deleted struct $SJIS_8022BDF8
Overwriting pointer to deleted struct $SJIS_8022BDE8
Overwriting pointer to deleted struct $SJIS_8022BDCC
Overwriting pointer to deleted struct $SJIS_8022BDBC
Overwriting pointer to deleted struct $SJIS_8022BDA0
Overwriting pointer to deleted struct $SJIS_8022BD90
Overwriting pointer to deleted struct $SJIS_8022BD80
Overwriting pointer to deleted struct $SJIS_8022BD6C
Overwriting pointer to deleted struct $SJIS_8022BD60
Overwriting pointer to deleted struct $SJIS_8022BD54
Overwriting pointer to deleted struct $SJIS_8022BD3C
Overwriting pointer to deleted struct $SJIS_8022BD24
Overwriting pointer to deleted struct $SJIS_8022BD08
Overwriting pointer to deleted struct $SJIS_8022BCEC
Overwriting pointer to deleted struct $SJIS_8022BCC8
Overwriting pointer to deleted struct $SJIS_8022BCA0
Overwriting pointer to deleted struct $SJIS_8022BC94
Overwriting pointer to deleted struct $SJIS_8022BC80
Overwriting pointer to deleted struct $SJIS_8022BC5C
Overwriting pointer to deleted struct $SJIS_8022BC38
Overwriting pointer to deleted struct $SJIS_8022BC2C
Overwriting pointer to deleted struct $SJIS_8022BC1C
Overwriting pointer to deleted struct $SJIS_8022BC0C
Overwriting pointer to deleted struct $SJIS_8022BC00
Changing pointer 80218F00 to 8022BD88 ($Formation_04[0])
Changing pointer 80218F8C to 8022EDA0 ($Formation_06[0])
Changing pointer 80219114 to 80218F8C ($Formation_0B[0])
Changing pointer 8021914C to 80219114 ($Formation_0C[0])
Changing pointer 8021930C to 8022EE7C ($Formation_11[0])
Changing pointer 8022392C to 80219738 ($DefenseTable_8022392C[0])
Reading patch file: battle/formation/patch/06 Area TRD Part 1.bpat
Reading patch file: battle/formation/import/newenemy/CheepCheep.bpat
Creating struct: $CheepCheep
Creating struct: $DefenseTable_CheepCheep
Creating struct: $StatusTable_CheepCheep
Creating struct: $PartsTable_CheepCheep
Creating struct: $IdleAnimations_CheepCheep
Creating struct: $Script_Init_CheepCheep
Creating struct: $Script_Idle_CheepCheep
Creating struct: $Script_HandleEvent_CheepCheep
Creating struct: $Script_TakeTurn_CheepCheep
Creating struct: $Script_Bellyflop
Creating struct: $Script_Bellyflop2
Reading patch for $Formation_04
Reading patch for $Formation_05
Reading patch for $Formation_08
Reading patch for $Formation_0A
Reading patch for $Formation_0D
Reading patch for $Formation_10
Reading patch for $Formation_12
Reading patch for $Formation_16
Reading patch for $Formation_19
Creating struct: $Formation_1B
Creating struct: $Formation_1C
Creating struct: $Formation_1D
Reading patch for $FormationTable
Reading patch for $StageTable
Creating struct: $Stage_Pit1
Creating struct: $Script_BeforeBattle_Pit
Creating struct: $Script_AfterBattle_Pit
Reading patch for $DefenseTable_80218F60
Reading patch for $Script_TakeTurn_802197C0
Reading patch for $DefenseTable_80219D20
Reading patch for $DefenseTable_8021A5A8
Reading patch for $Script_BlastAttack
Reading patch for $Script_TakeTurn_8021C89C
Reading patch for $KoopaTroopa
Reading patch for $Script_TakeTurn_8021DD9C
Reading patch for $Paratroopa
Reading patch for $Script_TakeTurn_8021FA24
Creating struct: $IdleAnimations_RBombomb
Creating struct: $IdleAnimations_RBombomb2
Creating struct: $DefenseTable_RBombomb
Creating struct: $StatusTable_RBombomb
Creating struct: $StatusTable_RBombomb2
Creating struct: $PartsTable_RBombomb
Creating struct: $Red_Bobomb
Creating struct: $Script_Init_RBombomb
Creating struct: $Script_Idle_RBombomb
Creating struct: $Script_Ignite_R
Creating struct: $Script_8021A9C8_R
Creating struct: $Script_8021AAE8_R
Creating struct: $Script_8021AB54_R
Creating struct: $Script_HandleEvent_RBombomb
Creating struct: $Script_HandleEvent_8021B4A8_R
Creating struct: $Script_TackleAttack_R
Creating struct: $Script_BlastAttack_R
Creating struct: $Script_TakeTurn_RBombomb
Creating struct: $IdleAnimations_Bobuke
Creating struct: $IdleAnimations_Bobuke2
Creating struct: $DefenseTable_Bobuke
Creating struct: $DefenseTable_Bobuke2
Creating struct: $StatusTable_Bobuke
Creating struct: $StatusTable_Bobuke2
Creating struct: $PartsTable_Bobuke
Creating struct: $Bobuke
Creating struct: $Script_Init_Bobuke
Creating struct: $Script_Idle_Bobuke
Creating struct: $Script_Ignite_B
Creating struct: $Script_8021A9C8_B
Creating struct: $Script_8021AAE8_B
Creating struct: $Script_8021AB54_B
Creating struct: $Script_HandleEvent_Bobuke
Creating struct: $Script_HandleEvent_8021B4A8_B
Creating struct: $Script_TackleAttack_B
Creating struct: $Script_BlastAttack_B
Creating struct: $Script_TakeTurn_Bobuke
Merged 55 regions to 23
$Script_Bellyflop will be placed at 80228148 (length = C6C bytes)
$Script_Bellyflop2 will be placed at 80228DB4 (length = C6C bytes)
$Script_TackleAttack_B will be placed at 80229A20 (length = 728 bytes)
$Script_TackleAttack_R will be placed at 8022A148 (length = 728 bytes)
$Script_HandleEvent_RBombomb will be placed at 8022A870 (length = 57C bytes)
$Script_HandleEvent_Bobuke will be placed at 8022ADEC (length = 534 bytes)
$Script_HandleEvent_CheepCheep will be placed at 8022B320 (length = 4F8 bytes)
$Script_HandleEvent_8021B4A8_B will be placed at 8022B818 (length = 4C8 bytes)
$Script_HandleEvent_8021B4A8_R will be placed at 8022BCE0 (length = 494 bytes)
$Script_BlastAttack_B will be placed at 8022C174 (length = 3B8 bytes)
$Script_BlastAttack_R will be placed at 8022C52C (length = 3AC bytes)
$FormationTable will be placed at 80218CB0 (length = 26C bytes)
$Script_Ignite_B will be placed at 80227CC4 (length = 19C bytes)
$Script_Ignite_R will be placed at 8022C8D8 (length = 188 bytes)
$Script_8021AB54_R will be placed at 8022CA60 (length = 150 bytes)
$Script_8021AB54_B will be placed at 8022CBB0 (length = 150 bytes)
$Script_8021A9C8_R will be placed at 8022CD00 (length = F0 bytes)
$Script_8021A9C8_B will be placed at 8022CDF0 (length = F0 bytes)
$Script_TakeTurn_Bobuke will be placed at 8022CEE0 (length = E0 bytes)
$StatusTable_Bobuke2 will be placed at 8022CFC0 (length = AC bytes)
$Script_TakeTurn_RBombomb will be placed at 8022D06C (length = AC bytes)
$StatusTable_Bobuke will be placed at 8022D118 (length = AC bytes)
$StatusTable_RBombomb2 will be placed at 8022D1C4 (length = AC bytes)
$StatusTable_CheepCheep will be placed at 8022D270 (length = AC bytes)
$StatusTable_RBombomb will be placed at 8022D31C (length = AC bytes)
$StageTable will be placed at 8022D3C8 (length = 80 bytes)
$Script_Init_Bobuke will be placed at 8022D448 (length = 74 bytes)
$Formation_1C will be placed at 8022D4BC (length = 70 bytes)
$Script_TakeTurn_CheepCheep will be placed at 8022D52C (length = 6C bytes)
$Script_Init_RBombomb will be placed at 8022D598 (length = 60 bytes)
$Formation_0A will be placed at 8022D5F8 (length = 54 bytes)
$Formation_08 will be placed at 8022D64C (length = 54 bytes)
$Formation_1B will be placed at 8022D6A0 (length = 54 bytes)
$Formation_1D will be placed at 8022D6F4 (length = 54 bytes)
$Script_8021AAE8_R will be placed at 80218F1C (length = 50 bytes)
$Script_8021AAE8_B will be placed at 8022D748 (length = 50 bytes)
$Script_Init_CheepCheep will be placed at 8022D798 (length = 4C bytes)
$IdleAnimations_RBombomb will be placed at 8022D7E4 (length = 4C bytes)
$IdleAnimations_RBombomb2 will be placed at 8022D830 (length = 4C bytes)
$IdleAnimations_CheepCheep will be placed at 8022D87C (length = 4C bytes)
$IdleAnimations_Bobuke2 will be placed at 8022D8C8 (length = 4C bytes)
$IdleAnimations_Bobuke will be placed at 8022D914 (length = 4C bytes)
$Stage_Pit1 will be placed at 802186F8 (length = 28 bytes)
$Bobuke will be placed at 80218784 (length = 28 bytes)
$CheepCheep will be placed at 80227E60 (length = 28 bytes)
$Red_Bobomb will be placed at 8022D960 (length = 28 bytes)
$DefenseTable_Bobuke will be placed at 8022D988 (length = 24 bytes)
$PartsTable_Bobuke will be placed at 8022D9AC (length = 24 bytes)
$PartsTable_CheepCheep will be placed at 8022D9D0 (length = 24 bytes)
$DefenseTable_Bobuke2 will be placed at 8022D9F4 (length = 24 bytes)
$PartsTable_RBombomb will be placed at 8022DA18 (length = 24 bytes)
$DefenseTable_80219D20 will be placed at 80219D14 (length = 14 bytes)
$DefenseTable_80218F60 will be placed at 8021C948 (length = 14 bytes)
$ASCII_"pit_b01_shape"_Literal will be placed at 80218618 (length = 10 bytes)
$ASCII_"pit_b01_hit"_Literal will be placed at 80218214 (length = C bytes)
$DefenseTable_RBombomb will be placed at 8021A504 (length = C bytes)
$DefenseTable_CheepCheep will be placed at 80222B54 (length = C bytes)
$ASCII_"pit_01"_Literal will be placed at 80224C94 (length = C bytes)
$Script_Idle_Bobuke will be placed at 80218488 (length = 8 bytes)
$Script_BeforeBattle_Pit will be placed at 80223358 (length = 8 bytes)
$Script_Idle_RBombomb will be placed at 80223B78 (length = 8 bytes)
$Script_AfterBattle_Pit will be placed at 80223FE8 (length = 8 bytes)
$ASCII_"kpa_tex"_Literal will be placed at 80224B68 (length = 8 bytes)
$Script_Idle_CheepCheep will be placed at 80225458 (length = 8 bytes)
Overwriting pointer to deleted struct $SJIS_80227E8C
Overwriting pointer to deleted struct $SJIS_80227E80
Overwriting pointer to deleted struct $SJIS_80227E74
Overwriting pointer to deleted struct $SJIS_80227E60
Overwriting pointer to deleted struct $SJIS_80227E4C
Overwriting pointer to deleted struct $SJIS_80227E38
Overwriting pointer to deleted struct $SJIS_80227E24
Overwriting pointer to deleted struct $SJIS_80227E0C
Overwriting pointer to deleted struct $SJIS_80227E00
Overwriting pointer to deleted struct $SJIS_80227DF4
Overwriting pointer to deleted struct $SJIS_80227DE0
Overwriting pointer to deleted struct $SJIS_80227DC4
Overwriting pointer to deleted struct $SJIS_80227DA0
Overwriting pointer to deleted struct $SJIS_80227D88
Overwriting pointer to deleted struct $SJIS_80227D70
Overwriting pointer to deleted struct $SJIS_80227D64
Overwriting pointer to deleted struct $SJIS_80227D58
Overwriting pointer to deleted struct $SJIS_80227D4C
Overwriting pointer to deleted struct $SJIS_80227D40
Overwriting pointer to deleted struct $SJIS_80227D2C
Overwriting pointer to deleted struct $SJIS_80227D18
Overwriting pointer to deleted struct $SJIS_80227D04
Overwriting pointer to deleted struct $SJIS_80227E4C
Overwriting pointer to deleted struct $SJIS_80227CF0
Overwriting pointer to deleted struct $SJIS_80227CE4
Overwriting pointer to deleted struct $SJIS_80227CDC
Overwriting pointer to deleted struct $SJIS_80227CD0
Changing pointer 802186F8 to 8022D64C ($Formation_08[0])
Changing pointer 80218784 to 8022D5F8 ($Formation_0A[0])
Changing pointer 80218F60 to 8021C948 ($DefenseTable_80218F60[0])
Changing pointer 80219D20 to 80219D14 ($DefenseTable_80219D20[0])
Changing pointer 80219D20 to 80219D14 ($DefenseTable_80219D20[0])
Reading patch file: battle/formation/patch/07 Area TRD Part 2.bpat
Creating struct: $Function_Electrify
Creating struct: $Script_Nothing
Creating struct: $StackDamage
Creating struct: $SpinEffectScript
Reading patch for $Script_Init_80230BCC
Reading patch for $FakeBowser
Reading patch for $Script_TakeTurn_8021EC98
Reading patch for $DefenseTable_80225560
Reading patch for $DefenseTable_8022556C
Reading patch for $GNinjakoopa
Reading patch for $Script_802257A8
Reading patch for $Script_HandleEvent_80227E48
Reading patch for $BNinjakoopa
Reading patch for $DefenseTable_8022B4A0
Reading patch for $DefenseTable_8022B4AC
Reading patch for $StatusTable_8022B4B8
Reading patch for $Script_8022B6E8
Reading patch for $YNinjakoopa
Reading patch for $PartsTable_8022E504
Reading patch for $DefenseTable_8022E440
Reading patch for $DefenseTable_8022E44C
Reading patch for $Script_80222C44
Reading patch for $Script_802230E8
Reading patch for $Script_HandleEvent_80230D28
Reading patch for $Script_8022E688
Reading patch for $RNinjakoopa
Reading patch for $DefenseTable_80228500
Reading patch for $DefenseTable_8022850C
Reading patch for $Script_80228748
Merged 33 regions to 23
$StackDamage will be placed at 80225560 (length = 98 bytes)
$Function_Electrify will be placed at 802284F4 (length = 4C bytes)
$SpinEffectScript will be placed at 8022E434 (length = 40 bytes)
$DefenseTable_8022E44C will be placed at 80235D54 (length = 14 bytes)
$DefenseTable_8022556C will be placed at 80230C9C (length = 14 bytes)
$DefenseTable_8022850C will be placed at 80235FBC (length = 14 bytes)
$DefenseTable_80228500 will be placed at 802255F8 (length = 14 bytes)
$DefenseTable_8022E440 will be placed at 80228540 (length = 14 bytes)
$DefenseTable_80225560 will be placed at 8022E474 (length = 14 bytes)
$Script_Nothing will be placed at 8021A548 (length = 8 bytes)
Changing pointer 802362D0 to 802362E0 ($End[310])
Changing pointer 80236560 to 80236570 ($End[5A0])
Changing pointer 80236040 to 80236050 ($End[80])
Changing pointer 802367F0 to 80236800 ($End[830])
Changing pointer 80235FC0 to 80235FD0 ($End[0])
Changing pointer 80235FC0 to 80235FD0 ($End[0])
Changing pointer 80235FC0 to 80235FD0 ($End[0])
Changing pointer 80235FC0 to 80235FD0 ($End[0])
Changing pointer 80235FC0 to 80235FD0 ($End[0])
Changing pointer 80235FC0 to 80235FD0 ($End[0])
Changing pointer 80235FC0 to 80235FD0 ($End[0])
Changing pointer 80235FC0 to 80235FD0 ($End[0])
Changing pointer 80235FC0 to 80235FD0 ($End[0])
Changing pointer 80235FC0 to 80235FD0 ($End[0])
Changing pointer 80235FC0 to 80235FD0 ($End[0])
Changing pointer 80235FC0 to 80235FD0 ($End[0])
Changing pointer 80235FC0 to 80235FD0 ($End[0])
Changing pointer 80235FC0 to 80235FD0 ($End[0])
Changing pointer 80235FC0 to 80235FD0 ($End[0])
Changing pointer 80235FC0 to 80235FD0 ($End[0])
Changing pointer 80235FC0 to 80235FD0 ($End[0])
Changing pointer 80235FC0 to 80235FD0 ($End[0])
Changing pointer 80235FC0 to 80235FD0 ($End[0])
Changing pointer 80235FC0 to 80235FD0 ($End[0])
Changing pointer 80235FC0 to 80235FD0 ($End[0])
Changing pointer 80235FC0 to 80235FD0 ($End[0])
Changing pointer 80235FC0 to 80235FD0 ($End[0])
Changing pointer 80235FC0 to 80235FD0 ($End[0])
Changing pointer 80235FC0 to 80235FD0 ($End[0])
Changing pointer 80235FC0 to 80235FD0 ($End[0])
Changing pointer 80225560 to 8022E474 ($DefenseTable_80225560[0])
Changing pointer 8022556C to 80230C9C ($DefenseTable_8022556C[0])
Changing pointer 8022556C to 80230C9C ($DefenseTable_8022556C[0])
Changing pointer 80225560 to 8022E474 ($DefenseTable_80225560[0])
Changing pointer 8022556C to 80230C9C ($DefenseTable_8022556C[0])
Changing pointer 80228500 to 802255F8 ($DefenseTable_80228500[0])
Changing pointer 8022850C to 80235FBC ($DefenseTable_8022850C[0])
Changing pointer 8022850C to 80235FBC ($DefenseTable_8022850C[0])
Changing pointer 80228500 to 802255F8 ($DefenseTable_80228500[0])
Changing pointer 8022850C to 80235FBC ($DefenseTable_8022850C[0])
Changing pointer 8022E440 to 80228540 ($DefenseTable_8022E440[0])
Changing pointer 8022E44C to 80235D54 ($DefenseTable_8022E44C[0])
Changing pointer 8022E44C to 80235D54 ($DefenseTable_8022E44C[0])
Changing pointer 8022E440 to 80228540 ($DefenseTable_8022E440[0])
Changing pointer 8022E44C to 80235D54 ($DefenseTable_8022E44C[0])
Reading patch file: battle/formation/patch/09 Area IWA.bpat
Reading patch file: battle/formation/import/newenemy/RedGoomba.bpat
Creating struct: $RedGoomba
Creating struct: $Function_80218000_RedGoomba
Creating struct: $Function_8021818C_RedGoomba
Creating struct: $DefenseTable_80219610_RedGoomba
Creating struct: $StatusTable_8021961C_RedGoomba
Creating struct: $PartsTable_802196C8_RedGoomba
Creating struct: $IdleAnimations_80219714_RedGoomba
Creating struct: $IdleAnimations_80219760_RedGoomba
Creating struct: $Script_Init_802197AC_RedGoomba
Creating struct: $Script_Idle_802197F8_RedGoomba
Creating struct: $Script_HandleEvent_80219AD4_RedGoomba
Creating struct: $FloatTable_8021A194_RedGoomba
Creating struct: $Script_TakeTurn_8021A300_RedGoomba
Reading patch file: battle/formation/import/newenemy/RedParagoomba.bpat
Creating struct: $RedParagoomba
Creating struct: $Function_80218500_RedParagoomba
Creating struct: $Function_80218558_RedParagoomba
Creating struct: $Function_802186E4_RedParagoomba
Creating struct: $DefenseTable_8021CB00_RedParagoomba
Creating struct: $DefenseTable_8021CB0C_RedParagoomba
Creating struct: $StatusTable_8021CB18_RedParagoomba
Creating struct: $StatusTable_8021CBC4_RedParagoomba
Creating struct: $PartsTable_8021CC70_RedParagoomba
Creating struct: $IdleAnimations_8021CD28_RedParagoomba
Creating struct: $IdleAnimations_8021CD74_RedParagoomba
Creating struct: $IdleAnimations_8021CDC0_RedParagoomba
Creating struct: $IdleAnimations_8021CDCC_RedParagoomba
Creating struct: $Script_Init_8021CDD8_RedParagoomba
Creating struct: $Script_Idle_RedParagoomba
Creating struct: $Script_8021D0E0_RedParagoomba
Creating struct: $Script_HandleEvent_RedParagoomba
Creating struct: $Script_TakeTurn_RedParagoomba
Creating struct: $Script_BecomeGoomba_RedParagoomba
Creating struct: $IdleAnimations_8021E4EC_RedParagoomba
Creating struct: $IdleAnimations_8021E538_RedParagoomba
Creating struct: $Script_8021E584_RedParagoomba
Creating struct: $Script_Idle_8021E5D0_RedParagoomba
Creating struct: $Script_HandleEvent_8021E8AC_RedParagoomba
Creating struct: $FloatTable_8021EF6C_RedParagoomba
Creating struct: $Script_Headbonk_Paragoomba
Reading patch for $Cleft
Reading patch for $DefenseTable_80218710
Reading patch for $DefenseTable_8021872C
Reading patch for $Script_80219BA0
Reading patch for $MontyMole
Reading patch for $DefenseTable_8021A450
Reading patch for $Script_TakeTurn_8021AFAC
Reading patch for $Buzzar
Reading patch for $DefenseTable_8021B650
Reading patch for $StatusTable_8021B65C
Reading patch for $Script_8021CCE8
Reading patch for $Script_8021F030
Reading patch for $Script_8021BEBC
Reading patch for $Script_8021DF2C
Reading patch for $Script_8021F824
Reading patch for $Script_8021FA2C
Reading patch for $Script_8021DCB8
Reading patch for $Formation_00
Reading patch for $Formation_01
Reading patch for $Formation_02
Reading patch for $Formation_03
Reading patch for $Formation_05
Reading patch for $Formation_07
Reading patch for $Formation_08
Reading patch for $Formation_09
Reading patch for $Formation_0A
Reading patch for $Formation_0B
Reading patch for $Formation_0D
Creating struct: $Formation_0E
Reading patch for $FormationTable
Creating struct: $Formation_0F
Creating struct: $Formation_10
Creating struct: $Formation_11
Reading patch for $StageTable
Creating struct: $Stage_Pit1
Creating struct: $Script_BeforeBattle_Pit
Creating struct: $Script_AfterBattle_Pit
Reading patch for $WhackaA
Creating struct: $PartsTable_WhackaB
Reading patch for $WhackaB
Creating struct: $DefenseTable_Whacka_1x
Creating struct: $DefenseTable_Whacka_2x
Creating struct: $DefenseTable_Whacka_4x
Creating struct: $DefenseTable_Whacka_Final
Reading patch for $Script_Init_8021FDA0
Creating struct: $Script_Init_WhackaB
Creating struct: $Function_SetAttackBoost
Reading patch for $Script_TakeTurn_80220634
Creating struct: $Script_ThrowRocks
Creating struct: $Script_ThrowRock_Miss
Creating struct: $Script_ThrowRock_Hit
Creating struct: $Script_ThrowPartnerRock
Creating struct: $Script_BurrowAttack
Creating struct: $Script_StrongBurrowAttack
Reading patch for $Script_HandleEvent_8021FE90
Creating struct: $IdleAnimations_Large
Creating struct: $IdleAnimations_Small
Creating struct: $DefenseTable_Rocks
Creating struct: $StatusTable_Rocks
Creating struct: $PartsTable_Rocks
Creating struct: $WhackaRocks
Creating struct: $Script_Init_Rocks
Creating struct: $Script_TakeTurn_Rocks
Creating struct: $Script_Idle_Rocks
Creating struct: $Script_HandleEvent_Rocks
Merged 53 regions to 27
$Script_Headbonk_Paragoomba will be placed at 802223E4 (length = A08 bytes)
$Script_TakeTurn_8021A300_RedGoomba will be placed at 80222DEC (length = A08 bytes)
$Script_TakeTurn_RedParagoomba will be placed at 802237F4 (length = 670 bytes)
$Script_HandleEvent_8021E8AC_RedParagoomba will be placed at 80223E64 (length = 4F8 bytes)
$Script_HandleEvent_80219AD4_RedGoomba will be placed at 8022435C (length = 4F8 bytes)
$Script_StrongBurrowAttack will be placed at 80224854 (length = 4E4 bytes)
$Script_ThrowPartnerRock will be placed at 80224D38 (length = 4D4 bytes)
$Script_BecomeGoomba_RedParagoomba will be placed at 8022520C (length = 488 bytes)
$Script_BurrowAttack will be placed at 80225694 (length = 478 bytes)
$Script_HandleEvent_RedParagoomba will be placed at 8022023C (length = 440 bytes)
$Script_ThrowRocks will be placed at 80225B0C (length = 3AC bytes)
$Script_Idle_8021E5D0_RedParagoomba will be placed at 8021D9B4 (length = 220 bytes)
$Script_Idle_802197F8_RedGoomba will be placed at 8021C9E0 (length = 220 bytes)
$Script_Idle_RedParagoomba will be placed at 8021ECE8 (length = 208 bytes)
$Script_ThrowRock_Hit will be placed at 80225EB8 (length = 1E0 bytes)
$Function_80218558_RedParagoomba will be placed at 80226098 (length = 18C bytes)
$Function_80218000_RedGoomba will be placed at 80226224 (length = 18C bytes)
$FormationTable will be placed at 802263B0 (length = 17C bytes)
$Script_Idle_Rocks will be placed at 8021859C (length = 16C bytes)
$FloatTable_8021EF6C_RedParagoomba will be placed at 8022652C (length = 16C bytes)
$FloatTable_8021A194_RedGoomba will be placed at 80226698 (length = 16C bytes)
$Script_TakeTurn_80220634 will be placed at 8021F688 (length = 154 bytes)
$Script_Init_8021FDA0 will be placed at 8021EEF0 (length = 138 bytes)
$Script_ThrowRock_Miss will be placed at 80226804 (length = 128 bytes)
$Function_8021818C_RedGoomba will be placed at 80222228 (length = F4 bytes)
$Function_802186E4_RedParagoomba will be placed at 8021B4E8 (length = F4 bytes)
$Script_Init_WhackaB will be placed at 8021FDA0 (length = BC bytes)
$StatusTable_8021961C_RedGoomba will be placed at 80218208 (length = AC bytes)
$StatusTable_8021CBC4_RedParagoomba will be placed at 8021DBD4 (length = AC bytes)
$StatusTable_8021CB18_RedParagoomba will be placed at 8021CC00 (length = AC bytes)
$StatusTable_Rocks will be placed at 8022692C (length = AC bytes)
$PartsTable_8021CC70_RedParagoomba will be placed at 802269D8 (length = 90 bytes)
$Function_SetAttackBoost will be placed at 8021845C (length = 74 bytes)
$Formation_0A will be placed at 8021DEBC (length = 70 bytes)
$Formation_0F will be placed at 80226A68 (length = 70 bytes)
$Formation_11 will be placed at 80226AD8 (length = 70 bytes)
$Formation_02 will be placed at 80226B48 (length = 70 bytes)
$Formation_09 will be placed at 80226BB8 (length = 70 bytes)
$PartsTable_Rocks will be placed at 80226C28 (length = 6C bytes)
$Script_8021D0E0_RedParagoomba will be placed at 80226C94 (length = 5C bytes)
$Function_80218500_RedParagoomba will be placed at 80226CF0 (length = 58 bytes)
$Formation_10 will be placed at 80226D48 (length = 54 bytes)
$Formation_01 will be placed at 80226D9C (length = 54 bytes)
$Formation_05 will be placed at 80226DF0 (length = 54 bytes)
$Formation_03 will be placed at 80226E44 (length = 54 bytes)
$IdleAnimations_80219760_RedGoomba will be placed at 8021F9E0 (length = 4C bytes)
$IdleAnimations_8021E4EC_RedParagoomba will be placed at 8021FBE8 (length = 4C bytes)
$IdleAnimations_8021CD74_RedParagoomba will be placed at 80226E98 (length = 4C bytes)
$IdleAnimations_8021E538_RedParagoomba will be placed at 80226EE4 (length = 4C bytes)
$IdleAnimations_80219714_RedGoomba will be placed at 80226F30 (length = 4C bytes)
$IdleAnimations_8021CD28_RedParagoomba will be placed at 80226F7C (length = 4C bytes)
$Script_8021E584_RedParagoomba will be placed at 802182B4 (length = 38 bytes)
$Script_Init_802197AC_RedGoomba will be placed at 8021DC80 (length = 38 bytes)
$Formation_0E will be placed at 8021CCAC (length = 38 bytes)
$Formation_00 will be placed at 80226FC8 (length = 38 bytes)
$Script_Init_8021CDD8_RedParagoomba will be placed at 80227000 (length = 38 bytes)
$Script_Init_Rocks will be placed at 80227038 (length = 38 bytes)
$DefenseTable_Whacka_Final will be placed at 80227070 (length = 2C bytes)
$WhackaRocks will be placed at 8022709C (length = 28 bytes)
$Stage_Pit1 will be placed at 802270C4 (length = 28 bytes)
$RedGoomba will be placed at 802270EC (length = 28 bytes)
$RedParagoomba will be placed at 80227114 (length = 28 bytes)
$StageTable will be placed at 8022713C (length = 28 bytes)
$PartsTable_WhackaB will be placed at 8021B5DC (length = 24 bytes)
$PartsTable_802196C8_RedGoomba will be placed at 80227164 (length = 24 bytes)
$DefenseTable_8021A450 will be placed at 80218344 (length = 14 bytes)
$DefenseTable_8021CB0C_RedParagoomba will be placed at 8022231C (length = 14 bytes)
$DefenseTable_8021B650 will be placed at 802184D0 (length = 14 bytes)
$ASCII_"pit_b01_shape"_Literal will be placed at 8021A44C (length = 10 bytes)
$DefenseTable_80219610_RedGoomba will be placed at 802180B4 (length = C bytes)
$ASCII_"pit_b01_hit"_Literal will be placed at 8021B650 (length = C bytes)
$IdleAnimations_8021CDC0_RedParagoomba will be placed at 8021F7DC (length = C bytes)
$DefenseTable_8021CB00_RedParagoomba will be placed at 80227188 (length = C bytes)
$DefenseTable_Whacka_4x will be placed at 80222330 (length = C bytes)
$DefenseTable_Rocks will be placed at 80227194 (length = C bytes)
$IdleAnimations_Large will be placed at 802271A0 (length = C bytes)
$IdleAnimations_Small will be placed at 802271AC (length = C bytes)
$DefenseTable_Whacka_1x will be placed at 802271B8 (length = C bytes)
$DefenseTable_Whacka_2x will be placed at 802271C4 (length = C bytes)
$ASCII_"pit_02"_Literal will be placed at 802271D0 (length = C bytes)
$IdleAnimations_8021CDCC_RedParagoomba will be placed at 802271DC (length = C bytes)
$Script_TakeTurn_Rocks will be placed at 80218118 (length = 8 bytes)
$Script_BeforeBattle_Pit will be placed at 80218168 (length = 8 bytes)
$Script_HandleEvent_Rocks will be placed at 802181B8 (length = 8 bytes)
$Script_AfterBattle_Pit will be placed at 80218724 (length = 8 bytes)
$ASCII_"kpa_tex"_Literal will be placed at 80221588 (length = 8 bytes)
Overwriting pointer to deleted struct $SJIS_80222330
Overwriting pointer to deleted struct $SJIS_80222320
Overwriting pointer to deleted struct $SJIS_80222310
Overwriting pointer to deleted struct $SJIS_802222F8
Overwriting pointer to deleted struct $SJIS_802222DC
Overwriting pointer to deleted struct $SJIS_802222D0
Overwriting pointer to deleted struct $SJIS_802222C0
Overwriting pointer to deleted struct $SJIS_802222B0
Overwriting pointer to deleted struct $SJIS_802222A0
Overwriting pointer to deleted struct $SJIS_80222288
Overwriting pointer to deleted struct $SJIS_8022226C
Overwriting pointer to deleted struct $SJIS_80222248
Overwriting pointer to deleted struct $SJIS_8022223C
Overwriting pointer to deleted struct $SJIS_80222230
Overwriting pointer to deleted struct $SJIS_80222230
Changing pointer 80218210 to 80226FC8 ($Formation_00[0])
Changing pointer 8021822C to 80226D9C ($Formation_01[0])
Changing pointer 80218264 to 80226B48 ($Formation_02[0])
Changing pointer 802182B8 to 80226E44 ($Formation_03[0])
Changing pointer 80218344 to 80226DF0 ($Formation_05[0])
Changing pointer 8021845C to 80226BB8 ($Formation_09[0])
Changing pointer 80218494 to 8021DEBC ($Formation_0A[0])
Changing pointer 8021A450 to 80218344 ($DefenseTable_8021A450[0])
Changing pointer 8021A450 to 80218344 ($DefenseTable_8021A450[0])
Changing pointer 8021A450 to 80218344 ($DefenseTable_8021A450[0])
Changing pointer 8021B650 to 802184D0 ($DefenseTable_8021B650[0])
Changing pointer 8021B650 to 802184D0 ($DefenseTable_8021B650[0])
Changing pointer 8021B650 to 802184D0 ($DefenseTable_8021B650[0])
Changing pointer 8021B650 to 802184D0 ($DefenseTable_8021B650[0])
Changing pointer 8021B650 to 802184D0 ($DefenseTable_8021B650[0])
Changing pointer 8021FDA0 to 8021EEF0 ($Script_Init_8021FDA0[0])
Changing pointer 80220634 to 8021F688 ($Script_TakeTurn_80220634[0])
Reading patch file: battle/formation/patch/0A Area SBK.bpat
Reading patch file: battle/formation/import/newenemy/DryBubble.bpat
Creating struct: $DryBubble
Creating struct: $Function_80218000_DryBubble
Creating struct: $DefenseTable_80218E10_DryBubble
Creating struct: $StatusTable_80218E3C_DryBubble
Creating struct: $PartsTable_80218EE8_DryBubble
Creating struct: $IdleAnimations_80218FC4_DryBubble
Creating struct: $IdleAnimations_80219010_DryBubble
Creating struct: $Script_Init_DryBubble
Creating struct: $Script_Idle_DryBubble
Creating struct: $Script_80219464_DryBubble
Creating struct: $Script_HandleEvent_DryBubble
Creating struct: $Script_FireTackle_DryBubble
Creating struct: $Script_TakeTurn_DryBubble
Reading patch file: battle/formation/import/newenemy/EliteBandit.bpat
Reading patch file: battle/formation/import/tools/ActionSteal.bpat
Creating struct: $HandleStealAction
Creating struct: $StealAction
Creating struct: $StealActionIntTable4
Creating struct: $StealActionIntTable3
Creating struct: $StealActionIntTable2
Creating struct: $StealActionIntTable1
Creating struct: $StealActionFunc1
Creating struct: $StealActionFunc2
Creating struct: $StealActionFunc3
Creating struct: $StealActionFunc4
Creating struct: $StealActionFunc5
Creating struct: $EliteBandit
Creating struct: $IdleAnimations_EliteBanditA
Creating struct: $IdleAnimations_EliteBanditB
Creating struct: $IdleAnimations_EliteBanditC
Creating struct: $DefenseTable_EliteBandit
Creating struct: $StatusTable_EliteBandit
Creating struct: $PartsTable_EliteBandit
Creating struct: $PartsTable_EliteBanditB
Creating struct: $EliteBanditB
Creating struct: $Vector3D_OOB
Creating struct: $SpecialFormation_EliteBandit
Creating struct: $Script_Init_EliteBandit
Creating struct: $Script_EB_Null
Creating struct: $Script_Init_EliteBanditB
Creating struct: $Script_Idle_EliteBandit
Creating struct: $Script_HandleEvent_EliteBandit
Creating struct: $Script_TakeTurn_EliteBandit
Reading patch for $Pokey
Reading patch for $DefenseTable_80218280
Reading patch for $Script_Init_80218534
Creating struct: $Script_NextTurn_Pokey
Reading patch for $Script_TakeTurn_8021A018
Reading patch for $Script_TakeTurn_8021E900
Creating struct: $IdleAnimations_Bandito
Creating struct: $IdleAnimations_BanditoHolding
Creating struct: $IdleAnimations_BanditoCoin
Creating struct: $DefenseTable_Bandito
Creating struct: $StatusTable_Bandito
Creating struct: $PartsTable_Bandito
Creating struct: $Bandito
Creating struct: $BanditoB
Creating struct: $Vector3D_IDKVector
Creating struct: $SpecialFormation_IDKFormation
Creating struct: $Script_Init_Bandito
Creating struct: $Script_HandleEvent_BanditoMaybe
Creating struct: $Script_Init_BanditoMaybe
Creating struct: $Script_Idle_Bandito
Creating struct: $Script_Bandito
Creating struct: $Script_HandleEvent_Bandito
Creating struct: $Script_TakeTurn_Bandito
Reading patch for $Formation_01
Reading patch for $Formation_03
Reading patch for $Formation_05
Reading patch for $Formation_07
Reading patch for $Formation_08
Reading patch for $Formation_0A
Reading patch for $Formation_0C
Reading patch for $Formation_0E
Reading patch for $Formation_0F
Reading patch for $Formation_10
Creating struct: $Formation_11
Creating struct: $Formation_12
Creating struct: $Formation_13
Reading patch for $EliteBandit
Creating struct: $Formation_14
Reading patch for $FormationTable
Creating struct: $Formation_15
Creating struct: $Formation_16
Creating struct: $Formation_17
Reading patch for $StageTable
Creating struct: $Stage_Pit1
Creating struct: $Script_BeforeBattle_Pit
Creating struct: $Script_AfterBattle_Pit
Merged 33 regions to 11
$Script_TakeTurn_Bandito will be placed at 80220158 (length = 14DC bytes)
$Script_TakeTurn_EliteBandit will be placed at 80221634 (length = F18 bytes)
$Script_HandleEvent_Bandito will be placed at 8022254C (length = 698 bytes)
$Script_Bandito will be placed at 80222BE4 (length = 5E8 bytes)
$Script_FireTackle_DryBubble will be placed at 802231CC (length = 4B0 bytes)
$HandleStealAction will be placed at 8022367C (length = 4A4 bytes)
$Script_HandleEvent_EliteBandit will be placed at 80223B20 (length = 458 bytes)
$Script_HandleEvent_DryBubble will be placed at 80223F78 (length = 3EC bytes)
$StealActionFunc2 will be placed at 80224364 (length = 218 bytes)
$FormationTable will be placed at 8022457C (length = 1F4 bytes)
$Script_Idle_DryBubble will be placed at 8021FE10 (length = 1D8 bytes)
$StealAction will be placed at 80224770 (length = 1C4 bytes)
$StealActionFunc1 will be placed at 80224934 (length = 1BC bytes)
$Script_Init_DryBubble will be placed at 80224AF0 (length = 170 bytes)
$Function_80218000_DryBubble will be placed at 80224C60 (length = 130 bytes)
$PartsTable_80218EE8_DryBubble will be placed at 80220030 (length = B4 bytes)
$StatusTable_EliteBandit will be placed at 80224D90 (length = AC bytes)
$StatusTable_80218E3C_DryBubble will be placed at 80224E3C (length = AC bytes)
$StatusTable_Bandito will be placed at 80224EE8 (length = AC bytes)
$StealActionFunc4 will be placed at 80224F94 (length = A0 bytes)
$Script_NextTurn_Pokey will be placed at 80225034 (length = 80 bytes)
$Script_80219464_DryBubble will be placed at 802250B4 (length = 74 bytes)
$Script_Init_EliteBandit will be placed at 80225128 (length = 70 bytes)
$Formation_10 will be placed at 80225198 (length = 70 bytes)
$Formation_16 will be placed at 80225208 (length = 70 bytes)
$Formation_13 will be placed at 80225278 (length = 70 bytes)
$Formation_17 will be placed at 802252E8 (length = 70 bytes)
$Formation_07 will be placed at 80225358 (length = 70 bytes)
$StealActionFunc3 will be placed at 802200E4 (length = 60 bytes)
$StealActionFunc5 will be placed at 802253C8 (length = 58 bytes)
$Formation_11 will be placed at 8021FB54 (length = 54 bytes)
$Formation_12 will be placed at 80225420 (length = 54 bytes)
$Formation_01 will be placed at 80225474 (length = 54 bytes)
$IdleAnimations_EliteBanditB will be placed at 802254C8 (length = 4C bytes)
$IdleAnimations_EliteBanditA will be placed at 80225514 (length = 4C bytes)
$IdleAnimations_80218FC4_DryBubble will be placed at 80225560 (length = 4C bytes)
$IdleAnimations_Bandito will be placed at 802255AC (length = 4C bytes)
$IdleAnimations_BanditoHolding will be placed at 802255F8 (length = 4C bytes)
$Script_Init_Bandito will be placed at 80225644 (length = 4C bytes)
$PartsTable_Bandito will be placed at 80225690 (length = 48 bytes)
$PartsTable_EliteBandit will be placed at 802256D8 (length = 48 bytes)
$Script_Init_EliteBanditB will be placed at 80218678 (length = 38 bytes)
$Formation_15 will be placed at 8021F95C (length = 38 bytes)
$Formation_14 will be placed at 80225720 (length = 38 bytes)
$Script_Init_BanditoMaybe will be placed at 80225758 (length = 38 bytes)
$DefenseTable_80218E10_DryBubble will be placed at 80225790 (length = 34 bytes)
$Bandito will be placed at 802257C4 (length = 28 bytes)
$BanditoB will be placed at 802257EC (length = 28 bytes)
$Stage_Pit1 will be placed at 80225814 (length = 28 bytes)
$EliteBandit will be placed at 8022583C (length = 28 bytes)
$DryBubble will be placed at 80225864 (length = 28 bytes)
$EliteBanditB will be placed at 8022588C (length = 28 bytes)
$PartsTable_EliteBanditB will be placed at 802258B4 (length = 24 bytes)
$DefenseTable_80218280 will be placed at 802258D8 (length = 1C bytes)
$SpecialFormation_EliteBandit will be placed at 802258F4 (length = 1C bytes)
$SpecialFormation_IDKFormation will be placed at 80225910 (length = 1C bytes)
$StageTable will be placed at 8021FFE8 (length = 18 bytes)
$DefenseTable_Bandito will be placed at 80218278 (length = 14 bytes)
$ASCII_"pit_b01_shape"_Literal will be placed at 8022592C (length = 10 bytes)
$Script_TakeTurn_DryBubble will be placed at 8022593C (length = 10 bytes)
$Vector3D_OOB will be placed at 8021F714 (length = C bytes)
$IdleAnimations_80219010_DryBubble will be placed at 8021F934 (length = C bytes)
$Vector3D_IDKVector will be placed at 80220144 (length = C bytes)
$ASCII_"pit_b01_hit"_Literal will be placed at 8022594C (length = C bytes)
$IdleAnimations_EliteBanditC will be placed at 80225958 (length = C bytes)
$DefenseTable_EliteBandit will be placed at 80225964 (length = C bytes)
$ASCII_"pit_02"_Literal will be placed at 80225970 (length = C bytes)
$StealActionIntTable4 will be placed at 8022597C (length = C bytes)
$StealActionIntTable3 will be placed at 80225988 (length = C bytes)
$StealActionIntTable2 will be placed at 80225994 (length = C bytes)
$StealActionIntTable1 will be placed at 802259A0 (length = C bytes)
$IdleAnimations_BanditoCoin will be placed at 802259AC (length = C bytes)
$Script_HandleEvent_BanditoMaybe will be placed at 802259B8 (length = 8 bytes)
$Script_BeforeBattle_Pit will be placed at 802259C0 (length = 8 bytes)
$Script_Idle_Bandito will be placed at 802259C8 (length = 8 bytes)
$Script_Idle_EliteBandit will be placed at 802259D0 (length = 8 bytes)
$Script_EB_Null will be placed at 802259D8 (length = 8 bytes)
$Script_AfterBattle_Pit will be placed at 802259E0 (length = 8 bytes)
$ASCII_"kpa_tex"_Literal will be placed at 802259E8 (length = 8 bytes)
Overwriting pointer to deleted struct $SJIS_80220148
Overwriting pointer to deleted struct $SJIS_8022013C
Overwriting pointer to deleted struct $SJIS_80220130
Overwriting pointer to deleted struct $SJIS_80220120
Overwriting pointer to deleted struct $SJIS_80220110
Overwriting pointer to deleted struct $SJIS_802200FC
Overwriting pointer to deleted struct $SJIS_802200E8
Overwriting pointer to deleted struct $SJIS_802200D0
Overwriting pointer to deleted struct $SJIS_802200B4
Overwriting pointer to deleted struct $SJIS_802200A8
Overwriting pointer to deleted struct $SJIS_8022009C
Overwriting pointer to deleted struct $SJIS_80220090
Overwriting pointer to deleted struct $SJIS_80220084
Overwriting pointer to deleted struct $SJIS_80220074
Overwriting pointer to deleted struct $SJIS_80220060
Overwriting pointer to deleted struct $SJIS_8022004C
Overwriting pointer to deleted struct $SJIS_80220030
Changing pointer 80218280 to 802258D8 ($DefenseTable_80218280[0])
Changing pointer 80218280 to 802258D8 ($DefenseTable_80218280[0])
Changing pointer 80218280 to 802258D8 ($DefenseTable_80218280[0])
Changing pointer 80218280 to 802258D8 ($DefenseTable_80218280[0])
Changing pointer 80218280 to 802258D8 ($DefenseTable_80218280[0])
Changing pointer 80218280 to 802258D8 ($DefenseTable_80218280[0])
Changing pointer 80220160 to 802259F0 ($End[0])
Changing pointer 8021F95C to 80225474 ($Formation_01[0])
Changing pointer 8021FB54 to 80225358 ($Formation_07[0])
Changing pointer 8021FE2C to 80225198 ($Formation_10[0])
Reading patch file: battle/formation/patch/0B Area ISK Part 1.bpat
Reading patch for $PokeyMummy
Reading patch for $DefenseTable_80218C10
Reading patch for $Script_Init_80218EC4
Reading patch for $Script_TakeTurn_80219D88
Creating struct: $Script_NextTurn_Pokey
Reading patch for $DefenseTable_8021C4B0
Reading patch for $Script_8021D7E4
Reading patch for $Script_TakeTurn_8021DED4
Reading patch for $DefenseTable_8021E4C0
Reading patch for $Script_HandleEvent_8021F228
Reading patch for $Script_TakeTurn_8021FF8C
Reading patch for $StoneChomp
Reading patch for $DefenseTable_8022154C
Reading patch for $Script_TakeTurn_80222ED0
Creating struct: $IdleAnimations_DullBones
Creating struct: $IdleAnimations_DullBonesDown
Creating struct: $IdleAnimations_DullBone
Creating struct: $DefenseTable_DullBones
Creating struct: $DefenseTable_DullBonesDown
Creating struct: $StatusTable_DullBones
Creating struct: $StatusTable_DullBonesDown
Creating struct: $PartsTable_DullBones
Creating struct: $DullBones
Creating struct: $Script_Init_DullBones
Creating struct: $Script_NextTurn_DullBones
Creating struct: $Script_Idle_DullBones
Creating struct: $Script_DullBonesFall
Creating struct: $Script_HandleEvent_DullBones
Creating struct: $Script_DullBone
Creating struct: $Script_TakeTurn_DullBones
Reading patch for $Formation_01
Reading patch for $Formation_02
Reading patch for $Formation_04
Reading patch for $Formation_05
Reading patch for $Formation_06
Reading patch for $Formation_07
Reading patch for $Formation_0F
Reading patch for $Formation_13
Reading patch for $FormationTable
Creating struct: $Formation_14
Creating struct: $Formation_15
Creating struct: $Formation_16
Reading patch for $StageTable
Creating struct: $Stage_Pit1
Creating struct: $Script_BeforeBattle_Pit
Creating struct: $Script_AfterBattle_Pit
Merged 56 regions to 32
$Script_TakeTurn_DullBones will be placed at 80224D58 (length = 75C bytes)
$Script_HandleEvent_DullBones will be placed at 802254B4 (length = 514 bytes)
$Script_DullBonesFall will be placed at 802246AC (length = 248 bytes)
$FormationTable will be placed at 8021FC30 (length = 1E0 bytes)
$Script_NextTurn_DullBones will be placed at 80224B30 (length = 194 bytes)
$Script_Idle_DullBones will be placed at 802259C8 (length = 150 bytes)
$StatusTable_DullBonesDown will be placed at 802237F0 (length = AC bytes)
$StatusTable_DullBones will be placed at 8021FE10 (length = AC bytes)
$Script_NextTurn_Pokey will be placed at 80225B18 (length = 80 bytes)
$StageTable will be placed at 8021FEBC (length = 78 bytes)
$Formation_15 will be placed at 80225B98 (length = 70 bytes)
$Formation_13 will be placed at 80225C08 (length = 70 bytes)
$Script_DullBone will be placed at 80225C78 (length = 60 bytes)
$Script_Init_DullBones will be placed at 80225CD8 (length = 5C bytes)
$Formation_0F will be placed at 8021FF34 (length = 54 bytes)
$Formation_16 will be placed at 80225D34 (length = 54 bytes)
$Formation_14 will be placed at 80225D88 (length = 54 bytes)
$Formation_02 will be placed at 80225DDC (length = 54 bytes)
$Formation_07 will be placed at 80225E30 (length = 54 bytes)
$IdleAnimations_DullBones will be placed at 80225E84 (length = 4C bytes)
$PartsTable_DullBones will be placed at 80225ED0 (length = 48 bytes)
$Stage_Pit1 will be placed at 80219008 (length = 28 bytes)
$DullBones will be placed at 8022415C (length = 28 bytes)
$DefenseTable_DullBones will be placed at 802242FC (length = 1C bytes)
$DefenseTable_DullBonesDown will be placed at 8022452C (length = 1C bytes)
$DefenseTable_8022154C will be placed at 802248F4 (length = 14 bytes)
$DefenseTable_80218C10 will be placed at 80224CC4 (length = 14 bytes)
$DefenseTable_8021C4B0 will be placed at 8022389C (length = 14 bytes)
$ASCII_"pit_b01_shape"_Literal will be placed at 8021C4AC (length = 10 bytes)
$IdleAnimations_DullBonesDown will be placed at 80218C10 (length = C bytes)
$ASCII_"pit_b01_hit"_Literal will be placed at 8022154C (length = C bytes)
$ASCII_"pit_02"_Literal will be placed at 80223924 (length = C bytes)
$IdleAnimations_DullBone will be placed at 802239A4 (length = C bytes)
$Script_BeforeBattle_Pit will be placed at 80218A48 (length = 8 bytes)
$Script_AfterBattle_Pit will be placed at 80223B58 (length = 8 bytes)
$ASCII_"kpa_tex"_Literal will be placed at 80224928 (length = 8 bytes)
Overwriting pointer to deleted struct $SJIS_80224CE0
Overwriting pointer to deleted struct $SJIS_80224CD0
Overwriting pointer to deleted struct $SJIS_80224CB8
Overwriting pointer to deleted struct $SJIS_80224C9C
Overwriting pointer to deleted struct $SJIS_80224C80
Overwriting pointer to deleted struct $SJIS_80224C74
Overwriting pointer to deleted struct $SJIS_80224C68
Overwriting pointer to deleted struct $SJIS_80224C54
Overwriting pointer to deleted struct $SJIS_80224C40
Overwriting pointer to deleted struct $SJIS_80224C34
Overwriting pointer to deleted struct $SJIS_80224C28
Overwriting pointer to deleted struct $SJIS_80224C00
Overwriting pointer to deleted struct $SJIS_80224BF0
Overwriting pointer to deleted struct $SJIS_80224BD4
Overwriting pointer to deleted struct $SJIS_80224BB8
Overwriting pointer to deleted struct $SJIS_80224BA0
Overwriting pointer to deleted struct $SJIS_80224B80
Overwriting pointer to deleted struct $SJIS_80224B68
Overwriting pointer to deleted struct $SJIS_80224B50
Overwriting pointer to deleted struct $SJIS_80224B30
Changing pointer 80224D90 to 80225F50 ($End[30])
Changing pointer 80224DB0 to 80225F70 ($End[50])
Changing pointer 80224D60 to 80225F20 ($End[0])
Changing pointer 80224D64 to 80225F24 ($End[4])
Changing pointer 80224D60 to 80225F20 ($End[0])
Changing pointer 80224D64 to 80225F24 ($End[4])
Changing pointer 80224D80 to 80225F40 ($End[20])
Changing pointer 80224DA0 to 80225F60 ($End[40])
Changing pointer 80224DB0 to 80225F70 ($End[50])
Changing pointer 80224D90 to 80225F50 ($End[30])
Changing pointer 80224D70 to 80225F30 ($End[10])
Changing pointer 80224D74 to 80225F34 ($End[14])
Changing pointer 80224DA0 to 80225F60 ($End[40])
Changing pointer 80224D70 to 80225F30 ($End[10])
Changing pointer 80224D74 to 80225F34 ($End[14])
Changing pointer 80224D80 to 80225F40 ($End[20])
Changing pointer 80218C10 to 80224CC4 ($DefenseTable_80218C10[0])
Changing pointer 80218C10 to 80224CC4 ($DefenseTable_80218C10[0])
Changing pointer 80218C10 to 80224CC4 ($DefenseTable_80218C10[0])
Changing pointer 80218C10 to 80224CC4 ($DefenseTable_80218C10[0])
Changing pointer 80218C10 to 80224CC4 ($DefenseTable_80218C10[0])
Changing pointer 80218C10 to 80224CC4 ($DefenseTable_80218C10[0])
Changing pointer 8021C4B0 to 8022389C ($DefenseTable_8021C4B0[0])
Changing pointer 8022154C to 802248F4 ($DefenseTable_8022154C[0])
Changing pointer 8022154C to 802248F4 ($DefenseTable_8022154C[0])
Changing pointer 8022154C to 802248F4 ($DefenseTable_8022154C[0])
Changing pointer 8022154C to 802248F4 ($DefenseTable_8022154C[0])
Changing pointer 8022154C to 802248F4 ($DefenseTable_8022154C[0])
Changing pointer 8022154C to 802248F4 ($DefenseTable_8022154C[0])
Changing pointer 8022154C to 802248F4 ($DefenseTable_8022154C[0])
Changing pointer 8022154C to 802248F4 ($DefenseTable_8022154C[0])
Changing pointer 8022154C to 802248F4 ($DefenseTable_8022154C[0])
Changing pointer 8022154C to 802248F4 ($DefenseTable_8022154C[0])
Changing pointer 8022415C to 80225DDC ($Formation_02[0])
Changing pointer 802242FC to 80225E30 ($Formation_07[0])
Changing pointer 8022452C to 8021FF34 ($Formation_0F[0])
Changing pointer 802246AC to 80225C08 ($Formation_13[0])
Reading patch file: battle/formation/patch/0C Area ISK Part 2.bpat
Reading patch for $Chomp
Reading patch for $StatusTable_80218C88
Reading patch for $Script_TakeTurn_8021A7C4
Creating struct: $GetMaxHp
Creating struct: $SetMaxHp
Reading patch for $StatusTable_8021BA28
Reading patch for $Tutankoopa
Reading patch for $Script_Init_8021BC1C
Reading patch for $Script_8021E9C8
Reading patch for $Script_TakeTurn_8021CCD4
Reading patch for $Script_8021D04C
Creating struct: $Script_HPCurse
Creating struct: $Script_AtkDownCurse
Creating struct: $Script_DefDownCurse
Reading patch for $Script_8021E008
Reading patch for $Script_8021D81C
Reading patch for $Script_8021FA54
Merged 27 regions to 25
$Script_TakeTurn_8021CCD4 will be placed at 8022073C (length = 440 bytes)
$Script_HPCurse will be placed at 8021B1A0 (length = 1F4 bytes)
$Script_AtkDownCurse will be placed at 8021CCD4 (length = 1D4 bytes)
$Script_DefDownCurse will be placed at 80220B7C (length = 1D4 bytes)
$LowerDefense will be placed at 8021FC68 (length = 84 bytes)
$LowerAttack will be placed at 8021D694 (length = 80 bytes)
$LowerMaxHp will be placed at 8021B394 (length = 78 bytes)
$SetMaxHp will be placed at 8021CEA8 (length = 50 bytes)
$GetMaxHp will be placed at 80220D50 (length = 48 bytes)
Changing pointer 80220760 to 80220DC0 ($End[20])
Changing pointer 80220780 to 80220DE0 ($End[40])
Changing pointer 80220770 to 80220DD0 ($End[30])
Changing pointer 80220760 to 80220DC0 ($End[20])
Changing pointer 80220740 to 80220DA0 ($End[0])
Changing pointer 80220744 to 80220DA4 ($End[4])
Changing pointer 80220740 to 80220DA0 ($End[0])
Changing pointer 80220744 to 80220DA4 ($End[4])
Changing pointer 80220780 to 80220DE0 ($End[40])
Changing pointer 80220770 to 80220DD0 ($End[30])
Changing pointer 80220750 to 80220DB0 ($End[10])
Changing pointer 80220754 to 80220DB4 ($End[14])
Changing pointer 80220750 to 80220DB0 ($End[10])
Changing pointer 80220754 to 80220DB4 ($End[14])
Changing pointer 8021CCD4 to 8022073C ($Script_TakeTurn_8021CCD4[0])
Reading patch file: battle/formation/patch/0D Area MIM.bpat
Reading patch file: battle/formation/import/newenemy/LayzeeDayzee.bpat
Creating struct: $DefenseTable_Layzee
Creating struct: $StatusTable_Layzee
Creating struct: $PartsTable_Layzee
Creating struct: $LayzeeDayzee
Creating struct: $IdleAnimations_Layzee
Creating struct: $Script_Init_Layzee
Creating struct: $Script_Idle_Layzee
Creating struct: $Script_Layzee_8021D94C
Creating struct: $Script_HandleEvent_Layzee
Creating struct: $Script_Layzee_Sing
Creating struct: $Script_Layzee_RunAway
Creating struct: $Script_TakeTurn_Layzee
Reading patch file: battle/formation/import/newenemy/Boo.bpat
Creating struct: $Boo
Creating struct: $StatusTable_Boo
Creating struct: $PartsTable_Boo
Creating struct: $IdleAnimations_Boo
Creating struct: $DefenseTable_Boo
Creating struct: $Function_Vanish_Boo
Creating struct: $Script_Init_Boo
Creating struct: $Script_Idle_Boo
Creating struct: $Script_ReturnHome_Boo
Creating struct: $Function_ReturnHome_Boo
Creating struct: $Script_HandleEvent_Boo
Creating struct: $Script_TakeTurn_Boo
Reading patch for $Bzzap
Reading patch for $DefenseTable_8021A86C
Reading patch for $Script_80219054
Reading patch for $PiranhaPlant
Reading patch for $Script_TakeTurn_8021DCD4
Reading patch for $StatusTable_802183CC
Reading patch for $FormationTable
Creating struct: $Formation_12
Creating struct: $Formation_13
Creating struct: $Formation_14
Creating struct: $Formation_15
Creating struct: $Formation_16
Reading patch for $Formation_01
Reading patch for $Formation_02
Reading patch for $Formation_07
Reading patch for $Formation_09
Reading patch for $Formation_0A
Reading patch for $Formation_0B
Reading patch for $Formation_0F
Reading patch for $Formation_10
Reading patch for $Formation_11
Creating struct: $Script_BeforeBattle_Mansion
Creating struct: $Script_AfterBattle_Mansion
Creating struct: $Stage_Mansion
Reading patch for $StageTable
Creating struct: $Stage_Pit1
Creating struct: $Script_BeforeBattle_Pit
Creating struct: $Script_AfterBattle_Pit
Merged 33 regions to 11
$Script_TakeTurn_Boo will be placed at 8021EE70 (length = 6B0 bytes)
$Script_HandleEvent_Boo will be placed at 8021F520 (length = 3EC bytes)
$Script_HandleEvent_Layzee will be placed at 8021F90C (length = 3C0 bytes)
$Script_Layzee_Sing will be placed at 8021FCCC (length = 2F0 bytes)
$FormationTable will be placed at 8021EC28 (length = 1E0 bytes)
$Script_Layzee_RunAway will be placed at 8021E990 (length = 1C8 bytes)
$Script_Idle_Boo will be placed at 8021FFBC (length = 198 bytes)
$Function_ReturnHome_Boo will be placed at 80220154 (length = 130 bytes)
$Script_Init_Boo will be placed at 80220284 (length = F8 bytes)
$Script_TakeTurn_Layzee will be placed at 8022037C (length = D0 bytes)
$StatusTable_Layzee will be placed at 8022044C (length = AC bytes)
$Formation_10 will be placed at 8021EB58 (length = A8 bytes)
$Formation_15 will be placed at 802204F8 (length = 8C bytes)
$StatusTable_Boo will be placed at 80220584 (length = 8C bytes)
$Script_ReturnHome_Boo will be placed at 80220610 (length = 74 bytes)
$Formation_0F will be placed at 80220684 (length = 70 bytes)
$Formation_11 will be placed at 802206F4 (length = 70 bytes)
$Formation_14 will be placed at 80220764 (length = 70 bytes)
$Formation_12 will be placed at 8021EE08 (length = 54 bytes)
$Formation_16 will be placed at 802207D4 (length = 54 bytes)
$Formation_13 will be placed at 80220828 (length = 54 bytes)
$Formation_09 will be placed at 8022087C (length = 54 bytes)
$IdleAnimations_Layzee will be placed at 802208D0 (length = 4C bytes)
$Function_Vanish_Boo will be placed at 8022091C (length = 4C bytes)
$IdleAnimations_Boo will be placed at 80220968 (length = 44 bytes)
$Script_Init_Layzee will be placed at 8021E7B4 (length = 38 bytes)
$Stage_Mansion will be placed at 802209AC (length = 28 bytes)
$Stage_Pit1 will be placed at 802209D4 (length = 28 bytes)
$Script_Layzee_8021D94C will be placed at 802209FC (length = 28 bytes)
$LayzeeDayzee will be placed at 80220A24 (length = 28 bytes)
$Boo will be placed at 80220A4C (length = 28 bytes)
$PartsTable_Layzee will be placed at 80220A74 (length = 24 bytes)
$PartsTable_Boo will be placed at 80220A98 (length = 24 bytes)
$StageTable will be placed at 80220ABC (length = 20 bytes)
$Script_BeforeBattle_Mansion will be placed at 80220ADC (length = 1C bytes)
$DefenseTable_8021A86C will be placed at 80220AF8 (length = 14 bytes)
$DefenseTable_Boo will be placed at 80220B0C (length = 14 bytes)
$ASCII_"pit_b01_shape"_Literal will be placed at 80220B20 (length = 10 bytes)
$ASCII_"obk_b01_shape"_Literal will be placed at 80220B30 (length = 10 bytes)
$DefenseTable_Layzee will be placed at 8021A86C (length = C bytes)
$ASCII_"obk_01"_Literal will be placed at 8021D324 (length = C bytes)
$ASCII_"pit_b01_hit"_Literal will be placed at 8021E4B4 (length = C bytes)
$ASCII_"obk_b01_hit"_Literal will be placed at 8021EE5C (length = C bytes)
$ASCII_"pit_03"_Literal will be placed at 80220B40 (length = C bytes)
$ASCII_"obk_tex"_Literal will be placed at 80218168 (length = 8 bytes)
$Script_BeforeBattle_Pit will be placed at 80218358 (length = 8 bytes)
$Script_AfterBattle_Mansion will be placed at 80220B4C (length = 8 bytes)
$Script_Idle_Layzee will be placed at 80220B54 (length = 8 bytes)
$Script_AfterBattle_Pit will be placed at 80220B5C (length = 8 bytes)
$ASCII_"kpa_tex"_Literal will be placed at 80220B64 (length = 8 bytes)
Overwriting pointer to deleted struct $SJIS_8021EE50
Overwriting pointer to deleted struct $SJIS_8021EE38
Overwriting pointer to deleted struct $SJIS_8021EE20
Overwriting pointer to deleted struct $SJIS_8021EDFC
Overwriting pointer to deleted struct $SJIS_8021EDD4
Overwriting pointer to deleted struct $SJIS_8021EDAC
Overwriting pointer to deleted struct $SJIS_8021ED84
Overwriting pointer to deleted struct $SJIS_8021ED3C
Overwriting pointer to deleted struct $SJIS_8021ED28
Overwriting pointer to deleted struct $SJIS_8021ED14
Overwriting pointer to deleted struct $SJIS_8021ED00
Overwriting pointer to deleted struct $SJIS_8021ECEC
Overwriting pointer to deleted struct $SJIS_8021ECC8
Overwriting pointer to deleted struct $SJIS_8021ECA0
Overwriting pointer to deleted struct $SJIS_8021EC78
Overwriting pointer to deleted struct $SJIS_8021EC40
Overwriting pointer to deleted struct $SJIS_8021EC34
Overwriting pointer to deleted struct $SJIS_8021EC28
Changing pointer 8021A86C to 80220AF8 ($DefenseTable_8021A86C[0])
Changing pointer 8021A86C to 80220AF8 ($DefenseTable_8021A86C[0])
Changing pointer 8021A86C to 80220AF8 ($DefenseTable_8021A86C[0])
Changing pointer 8021A86C to 80220AF8 ($DefenseTable_8021A86C[0])
Changing pointer 8021A86C to 80220AF8 ($DefenseTable_8021A86C[0])
Changing pointer 8021A86C to 80220AF8 ($DefenseTable_8021A86C[0])
Changing pointer 8021E7B4 to 8022087C ($Formation_09[0])
Changing pointer 8021E990 to 80220684 ($Formation_0F[0])
Changing pointer 8021E9E4 to 8021EB58 ($Formation_10[0])
Changing pointer 8021EA1C to 802206F4 ($Formation_11[0])
Reading patch file: battle/formation/patch/0E Area ARN.bpat
Reading patch file: battle/formation/import/newenemy/Ch3_BonyBeetle.bpat
Creating struct: $Ch3_BonyBeetle
Creating struct: $Function_80218000_BonyBeetle
Creating struct: $IdleAnimations_80218830_BonyBeetle
Creating struct: $IdleAnimations_8021887C_BonyBeetle
Creating struct: $IdleAnimations_802188C8_BonyBeetle
Creating struct: $IdleAnimations_80218914_BonyBeetle
Creating struct: $DefenseTable_80218960_BonyBeetle
Creating struct: $DefenseTable_8021896C_BonyBeetle
Creating struct: $StatusTable_80218978_BonyBeetle
Creating struct: $PartsTable_80218A24_BonyBeetle
Creating struct: $Script_Init_80218A70_BonyBeetle
Creating struct: $Script_Idle_80218D6C_BonyBeetle
Creating struct: $Script_HandleEvent_80218D7C_BonyBeetle
Creating struct: $Script_80218EE8_BonyBeetle
Creating struct: $Script_TakeTurn_80219110_BonyBeetle
Creating struct: $IntTable_802191AC_BonyBeetle
Creating struct: $Script_802191FC_BonyBeetle
Creating struct: $Script_Tackle_BonyBeetle
Creating struct: $Script_8021A060_BonyBeetle
Creating struct: $Script_Tackle_Spikes_BonyBeetle
Creating struct: $Script_8021BA6C_BonyBeetle
Creating struct: $Script_FlipOver_BonyBeetle
Creating struct: $Script_8021C234_BonyBeetle
Creating struct: $Script_FlipOver_Spikes_BonyBeetle
Reading patch file: battle/formation/import/newenemy/Ch3_DryBones.bpat
Creating struct: $Ch3_DryBones
Creating struct: $IdleAnimations_8021CA20_DryBones
Creating struct: $IdleAnimations_8021CA6C_DryBones
Creating struct: $IdleAnimations_8021CA78_DryBones
Creating struct: $DefenseTable_8021CA84_DryBones
Creating struct: $DefenseTable_8021CAA0_DryBones
Creating struct: $StatusTable_8021CABC_DryBones
Creating struct: $StatusTable_8021CB68_DryBones
Creating struct: $PartsTable_8021CC14_DryBones
Creating struct: $Script_Init_8021CC84_DryBones
Creating struct: $Script_NextTurn_8021CCFC_DryBones
Creating struct: $Script_Idle_8021CF2C_DryBones
Creating struct: $Script_8021D0E8_DryBones
Creating struct: $Script_HandleEvent_8021D404_DryBones
Creating struct: $Script_8021DAC4_DryBones
Creating struct: $Script_TakeTurn_8021DB48_DryBones
Reading patch for $StageTable
Creating struct: $Stage_Pit1
Creating struct: $Script_BeforeBattle_Pit
Creating struct: $Script_AfterBattle_Pit
Reading patch for $Formation_00
Reading patch for $Formation_01
Reading patch for $Formation_02
Reading patch for $Formation_03
Reading patch for $Formation_04
Reading patch for $Formation_05
Reading patch for $Formation_07
Reading patch for $Formation_08
Reading patch for $Formation_0A
Reading patch for $Formation_0B
Reading patch for $Formation_0D
Reading patch for $FormationTable
Creating struct: $Formation_11
Creating struct: $Formation_12
Reading patch for $HyperGoomba
Reading patch for $Script_802189D4
Reading patch for $Script_TakeTurn_8021A628
Reading patch for $HyperParagoomba
Reading patch for $DefenseTable_8021B2FC
Reading patch for $Script_8021B678
Reading patch for $Script_TakeTurn_8021D1DC
Reading patch for $Script_8021E218
Reading patch for $Script_TakeTurn_8021FE6C
Reading patch for $DefenseTable_80220B40
Reading patch for $DefenseTable_80220B54
Reading patch for $Script_80220DC0
Reading patch for $Script_80223310
Reading patch for $TubbasHeart
Reading patch for $StatusTable_80223C84
Reading patch for $Script_802255D8
Reading patch for $Script_Init_80223DA0
Creating struct: $Script_NextTurn_Heart
Reading patch for $Script_TakeTurn_802245C8
Reading patch for $Script_HandleEvent_80224038
Reading patch for $StatusTable_80225CA0
Reading patch for $TubbaBlubba
Reading patch for $Script_TakeTurn_802264AC
Reading patch for $Script_80226558
Reading patch for $Script_80226B88
Creating struct: $Script_ThrowAttack
Reading patch for $Script_Init_80225D98
Creating struct: $SpookCheck1
Creating struct: $SpookCheck2
Creating struct: $Script_NextTurn
Creating struct: $InstantRegret
Reading patch for $Script_HandleEvent_802260D0
Merged 51 regions to 27
$Script_Tackle_Spikes_BonyBeetle will be placed at 802285C4 (length = C1C bytes)
$Script_TakeTurn_8021DB48_DryBones will be placed at 802291E0 (length = 75C bytes)
$Script_Tackle_BonyBeetle will be placed at 8022993C (length = 624 bytes)
$Script_8021A060_BonyBeetle will be placed at 80229F60 (length = 600 bytes)
$Script_802191FC_BonyBeetle will be placed at 8022A560 (length = 568 bytes)
$Script_HandleEvent_8021D404_DryBones will be placed at 8022AAC8 (length = 4E0 bytes)
$Script_ThrowAttack will be placed at 8022AFA8 (length = 484 bytes)
$Script_8021C234_BonyBeetle will be placed at 8022B42C (length = 3C4 bytes)
$Script_8021BA6C_BonyBeetle will be placed at 8022B7F0 (length = 3C0 bytes)
$Script_Init_80218A70_BonyBeetle will be placed at 8022BBB0 (length = 25C bytes)
$Script_8021D0E8_DryBones will be placed at 8022BE0C (length = 258 bytes)
$Script_FlipOver_Spikes_BonyBeetle will be placed at 8022C064 (length = 228 bytes)
$Script_FlipOver_BonyBeetle will be placed at 8022C28C (length = 210 bytes)
$InstantRegret will be placed at 8022C49C (length = 1F4 bytes)
$Script_80218EE8_BonyBeetle will be placed at 80228110 (length = 19C bytes)
$Script_NextTurn_8021CCFC_DryBones will be placed at 802263A8 (length = 194 bytes)
$FormationTable will be placed at 802283B8 (length = 190 bytes)
$Script_Idle_8021CF2C_DryBones will be placed at 8022C690 (length = 150 bytes)
$Script_TakeTurn_802264AC will be placed at 8022C7E0 (length = 138 bytes)
$Script_HandleEvent_80218D7C_BonyBeetle will be placed at 8022C918 (length = 108 bytes)
$Function_80218000_BonyBeetle will be placed at 80227C60 (length = CC bytes)
$SpookCheck1 will be placed at 80224A80 (length = BC bytes)
$StatusTable_8021CABC_DryBones will be placed at 8022CA20 (length = AC bytes)
$StatusTable_8021CB68_DryBones will be placed at 8022CACC (length = AC bytes)
$StatusTable_80218978_BonyBeetle will be placed at 8022CB78 (length = AC bytes)
$Script_Init_80225D98 will be placed at 8022CC24 (length = A0 bytes)
$Formation_0D will be placed at 80225D98 (length = 70 bytes)
$Formation_12 will be placed at 80224398 (length = 70 bytes)
$Formation_02 will be placed at 80227E58 (length = 70 bytes)
$Formation_03 will be placed at 8022CCC4 (length = 70 bytes)
$Formation_08 will be placed at 8022CD34 (length = 70 bytes)
$SpookCheck2 will be placed at 8022CDA4 (length = 68 bytes)
$Script_TakeTurn_80219110_BonyBeetle will be placed at 8022CE0C (length = 68 bytes)
$Script_NextTurn will be placed at 8022CE74 (length = 64 bytes)
$Script_8021DAC4_DryBones will be placed at 8022CED8 (length = 60 bytes)
$Script_Init_8021CC84_DryBones will be placed at 8022CF38 (length = 5C bytes)
$Script_NextTurn_Heart will be placed at 8022CF94 (length = 58 bytes)
$Formation_0A will be placed at 80227F54 (length = 54 bytes)
$Formation_0B will be placed at 80227FFC (length = 54 bytes)
$Formation_11 will be placed at 8022CFEC (length = 54 bytes)
$Formation_01 will be placed at 8022D040 (length = 54 bytes)
$Formation_07 will be placed at 8022D094 (length = 54 bytes)
$DontSpookMe will be placed at 8022D0E8 (length = 50 bytes)
$IntTable_802191AC_BonyBeetle will be placed at 8022D138 (length = 50 bytes)
$IdleAnimations_802188C8_BonyBeetle will be placed at 80228548 (length = 4C bytes)
$IdleAnimations_8021887C_BonyBeetle will be placed at 8022D188 (length = 4C bytes)
$IdleAnimations_8021CA20_DryBones will be placed at 8022D1D4 (length = 4C bytes)
$IdleAnimations_80218830_BonyBeetle will be placed at 8022D220 (length = 4C bytes)
$IdleAnimations_80218914_BonyBeetle will be placed at 8022D26C (length = 4C bytes)
$PartsTable_8021CC14_DryBones will be placed at 8022D2B8 (length = 48 bytes)
$StageTable will be placed at 8022D300 (length = 40 bytes)
$Formation_00 will be placed at 8022D340 (length = 38 bytes)
$Stage_Pit1 will be placed at 80227D2C (length = 28 bytes)
$Ch3_BonyBeetle will be placed at 8022D378 (length = 28 bytes)
$Ch3_DryBones will be placed at 8022D3A0 (length = 28 bytes)
$PartsTable_80218A24_BonyBeetle will be placed at 8022D3C8 (length = 24 bytes)
$DefenseTable_8021896C_BonyBeetle will be placed at 80227DB0 (length = 1C bytes)
$DefenseTable_80218960_BonyBeetle will be placed at 80223E78 (length = 1C bytes)
$DefenseTable_8021CA84_DryBones will be placed at 8022653C (length = 1C bytes)
$DefenseTable_8021CAA0_DryBones will be placed at 80227EC8 (length = 1C bytes)
$DefenseTable_8021B2FC will be placed at 8022D3EC (length = 14 bytes)
$ASCII_"pit_b01_shape"_Literal will be placed at 8022D400 (length = 10 bytes)
$IdleAnimations_8021CA6C_DryBones will be placed at 80218674 (length = C bytes)
$ASCII_"pit_b01_hit"_Literal will be placed at 80218764 (length = C bytes)
$ASCII_"pit_03"_Literal will be placed at 8021B2FC (length = C bytes)
$IdleAnimations_8021CA78_DryBones will be placed at 80220B34 (length = C bytes)
$Script_BeforeBattle_Pit will be placed at 802182D8 (length = 8 bytes)
$Script_Idle_80218D6C_BonyBeetle will be placed at 802185B8 (length = 8 bytes)
$Script_AfterBattle_Pit will be placed at 80227954 (length = 8 bytes)
$ASCII_"kpa_tex"_Literal will be placed at 80227AF4 (length = 8 bytes)
Overwriting pointer to deleted struct $SJIS_80228580
Overwriting pointer to deleted struct $SJIS_8022856C
Overwriting pointer to deleted struct $SJIS_80228558
Overwriting pointer to deleted struct $SJIS_80228530
Overwriting pointer to deleted struct $SJIS_80228508
Overwriting pointer to deleted struct $SJIS_802284CC
Overwriting pointer to deleted struct $SJIS_802284B4
Overwriting pointer to deleted struct $SJIS_8022849C
Overwriting pointer to deleted struct $SJIS_80228484
Overwriting pointer to deleted struct $SJIS_8022846C
Overwriting pointer to deleted struct $SJIS_80228458
Overwriting pointer to deleted struct $SJIS_80228440
Overwriting pointer to deleted struct $SJIS_80228428
Overwriting pointer to deleted struct $SJIS_80228400
Overwriting pointer to deleted struct $SJIS_802283D8
Overwriting pointer to deleted struct $SJIS_802283C4
Overwriting pointer to deleted struct $SJIS_802283B8
Changing pointer 8021B2FC to 8022D3EC ($DefenseTable_8021B2FC[0])
Changing pointer 80225D98 to 8022CC24 ($Script_Init_80225D98[0])
Changing pointer 802264AC to 8022C7E0 ($Script_TakeTurn_802264AC[0])
Changing pointer 80227C60 to 8022D340 ($Formation_00[0])
Changing pointer 80227C7C to 8022D040 ($Formation_01[0])
Changing pointer 80227CB4 to 80227E58 ($Formation_02[0])
Changing pointer 80227D08 to 8022CCC4 ($Formation_03[0])
Changing pointer 80227E58 to 8022D094 ($Formation_07[0])
Changing pointer 80227E90 to 8022CD34 ($Formation_08[0])
Changing pointer 80227F70 to 80227FFC ($Formation_0B[0])
Changing pointer 80227FFC to 80225D98 ($Formation_0D[0])
Reading patch file: battle/formation/patch/0F Area DGB.bpat
Reading patch file: battle/formation/import/newenemy/RedClubba.bpat
Creating struct: $IdleAnimations_RClubba
Creating struct: $DefenseTable_RClubba
Creating struct: $StatusTable_RClubba
Creating struct: $PartsTable_RClubba
Creating struct: $RedClubba
Creating struct: $Script_Init_RClubba
Creating struct: $Script_Idle_RClubba
Creating struct: $Script_HandleEvent_RClubba
Creating struct: $Script_TakeTurn_RClubba
Reading patch file: battle/formation/import/newenemy/PoisonFuzzy.bpat
Creating struct: $Function_80218000_PF
Creating struct: $Function_802180B4_PF
Creating struct: $DefenseTable_PFuzzy
Creating struct: $StatusTable_PFuzzy
Creating struct: $PartsTable_PFuzzy
Creating struct: $PoisonFuzzy
Creating struct: $IdleAnimations_PFuzzy
Creating struct: $Script_Init_PFuzzy
Creating struct: $Script_Idle_PFuzzy
Creating struct: $Script_HandleEvent_PFuzzy
Creating struct: $Script_PF_Summon
Creating struct: $Script_PF_Siphon
Creating struct: $Script_8021A0D4_PF
Creating struct: $Script_8021A45C_PF
Creating struct: $Script_TakeTurn_PFuzzy
Creating struct: $Vector3D_Down
Creating struct: $SpecialFormation_PFuzzy
Reading patch file: battle/formation/import/newenemy/Bristle.bpat
Creating struct: $Bristle
Creating struct: $StatusTable_Bristle
Creating struct: $PartsTable_Bristle
Creating struct: $IdleAnimations_Bristle
Creating struct: $DefenseTable_Bristle
Creating struct: $Script_Init_Bristle
Creating struct: $Script_HandleEvent_Bristle
Creating struct: $Script_ReturnHome_Bristle
Creating struct: $Script_TakeTurn_Bristle
Reading patch for $Clubba
Reading patch for $PartsTable_80218104
Reading patch for $Script_HandleEvent_802181AC
Reading patch for $Script_TakeTurn_802186BC
Reading patch for $TubbaBlubba
Reading patch for $Script_80219D88
Reading patch for $Script_8021A36C
Reading patch for $Formation_00
Reading patch for $Formation_01
Reading patch for $Formation_02
Reading patch for $Formation_03
Reading patch for $Formation_05
Creating struct: $Formation_06
Creating struct: $Formation_07
Creating struct: $Formation_08
Creating struct: $Formation_09
Creating struct: $Formation_0A
Reading patch for $FormationTable
Reading patch for $StageTable
Creating struct: $Stage_Pit1
Creating struct: $Script_BeforeBattle_Pit
Creating struct: $Script_AfterBattle_Pit
Merged 21 regions to 9
$Script_PF_Siphon will be placed at 8021B5A8 (length = D44 bytes)
$Script_TakeTurn_RClubba will be placed at 8021C2EC (length = 758 bytes)
$Script_HandleEvent_Bristle will be placed at 8021CA44 (length = 4E8 bytes)
$Script_HandleEvent_PFuzzy will be placed at 8021CF2C (length = 4DC bytes)
$Script_TakeTurn_Bristle will be placed at 8021D408 (length = 3F0 bytes)
$Script_HandleEvent_RClubba will be placed at 8021D7F8 (length = 3D8 bytes)
$Script_PF_Summon will be placed at 8021DBD0 (length = 32C bytes)
$Script_8021A0D4_PF will be placed at 8021DEFC (length = 27C bytes)
$Script_8021A45C_PF will be placed at 8021E178 (length = 148 bytes)
$Script_TakeTurn_PFuzzy will be placed at 8021E2C0 (length = 13C bytes)
$FormationTable will be placed at 80218584 (length = F0 bytes)
$Function_80218000_PF will be placed at 8021B370 (length = B4 bytes)
$Function_802180B4_PF will be placed at 8021E3FC (length = B4 bytes)
$StatusTable_PFuzzy will be placed at 8021B228 (length = AC bytes)
$StatusTable_RClubba will be placed at 8021E4B0 (length = AC bytes)
$StatusTable_Bristle will be placed at 8021E55C (length = 8C bytes)
$Script_ReturnHome_Bristle will be placed at 8021E5E8 (length = 88 bytes)
$Formation_0A will be placed at 8021E670 (length = 70 bytes)
$Formation_05 will be placed at 8021E6E0 (length = 70 bytes)
$Formation_02 will be placed at 8021E750 (length = 70 bytes)
$Formation_09 will be placed at 8021E7C0 (length = 70 bytes)
$Script_Init_Bristle will be placed at 8021B518 (length = 60 bytes)
$Formation_01 will be placed at 8021E830 (length = 54 bytes)
$Formation_07 will be placed at 8021E884 (length = 54 bytes)
$Script_Init_PFuzzy will be placed at 8021E8D8 (length = 4C bytes)
$IdleAnimations_PFuzzy will be placed at 8021E924 (length = 4C bytes)
$IdleAnimations_RClubba will be placed at 8021E970 (length = 4C bytes)
$IdleAnimations_Bristle will be placed at 80218674 (length = 44 bytes)
$Script_Init_RClubba will be placed at 8021E9BC (length = 38 bytes)
$StageTable will be placed at 8021E9F4 (length = 38 bytes)
$Formation_00 will be placed at 8021EA2C (length = 38 bytes)
$Formation_08 will be placed at 8021EA64 (length = 38 bytes)
$PoisonFuzzy will be placed at 8021B424 (length = 28 bytes)
$RedClubba will be placed at 8021EA9C (length = 28 bytes)
$Stage_Pit1 will be placed at 8021EAC4 (length = 28 bytes)
$Bristle will be placed at 8021EAEC (length = 28 bytes)
$PartsTable_RClubba will be placed at 8021EB14 (length = 24 bytes)
$PartsTable_Bristle will be placed at 8021EB38 (length = 24 bytes)
$PartsTable_PFuzzy will be placed at 8021EB5C (length = 24 bytes)
$SpecialFormation_PFuzzy will be placed at 8021EB80 (length = 1C bytes)
$DefenseTable_Bristle will be placed at 8021EB9C (length = 1C bytes)
$Formation_06 will be placed at 8021EBB8 (length = 1C bytes)
$ASCII_"pit_b01_shape"_Literal will be placed at 8021EBD4 (length = 10 bytes)
$ASCII_"pit_b01_hit"_Literal will be placed at 8021EBE4 (length = C bytes)
$Vector3D_Down will be placed at 8021EBF0 (length = C bytes)
$ASCII_"pit_03"_Literal will be placed at 8021EBFC (length = C bytes)
$DefenseTable_RClubba will be placed at 8021EC08 (length = C bytes)
$DefenseTable_PFuzzy will be placed at 8021EC14 (length = C bytes)
$Script_BeforeBattle_Pit will be placed at 8021B0A8 (length = 8 bytes)
$Script_Idle_RClubba will be placed at 8021B108 (length = 8 bytes)
$Script_Idle_PFuzzy will be placed at 8021B168 (length = 8 bytes)
$Script_AfterBattle_Pit will be placed at 8021B578 (length = 8 bytes)
$ASCII_"kpa_tex"_Literal will be placed at 8021EC20 (length = 8 bytes)
Overwriting pointer to deleted struct $SJIS_8021B574
Overwriting pointer to deleted struct $SJIS_8021B564
Overwriting pointer to deleted struct $SJIS_8021B554
Overwriting pointer to deleted struct $SJIS_8021B544
Overwriting pointer to deleted struct $SJIS_8021B534
Overwriting pointer to deleted struct $SJIS_8021B518
Changing pointer 8021B230 to 8021EA2C ($Formation_00[0])
Changing pointer 8021B24C to 8021E830 ($Formation_01[0])
Changing pointer 8021B284 to 8021E750 ($Formation_02[0])
Changing pointer 8021B370 to 8021E6E0 ($Formation_05[0])
Reading patch file: battle/formation/patch/10 Area OMO.bpat
Reading patch file: battle/formation/import/newenemy/RedBobomb.bpat
Creating struct: $IdleAnimations_RBombomb
Creating struct: $IdleAnimations_RBombombIgnited
Creating struct: $DefenseTable_RBombomb
Creating struct: $StatusTable_RBombomb
Creating struct: $StatusTable_RBombomb2
Creating struct: $PartsTable_RBombomb
Creating struct: $Red_Bobomb
Creating struct: $Script_Init_RBombomb
Creating struct: $Script_Idle_RBombomb
Creating struct: $Script_Ignite_R
Creating struct: $Script_Defuse_R
Creating struct: $Script_8021AAE8_R
Creating struct: $Script_8021AB54_R
Creating struct: $Script_HandleEvent_RBombomb
Creating struct: $Script_HandleEvent_RBombombIgnited
Creating struct: $Script_TackleAttack_R
Creating struct: $Script_BlastAttack_R
Creating struct: $Script_TakeTurn_RBombomb
Reading patch file: battle/formation/import/newenemy/CryoGuy.bpat
Creating struct: $IdleAnimations_CryoGuy
Creating struct: $DefenseTable_CryoGuy
Creating struct: $StatusTable_CryoGuy
Creating struct: $PartsTable_CryoGuy
Creating struct: $CryoGuy
Creating struct: $Script_Init_CryoGuy
Creating struct: $Script_Idle_CryoGuy
Creating struct: $Script_8022CDDC_CryoGuy
Creating struct: $Script_HandleEvent_CryoGuy
Creating struct: $Script_TakeTurn_CryoGuy
Creating struct: $Function_80218EE0_CG
Reading patch file: battle/formation/import/newenemy/FluffPuff.bpat
Creating struct: $FluffPuff
Creating struct: $Function_802181F0_FluffPuff
Creating struct: $IdleAnimations_802225A0_FluffPuff
Creating struct: $DefenseTable_802225E4_FluffPuff
Creating struct: $StatusTable_802225F8_FluffPuff
Creating struct: $PartsTable_802226A4_FluffPuff
Creating struct: $Script_Init_802226F0_FluffPuff
Creating struct: $Script_Idle_FluffPuff
Creating struct: $Script_80222820_FluffPuff
Creating struct: $Script_HandleEvent_FluffPuff
Creating struct: $Script_TakeTurn_FluffPuff
Reading patch file: battle/formation/import/newenemy/PhalanxGuy.bpat
Creating struct: $PhalanxGuy
Creating struct: $Function_80218000_14
Creating struct: $IdleAnimations_PGuy_SpearDown
Creating struct: $IdleAnimations_PGuy_SpearUp
Creating struct: $IdleAnimations_PGuy_SpearCharge
Creating struct: $IdleAnimations_80218658_14
Creating struct: $IdleAnimations_80218664_14
Creating struct: $DefenseTable_PhalanxGuy
Creating struct: $DefenseTable_80218684_14
Creating struct: $StatusTable_PhalanxGuy
Creating struct: $StatusTable_80218744_14
Creating struct: $StatusTable_PhalanxGuy_Charge
Creating struct: $PartsTable_PhalanxGuy
Creating struct: $Script_SetSpearStance_PGuy
Creating struct: $Script_Init_PhalanxGuy
Creating struct: $Script_NextTurn_80218B24_14
Creating struct: $Script_80218B5C_14
Creating struct: $Script_Idle_80218BE0_14
Creating struct: $Script_80218D7C_14
Creating struct: $Script_HandleEvent_80218E3C_14
Creating struct: $Script_SpearStab_PGuy
Creating struct: $Script_ChargeB_PhalanxGuy
Creating struct: $Script_Charge_PhalanxGuy
Creating struct: $Script_ChargeAttack_PhalanxGuy
Creating struct: $Script_8021BB18_14
Creating struct: $Script_TakeTurn_PGuy
Creating struct: $IdleAnimations_8021BF40_14
Reading patch file: battle/formation/import/newenemy/CovertGuy.bpat
Creating struct: $CovertGuy
Creating struct: $Function_80218880_CG
Creating struct: $Function_80218A98_CG
Creating struct: $Function_80218B38_CG
Creating struct: $Function_80218CF4_CG
Creating struct: $Function_80218D54_CG
Creating struct: $IdleAnimations_CovertGuy_Hammer
Creating struct: $IdleAnimations_CovertGuy_Slingshot
Creating struct: $IdleAnimations_Pebble_CG
Creating struct: $DefenseTable_CovertGuy
Creating struct: $StatusTable_CovertGuy
Creating struct: $PartsTable_CovertGuy
Creating struct: $Script_Init_CovertGuy
Creating struct: $Script_Idle_CovertGuy
Creating struct: $Script_802276D4_CG
Creating struct: $Script_HandleEvent_CovertGuy
Creating struct: $Script_SlingshotAttack_CG
Creating struct: $IntTable_80228748_CG
Creating struct: $IntTable_80228754_CG
Creating struct: $IntTable_80228760_CG
Creating struct: $IntTable_8022876C_CG
Creating struct: $Script_80228778_CG
Creating struct: $Function_Vanish
Creating struct: $Script_HammerAttack_CG
Creating struct: $Script_TakeTurn_CovertGuy
Reading patch file: battle/formation/import/newenemy/PermafrostGuy.bpat
Creating struct: $IdleAnimations_PermafrostGuy
Creating struct: $DefenseTable_PermafrostGuy
Creating struct: $StatusTable_PermafrostGuy
Creating struct: $PartsTable_PermafrostGuy
Creating struct: $PermafrostGuy
Creating struct: $Script_Init_PermafrostGuy
Creating struct: $Script_NextTurn_PermafrostGuy
Creating struct: $Script_Idle_PermafrostGuy
Creating struct: $Script_8022CDDC_PermafrostGuy
Creating struct: $Script_HandleEvent_PermafrostGuy
Creating struct: $Script_TakeTurn_PermafrostGuy
Creating struct: $Function_80218EE0_PG
Reading patch file: battle/formation/import/newenemy/NuclearGuy.bpat
Creating struct: $NuclearGuy
Creating struct: $Function_80218EE0_NG
Creating struct: $IdleAnimations_NuclearGuy
Creating struct: $DefenseTable_NuclearGuy
Creating struct: $StatusTable_NuclearGuy
Creating struct: $PartsTable_NuclearGuy
Creating struct: $Script_Init_NuclearGuy
Creating struct: $Script_Idle_NuclearGuy
Creating struct: $Script_8022CDDC_NG
Creating struct: $Script_HandleEvent_NuclearGuy
Creating struct: $Script_TakeTurn_NuclearGuy
Reading patch for $Formation_00
Reading patch for $Formation_01
Reading patch for $Formation_02
Reading patch for $Formation_03
Reading patch for $Formation_04
Reading patch for $Formation_05
Reading patch for $Formation_06
Reading patch for $Formation_07
Reading patch for $Formation_08
Reading patch for $Formation_09
Reading patch for $Formation_0A
Reading patch for $Formation_0B
Reading patch for $Formation_0C
Reading patch for $Formation_0E
Reading patch for $Formation_0F
Reading patch for $Formation_11
Reading patch for $Formation_12
Reading patch for $Formation_13
Reading patch for $Formation_15
Reading patch for $Formation_17
Reading patch for $Formation_19
Reading patch for $Formation_1E
Reading patch for $Formation_1F
Reading patch for $Formation_20
Reading patch for $Formation_21
Reading patch for $Formation_25
Reading patch for $Formation_26
Reading patch for $Formation_29
Reading patch for $Formation_2B
Reading patch for $Script_NextTurn_PermafrostGuy
Creating struct: $Vector3D_Pos1
Creating struct: $Vector3D_Pos2
Creating struct: $Vector3D_Pos3
Creating struct: $Vector3D_Pos4
Creating struct: $Vector3D_Pos5
Creating struct: $Formation_2D
Reading patch for $FormationTable
Reading patch for $StageTable
Creating struct: $Stage_Pit1
Creating struct: $Script_BeforeBattle_Pit
Creating struct: $Script_AfterBattle_Pit
Creating struct: $Formation_2E
Creating struct: $Formation_2F
Creating struct: $Formation_30
Creating struct: $Formation_31
Creating struct: $Formation_32
Creating struct: $Formation_33
Creating struct: $Formation_34
Creating struct: $Formation_35
Creating struct: $Formation_36
Creating struct: $DefenseTable_ShyGuy
Creating struct: $StatusTable_ShyGuy
Creating struct: $PartsTable_ShyGuy_R
Creating struct: $PartsTable_ShyGuy_B
Creating struct: $PartsTable_ShyGuy_G
Creating struct: $PartsTable_ShyGuy_P
Creating struct: $PartsTable_ShyGuy_Y
Reading patch for $ShyGuy_RED
Reading patch for $ShyGuy_BLU
Reading patch for $ShyGuy_GRN
Reading patch for $ShyGuy_PNK
Reading patch for $ShyGuy_YLW
Creating struct: $IdleAnimations_ShyGuy_R
Creating struct: $IdleAnimations_ShyGuy_B
Creating struct: $IdleAnimations_ShyGuy_G
Creating struct: $IdleAnimations_ShyGuy_P
Creating struct: $IdleAnimations_ShyGuy_Y
Creating struct: $Script_Init_ShyGuy
Creating struct: $Script_Idle_ShyGuy
Creating struct: $Script_802194C4_ShyGuy
Creating struct: $Script_HandleEvent_ShyGuy
Creating struct: $Script_ShyGuy_Tackle
Creating struct: $Script_ShyGuy_Backflip
Creating struct: $Script_ShyGuy_Frontflip
Creating struct: $Script_TakeTurn_ShyGuy
Reading patch for $StatusTable_8022191C
Reading patch for $AntiGuy
Reading patch for $Script_Init_80221A60
Reading patch for $Script_TakeTurn_802233AC
Reading patch for $Script_80222824
Creating struct: $Script_AntiGuy_FrontFlip
Creating struct: $Script_AntiGuy_TripleFlip
Reading patch for $MediGuy
Reading patch for $DefenseTable_8022345C
Reading patch for $StatusTable_80223470
Creating struct: $Script_RunAway_MediGuy
Reading patch for $Script_TakeTurn_8022494C
Creating struct: $Script_DoHeal
Creating struct: $Script_HealAll
Reading patch for $Script_HealOneAlly
Reading patch for $Script_FlyingAttack
Reading patch for $StatusTable_80224A40
Reading patch for $Script_BasicAttack
Reading patch for $Script_SleepySpin
Reading patch for $SpyGuy
Reading patch for $DefenseTable_802274A4
Reading patch for $Script_SlingshotAttack
Reading patch for $Script_HammerAttack
Creating struct: $Function_Vanish_DarkBoo
Reading patch for $Script_802276D4
Reading patch for $PyroGuy
Reading patch for $Script_TakeTurn_8022D344
Merged 153 regions to 46
$Script_ShyGuy_Frontflip will be placed at 8021FF1C (length = AEC bytes)
$Script_ShyGuy_Backflip will be placed at 8021931C (length = ADC bytes)
$Script_AntiGuy_FrontFlip will be placed at 8021AE1C (length = A40 bytes)
$Script_AntiGuy_TripleFlip will be placed at 8021C91C (length = 978 bytes)
$Script_HandleEvent_80218E3C_14 will be placed at 8021E41C (length = 908 bytes)
$Script_HammerAttack_CG will be placed at 802310CC (length = 8B4 bytes)
$Script_ShyGuy_Tackle will be placed at 80220A08 (length = 744 bytes)
$Script_TackleAttack_R will be placed at 80219DF8 (length = 728 bytes)
$Script_SpearStab_PGuy will be placed at 8021B85C (length = 6C8 bytes)
$Script_HandleEvent_ShyGuy will be placed at 8021D294 (length = 6A8 bytes)
$Script_TakeTurn_FluffPuff will be placed at 8021ED24 (length = 628 bytes)
$Script_TakeTurn_PermafrostGuy will be placed at 80231980 (length = 5C8 bytes)
$Script_SlingshotAttack_CG will be placed at 8022114C (length = 5AC bytes)
$Script_TakeTurn_NuclearGuy will be placed at 8021A520 (length = 59C bytes)
$Script_HandleEvent_RBombomb will be placed at 8021BF24 (length = 57C bytes)
$Script_TakeTurn_CryoGuy will be placed at 8021D93C (length = 578 bytes)
$Script_HandleEvent_CovertGuy will be placed at 8021F34C (length = 4A4 bytes)
$Script_HandleEvent_RBombombIgnited will be placed at 80231F48 (length = 494 bytes)
$FormationTable will be placed at 8021DEB4 (length = 460 bytes)
$Script_HandleEvent_FluffPuff will be placed at 80230730 (length = 3C4 bytes)
$Script_BlastAttack_R will be placed at 80230CC8 (length = 3AC bytes)
$Script_HandleEvent_PermafrostGuy will be placed at 8021C4A0 (length = 370 bytes)
$Script_HandleEvent_NuclearGuy will be placed at 8021F7F0 (length = 370 bytes)
$Script_HandleEvent_CryoGuy will be placed at 802323DC (length = 370 bytes)
$Script_802276D4_CG will be placed at 8021AABC (length = 314 bytes)
$Script_ChargeAttack_PhalanxGuy will be placed at 8021FB60 (length = 2BC bytes)
$Script_HealAll will be placed at 8023274C (length = 298 bytes)
$Script_TakeTurn_8022494C will be placed at 802329E4 (length = 220 bytes)
$Function_80218880_CG will be placed at 802216F8 (length = 218 bytes)
$Script_80228778_CG will be placed at 80232C04 (length = 1C4 bytes)
$Function_80218B38_CG will be placed at 80223254 (length = 1BC bytes)
$Script_TakeTurn_ShyGuy will be placed at 80232DC8 (length = 1B8 bytes)
$Script_RunAway_MediGuy will be placed at 80232F80 (length = 1A8 bytes)
$Script_Charge_PhalanxGuy will be placed at 80233128 (length = 19C bytes)
$Function_802181F0_FluffPuff will be placed at 802332C4 (length = 190 bytes)
$Script_Ignite_R will be placed at 80233454 (length = 188 bytes)
$Script_NextTurn_PermafrostGuy will be placed at 8022F924 (length = 178 bytes)
$Script_Init_PhalanxGuy will be placed at 802335DC (length = 178 bytes)
$Script_ChargeB_PhalanxGuy will be placed at 8022486C (length = 15C bytes)
$Script_8021AB54_R will be placed at 80233754 (length = 150 bytes)
$Script_Idle_80218BE0_14 will be placed at 802338A4 (length = 140 bytes)
$Script_TakeTurn_802233AC will be placed at 802339E4 (length = 13C bytes)
$Script_8021BB18_14 will be placed at 80233B20 (length = 128 bytes)
$Script_Defuse_R will be placed at 80233C48 (length = F0 bytes)
$Script_SetSpearStance_PGuy will be placed at 80219208 (length = E8 bytes)
$Script_Init_CovertGuy will be placed at 8021C810 (length = E4 bytes)
$Script_Init_ShyGuy will be placed at 80233D38 (length = E4 bytes)
$Script_Idle_PermafrostGuy will be placed at 802279E8 (length = D4 bytes)
$Script_Idle_CryoGuy will be placed at 8021E314 (length = D4 bytes)
$Script_Idle_NuclearGuy will be placed at 8021FE1C (length = D4 bytes)
$Script_Idle_ShyGuy will be placed at 80233E1C (length = D4 bytes)
$Function_80218EE0_PG will be placed at 80233EF0 (length = CC bytes)
$Function_80218EE0_NG will be placed at 80233FBC (length = CC bytes)
$Script_TakeTurn_PGuy will be placed at 80234088 (length = CC bytes)
$Function_80218000_14 will be placed at 80234154 (length = CC bytes)
$Function_80218EE0_CG will be placed at 80234220 (length = CC bytes)
$Script_Idle_FluffPuff will be placed at 802342EC (length = B0 bytes)
$StatusTable_PhalanxGuy_Charge will be placed at 8023439C (length = AC bytes)
$StatusTable_CryoGuy will be placed at 80234448 (length = AC bytes)
$StatusTable_80218744_14 will be placed at 802344F4 (length = AC bytes)
$StatusTable_PhalanxGuy will be placed at 802345A0 (length = AC bytes)
$StatusTable_CovertGuy will be placed at 8023464C (length = AC bytes)
$StatusTable_ShyGuy will be placed at 802346F8 (length = AC bytes)
$StatusTable_NuclearGuy will be placed at 802347A4 (length = AC bytes)
$Script_TakeTurn_RBombomb will be placed at 80234850 (length = AC bytes)
$StatusTable_PermafrostGuy will be placed at 802348FC (length = AC bytes)
$StatusTable_RBombomb2 will be placed at 802349A8 (length = AC bytes)
$StatusTable_802225F8_FluffPuff will be placed at 80234A54 (length = AC bytes)
$StatusTable_RBombomb will be placed at 80234B00 (length = AC bytes)
$Script_TakeTurn_CovertGuy will be placed at 80234BAC (length = A0 bytes)
$Script_802194C4_ShyGuy will be placed at 80234C4C (length = A0 bytes)
$Function_80218A98_CG will be placed at 80234CEC (length = A0 bytes)
$PartsTable_PhalanxGuy will be placed at 80234D8C (length = 90 bytes)
$Script_80218D7C_14 will be placed at 802304C8 (length = 8C bytes)
$Formation_2D will be placed at 80234E1C (length = 8C bytes)
$Formation_32 will be placed at 80234EA8 (length = 8C bytes)
$Formation_36 will be placed at 80234F34 (length = 8C bytes)
$Script_Init_PermafrostGuy will be placed at 80234FC0 (length = 7C bytes)
$StallCharge will be placed at 8023503C (length = 78 bytes)
$MissCharge will be placed at 802350B4 (length = 74 bytes)
$Formation_0A will be placed at 80235128 (length = 70 bytes)
$Formation_0F will be placed at 80235198 (length = 70 bytes)
$Formation_15 will be placed at 80235208 (length = 70 bytes)
$Formation_17 will be placed at 80235278 (length = 70 bytes)
$Formation_00 will be placed at 802352E8 (length = 70 bytes)
$Formation_04 will be placed at 80235358 (length = 70 bytes)
$Formation_03 will be placed at 802353C8 (length = 70 bytes)
$Formation_08 will be placed at 80235438 (length = 70 bytes)
$Formation_2B will be placed at 802354A8 (length = 70 bytes)
$Formation_30 will be placed at 80235518 (length = 70 bytes)
$Formation_33 will be placed at 80235588 (length = 70 bytes)
$Formation_34 will be placed at 802355F8 (length = 70 bytes)
$Formation_31 will be placed at 80235668 (length = 70 bytes)
$Formation_35 will be placed at 802356D8 (length = 70 bytes)
$Formation_26 will be placed at 80235748 (length = 70 bytes)
$Formation_25 will be placed at 802357B8 (length = 70 bytes)
$Script_8022CDDC_PermafrostGuy will be placed at 80235828 (length = 64 bytes)
$Script_8022CDDC_NG will be placed at 8023588C (length = 64 bytes)
$Script_8022CDDC_CryoGuy will be placed at 802358F0 (length = 64 bytes)
$Script_DoHeal will be placed at 80235954 (length = 60 bytes)
$Function_80218CF4_CG will be placed at 802359B4 (length = 60 bytes)
$Script_Init_RBombomb will be placed at 80235A14 (length = 60 bytes)
$Script_80218B5C_14 will be placed at 80235A74 (length = 5C bytes)
$Script_80222820_FluffPuff will be placed at 80235AD0 (length = 5C bytes)
$Function_80218D54_CG will be placed at 80235B2C (length = 58 bytes)
$StageTable will be placed at 80235B84 (length = 58 bytes)
$Formation_01 will be placed at 8022FB44 (length = 54 bytes)
$Formation_05 will be placed at 8022FC08 (length = 54 bytes)
$Formation_02 will be placed at 8022FD90 (length = 54 bytes)
$Formation_2F will be placed at 80230618 (length = 54 bytes)
$Formation_2E will be placed at 802306C0 (length = 54 bytes)
$Formation_1E will be placed at 80235BDC (length = 54 bytes)
$Script_8021AAE8_R will be placed at 80235C30 (length = 50 bytes)
$IdleAnimations_CryoGuy will be placed at 80235C80 (length = 4C bytes)
$IdleAnimations_PGuy_SpearCharge will be placed at 80235CCC (length = 4C bytes)
$IdleAnimations_RBombomb will be placed at 80235D18 (length = 4C bytes)
$IdleAnimations_RBombombIgnited will be placed at 80235D64 (length = 4C bytes)
$IdleAnimations_CovertGuy_Hammer will be placed at 80235DB0 (length = 4C bytes)
$IdleAnimations_CovertGuy_Slingshot will be placed at 80235DFC (length = 4C bytes)
$IdleAnimations_8021BF40_14 will be placed at 80235E48 (length = 4C bytes)
$IdleAnimations_PGuy_SpearUp will be placed at 80235E94 (length = 4C bytes)
$Function_Vanish will be placed at 80235EE0 (length = 4C bytes)
$IdleAnimations_ShyGuy_G will be placed at 80235F2C (length = 4C bytes)
$IdleAnimations_ShyGuy_B will be placed at 80235F78 (length = 4C bytes)
$IdleAnimations_ShyGuy_R will be placed at 80235FC4 (length = 4C bytes)
$IdleAnimations_ShyGuy_P will be placed at 80236010 (length = 4C bytes)
$IdleAnimations_ShyGuy_Y will be placed at 8023605C (length = 4C bytes)
$IdleAnimations_PermafrostGuy will be placed at 802360A8 (length = 4C bytes)
$IdleAnimations_NuclearGuy will be placed at 802360F4 (length = 4C bytes)
$IdleAnimations_PGuy_SpearDown will be placed at 80236140 (length = 4C bytes)
$Function_Vanish_DarkBoo will be placed at 8023618C (length = 4C bytes)
$PartsTable_CovertGuy will be placed at 802361D8 (length = 48 bytes)
$MissBoost will be placed at 80236220 (length = 48 bytes)
$IdleAnimations_802225A0_FluffPuff will be placed at 80236268 (length = 44 bytes)
$YouKnowTheRules will be placed at 802362AC (length = 40 bytes)
$Script_Init_802226F0_FluffPuff will be placed at 8022FF88 (length = 38 bytes)
$Script_Init_CryoGuy will be placed at 8022FFF8 (length = 38 bytes)
$Script_Init_NuclearGuy will be placed at 80230260 (length = 38 bytes)
$DefenseTable_PermafrostGuy will be placed at 802362EC (length = 34 bytes)
$DefenseTable_CryoGuy will be placed at 80236320 (length = 34 bytes)
$Script_NextTurn_80218B24_14 will be placed at 80230AF4 (length = 28 bytes)
$Stage_Pit1 will be placed at 80236354 (length = 28 bytes)
$PhalanxGuy will be placed at 8023637C (length = 28 bytes)
$NuclearGuy will be placed at 802363A4 (length = 28 bytes)
$Red_Bobomb will be placed at 802363CC (length = 28 bytes)
$FluffPuff will be placed at 802363F4 (length = 28 bytes)
$PermafrostGuy will be placed at 8023641C (length = 28 bytes)
$CovertGuy will be placed at 80236444 (length = 28 bytes)
$CryoGuy will be placed at 8023646C (length = 28 bytes)
$PartsTable_CryoGuy will be placed at 8021ADD0 (length = 24 bytes)
$PartsTable_PermafrostGuy will be placed at 80236494 (length = 24 bytes)
$PartsTable_802226A4_FluffPuff will be placed at 802364B8 (length = 24 bytes)
$PartsTable_NuclearGuy will be placed at 802364DC (length = 24 bytes)
$DefenseTable_NuclearGuy will be placed at 80236500 (length = 24 bytes)
$PartsTable_RBombomb will be placed at 80236524 (length = 24 bytes)
$PartsTable_ShyGuy_B will be placed at 80236548 (length = 24 bytes)
$PartsTable_ShyGuy_G will be placed at 8023656C (length = 24 bytes)
$PartsTable_ShyGuy_P will be placed at 80236590 (length = 24 bytes)
$PartsTable_ShyGuy_R will be placed at 802365B4 (length = 24 bytes)
$PartsTable_ShyGuy_Y will be placed at 802365D8 (length = 24 bytes)
$DefenseTable_8022345C will be placed at 802365FC (length = 1C bytes)
$DefenseTable_ShyGuy will be placed at 8022345C (length = 14 bytes)
$DefenseTable_CovertGuy will be placed at 802249C8 (length = 14 bytes)
$DefenseTable_802225E4_FluffPuff will be placed at 80236618 (length = 14 bytes)
$DefenseTable_80218684_14 will be placed at 8023662C (length = 14 bytes)
$DefenseTable_PhalanxGuy will be placed at 80236640 (length = 14 bytes)
$ASCII_"pit_b01_shape"_Literal will be placed at 80231074 (length = 10 bytes)
$IdleAnimations_Pebble_CG will be placed at 80218ED4 (length = C bytes)
$Vector3D_Pos5 will be placed at 8022DA24 (length = C bytes)
$Vector3D_Pos2 will be placed at 8022DC14 (length = C bytes)
$Vector3D_Pos1 will be placed at 8022DD24 (length = C bytes)
$Vector3D_Pos4 will be placed at 8022F4C4 (length = C bytes)
$Vector3D_Pos3 will be placed at 8022F624 (length = C bytes)
$ASCII_"pit_04"_Literal will be placed at 8022F8A4 (length = C bytes)
$ASCII_"pit_b01_hit"_Literal will be placed at 8021E3E8 (length = C bytes)
$IdleAnimations_80218664_14 will be placed at 80236654 (length = C bytes)
$DefenseTable_RBombomb will be placed at 80236660 (length = C bytes)
$IntTable_80228754_CG will be placed at 8023666C (length = C bytes)
$IdleAnimations_80218658_14 will be placed at 80236678 (length = C bytes)
$IntTable_8022876C_CG will be placed at 80236684 (length = C bytes)
$IntTable_80228748_CG will be placed at 80236690 (length = C bytes)
$IntTable_80228760_CG will be placed at 8023669C (length = C bytes)
$Script_BeforeBattle_Pit will be placed at 802191B8 (length = 8 bytes)
$Script_Idle_CovertGuy will be placed at 802294B8 (length = 8 bytes)
$Script_Idle_RBombomb will be placed at 8022CAF8 (length = 8 bytes)
$Script_AfterBattle_Pit will be placed at 8022DCA8 (length = 8 bytes)
$ASCII_"kpa_tex"_Literal will be placed at 8022F578 (length = 8 bytes)
Overwriting pointer to deleted struct $SJIS_8023107C
Overwriting pointer to deleted struct $SJIS_80231074
Overwriting pointer to deleted struct $SJIS_80231068
Overwriting pointer to deleted struct $SJIS_8023105C
Overwriting pointer to deleted struct $SJIS_80231054
Overwriting pointer to deleted struct $SJIS_80231048
Overwriting pointer to deleted struct $SJIS_80231034
Overwriting pointer to deleted struct $SJIS_80231018
Overwriting pointer to deleted struct $SJIS_80230FFC
Overwriting pointer to deleted struct $SJIS_80230FE4
Overwriting pointer to deleted struct $SJIS_80230FCC
Overwriting pointer to deleted struct $SJIS_80230FB0
Overwriting pointer to deleted struct $SJIS_80230F94
Overwriting pointer to deleted struct $SJIS_80230F88
Overwriting pointer to deleted struct $SJIS_80230F78
Overwriting pointer to deleted struct $SJIS_80230F64
Overwriting pointer to deleted struct $SJIS_80230F50
Overwriting pointer to deleted struct $SJIS_80230F38
Overwriting pointer to deleted struct $SJIS_80230F1C
Overwriting pointer to deleted struct $SJIS_80230F00
Overwriting pointer to deleted struct $SJIS_80230EE0
Overwriting pointer to deleted struct $SJIS_80230ED4
Overwriting pointer to deleted struct $SJIS_80230EC0
Overwriting pointer to deleted struct $SJIS_80230EAC
Overwriting pointer to deleted struct $SJIS_80230E94
Overwriting pointer to deleted struct $SJIS_80230E7C
Overwriting pointer to deleted struct $SJIS_80230E70
Overwriting pointer to deleted struct $SJIS_80230E48
Overwriting pointer to deleted struct $SJIS_80230E3C
Overwriting pointer to deleted struct $SJIS_80230E30
Overwriting pointer to deleted struct $SJIS_80230E1C
Overwriting pointer to deleted struct $SJIS_80230E04
Overwriting pointer to deleted struct $SJIS_80230DEC
Overwriting pointer to deleted struct $SJIS_80230DCC
Overwriting pointer to deleted struct $SJIS_80230DAC
Overwriting pointer to deleted struct $SJIS_80230D8C
Overwriting pointer to deleted struct $SJIS_80230D78
Overwriting pointer to deleted struct $SJIS_80230D68
Overwriting pointer to deleted struct $SJIS_80230D58
Overwriting pointer to deleted struct $SJIS_80230D40
Overwriting pointer to deleted struct $SJIS_80230D28
Overwriting pointer to deleted struct $SJIS_80230D0C
Overwriting pointer to deleted struct $SJIS_80230CF0
Overwriting pointer to deleted struct $SJIS_80230CD4
Overwriting pointer to deleted struct $SJIS_80230CC8
Changing pointer 802310D0 to 802366B0 ($End[0])
Changing pointer 802233AC to 802339E4 ($Script_TakeTurn_802233AC[0])
Changing pointer 8022345C to 802365FC ($DefenseTable_8022345C[0])
Changing pointer 8022494C to 802329E4 ($Script_TakeTurn_8022494C[0])
Changing pointer 80231360 to 80236940 ($End[290])
Changing pointer 80231360 to 80236940 ($End[290])
Changing pointer 80231360 to 80236940 ($End[290])
Changing pointer 80231360 to 80236940 ($End[290])
Changing pointer 8022F930 to 802352E8 ($Formation_00[0])
Changing pointer 8022F968 to 8022FB44 ($Formation_01[0])
Changing pointer 8022F9A0 to 8022FD90 ($Formation_02[0])
Changing pointer 8022F9D8 to 802353C8 ($Formation_03[0])
Changing pointer 8022FA2C to 80235358 ($Formation_04[0])
Changing pointer 8022FA64 to 8022FC08 ($Formation_05[0])
Changing pointer 8022FB44 to 80235438 ($Formation_08[0])
Changing pointer 8022FC08 to 80235128 ($Formation_0A[0])
Changing pointer 8022FD90 to 80235198 ($Formation_0F[0])
Changing pointer 8022FF88 to 80235208 ($Formation_15[0])
Changing pointer 8022FFF8 to 80235278 ($Formation_17[0])
Changing pointer 80230260 to 80235BDC ($Formation_1E[0])
Changing pointer 802304C8 to 802357B8 ($Formation_25[0])
Changing pointer 80230500 to 80235748 ($Formation_26[0])
Changing pointer 802306C0 to 802354A8 ($Formation_2B[0])
Reading patch file: battle/formation/patch/11 Area OMO2.bpat
Reading patch for $ToyTank
Reading patch for $DefenseTable_8022C838
Reading patch for $LightBulb
Reading patch for $Script_LightningAttack
Reading patch for $Script_Init_8022C984
Reading patch for $Script_TakeTurn_80218BA0
Reading patch for $Script_BombAttack
Reading patch for $Script_8022D5E8
Creating struct: $Script_SummonAnti
Creating struct: $Formation_SummonAntiGuy
Creating struct: $SpawnPos
Merged 13 regions to 12
$Script_SummonAnti will be placed at 8022FECC (length = 1B0 bytes)
$SummonAnti will be placed at 8021958C (length = 74 bytes)
$Formation_SummonAntiGuy will be placed at 8022CBEC (length = 1C bytes)
$DefenseTable_8022C838 will be placed at 8022FEB0 (length = 14 bytes)
$SpawnPos will be placed at 8022C838 (length = C bytes)
Changing pointer 8022C838 to 8022FEB0 ($DefenseTable_8022C838[0])
Changing pointer 8022C838 to 8022FEB0 ($DefenseTable_8022C838[0])
Changing pointer 8022C838 to 8022FEB0 ($DefenseTable_8022C838[0])
Reading patch file: battle/formation/patch/12 Area OMO3.bpat
Reading patch file: battle/formation/import/newenemy/EvilShroom.bpat
Creating struct: $EvilShroom
Creating struct: $DefenseTable_Shroom
Creating struct: $StatusTable_Shroom
Creating struct: $PartsTable_Shroom
Creating struct: $IdleAnimations_Shroom
Creating struct: $Script_Init_Shroom
Creating struct: $Script_Idle_Shroom
Creating struct: $Script_NextTurn_Shroom
Creating struct: $Script_HandleEvent_Shroom
Creating struct: $Script_TakeTurn_Shroom
Reading patch file: battle/formation/import/newenemy/DarkGoomba.bpat
Creating struct: $Function_80218000_DG
Creating struct: $Function_80218500_01
Creating struct: $Function_8021868C_DG
Creating struct: $Function_80218458_DG
Creating struct: $Function_8021849C_DG
Creating struct: $Function_802184D4_DG
Creating struct: $DefenseTable_DarkGoomba
Creating struct: $StatusTable_DarkGoomba
Creating struct: $PartsTable_DarkGoomba
Creating struct: $DarkGoomba
Creating struct: $IdleAnimations_DarkGoomba
Creating struct: $IdleAnimations_DarkGoomba_Moving
Creating struct: $IdleAnimations_DarkGoomba_Charged
Creating struct: $Script_Init_DarkGoomba
Creating struct: $Script_Charge_DarkGoomba
Creating struct: $Script_TakeTurn_DarkGoomba
Creating struct: $Script_Idle_DarkGoomba
Creating struct: $Script_HandleEvent_DarkGoomba
Creating struct: $FloatTable_DarkGoomba
Creating struct: $Script_Headbonk_DarkGoomba
Reading patch file: battle/formation/import/newenemy/RedClubba.bpat
Creating struct: $IdleAnimations_RClubba
Creating struct: $DefenseTable_RClubba
Creating struct: $StatusTable_RClubba
Creating struct: $PartsTable_RClubba
Creating struct: $RedClubba
Creating struct: $Script_Init_RClubba
Creating struct: $Script_Idle_RClubba
Creating struct: $Script_HandleEvent_RClubba
Creating struct: $Script_TakeTurn_RClubba
Reading patch file: battle/formation/import/newenemy/RedFuzzy.bpat
Creating struct: $Function_80218000_RF
Creating struct: $Function_802180B4_RF
Creating struct: $DefenseTable_RFuzzy
Creating struct: $StatusTable_RFuzzy
Creating struct: $PartsTable_RFuzzy
Creating struct: $RedFuzzy
Creating struct: $IdleAnimations_RFuzzy
Creating struct: $Script_Init_RFuzzy
Creating struct: $Script_TrySummon_RF
Creating struct: $Script_Idle_RFuzzy
Creating struct: $Script_HandleEvent_RFuzzy
Creating struct: $Script_RF_Summon
Creating struct: $Script_RF_Siphon
Creating struct: $Script_8021A0D4_RF
Creating struct: $Script_8021A45C_RF
Creating struct: $Script_TakeTurn_RFuzzy
Creating struct: $Vector3D_Down
Creating struct: $SpecialFormation_RFuzzy
Creating struct: $RedFuzzySummon
Reading patch file: battle/formation/import/newenemy/GoldKoopatrol.bpat
Creating struct: $GoldKoopatrol
Creating struct: $Function_802180D0_GK
Creating struct: $Function_8021819C_GK
Creating struct: $IdleAnimations_GoldKoopatrol
Creating struct: $IdleAnimations_GoldKoopatrolWalking
Creating struct: $IdleAnimations_GoldKoopatrolFlipped
Creating struct: $IdleAnimations_GoldKoopatrolCharged
Creating struct: $DefenseTable_GoldKoopatrol
Creating struct: $DefenseTable_GoldKoopatrolFlipped
Creating struct: $DefenseTable_GoldKoopatrolCharged
Creating struct: $StatusTable_GoldKoopatrol
Creating struct: $StatusTable_GoldKoopatrolCharged
Creating struct: $PartsTable_GoldKoopatrol
Creating struct: $GoldKoopatrolSummoned
Creating struct: $Script_Init_GoldKoopatrol
Creating struct: $Script_NextTurn_GoldKoopatrol
Creating struct: $Script_802207D4_GK
Creating struct: $Script_Idle_GoldKoopatrol
Creating struct: $IntTable_80220E1C_GK
Creating struct: $Script_HandleEvent_GoldKoopatrol
Creating struct: $Script_ShellToss_GK
Creating struct: $Script_SuperShellToss_GK
Creating struct: $Script_TakeTurn_GoldKoopatrol
Reading patch file: battle/formation/import/newenemy/FrostPokey.bpat
Creating struct: $FrostPokey
Creating struct: $Function_80218000_FP
Creating struct: $DefenseTable_FrostPokey
Creating struct: $StatusTable_FrostPokey
Creating struct: $PartsTable_FrostPokey
Creating struct: $FrostPokeySummon
Creating struct: $IdleAnimations_80218438_FP
Creating struct: $IdleAnimations_80218474_FP
Creating struct: $IdleAnimations_802184B0_FP
Creating struct: $IdleAnimations_802184EC_FP
Creating struct: $IdleAnimations_80218528_FP
Creating struct: $Script_Init_80218534_FP
Creating struct: $Script_NextTurn_FrostPokey
Creating struct: $Script_Idle_802186B0_FP
Creating struct: $Script_HandleEvent_802186C0_FP
Creating struct: $Script_802193B8_FP
Creating struct: $Script_80219EB4_FP
Creating struct: $Script_TakeTurn_8021A018_FP
Creating struct: $Script_8021AB44_FP
Creating struct: $Vector3D_8021AE04_FP
Creating struct: $SpecialFormation_8021AE10_FP
Creating struct: $Script_Summon_FrostPokey
Creating struct: $Script_8021B590_FP
Creating struct: $Script_8021BF50_FP
Creating struct: $Script_8021C07C_FP
Creating struct: $Script_8021C574_FP
Creating struct: $Script_8021C860_FP
Creating struct: $Script_8021CCAC_FP
Creating struct: $Script_8021D184_FP
Reading patch for $FormationTable
Creating struct: $Formation_0B
Reading patch for $Formation_01
Reading patch for $Formation_02
Reading patch for $Formation_03
Reading patch for $Formation_04
Reading patch for $Formation_05
Reading patch for $GoldKoopatrol
Reading patch for $Formation_09
Reading patch for $Formation_08
Reading patch for $StatusTable_80221034
Reading patch for $HammerBros
Reading patch for $Script_Init_802211E0
Reading patch for $Script_TakeTurn_80222DCC
Creating struct: $Script_NextTurn_HammerBros
Reading patch for $Script_802218B4
Reading patch for $Script_80222570
Reading patch for $BigLanternGhost
Reading patch for $StatusTable_80218DC8
Reading patch for $Script_8021A3E4
Reading patch for $Script_8021B0F8
Merged 91 regions to 26
$Script_RF_Siphon will be placed at 8021D144 (length = D44 bytes)
$Script_HandleEvent_GoldKoopatrol will be placed at 8021EB68 (length = D3C bytes)
$Script_ShellToss_GK will be placed at 802280EC (length = C44 bytes)
$Script_SuperShellToss_GK will be placed at 8022EEBC (length = BDC bytes)
$Script_Headbonk_DarkGoomba will be placed at 8021DE88 (length = A30 bytes)
$Script_Charge_DarkGoomba will be placed at 8021F8A4 (length = 998 bytes)
$Script_HandleEvent_802186C0_FP will be placed at 80228D30 (length = 974 bytes)
$Script_TakeTurn_8021A018_FP will be placed at 8022FA98 (length = 938 bytes)
$Script_802193B8_FP will be placed at 8022023C (length = 878 bytes)
$Script_8021B590_FP will be placed at 802296A4 (length = 7B0 bytes)
$Script_TakeTurn_RClubba will be placed at 802303D0 (length = 758 bytes)
$Script_HandleEvent_DarkGoomba will be placed at 80229E54 (length = 6BC bytes)
$Script_Summon_FrostPokey will be placed at 80230B28 (length = 5A8 bytes)
$Script_Idle_GoldKoopatrol will be placed at 8022A510 (length = 530 bytes)
$Script_HandleEvent_Shroom will be placed at 80220AB4 (length = 4F8 bytes)
$Script_HandleEvent_RFuzzy will be placed at 802310D0 (length = 4DC bytes)
$Script_8021C07C_FP will be placed at 8022AA40 (length = 420 bytes)
$Script_TakeTurn_GoldKoopatrol will be placed at 802315AC (length = 3E4 bytes)
$Script_HandleEvent_RClubba will be placed at 8022AE60 (length = 3D8 bytes)
$Script_8021CCAC_FP will be placed at 80231990 (length = 3D0 bytes)
$Script_8021C860_FP will be placed at 8022B238 (length = 358 bytes)
$Script_RF_Summon will be placed at 80231D60 (length = 32C bytes)
$Script_8021D184_FP will be placed at 8022B590 (length = 2C0 bytes)
$Script_Idle_DarkGoomba will be placed at 8023208C (length = 298 bytes)
$Script_8021A0D4_RF will be placed at 8022B850 (length = 27C bytes)
$Script_8021C574_FP will be placed at 8021E8B8 (length = 24C bytes)
$Script_8021AB44_FP will be placed at 80232324 (length = 1F0 bytes)
$Function_80218500_01 will be placed at 80222BF8 (length = 18C bytes)
$Script_TakeTurn_Shroom will be placed at 8022BACC (length = 170 bytes)
$FloatTable_DarkGoomba will be placed at 80232514 (length = 16C bytes)
$Script_802207D4_GK will be placed at 8022BC3C (length = 160 bytes)
$Script_TakeTurn_DarkGoomba will be placed at 80232680 (length = 14C bytes)
$Script_8021A45C_RF will be placed at 8022BD9C (length = 148 bytes)
$Script_Init_80218534_FP will be placed at 802327CC (length = 144 bytes)
$Script_Init_GoldKoopatrol will be placed at 8022ED58 (length = 114 bytes)
$FormationTable will be placed at 8021A9F0 (length = 104 bytes)
$Script_80219EB4_FP will be placed at 8022BEE4 (length = 100 bytes)
$Function_8021868C_DG will be placed at 80232910 (length = F4 bytes)
$PartsTable_FrostPokey will be placed at 8022EA2C (length = D8 bytes)
$Script_8021BF50_FP will be placed at 8022BFE4 (length = D4 bytes)
$Function_80218000_FP will be placed at 80232A04 (length = CC bytes)
$Function_802180D0_GK will be placed at 8022C0B8 (length = CC bytes)
$Script_NextTurn_Shroom will be placed at 80232AD0 (length = C4 bytes)
$Function_80218000_RF will be placed at 8022C184 (length = B4 bytes)
$Function_802180B4_RF will be placed at 80232B94 (length = B4 bytes)
$StatusTable_GoldKoopatrol will be placed at 8022C238 (length = AC bytes)
$StatusTable_RClubba will be placed at 80232C48 (length = AC bytes)
$StatusTable_DarkGoomba will be placed at 8022C2E4 (length = AC bytes)
$StatusTable_RFuzzy will be placed at 80232CF4 (length = AC bytes)
$StatusTable_FrostPokey will be placed at 8022C390 (length = AC bytes)
$StatusTable_Shroom will be placed at 80232DA0 (length = AC bytes)
$Script_8021B0F8 will be placed at 8022C43C (length = AC bytes)
$StatusTable_GoldKoopatrolCharged will be placed at 80232E4C (length = 9C bytes)
$Script_NextTurn_FrostPokey will be placed at 8022C4E8 (length = 80 bytes)
$Script_Init_DarkGoomba will be placed at 80232EE8 (length = 60 bytes)
$Script_NextTurn_HammerBros will be placed at 8022C568 (length = 5C bytes)
$Function_80218000_DG will be placed at 80232F48 (length = 58 bytes)
$Function_802184D4_DG will be placed at 8022C5C4 (length = 58 bytes)
$Function_8021819C_GK will be placed at 80232FA0 (length = 58 bytes)
$Script_TakeTurn_RFuzzy will be placed at 8022C61C (length = 58 bytes)
$IntTable_80220E1C_GK will be placed at 80232FF8 (length = 58 bytes)
$Script_TrySummon_RF will be placed at 8022C674 (length = 58 bytes)
$Script_Init_RFuzzy will be placed at 8021B0F8 (length = 4C bytes)
$IdleAnimations_GoldKoopatrolWalking will be placed at 80233050 (length = 4C bytes)
$IdleAnimations_DarkGoomba will be placed at 8022C6CC (length = 4C bytes)
$IdleAnimations_DarkGoomba_Moving will be placed at 8023309C (length = 4C bytes)
$IdleAnimations_RFuzzy will be placed at 8022C718 (length = 4C bytes)
$IdleAnimations_GoldKoopatrol will be placed at 802330E8 (length = 4C bytes)
$IdleAnimations_RClubba will be placed at 8022C764 (length = 4C bytes)
$IdleAnimations_DarkGoomba_Charged will be placed at 80233134 (length = 4C bytes)
$IdleAnimations_GoldKoopatrolCharged will be placed at 8022C7B0 (length = 4C bytes)
$IdleAnimations_GoldKoopatrolFlipped will be placed at 80233180 (length = 4C bytes)
$IdleAnimations_Shroom will be placed at 8022C7FC (length = 4C bytes)
$Script_NextTurn_GoldKoopatrol will be placed at 80222D84 (length = 48 bytes)
$Script_Init_Shroom will be placed at 802331CC (length = 48 bytes)
$Function_80218458_DG will be placed at 8022C848 (length = 44 bytes)
$IdleAnimations_80218438_FP will be placed at 80233214 (length = 3C bytes)
$IdleAnimations_802184EC_FP will be placed at 8022C88C (length = 3C bytes)
$IdleAnimations_802184B0_FP will be placed at 80233250 (length = 3C bytes)
$IdleAnimations_80218474_FP will be placed at 8022C8C8 (length = 3C bytes)
$Script_Init_RClubba will be placed at 8023328C (length = 38 bytes)
$Function_8021849C_DG will be placed at 8022C904 (length = 38 bytes)
$DarkGoomba will be placed at 80222E30 (length = 28 bytes)
$GoldKoopatrol will be placed at 802332C4 (length = 28 bytes)
$RedClubba will be placed at 8022C93C (length = 28 bytes)
$EvilShroom will be placed at 802332EC (length = 28 bytes)
$GoldKoopatrolSummoned will be placed at 8022C964 (length = 28 bytes)
$FrostPokeySummon will be placed at 80233314 (length = 28 bytes)
$RedFuzzySummon will be placed at 8022C98C (length = 28 bytes)
$RedFuzzy will be placed at 8023333C (length = 28 bytes)
$FrostPokey will be placed at 8022C9B4 (length = 28 bytes)
$PartsTable_Shroom will be placed at 80220FAC (length = 24 bytes)
$PartsTable_GoldKoopatrol will be placed at 80233364 (length = 24 bytes)
$PartsTable_RFuzzy will be placed at 8022C9DC (length = 24 bytes)
$PartsTable_RClubba will be placed at 80233388 (length = 24 bytes)
$PartsTable_DarkGoomba will be placed at 8022CA00 (length = 24 bytes)
$SpecialFormation_8021AE10_FP will be placed at 8022E9F4 (length = 1C bytes)
$Formation_0B will be placed at 8021AAF4 (length = 1C bytes)
$SpecialFormation_RFuzzy will be placed at 802333AC (length = 1C bytes)
$DefenseTable_FrostPokey will be placed at 8022CA24 (length = 1C bytes)
$DefenseTable_RFuzzy will be placed at 802333C8 (length = 1C bytes)
$DefenseTable_DarkGoomba will be placed at 8022EB04 (length = 14 bytes)
$DefenseTable_GoldKoopatrolCharged will be placed at 8022CA40 (length = 14 bytes)
$DefenseTable_GoldKoopatrol will be placed at 802333E4 (length = 14 bytes)
$DefenseTable_GoldKoopatrolFlipped will be placed at 8022CA54 (length = 14 bytes)
$Vector3D_Down will be placed at 80218CD4 (length = C bytes)
$DefenseTable_Shroom will be placed at 8021B434 (length = C bytes)
$DefenseTable_RClubba will be placed at 8021B544 (length = C bytes)
$Vector3D_8021AE04_FP will be placed at 8021CCE4 (length = C bytes)
$IdleAnimations_80218528_FP will be placed at 8021CE44 (length = C bytes)
$Script_Idle_Shroom will be placed at 80218698 (length = 8 bytes)
$Script_Idle_802186B0_FP will be placed at 802186E8 (length = 8 bytes)
$Script_Idle_RFuzzy will be placed at 80218AD8 (length = 8 bytes)
$Script_Idle_RClubba will be placed at 8021B4C8 (length = 8 bytes)
Overwriting pointer to deleted struct $SJIS_8022EE60
Overwriting pointer to deleted struct $SJIS_8022EE48
Overwriting pointer to deleted struct $SJIS_8022EE2C
Overwriting pointer to deleted struct $SJIS_8022EE10
Overwriting pointer to deleted struct $SJIS_8022EDF4
Overwriting pointer to deleted struct $SJIS_8022EDD8
Overwriting pointer to deleted struct $SJIS_8022EDB8
Overwriting pointer to deleted struct $SJIS_8022ED98
Overwriting pointer to deleted struct $SJIS_8022ED80
Overwriting pointer to deleted struct $SJIS_8022ED64
Overwriting pointer to deleted struct $SJIS_8022ED58
Changing pointer 8021B0F8 to 8022C43C ($Script_8021B0F8[0])
Changing pointer 8021B0F8 to 8022C43C ($Script_8021B0F8[0])
Changing pointer 8021B0F8 to 8022C43C ($Script_8021B0F8[0])
Changing pointer 8021B0F8 to 8022C43C ($Script_8021B0F8[0])
Changing pointer 8021B0F8 to 8022C43C ($Script_8021B0F8[0])
Changing pointer 8022EEC0 to 80233400 ($End[0])
Changing pointer 8022EEC0 to 80233400 ($End[0])
Changing pointer 8022EEC0 to 80233400 ($End[0])
Changing pointer 8022EEC0 to 80233400 ($End[0])
Reading patch file: battle/formation/patch/13 Area KGR.bpat
Reading patch for $Fuzzipede
Creating struct: $IdleAnimations_Underground
Creating struct: $IdleAnimations_HoleOnly
Reading patch for $StatusTable_80218A54
Reading patch for $Script_Init_80218B70
Reading patch for $Script_8021A6D8
Reading patch for $Script_8021B22C
Reading patch for $Script_80219668
Creating struct: $Script_DigAttack
Creating struct: $Script_Hide
Reading patch for $Script_TakeTurn_8021C1A4
Creating struct: $Script_HandleEvent_Underground
Merged 10 regions to 8
$Script_HandleEvent_Underground will be placed at 8021D678 (length = 414 bytes)
$Script_80219668 will be placed at 8021DA8C (length = 2B4 bytes)
$Script_DigAttack will be placed at 8021DD40 (length = 290 bytes)
$Script_Hide will be placed at 80219668 (length = 120 bytes)
$IdleAnimations_Underground will be placed at 8021DFD0 (length = 4C bytes)
$IdleAnimations_HoleOnly will be placed at 80219788 (length = 4C bytes)
Changing pointer 80219668 to 8021DA8C ($Script_80219668[0])
Changing pointer 80219668 to 8021DA8C ($Script_80219668[0])
Changing pointer 80219668 to 8021DA8C ($Script_80219668[0])
Changing pointer 80219668 to 8021DA8C ($Script_80219668[0])
Changing pointer 80219668 to 8021DA8C ($Script_80219668[0])
Changing pointer 80219668 to 8021DA8C ($Script_80219668[0])
Reading patch file: battle/formation/patch/14 Area JAN.bpat
Reading patch file: battle/formation/import/newenemy/RemedyGuy.bpat
Creating struct: $RemedyGuy
Creating struct: $Function_802184E0_10
Creating struct: $Function_802185AC_10
Creating struct: $IdleAnimations_RemedyGuy
Creating struct: $DefenseTable_RemedyGuy
Creating struct: $StatusTable_RemedyGuy
Creating struct: $PartsTable_RemedyGuy
Creating struct: $Script_Init_RemedyGuy
Creating struct: $Script_Idle_RemedyGuy
Creating struct: $Script_8022371C_10
Creating struct: $Script_HandleEvent_RemedyGuy
Creating struct: $Script_FlyingAttack_Remedy
Creating struct: $Script_HealOneAlly_Remedy
Creating struct: $Script_HealAll_Remedy
Creating struct: $Script_RunAway_RemedyGuy
Creating struct: $Script_TakeTurn_RemedyGuy
Creating struct: $Script_DoHeal_Remedy
Reading patch for $Script_HealOneAlly_Remedy
Reading patch file: battle/formation/import/newenemy/DarkBristle.bpat
Creating struct: $DarkBristle
Creating struct: $StatusTable_DarkBristle
Creating struct: $PartsTable_DarkBristle
Creating struct: $IdleAnimations_DarkBristle
Creating struct: $DefenseTable_DarkBristle
Creating struct: $Script_Init_DarkBristle
Creating struct: $Script_HandleEvent_DarkBristle
Creating struct: $Script_ReturnHome_DarkBristle
Creating struct: $Script_TakeTurn_DarkBristle
Reading patch file: battle/formation/import/newenemy/Swoopix.bpat
Creating struct: $Swoopix
Creating struct: $Function_802180D0_Swoopix
Creating struct: $DefenseTable_8021C4B0_Swoopix
Creating struct: $StatusTable_8021C4BC_Swoopix
Creating struct: $PartsTable_8021C568_Swoopix
Creating struct: $IdleAnimations_8021C5B4_Swoopix
Creating struct: $IdleAnimations_8021C600_Swoopix
Creating struct: $Script_Init_8021C64C_Swoopix
Creating struct: $Script_Idle_8021C6B0_Swoopix
Creating struct: $Script_8021C6C0_Swoopix
Creating struct: $Script_HandleEvent_Air_Swoopix
Creating struct: $Script_8021CD04_Swoopix
Creating struct: $Script_HandleEvent_Swoopix
Creating struct: $Script_TopSwoop_Swoopix
Creating struct: $Script_TakeTurn_Swoopix
Reading patch for $StatusTable_80218698
Reading patch for $StatusTable_80218744
Reading patch for $SpearGuy
Reading patch for $Script_SpearStab
Reading patch for $Script_SpearThrow
Reading patch for $Script_SummonBackup
Reading patch for $Script_TakeTurn_8021BCB4
Reading patch for $Script_TakeTurn_8021D8D8
Reading patch for $Script_8021CD50
Creating struct: $Script_ShyGuy_FrontFlip_J
Reading patch for $HurtPlant
Reading patch for $Script_TakeTurn_8021E33C
Reading patch for $JungleFuzzy
Reading patch for $Script_LeechAttack
Creating struct: $NoOpFunction
Reading patch for $Script_TakeTurn_80221628
Reading patch for $MBush
Reading patch for $Script_TakeTurn_80221F78
Reading patch for $Formation_00
Reading patch for $Formation_01
Reading patch for $Formation_02
Reading patch for $Formation_03
Reading patch for $Formation_06
Reading patch for $Formation_10
Reading patch for $Formation_04
Reading patch for $Formation_05
Reading patch for $Formation_07
Reading patch for $FormationTable
Creating struct: $Formation_11
Creating struct: $Formation_12
Reading patch for $StageTable
Creating struct: $Stage_Pit1
Creating struct: $Script_BeforeBattle_Pit
Creating struct: $Script_AfterBattle_Pit
Merged 52 regions to 25
$Script_HandleEvent_Swoopix will be placed at 80229018 (length = 960 bytes)
$Script_ShyGuy_FrontFlip_J will be placed at 80229978 (length = 8C0 bytes)
$Script_HandleEvent_Air_Swoopix will be placed at 8022A238 (length = 83C bytes)
$Script_TopSwoop_Swoopix will be placed at 8022AA74 (length = 6CC bytes)
$Script_FlyingAttack_Remedy will be placed at 8022B140 (length = 63C bytes)
$Script_TakeTurn_Swoopix will be placed at 8022B77C (length = 5A0 bytes)
$Script_HandleEvent_DarkBristle will be placed at 8022BD1C (length = 4E8 bytes)
$Script_HandleEvent_RemedyGuy will be placed at 8021A3F8 (length = 414 bytes)
$Script_TakeTurn_DarkBristle will be placed at 8022C204 (length = 3F0 bytes)
$Script_HealAll_Remedy will be placed at 8022C5F4 (length = 2DC bytes)
$Script_8021CD04_Swoopix will be placed at 8021D600 (length = 2BC bytes)
$Script_HealOneAlly_Remedy will be placed at 8022C8D0 (length = 298 bytes)
$Script_TakeTurn_RemedyGuy will be placed at 8021B54C (length = 220 bytes)
$Script_RunAway_RemedyGuy will be placed at 80228E30 (length = 1A8 bytes)
$FormationTable will be placed at 80228A88 (length = 190 bytes)
$Script_8021C6C0_Swoopix will be placed at 8021E850 (length = 164 bytes)
$Function_802185AC_10 will be placed at 80228580 (length = 110 bytes)
$Script_Idle_RemedyGuy will be placed at 80222414 (length = D4 bytes)
$Function_802184E0_10 will be placed at 8021BE74 (length = CC bytes)
$Function_802180D0_Swoopix will be placed at 8022CB68 (length = CC bytes)
$Script_Init_8021C64C_Swoopix will be placed at 8022CC34 (length = C4 bytes)
$StatusTable_8021C4BC_Swoopix will be placed at 80219E10 (length = AC bytes)
$StatusTable_RemedyGuy will be placed at 8022CCF8 (length = AC bytes)
$Script_8022371C_10 will be placed at 80221764 (length = 9C bytes)
$Formation_12 will be placed at 8021A80C (length = 8C bytes)
$Formation_10 will be placed at 80228C18 (length = 8C bytes)
$Formation_03 will be placed at 8022CDA4 (length = 8C bytes)
$StatusTable_DarkBristle will be placed at 8022CE30 (length = 8C bytes)
$Script_ReturnHome_DarkBristle will be placed at 8022CEBC (length = 88 bytes)
$Script_Init_RemedyGuy will be placed at 8022CF44 (length = 80 bytes)
$Formation_11 will be placed at 802286EC (length = 70 bytes)
$Formation_00 will be placed at 8022CFC4 (length = 70 bytes)
$Formation_01 will be placed at 8022D034 (length = 70 bytes)
$Formation_05 will be placed at 8022D0A4 (length = 70 bytes)
$Script_Init_DarkBristle will be placed at 802224E8 (length = 60 bytes)
$Script_DoHeal_Remedy will be placed at 8022D114 (length = 60 bytes)
$Formation_02 will be placed at 8022D174 (length = 54 bytes)
$StageTable will be placed at 8022D1C8 (length = 50 bytes)
$IdleAnimations_RemedyGuy will be placed at 8022D218 (length = 4C bytes)
$IdleAnimations_8021C600_Swoopix will be placed at 8022D264 (length = 4C bytes)
$IdleAnimations_8021C5B4_Swoopix will be placed at 8022D2B0 (length = 4C bytes)
$IdleAnimations_DarkBristle will be placed at 8022D2FC (length = 44 bytes)
$Stage_Pit1 will be placed at 8022D340 (length = 28 bytes)
$Swoopix will be placed at 8022D368 (length = 28 bytes)
$RemedyGuy will be placed at 8022D390 (length = 28 bytes)
$DarkBristle will be placed at 8022D3B8 (length = 28 bytes)
$PartsTable_8021C568_Swoopix will be placed at 80228690 (length = 24 bytes)
$DefenseTable_DarkBristle will be placed at 8022D3E0 (length = 24 bytes)
$PartsTable_RemedyGuy will be placed at 8022D404 (length = 24 bytes)
$PartsTable_DarkBristle will be placed at 8022D428 (length = 24 bytes)
$DefenseTable_RemedyGuy will be placed at 8021D8BC (length = 1C bytes)
$DefenseTable_8021C4B0_Swoopix will be placed at 8021E9B4 (length = 1C bytes)
$ASCII_"pit_b01_shape"_Literal will be placed at 8021D928 (length = 10 bytes)
$ASCII_"pit_b01_hit"_Literal will be placed at 80228314 (length = C bytes)
$ASCII_"pit_05"_Literal will be placed at 80219EBC (length = C bytes)
$Script_BeforeBattle_Pit will be placed at 80218308 (length = 8 bytes)
$Script_AfterBattle_Pit will be placed at 80221828 (length = 8 bytes)
$ASCII_"kpa_tex"_Literal will be placed at 802283B8 (length = 8 bytes)
$Script_Idle_8021C6B0_Swoopix will be placed at 80228458 (length = 8 bytes)
$NoOpFunction will be placed at 8021A898 (length = 8 bytes)
Overwriting pointer to deleted struct $SJIS_80228FC8
Overwriting pointer to deleted struct $SJIS_80228FB8
Overwriting pointer to deleted struct $SJIS_80228FA0
Overwriting pointer to deleted struct $SJIS_80228F84
Overwriting pointer to deleted struct $SJIS_80228F68
Overwriting pointer to deleted struct $SJIS_80228F40
Overwriting pointer to deleted struct $SJIS_80228F10
Overwriting pointer to deleted struct $SJIS_80228EE4
Overwriting pointer to deleted struct $SJIS_80228ECC
Overwriting pointer to deleted struct $SJIS_80228EB4
Overwriting pointer to deleted struct $SJIS_80228EA4
Overwriting pointer to deleted struct $SJIS_80228E94
Overwriting pointer to deleted struct $SJIS_80228E84
Overwriting pointer to deleted struct $SJIS_80228E60
Overwriting pointer to deleted struct $SJIS_80228E50
Overwriting pointer to deleted struct $SJIS_80228E40
Overwriting pointer to deleted struct $SJIS_80228E30
Changing pointer 80228580 to 8022CFC4 ($Formation_00[0])
Changing pointer 802285B8 to 8022D034 ($Formation_01[0])
Changing pointer 8022860C to 8022D174 ($Formation_02[0])
Changing pointer 80228644 to 8022CDA4 ($Formation_03[0])
Changing pointer 80228708 to 8022D0A4 ($Formation_05[0])
Changing pointer 80228A88 to 80228C18 ($Formation_10[0])
Reading patch file: battle/formation/patch/15 Area JAN2.bpat
Reading patch file: battle/formation/import/newenemy/PhalanxGuy.bpat
Creating struct: $PhalanxGuy
Creating struct: $Function_80218000_14
Creating struct: $IdleAnimations_PGuy_SpearDown
Creating struct: $IdleAnimations_PGuy_SpearUp
Creating struct: $IdleAnimations_PGuy_SpearCharge
Creating struct: $IdleAnimations_80218658_14
Creating struct: $IdleAnimations_80218664_14
Creating struct: $DefenseTable_PhalanxGuy
Creating struct: $DefenseTable_80218684_14
Creating struct: $StatusTable_PhalanxGuy
Creating struct: $StatusTable_80218744_14
Creating struct: $StatusTable_PhalanxGuy_Charge
Creating struct: $PartsTable_PhalanxGuy
Creating struct: $Script_SetSpearStance_PGuy
Creating struct: $Script_Init_PhalanxGuy
Creating struct: $Script_NextTurn_80218B24_14
Creating struct: $Script_80218B5C_14
Creating struct: $Script_Idle_80218BE0_14
Creating struct: $Script_80218D7C_14
Creating struct: $Script_HandleEvent_80218E3C_14
Creating struct: $Script_SpearStab_PGuy
Creating struct: $Script_ChargeB_PhalanxGuy
Creating struct: $Script_Charge_PhalanxGuy
Creating struct: $Script_ChargeAttack_PhalanxGuy
Creating struct: $Script_8021BB18_14
Creating struct: $Script_TakeTurn_PGuy
Creating struct: $IdleAnimations_8021BF40_14
Reading patch file: battle/formation/import/newenemy/Bzzrk.bpat
Creating struct: $Bzzrk
Creating struct: $Function_80218000_Bzzrk
Creating struct: $Function_802180CC_Bzzrk
Creating struct: $IdleAnimations_Bzzrk
Creating struct: $DefenseTable_Bzzrk
Creating struct: $StatusTable_Bzzrk
Creating struct: $PartsTable_Bzzrk
Creating struct: $Script_Init_Bzzrk
Creating struct: $Script_Idle_Bzzrk
Creating struct: $Script_8021ED30_Bzzrk
Creating struct: $Script_HandleEvent_Bzzrk
Creating struct: $Script_Sting_Bzzrk
Creating struct: $Script_8021F88C_Bzzrk
Creating struct: $Script_Swarm_Bzzrk
Creating struct: $Script_DesperationSting_Bzzrk
Creating struct: $Script_TakeTurn_Bzzrk
Reading patch file: battle/formation/import/newenemy/Swoopix.bpat
Creating struct: $Swoopix
Creating struct: $Function_802180D0_Swoopix
Creating struct: $DefenseTable_8021C4B0_Swoopix
Creating struct: $StatusTable_8021C4BC_Swoopix
Creating struct: $PartsTable_8021C568_Swoopix
Creating struct: $IdleAnimations_8021C5B4_Swoopix
Creating struct: $IdleAnimations_8021C600_Swoopix
Creating struct: $Script_Init_8021C64C_Swoopix
Creating struct: $Script_Idle_8021C6B0_Swoopix
Creating struct: $Script_8021C6C0_Swoopix
Creating struct: $Script_HandleEvent_Air_Swoopix
Creating struct: $Script_8021CD04_Swoopix
Creating struct: $Script_HandleEvent_Swoopix
Creating struct: $Script_TopSwoop_Swoopix
Creating struct: $Script_TakeTurn_Swoopix
Reading patch file: battle/formation/import/Enemy/14_MBush.bpat
Creating struct: $14_MBush
Creating struct: $IdleAnimations_80221830_14
Creating struct: $DefenseTable_8022187C_14
Creating struct: $StatusTable_80221890_14
Creating struct: $PartsTable_8022193C_14
Creating struct: $Script_Init_80221988_14
Creating struct: $Script_Idle_802219D4_14
Creating struct: $Script_802219E4_14
Creating struct: $Script_HandleEvent_80221A74_14
Creating struct: $Script_TakeTurn_80221F78_14
Reading patch for $PutridPiranha
Reading patch for $StatusTable_80218720
Reading patch for $Script_Bite
Reading patch for $Script_Breath
Reading patch for $Formation_00
Reading patch for $Formation_01
Reading patch for $Formation_02
Reading patch for $Formation_03
Reading patch for $FormationTable
Creating struct: $Formation_04
Reading patch for $StageTable
Creating struct: $Stage_Pit1
Creating struct: $Script_BeforeBattle_Pit
Creating struct: $Script_AfterBattle_Pit
Reading patch for $14_MBush
Reading patch for $Script_TakeTurn_80221F78_14
Merged 20 regions to 13
$Script_Swarm_Bzzrk will be placed at 8021F9A4 (length = 1204 bytes)
$Script_HandleEvent_Swoopix will be placed at 80220BA8 (length = 960 bytes)
$Script_HandleEvent_80218E3C_14 will be placed at 80221508 (length = 908 bytes)
$Script_HandleEvent_Air_Swoopix will be placed at 80221E10 (length = 83C bytes)
$Script_TopSwoop_Swoopix will be placed at 8022264C (length = 6CC bytes)
$Script_SpearStab_PGuy will be placed at 80222D18 (length = 6C8 bytes)
$Script_TakeTurn_Swoopix will be placed at 802233E0 (length = 5A0 bytes)
$Script_TakeTurn_80221F78_14 will be placed at 80223980 (length = 49C bytes)
$Script_HandleEvent_Bzzrk will be placed at 80223E1C (length = 438 bytes)
$Script_DesperationSting_Bzzrk will be placed at 80224254 (length = 410 bytes)
$Script_8021F88C_Bzzrk will be placed at 80224664 (length = 3FC bytes)
$Script_Sting_Bzzrk will be placed at 80224A60 (length = 3D4 bytes)
$Script_HandleEvent_80221A74_14 will be placed at 80224E34 (length = 38C bytes)
$Script_ChargeAttack_PhalanxGuy will be placed at 802251C0 (length = 2BC bytes)
$Script_8021CD04_Swoopix will be placed at 8022547C (length = 2BC bytes)
$Script_Charge_PhalanxGuy will be placed at 80219748 (length = 19C bytes)
$Script_Init_PhalanxGuy will be placed at 80225738 (length = 178 bytes)
$Script_8021C6C0_Swoopix will be placed at 802258B0 (length = 164 bytes)
$Script_ChargeB_PhalanxGuy will be placed at 80225A14 (length = 15C bytes)
$Script_Idle_80218BE0_14 will be placed at 80225B70 (length = 140 bytes)
$Script_8021BB18_14 will be placed at 80225CB0 (length = 128 bytes)
$Function_802180CC_Bzzrk will be placed at 80225DD8 (length = 11C bytes)
$Script_SetSpearStance_PGuy will be placed at 8021F674 (length = E8 bytes)
$PartsTable_Bzzrk will be placed at 80225EF4 (length = D8 bytes)
$Script_Idle_Bzzrk will be placed at 80225FCC (length = D4 bytes)
$Function_80218000_Bzzrk will be placed at 802260A0 (length = CC bytes)
$Script_TakeTurn_PGuy will be placed at 8022616C (length = CC bytes)
$Function_802180D0_Swoopix will be placed at 80226238 (length = CC bytes)
$Function_80218000_14 will be placed at 80226304 (length = CC bytes)
$Script_Init_8021C64C_Swoopix will be placed at 802263D0 (length = C4 bytes)
$Script_Init_Bzzrk will be placed at 80226494 (length = C4 bytes)
$StatusTable_80221890_14 will be placed at 80226558 (length = AC bytes)
$StatusTable_PhalanxGuy_Charge will be placed at 80226604 (length = AC bytes)
$StatusTable_Bzzrk will be placed at 802266B0 (length = AC bytes)
$StatusTable_80218744_14 will be placed at 8022675C (length = AC bytes)
$StatusTable_PhalanxGuy will be placed at 80226808 (length = AC bytes)
$StatusTable_8021C4BC_Swoopix will be placed at 802268B4 (length = AC bytes)
$Script_TakeTurn_Bzzrk will be placed at 80226960 (length = A0 bytes)
$PartsTable_PhalanxGuy will be placed at 80226A00 (length = 90 bytes)
$Script_80218D7C_14 will be placed at 80226A90 (length = 8C bytes)
$StallCharge will be placed at 80226B1C (length = 78 bytes)
$FormationTable will be placed at 80226B94 (length = 78 bytes)
$MissCharge will be placed at 80226C0C (length = 74 bytes)
$Formation_04 will be placed at 80226C80 (length = 70 bytes)
$Script_802219E4_14 will be placed at 80226CF0 (length = 70 bytes)
$Script_8021ED30_Bzzrk will be placed at 80226D60 (length = 6C bytes)
$Script_80218B5C_14 will be placed at 8021F900 (length = 5C bytes)
$Formation_01 will be placed at 80226DCC (length = 54 bytes)
$StageTable will be placed at 80226E20 (length = 50 bytes)
$IdleAnimations_8021BF40_14 will be placed at 80226E70 (length = 4C bytes)
$IdleAnimations_PGuy_SpearUp will be placed at 80226EBC (length = 4C bytes)
$IdleAnimations_PGuy_SpearCharge will be placed at 80226F08 (length = 4C bytes)
$IdleAnimations_80221830_14 will be placed at 80226F54 (length = 4C bytes)
$IdleAnimations_8021C600_Swoopix will be placed at 80226FA0 (length = 4C bytes)
$IdleAnimations_Bzzrk will be placed at 80226FEC (length = 4C bytes)
$IdleAnimations_PGuy_SpearDown will be placed at 80227038 (length = 4C bytes)
$IdleAnimations_8021C5B4_Swoopix will be placed at 80227084 (length = 4C bytes)
$MissBoost will be placed at 802270D0 (length = 48 bytes)
$Script_Init_80221988_14 will be placed at 8021F5CC (length = 38 bytes)
$Script_NextTurn_80218B24_14 will be placed at 80227118 (length = 28 bytes)
$14_MBush will be placed at 80227140 (length = 28 bytes)
$Stage_Pit1 will be placed at 80227168 (length = 28 bytes)
$Bzzrk will be placed at 80227190 (length = 28 bytes)
$Swoopix will be placed at 802271B8 (length = 28 bytes)
$PhalanxGuy will be placed at 802271E0 (length = 28 bytes)
$PartsTable_8021C568_Swoopix will be placed at 802198E4 (length = 24 bytes)
$PartsTable_8022193C_14 will be placed at 8021F75C (length = 24 bytes)
$DefenseTable_8021C4B0_Swoopix will be placed at 80227208 (length = 1C bytes)
$DefenseTable_Bzzrk will be placed at 80227224 (length = 14 bytes)
$DefenseTable_8022187C_14 will be placed at 80227238 (length = 14 bytes)
$DefenseTable_PhalanxGuy will be placed at 8022724C (length = 14 bytes)
$DefenseTable_80218684_14 will be placed at 80227260 (length = 14 bytes)
$ASCII_"pit_b01_shape"_Literal will be placed at 80227274 (length = 10 bytes)
$ASCII_"pit_b01_hit"_Literal will be placed at 8021F344 (length = C bytes)
$IdleAnimations_80218664_14 will be placed at 80227284 (length = C bytes)
$IdleAnimations_80218658_14 will be placed at 80227290 (length = C bytes)
$ASCII_"pit_05"_Literal will be placed at 8022729C (length = C bytes)
$Script_BeforeBattle_Pit will be placed at 80218248 (length = 8 bytes)
$Script_Idle_802219D4_14 will be placed at 80219EC8 (length = 8 bytes)
$Script_AfterBattle_Pit will be placed at 8021DB28 (length = 8 bytes)
$ASCII_"kpa_tex"_Literal will be placed at 8021F3E8 (length = 8 bytes)
$Script_Idle_8021C6B0_Swoopix will be placed at 8021F488 (length = 8 bytes)
Overwriting pointer to deleted struct $SJIS_8021F950
Overwriting pointer to deleted struct $SJIS_8021F93C
Overwriting pointer to deleted struct $SJIS_8021F928
Overwriting pointer to deleted struct $SJIS_8021F900
Changing pointer 8021F5CC to 80226DCC ($Formation_01[0])
Reading patch file: battle/formation/patch/16 Area KZN.bpat
Reading patch file: battle/formation/import/newenemy/RemedyGuy.bpat
Creating struct: $RemedyGuy
Creating struct: $Function_802184E0_10
Creating struct: $Function_802185AC_10
Creating struct: $IdleAnimations_RemedyGuy
Creating struct: $DefenseTable_RemedyGuy
Creating struct: $StatusTable_RemedyGuy
Creating struct: $PartsTable_RemedyGuy
Creating struct: $Script_Init_RemedyGuy
Creating struct: $Script_Idle_RemedyGuy
Creating struct: $Script_8022371C_10
Creating struct: $Script_HandleEvent_RemedyGuy
Creating struct: $Script_FlyingAttack_Remedy
Creating struct: $Script_HealOneAlly_Remedy
Creating struct: $Script_HealAll_Remedy
Creating struct: $Script_RunAway_RemedyGuy
Creating struct: $Script_TakeTurn_RemedyGuy
Creating struct: $Script_DoHeal_Remedy
Reading patch for $Script_HealOneAlly_Remedy
Reading patch file: battle/formation/import/newenemy/FirePiranha.bpat
Creating struct: $FirePiranha
Creating struct: $Function_80218DF0_FP
Creating struct: $Function_80218130_FP
Creating struct: $Function_802181FC_FP
Creating struct: $IdleAnimations_FirePirahna
Creating struct: $Projectile
Creating struct: $Script_Init_Projectile
Creating struct: $Script_Idle_Projectile
Creating struct: $IdleAnimations_Projectile
Creating struct: $DefenseTable_FirePirahna
Creating struct: $StatusTable_FirePirahna
Creating struct: $PartsTable_FirePirahna
Creating struct: $PartsTable_Projectile_FP
Creating struct: $Script_Init_FirePirahna
Creating struct: $Script_Idle_FirePirahna
Creating struct: $Script_8021B354_FP
Creating struct: $Script_HandleEvent_FirePirahna
Creating struct: $Script_TakeTurn_FirePirahna
Creating struct: $Script_Bite_FP
Creating struct: $Script_Breath_FP
Creating struct: $VoidPos
Creating struct: $ProjectileFormation
Reading patch file: battle/formation/import/newenemy/RedFuzzy.bpat
Creating struct: $Function_80218000_RF
Creating struct: $Function_802180B4_RF
Creating struct: $DefenseTable_RFuzzy
Creating struct: $StatusTable_RFuzzy
Creating struct: $PartsTable_RFuzzy
Creating struct: $RedFuzzy
Creating struct: $IdleAnimations_RFuzzy
Creating struct: $Script_Init_RFuzzy
Creating struct: $Script_TrySummon_RF
Creating struct: $Script_Idle_RFuzzy
Creating struct: $Script_HandleEvent_RFuzzy
Creating struct: $Script_RF_Summon
Creating struct: $Script_RF_Siphon
Creating struct: $Script_8021A0D4_RF
Creating struct: $Script_8021A45C_RF
Creating struct: $Script_TakeTurn_RFuzzy
Creating struct: $Vector3D_Down
Creating struct: $SpecialFormation_RFuzzy
Creating struct: $RedFuzzySummon
Reading patch file: battle/formation/import/newenemy/DarkBristle.bpat
Creating struct: $DarkBristle
Creating struct: $StatusTable_DarkBristle
Creating struct: $PartsTable_DarkBristle
Creating struct: $IdleAnimations_DarkBristle
Creating struct: $DefenseTable_DarkBristle
Creating struct: $Script_Init_DarkBristle
Creating struct: $Script_HandleEvent_DarkBristle
Creating struct: $Script_ReturnHome_DarkBristle
Creating struct: $Script_TakeTurn_DarkBristle
Reading patch file: battle/formation/import/newenemy/Swoopix.bpat
Creating struct: $Swoopix
Creating struct: $Function_802180D0_Swoopix
Creating struct: $DefenseTable_8021C4B0_Swoopix
Creating struct: $StatusTable_8021C4BC_Swoopix
Creating struct: $PartsTable_8021C568_Swoopix
Creating struct: $IdleAnimations_8021C5B4_Swoopix
Creating struct: $IdleAnimations_8021C600_Swoopix
Creating struct: $Script_Init_8021C64C_Swoopix
Creating struct: $Script_Idle_8021C6B0_Swoopix
Creating struct: $Script_8021C6C0_Swoopix
Creating struct: $Script_HandleEvent_Air_Swoopix
Creating struct: $Script_8021CD04_Swoopix
Creating struct: $Script_HandleEvent_Swoopix
Creating struct: $Script_TopSwoop_Swoopix
Creating struct: $Script_TakeTurn_Swoopix
Reading patch for $DefenseTable_8021C8B0
Reading patch for $DefenseTable_8021C8CC
Reading patch for $SpikeTop
Reading patch for $StatusTable_8021C8D8
Reading patch for $Script_SpikeTop_HandleEvent_Floor
Reading patch for $Script_SpikeTop_TakeTurn_Ceiling
Reading patch for $Script_SpikeTop_TakeTurn_Floor
Reading patch for $PutridPiranha
Reading patch for $StatusTable_8021B100
Reading patch for $Script_Bite
Reading patch for $Script_Breath
Reading patch for $StatusTable_80218E3C
Reading patch for $Script_Fireballs_Player
Reading patch for $Script_TakeTurn_8021AEA4
Reading patch for $Formation_00
Reading patch for $Formation_01
Reading patch for $Formation_02
Reading patch for $Formation_03
Reading patch for $Formation_04
Reading patch for $Formation_05
Reading patch for $Formation_06
Reading patch for $Formation_07
Reading patch for $Formation_08
Reading patch for $Formation_09
Reading patch for $Formation_0A
Reading patch for $Formation_0B
Reading patch for $Formation_0D
Reading patch for $Formation_0F
Reading patch for $Formation_11
Reading patch for $Formation_13
Reading patch for $Formation_14
Reading patch for $FormationTable
Creating struct: $Formation_15
Creating struct: $Formation_16
Creating struct: $Formation_17
Creating struct: $Formation_18
Reading patch for $StageTable
Creating struct: $Stage_Pit1
Creating struct: $Script_BeforeBattle_Pit
Creating struct: $Script_AfterBattle_Pit
Merged 48 regions to 19
$Script_RF_Siphon will be placed at 8022A3F0 (length = D44 bytes)
$Script_HandleEvent_Swoopix will be placed at 8022B134 (length = 960 bytes)
$Script_HandleEvent_Air_Swoopix will be placed at 8022BA94 (length = 83C bytes)
$Script_Bite_FP will be placed at 8022C2D0 (length = 778 bytes)
$Script_TopSwoop_Swoopix will be placed at 8022CA48 (length = 6CC bytes)
$Script_FlyingAttack_Remedy will be placed at 8022D114 (length = 63C bytes)
$Script_TakeTurn_Swoopix will be placed at 8022D750 (length = 5A0 bytes)
$Script_HandleEvent_DarkBristle will be placed at 8022DCF0 (length = 4E8 bytes)
$Script_HandleEvent_RFuzzy will be placed at 8022E1D8 (length = 4DC bytes)
$Script_HandleEvent_RemedyGuy will be placed at 8021AC70 (length = 414 bytes)
$Script_TakeTurn_DarkBristle will be placed at 8022E6B4 (length = 3F0 bytes)
$Script_HandleEvent_FirePirahna will be placed at 8022EAA4 (length = 36C bytes)
$Script_Breath_FP will be placed at 8021E050 (length = 364 bytes)
$Script_RF_Summon will be placed at 8022EE10 (length = 32C bytes)
$Script_HealAll_Remedy will be placed at 8022F13C (length = 2DC bytes)
$Script_8021CD04_Swoopix will be placed at 8022F418 (length = 2BC bytes)
$Script_HealOneAlly_Remedy will be placed at 8022F6D4 (length = 298 bytes)
$Script_8021A0D4_RF will be placed at 8022F96C (length = 27C bytes)
$Script_TakeTurn_8021AEA4 will be placed at 8022FBE8 (length = 250 bytes)
$Script_TakeTurn_RemedyGuy will be placed at 8022A188 (length = 220 bytes)
$FormationTable will be placed at 8022FE38 (length = 208 bytes)
$Script_RunAway_RemedyGuy will be placed at 8021C134 (length = 1A8 bytes)
$Function_802181FC_FP will be placed at 80229E74 (length = 17C bytes)
$Script_8021C6C0_Swoopix will be placed at 80229950 (length = 164 bytes)
$Script_8021A45C_RF will be placed at 80230040 (length = 148 bytes)
$Function_802185AC_10 will be placed at 80230188 (length = 110 bytes)
$Script_Idle_FirePirahna will be placed at 80230298 (length = D4 bytes)
$Script_Idle_RemedyGuy will be placed at 8023036C (length = D4 bytes)
$Function_802184E0_10 will be placed at 80230440 (length = CC bytes)
$Function_802180D0_Swoopix will be placed at 8023050C (length = CC bytes)
$Function_80218130_FP will be placed at 802305D8 (length = CC bytes)
$Script_Init_8021C64C_Swoopix will be placed at 802306A4 (length = C4 bytes)
$Function_80218000_RF will be placed at 80230768 (length = B4 bytes)
$Function_802180B4_RF will be placed at 8023081C (length = B4 bytes)
$StatusTable_RFuzzy will be placed at 802308D0 (length = AC bytes)
$StatusTable_FirePirahna will be placed at 8023097C (length = AC bytes)
$StatusTable_8021C4BC_Swoopix will be placed at 80230A28 (length = AC bytes)
$StatusTable_RemedyGuy will be placed at 80230AD4 (length = AC bytes)
$Script_8022371C_10 will be placed at 80230B80 (length = 9C bytes)
$Formation_15 will be placed at 80230C1C (length = 8C bytes)
$Formation_05 will be placed at 80230CA8 (length = 8C bytes)
$Formation_06 will be placed at 80230D34 (length = 8C bytes)
$StatusTable_DarkBristle will be placed at 80230DC0 (length = 8C bytes)
$Script_ReturnHome_DarkBristle will be placed at 80230E4C (length = 88 bytes)
$Script_Init_RemedyGuy will be placed at 80229FF0 (length = 80 bytes)
$Script_Init_FirePirahna will be placed at 80230ED4 (length = 7C bytes)
$Formation_0B will be placed at 80230F50 (length = 70 bytes)
$Formation_16 will be placed at 80230FC0 (length = 70 bytes)
$Formation_13 will be placed at 80231030 (length = 70 bytes)
$Formation_17 will be placed at 802310A0 (length = 70 bytes)
$Formation_18 will be placed at 80231110 (length = 70 bytes)
$Formation_09 will be placed at 80231180 (length = 70 bytes)
$Formation_07 will be placed at 802311F0 (length = 70 bytes)
$Script_Init_DarkBristle will be placed at 80231260 (length = 60 bytes)
$Script_DoHeal_Remedy will be placed at 802312C0 (length = 60 bytes)
$Script_8021B354_FP will be placed at 80231320 (length = 60 bytes)
$Script_TakeTurn_RFuzzy will be placed at 80231380 (length = 58 bytes)
$Script_TrySummon_RF will be placed at 802313D8 (length = 58 bytes)
$Function_80218DF0_FP will be placed at 80229DB0 (length = 54 bytes)
$Formation_0F will be placed at 80231430 (length = 54 bytes)
$Formation_00 will be placed at 80231484 (length = 54 bytes)
$Formation_08 will be placed at 802314D8 (length = 54 bytes)
$Script_Init_RFuzzy will be placed at 8023152C (length = 4C bytes)
$IdleAnimations_Projectile will be placed at 80231578 (length = 4C bytes)
$IdleAnimations_RFuzzy will be placed at 802315C4 (length = 4C bytes)
$IdleAnimations_RemedyGuy will be placed at 80231610 (length = 4C bytes)
$IdleAnimations_8021C600_Swoopix will be placed at 8023165C (length = 4C bytes)
$IdleAnimations_FirePirahna will be placed at 802316A8 (length = 4C bytes)
$IdleAnimations_8021C5B4_Swoopix will be placed at 802316F4 (length = 4C bytes)
$StageTable will be placed at 80231740 (length = 48 bytes)
$IdleAnimations_DarkBristle will be placed at 80229784 (length = 44 bytes)
$Script_TakeTurn_FirePirahna will be placed at 80229B10 (length = 38 bytes)
$Script_Init_Projectile will be placed at 80229C7C (length = 38 bytes)
$Stage_Pit1 will be placed at 80231788 (length = 28 bytes)
$FirePiranha will be placed at 802317B0 (length = 28 bytes)
$Projectile will be placed at 802317D8 (length = 28 bytes)
$Swoopix will be placed at 80231800 (length = 28 bytes)
$RemedyGuy will be placed at 80231828 (length = 28 bytes)
$DarkBristle will be placed at 80231850 (length = 28 bytes)
$RedFuzzySummon will be placed at 80231878 (length = 28 bytes)
$RedFuzzy will be placed at 802318A0 (length = 28 bytes)
$PartsTable_8021C568_Swoopix will be placed at 802318C8 (length = 24 bytes)
$PartsTable_Projectile_FP will be placed at 802318EC (length = 24 bytes)
$DefenseTable_DarkBristle will be placed at 80231910 (length = 24 bytes)
$PartsTable_FirePirahna will be placed at 80231934 (length = 24 bytes)
$DefenseTable_FirePirahna will be placed at 80231958 (length = 24 bytes)
$PartsTable_RFuzzy will be placed at 8023197C (length = 24 bytes)
$PartsTable_RemedyGuy will be placed at 802319A0 (length = 24 bytes)
$PartsTable_DarkBristle will be placed at 802319C4 (length = 24 bytes)
$SpecialFormation_RFuzzy will be placed at 8021B084 (length = 1C bytes)
$DefenseTable_RemedyGuy will be placed at 802319E8 (length = 1C bytes)
$DefenseTable_8021C4B0_Swoopix will be placed at 80231A04 (length = 1C bytes)
$ProjectileFormation will be placed at 80231A20 (length = 1C bytes)
$DefenseTable_RFuzzy will be placed at 80231A3C (length = 1C bytes)
$ASCII_"pit_b01_shape"_Literal will be placed at 8022A3A8 (length = 10 bytes)
$ASCII_"pit_b01_hit"_Literal will be placed at 8021C2DC (length = C bytes)
$Vector3D_Down will be placed at 80231A58 (length = C bytes)
$VoidPos will be placed at 80231A64 (length = C bytes)
$ASCII_"pit_05"_Literal will be placed at 80231A70 (length = C bytes)
$Script_Idle_Projectile will be placed at 80218378 (length = 8 bytes)
$Script_BeforeBattle_Pit will be placed at 8021C8A8 (length = 8 bytes)
$Script_AfterBattle_Pit will be placed at 80227778 (length = 8 bytes)
$ASCII_"kpa_tex"_Literal will be placed at 80228E38 (length = 8 bytes)
$Script_Idle_RFuzzy will be placed at 80229AB4 (length = 8 bytes)
$Script_Idle_8021C6B0_Swoopix will be placed at 80231A7C (length = 8 bytes)
Overwriting pointer to deleted struct $SJIS_8022A3AC
Overwriting pointer to deleted struct $SJIS_8022A3A0
Overwriting pointer to deleted struct $SJIS_8022A394
Overwriting pointer to deleted struct $SJIS_8022A37C
Overwriting pointer to deleted struct $SJIS_8022A360
Overwriting pointer to deleted struct $SJIS_8022A348
Overwriting pointer to deleted struct $SJIS_8022A32C
Overwriting pointer to deleted struct $SJIS_8022A318
Overwriting pointer to deleted struct $SJIS_8022A308
Overwriting pointer to deleted struct $SJIS_8022A2F4
Overwriting pointer to deleted struct $SJIS_8022A2DC
Overwriting pointer to deleted struct $SJIS_8022A2C0
Overwriting pointer to deleted struct $SJIS_8022A2A0
Overwriting pointer to deleted struct $SJIS_8022A27C
Overwriting pointer to deleted struct $SJIS_8022A264
Overwriting pointer to deleted struct $SJIS_8022A250
Overwriting pointer to deleted struct $SJIS_8022A23C
Overwriting pointer to deleted struct $SJIS_8022A210
Overwriting pointer to deleted struct $SJIS_8022A1F0
Overwriting pointer to deleted struct $SJIS_8022A1C0
Overwriting pointer to deleted struct $SJIS_8022A188
Changing pointer 8021AEA4 to 8022FBE8 ($Script_TakeTurn_8021AEA4[0])
Changing pointer 80229790 to 80231484 ($Formation_00[0])
Changing pointer 80229950 to 80230CA8 ($Formation_05[0])
Changing pointer 802299A4 to 80230D34 ($Formation_06[0])
Changing pointer 802299F8 to 802311F0 ($Formation_07[0])
Changing pointer 80229A4C to 802314D8 ($Formation_08[0])
Changing pointer 80229A84 to 80231180 ($Formation_09[0])
Changing pointer 80229B10 to 80230F50 ($Formation_0B[0])
Changing pointer 80229C7C to 80231430 ($Formation_0F[0])
Changing pointer 80229DB0 to 80231030 ($Formation_13[0])
Reading patch file: battle/formation/patch/17 Area KZN2.bpat
Creating struct: $Script_HealLava
Reading patch for $IdleAnimations_8021D064
Reading patch for $IdleAnimations_802250D4
Reading patch for $LavaPiranha
Reading patch for $StatusTable_8021D148
Reading patch for $Script_Init_8021D264
Reading patch for $Script_8021FF3C
Reading patch for $Script_802204B0
Reading patch for $Script_80223780
Reading patch for $Script_HandleEvent_8021F5A4
Reading patch for $Script_DoDeath
Reading patch for $Script_TakeTurn_8021FC10
Reading patch for $Script_TakeTurn_802246F4
Reading patch for $LavaBud
Reading patch for $StatusTable_80225180
Reading patch for $Script_ShootBombs
Reading patch for $DefenseTable_8021D0C4
Reading patch for $DefenseTable_8021D0F0
Creating struct: $DefenseTable_FieryMedium
Creating struct: $DefenseTable_FieryLow
Reading patch for $DefenseTable_8021D11C
Creating struct: $DefenseTable_Medium
Creating struct: $DefenseTable_Low
Reading patch for $Script_HandleEvent_80225738
Reading patch for $Script_802275E4
Reading patch for $Script_80222EF0
Reading patch for $Script_TakeTurn_80225D98
Creating struct: $Script_UpdateDefenseTable
Merged 25 regions to 23
$Script_UpdateDefenseTable will be placed at 80222410 (length = 368 bytes)
$Script_HealLava will be placed at 8021F8B0 (length = 110 bytes)
$DefenseTable_Medium will be placed at 8021FE48 (length = 2C bytes)
$DefenseTable_Low will be placed at 8022095C (length = 2C bytes)
$DefenseTable_FieryLow will be placed at 8021D614 (length = 2C bytes)
$DefenseTable_FieryMedium will be placed at 802259B8 (length = 2C bytes)
Reading patch file: battle/formation/patch/18 Area FLO.bpat
Reading patch file: battle/formation/import/newenemy/Bzzrk.bpat
Creating struct: $Bzzrk
Creating struct: $Function_80218000_Bzzrk
Creating struct: $Function_802180CC_Bzzrk
Creating struct: $IdleAnimations_Bzzrk
Creating struct: $DefenseTable_Bzzrk
Creating struct: $StatusTable_Bzzrk
Creating struct: $PartsTable_Bzzrk
Creating struct: $Script_Init_Bzzrk
Creating struct: $Script_Idle_Bzzrk
Creating struct: $Script_8021ED30_Bzzrk
Creating struct: $Script_HandleEvent_Bzzrk
Creating struct: $Script_Sting_Bzzrk
Creating struct: $Script_8021F88C_Bzzrk
Creating struct: $Script_Swarm_Bzzrk
Creating struct: $Script_DesperationSting_Bzzrk
Creating struct: $Script_TakeTurn_Bzzrk
Reading patch file: battle/formation/import/newenemy/RemedyGuy.bpat
Creating struct: $RemedyGuy
Creating struct: $Function_802184E0_10
Creating struct: $Function_802185AC_10
Creating struct: $IdleAnimations_RemedyGuy
Creating struct: $DefenseTable_RemedyGuy
Creating struct: $StatusTable_RemedyGuy
Creating struct: $PartsTable_RemedyGuy
Creating struct: $Script_Init_RemedyGuy
Creating struct: $Script_Idle_RemedyGuy
Creating struct: $Script_8022371C_10
Creating struct: $Script_HandleEvent_RemedyGuy
Creating struct: $Script_FlyingAttack_Remedy
Creating struct: $Script_HealOneAlly_Remedy
Creating struct: $Script_HealAll_Remedy
Creating struct: $Script_RunAway_RemedyGuy
Creating struct: $Script_TakeTurn_RemedyGuy
Creating struct: $Script_DoHeal_Remedy
Reading patch for $Script_HealOneAlly_Remedy
Reading patch file: battle/formation/import/newenemy/LilSparky.bpat
Creating struct: $IdleAnimations_LilSparky
Creating struct: $DefenseTable_LilSparky
Creating struct: $StatusTable_LilSparky
Creating struct: $PartsTable_LilSparky
Creating struct: $LilSparky
Creating struct: $Script_Init_LilSparky
Creating struct: $Script_Idle_LilSparky
Creating struct: $Script_HandleEvent_LilSparky
Creating struct: $Script_TakeTurn_LilSparky
Creating struct: $Script_ElectroDash_LilSparky
Creating struct: $Script_PowerShock_LilSparky
Creating struct: $Script_FindTChargeTarget
Creating struct: $Script_TurboCharge_LilSparky
Creating struct: $Function_80219658_LS
Creating struct: $Function_802196A4_LS
Creating struct: $Function_802196F0_LS
Creating struct: $Function_80219604_LS
Creating struct: $Function_8021973C_LS
Creating struct: $Function_80219780_LS
Creating struct: $Function_80219358_LS
Creating struct: $Function_80219188_LS
Creating struct: $ConstDouble_80232B38_LS
Reading patch file: battle/formation/import/newenemy/InsaneeDayzee.bpat
Creating struct: $DefenseTable_Insanee
Creating struct: $StatusTable_Insanee
Creating struct: $PartsTable_Insanee
Creating struct: $InsaneeDayzee
Creating struct: $IdleAnimations_Insanee
Creating struct: $Script_Init_Insanee
Creating struct: $Script_Idle_Insanee
Creating struct: $Script_Insanee_8021D94C
Creating struct: $Script_HandleEvent_Insanee
Creating struct: $Function_DarkenBackground_Insanee
Creating struct: $Function_BrightenBackground_Insanee
Creating struct: $Script_Insanee_CurseSing
Creating struct: $Script_Insanee_Sing
Creating struct: $Script_TakeTurn_Insanee
Reading patch file: battle/formation/import/newenemy/PoisonPuff.bpat
Creating struct: $PoisonPuff
Creating struct: $Function_80218000_PPuff
Creating struct: $Function_SetBreathPalette
Creating struct: $Function_802181F0_FP
Creating struct: $IdleAnimations_PoisonPuff
Creating struct: $DefenseTable_PoisonPuff
Creating struct: $StatusTable_PoisonPuff
Creating struct: $PartsTable_PoisonPuff
Creating struct: $Script_Init_PoisonPuff
Creating struct: $Script_Idle_PoisonPuff
Creating struct: $Script_80222820_FP
Creating struct: $Script_HandleEvent_PoisonPuff
Creating struct: $Script_TakeTurn_PoisonPuff
Creating struct: $Script_PoisonBreath_PoisonPuff
Creating struct: $Script_FlipTackle_PoisonPuff
Reading patch file: battle/formation/import/newenemy/RBush.bpat
Creating struct: $RBush
Creating struct: $IdleAnimations_80221830_RBush
Creating struct: $DefenseTable_8022187C_RBush
Creating struct: $StatusTable_80221890_RBush
Creating struct: $PartsTable_8022193C_RBush
Creating struct: $Script_Init_RBush
Creating struct: $Script_Idle_802219D4_RBush
Creating struct: $Script_GoHome_RBush
Creating struct: $Script_HandleEvent_RBush
Creating struct: $Script_TakeTurn_RBush
Reading patch file: battle/formation/import/newenemy/CovertGuy.bpat
Creating struct: $CovertGuy
Creating struct: $Function_80218880_CG
Creating struct: $Function_80218A98_CG
Creating struct: $Function_80218B38_CG
Creating struct: $Function_80218CF4_CG
Creating struct: $Function_80218D54_CG
Creating struct: $IdleAnimations_CovertGuy_Hammer
Creating struct: $IdleAnimations_CovertGuy_Slingshot
Creating struct: $IdleAnimations_Pebble_CG
Creating struct: $DefenseTable_CovertGuy
Creating struct: $StatusTable_CovertGuy
Creating struct: $PartsTable_CovertGuy
Creating struct: $Script_Init_CovertGuy
Creating struct: $Script_Idle_CovertGuy
Creating struct: $Script_802276D4_CG
Creating struct: $Script_HandleEvent_CovertGuy
Creating struct: $Script_SlingshotAttack_CG
Creating struct: $IntTable_80228748_CG
Creating struct: $IntTable_80228754_CG
Creating struct: $IntTable_80228760_CG
Creating struct: $IntTable_8022876C_CG
Creating struct: $Script_80228778_CG
Creating struct: $Function_Vanish
Creating struct: $Script_HammerAttack_CG
Creating struct: $Script_TakeTurn_CovertGuy
Reading patch for $Function_80219420
Reading patch for $Function_802194E0
Reading patch for $Function_802195A0
Reading patch for $Function_80219660
Reading patch for $Function_80219720
Reading patch for $Function_802197E0
Reading patch for $Function_802198A0
Reading patch for $Function_80219C80
Reading patch for $Function_80219D40
Reading patch for $Function_80219E00
Reading patch for $Lakitu
Reading patch for $DefenseTable_80219F24
Reading patch for $StatusTable_80219F38
Reading patch for $Script_ThrowSpint
Reading patch for $Spiny
Reading patch for $DefenseTable_8021BF74
Reading patch for $DefenseTable_8021BF80
Reading patch for $Script_TakeTurn_8021CDC0
Reading patch for $CrazeeDayzee
Reading patch for $StatusTable_8021D7AC
Reading patch for $Script_Init_8021D8F0
Reading patch for $Script_Crazee_Sing
Creating struct: $Script_Crazee_DebuffSing
Reading patch for $Script_TakeTurn_8021E7BC
Reading patch for $DefenseTable_80221440
Reading patch for $AmazyDayzee
Reading patch for $StatusTable_8022144C
Reading patch for $Script_Init_80221590
Reading patch for $Script_Amazy_Sing
Creating struct: $Script_Amazy_DebuffSing
Reading patch for $Script_HandleEvent_802216CC
Reading patch for $Script_TakeTurn_80222500
Reading patch for $LilSparky
Reading patch for $Formation_00
Reading patch for $Formation_01
Reading patch for $Formation_02
Reading patch for $Formation_03
Reading patch for $Formation_04
Reading patch for $Formation_06
Reading patch for $Formation_09
Reading patch for $Formation_0A
Reading patch for $Formation_0B
Reading patch for $Formation_0E
Reading patch for $Formation_0F
Reading patch for $Formation_10
Reading patch for $Formation_13
Reading patch for $Formation_14
Reading patch for $Formation_15
Reading patch for $Formation_17
Reading patch for $Formation_18
Reading patch for $Formation_19
Reading patch for $Formation_1A
Reading patch for $Formation_1B
Reading patch for $Formation_1D
Reading patch for $Formation_1E
Reading patch for $Formation_1F
Reading patch for $Formation_20
Reading patch for $Formation_21
Reading patch for $Formation_22
Reading patch for $Formation_23
Reading patch for $Formation_24
Creating struct: $Formation_25
Creating struct: $Formation_26
Reading patch for $FormationTable
Creating struct: $Formation_27
Creating struct: $Formation_28
Creating struct: $Formation_29
Creating struct: $Formation_2A
Creating struct: $Formation_2B
Creating struct: $Formation_2C
Creating struct: $Formation_2D
Creating struct: $Formation_2E
Creating struct: $Formation_2F
Reading patch for $StageTable
Creating struct: $Stage_Pit1
Creating struct: $Script_BeforeBattle_Pit
Creating struct: $Script_AfterBattle_Pit
Merged 139 regions to 36
$Script_Swarm_Bzzrk will be placed at 80222500 (length = 1204 bytes)
$Script_ThrowSpint will be placed at 8021E7BC (length = DF8 bytes)
$Script_HammerAttack_CG will be placed at 8021A6BC (length = 8B4 bytes)
$Script_PowerShock_LilSparky will be placed at 80224DC8 (length = 768 bytes)
$Script_FlyingAttack_Remedy will be placed at 80229DE0 (length = 63C bytes)
$Script_FlipTackle_PoisonPuff will be placed at 802351DC (length = 628 bytes)
$Script_ElectroDash_LilSparky will be placed at 80228DE8 (length = 618 bytes)
$Script_Amazy_DebuffSing will be placed at 8022BAA8 (length = 5AC bytes)
$Script_SlingshotAttack_CG will be placed at 80223704 (length = 5AC bytes)
$Script_Crazee_DebuffSing will be placed at 8021F5B4 (length = 56C bytes)
$Script_PoisonBreath_PoisonPuff will be placed at 80225530 (length = 528 bytes)
$Script_HandleEvent_CovertGuy will be placed at 80235804 (length = 4A4 bytes)
$Script_TakeTurn_RBush will be placed at 80223CB0 (length = 49C bytes)
$Function_80219188_LS will be placed at 8021FB20 (length = 47C bytes)
$Script_HandleEvent_Bzzrk will be placed at 80225A58 (length = 438 bytes)
$Script_HandleEvent_RemedyGuy will be placed at 80235CA8 (length = 414 bytes)
$Script_DesperationSting_Bzzrk will be placed at 8022414C (length = 410 bytes)
$Script_8021F88C_Bzzrk will be placed at 8021FF9C (length = 3FC bytes)
$Script_Sting_Bzzrk will be placed at 80225E90 (length = 3D4 bytes)
$FormationTable will be placed at 802360BC (length = 3D4 bytes)
$Script_HandleEvent_PoisonPuff will be placed at 8022455C (length = 3C4 bytes)
$Script_HandleEvent_Insanee will be placed at 80220398 (length = 3C0 bytes)
$Script_HandleEvent_RBush will be placed at 80226264 (length = 38C bytes)
$Script_Insanee_Sing will be placed at 80234574 (length = 354 bytes)
$Script_802276D4_CG will be placed at 80234E20 (length = 314 bytes)
$Script_HandleEvent_LilSparky will be placed at 80236490 (length = 308 bytes)
$Script_HealAll_Remedy will be placed at 80220758 (length = 2DC bytes)
$Script_HealOneAlly_Remedy will be placed at 8022DEE4 (length = 298 bytes)
$Script_TurboCharge_LilSparky will be placed at 802265F0 (length = 28C bytes)
$Script_TakeTurn_RemedyGuy will be placed at 80224920 (length = 220 bytes)
$Function_80218880_CG will be placed at 80236798 (length = 218 bytes)
$Script_Insanee_CurseSing will be placed at 80218380 (length = 1DC bytes)
$Script_80228778_CG will be placed at 80220A34 (length = 1C4 bytes)
$Function_80218B38_CG will be placed at 8022687C (length = 1BC bytes)
$Script_RunAway_RemedyGuy will be placed at 802369B0 (length = 1A8 bytes)
$Function_802181F0_FP will be placed at 80220BF8 (length = 190 bytes)
$Script_FindTChargeTarget will be placed at 8021E3F0 (length = 180 bytes)
$Script_TakeTurn_8021E7BC will be placed at 80226A38 (length = 17C bytes)
$Function_802180CC_Bzzrk will be placed at 8022217C (length = 11C bytes)
$Function_802185AC_10 will be placed at 80221ABC (length = 110 bytes)
$Script_TakeTurn_LilSparky will be placed at 8022A41C (length = EC bytes)
$Script_TakeTurn_Insanee will be placed at 80236B58 (length = E8 bytes)
$Script_Init_CovertGuy will be placed at 80220D88 (length = E4 bytes)
$PartsTable_Bzzrk will be placed at 80226BB4 (length = D8 bytes)
$Script_Idle_Bzzrk will be placed at 80236C40 (length = D4 bytes)
$Script_Idle_RemedyGuy will be placed at 80220E6C (length = D4 bytes)
$Function_80218000_Bzzrk will be placed at 80226C8C (length = CC bytes)
$Function_802184E0_10 will be placed at 80236D14 (length = CC bytes)
$Function_80219358_LS will be placed at 8022C958 (length = C4 bytes)
$Script_Init_Bzzrk will be placed at 80220F40 (length = C4 bytes)
$Script_TakeTurn_80222500 will be placed at 80226D58 (length = C0 bytes)
$Script_Idle_PoisonPuff will be placed at 80236DE0 (length = B0 bytes)
$StatusTable_80221890_RBush will be placed at 8021AF70 (length = AC bytes)
$StatusTable_Bzzrk will be placed at 80221004 (length = AC bytes)
$StatusTable_CovertGuy will be placed at 80226E18 (length = AC bytes)
$StatusTable_RemedyGuy will be placed at 80236E90 (length = AC bytes)
$StatusTable_Insanee will be placed at 802210B0 (length = AC bytes)
$StatusTable_PoisonPuff will be placed at 80226EC4 (length = AC bytes)
$StatusTable_LilSparky will be placed at 80236F3C (length = AC bytes)
$Script_TakeTurn_Bzzrk will be placed at 80233EAC (length = A0 bytes)
$Script_TakeTurn_CovertGuy will be placed at 8022115C (length = A0 bytes)
$Function_80218A98_CG will be placed at 80226F70 (length = A0 bytes)
$Script_8022371C_10 will be placed at 80236FE8 (length = 9C bytes)
$Function_DarkenBackground_Insanee will be placed at 802211FC (length = 98 bytes)
$Script_TakeTurn_PoisonPuff will be placed at 80227010 (length = 94 bytes)
$Formation_0A will be placed at 80237084 (length = 8C bytes)
$Formation_2F will be placed at 80221294 (length = 8C bytes)
$Function_BrightenBackground_Insanee will be placed at 802270A4 (length = 80 bytes)
$Script_Init_RemedyGuy will be placed at 80237110 (length = 80 bytes)
$Script_GoHome_RBush will be placed at 8022C054 (length = 70 bytes)
$Formation_0E will be placed at 80221320 (length = 70 bytes)
$Formation_10 will be placed at 80227124 (length = 70 bytes)
$Formation_19 will be placed at 80237190 (length = 70 bytes)
$Formation_2A will be placed at 80221390 (length = 70 bytes)
$Formation_2D will be placed at 80227194 (length = 70 bytes)
$Formation_2E will be placed at 80237200 (length = 70 bytes)
$Formation_1D will be placed at 80227204 (length = 70 bytes)
$Formation_28 will be placed at 80237270 (length = 70 bytes)
$Formation_29 will be placed at 80227274 (length = 70 bytes)
$Function_SetBreathPalette will be placed at 802372E0 (length = 6C bytes)
$Script_8021ED30_Bzzrk will be placed at 802272E4 (length = 6C bytes)
$Function_80218CF4_CG will be placed at 80224B40 (length = 60 bytes)
$Script_DoHeal_Remedy will be placed at 8023734C (length = 60 bytes)
$StageTable will be placed at 80227350 (length = 60 bytes)
$Script_80222820_FP will be placed at 802373AC (length = 5C bytes)
$Function_80218D54_CG will be placed at 80235134 (length = 58 bytes)
$Function_80218000_PPuff will be placed at 802273B0 (length = 58 bytes)
$Function_80219604_LS will be placed at 80233D5C (length = 54 bytes)
$Formation_0F will be placed at 802341D8 (length = 54 bytes)
$Formation_06 will be placed at 802342D4 (length = 54 bytes)
$Formation_2B will be placed at 80237408 (length = 54 bytes)
$Formation_2C will be placed at 80227408 (length = 54 bytes)
$Formation_26 will be placed at 8023745C (length = 54 bytes)
$Script_Init_Insanee will be placed at 80221BCC (length = 4C bytes)
$Function_802196F0_LS will be placed at 8022745C (length = 4C bytes)
$Function_80219658_LS will be placed at 802374B0 (length = 4C bytes)
$IdleAnimations_RemedyGuy will be placed at 802274A8 (length = 4C bytes)
$IdleAnimations_Insanee will be placed at 802374FC (length = 4C bytes)
$IdleAnimations_80221830_RBush will be placed at 802274F4 (length = 4C bytes)
$IdleAnimations_LilSparky will be placed at 80237548 (length = 4C bytes)
$Function_802196A4_LS will be placed at 80227540 (length = 4C bytes)
$IdleAnimations_CovertGuy_Hammer will be placed at 80237594 (length = 4C bytes)
$IdleAnimations_CovertGuy_Slingshot will be placed at 8022758C (length = 4C bytes)
$Script_Init_PoisonPuff will be placed at 802375E0 (length = 4C bytes)
$Function_Vanish will be placed at 802275D8 (length = 4C bytes)
$IdleAnimations_Bzzrk will be placed at 8023762C (length = 4C bytes)
$PartsTable_LilSparky will be placed at 80227624 (length = 48 bytes)
$PartsTable_CovertGuy will be placed at 80237678 (length = 48 bytes)
$Function_8021973C_LS will be placed at 8022766C (length = 44 bytes)
$IdleAnimations_PoisonPuff will be placed at 802376C0 (length = 44 bytes)
$YouKnowTheRules will be placed at 80221400 (length = 40 bytes)
$Script_Init_LilSparky will be placed at 80233BF0 (length = 38 bytes)
$Formation_27 will be placed at 80234360 (length = 38 bytes)
$Function_80219780_LS will be placed at 802276B0 (length = 38 bytes)
$Script_Init_RBush will be placed at 80237704 (length = 38 bytes)
$DefenseTable_PoisonPuff will be placed at 802276E8 (length = 2C bytes)
$Stage_Pit1 will be placed at 80222298 (length = 28 bytes)
$RemedyGuy will be placed at 8023773C (length = 28 bytes)
$PoisonPuff will be placed at 80227714 (length = 28 bytes)
$RBush will be placed at 80237764 (length = 28 bytes)
$Bzzrk will be placed at 8022773C (length = 28 bytes)
$Script_Insanee_8021D94C will be placed at 8023778C (length = 28 bytes)
$InsaneeDayzee will be placed at 80227764 (length = 28 bytes)
$CovertGuy will be placed at 802377B4 (length = 28 bytes)
$LilSparky will be placed at 8022778C (length = 28 bytes)
$PartsTable_Insanee will be placed at 802377DC (length = 24 bytes)
$PartsTable_PoisonPuff will be placed at 802277B4 (length = 24 bytes)
$PartsTable_RemedyGuy will be placed at 80237800 (length = 24 bytes)
$PartsTable_8022193C_RBush will be placed at 802277D8 (length = 24 bytes)
$DefenseTable_LilSparky will be placed at 80237824 (length = 24 bytes)
$Formation_25 will be placed at 802277FC (length = 1C bytes)
$DefenseTable_RemedyGuy will be placed at 80237848 (length = 1C bytes)
$DefenseTable_80219F24 will be placed at 80227818 (length = 1C bytes)
$Script_Idle_LilSparky will be placed at 8022A508 (length = 18 bytes)
$DefenseTable_CovertGuy will be placed at 80219F24 (length = 14 bytes)
$DefenseTable_Bzzrk will be placed at 80237864 (length = 14 bytes)
$DefenseTable_8022187C_RBush will be placed at 80227834 (length = 14 bytes)
$DefenseTable_Insanee will be placed at 80237878 (length = 14 bytes)
$ASCII_"pit_b01_shape"_Literal will be placed at 80227848 (length = 10 bytes)
$IdleAnimations_Pebble_CG will be placed at 80230E84 (length = C bytes)
$ASCII_"pit_b01_hit"_Literal will be placed at 80231324 (length = C bytes)
$IntTable_80228754_CG will be placed at 80232A24 (length = C bytes)
$ASCII_"pit_06"_Literal will be placed at 80233464 (length = C bytes)
$IntTable_8022876C_CG will be placed at 8021E570 (length = C bytes)
$IntTable_80228748_CG will be placed at 8023788C (length = C bytes)
$IntTable_80228760_CG will be placed at 80227858 (length = C bytes)
$Script_Idle_802219D4_RBush will be placed at 802181E8 (length = 8 bytes)
$Script_BeforeBattle_Pit will be placed at 8021BEC8 (length = 8 bytes)
$Script_Idle_CovertGuy will be placed at 80232588 (length = 8 bytes)
$Script_AfterBattle_Pit will be placed at 80233868 (length = 8 bytes)
$ASCII_"kpa_tex"_Literal will be placed at 802348C8 (length = 8 bytes)
$ConstDouble_80232B38_LS will be placed at 80237898 (length = 8 bytes)
$Script_Idle_Insanee will be placed at 80233F4C (length = 8 bytes)
Overwriting pointer to deleted struct $SJIS_80235180
Overwriting pointer to deleted struct $SJIS_80235174
Overwriting pointer to deleted struct $SJIS_8023515C
Overwriting pointer to deleted struct $SJIS_80235144
Overwriting pointer to deleted struct $SJIS_80235120
Overwriting pointer to deleted struct $SJIS_8023510C
Overwriting pointer to deleted struct $SJIS_802350F8
Overwriting pointer to deleted struct $SJIS_802350E0
Overwriting pointer to deleted struct $SJIS_802350C8
Overwriting pointer to deleted struct $SJIS_802350A8
Overwriting pointer to deleted struct $SJIS_8023508C
Overwriting pointer to deleted struct $SJIS_8023506C
Overwriting pointer to deleted struct $SJIS_80235060
Overwriting pointer to deleted struct $SJIS_80235054
Overwriting pointer to deleted struct $SJIS_8023502C
Overwriting pointer to deleted struct $SJIS_8023501C
Overwriting pointer to deleted struct $SJIS_8023500C
Overwriting pointer to deleted struct $SJIS_80234FFC
Overwriting pointer to deleted struct $SJIS_80234FEC
Overwriting pointer to deleted struct $SJIS_80234FD4
Overwriting pointer to deleted struct $SJIS_80234FBC
Overwriting pointer to deleted struct $SJIS_80234FA4
Overwriting pointer to deleted struct $SJIS_80234F80
Overwriting pointer to deleted struct $SJIS_80234F74
Overwriting pointer to deleted struct $SJIS_80234F68
Overwriting pointer to deleted struct $SJIS_80234F44
Overwriting pointer to deleted struct $SJIS_80234F2C
Overwriting pointer to deleted struct $SJIS_80234F0C
Overwriting pointer to deleted struct $SJIS_80234EF4
Overwriting pointer to deleted struct $SJIS_80234ED4
Overwriting pointer to deleted struct $SJIS_80234EBC
Overwriting pointer to deleted struct $SJIS_80234EAC
Overwriting pointer to deleted struct $SJIS_80234E9C
Overwriting pointer to deleted struct $SJIS_80234E84
Overwriting pointer to deleted struct $SJIS_80234E68
Overwriting pointer to deleted struct $SJIS_80234E4C
Overwriting pointer to deleted struct $SJIS_80234E20
Changing pointer 80219F24 to 80227818 ($DefenseTable_80219F24[0])
Changing pointer 80219F24 to 80227818 ($DefenseTable_80219F24[0])
Changing pointer 80219F24 to 80227818 ($DefenseTable_80219F24[0])
Changing pointer 8021A6BC to 8021E7BC ($Script_ThrowSpint[0])
Changing pointer 8021A6BC to 8021E7BC ($Script_ThrowSpint[0])
Changing pointer 8021A6BC to 8021E7BC ($Script_ThrowSpint[0])
Changing pointer 8021E7BC to 80226A38 ($Script_TakeTurn_8021E7BC[0])
Changing pointer 80222500 to 80226D58 ($Script_TakeTurn_80222500[0])
Changing pointer 80233BF0 to 802342D4 ($Formation_06[0])
Changing pointer 80233D5C to 80237084 ($Formation_0A[0])
Changing pointer 80233EAC to 80221320 ($Formation_0E[0])
Changing pointer 80233F00 to 802341D8 ($Formation_0F[0])
Changing pointer 80233F1C to 80227124 ($Formation_10[0])
Changing pointer 802341D8 to 80237190 ($Formation_19[0])
Changing pointer 802342D4 to 80227204 ($Formation_1D[0])
Reading patch file: battle/formation/patch/19 Area FLO2.bpat
Reading patch for $Function_80218DD0
Reading patch for $Function_80218E90
Reading patch for $Function_80218F50
Reading patch for $Function_80219010
Reading patch for $Function_802190D0
Reading patch for $Function_80219190
Reading patch for $Function_80219250
Reading patch for $Function_80219630
Reading patch for $Function_802196F0
Reading patch for $Function_802197B0
Reading patch for $StatusTable_8023066C
Reading patch for $DefenseTable_80230650
Reading patch for $MontyMole
Reading patch for $Script_TakeTurn_802311BC
Reading patch for $DefenseTable_80231868
Reading patch for $Spike
Reading patch for $Script_TakeTurn_802329E4
Creating struct: $Formation_06
Reading patch for $FormationTable
Creating struct: $Function_SpinySpawn
Creating struct: $Script_TakeTurn_Spike
Creating struct: $Script_CloudNine
Creating struct: $SpinySurge
Reading patch for $Script_80231FBC
Creating struct: $Lakilulu
Creating struct: $IdleAnimations_Lakilulu
Creating struct: $IdleAnimations_Spiny
Creating struct: $IdleAnimations_Cloud
Creating struct: $DefenseTable_Lakilulu
Creating struct: $StatusTable_Lakilulu
Creating struct: $PartsTable_Lakilulu
Creating struct: $Script_Init_Lakilulu
Creating struct: $Script_Idle_Lakilulu
Creating struct: $Script_NextTurn_Lakilulu
Creating struct: $Script_GotoHome_Lakilulu
Creating struct: $Script_HandleEvent_Lakilulu
Creating struct: $Script_HandleCloudNine
Creating struct: $Script_SpinyThrow_Lakilulu
Creating struct: $Script_TakeTurn_Lakilulu
Creating struct: $SpikePos
Creating struct: $SpikeFormation
Creating struct: $Script_SummonSpike
Reading patch for $DefenseTable_80219A34
Reading patch for $HuffNPuff
Reading patch for $IdleAnimations_80219A04
Reading patch for $IdleAnimations_80219A10
Reading patch for $IdleAnimations_80219A1C
Reading patch for $Script_Init_80219BC4
Reading patch for $Script_TakeTurn_8021D2B8
Reading patch for $Script_HealOrSlam
Reading patch for $Script_BodySlam
Reading patch for $Script_ChargeThunder
Reading patch for $Script_ChargeLargeThunder
Reading patch for $Script_Thunderstorm
Reading patch for $Script_LargeThunderstorm
Creating struct: $Function_SetBreathPalette
Creating struct: $Function_SetCloudPalette
Creating struct: $OverwriteTable
Reading patch for $Script_HurricaneBreath
Reading patch for $Script_GroupBodySlam
Creating struct: $CountTuffPuffs
Reading patch for $DefenseTable_8022F638
Reading patch for $TuffPuff
Creating struct: $Function_Vanish
Reading patch for $Script_Init_8022F780
Reading patch for $Script_TuffPuffSwarm
Merged 38 regions to 29
$Script_SpinyThrow_Lakilulu will be placed at 8022DB60 (length = 7F8 bytes)
$Script_TakeTurn_8021D2B8 will be placed at 80235DF8 (length = 5B0 bytes)
$SpinySurge will be placed at 802204C0 (length = 43C bytes)
$Script_HandleEvent_Lakilulu will be placed at 8021D2B8 (length = 410 bytes)
$CountTuffPuffs will be placed at 802211A4 (length = 140 bytes)
$Script_CloudNine will be placed at 8021E154 (length = 13C bytes)
$Script_NextTurn_Lakilulu will be placed at 802327C0 (length = F0 bytes)
$Function_SpinySpawn will be placed at 8021F090 (length = E4 bytes)
$Script_SummonSpike will be placed at 80222220 (length = E0 bytes)
$Script_TakeTurn_Spike will be placed at 8022E358 (length = D4 bytes)
$StatusTable_Lakilulu will be placed at 802363A8 (length = AC bytes)
$FormationTable will be placed at 8021D6C8 (length = A0 bytes)
$Script_Init_Lakilulu will be placed at 80220B60 (length = 84 bytes)
$Script_HandleCloudNine will be placed at 8022154C (length = 7C bytes)
$Function_SetCloudPalette will be placed at 80235D30 (length = 74 bytes)
$Script_TakeTurn_Lakilulu will be placed at 802356FC (length = 70 bytes)
$PartsTable_Lakilulu will be placed at 8021E290 (length = 6C bytes)
$Function_SetBreathPalette will be placed at 802328B0 (length = 6C bytes)
$Script_TakeTurn_802329E4 will be placed at 8021F174 (length = 68 bytes)
$Script_GotoHome_Lakilulu will be placed at 802317AC (length = 64 bytes)
$SH will be placed at 80222300 (length = 5C bytes)
$OverwriteTable will be placed at 8022E42C (length = 5C bytes)
$IdleAnimations_Lakilulu will be placed at 802208FC (length = 4C bytes)
$Function_Vanish will be placed at 802212E4 (length = 4C bytes)
$Lakilulu will be placed at 80236454 (length = 28 bytes)
$SpikeFormation will be placed at 80219CA0 (length = 1C bytes)
$Formation_06 will be placed at 8021D768 (length = 1C bytes)
$DefenseTable_Lakilulu will be placed at 8022F9E8 (length = 14 bytes)
$DefenseTable_80231868 will be placed at 8023576C (length = 14 bytes)
$SpikePos will be placed at 80218C34 (length = C bytes)
$IdleAnimations_Cloud will be placed at 80231868 (length = C bytes)
$IdleAnimations_Spiny will be placed at 80232E94 (length = C bytes)
$Script_Idle_Lakilulu will be placed at 80230648 (length = 8 bytes)
Overwriting pointer to deleted struct $SJIS_80235D9C
Overwriting pointer to deleted struct $SJIS_80235D88
Overwriting pointer to deleted struct $SJIS_80235D70
Overwriting pointer to deleted struct $SJIS_80235D58
Overwriting pointer to deleted struct $SJIS_80235D40
Overwriting pointer to deleted struct $SJIS_80235D30
Changing pointer 80235E00 to 80236480 ($End[0])
Changing pointer 8021D2B8 to 80235DF8 ($Script_TakeTurn_8021D2B8[0])
Changing pointer 80235E00 to 80236480 ($End[0])
Changing pointer 80235E24 to 802364A4 ($End[24])
Changing pointer 80235E48 to 802364C8 ($End[48])
Changing pointer 80235E6C to 802364EC ($End[6C])
Changing pointer 80235E90 to 80236510 ($End[90])
Changing pointer 80235EB4 to 80236534 ($End[B4])
Changing pointer 80235ED8 to 80236558 ($End[D8])
Changing pointer 80235EFC to 8023657C ($End[FC])
Changing pointer 80235F20 to 802365A0 ($End[120])
Changing pointer 80235F44 to 802365C4 ($End[144])
Changing pointer 80231868 to 8023576C ($DefenseTable_80231868[0])
Changing pointer 80231868 to 8023576C ($DefenseTable_80231868[0])
Changing pointer 802329E4 to 8021F174 ($Script_TakeTurn_802329E4[0])
Reading patch file: battle/formation/patch/1A Area TIK.bpat
Reading patch file: battle/formation/import/newenemy/PoisonFuzzy.bpat
Creating struct: $Function_80218000_PF
Creating struct: $Function_802180B4_PF
Creating struct: $DefenseTable_PFuzzy
Creating struct: $StatusTable_PFuzzy
Creating struct: $PartsTable_PFuzzy
Creating struct: $PoisonFuzzy
Creating struct: $IdleAnimations_PFuzzy
Creating struct: $Script_Init_PFuzzy
Creating struct: $Script_Idle_PFuzzy
Creating struct: $Script_HandleEvent_PFuzzy
Creating struct: $Script_PF_Summon
Creating struct: $Script_PF_Siphon
Creating struct: $Script_8021A0D4_PF
Creating struct: $Script_8021A45C_PF
Creating struct: $Script_TakeTurn_PFuzzy
Creating struct: $Vector3D_Down
Creating struct: $SpecialFormation_PFuzzy
Reading patch for $DarkKoopa
Reading patch for $Script_8021BB78
Reading patch for $Script_80220B78
Reading patch for $Script_8021CB70
Reading patch for $Script_80221B70
Reading patch for $DarkParatroopa
Reading patch for $DefenseTable_8021D220
Reading patch for $DefenseTable_8021D24C
Reading patch for $DefenseTable_8021D258
Reading patch for $Script_TakeTurn_8021E174
Reading patch for $Gloomba
Reading patch for $Script_TakeTurn_80222F10
Reading patch for $SpikedGloomba
Reading patch for $Script_TakeTurn_802249EC
Reading patch for $Paragloomba
Reading patch for $DefenseTable_8022571C
Reading patch for $Script_TakeTurn_8022635C
Reading patch for $DefenseTable_802289B0
Reading patch for $Script_HandleEvent_80229718
Reading patch for $Script_TakeTurn_8022AF34
Reading patch for $DefenseTable_8022B940
Reading patch for $DefenseTable_8022B95C
Reading patch for $SpikeTop
Reading patch for $StatusTable_8022B968
Reading patch for $Script_HandleEvent_8022C6A8
Reading patch for $Script_TakeTurn_8022D444
Reading patch for $Script_TakeTurn_8022DEFC
Reading patch for $DefenseTable_8022E9C4
Reading patch for $DefenseTable_8022E9D0
Reading patch for $Spiny
Reading patch for $Script_TakeTurn_8022F810
Reading patch for $FormationTable
Creating struct: $Formation_19
Creating struct: $Formation_1A
Reading patch for $StageTable
Creating struct: $Stage_Pit1
Creating struct: $Script_BeforeBattle_Pit
Creating struct: $Script_AfterBattle_Pit
Reading patch for $Formation_02
Reading patch for $Formation_0C
Reading patch for $Formation_12
Reading patch for $Formation_15
Merged 53 regions to 25
$Script_PF_Siphon will be placed at 80234620 (length = D44 bytes)
$Script_HandleEvent_PFuzzy will be placed at 80235364 (length = 4DC bytes)
$Script_PF_Summon will be placed at 8022A120 (length = 32C bytes)
$Script_8021A0D4_PF will be placed at 8022D0E0 (length = 27C bytes)
$FormationTable will be placed at 802340B4 (length = 230 bytes)
$Script_8021A45C_PF will be placed at 802343B8 (length = 148 bytes)
$Script_TakeTurn_PFuzzy will be placed at 80235840 (length = 13C bytes)
$Function_80218000_PF will be placed at 8022D35C (length = B4 bytes)
$Function_802180B4_PF will be placed at 80234500 (length = B4 bytes)
$StatusTable_PFuzzy will be placed at 8023597C (length = AC bytes)
$Formation_0C will be placed at 80235A28 (length = 70 bytes)
$Formation_15 will be placed at 80235A98 (length = 70 bytes)
$Formation_1A will be placed at 80235B08 (length = 70 bytes)
$Formation_19 will be placed at 80233C70 (length = 54 bytes)
$Script_Init_PFuzzy will be placed at 80233F64 (length = 4C bytes)
$IdleAnimations_PFuzzy will be placed at 80235B78 (length = 4C bytes)
$StageTable will be placed at 8021D214 (length = 38 bytes)
$DefenseTable_8021D220 will be placed at 8022D410 (length = 34 bytes)
$Stage_Pit1 will be placed at 8022A44C (length = 28 bytes)
$PoisonFuzzy will be placed at 802345B4 (length = 28 bytes)
$PartsTable_PFuzzy will be placed at 80235BC4 (length = 24 bytes)
$SpecialFormation_PFuzzy will be placed at 802345DC (length = 1C bytes)
$DefenseTable_8021D24C will be placed at 80235BE8 (length = 14 bytes)
$DefenseTable_8022571C will be placed at 80235BFC (length = 14 bytes)
$ASCII_"pit_b01_shape"_Literal will be placed at 80235C10 (length = 10 bytes)
$ASCII_"pit_b01_hit"_Literal will be placed at 802181F4 (length = C bytes)
$Vector3D_Down will be placed at 80219014 (length = C bytes)
$DefenseTable_PFuzzy will be placed at 802194B4 (length = C bytes)
$ASCII_"pit_05"_Literal will be placed at 80219954 (length = C bytes)
$Script_BeforeBattle_Pit will be placed at 802189D8 (length = 8 bytes)
$Script_Idle_PFuzzy will be placed at 80223BD8 (length = 8 bytes)
$Script_AfterBattle_Pit will be placed at 802322F8 (length = 8 bytes)
$ASCII_"kpa_tex"_Literal will be placed at 80222214 (length = 8 bytes)
Overwriting pointer to deleted struct $SJIS_802345E8
Overwriting pointer to deleted struct $SJIS_802345D8
Overwriting pointer to deleted struct $SJIS_802345C8
Overwriting pointer to deleted struct $SJIS_802345A8
Overwriting pointer to deleted struct $SJIS_8023458C
Overwriting pointer to deleted struct $SJIS_80234564
Overwriting pointer to deleted struct $SJIS_80234548
Overwriting pointer to deleted struct $SJIS_8023451C
Overwriting pointer to deleted struct $SJIS_8023450C
Overwriting pointer to deleted struct $SJIS_802344FC
Overwriting pointer to deleted struct $SJIS_802344EC
Overwriting pointer to deleted struct $SJIS_802344DC
Overwriting pointer to deleted struct $SJIS_802344CC
Overwriting pointer to deleted struct $SJIS_802344B0
Overwriting pointer to deleted struct $SJIS_802344A0
Overwriting pointer to deleted struct $SJIS_80234480
Overwriting pointer to deleted struct $SJIS_80234468
Overwriting pointer to deleted struct $SJIS_80234440
Overwriting pointer to deleted struct $SJIS_80234418
Overwriting pointer to deleted struct $SJIS_80234408
Overwriting pointer to deleted struct $SJIS_802343F8
Overwriting pointer to deleted struct $SJIS_802343DC
Overwriting pointer to deleted struct $SJIS_802343D0
Overwriting pointer to deleted struct $SJIS_802343C4
Overwriting pointer to deleted struct $SJIS_802343B8
Changing pointer 8021D220 to 8022D410 ($DefenseTable_8021D220[0])
Changing pointer 8021D24C to 80235BE8 ($DefenseTable_8021D24C[0])
Changing pointer 8021D220 to 8022D410 ($DefenseTable_8021D220[0])
Changing pointer 8021D220 to 8022D410 ($DefenseTable_8021D220[0])
Changing pointer 8022571C to 80235BFC ($DefenseTable_8022571C[0])
Changing pointer 80233C70 to 80235A28 ($Formation_0C[0])
Changing pointer 80233F64 to 80235A98 ($Formation_15[0])
Reading patch file: battle/formation/patch/1B Area TIK2.bpat
Reading patch file: battle/formation/import/newenemy/PhalanxGuy.bpat
Creating struct: $PhalanxGuy
Creating struct: $Function_80218000_14
Creating struct: $IdleAnimations_PGuy_SpearDown
Creating struct: $IdleAnimations_PGuy_SpearUp
Creating struct: $IdleAnimations_PGuy_SpearCharge
Creating struct: $IdleAnimations_80218658_14
Creating struct: $IdleAnimations_80218664_14
Creating struct: $DefenseTable_PhalanxGuy
Creating struct: $DefenseTable_80218684_14
Creating struct: $StatusTable_PhalanxGuy
Creating struct: $StatusTable_80218744_14
Creating struct: $StatusTable_PhalanxGuy_Charge
Creating struct: $PartsTable_PhalanxGuy
Creating struct: $Script_SetSpearStance_PGuy
Creating struct: $Script_Init_PhalanxGuy
Creating struct: $Script_NextTurn_80218B24_14
Creating struct: $Script_80218B5C_14
Creating struct: $Script_Idle_80218BE0_14
Creating struct: $Script_80218D7C_14
Creating struct: $Script_HandleEvent_80218E3C_14
Creating struct: $Script_SpearStab_PGuy
Creating struct: $Script_ChargeB_PhalanxGuy
Creating struct: $Script_Charge_PhalanxGuy
Creating struct: $Script_ChargeAttack_PhalanxGuy
Creating struct: $Script_8021BB18_14
Creating struct: $Script_TakeTurn_PGuy
Creating struct: $IdleAnimations_8021BF40_14
Reading patch file: battle/formation/import/newenemy/Robotoad.bpat
Creating struct: $Robotoad
Creating struct: $DefenseTable_Robotoad_Red
Creating struct: $DefenseTable_Robotoad_Blue
Creating struct: $DefenseTable_Robotoad_Yellow
Creating struct: $StatusTable_Robotoad
Creating struct: $PartsTable_Robotoad
Creating struct: $IdleAnimations_Robotoad_Red
Creating struct: $IdleAnimations_Robotoad_Blue
Creating struct: $IdleAnimations_Robotoad_Yellow
Creating struct: $Script_Init_Robotoad
Creating struct: $Script_ChangeColor
Creating struct: $Script_UpdateColor
Creating struct: $Script_Idle_Robotoad
Creating struct: $Script_HandleEvent_Robotoad
Creating struct: $Script_TakeTurn_Robotoad
Creating struct: $Script_TripleStab
Creating struct: $Script_SingleStab
Creating struct: $Script_NextTurn_Robotoad
Creating struct: $Script_RangeBeam
Reading patch file: battle/formation/import/newenemy/UltraBlooper.bpat
Creating struct: $IdleAnimations_UltraBlooperA
Creating struct: $IdleAnimations_UltraBlooperB
Creating struct: $IdleAnimations_UltraBlooperC
Creating struct: $DefenseTable_UltraBlooper
Creating struct: $StatusTable_UltraBlooper
Creating struct: $PartsTable_UltraBlooper
Creating struct: $UltraBlooper
Creating struct: $Script_Init_UltraBlooper
Creating struct: $Script_Idle_UltraBlooper
Creating struct: $Script_HandleEvent_UltraBlooper
Creating struct: $Script_80223170_UB
Creating struct: $Script_TakeTurn_UltraBlooper
Creating struct: $Script_Siphoning
Creating struct: $Script_80221F40_UB
Creating struct: $Script_GoHome_UB
Creating struct: $Function_802182EC_UB
Creating struct: $Function_80218200_UB
Creating struct: $Function_80218384_UB
Creating struct: $Script_Heal
Creating struct: $Function_80218B2C_UB
Creating struct: $Script_QuickHeal
Creating struct: $Script_BigDash
Creating struct: $Function_YellowWaveEffect
Reading patch for $Blooper
Reading patch for $StatusTable_8021A714
Reading patch for $DefenseTable_8021A708
Reading patch for $Script_Tackle
Reading patch for $Script_SprayInk
Reading patch for $ElectroBlooper
Reading patch for $DefenseTable_8021C658
Reading patch for $StatusTable_8021C664
Reading patch for $DefenseTable_8021C658
Reading patch for $Script_SprayInk_ElectroBlooper
Reading patch for $Script_Tackle_ElectroBlooper
Reading patch for $Script_ElectroTackle
Reading patch for $Script_HandleEvent_8021CEE8
Reading patch for $SuperBlooper
Reading patch for $StatusTable_8021F554
Reading patch for $Script_TakeTurn_SuperBlooper
Reading patch for $Script_Tackle_SuperBlooper
Reading patch for $Script_8021EF60
Reading patch for $Script_SprayInk_SuperBlooper
Reading patch for $Script_EnragedTackle
Reading patch for $Script_TakeTurn_8022319C
Reading patch for $Script_TakeTurn_PGuy
Reading patch for $Script_SpearStab_PGuy
Reading patch for $StatusTable_80218744_14
Reading patch for $StatusTable_PhalanxGuy
Reading patch for $StatusTable_PhalanxGuy_Charge
Creating struct: $Formation_03
Creating struct: $Formation_04
Creating struct: $Formation_05
Reading patch for $FormationTable
Merged 24 regions to 21
$Script_Siphoning will be placed at 80227C40 (length = D9C bytes)
$Script_HandleEvent_80218E3C_14 will be placed at 802289DC (length = 908 bytes)
$Script_HandleEvent_Robotoad will be placed at 802292E4 (length = 840 bytes)
$Script_SpearStab_PGuy will be placed at 80229B24 (length = 6EC bytes)
$Script_TripleStab will be placed at 8022A210 (length = 494 bytes)
$Script_BigDash will be placed at 8022A6A4 (length = 490 bytes)
$Script_SingleStab will be placed at 8022AB34 (length = 474 bytes)
$Script_80221F40_UB will be placed at 80223F30 (length = 3DC bytes)
$Script_Idle_UltraBlooper will be placed at 8022AFA8 (length = 344 bytes)
$Script_HandleEvent_UltraBlooper will be placed at 8022B2EC (length = 344 bytes)
$Script_RangeBeam will be placed at 8022B630 (length = 2C0 bytes)
$Script_ChargeAttack_PhalanxGuy will be placed at 8022B8F0 (length = 2BC bytes)
$Script_Charge_PhalanxGuy will be placed at 8022BBAC (length = 19C bytes)
$Script_Heal will be placed at 8022BD48 (length = 18C bytes)
$Script_Init_PhalanxGuy will be placed at 8022BED4 (length = 178 bytes)
$Script_ChargeB_PhalanxGuy will be placed at 8022C04C (length = 15C bytes)
$Script_QuickHeal will be placed at 8022C1A8 (length = 158 bytes)
$Script_Idle_80218BE0_14 will be placed at 8022C300 (length = 140 bytes)
$Script_TakeTurn_PGuy will be placed at 802202C8 (length = 12C bytes)
$Function_YellowWaveEffect will be placed at 8022C440 (length = 12C bytes)
$Script_8021BB18_14 will be placed at 8022C56C (length = 128 bytes)
$Script_UpdateColor will be placed at 8021F33C (length = F4 bytes)
$Script_SetSpearStance_PGuy will be placed at 80220F5C (length = E8 bytes)
$Function_80218000_14 will be placed at 8022C694 (length = CC bytes)
$Script_TakeTurn_UltraBlooper will be placed at 8022C760 (length = C8 bytes)
$Function_80218B2C_UB will be placed at 8021D324 (length = B4 bytes)
$StatusTable_PhalanxGuy_Charge will be placed at 8022C828 (length = AC bytes)
$StatusTable_Robotoad will be placed at 8022C8D4 (length = AC bytes)
$StatusTable_UltraBlooper will be placed at 8022C980 (length = AC bytes)
$StatusTable_80218744_14 will be placed at 8022CA2C (length = AC bytes)
$StatusTable_PhalanxGuy will be placed at 8022CAD8 (length = AC bytes)
$Script_ChangeColor will be placed at 8022CB84 (length = A4 bytes)
$Function_802182EC_UB will be placed at 8022CC28 (length = 98 bytes)
$PartsTable_PhalanxGuy will be placed at 8022430C (length = 90 bytes)
$Script_NextTurn_Robotoad will be placed at 8022CCC0 (length = 90 bytes)
$Script_80218D7C_14 will be placed at 8022CD50 (length = 8C bytes)
$FormationTable will be placed at 8022CDDC (length = 8C bytes)
$Function_80218384_UB will be placed at 8022CE68 (length = 80 bytes)
$StallCharge will be placed at 8022CEE8 (length = 78 bytes)
$MissCharge will be placed at 8022CF60 (length = 74 bytes)
$Script_Init_Robotoad will be placed at 8022CFD4 (length = 70 bytes)
$Script_Init_UltraBlooper will be placed at 8022D044 (length = 6C bytes)
$Script_80218B5C_14 will be placed at 8022D0B0 (length = 5C bytes)
$Function_80218200_UB will be placed at 8022D10C (length = 58 bytes)
$Script_TakeTurn_Robotoad will be placed at 8022D164 (length = 58 bytes)
$IdleAnimations_8021BF40_14 will be placed at 80227A90 (length = 4C bytes)
$IdleAnimations_PGuy_SpearUp will be placed at 8022D1BC (length = 4C bytes)
$IdleAnimations_PGuy_SpearCharge will be placed at 8022D208 (length = 4C bytes)
$IdleAnimations_Robotoad_Yellow will be placed at 8022D254 (length = 4C bytes)
$IdleAnimations_Robotoad_Blue will be placed at 8022D2A0 (length = 4C bytes)
$IdleAnimations_Robotoad_Red will be placed at 8022D2EC (length = 4C bytes)
$IdleAnimations_PGuy_SpearDown will be placed at 8022D338 (length = 4C bytes)
$PartsTable_UltraBlooper will be placed at 8022D384 (length = 48 bytes)
$MissBoost will be placed at 8022D3CC (length = 48 bytes)
$Script_GoHome_UB will be placed at 80227BD8 (length = 40 bytes)
$IdleAnimations_UltraBlooperC will be placed at 8022D414 (length = 3C bytes)
$IdleAnimations_UltraBlooperB will be placed at 8022D450 (length = 3C bytes)
$IdleAnimations_UltraBlooperA will be placed at 8022D48C (length = 3C bytes)
$Script_NextTurn_80218B24_14 will be placed at 8022D4C8 (length = 28 bytes)
$PhalanxGuy will be placed at 8022D4F0 (length = 28 bytes)
$UltraBlooper will be placed at 8022D518 (length = 28 bytes)
$Robotoad will be placed at 8022D540 (length = 28 bytes)
$PartsTable_Robotoad will be placed at 80221044 (length = 24 bytes)
$DefenseTable_Robotoad_Red will be placed at 8022D568 (length = 24 bytes)
$DefenseTable_Robotoad_Blue will be placed at 8022D58C (length = 1C bytes)
$Script_80223170_UB will be placed at 8022D5A8 (length = 1C bytes)
$Formation_04 will be placed at 8022D5C4 (length = 1C bytes)
$Formation_05 will be placed at 8022D5E0 (length = 1C bytes)
$Formation_03 will be placed at 8022D5FC (length = 1C bytes)
$DefenseTable_Robotoad_Yellow will be placed at 8022D618 (length = 1C bytes)
$DefenseTable_8021C658 will be placed at 8022D634 (length = 1C bytes)
$DefenseTable_8021A708 will be placed at 8022D650 (length = 14 bytes)
$DefenseTable_UltraBlooper will be placed at 8022D664 (length = 14 bytes)
$DefenseTable_PhalanxGuy will be placed at 8022D678 (length = 14 bytes)
$DefenseTable_80218684_14 will be placed at 8022D68C (length = 14 bytes)
$IdleAnimations_80218664_14 will be placed at 802181F4 (length = C bytes)
$IdleAnimations_80218658_14 will be placed at 80219074 (length = C bytes)
$Script_Idle_Robotoad will be placed at 8021EF58 (length = 8 bytes)
Overwriting pointer to deleted struct $SJIS_80227C0C
Overwriting pointer to deleted struct $SJIS_80227BF8
Overwriting pointer to deleted struct $SJIS_80227BD8
Changing pointer 8021A708 to 8022D650 ($DefenseTable_8021A708[0])
Changing pointer 8021A708 to 8022D650 ($DefenseTable_8021A708[0])
Changing pointer 8021C658 to 8022D634 ($DefenseTable_8021C658[0])
Changing pointer 8021C658 to 8022D634 ($DefenseTable_8021C658[0])
Reading patch file: battle/formation/patch/1C Area TIK3.bpat
Reading patch file: battle/formation/import/newenemy/Boo.bpat
Creating struct: $Boo
Creating struct: $StatusTable_Boo
Creating struct: $PartsTable_Boo
Creating struct: $IdleAnimations_Boo
Creating struct: $DefenseTable_Boo
Creating struct: $Function_Vanish_Boo
Creating struct: $Script_Init_Boo
Creating struct: $Script_Idle_Boo
Creating struct: $Script_ReturnHome_Boo
Creating struct: $Function_ReturnHome_Boo
Creating struct: $Script_HandleEvent_Boo
Creating struct: $Script_TakeTurn_Boo
Reading patch for $DefenseTable_80219850
Reading patch for $Script_8021AB84
Reading patch for $Script_TakeTurn_8021B274
Reading patch for $Script_8021CB94
Reading patch for $Script_TakeTurn_8021E7B4
Reading patch for $Script_HandleEvent_8021C414
Reading patch for $Script_8021BC30
Creating struct: $Formation_04
Creating struct: $Formation_05
Creating struct: $Formation_06
Reading patch for $FormationTable
Merged 22 regions to 17
$Script_HandleEvent_8021C414 will be placed at 802234B0 (length = E5C bytes)
$Script_TakeTurn_Boo will be placed at 8021C414 (length = 6B0 bytes)
$Script_8021BC30 will be placed at 8022430C (length = 654 bytes)
$Script_HandleEvent_Boo will be placed at 8021BC30 (length = 3EC bytes)
$Script_Idle_Boo will be placed at 8021F6A8 (length = 198 bytes)
$Function_ReturnHome_Boo will be placed at 80224960 (length = 130 bytes)
$Script_Init_Boo will be placed at 8021F840 (length = F8 bytes)
$FormationTable will be placed at 8021CAC4 (length = A0 bytes)
$StatusTable_Boo will be placed at 8021C01C (length = 8C bytes)
$Script_ReturnHome_Boo will be placed at 80224A90 (length = 74 bytes)
$Formation_04 will be placed at 802232E8 (length = 54 bytes)
$Formation_05 will be placed at 8021F938 (length = 54 bytes)
$Formation_06 will be placed at 80224B04 (length = 54 bytes)
$Function_Vanish_Boo will be placed at 8021F98C (length = 4C bytes)
$IdleAnimations_Boo will be placed at 80224B58 (length = 44 bytes)
$Boo will be placed at 80223448 (length = 28 bytes)
$PartsTable_Boo will be placed at 8021CB64 (length = 24 bytes)
$DefenseTable_80219850 will be placed at 8021F9D8 (length = 14 bytes)
$DefenseTable_Boo will be placed at 80224B9C (length = 14 bytes)
Overwriting pointer to deleted struct $SJIS_8022347C
Overwriting pointer to deleted struct $SJIS_80223470
Overwriting pointer to deleted struct $SJIS_8022345C
Overwriting pointer to deleted struct $SJIS_80223448
Overwriting pointer to deleted struct $SJIS_80223448
Overwriting pointer to deleted struct $SJIS_80223448
Overwriting pointer to deleted struct $SJIS_80223448
Changing pointer 80219850 to 8021F9D8 ($DefenseTable_80219850[0])
Changing pointer 8021C414 to 802234B0 ($Script_HandleEvent_8021C414[0])
Changing pointer 8021BC30 to 8022430C ($Script_8021BC30[0])
Reading patch file: battle/formation/patch/1D Area SAM.bpat
Reading patch file: battle/formation/import/newenemy/FrostPokey.bpat
Creating struct: $FrostPokey
Creating struct: $Function_80218000_FP
Creating struct: $DefenseTable_FrostPokey
Creating struct: $StatusTable_FrostPokey
Creating struct: $PartsTable_FrostPokey
Creating struct: $FrostPokeySummon
Creating struct: $IdleAnimations_80218438_FP
Creating struct: $IdleAnimations_80218474_FP
Creating struct: $IdleAnimations_802184B0_FP
Creating struct: $IdleAnimations_802184EC_FP
Creating struct: $IdleAnimations_80218528_FP
Creating struct: $Script_Init_80218534_FP
Creating struct: $Script_NextTurn_FrostPokey
Creating struct: $Script_Idle_802186B0_FP
Creating struct: $Script_HandleEvent_802186C0_FP
Creating struct: $Script_802193B8_FP
Creating struct: $Script_80219EB4_FP
Creating struct: $Script_TakeTurn_8021A018_FP
Creating struct: $Script_8021AB44_FP
Creating struct: $Vector3D_8021AE04_FP
Creating struct: $SpecialFormation_8021AE10_FP
Creating struct: $Script_Summon_FrostPokey
Creating struct: $Script_8021B590_FP
Creating struct: $Script_8021BF50_FP
Creating struct: $Script_8021C07C_FP
Creating struct: $Script_8021C574_FP
Creating struct: $Script_8021C860_FP
Creating struct: $Script_8021CCAC_FP
Creating struct: $Script_8021D184_FP
Reading patch file: battle/formation/import/newenemy/FrostPuff.bpat
Creating struct: $FrostPuff
Creating struct: $Function_80218000_FPuff
Creating struct: $Function_80218280_FP
Creating struct: $Function_802181F0_FP
Creating struct: $IdleAnimations_FrostPuff
Creating struct: $DefenseTable_FrostPuff
Creating struct: $StatusTable_FrostPuff
Creating struct: $PartsTable_FrostPuff
Creating struct: $Script_Init_FrostPuff
Creating struct: $Script_Idle_FrostPuff
Creating struct: $Script_80222820_FP
Creating struct: $Script_HandleEvent_FrostPuff
Creating struct: $Script_TakeTurn_FrostPuff
Creating struct: $Script_FreezeBreath_FrostPuff
Creating struct: $Script_FlipTackle_FrostPuff
Reading patch file: battle/formation/import/newenemy/BlueSpikeTop.bpat
Creating struct: $BlueSpikeTop
Creating struct: $Function_802184F0_BS
Creating struct: $DefenseTable_80223B20_BS
Creating struct: $DefenseTable_80223B3C_BS
Creating struct: $StatusTable_BlueSpikeTop
Creating struct: $PartsTable_BlueSpikeTop
Creating struct: $IdleAnimations_BlueSpikeTop_Floor
Creating struct: $IdleAnimations_BlueSpikeTop_Ceiling
Creating struct: $IdleAnimations_BlueSpikeTop_Flipped
Creating struct: $Script_Init_BlueSpikeTop
Creating struct: $Script_Idle_80223EEC_BS
Creating struct: $Script_80223EFC_BS
Creating struct: $Script_HandleEvent_BlueSpikeTop_Ceiling
Creating struct: $Script_802247EC_BS
Creating struct: $IntTable_8022483C_BS
Creating struct: $Script_HandleEvent_BlueSpikeTop_Floor
Creating struct: $Script_TakeTurn_BlueSpikeTop_Ceiling
Creating struct: $Script_TakeTurn_BlueSpikeTop_Floor
Reading patch file: battle/formation/import/newenemy/PermafrostGuy.bpat
Creating struct: $IdleAnimations_PermafrostGuy
Creating struct: $DefenseTable_PermafrostGuy
Creating struct: $StatusTable_PermafrostGuy
Creating struct: $PartsTable_PermafrostGuy
Creating struct: $PermafrostGuy
Creating struct: $Script_Init_PermafrostGuy
Creating struct: $Script_NextTurn_PermafrostGuy
Creating struct: $Script_Idle_PermafrostGuy
Creating struct: $Script_8022CDDC_PermafrostGuy
Creating struct: $Script_HandleEvent_PermafrostGuy
Creating struct: $Script_TakeTurn_PermafrostGuy
Creating struct: $Function_80218EE0_PG
Reading patch for $StatusTable_8021AF00
Reading patch for $Duplighost
Reading patch for $Function_GetPartner
Reading patch for $Script_Init_8021AFF8
Reading patch for $Script_HandleEvent_8021B15C
Reading patch for $Script_LungeAttack
Reading patch for $GhostGoombario
Reading patch for $GhostKooper
Reading patch for $GhostBombette
Reading patch for $DefenseTable_802215DC
Reading patch for $GhostParakarry
Reading patch for $DefenseTable_80222568
Reading patch for $GhostBow
Reading patch for $DefenseTable_80223938
Reading patch for $GhostWatt
Reading patch for $GhostSushie
Reading patch for $DefenseTable_802261D8
Reading patch for $GhostLakilester
Reading patch for $Script_TakeTurn_8021F374
Reading patch for $Script_HandleEvent_80220654
Reading patch for $Script_TakeTurn_80220CA0
Reading patch for $Script_TakeTurn_802224E4
Creating struct: $Script_ShellShot
Reading patch for $Script_TakeTurn_80223F50
Reading patch for $Script_TakeTurn_80224F04
Creating struct: $Function_SpinySpawn
Reading patch for $Script_TakeTurn_80226924
Reading patch for $Gulpit
Reading patch for $StatusTable_80227E40
Reading patch for $Script_80228518
Reading patch for $Script_8022898C
Reading patch for $DefenseTable_80229B0C
Reading patch for $StatusTable_80229B28
Reading patch for $PartsTable_80229BD4
Reading patch for $WhiteClubba
Reading patch for $Script_HandleEvent_80229C7C
Reading patch for $Script_TakeTurn_8022A18C
Reading patch for $FrostPiranha
Reading patch for $DefenseTable_8022AAFC
Reading patch for $StatusTable_8022AB18
Reading patch for $Script_8022BD44
Reading patch for $Script_8022B3AC
Reading patch for $FormationTable
Reading patch for $StageTable
Creating struct: $Stage_Pit1
Creating struct: $Script_BeforeBattle_Pit
Creating struct: $Script_AfterBattle_Pit
Reading patch for $Formation_01
Reading patch for $Formation_02
Reading patch for $Formation_03
Reading patch for $Formation_06
Reading patch for $Formation_07
Reading patch for $Formation_08
Reading patch for $Formation_0B
Reading patch for $Formation_0C
Reading patch for $Formation_0D
Creating struct: $Formation_0E
Creating struct: $Formation_0F
Creating struct: $Formation_10
Creating struct: $Formation_11
Creating struct: $Formation_12
Creating struct: $Formation_13
Creating struct: $Formation_14
Creating struct: $Formation_15
Merged 76 regions to 37
$Script_TakeTurn_80224F04 will be placed at 8022C304 (length = 1278 bytes)
$Script_TakeTurn_80220CA0 will be placed at 80224F04 (length = D58 bytes)
$Script_TakeTurn_80226924 will be placed at 8023163C (length = B74 bytes)
$Script_HandleEvent_BlueSpikeTop_Floor will be placed at 80220A98 (length = A38 bytes)
$Script_TakeTurn_80223F50 will be placed at 80226924 (length = A0C bytes)
$Script_HandleEvent_802186C0_FP will be placed at 8022D57C (length = 974 bytes)
$Script_TakeTurn_8021A018_FP will be placed at 802321B0 (length = 938 bytes)
$Script_TakeTurn_BlueSpikeTop_Ceiling will be placed at 80232AE8 (length = 890 bytes)
$Script_802193B8_FP will be placed at 80223F50 (length = 878 bytes)
$Script_TakeTurn_BlueSpikeTop_Floor will be placed at 8022E748 (length = 80C bytes)
$Script_8021B590_FP will be placed at 80233378 (length = 7B0 bytes)
$Script_FlipTackle_FrostPuff will be placed at 8022DEF0 (length = 628 bytes)
$Script_TakeTurn_PermafrostGuy will be placed at 80233B28 (length = 5C8 bytes)
$Script_Summon_FrostPokey will be placed at 802340F0 (length = 5A8 bytes)
$Script_FreezeBreath_FrostPuff will be placed at 80234698 (length = 528 bytes)
$Script_ShellShot will be placed at 80225C5C (length = 45C bytes)
$Script_8021C07C_FP will be placed at 80234BC0 (length = 420 bytes)
$Script_8021CCAC_FP will be placed at 80234FE0 (length = 3D0 bytes)
$Script_HandleEvent_FrostPuff will be placed at 802353B0 (length = 3C4 bytes)
$Script_HandleEvent_PermafrostGuy will be placed at 80235774 (length = 370 bytes)
$Script_80223EFC_BS will be placed at 80235AE4 (length = 36C bytes)
$Script_HandleEvent_BlueSpikeTop_Ceiling will be placed at 80235E50 (length = 360 bytes)
$Script_8021C860_FP will be placed at 802361B0 (length = 358 bytes)
$Script_8021D184_FP will be placed at 80236508 (length = 2C0 bytes)
$Script_8021C574_FP will be placed at 802367C8 (length = 24C bytes)
$Script_8021AB44_FP will be placed at 8022BB44 (length = 1F0 bytes)
$FormationTable will be placed at 8022A87C (length = 1CC bytes)
$Function_802181F0_FP will be placed at 80231470 (length = 190 bytes)
$Script_NextTurn_PermafrostGuy will be placed at 80230888 (length = 178 bytes)
$Script_Init_BlueSpikeTop will be placed at 80236A14 (length = 174 bytes)
$Script_Init_80218534_FP will be placed at 80231164 (length = 144 bytes)
$Script_80219EB4_FP will be placed at 8021B550 (length = 100 bytes)
$Formation_12 will be placed at 8021BAE0 (length = FC bytes)
$Formation_01 will be placed at 8022A054 (length = FC bytes)
$Formation_02 will be placed at 80236B88 (length = FC bytes)
$Function_SpinySpawn will be placed at 8022021C (length = E4 bytes)
$Formation_11 will be placed at 80236C84 (length = E0 bytes)
$PartsTable_FrostPokey will be placed at 80236D64 (length = D8 bytes)
$Script_Idle_PermafrostGuy will be placed at 80227330 (length = D4 bytes)
$Script_8021BF50_FP will be placed at 80236E3C (length = D4 bytes)
$Function_80218000_FP will be placed at 80236F10 (length = CC bytes)
$Function_80218EE0_PG will be placed at 80236FDC (length = CC bytes)
$Function_802184F0_BS will be placed at 802370A8 (length = CC bytes)
$Script_Idle_FrostPuff will be placed at 80237174 (length = B0 bytes)
$StatusTable_BlueSpikeTop will be placed at 802260B8 (length = AC bytes)
$StatusTable_FrostPuff will be placed at 80237224 (length = AC bytes)
$StatusTable_FrostPokey will be placed at 802372D0 (length = AC bytes)
$StatusTable_PermafrostGuy will be placed at 8023737C (length = AC bytes)
$Formation_06 will be placed at 80237428 (length = A8 bytes)
$Script_TakeTurn_FrostPuff will be placed at 80230DE4 (length = 84 bytes)
$Script_NextTurn_FrostPokey will be placed at 802214D0 (length = 80 bytes)
$Function_GetPartner will be placed at 802374D0 (length = 80 bytes)
$Script_Init_PermafrostGuy will be placed at 8022EF54 (length = 7C bytes)
$Formation_0B will be placed at 80237550 (length = 70 bytes)
$Formation_10 will be placed at 802375C0 (length = 70 bytes)
$Formation_15 will be placed at 80237630 (length = 70 bytes)
$Formation_14 will be placed at 802376A0 (length = 70 bytes)
$Script_TakeTurn_802224E4 will be placed at 802194B8 (length = 6C bytes)
$Script_8022CDDC_PermafrostGuy will be placed at 8022AA48 (length = 64 bytes)
$Function_80218280_FP will be placed at 80237710 (length = 64 bytes)
$Script_80222820_FP will be placed at 80237774 (length = 5C bytes)
$Function_80218000_FPuff will be placed at 802377D0 (length = 58 bytes)
$Formation_0F will be placed at 80237828 (length = 54 bytes)
$Formation_13 will be placed at 8023787C (length = 54 bytes)
$IdleAnimations_BlueSpikeTop_Ceiling will be placed at 802378D0 (length = 4C bytes)
$IdleAnimations_BlueSpikeTop_Floor will be placed at 8023791C (length = 4C bytes)
$IntTable_8022483C_BS will be placed at 80237968 (length = 4C bytes)
$IdleAnimations_PermafrostGuy will be placed at 802379B4 (length = 4C bytes)
$IdleAnimations_FrostPuff will be placed at 80237A00 (length = 44 bytes)
$IdleAnimations_BlueSpikeTop_Flipped will be placed at 80237A44 (length = 44 bytes)
$StageTable will be placed at 80237A88 (length = 40 bytes)
$IdleAnimations_80218438_FP will be placed at 8022A150 (length = 3C bytes)
$IdleAnimations_802184B0_FP will be placed at 80237AC8 (length = 3C bytes)
$IdleAnimations_802184EC_FP will be placed at 80237B04 (length = 3C bytes)
$IdleAnimations_80218474_FP will be placed at 80237B40 (length = 3C bytes)
$Script_Init_FrostPuff will be placed at 80230CE8 (length = 38 bytes)
$Script_802247EC_BS will be placed at 8023104C (length = 38 bytes)
$DefenseTable_PermafrostGuy will be placed at 80237B7C (length = 34 bytes)
$DefenseTable_FrostPuff will be placed at 80237BB0 (length = 34 bytes)
$Stage_Pit1 will be placed at 80230A00 (length = 28 bytes)
$FrostPokeySummon will be placed at 802312A8 (length = 28 bytes)
$FrostPokey will be placed at 80237BE4 (length = 28 bytes)
$PermafrostGuy will be placed at 80237C0C (length = 28 bytes)
$FrostPuff will be placed at 80237C34 (length = 28 bytes)
$BlueSpikeTop will be placed at 80237C5C (length = 28 bytes)
$PartsTable_PermafrostGuy will be placed at 80221550 (length = 24 bytes)
$DefenseTable_80223938 will be placed at 80237C84 (length = 24 bytes)
$PartsTable_FrostPuff will be placed at 80237CA8 (length = 24 bytes)
$PartsTable_BlueSpikeTop will be placed at 80237CCC (length = 24 bytes)
$DefenseTable_FrostPokey will be placed at 802224E4 (length = 1C bytes)
$DefenseTable_80223B20_BS will be placed at 8021BBDC (length = 1C bytes)
$SpecialFormation_8021AE10_FP will be placed at 80237CF0 (length = 1C bytes)
$Formation_0E will be placed at 80237D0C (length = 1C bytes)
$DefenseTable_802261D8 will be placed at 80223938 (length = 14 bytes)
$DefenseTable_80222568 will be placed at 80220300 (length = 14 bytes)
$DefenseTable_802215DC will be placed at 80237D28 (length = 14 bytes)
$ASCII_"pit_b01_shape"_Literal will be placed at 8022BD34 (length = 10 bytes)
$ASCII_"pit_b01_hit"_Literal will be placed at 802215DC (length = C bytes)
$Vector3D_8021AE04_FP will be placed at 80222568 (length = C bytes)
$IdleAnimations_80218528_FP will be placed at 802261D8 (length = C bytes)
$ASCII_"pit_07"_Literal will be placed at 8022F814 (length = C bytes)
$DefenseTable_80223B3C_BS will be placed at 8022FED4 (length = C bytes)
$Script_BeforeBattle_Pit will be placed at 80219838 (length = 8 bytes)
$Script_Idle_80223EEC_BS will be placed at 8021B068 (length = 8 bytes)
$Script_Idle_802186B0_FP will be placed at 802294C8 (length = 8 bytes)
$Script_AfterBattle_Pit will be placed at 80230258 (length = 8 bytes)
$ASCII_"kpa_tex"_Literal will be placed at 80231344 (length = 8 bytes)
Overwriting pointer to deleted struct $SJIS_80231600
Overwriting pointer to deleted struct $SJIS_802315F4
Overwriting pointer to deleted struct $SJIS_802315E8
Overwriting pointer to deleted struct $SJIS_802315CC
Overwriting pointer to deleted struct $SJIS_802315A8
Overwriting pointer to deleted struct $SJIS_80231578
Overwriting pointer to deleted struct $SJIS_80231564
Overwriting pointer to deleted struct $SJIS_80231550
Overwriting pointer to deleted struct $SJIS_80231534
Overwriting pointer to deleted struct $SJIS_8023150C
Overwriting pointer to deleted struct $SJIS_802314DC
Overwriting pointer to deleted struct $SJIS_802314C8
Overwriting pointer to deleted struct $SJIS_802314A0
Overwriting pointer to deleted struct $SJIS_80231470
Changing pointer 80220CA0 to 80224F04 ($Script_TakeTurn_80220CA0[0])
Changing pointer 802215DC to 80237D28 ($DefenseTable_802215DC[0])
Changing pointer 802215DC to 80237D28 ($DefenseTable_802215DC[0])
Changing pointer 802224E4 to 802194B8 ($Script_TakeTurn_802224E4[0])
Changing pointer 80222568 to 80220300 ($DefenseTable_80222568[0])
Changing pointer 80222568 to 80220300 ($DefenseTable_80222568[0])
Changing pointer 80223938 to 80237C84 ($DefenseTable_80223938[0])
Changing pointer 80223938 to 80237C84 ($DefenseTable_80223938[0])
Changing pointer 80223F50 to 80226924 ($Script_TakeTurn_80223F50[0])
Changing pointer 80224F04 to 8022C304 ($Script_TakeTurn_80224F04[0])
Changing pointer 802261D8 to 80223938 ($DefenseTable_802261D8[0])
Changing pointer 802261D8 to 80223938 ($DefenseTable_802261D8[0])
Changing pointer 80226924 to 8023163C ($Script_TakeTurn_80226924[0])
Changing pointer 802194B8 to 802374D0 ($Function_GetPartner[0])
Changing pointer 802194B8 to 802374D0 ($Function_GetPartner[0])
Changing pointer 80230888 to 8022A054 ($Formation_01[0])
Changing pointer 8023094C to 80236B88 ($Formation_02[0])
Changing pointer 80230CE8 to 80237428 ($Formation_06[0])
Changing pointer 8023104C to 80237550 ($Formation_0B[0])
Reading patch file: battle/formation/patch/1E Area SAM2.bpat
Reading patch file: battle/formation/import/newenemy/PermafrostGuy.bpat
Creating struct: $IdleAnimations_PermafrostGuy
Creating struct: $DefenseTable_PermafrostGuy
Creating struct: $StatusTable_PermafrostGuy
Creating struct: $PartsTable_PermafrostGuy
Creating struct: $PermafrostGuy
Creating struct: $Script_Init_PermafrostGuy
Creating struct: $Script_NextTurn_PermafrostGuy
Creating struct: $Script_Idle_PermafrostGuy
Creating struct: $Script_8022CDDC_PermafrostGuy
Creating struct: $Script_HandleEvent_PermafrostGuy
Creating struct: $Script_TakeTurn_PermafrostGuy
Creating struct: $Function_80218EE0_PG
Reading patch for $Monstar
Reading patch for $DefenseTable_80219E60
Reading patch for $PartsTable_80219F20
Reading patch for $StatusTable_80219E74
Reading patch for $Script_Init_80219FF0
Reading patch for $Script_8021AB64
Reading patch for $FormationTable
Creating struct: $Formation_02
Reading patch for $Script_NextTurn_PermafrostGuy
Reading patch for $Script_Idle_PermafrostGuy
Creating struct: $Function_802185D0
Reading patch for $Script_TakeTurn_PermafrostGuy
Reading patch for $StageTable
Creating struct: $Stage_8022F3B4
Creating struct: $Script_BeforeBattle_8022F288
Creating struct: $Script_8022EFE0
Creating struct: $Function_80219DA8
Creating struct: $Script_8022F0E4
Creating struct: $Function_80219DCC
Creating struct: $Script_8022F01C
Creating struct: $Script_AfterBattle_8022F398
Creating struct: $ForegroundModelList_8022F3A8
Merged 19 regions to 15
$Script_TakeTurn_PermafrostGuy will be placed at 80223C24 (length = 5C8 bytes)
$Script_HandleEvent_PermafrostGuy will be placed at 802241EC (length = 370 bytes)
$Script_NextTurn_PermafrostGuy will be placed at 8021B1D4 (length = 188 bytes)
$Script_Idle_PermafrostGuy will be placed at 8022455C (length = 13C bytes)
$Function_80219DCC will be placed at 80224698 (length = 104 bytes)
$Function_802185D0 will be placed at 8022479C (length = EC bytes)
$Function_80218EE0_PG will be placed at 80224888 (length = CC bytes)
$Script_BeforeBattle_8022F288 will be placed at 80224954 (length = BC bytes)
$StatusTable_PermafrostGuy will be placed at 80224A10 (length = AC bytes)
$Script_8022F0E4 will be placed at 80224ABC (length = A4 bytes)
$Script_8022F01C will be placed at 80224B60 (length = 90 bytes)
$Script_Init_PermafrostGuy will be placed at 802234F0 (length = 7C bytes)
$Script_8022CDDC_PermafrostGuy will be placed at 80224BF0 (length = 64 bytes)
$FormationTable will be placed at 80224C54 (length = 50 bytes)
$IdleAnimations_PermafrostGuy will be placed at 80224CA4 (length = 4C bytes)
$StageTable will be placed at 80224CF0 (length = 40 bytes)
$FirstText will be placed at 80224D30 (length = 3C bytes)
$DefenseTable_PermafrostGuy will be placed at 80223BC0 (length = 34 bytes)
$Stage_8022F3B4 will be placed at 8021B35C (length = 28 bytes)
$PermafrostGuy will be placed at 80224D6C (length = 28 bytes)
$PartsTable_PermafrostGuy will be placed at 80224D94 (length = 24 bytes)
$Script_8022EFE0 will be placed at 80224DB8 (length = 24 bytes)
$Function_80219DA8 will be placed at 80224DDC (length = 24 bytes)
$Formation_02 will be placed at 80224E00 (length = 1C bytes)
$ASCII_"sam_bt01_shape"_Literal will be placed at 80224E1C (length = 14 bytes)
$ASCII_"sam_bt01_hit"_Literal will be placed at 8021A088 (length = 10 bytes)
$ForegroundModelList_8022F3A8 will be placed at 8021BE84 (length = C bytes)
$ASCII_"sam_01"_Literal will be placed at 80222634 (length = C bytes)
$ASCII_"yki_bg"_Literal will be placed at 80222CF4 (length = C bytes)
$ASCII_"sam_tex"_Literal will be placed at 80218808 (length = 8 bytes)
$Script_AfterBattle_8022F398 will be placed at 80223078 (length = 8 bytes)
Overwriting pointer to deleted struct $SJIS_80223BE8
Overwriting pointer to deleted struct $SJIS_80223BC0
Reading patch file: battle/formation/patch/1F Area PRA.bpat
Reading patch file: battle/formation/import/newenemy/BlueSpikeTop.bpat
Creating struct: $BlueSpikeTop
Creating struct: $Function_802184F0_BS
Creating struct: $DefenseTable_80223B20_BS
Creating struct: $DefenseTable_80223B3C_BS
Creating struct: $StatusTable_BlueSpikeTop
Creating struct: $PartsTable_BlueSpikeTop
Creating struct: $IdleAnimations_BlueSpikeTop_Floor
Creating struct: $IdleAnimations_BlueSpikeTop_Ceiling
Creating struct: $IdleAnimations_BlueSpikeTop_Flipped
Creating struct: $Script_Init_BlueSpikeTop
Creating struct: $Script_Idle_80223EEC_BS
Creating struct: $Script_80223EFC_BS
Creating struct: $Script_HandleEvent_BlueSpikeTop_Ceiling
Creating struct: $Script_802247EC_BS
Creating struct: $IntTable_8022483C_BS
Creating struct: $Script_HandleEvent_BlueSpikeTop_Floor
Creating struct: $Script_TakeTurn_BlueSpikeTop_Ceiling
Creating struct: $Script_TakeTurn_BlueSpikeTop_Floor
Reading patch file: battle/formation/import/newenemy/CrystalBristle.bpat
Creating struct: $CrystalBristle
Creating struct: $StatusTable_Bristle
Creating struct: $PartsTable_Bristle
Creating struct: $IdleAnimations_Bristle
Creating struct: $DefenseTable_Bristle
Creating struct: $Script_Init_Bristle
Creating struct: $Script_HandleEvent_Bristle
Creating struct: $Script_ReturnHome_Bristle
Creating struct: $Script_DamageCalc_Bristle
Creating struct: $Script_TakeTurn_Bristle
Reading patch file: battle/formation/import/newenemy/CrystalChomp.bpat
Creating struct: $CrystalChomp
Creating struct: $RubyChomp
Creating struct: $Function_80218270_CrystalChomp
Creating struct: $Function_802183C0_CrystalChomp
Creating struct: $Function_80218458_CrystalChomp
Creating struct: $Function_802184CC_CrystalChomp
Creating struct: $IdleAnimations_CrystalChomp
Creating struct: $IdleAnimations_ChompFast_CrystalChomp
Creating struct: $IdleAnimations_ChompMiddle_CrystalChomp
Creating struct: $IdleAnimations_ChompSlow_CrystalChomp
Creating struct: $IdleAnimations_ChainBall_CrystalChomp
Creating struct: $IdleAnimations_CrystalChomp_Ruby
Creating struct: $IdleAnimations_ChompFast_CrystalChomp_Ruby
Creating struct: $IdleAnimations_ChompMiddle_CrystalChomp_Ruby
Creating struct: $IdleAnimations_ChompSlow_CrystalChomp_Ruby
Creating struct: $IdleAnimations_ChainBall_CrystalChomp_Ruby
Creating struct: $DefenseTable_Ruby_CrystalChomp
Creating struct: $DefenseTable_Sapphire_CrystalChomp
Creating struct: $StatusTable_80221558_CrystalChomp
Creating struct: $PartsTable_CrystalChomp
Creating struct: $PartsTable_CrystalChomp_Ruby
Creating struct: $Script_80221794_CrystalChomp
Creating struct: $Script_8022181C_CrystalChomp
Creating struct: $Script_Init_CrystalChomp
Creating struct: $Script_Init_CrystalChomp_Ruby
Creating struct: $Script_80221BC4_CrystalChomp
Creating struct: $Script_Idle_CrystalChomp
Creating struct: $Script_80222324_CrystalChomp
Creating struct: $Script_HandleEvent_CrystalChomp
Creating struct: $Script_SwitchColor_Chomp
Creating struct: $Script_DamageCalc_Chomp
Creating struct: $Script_TakeTurn_CrystalChomp
Creating struct: $ConstDouble_80224920_CrystalChomp
Reading patch file: battle/formation/import/newenemy/PermafrostGuy.bpat
Creating struct: $IdleAnimations_PermafrostGuy
Creating struct: $DefenseTable_PermafrostGuy
Creating struct: $StatusTable_PermafrostGuy
Creating struct: $PartsTable_PermafrostGuy
Creating struct: $PermafrostGuy
Creating struct: $Script_Init_PermafrostGuy
Creating struct: $Script_NextTurn_PermafrostGuy
Creating struct: $Script_Idle_PermafrostGuy
Creating struct: $Script_8022CDDC_PermafrostGuy
Creating struct: $Script_HandleEvent_PermafrostGuy
Creating struct: $Script_TakeTurn_PermafrostGuy
Creating struct: $Function_80218EE0_PG
Reading patch file: battle/formation/import/enemy/25_Magikoopa.bpat
Creating struct: $25_Magikoopa
Creating struct: $DefenseTable_8021E7D0_25
Creating struct: $StatusTable_8021E7E8_25
Creating struct: $PartsTable_8021E940_25
Creating struct: $IdleAnimations_8021EA20_25
Creating struct: $IdleAnimations_8021EA6C_25
Creating struct: $IdleAnimations_8021EAB8_25
Creating struct: $Script_Idle_8021EAC4_25
Creating struct: $Script_RunAway_25
Creating struct: $Script_NextTurn_8021F5C0_25
Creating struct: $Script_Init_8021F610_25
Creating struct: $Script_8021F97C_25
Creating struct: $Script_HandleEvent_8021FBE8_25
Creating struct: $Script_TakeTurn_80225034_25
Creating struct: $Script_HandleEvent_8022293C_25
Creating struct: $Script_Init_8022294C_25
Creating struct: $Script_Init_80222988_25
Creating struct: $DefenseTable_802229C4_25
Creating struct: $DefenseTable_802229D0_25
Creating struct: $StatusTable_802229DC_25
Creating struct: $StatusTable_80222A88_25
Creating struct: $PartsTable_80222B34_25
Creating struct: $PartsTable_80222B58_25
Creating struct: $Magiclone_25
Creating struct: $FlyingMagiclone_25
Creating struct: $Vector3D_80222BCC_25
Creating struct: $SpecialFormation_80222BD8_25
Creating struct: $SpecialFormation_80222BF4_25
Creating struct: $Script_MakeCopy_25
Creating struct: $Script_BoostAttack_25
Creating struct: $Script_BoostDefense_25
Creating struct: $Script_Electrify_25
Creating struct: $Script_Vanish_25
Creating struct: $Function_80218150_25
Creating struct: $Function_802182A8_25
Creating struct: $Function_80218438_25
Creating struct: $Function_80218464_25
Creating struct: $Function_80218530_25
Creating struct: $Function_80218588_25
Creating struct: $Script_ShapeSpell_25
Creating struct: $Script_80222654_25
Creating struct: $Script_HealOne_25
Creating struct: $Script_HealAll_25
Reading patch for $Script_TakeTurn_8021C484
Reading patch for $Script_8021A864
Reading patch for $Script_Init_802196CC
Reading patch for $Script_HandleEvent_8021A0E4
Reading patch for $Script_80219900
Reading patch for $AlbinoDino
Reading patch for $Script_Init_8021D968
Reading patch for $Script_TakeTurn_8021E070
Reading patch for $DefenseTable_8021E63C
Reading patch for $StatusTable_8021E658
Reading patch for $PartsTable_8021E704
Reading patch for $WhiteClubba
Reading patch for $Script_HandleEvent_8021E7AC
Reading patch for $Script_TakeTurn_8021ECBC
Reading patch for $Formation_00
Reading patch for $Vector3D_8022F110
Reading patch for $Formation_03
Reading patch for $Formation_08
Reading patch for $Formation_09
Reading patch for $Formation_0A
Reading patch for $Formation_0B
Reading patch for $Formation_0C
Reading patch for $Formation_0D
Reading patch for $Formation_0E
Creating struct: $Formation_0F
Creating struct: $Vector3D_Top1
Creating struct: $Vector3D_Top2
Creating struct: $Vector3D_Top3
Creating struct: $Vector3D_Top4
Creating struct: $Formation_10
Creating struct: $Formation_11
Reading patch for $FormationTable
Reading patch for $StageTable
Creating struct: $Stage_Pit1
Creating struct: $Script_BeforeBattle_Pit
Creating struct: $Script_AfterBattle_Pit
Merged 161 regions to 25
$Script_HandleEvent_8021A0E4 will be placed at 8022F93C (length = DB8 bytes)
$Script_TakeTurn_CrystalChomp will be placed at 8021F3AC (length = D98 bytes)
$Script_HandleEvent_CrystalChomp will be placed at 802306F4 (length = C64 bytes)
$Script_TakeTurn_80225034_25 will be placed at 80220144 (length = BF4 bytes)
$Script_ShapeSpell_25 will be placed at 80231358 (length = B68 bytes)
$Script_HandleEvent_BlueSpikeTop_Floor will be placed at 80220D38 (length = A38 bytes)
$Script_TakeTurn_BlueSpikeTop_Ceiling will be placed at 80231EC0 (length = 890 bytes)
$Script_TakeTurn_8021E070 will be placed at 80221770 (length = 80C bytes)
$Script_TakeTurn_BlueSpikeTop_Floor will be placed at 80232750 (length = 80C bytes)
$Script_80219900 will be placed at 80221F7C (length = 7E4 bytes)
$Script_SwitchColor_Chomp will be placed at 8021A0E4 (length = 6DC bytes)
$Script_TakeTurn_Bristle will be placed at 80232F5C (length = 5DC bytes)
$Script_TakeTurn_PermafrostGuy will be placed at 80222760 (length = 5C8 bytes)
$Script_Electrify_25 will be placed at 80233538 (length = 5C4 bytes)
$Script_BoostDefense_25 will be placed at 80222D28 (length = 594 bytes)
$Script_Idle_CrystalChomp will be placed at 80233AFC (length = 594 bytes)
$Script_BoostAttack_25 will be placed at 802232BC (length = 594 bytes)
$Script_Vanish_25 will be placed at 80234090 (length = 594 bytes)
$Script_MakeCopy_25 will be placed at 8021E070 (length = 550 bytes)
$Script_HandleEvent_8021FBE8_25 will be placed at 80223850 (length = 528 bytes)
$Script_HealAll_25 will be placed at 80234624 (length = 520 bytes)
$Script_HandleEvent_Bristle will be placed at 80223D78 (length = 4E8 bytes)
$Script_HealOne_25 will be placed at 80219900 (length = 458 bytes)
$Function_802184CC_CrystalChomp will be placed at 8021D378 (length = 3E4 bytes)
$Script_HandleEvent_PermafrostGuy will be placed at 80234B44 (length = 370 bytes)
$Script_80223EFC_BS will be placed at 80224260 (length = 36C bytes)
$Script_HandleEvent_BlueSpikeTop_Ceiling will be placed at 80234EB4 (length = 360 bytes)
$Script_80222654_25 will be placed at 802245CC (length = 20C bytes)
$Script_8022181C_CrystalChomp will be placed at 80235214 (length = 208 bytes)
$Script_8021F97C_25 will be placed at 802247D8 (length = 1D4 bytes)
$Script_RunAway_25 will be placed at 8022F740 (length = 1A8 bytes)
$Function_802182A8_25 will be placed at 8022F4B8 (length = 190 bytes)
$FormationTable will be placed at 8023541C (length = 17C bytes)
$Script_NextTurn_PermafrostGuy will be placed at 802249AC (length = 178 bytes)
$Script_Init_BlueSpikeTop will be placed at 80235598 (length = 174 bytes)
$Script_Init_8021F610_25 will be placed at 80224B24 (length = 168 bytes)
$PartsTable_CrystalChomp will be placed at 8023570C (length = 168 bytes)
$PartsTable_CrystalChomp_Ruby will be placed at 80224C8C (length = 168 bytes)
$Script_Idle_8021EAC4_25 will be placed at 80235874 (length = 160 bytes)
$Function_80218150_25 will be placed at 80224DF4 (length = 158 bytes)
$Function_80218270_CrystalChomp will be placed at 802359D4 (length = 150 bytes)
$Script_80221BC4_CrystalChomp will be placed at 8021EB84 (length = 100 bytes)
$Script_Init_CrystalChomp_Ruby will be placed at 80224F4C (length = E0 bytes)
$Script_Init_CrystalChomp will be placed at 80235B24 (length = E0 bytes)
$Script_Idle_PermafrostGuy will be placed at 8022502C (length = D4 bytes)
$Function_80218464_25 will be placed at 80235C04 (length = CC bytes)
$Function_80218EE0_PG will be placed at 80225100 (length = CC bytes)
$Function_802184F0_BS will be placed at 80235CD0 (length = CC bytes)
$Function_80218588_25 will be placed at 802251CC (length = C4 bytes)
$StatusTable_802229DC_25 will be placed at 8021D75C (length = AC bytes)
$StatusTable_BlueSpikeTop will be placed at 80235D9C (length = AC bytes)
$StatusTable_80221558_CrystalChomp will be placed at 80225290 (length = AC bytes)
$StatusTable_8021E7E8_25 will be placed at 80235E48 (length = AC bytes)
$StatusTable_PermafrostGuy will be placed at 8022533C (length = AC bytes)
$StatusTable_80222A88_25 will be placed at 80235EF4 (length = AC bytes)
$Function_802183C0_CrystalChomp will be placed at 8022F288 (length = 98 bytes)
$StatusTable_Bristle will be placed at 8021A7C0 (length = 8C bytes)
$Script_ReturnHome_Bristle will be placed at 802253E8 (length = 88 bytes)
$Script_Init_Bristle will be placed at 80235FA0 (length = 88 bytes)
$Script_Init_PermafrostGuy will be placed at 80225470 (length = 7C bytes)
$Function_80218458_CrystalChomp will be placed at 80236028 (length = 74 bytes)
$Script_DamageCalc_Bristle will be placed at 802254EC (length = 70 bytes)
$Script_Init_802196CC will be placed at 8023609C (length = 70 bytes)
$Formation_11 will be placed at 8022555C (length = 70 bytes)
$Formation_10 will be placed at 8023610C (length = 70 bytes)
$Formation_08 will be placed at 802255CC (length = 70 bytes)
$Formation_09 will be placed at 8023617C (length = 70 bytes)
$Script_DamageCalc_Chomp will be placed at 8022563C (length = 70 bytes)
$Script_80221794_CrystalChomp will be placed at 802361EC (length = 68 bytes)
$Script_8022CDDC_PermafrostGuy will be placed at 802196CC (length = 64 bytes)
$Function_80218530_25 will be placed at 802256AC (length = 58 bytes)
$Formation_0E will be placed at 80236254 (length = 54 bytes)
$Formation_0B will be placed at 80225704 (length = 54 bytes)
$Formation_00 will be placed at 802362A8 (length = 54 bytes)
$Script_Init_8021D968 will be placed at 80225758 (length = 50 bytes)
$IdleAnimations_8021EA20_25 will be placed at 8021D968 (length = 4C bytes)
$IdleAnimations_BlueSpikeTop_Ceiling will be placed at 802362FC (length = 4C bytes)
$IdleAnimations_BlueSpikeTop_Floor will be placed at 802257A8 (length = 4C bytes)
$IntTable_8022483C_BS will be placed at 80236348 (length = 4C bytes)
$IdleAnimations_PermafrostGuy will be placed at 802257F4 (length = 4C bytes)
$IdleAnimations_8021EA6C_25 will be placed at 80236394 (length = 4C bytes)
$IdleAnimations_Bristle will be placed at 80225840 (length = 44 bytes)
$IdleAnimations_BlueSpikeTop_Flipped will be placed at 802363E0 (length = 44 bytes)
$StageTable will be placed at 80225884 (length = 40 bytes)
$Script_NextTurn_8021F5C0_25 will be placed at 80236424 (length = 3C bytes)
$IdleAnimations_ChompSlow_CrystalChomp will be placed at 802258C4 (length = 3C bytes)
$IdleAnimations_ChompMiddle_CrystalChomp will be placed at 80236460 (length = 3C bytes)
$IdleAnimations_ChompFast_CrystalChomp will be placed at 80225900 (length = 3C bytes)
$IdleAnimations_CrystalChomp will be placed at 8023649C (length = 3C bytes)
$IdleAnimations_ChompMiddle_CrystalChomp_Ruby will be placed at 8022593C (length = 3C bytes)
$IdleAnimations_ChompFast_CrystalChomp_Ruby will be placed at 802364D8 (length = 3C bytes)
$IdleAnimations_CrystalChomp_Ruby will be placed at 80225978 (length = 3C bytes)
$IdleAnimations_ChompSlow_CrystalChomp_Ruby will be placed at 80236514 (length = 3C bytes)
$Script_802247EC_BS will be placed at 8022EFC0 (length = 38 bytes)
$DefenseTable_PermafrostGuy will be placed at 8022F3A0 (length = 34 bytes)
$Script_Init_80222988_25 will be placed at 8021E5C0 (length = 2C bytes)
$Function_80218438_25 will be placed at 80219D58 (length = 2C bytes)
$DefenseTable_Bristle will be placed at 8021EC84 (length = 2C bytes)
$Script_Init_8022294C_25 will be placed at 802259B4 (length = 2C bytes)
$Stage_Pit1 will be placed at 80236550 (length = 28 bytes)
$CrystalBristle will be placed at 802259E0 (length = 28 bytes)
$FlyingMagiclone_25 will be placed at 80236578 (length = 28 bytes)
$Magiclone_25 will be placed at 80225A08 (length = 28 bytes)
$Script_80222324_CrystalChomp will be placed at 802365A0 (length = 28 bytes)
$25_Magikoopa will be placed at 80225A30 (length = 28 bytes)
$CrystalChomp will be placed at 802365C8 (length = 28 bytes)
$PermafrostGuy will be placed at 80225A58 (length = 28 bytes)
$RubyChomp will be placed at 802365F0 (length = 28 bytes)
$BlueSpikeTop will be placed at 80225A80 (length = 28 bytes)
$PartsTable_PermafrostGuy will be placed at 8022F8E8 (length = 24 bytes)
$PartsTable_80222B58_25 will be placed at 80236618 (length = 24 bytes)
$PartsTable_8021E940_25 will be placed at 80225AA8 (length = 24 bytes)
$DefenseTable_Ruby_CrystalChomp will be placed at 8023663C (length = 24 bytes)
$DefenseTable_Sapphire_CrystalChomp will be placed at 80225ACC (length = 24 bytes)
$PartsTable_BlueSpikeTop will be placed at 80236660 (length = 24 bytes)
$PartsTable_80222B34_25 will be placed at 80225AF0 (length = 24 bytes)
$PartsTable_Bristle will be placed at 80236684 (length = 24 bytes)
$SpecialFormation_80222BD8_25 will be placed at 80225B14 (length = 1C bytes)
$SpecialFormation_80222BF4_25 will be placed at 802366A8 (length = 1C bytes)
$DefenseTable_80223B20_BS will be placed at 80225B30 (length = 1C bytes)
$Formation_0F will be placed at 802366C4 (length = 1C bytes)
$ASCII_"pit_b01_shape"_Literal will be placed at 8022F320 (length = 10 bytes)
$ASCII_"pit_b01_hit"_Literal will be placed at 80218234 (length = C bytes)
$DefenseTable_802229D0_25 will be placed at 8022E624 (length = C bytes)
$IdleAnimations_8021EAB8_25 will be placed at 8022EA04 (length = C bytes)
$IdleAnimations_ChainBall_CrystalChomp will be placed at 8022EA84 (length = C bytes)
$ASCII_"pit_07"_Literal will be placed at 8022EF84 (length = C bytes)
$IdleAnimations_ChainBall_CrystalChomp_Ruby will be placed at 8021A84C (length = C bytes)
$Vector3D_Top4 will be placed at 8021ECB0 (length = C bytes)
$Vector3D_Top3 will be placed at 80225B4C (length = C bytes)
$Vector3D_Top2 will be placed at 802366E0 (length = C bytes)
$Vector3D_Top1 will be placed at 8021A858 (length = C bytes)
$Vector3D_80222BCC_25 will be placed at 80225B58 (length = C bytes)
$DefenseTable_802229C4_25 will be placed at 802366EC (length = C bytes)
$DefenseTable_8021E7D0_25 will be placed at 80225B64 (length = C bytes)
$DefenseTable_80223B3C_BS will be placed at 802366F8 (length = C bytes)
$Script_BeforeBattle_Pit will be placed at 8022EB18 (length = 8 bytes)
$Script_Idle_80223EEC_BS will be placed at 8022F648 (length = 8 bytes)
$ConstDouble_80224920_CrystalChomp will be placed at 8021D808 (length = 8 bytes)
$Script_HandleEvent_8022293C_25 will be placed at 80225B70 (length = 8 bytes)
$Script_AfterBattle_Pit will be placed at 80236704 (length = 8 bytes)
$ASCII_"kpa_tex"_Literal will be placed at 80225B78 (length = 8 bytes)
Overwriting pointer to deleted struct $SJIS_8022F8F8
Overwriting pointer to deleted struct $SJIS_8022F8E4
Overwriting pointer to deleted struct $SJIS_8022F8D0
Overwriting pointer to deleted struct $SJIS_8022F8A4
Overwriting pointer to deleted struct $SJIS_8022F894
Overwriting pointer to deleted struct $SJIS_8022F880
Overwriting pointer to deleted struct $SJIS_8022F86C
Overwriting pointer to deleted struct $SJIS_8022F848
Overwriting pointer to deleted struct $SJIS_8022F824
Overwriting pointer to deleted struct $SJIS_8022F800
Overwriting pointer to deleted struct $SJIS_8022F7CC
Overwriting pointer to deleted struct $SJIS_8022F7AC
Overwriting pointer to deleted struct $SJIS_8022F788
Overwriting pointer to deleted struct $SJIS_8022F74C
Overwriting pointer to deleted struct $SJIS_8022F740
Overwriting pointer to deleted struct $SJIS_8022F740
Changing pointer 802196CC to 8023609C ($Script_Init_802196CC[0])
Changing pointer 8021A0E4 to 8022F93C ($Script_HandleEvent_8021A0E4[0])
Changing pointer 80219900 to 80221F7C ($Script_80219900[0])
Changing pointer 8021D968 to 80225758 ($Script_Init_8021D968[0])
Changing pointer 8021E070 to 80221770 ($Script_TakeTurn_8021E070[0])
Changing pointer 8022EFC0 to 802362A8 ($Formation_00[0])
Changing pointer 8022F288 to 802255CC ($Formation_08[0])
Changing pointer 8022F2DC to 8023617C ($Formation_09[0])
Changing pointer 8022F3A0 to 80225704 ($Formation_0B[0])
Changing pointer 8022F4B8 to 80236254 ($Formation_0E[0])
Reading patch file: battle/formation/patch/20 Area PRA2.bpat
Reading patch for $DefenseTable_80218A2C
Reading patch for $StatusTable_80218A48
Reading patch for $StatusTable_8021C6DC
Reading patch for $CrystalKing
Reading patch for $CrystalClone
Reading patch for $DefenseTable_802204A4
Reading patch for $CrystalBitA
Reading patch for $CrystalBitB
Reading patch for $CrystalBitC
Reading patch for $Script_Init_80218B40
Creating struct: $Script_TimeLimit
Reading patch for $Script_HandleEvent_80219F30
Creating struct: $Script_AntiCheat
Reading patch for $Script_Idle_80218C4C
Reading patch for $Script_TakeTurn_8021AEEC
Creating struct: $Script_DamageCalc
Reading patch for $Script_HealSelf
Reading patch for $Script_FrostBreath
Reading patch for $Script_FrostBolt
Reading patch for $Script_TripleFrostBreath
Reading patch for $Script_SpitRock
Merged 20 regions to 17
$Script_AntiCheat will be placed at 8021AB74 (length = 888 bytes)
$Script_TakeTurn_8021AEEC will be placed at 80221624 (length = 80C bytes)
$Script_TimeLimit will be placed at 802202EC (length = 178 bytes)
$Script_DamageCalc will be placed at 8021F628 (length = 70 bytes)
$WaitThatsIllegal will be placed at 8021BCA0 (length = 4C bytes)
$WaitThatsIllegal2 will be placed at 8021C500 (length = 48 bytes)
$DefenseTable_802204A4 will be placed at 80218C28 (length = 24 bytes)
$DefenseTable_80218A2C will be placed at 8021EDA8 (length = 24 bytes)
Changing pointer 80218A2C to 8021EDA8 ($DefenseTable_80218A2C[0])
Changing pointer 8021AEEC to 80221624 ($Script_TakeTurn_8021AEEC[0])
Changing pointer 80221630 to 80221E30 ($End[0])
Changing pointer 80221654 to 80221E54 ($End[24])
Changing pointer 80221678 to 80221E78 ($End[48])
Changing pointer 802204A4 to 80218C28 ($DefenseTable_802204A4[0])
Changing pointer 802204A4 to 80218C28 ($DefenseTable_802204A4[0])
Changing pointer 802204A4 to 80218C28 ($DefenseTable_802204A4[0])
Changing pointer 802204A4 to 80218C28 ($DefenseTable_802204A4[0])
Changing pointer 802204A4 to 80218C28 ($DefenseTable_802204A4[0])
Changing pointer 802204A4 to 80218C28 ($DefenseTable_802204A4[0])
Reading patch file: battle/formation/patch/21 Area PRA3.bpat
Reading patch file: battle/formation/import/newenemy/BlueSpikeTop.bpat
Creating struct: $BlueSpikeTop
Creating struct: $Function_802184F0_BS
Creating struct: $DefenseTable_80223B20_BS
Creating struct: $DefenseTable_80223B3C_BS
Creating struct: $StatusTable_BlueSpikeTop
Creating struct: $PartsTable_BlueSpikeTop
Creating struct: $IdleAnimations_BlueSpikeTop_Floor
Creating struct: $IdleAnimations_BlueSpikeTop_Ceiling
Creating struct: $IdleAnimations_BlueSpikeTop_Flipped
Creating struct: $Script_Init_BlueSpikeTop
Creating struct: $Script_Idle_80223EEC_BS
Creating struct: $Script_80223EFC_BS
Creating struct: $Script_HandleEvent_BlueSpikeTop_Ceiling
Creating struct: $Script_802247EC_BS
Creating struct: $IntTable_8022483C_BS
Creating struct: $Script_HandleEvent_BlueSpikeTop_Floor
Creating struct: $Script_TakeTurn_BlueSpikeTop_Ceiling
Creating struct: $Script_TakeTurn_BlueSpikeTop_Floor
Reading patch file: battle/formation/import/newenemy/CrystalBristle.bpat
Creating struct: $CrystalBristle
Creating struct: $StatusTable_Bristle
Creating struct: $PartsTable_Bristle
Creating struct: $IdleAnimations_Bristle
Creating struct: $DefenseTable_Bristle
Creating struct: $Script_Init_Bristle
Creating struct: $Script_HandleEvent_Bristle
Creating struct: $Script_ReturnHome_Bristle
Creating struct: $Script_DamageCalc_Bristle
Creating struct: $Script_TakeTurn_Bristle
Reading patch for $Script_TakeTurn_80229DA4
Reading patch for $Script_80228184
Reading patch for $Script_HandleEvent_80227A04
Reading patch for $StatusTable_80219F80
Reading patch for $Duplighost
Reading patch for $Script_Init_8021A078
Reading patch for $Script_HandleEvent_8021A1DC
Reading patch for $Script_CopyPartner
Creating struct: $SpecialFormation_Buzzatrice
Creating struct: $IdleAnimations_Buzzatrice
Creating struct: $DefenseTable_Buzzatrice
Creating struct: $PartsTable_Buzzatrice
Creating struct: $DupliBuzzatrice
Creating struct: $Script_Init_Buzzatrice
Creating struct: $Script_Idle_Buzzatrice
Creating struct: $Script_HandleEvent_Buzzatrice
Creating struct: $Script_DamageCalc
Creating struct: $Script_MagicBlast
Creating struct: $Function_80218200
Creating struct: $Script_MagicBeam
Creating struct: $Function_ChargeCheck
Creating struct: $Function_YellowWaterBeam
Creating struct: $Function_PinkWaterBeam
Creating struct: $Function_CyanWaterBeam
Creating struct: $Script_TakeTurn_Buzzatrice
Reading patch for $GhostGoombario
Reading patch for $GhostKooper
Reading patch for $GhostBombette
Reading patch for $DefenseTable_8022065C
Reading patch for $GhostParakarry
Reading patch for $DefenseTable_802215E8
Reading patch for $GhostBow
Reading patch for $DefenseTable_802229B8
Reading patch for $GhostWatt
Reading patch for $GhostSushie
Reading patch for $DefenseTable_80225258
Reading patch for $GhostLakilester
Reading patch for $Function_GetPartner
Reading patch for $JumpTable_80232A20
Reading patch for $Function_80219524
Reading patch for $Script_LungeAttack
Reading patch for $Script_TakeTurn_8021E3F4
Reading patch for $Script_HandleEvent_8021F6D4
Reading patch for $Script_TakeTurn_8021FD20
Reading patch for $Script_TakeTurn_80221564
Creating struct: $Script_ShellShot
Reading patch for $Script_TakeTurn_80222FD0
Reading patch for $Script_TakeTurn_80223F84
Creating struct: $Function_SpinySpawn
Reading patch for $Script_TakeTurn_802259A4
Reading patch for $DefenseTable_8022B17C
Reading patch for $StatusTable_8022B198
Reading patch for $PartsTable_8022B244
Reading patch for $WhiteClubba
Reading patch for $Script_HandleEvent_8022B2EC
Reading patch for $Script_TakeTurn_8022B7FC
Reading patch for $StageTable
Creating struct: $Stage_Pit1
Creating struct: $Script_BeforeBattle_Pit
Creating struct: $Script_AfterBattle_Pit
Reading patch for $Formation_02
Reading patch for $Formation_07
Reading patch for $Formation_08
Reading patch for $Formation_0A
Creating struct: $Vector3D_Top1
Creating struct: $Vector3D_Top2
Creating struct: $Vector3D_Top3
Creating struct: $Vector3D_Top4
Creating struct: $Formation_0C
Creating struct: $Formation_0D
Reading patch for $FormationTable
Merged 54 regions to 34
$Script_TakeTurn_80223F84 will be placed at 80232CA4 (length = 1278 bytes)
$Script_HandleEvent_80227A04 will be placed at 80223F84 (length = DCC bytes)
$Script_TakeTurn_8021FD20 will be placed at 80233F1C (length = D58 bytes)
$Script_TakeTurn_802259A4 will be placed at 80234C74 (length = B74 bytes)
$Script_HandleEvent_BlueSpikeTop_Floor will be placed at 802259A4 (length = A38 bytes)
$Script_TakeTurn_80222FD0 will be placed at 8021FAC4 (length = A0C bytes)
$Script_TakeTurn_BlueSpikeTop_Ceiling will be placed at 802357E8 (length = 890 bytes)
$Script_TakeTurn_BlueSpikeTop_Floor will be placed at 80222FD0 (length = 80C bytes)
$Script_MagicBeam will be placed at 80227A04 (length = 71C bytes)
$Script_TakeTurn_Bristle will be placed at 80236078 (length = 5DC bytes)
$Script_HandleEvent_Bristle will be placed at 80236654 (length = 4E8 bytes)
$Script_ShellShot will be placed at 8022AC74 (length = 45C bytes)
$Script_MagicBlast will be placed at 80224D50 (length = 450 bytes)
$Script_HandleEvent_Buzzatrice will be placed at 80236B3C (length = 434 bytes)
$Script_80223EFC_BS will be placed at 80236F70 (length = 36C bytes)
$Script_HandleEvent_BlueSpikeTop_Ceiling will be placed at 802372DC (length = 360 bytes)
$Script_Init_BlueSpikeTop will be placed at 80226B14 (length = 174 bytes)
$Function_80218200 will be placed at 8022BEEC (length = 15C bytes)
$FormationTable will be placed at 80232B40 (length = 12C bytes)
$Function_SpinySpawn will be placed at 8021F29C (length = E4 bytes)
$Function_80219524 will be placed at 8021A5D0 (length = D4 bytes)
$Function_802184F0_BS will be placed at 8021AB60 (length = CC bytes)
$StatusTable_BlueSpikeTop will be placed at 802194B8 (length = AC bytes)
$Script_DamageCalc will be placed at 8022B6C4 (length = 9C bytes)
$StatusTable_Bristle will be placed at 802326E4 (length = 8C bytes)
$Script_ReturnHome_Bristle will be placed at 80232888 (length = 88 bytes)
$Script_Init_Bristle will be placed at 802263DC (length = 88 bytes)
$Function_GetPartner will be placed at 802204D0 (length = 80 bytes)
$Script_DamageCalc_Bristle will be placed at 802237DC (length = 70 bytes)
$Formation_0D will be placed at 8023763C (length = 70 bytes)
$Formation_0C will be placed at 8022C048 (length = 70 bytes)
$Formation_08 will be placed at 80219564 (length = 70 bytes)
$Function_PinkWaterBeam will be placed at 8022B760 (length = 6C bytes)
$Function_YellowWaterBeam will be placed at 80232910 (length = 6C bytes)
$Function_CyanWaterBeam will be placed at 80220550 (length = 6C bytes)
$Script_TakeTurn_80221564 will be placed at 802376AC (length = 6C bytes)
$Script_TakeTurn_Buzzatrice will be placed at 8022C0B8 (length = 68 bytes)
$Function_ChargeCheck will be placed at 80228120 (length = 60 bytes)
$Formation_02 will be placed at 8022B0D0 (length = 54 bytes)
$Formation_07 will be placed at 8023297C (length = 54 bytes)
$IdleAnimations_Buzzatrice will be placed at 8021AC2C (length = 4C bytes)
$IdleAnimations_BlueSpikeTop_Ceiling will be placed at 80237718 (length = 4C bytes)
$IdleAnimations_BlueSpikeTop_Floor will be placed at 80237764 (length = 4C bytes)
$Script_Init_Buzzatrice will be placed at 802377B0 (length = 4C bytes)
$IntTable_8022483C_BS will be placed at 802377FC (length = 4C bytes)
$PartsTable_Buzzatrice will be placed at 80237848 (length = 48 bytes)
$IdleAnimations_Bristle will be placed at 802251A0 (length = 44 bytes)
$IdleAnimations_BlueSpikeTop_Flipped will be placed at 80237890 (length = 44 bytes)
$StageTable will be placed at 802378D4 (length = 40 bytes)
$Script_802247EC_BS will be placed at 80232540 (length = 38 bytes)
$DefenseTable_Bristle will be placed at 80232A20 (length = 2C bytes)
$Stage_Pit1 will be placed at 80226C88 (length = 28 bytes)
$CrystalBristle will be placed at 8021A6A4 (length = 28 bytes)
$DupliBuzzatrice will be placed at 8022B7CC (length = 28 bytes)
$JumpTable_80232A20 will be placed at 802205BC (length = 28 bytes)
$BlueSpikeTop will be placed at 80237914 (length = 28 bytes)
$PartsTable_BlueSpikeTop will be placed at 8023793C (length = 24 bytes)
$DefenseTable_802229B8 will be placed at 80237960 (length = 24 bytes)
$PartsTable_Bristle will be placed at 80237984 (length = 24 bytes)
$DefenseTable_80223B20_BS will be placed at 80221564 (length = 1C bytes)
$SpecialFormation_Buzzatrice will be placed at 80226464 (length = 1C bytes)
$DefenseTable_Buzzatrice will be placed at 802195D4 (length = 1C bytes)
$DefenseTable_802215E8 will be placed at 802229B8 (length = 14 bytes)
$DefenseTable_8022065C will be placed at 8021F380 (length = 14 bytes)
$DefenseTable_80225258 will be placed at 802379A8 (length = 14 bytes)
$ASCII_"pit_b01_shape"_Literal will be placed at 80226CB0 (length = 10 bytes)
$ASCII_"pit_b01_hit"_Literal will be placed at 80219824 (length = C bytes)
$ASCII_"pit_07"_Literal will be placed at 8022065C (length = C bytes)
$Vector3D_Top4 will be placed at 802215E8 (length = C bytes)
$Vector3D_Top3 will be placed at 80225258 (length = C bytes)
$Vector3D_Top2 will be placed at 80231B34 (length = C bytes)
$Vector3D_Top1 will be placed at 80231F14 (length = C bytes)
$DefenseTable_80223B3C_BS will be placed at 80231F94 (length = C bytes)
$Script_Idle_Buzzatrice will be placed at 8021A0E8 (length = 8 bytes)
$Script_BeforeBattle_Pit will be placed at 80232028 (length = 8 bytes)
$Script_Idle_80223EEC_BS will be placed at 80232494 (length = 8 bytes)
$Script_AfterBattle_Pit will be placed at 80232C6C (length = 8 bytes)
$ASCII_"kpa_tex"_Literal will be placed at 8022B124 (length = 8 bytes)
Overwriting pointer to deleted struct $SJIS_80232C54
Overwriting pointer to deleted struct $SJIS_80232C48
Overwriting pointer to deleted struct $SJIS_80232C3C
Overwriting pointer to deleted struct $SJIS_80232C30
Overwriting pointer to deleted struct $SJIS_80232C24
Overwriting pointer to deleted struct $SJIS_80232C04
Overwriting pointer to deleted struct $SJIS_80232BE0
Overwriting pointer to deleted struct $SJIS_80232BC8
Overwriting pointer to deleted struct $SJIS_80232BAC
Overwriting pointer to deleted struct $SJIS_80232B88
Overwriting pointer to deleted struct $SJIS_80232B5C
Overwriting pointer to deleted struct $SJIS_80232B40
Changing pointer 80232A20 to 802205BC ($JumpTable_80232A20[0])
Changing pointer 802195D4 to 8021A680 ($Function_80219524[B0])
Changing pointer 802195D4 to 8021A680 ($Function_80219524[B0])
Changing pointer 802195D4 to 8021A680 ($Function_80219524[B0])
Changing pointer 802195D4 to 8021A680 ($Function_80219524[B0])
Changing pointer 802195D4 to 8021A680 ($Function_80219524[B0])
Changing pointer 802195D4 to 8021A680 ($Function_80219524[B0])
Changing pointer 802195D4 to 8021A680 ($Function_80219524[B0])
Changing pointer 8021FD20 to 80233F1C ($Script_TakeTurn_8021FD20[0])
Changing pointer 8022065C to 8021F380 ($DefenseTable_8022065C[0])
Changing pointer 8022065C to 8021F380 ($DefenseTable_8022065C[0])
Changing pointer 80221564 to 802376AC ($Script_TakeTurn_80221564[0])
Changing pointer 802215E8 to 802229B8 ($DefenseTable_802215E8[0])
Changing pointer 802215E8 to 802229B8 ($DefenseTable_802215E8[0])
Changing pointer 802229B8 to 80237960 ($DefenseTable_802229B8[0])
Changing pointer 802229B8 to 80237960 ($DefenseTable_802229B8[0])
Changing pointer 80222FD0 to 8021FAC4 ($Script_TakeTurn_80222FD0[0])
Changing pointer 80223F84 to 80232CA4 ($Script_TakeTurn_80223F84[0])
Changing pointer 80225258 to 802379A8 ($DefenseTable_80225258[0])
Changing pointer 80225258 to 802379A8 ($DefenseTable_80225258[0])
Changing pointer 802259A4 to 80234C74 ($Script_TakeTurn_802259A4[0])
Changing pointer 802194B8 to 802204D0 ($Function_GetPartner[0])
Changing pointer 80219524 to 8021A5D0 ($Function_80219524[0])
Changing pointer 802194B8 to 802204D0 ($Function_GetPartner[0])
Changing pointer 80227A04 to 80223F84 ($Script_HandleEvent_80227A04[0])
Changing pointer 80232540 to 8022B0D0 ($Formation_02[0])
Changing pointer 802326E4 to 8023297C ($Formation_07[0])
Changing pointer 8023271C to 80219564 ($Formation_08[0])
Changing pointer 80219578 to 8021A624 ($Function_80219524[54])
Changing pointer 80219584 to 8021A630 ($Function_80219524[60])
Changing pointer 80219590 to 8021A63C ($Function_80219524[6C])
Changing pointer 8021959C to 8021A648 ($Function_80219524[78])
Changing pointer 802195D4 to 8021A680 ($Function_80219524[B0])
Changing pointer 802195B4 to 8021A660 ($Function_80219524[90])
Changing pointer 802195C0 to 8021A66C ($Function_80219524[9C])
Changing pointer 802195CC to 8021A678 ($Function_80219524[A8])
Changing pointer 802195A8 to 8021A654 ($Function_80219524[84])
Reading patch file: battle/formation/patch/22 Area KPA.bpat
Reading patch file: battle/formation/import/newenemy/DarkMagikoopas.bpat
Creating struct: $Function_802182A8_DMagikoopa
Creating struct: $Function_80218150_DMagikoopa
Creating struct: $BufferredVanish_DarkMagikoopa
Creating struct: $DarkMagikoopa
Creating struct: $DefenseTable_8021E7D0_DMagikoopa
Creating struct: $StatusTable_8021E7E8_DMagikoopa
Creating struct: $PartsTable_8021E940_DMagikoopa
Creating struct: $IdleAnimations_8021EA20_DMagikoopa
Creating struct: $IdleAnimations_8021EA6C_DMagikoopa
Creating struct: $IdleAnimations_8021EAB8_DMagikoopa
Creating struct: $Script_Idle_8021EAC4_DMagikoopa
Creating struct: $Script_RunAway_DMagikoopa
Creating struct: $Script_NextTurn_8021F5C0_DMagikoopa
Creating struct: $Script_Init_8021F610_DMagikoopa
Creating struct: $Script_8021F97C_DMagikoopa
Creating struct: $Script_HandleEvent_8021FBE8_DMagikoopa
Creating struct: $Script_TakeTurn_80225034_DMagikoopa
Creating struct: $Script_HealOne_DMagikoopa
Creating struct: $Script_HealAll_DMagikoopa
Creating struct: $Function_SetGatherMagicColors
Creating struct: $Function_DarkBeam
Creating struct: $Script_ShapeSpell_DMagikoopa
Creating struct: $Script_HandleEvent_8022293C_DMagikoopa
Creating struct: $Script_Init_8022294C_DMagikoopa
Creating struct: $Script_Init_80222988_DMagikoopa
Creating struct: $DefenseTable_802229C4_DMagikoopa
Creating struct: $DefenseTable_802229D0_DMagikoopa
Creating struct: $StatusTable_802229DC_DMagikoopa
Creating struct: $StatusTable_80222A88_DMagikoopa
Creating struct: $PartsTable_80222B34_DMagikoopa
Creating struct: $PartsTable_80222B58_DMagikoopa
Creating struct: $Magiclone_DMagikoopa
Creating struct: $FlyingMagiclone_DMagikoopa
Creating struct: $Vector3D_80222BCC_DMagikoopa
Creating struct: $SpecialFormation_80222BD8_DMagikoopa
Creating struct: $SpecialFormation_80222BF4_DMagikoopa
Creating struct: $Script_MakeCopy_DMagikoopa
Creating struct: $Script_BoostAttack_DMagikoopa
Creating struct: $Script_BoostDefense_DMagikoopa
Creating struct: $Script_Electrify_DMagikoopa
Creating struct: $Script_Vanish_DMagikoopa
Creating struct: $Script_80222654_DMagikoopa
Creating struct: $DarkMagikoopaFlying
Creating struct: $Function_80218438_DMagikoopa
Creating struct: $Function_80218464_DMagikoopa
Creating struct: $Function_80218530_DMagikoopa
Creating struct: $Function_80218588_DMagikoopa
Creating struct: $DefenseTable_8021E7DC_DMagikoopa
Creating struct: $StatusTable_8021E894_DMagikoopa
Creating struct: $PartsTable_8021E964_DMagikoopa
Creating struct: $Script_8021EC94_DMagikoopa
Creating struct: $Script_8021EDA0_DMagikoopa
Creating struct: $Script_Init_8021F7D0_DMagikoopa
Creating struct: $Script_HandleEvent_80220300_DMagikoopa
Reading patch file: battle/formation/import/newenemy/RedBones.bpat
Creating struct: $RedBones
Creating struct: $IdleAnimations_8021CA20_22
Creating struct: $IdleAnimations_8021CA6C_22
Creating struct: $IdleAnimations_8021CA78_22
Creating struct: $DefenseTable_8021CA84_22
Creating struct: $DefenseTable_8021CAA0_22
Creating struct: $StatusTable_8021CABC_22
Creating struct: $StatusTable_8021CB68_22
Creating struct: $PartsTable_8021CC14_22
Creating struct: $Script_Init_8021CC84_22
Creating struct: $Script_NextTurn_8021CCFC_22
Creating struct: $Script_Idle_8021CF2C_22
Creating struct: $Script_8021D0E8_22
Creating struct: $Script_HandleEvent_8021D404_22
Creating struct: $Script_8021DAC4_22
Creating struct: $Script_TakeTurn_8021DB48_22
Reading patch file: battle/formation/import/newenemy/PractitionerGuy.bpat
Creating struct: $PractitionerGuy
Creating struct: $Function_802184E0_10
Creating struct: $Function_802185AC_10
Creating struct: $IdleAnimations_PractitionerGuy
Creating struct: $DefenseTable_PractitionerGuy
Creating struct: $StatusTable_PractitionerGuy
Creating struct: $PartsTable_PractitionerGuy
Creating struct: $Script_Init_PractitionerGuy
Creating struct: $Script_Idle_PractitionerGuy
Creating struct: $Script_8022371C_10
Creating struct: $Script_HandleEvent_PractitionerGuy
Creating struct: $Script_FlyingAttack_Practitioner
Creating struct: $Script_HealOneAlly_Practitioner
Creating struct: $Script_HealAll_Practitioner
Creating struct: $Script_RunAway_PractitonerGuy
Creating struct: $Script_TakeTurn_PractitionerGuy
Creating struct: $Script_DoHeal_Practitioner
Reading patch for $Script_HealOneAlly_Practitioner
Reading patch file: battle/formation/import/newenemy/EmberGuy.bpat
Creating struct: $EmberGuy
Creating struct: $Function_80218EE0_EmberGuy
Creating struct: $IdleAnimations_8022CB00_EmberGuy
Creating struct: $DefenseTable_8022CB4C_EmberGuy
Creating struct: $StatusTable_8022CB88_EmberGuy
Creating struct: $PartsTable_8022CC34_EmberGuy
Creating struct: $Script_Init_8022CC80_EmberGuy
Creating struct: $Script_Idle_8022CCCC_EmberGuy
Creating struct: $Script_8022CDDC_EmberGuy
Creating struct: $Boost
Creating struct: $Script_HandleEvent_8022CE60_EmberGuy
Creating struct: $Script_TakeTurn_EmberGuy
Reading patch file: battle/formation/import/newenemy/BloodyBeetle.bpat
Creating struct: $BloodyBeetle
Creating struct: $Function_80218000_BloodyBeetle
Creating struct: $IdleAnimations_BloodyBeetle_Normal
Creating struct: $IdleAnimations_BloodyBeetle_Spiky
Creating struct: $IdleAnimations_BloodyBeetle_Flipped
Creating struct: $IdleAnimations_BloodyBeetle_SpikyFlipped
Creating struct: $DefenseTable_80218960_BloodyBeetle
Creating struct: $DefenseTable_8021896C_BloodyBeetle
Creating struct: $StatusTable_80218978_BloodyBeetle
Creating struct: $PartsTable_80218A24_BloodyBeetle
Creating struct: $Script_Init_80218A70_BloodyBeetle
Creating struct: $Script_Idle_80218D6C_BloodyBeetle
Creating struct: $Script_HandleEvent_80218D7C_BloodyBeetle
Creating struct: $Script_80218EE8_BloodyBeetle
Creating struct: $Script_TakeTurn_80219110_BloodyBeetle
Creating struct: $IntTable_802191AC_BloodyBeetle
Creating struct: $Script_802191FC_BloodyBeetle
Creating struct: $Script_Tackle_BloodyBeetle
Creating struct: $Script_8021A060_BloodyBeetle
Creating struct: $Script_Tackle_Spikes_BloodyBeetle
Creating struct: $Script_8021BA6C_BloodyBeetle
Creating struct: $Script_FlipOver_BloodyBeetle
Creating struct: $Script_8021C234_BloodyBeetle
Creating struct: $Script_FlipOver_Spikes_BloodyBeetle
Reading patch file: battle/formation/import/newenemy/GoldKoopatrol.bpat
Creating struct: $GoldKoopatrol
Creating struct: $Function_802180D0_GK
Creating struct: $Function_8021819C_GK
Creating struct: $IdleAnimations_GoldKoopatrol
Creating struct: $IdleAnimations_GoldKoopatrolWalking
Creating struct: $IdleAnimations_GoldKoopatrolFlipped
Creating struct: $IdleAnimations_GoldKoopatrolCharged
Creating struct: $DefenseTable_GoldKoopatrol
Creating struct: $DefenseTable_GoldKoopatrolFlipped
Creating struct: $DefenseTable_GoldKoopatrolCharged
Creating struct: $StatusTable_GoldKoopatrol
Creating struct: $StatusTable_GoldKoopatrolCharged
Creating struct: $PartsTable_GoldKoopatrol
Creating struct: $GoldKoopatrolSummoned
Creating struct: $Script_Init_GoldKoopatrol
Creating struct: $Script_NextTurn_GoldKoopatrol
Creating struct: $Script_802207D4_GK
Creating struct: $Script_Idle_GoldKoopatrol
Creating struct: $IntTable_80220E1C_GK
Creating struct: $Script_HandleEvent_GoldKoopatrol
Creating struct: $Script_ShellToss_GK
Creating struct: $Script_SuperShellToss_GK
Creating struct: $Script_TakeTurn_GoldKoopatrol
Reading patch for $HammerBros
Reading patch for $Script_Init_8021E6A0
Reading patch for $Script_TakeTurn_8022028C
Creating struct: $Script_NextTurn_HammerBros
Reading patch for $Script_8021ED74
Reading patch for $Script_8021FA30
Reading patch for $Koopatrol
Reading patch for $DefenseTable_80220450
Reading patch for $DefenseTable_80220464
Reading patch for $DefenseTable_80220470
Reading patch for $StatusTable_80220484
Reading patch for $Script_ShellToss
Reading patch for $Script_SuperShellToss
Reading patch for $Ember
Reading patch for $DefenseTable_8022C810
Reading patch for $StatusTable_8022C834
Reading patch for $Script_Split
Reading patch for $Script_TakeTurn_8022EDE4
Reading patch for $Script_8022D9C4
Reading patch for $Script_8022E728
Reading patch for $Script_8022E1B4
Reading patch for $Script_802207D4
Reading patch for $Formation_00
Reading patch for $Formation_01
Reading patch for $Formation_02
Reading patch for $Formation_03
Reading patch for $Formation_04
Reading patch for $Formation_05
Reading patch for $Formation_06
Reading patch for $Formation_07
Reading patch for $Formation_08
Reading patch for $Formation_09
Reading patch for $Formation_0A
Reading patch for $Formation_0B
Reading patch for $Formation_0C
Reading patch for $Formation_0D
Reading patch for $Formation_0E
Reading patch for $Formation_0F
Reading patch for $Formation_10
Reading patch for $Formation_11
Reading patch for $Formation_12
Reading patch for $Formation_13
Reading patch for $Formation_14
Reading patch for $Formation_15
Reading patch for $Formation_16
Reading patch for $Formation_17
Reading patch for $Formation_18
Reading patch for $Formation_19
Reading patch for $Formation_1A
Reading patch for $Formation_1B
Reading patch for $Formation_1C
Reading patch for $Formation_1D
Reading patch for $Formation_1E
Reading patch for $Formation_1F
Reading patch for $Formation_20
Reading patch for $Formation_21
Reading patch for $Formation_22
Reading patch for $Formation_23
Reading patch for $Formation_24
Reading patch for $Formation_25
Reading patch for $Formation_26
Reading patch for $Formation_27
Reading patch for $Formation_28
Reading patch for $Formation_29
Reading patch for $Formation_2A
Reading patch for $Formation_2B
Reading patch for $Formation_2C
Reading patch for $Formation_2D
Reading patch for $Formation_2E
Reading patch for $Formation_2F
Reading patch for $Formation_30
Reading patch for $Formation_31
Reading patch for $Formation_32
Reading patch for $Formation_33
Reading patch for $Formation_34
Reading patch for $Formation_35
Reading patch for $Formation_36
Reading patch for $Formation_37
Creating struct: $Formation_38
Reading patch for $FormationTable
Creating struct: $Formation_39
Creating struct: $Formation_3A
Creating struct: $Formation_3B
Creating struct: $Formation_3C
Creating struct: $Formation_3D
Creating struct: $Formation_3E
Creating struct: $Formation_3F
Reading patch for $StageTable
Creating struct: $Stage_Pit1
Creating struct: $Script_BeforeBattle_Pit
Creating struct: $Script_AfterBattle_Pit
Merged 186 regions to 29
$Script_Tackle_Spikes_BloodyBeetle will be placed at 802327CC (length = E74 bytes)
$Script_ShapeSpell_DMagikoopa will be placed at 80218830 (length = DCC bytes)
$Script_HandleEvent_GoldKoopatrol will be placed at 80224F14 (length = D3C bytes)
$Script_TakeTurn_80225034_DMagikoopa will be placed at 80233640 (length = CE4 bytes)
$Script_ShellToss_GK will be placed at 802195FC (length = C44 bytes)
$Script_SuperShellToss_GK will be placed at 80225C50 (length = BDC bytes)
$Script_TakeTurn_8021DB48_22 will be placed at 80234324 (length = B4C bytes)
$Script_Tackle_BloodyBeetle will be placed at 8021A240 (length = 810 bytes)
$Script_HandleEvent_80220300_DMagikoopa will be placed at 80218000 (length = 640 bytes)
$Script_FlyingAttack_Practitioner will be placed at 8022682C (length = 63C bytes)
$Script_8021A060_BloodyBeetle will be placed at 80234E70 (length = 600 bytes)
$Script_Electrify_DMagikoopa will be placed at 80232180 (length = 5BC bytes)
$Script_BoostDefense_DMagikoopa will be placed at 8021AA50 (length = 58C bytes)
$Script_BoostAttack_DMagikoopa will be placed at 80226E68 (length = 58C bytes)
$Script_Vanish_DMagikoopa will be placed at 80235470 (length = 58C bytes)
$Script_TakeTurn_EmberGuy will be placed at 8021AFDC (length = 578 bytes)
$Script_802191FC_BloodyBeetle will be placed at 802273F4 (length = 568 bytes)
$Script_MakeCopy_DMagikoopa will be placed at 802359FC (length = 550 bytes)
$Script_HandleEvent_8021FBE8_DMagikoopa will be placed at 8021B554 (length = 540 bytes)
$Script_Idle_GoldKoopatrol will be placed at 8022795C (length = 530 bytes)
$Script_HealAll_DMagikoopa will be placed at 80235F4C (length = 518 bytes)
$FormationTable will be placed at 8021BA94 (length = 514 bytes)
$Script_HandleEvent_8021D404_22 will be placed at 80231A64 (length = 4E0 bytes)
$Script_8021EDA0_DMagikoopa will be placed at 80227E8C (length = 4D8 bytes)
$Script_HealOne_DMagikoopa will be placed at 80236464 (length = 450 bytes)
$Script_HandleEvent_PractitionerGuy will be placed at 8022EBB0 (length = 414 bytes)
$Script_TakeTurn_GoldKoopatrol will be placed at 8021BFA8 (length = 3E4 bytes)
$Script_8021C234_BloodyBeetle will be placed at 80228364 (length = 3C4 bytes)
$Script_8021BA6C_BloodyBeetle will be placed at 802368B4 (length = 3C0 bytes)
$Script_HandleEvent_8022CE60_EmberGuy will be placed at 8021C38C (length = 39C bytes)
$Script_HealAll_Practitioner will be placed at 8022381C (length = 298 bytes)
$Script_Init_80218A70_BloodyBeetle will be placed at 80222B28 (length = 270 bytes)
$Script_8021D0E8_22 will be placed at 80228728 (length = 258 bytes)
$Script_HealOneAlly_Practitioner will be placed at 80236C74 (length = 254 bytes)
$Script_TakeTurn_8022EDE4 will be placed at 8021C728 (length = 250 bytes)
$Script_FlipOver_Spikes_BloodyBeetle will be placed at 80228980 (length = 228 bytes)
$Script_TakeTurn_PractitionerGuy will be placed at 80236EC8 (length = 220 bytes)
$Script_FlipOver_BloodyBeetle will be placed at 8021C978 (length = 210 bytes)
$Script_80222654_DMagikoopa will be placed at 80228BA8 (length = 20C bytes)
$Script_8021F97C_DMagikoopa will be placed at 802200B8 (length = 1D4 bytes)
$Script_RunAway_PractitonerGuy will be placed at 802370E8 (length = 1A8 bytes)
$Script_RunAway_DMagikoopa will be placed at 8021CB88 (length = 1A8 bytes)
$Script_80218EE8_BloodyBeetle will be placed at 80228DB4 (length = 19C bytes)
$Script_NextTurn_8021CCFC_22 will be placed at 80237290 (length = 194 bytes)
$Function_802182A8_DMagikoopa will be placed at 8021CD30 (length = 190 bytes)
$Script_Init_8021F610_DMagikoopa will be placed at 80228F50 (length = 168 bytes)
$Script_Idle_8021EAC4_DMagikoopa will be placed at 80237424 (length = 160 bytes)
$Script_802207D4_GK will be placed at 8021CEC0 (length = 160 bytes)
$Script_Init_8021F7D0_DMagikoopa will be placed at 802290B8 (length = 158 bytes)
$Function_80218150_DMagikoopa will be placed at 80237584 (length = 158 bytes)
$Script_Idle_8021CF2C_22 will be placed at 8021D020 (length = 150 bytes)
$Script_Init_GoldKoopatrol will be placed at 80229210 (length = 114 bytes)
$Function_802185AC_10 will be placed at 802376DC (length = 110 bytes)
$Script_HandleEvent_80218D7C_BloodyBeetle will be placed at 8021D170 (length = 108 bytes)
$Script_Idle_PractitionerGuy will be placed at 8022E63C (length = D4 bytes)
$Script_Idle_8022CCCC_EmberGuy will be placed at 80229324 (length = D4 bytes)
$Function_80218000_BloodyBeetle will be placed at 802377EC (length = CC bytes)
$Function_80218EE0_EmberGuy will be placed at 8021D278 (length = CC bytes)
$Function_80218464_DMagikoopa will be placed at 802293F8 (length = CC bytes)
$Function_802184E0_10 will be placed at 802378B8 (length = CC bytes)
$Function_802180D0_GK will be placed at 8021D344 (length = CC bytes)
$Function_80218588_DMagikoopa will be placed at 802294C4 (length = C4 bytes)
$Script_8021EC94_DMagikoopa will be placed at 80218640 (length = B8 bytes)
$BufferredVanish_DarkMagikoopa will be placed at 80237984 (length = B0 bytes)
$StatusTable_8021CABC_22 will be placed at 8021D410 (length = AC bytes)
$StatusTable_802229DC_DMagikoopa will be placed at 80229588 (length = AC bytes)
$StatusTable_80222A88_DMagikoopa will be placed at 80237A34 (length = AC bytes)
$Boost will be placed at 8021D4BC (length = AC bytes)
$StatusTable_8021E894_DMagikoopa will be placed at 80229634 (length = AC bytes)
$StatusTable_GoldKoopatrol will be placed at 80237AE0 (length = AC bytes)
$StatusTable_8021CB68_22 will be placed at 8021D568 (length = AC bytes)
$StatusTable_8022CB88_EmberGuy will be placed at 802296E0 (length = AC bytes)
$StatusTable_80218978_BloodyBeetle will be placed at 80237B8C (length = AC bytes)
$StatusTable_8021E7E8_DMagikoopa will be placed at 8021D614 (length = AC bytes)
$StatusTable_PractitionerGuy will be placed at 8022978C (length = AC bytes)
$StatusTable_GoldKoopatrolCharged will be placed at 80237C38 (length = 9C bytes)
$Script_8022371C_10 will be placed at 8021D6C0 (length = 9C bytes)
$Script_TakeTurn_80219110_BloodyBeetle will be placed at 80229838 (length = 8C bytes)
$Script_Init_PractitionerGuy will be placed at 80237CD4 (length = 80 bytes)
$StageTable will be placed at 8021D75C (length = 80 bytes)
$Formation_3C will be placed at 802298C4 (length = 70 bytes)
$Formation_3D will be placed at 80237D54 (length = 70 bytes)
$Formation_3B will be placed at 8021D7DC (length = 70 bytes)
$Formation_3E will be placed at 80229934 (length = 70 bytes)
$Formation_3F will be placed at 80237DC4 (length = 70 bytes)
$Function_SetGatherMagicColors will be placed at 8021D84C (length = 6C bytes)
$PartsTable_8021E964_DMagikoopa will be placed at 802299A4 (length = 6C bytes)
$Function_DarkBeam will be placed at 80237E34 (length = 6C bytes)
$Script_8022CDDC_EmberGuy will be placed at 8021D8B8 (length = 64 bytes)
$Script_8021DAC4_22 will be placed at 80229A10 (length = 60 bytes)
$Script_DoHeal_Practitioner will be placed at 80237EA0 (length = 60 bytes)
$Script_Init_8021CC84_22 will be placed at 8021D91C (length = 5C bytes)
$Script_NextTurn_HammerBros will be placed at 80229A70 (length = 5C bytes)
$IntTable_80220E1C_GK will be placed at 80220934 (length = 58 bytes)
$Function_80218530_DMagikoopa will be placed at 80237F00 (length = 58 bytes)
$Function_8021819C_GK will be placed at 8021D978 (length = 58 bytes)
$Formation_39 will be placed at 80229ACC (length = 54 bytes)
$Formation_3A will be placed at 80237F58 (length = 54 bytes)
$IntTable_802191AC_BloodyBeetle will be placed at 8021D9D0 (length = 50 bytes)
$IdleAnimations_BloodyBeetle_Spiky will be placed at 80229B20 (length = 4C bytes)
$IdleAnimations_BloodyBeetle_Flipped will be placed at 80237FAC (length = 4C bytes)
$IdleAnimations_GoldKoopatrol will be placed at 8021DA20 (length = 4C bytes)
$IdleAnimations_8021EA20_DMagikoopa will be placed at 80229B6C (length = 4C bytes)
$IdleAnimations_8021CA20_22 will be placed at 8021DA6C (length = 4C bytes)
$IdleAnimations_GoldKoopatrolCharged will be placed at 80229BB8 (length = 4C bytes)
$IdleAnimations_BloodyBeetle_Normal will be placed at 8021DAB8 (length = 4C bytes)
$IdleAnimations_GoldKoopatrolFlipped will be placed at 80229C04 (length = 4C bytes)
$Script_Init_8022CC80_EmberGuy will be placed at 8021DB04 (length = 4C bytes)
$IdleAnimations_BloodyBeetle_SpikyFlipped will be placed at 80229C50 (length = 4C bytes)
$IdleAnimations_8022CB00_EmberGuy will be placed at 8021DB50 (length = 4C bytes)
$IdleAnimations_GoldKoopatrolWalking will be placed at 80229C9C (length = 4C bytes)
$IdleAnimations_PractitionerGuy will be placed at 8021DB9C (length = 4C bytes)
$IdleAnimations_8021EA6C_DMagikoopa will be placed at 80229CE8 (length = 4C bytes)
$Script_NextTurn_GoldKoopatrol will be placed at 8021DBE8 (length = 48 bytes)
$PartsTable_8021CC14_22 will be placed at 80229D34 (length = 48 bytes)
$Script_NextTurn_8021F5C0_DMagikoopa will be placed at 8021DC30 (length = 3C bytes)
$Script_Init_80222988_DMagikoopa will be placed at 802202F0 (length = 2C bytes)
$Script_Init_8022294C_DMagikoopa will be placed at 80229D7C (length = 2C bytes)
$DefenseTable_8022C810 will be placed at 8021DC6C (length = 2C bytes)
$Function_80218438_DMagikoopa will be placed at 80229DA8 (length = 2C bytes)
$Magiclone_DMagikoopa will be placed at 80223AB4 (length = 28 bytes)
$Stage_Pit1 will be placed at 8021DC98 (length = 28 bytes)
$GoldKoopatrol will be placed at 80229DD4 (length = 28 bytes)
$BloodyBeetle will be placed at 8021DCC0 (length = 28 bytes)
$RedBones will be placed at 80229DFC (length = 28 bytes)
$EmberGuy will be placed at 8021DCE8 (length = 28 bytes)
$FlyingMagiclone_DMagikoopa will be placed at 80229E24 (length = 28 bytes)
$DarkMagikoopa will be placed at 8021DD10 (length = 28 bytes)
$DarkMagikoopaFlying will be placed at 80229E4C (length = 28 bytes)
$GoldKoopatrolSummoned will be placed at 8021DD38 (length = 28 bytes)
$PractitionerGuy will be placed at 80229E74 (length = 28 bytes)
$DefenseTable_8022CB4C_EmberGuy will be placed at 8021DD60 (length = 24 bytes)
$PartsTable_80222B34_DMagikoopa will be placed at 80229E9C (length = 24 bytes)
$PartsTable_80222B58_DMagikoopa will be placed at 8021DD84 (length = 24 bytes)
$PartsTable_GoldKoopatrol will be placed at 80229EC0 (length = 24 bytes)
$PartsTable_8021E940_DMagikoopa will be placed at 8021DDA8 (length = 24 bytes)
$PartsTable_80218A24_BloodyBeetle will be placed at 80229EE4 (length = 24 bytes)
$PartsTable_8022CC34_EmberGuy will be placed at 8021DDCC (length = 24 bytes)
$PartsTable_PractitionerGuy will be placed at 80229F08 (length = 24 bytes)
$SpecialFormation_80222BF4_DMagikoopa will be placed at 8023273C (length = 1C bytes)
$Formation_38 will be placed at 8022EFC4 (length = 1C bytes)
$DefenseTable_PractitionerGuy will be placed at 80222D98 (length = 1C bytes)
$SpecialFormation_80222BD8_DMagikoopa will be placed at 8021DDF0 (length = 1C bytes)
$DefenseTable_80218960_BloodyBeetle will be placed at 8022E710 (length = 14 bytes)
$DefenseTable_8021CA84_22 will be placed at 80229F2C (length = 14 bytes)
$DefenseTable_GoldKoopatrolCharged will be placed at 8021DE0C (length = 14 bytes)
$DefenseTable_GoldKoopatrol will be placed at 80229F40 (length = 14 bytes)
$DefenseTable_GoldKoopatrolFlipped will be placed at 8021DE20 (length = 14 bytes)
$DefenseTable_802229C4_DMagikoopa will be placed at 80229F54 (length = 14 bytes)
$DefenseTable_8021896C_BloodyBeetle will be placed at 8021DE34 (length = 14 bytes)
$DefenseTable_8021E7DC_DMagikoopa will be placed at 80229F68 (length = 14 bytes)
$DefenseTable_8021CAA0_22 will be placed at 8021DE48 (length = 14 bytes)
$ASCII_"pit_b01_shape"_Literal will be placed at 80229F7C (length = 10 bytes)
$IdleAnimations_8021CA6C_22 will be placed at 8022F754 (length = C bytes)
$ASCII_"pit_b01_hit"_Literal will be placed at 8022FC14 (length = C bytes)
$IdleAnimations_8021CA78_22 will be placed at 80230564 (length = C bytes)
$Vector3D_80222BCC_DMagikoopa will be placed at 80230694 (length = C bytes)
$IdleAnimations_8021EAB8_DMagikoopa will be placed at 80231F44 (length = C bytes)
$DefenseTable_8021E7D0_DMagikoopa will be placed at 8021DE5C (length = C bytes)
$ASCII_"pit_08"_Literal will be placed at 80229F8C (length = C bytes)
$DefenseTable_802229D0_DMagikoopa will be placed at 8021DE68 (length = C bytes)
$Script_BeforeBattle_Pit will be placed at 8021E6FC (length = 8 bytes)
$Script_HandleEvent_8022293C_DMagikoopa will be placed at 8022045C (length = 8 bytes)
$Script_AfterBattle_Pit will be placed at 8022047C (length = 8 bytes)
$ASCII_"kpa_tex"_Literal will be placed at 8022FA08 (length = 8 bytes)
$Script_Idle_80218D6C_BloodyBeetle will be placed at 802302B8 (length = 8 bytes)
Overwriting pointer to deleted struct $SJIS_8023274C
Overwriting pointer to deleted struct $SJIS_8023273C
Overwriting pointer to deleted struct $SJIS_80232724
Overwriting pointer to deleted struct $SJIS_8023270C
Overwriting pointer to deleted struct $SJIS_802326F4
Overwriting pointer to deleted struct $SJIS_802326DC
Overwriting pointer to deleted struct $SJIS_802326B4
Overwriting pointer to deleted struct $SJIS_802326A8
Overwriting pointer to deleted struct $SJIS_8023269C
Overwriting pointer to deleted struct $SJIS_80232690
Overwriting pointer to deleted struct $SJIS_8023267C
Overwriting pointer to deleted struct $SJIS_80232668
Overwriting pointer to deleted struct $SJIS_80232654
Overwriting pointer to deleted struct $SJIS_8023263C
Overwriting pointer to deleted struct $SJIS_80232624
Overwriting pointer to deleted struct $SJIS_80232610
Overwriting pointer to deleted struct $SJIS_802325FC
Overwriting pointer to deleted struct $SJIS_802325E4
Overwriting pointer to deleted struct $SJIS_802325C8
Overwriting pointer to deleted struct $SJIS_802325AC
Overwriting pointer to deleted struct $SJIS_8023257C
Overwriting pointer to deleted struct $SJIS_80232554
Overwriting pointer to deleted struct $SJIS_8023252C
Overwriting pointer to deleted struct $SJIS_80232520
Overwriting pointer to deleted struct $SJIS_80232514
Overwriting pointer to deleted struct $SJIS_80232508
Overwriting pointer to deleted struct $SJIS_802324FC
Overwriting pointer to deleted struct $SJIS_802324E4
Overwriting pointer to deleted struct $SJIS_802324B4
Overwriting pointer to deleted struct $SJIS_8023249C
Overwriting pointer to deleted struct $SJIS_80232484
Overwriting pointer to deleted struct $SJIS_80232470
Overwriting pointer to deleted struct $SJIS_80232458
Overwriting pointer to deleted struct $SJIS_80232440
Overwriting pointer to deleted struct $SJIS_80232420
Overwriting pointer to deleted struct $SJIS_8023240C
Overwriting pointer to deleted struct $SJIS_802323E4
Overwriting pointer to deleted struct $SJIS_802323C0
Overwriting pointer to deleted struct $SJIS_802323B4
Overwriting pointer to deleted struct $SJIS_802323A8
Overwriting pointer to deleted struct $SJIS_80232388
Overwriting pointer to deleted struct $SJIS_80232364
Overwriting pointer to deleted struct $SJIS_8023234C
Overwriting pointer to deleted struct $SJIS_80232338
Overwriting pointer to deleted struct $SJIS_80232318
Overwriting pointer to deleted struct $SJIS_802322F8
Overwriting pointer to deleted struct $SJIS_802322D8
Overwriting pointer to deleted struct $SJIS_802322B4
Overwriting pointer to deleted struct $SJIS_8023229C
Overwriting pointer to deleted struct $SJIS_80232284
Overwriting pointer to deleted struct $SJIS_8023224C
Overwriting pointer to deleted struct $SJIS_8023222C
Overwriting pointer to deleted struct $SJIS_80232208
Overwriting pointer to deleted struct $SJIS_802321E8
Overwriting pointer to deleted struct $SJIS_802321B8
Overwriting pointer to deleted struct $SJIS_80232180
Changing pointer 8022C810 to 8021DC6C ($DefenseTable_8022C810[0])
Changing pointer 8022C810 to 8021DC6C ($DefenseTable_8022C810[0])
Changing pointer 8022C810 to 8021DC6C ($DefenseTable_8022C810[0])
Changing pointer 8022C810 to 8021DC6C ($DefenseTable_8022C810[0])
Changing pointer 8022C810 to 8021DC6C ($DefenseTable_8022C810[0])
Changing pointer 8022EDE4 to 8021C728 ($Script_TakeTurn_8022EDE4[0])
Reading patch file: battle/formation/patch/23 Area KPA2.bpat
Reading patch for $Script_IntroClawSwipe
Reading patch for $DefenseTable_8021F214
Reading patch for $DefenseTable_8021F220
Reading patch for $Script_HandleEvent_8021F800
Reading patch for $Script_IntroFireBreath
Reading patch for $Script_TakeTurn_8021FC14
Reading patch for $DefenseTable_80221510
Reading patch for $StatusTable_8022151C
Reading patch for $Bowser1
Reading patch for $Script_Init_802216C0
Reading patch for $Script_TakeTurn_80222B48
Reading patch for $Script_80223E20
Reading patch for $Script_80224570
Reading patch for $Script_80224380
Reading patch for $Script_DisableJump1
Reading patch for $Script_ClawSwipe1
Reading patch for $Script_Shockwave1
Reading patch for $Script_FireBreath1
Reading patch for $Bowser2
Reading patch for $Bowser3
Reading patch for $Script_HandleEvent_80227AD0
Reading patch for $Script_Init_8022D6A0
Reading patch for $Script_NextTurn_8022DAB8
Reading patch for $Script_80229650
Reading patch for $Script_80229DC0
Reading patch for $Script_80229BD0
Reading patch for $Script_DisableJump2
Reading patch for $Script_ClawSwipe2
Reading patch for $Script_Shockwave2
Reading patch for $Script_FireBreath2
Reading patch for $Script_Thunderbolt2
Reading patch for $Script_TakeTurn_8022F2BC
Reading patch for $Script_UseMove3
Reading patch for $Script_80230A2C
Reading patch for $Script_8023083C
Reading patch for $Script_DisableJump3
Reading patch for $Script_Thunderbolt3
Reading patch for $Script_ClawSwipe3
Reading patch for $Script_Shockwave3
Reading patch for $Script_HealSelf3
Reading patch for $Script_FireBreath3
Reading patch for $Script_HandleEvent_8022DF74
Merged 45 regions to 36
$Script_HandleEvent_8022DF74 will be placed at 8022DE58 (length = A0C bytes)
$Script_UseMove3 will be placed at 80230380 (length = 3E0 bytes)
$Script_Init_8022D6A0 will be placed at 80231994 (length = 30C bytes)
$Script_80229BD0 will be placed at 8022D6A0 (length = 230 bytes)
$Script_80224570 will be placed at 80224240 (length = 110 bytes)
$Script_TakeTurn_80222B48 will be placed at 80234908 (length = 60 bytes)
$Script_TakeTurn_8022F2BC will be placed at 80226E98 (length = 60 bytes)
$NewResponse will be placed at 80221810 (length = 2C bytes)
Changing pointer 80222B48 to 80234908 ($Script_TakeTurn_80222B48[0])
Changing pointer 80224570 to 80224240 ($Script_80224570[0])
Changing pointer 80224570 to 80224240 ($Script_80224570[0])
Changing pointer 80224570 to 80224240 ($Script_80224570[0])
Changing pointer 80229BD0 to 8022D6A0 ($Script_80229BD0[0])
Changing pointer 8022D6A0 to 80231994 ($Script_Init_8022D6A0[0])
Changing pointer 8022F2BC to 80226E98 ($Script_TakeTurn_8022F2BC[0])
Changing pointer 8022DF74 to 8022DE58 ($Script_HandleEvent_8022DF74[0])
Changing pointer 8023047C to 80230380 ($Script_UseMove3[0])
Reading patch file: battle/formation/patch/24 Area KPA3.bpat
Reading patch file: battle/formation/import/newenemy/DarkKoopatrol.bpat
Creating struct: $DarkKoopatrol
Creating struct: $Function_802180D0_DK
Creating struct: $Function_8021819C_DK
Creating struct: $IdleAnimations_DarkKoopatrol
Creating struct: $IdleAnimations_DarkKoopatrolWalking
Creating struct: $IdleAnimations_DarkKoopatrolFlipped
Creating struct: $IdleAnimations_DarkKoopatrolCharged
Creating struct: $DefenseTable_DarkKoopatrol
Creating struct: $DefenseTable_DarkKoopatrolFlipped
Creating struct: $DefenseTable_DarkKoopatrolCharged
Creating struct: $StatusTable_DarkKoopatrol
Creating struct: $StatusTable_DarkKoopatrolCharged
Creating struct: $PartsTable_DarkKoopatrol
Creating struct: $Script_Init_DarkKoopatrol
Creating struct: $Script_NextTurn_DarkKoopatrol
Creating struct: $Script_802207D4_DK
Creating struct: $Script_Idle_DarkKoopatrol
Creating struct: $IntTable_80220E1C_DK
Creating struct: $Script_HandleEvent_DarkKoopatrol
Creating struct: $Script_FlipOver_DK
Creating struct: $BoostAttackDarkKoopatrol
Creating struct: $Script_ShellToss_DK
Creating struct: $Script_SuperShellToss_DK
Creating struct: $Script_TakeTurn_DarkKoopatrol
Reading patch file: battle/formation/import/newenemy/RedFuzzy.bpat
Creating struct: $Function_80218000_RF
Creating struct: $Function_802180B4_RF
Creating struct: $DefenseTable_RFuzzy
Creating struct: $StatusTable_RFuzzy
Creating struct: $PartsTable_RFuzzy
Creating struct: $RedFuzzy
Creating struct: $IdleAnimations_RFuzzy
Creating struct: $Script_Init_RFuzzy
Creating struct: $Script_TrySummon_RF
Creating struct: $Script_Idle_RFuzzy
Creating struct: $Script_HandleEvent_RFuzzy
Creating struct: $Script_RF_Summon
Creating struct: $Script_RF_Siphon
Creating struct: $Script_8021A0D4_RF
Creating struct: $Script_8021A45C_RF
Creating struct: $Script_TakeTurn_RFuzzy
Creating struct: $Vector3D_Down
Creating struct: $SpecialFormation_RFuzzy
Creating struct: $RedFuzzySummon
Reading patch for $StatusTable_8021B230
Reading patch for $Duplighost
Reading patch for $Script_Init_8021B328
Reading patch for $Script_HandleEvent_8021B48C
Creating struct: $SpecialFormation_Buzzatrice
Creating struct: $IdleAnimations_Buzzatrice
Creating struct: $DefenseTable_Buzzatrice
Creating struct: $PartsTable_Buzzatrice
Creating struct: $DupliBuzzatrice
Creating struct: $Script_Init_Buzzatrice
Creating struct: $Script_Idle_Buzzatrice
Creating struct: $Script_HandleEvent_Buzzatrice
Creating struct: $Script_DamageCalc
Creating struct: $Script_MagicBlast
Creating struct: $Function_80218200
Creating struct: $Script_MagicBeam
Creating struct: $Function_ChargeCheck
Creating struct: $Function_YellowWaterBeam
Creating struct: $Function_PinkWaterBeam
Creating struct: $Function_CyanWaterBeam
Creating struct: $Script_TakeTurn_Buzzatrice
Reading patch for $GhostGoombario
Reading patch for $GhostKooper
Reading patch for $GhostBombette
Reading patch for $DefenseTable_8022190C
Reading patch for $GhostParakarry
Reading patch for $DefenseTable_80222898
Reading patch for $GhostBow
Reading patch for $DefenseTable_80223C68
Reading patch for $GhostWatt
Reading patch for $GhostSushie
Reading patch for $DefenseTable_80226508
Reading patch for $GhostLakilester
Reading patch for $Function_GetPartner
Reading patch for $Function_802195F4
Reading patch for $JumpTable_80228450
Creating struct: $Function_Vanish
Reading patch for $Script_LungeAttack
Reading patch for $Script_CopyPartner
Reading patch for $Script_TakeTurn_8021F6A4
Reading patch for $Script_HandleEvent_80220984
Reading patch for $Script_TakeTurn_80220FD0
Reading patch for $Script_TakeTurn_80222814
Creating struct: $Script_ShellShot
Reading patch for $Script_Init_802229C0
Reading patch for $Script_TakeTurn_80222FAC
Creating struct: $Script_OuttaSight
Creating struct: $Function_TargetFinder
Creating struct: $Script_FindOuttaSightTarget
Reading patch for $Script_TakeTurn_80224280
Reading patch for $Script_TakeTurn_80225234
Creating struct: $Function_SpinySpawn
Reading patch for $Script_TakeTurn_80226C54
Reading patch for $Formation_00
Creating struct: $Vector3D_Position1
Creating struct: $Vector3D_Position2
Creating struct: $Vector3D_Position3
Creating struct: $Vector3D_Position4
Creating struct: $Vector3D_Position5
Creating struct: $Vector3D_Position6
Creating struct: $Vector3D_Position7
Creating struct: $Vector3D_Position8
Creating struct: $Vector3D_Position9
Creating struct: $Vector3D_Position10
Creating struct: $Vector3D_Position1b
Creating struct: $Vector3D_Position2b
Creating struct: $Vector3D_Position3b
Creating struct: $Vector3D_Position4b
Creating struct: $Vector3D_Position5b
Creating struct: $Vector3D_Position6b
Reading patch for $Formation_01
Creating struct: $Formation_03
Reading patch for $FormationTable
Reading patch for $StageTable
Creating struct: $Stage_Pit1
Creating struct: $Script_BeforeBattle_Pit
Creating struct: $Script_AfterBattle_Pit
Creating struct: $Script_BeforeBattle_8022F5A8
Creating struct: $Script_8022F3D0
Creating struct: $Script_8022F4BC
Creating struct: $Script_AfterBattle_8022F714
Creating struct: $ForegroundModelList_8022F724
Creating struct: $Stage_LavaRoom
Merged 33 regions to 25
$Script_TakeTurn_80225234 will be placed at 802284DC (length = 1278 bytes)
$Script_TakeTurn_80220FD0 will be placed at 80225234 (length = D58 bytes)
$Script_RF_Siphon will be placed at 80229754 (length = D44 bytes)
$Script_HandleEvent_DarkKoopatrol will be placed at 8022A498 (length = D3C bytes)
$Script_SuperShellToss_DK will be placed at 8022B1D4 (length = BF4 bytes)
$Script_TakeTurn_80226C54 will be placed at 8022BDC8 (length = B74 bytes)
$Script_TakeTurn_80224280 will be placed at 80226C54 (length = A0C bytes)
$Script_ShellToss_DK will be placed at 80220D74 (length = 8E8 bytes)
$Script_MagicBeam will be placed at 80224280 (length = 70C bytes)
$Script_HandleEvent_RFuzzy will be placed at 80225F8C (length = 4DC bytes)
$Script_ShellShot will be placed at 8022C93C (length = 45C bytes)
$Script_MagicBlast will be placed at 8022CD98 (length = 450 bytes)
$Script_HandleEvent_Buzzatrice will be placed at 8022D1E8 (length = 434 bytes)
$Script_OuttaSight will be placed at 8022D61C (length = 368 bytes)
$Script_FlipOver_DK will be placed at 8022D984 (length = 360 bytes)
$Script_Idle_DarkKoopatrol will be placed at 8022DCE4 (length = 35C bytes)
$Script_RF_Summon will be placed at 8022E040 (length = 32C bytes)
$Script_8021A0D4_RF will be placed at 8022E36C (length = 27C bytes)
$Script_TakeTurn_DarkKoopatrol will be placed at 802239A8 (length = 240 bytes)
$Script_FindOuttaSightTarget will be placed at 8022165C (length = 17C bytes)
$Script_802207D4_DK will be placed at 8022498C (length = 160 bytes)
$Function_80218200 will be placed at 8022E5E8 (length = 15C bytes)
$Script_8021A45C_RF will be placed at 8022E744 (length = 148 bytes)
$Script_Init_DarkKoopatrol will be placed at 8022E88C (length = 13C bytes)
$Script_BeforeBattle_8022F5A8 will be placed at 8021B880 (length = 10C bytes)
$Function_SpinySpawn will be placed at 8021BE04 (length = E4 bytes)
$Function_802195F4 will be placed at 80220564 (length = D4 bytes)
$Function_802180D0_DK will be placed at 80219588 (length = CC bytes)
$Function_TargetFinder will be placed at 80227660 (length = C4 bytes)
$Function_80218000_RF will be placed at 802217D8 (length = B4 bytes)
$Function_802180B4_RF will be placed at 8022E9C8 (length = B4 bytes)
$Script_8022F4BC will be placed at 8022EA7C (length = B0 bytes)
$Script_8022F3D0 will be placed at 8022EB2C (length = B0 bytes)
$StatusTable_RFuzzy will be placed at 8022EBDC (length = AC bytes)
$StatusTable_DarkKoopatrol will be placed at 8022EC88 (length = AC bytes)
$Formation_01 will be placed at 8022ED34 (length = A8 bytes)
$Script_DamageCalc will be placed at 8022EDDC (length = 9C bytes)
$StatusTable_DarkKoopatrolCharged will be placed at 8022EE78 (length = 9C bytes)
$Function_GetPartner will be placed at 8022EF14 (length = 80 bytes)
$Function_PinkWaterBeam will be placed at 80219654 (length = 6C bytes)
$Script_TakeTurn_80222814 will be placed at 8022EF94 (length = 6C bytes)
$Function_YellowWaterBeam will be placed at 8022F000 (length = 6C bytes)
$Function_CyanWaterBeam will be placed at 8022F06C (length = 6C bytes)
$Script_TakeTurn_Buzzatrice will be placed at 8022F0D8 (length = 68 bytes)
$FormationTable will be placed at 8022839C (length = 64 bytes)
$Function_ChargeCheck will be placed at 80227F10 (length = 60 bytes)
$IntTable_80220E1C_DK will be placed at 8022F140 (length = 58 bytes)
$Script_TakeTurn_RFuzzy will be placed at 8022F198 (length = 58 bytes)
$Function_8021819C_DK will be placed at 8022F1F0 (length = 58 bytes)
$Script_TrySummon_RF will be placed at 8022F248 (length = 58 bytes)
$Script_Init_RFuzzy will be placed at 8022F2A0 (length = 4C bytes)
$IdleAnimations_Buzzatrice will be placed at 8022F2EC (length = 4C bytes)
$IdleAnimations_DarkKoopatrolFlipped will be placed at 8022F338 (length = 4C bytes)
$IdleAnimations_DarkKoopatrol will be placed at 8022F384 (length = 4C bytes)
$IdleAnimations_DarkKoopatrolCharged will be placed at 8022F3D0 (length = 4C bytes)
$IdleAnimations_RFuzzy will be placed at 8022F41C (length = 4C bytes)
$Function_Vanish will be placed at 8022F468 (length = 4C bytes)
$IdleAnimations_DarkKoopatrolWalking will be placed at 8022F4B4 (length = 4C bytes)
$Script_Init_Buzzatrice will be placed at 8022F500 (length = 4C bytes)
$PartsTable_Buzzatrice will be placed at 8022F54C (length = 48 bytes)
$Script_NextTurn_DarkKoopatrol will be placed at 8022F594 (length = 48 bytes)
$BoostAttackDarkKoopatrol will be placed at 802282F4 (length = 38 bytes)
$Formation_03 will be placed at 8021BEE8 (length = 38 bytes)
$Stage_Pit1 will be placed at 8021979C (length = 28 bytes)
$JumpTable_80228450 will be placed at 802284A8 (length = 28 bytes)
$DupliBuzzatrice will be placed at 80228450 (length = 28 bytes)
$DarkKoopatrol will be placed at 80226468 (length = 28 bytes)
$RedFuzzySummon will be placed at 8022F5DC (length = 28 bytes)
$RedFuzzy will be placed at 8022F604 (length = 28 bytes)
$Stage_LavaRoom will be placed at 8022F62C (length = 28 bytes)
$DefenseTable_80223C68 will be placed at 8022F654 (length = 24 bytes)
$PartsTable_DarkKoopatrol will be placed at 8022F678 (length = 24 bytes)
$PartsTable_RFuzzy will be placed at 8022F69C (length = 24 bytes)
$StageTable will be placed at 8022F6C0 (length = 20 bytes)
$SpecialFormation_Buzzatrice will be placed at 80222814 (length = 1C bytes)
$SpecialFormation_RFuzzy will be placed at 8022F6E0 (length = 1C bytes)
$DefenseTable_RFuzzy will be placed at 8022F6FC (length = 1C bytes)
$DefenseTable_Buzzatrice will be placed at 8022F718 (length = 1C bytes)
$DefenseTable_80226508 will be placed at 80223C68 (length = 14 bytes)
$ASCII_"kpa_bt02_shape"_Literal will be placed at 80223BE8 (length = 14 bytes)
$DefenseTable_80222898 will be placed at 8022188C (length = 14 bytes)
$DefenseTable_8022190C will be placed at 8022F734 (length = 14 bytes)
$ASCII_"kpa_bt02_hit"_Literal will be placed at 80224AEC (length = 10 bytes)
$ASCII_"pit_b01_shape"_Literal will be placed at 80227724 (length = 10 bytes)
$DefenseTable_DarkKoopatrol will be placed at 8022190C (length = C bytes)
$Vector3D_Position9 will be placed at 80222898 (length = C bytes)
$Vector3D_Position8 will be placed at 80226508 (length = C bytes)
$Vector3D_Position3 will be placed at 80220638 (length = C bytes)
$Vector3D_Position2 will be placed at 8021BF20 (length = C bytes)
$Vector3D_Position1 will be placed at 8022F748 (length = C bytes)
$Vector3D_Position7 will be placed at 8022F754 (length = C bytes)
$Vector3D_Position6 will be placed at 8022F760 (length = C bytes)
$Vector3D_Position5 will be placed at 8022F76C (length = C bytes)
$Vector3D_Position4 will be placed at 8022F778 (length = C bytes)
$ASCII_"pit_b01_hit"_Literal will be placed at 8022F784 (length = C bytes)
$Vector3D_Down will be placed at 8022F790 (length = C bytes)
$Vector3D_Position4b will be placed at 8022F79C (length = C bytes)
$Vector3D_Position5b will be placed at 8022F7A8 (length = C bytes)
$Vector3D_Position6b will be placed at 8022F7B4 (length = C bytes)
$DefenseTable_DarkKoopatrolFlipped will be placed at 8022F7C0 (length = C bytes)
$Vector3D_Position10 will be placed at 8022F7CC (length = C bytes)
$Vector3D_Position1b will be placed at 8022F7D8 (length = C bytes)
$Vector3D_Position2b will be placed at 8022F7E4 (length = C bytes)
$Vector3D_Position3b will be placed at 8022F7F0 (length = C bytes)
$DefenseTable_DarkKoopatrolCharged will be placed at 8022F7FC (length = C bytes)
$ASCII_"pit_08"_Literal will be placed at 8022F808 (length = C bytes)
$ASCII_"kpa_12"_Literal will be placed at 8022F814 (length = C bytes)
$Script_Idle_Buzzatrice will be placed at 8021B1B8 (length = 8 bytes)
$Script_BeforeBattle_Pit will be placed at 8021B398 (length = 8 bytes)
$Script_AfterBattle_Pit will be placed at 80228478 (length = 8 bytes)
$ASCII_"kpa_tex"_Literal will be placed at 8022F820 (length = 8 bytes)
$Script_Idle_RFuzzy will be placed at 8022F828 (length = 8 bytes)
$ForegroundModelList_8022F724 will be placed at 8022F830 (length = 8 bytes)
$Script_AfterBattle_8022F714 will be placed at 8022F838 (length = 8 bytes)
Overwriting pointer to deleted struct $SJIS_802284C0
Overwriting pointer to deleted struct $SJIS_802284B4
Overwriting pointer to deleted struct $SJIS_802284A8
Changing pointer 80228450 to 802284A8 ($JumpTable_80228450[0])
Changing pointer 802196A4 to 80220614 ($Function_802195F4[B0])
Changing pointer 802196A4 to 80220614 ($Function_802195F4[B0])
Changing pointer 802196A4 to 80220614 ($Function_802195F4[B0])
Changing pointer 802196A4 to 80220614 ($Function_802195F4[B0])
Changing pointer 802196A4 to 80220614 ($Function_802195F4[B0])
Changing pointer 802196A4 to 80220614 ($Function_802195F4[B0])
Changing pointer 802196A4 to 80220614 ($Function_802195F4[B0])
Changing pointer 80220FD0 to 80225234 ($Script_TakeTurn_80220FD0[0])
Changing pointer 8022190C to 8022F734 ($DefenseTable_8022190C[0])
Changing pointer 8022190C to 8022F734 ($DefenseTable_8022190C[0])
Changing pointer 80222814 to 8022EF94 ($Script_TakeTurn_80222814[0])
Changing pointer 80222898 to 8022188C ($DefenseTable_80222898[0])
Changing pointer 80222898 to 8022188C ($DefenseTable_80222898[0])
Changing pointer 80223C68 to 8022F654 ($DefenseTable_80223C68[0])
Changing pointer 80223C68 to 8022F654 ($DefenseTable_80223C68[0])
Changing pointer 80224280 to 80226C54 ($Script_TakeTurn_80224280[0])
Changing pointer 80225234 to 802284DC ($Script_TakeTurn_80225234[0])
Changing pointer 80226508 to 80223C68 ($DefenseTable_80226508[0])
Changing pointer 80226508 to 80223C68 ($DefenseTable_80226508[0])
Changing pointer 80226C54 to 8022BDC8 ($Script_TakeTurn_80226C54[0])
Changing pointer 80219588 to 8022EF14 ($Function_GetPartner[0])
Changing pointer 802195F4 to 80220564 ($Function_802195F4[0])
Changing pointer 80219588 to 8022EF14 ($Function_GetPartner[0])
Changing pointer 802282F4 to 8022ED34 ($Formation_01[0])
Changing pointer 80219648 to 802205B8 ($Function_802195F4[54])
Changing pointer 80219654 to 802205C4 ($Function_802195F4[60])
Changing pointer 80219660 to 802205D0 ($Function_802195F4[6C])
Changing pointer 8021966C to 802205DC ($Function_802195F4[78])
Changing pointer 802196A4 to 80220614 ($Function_802195F4[B0])
Changing pointer 80219684 to 802205F4 ($Function_802195F4[90])
Changing pointer 80219690 to 80220600 ($Function_802195F4[9C])
Changing pointer 8021969C to 8022060C ($Function_802195F4[A8])
Changing pointer 80219678 to 802205E8 ($Function_802195F4[84])
Reading patch file: battle/formation/patch/25 Area KPA4.bpat
Reading patch file: battle/formation/import/newenemy/GoldKoopatrol.bpat
Creating struct: $GoldKoopatrol
Creating struct: $Function_802180D0_GK
Creating struct: $Function_8021819C_GK
Creating struct: $IdleAnimations_GoldKoopatrol
Creating struct: $IdleAnimations_GoldKoopatrolWalking
Creating struct: $IdleAnimations_GoldKoopatrolFlipped
Creating struct: $IdleAnimations_GoldKoopatrolCharged
Creating struct: $DefenseTable_GoldKoopatrol
Creating struct: $DefenseTable_GoldKoopatrolFlipped
Creating struct: $DefenseTable_GoldKoopatrolCharged
Creating struct: $StatusTable_GoldKoopatrol
Creating struct: $StatusTable_GoldKoopatrolCharged
Creating struct: $PartsTable_GoldKoopatrol
Creating struct: $GoldKoopatrolSummoned
Creating struct: $Script_Init_GoldKoopatrol
Creating struct: $Script_NextTurn_GoldKoopatrol
Creating struct: $Script_802207D4_GK
Creating struct: $Script_Idle_GoldKoopatrol
Creating struct: $IntTable_80220E1C_GK
Creating struct: $Script_HandleEvent_GoldKoopatrol
Creating struct: $Script_ShellToss_GK
Creating struct: $Script_SuperShellToss_GK
Creating struct: $Script_TakeTurn_GoldKoopatrol
Reading patch file: battle/formation/import/newenemy/DarkKoopatrol.bpat
Creating struct: $DarkKoopatrol
Creating struct: $Function_802180D0_DK
Creating struct: $Function_8021819C_DK
Creating struct: $IdleAnimations_DarkKoopatrol
Creating struct: $IdleAnimations_DarkKoopatrolWalking
Creating struct: $IdleAnimations_DarkKoopatrolFlipped
Creating struct: $IdleAnimations_DarkKoopatrolCharged
Creating struct: $DefenseTable_DarkKoopatrol
Creating struct: $DefenseTable_DarkKoopatrolFlipped
Creating struct: $DefenseTable_DarkKoopatrolCharged
Creating struct: $StatusTable_DarkKoopatrol
Creating struct: $StatusTable_DarkKoopatrolCharged
Creating struct: $PartsTable_DarkKoopatrol
Creating struct: $Script_Init_DarkKoopatrol
Creating struct: $Script_NextTurn_DarkKoopatrol
Creating struct: $Script_802207D4_DK
Creating struct: $Script_Idle_DarkKoopatrol
Creating struct: $IntTable_80220E1C_DK
Creating struct: $Script_HandleEvent_DarkKoopatrol
Creating struct: $Script_FlipOver_DK
Creating struct: $BoostAttackDarkKoopatrol
Creating struct: $Script_ShellToss_DK
Creating struct: $Script_SuperShellToss_DK
Creating struct: $Script_TakeTurn_DarkKoopatrol
Reading patch file: battle/formation/import/newenemy/RedFuzzy.bpat
Creating struct: $Function_80218000_RF
Creating struct: $Function_802180B4_RF
Creating struct: $DefenseTable_RFuzzy
Creating struct: $StatusTable_RFuzzy
Creating struct: $PartsTable_RFuzzy
Creating struct: $RedFuzzy
Creating struct: $IdleAnimations_RFuzzy
Creating struct: $Script_Init_RFuzzy
Creating struct: $Script_TrySummon_RF
Creating struct: $Script_Idle_RFuzzy
Creating struct: $Script_HandleEvent_RFuzzy
Creating struct: $Script_RF_Summon
Creating struct: $Script_RF_Siphon
Creating struct: $Script_8021A0D4_RF
Creating struct: $Script_8021A45C_RF
Creating struct: $Script_TakeTurn_RFuzzy
Creating struct: $Vector3D_Down
Creating struct: $SpecialFormation_RFuzzy
Creating struct: $RedFuzzySummon
Reading patch file: battle/formation/import/newenemy/DarkMagikoopa.bpat
Creating struct: $Function_802182A8_DMagikoopa
Creating struct: $Function_80218150_DMagikoopa
Creating struct: $Function_80218588_DMagikoopa
Creating struct: $BufferredVanish_DarkMagikoopa
Creating struct: $DarkMagikoopa
Creating struct: $DefenseTable_8021E7D0_DMagikoopa
Creating struct: $StatusTable_8021E7E8_DMagikoopa
Creating struct: $PartsTable_8021E940_DMagikoopa
Creating struct: $IdleAnimations_8021EA20_DMagikoopa
Creating struct: $IdleAnimations_8021EA6C_DMagikoopa
Creating struct: $IdleAnimations_8021EAB8_DMagikoopa
Creating struct: $Script_Idle_8021EAC4_DMagikoopa
Creating struct: $Script_RunAway_DMagikoopa
Creating struct: $Script_NextTurn_8021F5C0_DMagikoopa
Creating struct: $Script_Init_8021F610_DMagikoopa
Creating struct: $Script_8021F97C_DMagikoopa
Creating struct: $Script_HandleEvent_8021FBE8_DMagikoopa
Creating struct: $Script_TakeTurn_80225034_DMagikoopa
Creating struct: $Script_HealOne_DMagikoopa
Creating struct: $Script_HealAll_DMagikoopa
Creating struct: $Function_SetGatherMagicColors
Creating struct: $Function_DarkBeam
Creating struct: $Script_ShapeSpell_DMagikoopa
Creating struct: $Script_HandleEvent_8022293C_DMagikoopa
Creating struct: $Script_Init_8022294C_DMagikoopa
Creating struct: $Script_Init_80222988_DMagikoopa
Creating struct: $DefenseTable_802229C4_DMagikoopa
Creating struct: $DefenseTable_802229D0_DMagikoopa
Creating struct: $StatusTable_802229DC_DMagikoopa
Creating struct: $StatusTable_80222A88_DMagikoopa
Creating struct: $PartsTable_80222B34_DMagikoopa
Creating struct: $PartsTable_80222B58_DMagikoopa
Creating struct: $Magiclone_DMagikoopa
Creating struct: $FlyingMagiclone_DMagikoopa
Creating struct: $Vector3D_80222BCC_DMagikoopa
Creating struct: $SpecialFormation_80222BD8_DMagikoopa
Creating struct: $SpecialFormation_80222BF4_DMagikoopa
Creating struct: $Script_MakeCopy_DMagikoopa
Creating struct: $Script_BoostAttack_DMagikoopa
Creating struct: $Script_BoostDefense_DMagikoopa
Creating struct: $Script_Electrify_DMagikoopa
Creating struct: $Script_Vanish_DMagikoopa
Creating struct: $Script_80222654_DMagikoopa
Reading patch file: battle/formation/import/newenemy/NuclearGuy.bpat
Creating struct: $NuclearGuy
Creating struct: $Function_80218EE0_NG
Creating struct: $IdleAnimations_NuclearGuy
Creating struct: $DefenseTable_NuclearGuy
Creating struct: $StatusTable_NuclearGuy
Creating struct: $PartsTable_NuclearGuy
Creating struct: $Script_Init_NuclearGuy
Creating struct: $Script_Idle_NuclearGuy
Creating struct: $Script_8022CDDC_NG
Creating struct: $Script_HandleEvent_NuclearGuy
Creating struct: $Script_TakeTurn_NuclearGuy
Reading patch for $DefenseTable_80218650
Reading patch for $StatusTable_8021865C
Reading patch for $BombshellBlaster
Reading patch for $Script_TakeTurn_80218B0C
Reading patch for $DefenseTable_80218E10
Reading patch for $PartsTable_80218EC8
Reading patch for $StatusTable_80218E1C
Reading patch for $BombshellBill
Reading patch for $Script_TakeTurn_80219670
Reading patch for $DefenseTable_80219D00
Reading patch for $DefenseTable_80219D14
Reading patch for $DefenseTable_80219D20
Reading patch for $StatusTable_80219D34
Reading patch for $Koopatrol
Reading patch for $Script_ShellToss
Reading patch for $Script_SuperShellToss
Reading patch for $Script_TakeTurn_8021DF34
Reading patch for $Formation_00
Reading patch for $Formation_01
Reading patch for $Formation_03
Reading patch for $Formation_04
Creating struct: $Formation_05
Creating struct: $Formation_06
Creating struct: $Formation_07
Creating struct: $Formation_0B
Creating struct: $Stage_Cave3
Creating struct: $Script_BeforeBattle_NormalCave
Creating struct: $Script_AfterBattle_NormalCave
Reading patch for $StageTable
Creating struct: $Stage_Pit1
Creating struct: $Script_BeforeBattle_Pit
Creating struct: $Script_AfterBattle_Pit
Creating struct: $Formation_08
Creating struct: $Formation_09
Creating struct: $Script_8022F300
Creating struct: $Script_8022F3D0
Creating struct: $Script_8022F4BC
Creating struct: $Script_BeforeBattle_8022F5A8
Creating struct: $Script_AfterBattle_8022F714
Creating struct: $ForegroundModelList_8022F724
Creating struct: $Stage_LavaRoom
Creating struct: $Formation_0A
Reading patch for $FormationTable
Merged 81 regions to 25
$Script_ShapeSpell_DMagikoopa will be placed at 8021E574 (length = E18 bytes)
$Script_RF_Siphon will be placed at 80227D2C (length = D44 bytes)
$Script_HandleEvent_DarkKoopatrol will be placed at 8021F38C (length = D3C bytes)
$Script_HandleEvent_GoldKoopatrol will be placed at 80228A70 (length = D3C bytes)
$Script_TakeTurn_80225034_DMagikoopa will be placed at 802200C8 (length = CE4 bytes)
$Script_ShellToss_GK will be placed at 802297AC (length = C44 bytes)
$Script_SuperShellToss_DK will be placed at 80220DAC (length = BF4 bytes)
$Script_SuperShellToss_GK will be placed at 8022A3F0 (length = BDC bytes)
$Script_ShellToss_DK will be placed at 802219A0 (length = 8E8 bytes)
$Script_Electrify_DMagikoopa will be placed at 8022AFCC (length = 5BC bytes)
$Script_TakeTurn_NuclearGuy will be placed at 80222288 (length = 59C bytes)
$Script_BoostDefense_DMagikoopa will be placed at 8022B588 (length = 58C bytes)
$Script_BoostAttack_DMagikoopa will be placed at 80222824 (length = 58C bytes)
$Script_Vanish_DMagikoopa will be placed at 8022BB14 (length = 58C bytes)
$Script_MakeCopy_DMagikoopa will be placed at 80222DB0 (length = 550 bytes)
$Script_HandleEvent_8021FBE8_DMagikoopa will be placed at 8022C0A0 (length = 540 bytes)
$Script_Idle_GoldKoopatrol will be placed at 80223300 (length = 530 bytes)
$Script_HealAll_DMagikoopa will be placed at 8022C5E0 (length = 518 bytes)
$Script_HandleEvent_RFuzzy will be placed at 80223830 (length = 4DC bytes)
$Script_HealOne_DMagikoopa will be placed at 8022CAF8 (length = 450 bytes)
$Script_TakeTurn_GoldKoopatrol will be placed at 80223D0C (length = 3E4 bytes)
$Script_HandleEvent_NuclearGuy will be placed at 8022CF48 (length = 370 bytes)
$Script_FlipOver_DK will be placed at 802240F0 (length = 360 bytes)
$Script_Idle_DarkKoopatrol will be placed at 8022D2B8 (length = 35C bytes)
$Script_RF_Summon will be placed at 80224450 (length = 32C bytes)
$Script_8021A0D4_RF will be placed at 8021C3D8 (length = 27C bytes)
$Script_TakeTurn_DarkKoopatrol will be placed at 8021D0CC (length = 240 bytes)
$Script_80222654_DMagikoopa will be placed at 8022D614 (length = 20C bytes)
$Script_8021F97C_DMagikoopa will be placed at 8022477C (length = 1D4 bytes)
$Script_RunAway_DMagikoopa will be placed at 8022D820 (length = 1A8 bytes)
$Function_802182A8_DMagikoopa will be placed at 80224950 (length = 190 bytes)
$Script_Init_8021F610_DMagikoopa will be placed at 8022D9C8 (length = 168 bytes)
$Script_Idle_8021EAC4_DMagikoopa will be placed at 80224AE0 (length = 160 bytes)
$Script_802207D4_DK will be placed at 8022DB30 (length = 160 bytes)
$Script_802207D4_GK will be placed at 80224C40 (length = 160 bytes)
$Function_80218150_DMagikoopa will be placed at 8022DC90 (length = 158 bytes)
$Script_8021A45C_RF will be placed at 80224DA0 (length = 148 bytes)
$Script_Init_DarkKoopatrol will be placed at 8022DDE8 (length = 13C bytes)
$Script_Init_GoldKoopatrol will be placed at 80224EE8 (length = 114 bytes)
$Script_BeforeBattle_8022F5A8 will be placed at 8022DF24 (length = 10C bytes)
$FormationTable will be placed at 80224FFC (length = 104 bytes)
$Script_TakeTurn_80218B0C will be placed at 80227910 (length = E0 bytes)
$Script_Idle_NuclearGuy will be placed at 8022E030 (length = D4 bytes)
$Function_80218EE0_NG will be placed at 80225100 (length = CC bytes)
$Function_802180D0_GK will be placed at 8022E104 (length = CC bytes)
$Function_802180D0_DK will be placed at 802251CC (length = CC bytes)
$Function_80218588_DMagikoopa will be placed at 8022E1D0 (length = C4 bytes)
$Function_80218000_RF will be placed at 80218B0C (length = B4 bytes)
$Function_802180B4_RF will be placed at 80225298 (length = B4 bytes)
$Script_8022F4BC will be placed at 8022E294 (length = B0 bytes)
$Script_8022F3D0 will be placed at 8022534C (length = B0 bytes)
$BufferredVanish_DarkMagikoopa will be placed at 8022E344 (length = B0 bytes)
$StatusTable_802229DC_DMagikoopa will be placed at 802253FC (length = AC bytes)
$StatusTable_80222A88_DMagikoopa will be placed at 8022E3F4 (length = AC bytes)
$StatusTable_RFuzzy will be placed at 802254A8 (length = AC bytes)
$StatusTable_DarkKoopatrol will be placed at 8022E4A0 (length = AC bytes)
$StatusTable_NuclearGuy will be placed at 80225554 (length = AC bytes)
$StatusTable_GoldKoopatrol will be placed at 8022E54C (length = AC bytes)
$StatusTable_8021E7E8_DMagikoopa will be placed at 80225600 (length = AC bytes)
$StatusTable_GoldKoopatrolCharged will be placed at 8022E5F8 (length = 9C bytes)
$StatusTable_DarkKoopatrolCharged will be placed at 802256AC (length = 9C bytes)
$Script_8022F300 will be placed at 80227774 (length = 98 bytes)
$StageTable will be placed at 8022E694 (length = 90 bytes)
$Formation_01 will be placed at 80227C30 (length = 70 bytes)
$Formation_08 will be placed at 8021D30C (length = 70 bytes)
$Formation_06 will be placed at 80225748 (length = 70 bytes)
$Function_SetGatherMagicColors will be placed at 8022E724 (length = 6C bytes)
$Function_DarkBeam will be placed at 802257B8 (length = 6C bytes)
$Script_8022CDDC_NG will be placed at 8022E790 (length = 64 bytes)
$Script_TakeTurn_RFuzzy will be placed at 80225824 (length = 58 bytes)
$IntTable_80220E1C_GK will be placed at 8022E7F4 (length = 58 bytes)
$Function_8021819C_DK will be placed at 8022587C (length = 58 bytes)
$Script_TrySummon_RF will be placed at 8022E84C (length = 58 bytes)
$IntTable_80220E1C_DK will be placed at 802258D4 (length = 58 bytes)
$Function_8021819C_GK will be placed at 8022E8A4 (length = 58 bytes)
$Formation_0B will be placed at 8022592C (length = 54 bytes)
$Formation_00 will be placed at 8022E8FC (length = 54 bytes)
$Formation_09 will be placed at 80225980 (length = 54 bytes)
$Formation_07 will be placed at 8022E950 (length = 54 bytes)
$IdleAnimations_DarkKoopatrolFlipped will be placed at 802259D4 (length = 4C bytes)
$IdleAnimations_DarkKoopatrolCharged will be placed at 8022E9A4 (length = 4C bytes)
$IdleAnimations_GoldKoopatrol will be placed at 80225A20 (length = 4C bytes)
$IdleAnimations_8021EA20_DMagikoopa will be placed at 8022E9F0 (length = 4C bytes)
$IdleAnimations_GoldKoopatrolCharged will be placed at 80225A6C (length = 4C bytes)
$IdleAnimations_GoldKoopatrolFlipped will be placed at 8022EA3C (length = 4C bytes)
$Script_Init_RFuzzy will be placed at 80225AB8 (length = 4C bytes)
$IdleAnimations_GoldKoopatrolWalking will be placed at 8022EA88 (length = 4C bytes)
$IdleAnimations_DarkKoopatrol will be placed at 80225B04 (length = 4C bytes)
$IdleAnimations_RFuzzy will be placed at 8022EAD4 (length = 4C bytes)
$IdleAnimations_DarkKoopatrolWalking will be placed at 80225B50 (length = 4C bytes)
$IdleAnimations_NuclearGuy will be placed at 8022EB20 (length = 4C bytes)
$IdleAnimations_8021EA6C_DMagikoopa will be placed at 80225B9C (length = 4C bytes)
$Script_NextTurn_GoldKoopatrol will be placed at 8022EB6C (length = 48 bytes)
$Script_NextTurn_DarkKoopatrol will be placed at 80225BE8 (length = 48 bytes)
$Script_NextTurn_8021F5C0_DMagikoopa will be placed at 8022EBB4 (length = 3C bytes)
$BoostAttackDarkKoopatrol will be placed at 80225C30 (length = 38 bytes)
$Script_Init_NuclearGuy will be placed at 8022EBF0 (length = 38 bytes)
$Script_Init_80222988_DMagikoopa will be placed at 80225C68 (length = 2C bytes)
$Script_Init_8022294C_DMagikoopa will be placed at 8022EC28 (length = 2C bytes)
$Magiclone_DMagikoopa will be placed at 80225C94 (length = 28 bytes)
$Stage_Pit1 will be placed at 8022EC54 (length = 28 bytes)
$Stage_Cave3 will be placed at 80225CBC (length = 28 bytes)
$GoldKoopatrol will be placed at 8022EC7C (length = 28 bytes)
$DarkKoopatrol will be placed at 80225CE4 (length = 28 bytes)
$NuclearGuy will be placed at 8022ECA4 (length = 28 bytes)
$RedFuzzySummon will be placed at 80225D0C (length = 28 bytes)
$RedFuzzy will be placed at 8022ECCC (length = 28 bytes)
$FlyingMagiclone_DMagikoopa will be placed at 80225D34 (length = 28 bytes)
$DarkMagikoopa will be placed at 8022ECF4 (length = 28 bytes)
$GoldKoopatrolSummoned will be placed at 80225D5C (length = 28 bytes)
$Stage_LavaRoom will be placed at 8022ED1C (length = 28 bytes)
$PartsTable_80222B34_DMagikoopa will be placed at 80225D84 (length = 24 bytes)
$PartsTable_NuclearGuy will be placed at 8022ED44 (length = 24 bytes)
$PartsTable_80222B58_DMagikoopa will be placed at 80225DA8 (length = 24 bytes)
$DefenseTable_NuclearGuy will be placed at 8022ED68 (length = 24 bytes)
$PartsTable_GoldKoopatrol will be placed at 80225DCC (length = 24 bytes)
$PartsTable_8021E940_DMagikoopa will be placed at 8022ED8C (length = 24 bytes)
$DefenseTable_80218650 will be placed at 80225DF0 (length = 24 bytes)
$PartsTable_DarkKoopatrol will be placed at 8022EDB0 (length = 24 bytes)
$DefenseTable_80218E10 will be placed at 80225E14 (length = 24 bytes)
$PartsTable_RFuzzy will be placed at 8022EDD4 (length = 24 bytes)
$SpecialFormation_80222BF4_DMagikoopa will be placed at 80227CA0 (length = 1C bytes)
$SpecialFormation_RFuzzy will be placed at 80225E38 (length = 1C bytes)
$DefenseTable_RFuzzy will be placed at 8022EDF8 (length = 1C bytes)
$Formation_0A will be placed at 80225E54 (length = 1C bytes)
$Formation_05 will be placed at 8022EE14 (length = 1C bytes)
$SpecialFormation_80222BD8_DMagikoopa will be placed at 80225E70 (length = 1C bytes)
$DefenseTable_GoldKoopatrolCharged will be placed at 8021C654 (length = 14 bytes)
$Script_BeforeBattle_NormalCave will be placed at 8022EE30 (length = 14 bytes)
$DefenseTable_GoldKoopatrol will be placed at 80225E8C (length = 14 bytes)
$DefenseTable_GoldKoopatrolFlipped will be placed at 8022EE44 (length = 14 bytes)
$Script_AfterBattle_NormalCave will be placed at 80225EA0 (length = 14 bytes)
$DefenseTable_802229C4_DMagikoopa will be placed at 8022EE58 (length = 14 bytes)
$ASCII_"kpa_bt02_shape"_Literal will be placed at 80225EB4 (length = 14 bytes)
$ASCII_"cav_b03_shape"_Literal will be placed at 8021864C (length = 10 bytes)
$ASCII_"pit_b01_shape"_Literal will be placed at 802279F0 (length = 10 bytes)
$ASCII_"kpa_bt02_hit"_Literal will be placed at 8021D37C (length = 10 bytes)
$ASCII_"pit_b01_hit"_Literal will be placed at 80218144 (length = C bytes)
$Vector3D_Down will be placed at 80218E10 (length = C bytes)
$Vector3D_80222BCC_DMagikoopa will be placed at 80219BC4 (length = C bytes)
$ASCII_"cav_06"_Literal will be placed at 80226834 (length = C bytes)
$ASCII_"cav_b03_hit"_Literal will be placed at 80226CF4 (length = C bytes)
$IdleAnimations_8021EAB8_DMagikoopa will be placed at 80227644 (length = C bytes)
$DefenseTable_DarkKoopatrol will be placed at 8022EE6C (length = C bytes)
$ASCII_"kpa_62"_Literal will be placed at 80225EC8 (length = C bytes)
$DefenseTable_DarkKoopatrolFlipped will be placed at 8022EE78 (length = C bytes)
$DefenseTable_8021E7D0_DMagikoopa will be placed at 80225ED4 (length = C bytes)
$DefenseTable_DarkKoopatrolCharged will be placed at 8022EE84 (length = C bytes)
$ASCII_"pit_08"_Literal will be placed at 80225EE0 (length = C bytes)
$DefenseTable_802229D0_DMagikoopa will be placed at 8022EE90 (length = C bytes)
$Script_BeforeBattle_Pit will be placed at 80219D0C (length = 8 bytes)
$Script_HandleEvent_8022293C_DMagikoopa will be placed at 80219D2C (length = 8 bytes)
$Script_AfterBattle_Pit will be placed at 80226AE8 (length = 8 bytes)
$ASCII_"kpa_tex"_Literal will be placed at 80227398 (length = 8 bytes)
$Script_Idle_RFuzzy will be placed at 80218BC0 (length = 8 bytes)
$ForegroundModelList_8022F724 will be placed at 80225EEC (length = 8 bytes)
$Script_AfterBattle_8022F714 will be placed at 8022EE9C (length = 8 bytes)
Overwriting pointer to deleted struct $SJIS_80227CA8
Overwriting pointer to deleted struct $SJIS_80227C94
Overwriting pointer to deleted struct $SJIS_80227C78
Overwriting pointer to deleted struct $SJIS_80227C54
Overwriting pointer to deleted struct $SJIS_80227C30
Overwriting pointer to deleted struct $SJIS_80227C30
Overwriting pointer to deleted struct $SJIS_80227C30
Changing pointer 80218650 to 80225DF0 ($DefenseTable_80218650[0])
Changing pointer 80218B0C to 80227910 ($Script_TakeTurn_80218B0C[0])
Changing pointer 80218E10 to 80225E14 ($DefenseTable_80218E10[0])
Changing pointer 80227780 to 8022E8FC ($Formation_00[0])
Changing pointer 802277B8 to 80227C30 ($Formation_01[0])
Reading patch file: battle/formation/patch/29 Area OMO2_1.bpat
Reading patch for $Script_802348E0
Reading patch for $Script_80233F38
Merged 3 regions to 2
Reading patch file: battle/formation/patch/2A Area OMO2_2.bpat
Reading patch for $Script_80232C94
Reading patch for $Script_TakeTurn_80235830
Creating struct: $Script_ShyGuy_Frontflip
Reading patch for $Script_80234CA8
Merged 4 regions to 2
$Script_ShyGuy_Frontflip will be placed at 80235880 (length = 8C0 bytes)
Reading patch file: battle/formation/patch/2B Area OMO2_3.bpat
Reading patch for $Script_TakeTurn_802357B4
Reading patch for $StatusTable_8023103C
Merged 4 regions to 3
Reading patch file: battle/formation/patch/2C Area OMO2_4.bpat
Reading patch for $ShyGuy
Merged 2 regions to 1
Reading patch file: battle/formation/patch/2D Area OMO2_5.bpat
Reading patch for $Script_80234624
Reading patch for $Script_8023392C
Merged 3 regions to 2
Reading patch file: battle/formation/patch/2F General Guy Bonus.bpat
Reading patch file: battle/formation/import/newenemy/AntiGuy.bpat
Creating struct: $AntiGuy
Creating struct: $Function_80218410
Creating struct: $DefenseTable_80221910_10
Creating struct: $StatusTable_8022191C_10
Creating struct: $PartsTable_802219C8_10
Creating struct: $IdleAnimations_80221A14_10
Creating struct: $Script_Init_80221A60_10
Creating struct: $Script_Idle_80221AAC_10
Creating struct: $Script_80221BBC_AntiGuy
Creating struct: $Script_HandleEvent_80221C20_10
Creating struct: $Script_802220FC_10
Creating struct: $Script_Backflip_10
Creating struct: $Script_AntiGuy_FrontFlip
Creating struct: $Script_AntiGuy_TripleFlip
Creating struct: $Script_TakeTurn_802233AC_10
Reading patch file: battle/formation/import/newenemy/PractitionerGuy.bpat
Creating struct: $PractitionerGuy
Creating struct: $Function_802184E0_10
Creating struct: $Function_802185AC_10
Creating struct: $IdleAnimations_PractitionerGuy
Creating struct: $DefenseTable_PractitionerGuy
Creating struct: $StatusTable_PractitionerGuy
Creating struct: $PartsTable_PractitionerGuy
Creating struct: $Script_Init_PractitionerGuy
Creating struct: $Script_Idle_PractitionerGuy
Creating struct: $Script_8022371C_10
Creating struct: $Script_HandleEvent_PractitionerGuy
Creating struct: $Script_FlyingAttack_Practitioner
Creating struct: $Script_HealOneAlly_Practitioner
Creating struct: $Script_HealAll_Practitioner
Creating struct: $Script_RunAway_PractitonerGuy
Creating struct: $Script_TakeTurn_PractitionerGuy
Creating struct: $Script_DoHeal_Practitioner
Reading patch for $Script_HealOneAlly_Practitioner
Reading patch file: battle/formation/import/newenemy/EmberGuy.bpat
Creating struct: $EmberGuy
Creating struct: $Function_80218EE0_EmberGuy
Creating struct: $IdleAnimations_8022CB00_EmberGuy
Creating struct: $DefenseTable_8022CB4C_EmberGuy
Creating struct: $StatusTable_8022CB88_EmberGuy
Creating struct: $PartsTable_8022CC34_EmberGuy
Creating struct: $Script_Init_8022CC80_EmberGuy
Creating struct: $Script_Idle_8022CCCC_EmberGuy
Creating struct: $Script_8022CDDC_EmberGuy
Creating struct: $Boost
Creating struct: $Script_HandleEvent_8022CE60_EmberGuy
Creating struct: $Script_TakeTurn_EmberGuy
Creating struct: $Script_Die
Reading patch for $Script_HandleEvent_80221C20_10
Merged 1 regions to 1
$Script_AntiGuy_FrontFlip will be placed at 80231000 (length = A40 bytes)
$Script_Backflip_10 will be placed at 80231A40 (length = A30 bytes)
$Script_AntiGuy_TripleFlip will be placed at 80232470 (length = 978 bytes)
$Script_FlyingAttack_Practitioner will be placed at 80232DE8 (length = 63C bytes)
$Script_802220FC_10 will be placed at 80233424 (length = 5B8 bytes)
$Script_TakeTurn_EmberGuy will be placed at 802339DC (length = 578 bytes)
$Script_HandleEvent_PractitionerGuy will be placed at 80233F54 (length = 414 bytes)
$Script_HandleEvent_8022CE60_EmberGuy will be placed at 80234368 (length = 39C bytes)
$Script_HandleEvent_80221C20_10 will be placed at 80234704 (length = 36C bytes)
$Script_HealAll_Practitioner will be placed at 80234A70 (length = 298 bytes)
$Script_HealOneAlly_Practitioner will be placed at 80234D08 (length = 254 bytes)
$Script_TakeTurn_PractitionerGuy will be placed at 80234F5C (length = 220 bytes)
$Script_RunAway_PractitonerGuy will be placed at 8023517C (length = 1A8 bytes)
$Script_TakeTurn_802233AC_10 will be placed at 80235324 (length = 13C bytes)
$Function_802185AC_10 will be placed at 80235460 (length = 110 bytes)
$Script_Idle_80221AAC_10 will be placed at 80235570 (length = D4 bytes)
$Script_Idle_8022CCCC_EmberGuy will be placed at 80235644 (length = D4 bytes)
$Script_Idle_PractitionerGuy will be placed at 80235718 (length = D4 bytes)
$Function_80218410 will be placed at 802357EC (length = CC bytes)
$Function_802184E0_10 will be placed at 802358B8 (length = CC bytes)
$Function_80218EE0_EmberGuy will be placed at 80235984 (length = CC bytes)
$StatusTable_PractitionerGuy will be placed at 80235A50 (length = AC bytes)
$Boost will be placed at 80235AFC (length = AC bytes)
$StatusTable_8022CB88_EmberGuy will be placed at 80235BA8 (length = AC bytes)
$StatusTable_8022191C_10 will be placed at 80235C54 (length = AC bytes)
$Script_8022371C_10 will be placed at 80235D00 (length = 9C bytes)
$Script_Die will be placed at 80235D9C (length = 84 bytes)
$Script_Init_PractitionerGuy will be placed at 80235E20 (length = 80 bytes)
$Script_8022CDDC_EmberGuy will be placed at 80235EA0 (length = 64 bytes)
$Script_DoHeal_Practitioner will be placed at 80235F04 (length = 60 bytes)
$Script_Init_8022CC80_EmberGuy will be placed at 80235F64 (length = 4C bytes)
$IdleAnimations_PractitionerGuy will be placed at 80235FB0 (length = 4C bytes)
$IdleAnimations_8022CB00_EmberGuy will be placed at 80235FFC (length = 4C bytes)
$IdleAnimations_80221A14_10 will be placed at 80236048 (length = 4C bytes)
$Script_Init_80221A60_10 will be placed at 80236094 (length = 4C bytes)
$Script_80221BBC_AntiGuy will be placed at 802360E0 (length = 48 bytes)
$PractitionerGuy will be placed at 80236128 (length = 28 bytes)
$AntiGuy will be placed at 80236150 (length = 28 bytes)
$EmberGuy will be placed at 80236178 (length = 28 bytes)
$PartsTable_802219C8_10 will be placed at 802361A0 (length = 24 bytes)
$PartsTable_8022CC34_EmberGuy will be placed at 802361C4 (length = 24 bytes)
$PartsTable_PractitionerGuy will be placed at 802361E8 (length = 24 bytes)
$DefenseTable_8022CB4C_EmberGuy will be placed at 8023620C (length = 24 bytes)
$DefenseTable_PractitionerGuy will be placed at 80236230 (length = 1C bytes)
$DefenseTable_80221910_10 will be placed at 8023624C (length = C bytes)
Reading patch file: battle/formation/patch/30 Tubba Refight.bpat
Creating struct: $StatusTable_TubbaRefight_Weak
Creating struct: $StatusTable_TubbaRefight_Medium
Creating struct: $StatusTable_TubbaRefight_Strong
Creating struct: $PartsTable_TubbaRefight
Creating struct: $IdleAnimations_TubbaRefight
Creating struct: $PartsTable_TubbaRefight2
Creating struct: $IdleAnimations_TubbaRefight2
Creating struct: $IdleAnimations_TubbaRefight3
Creating struct: $IdleAnimations_TubbaRefight4
Creating struct: $DefenseTable_TubbaRefight
Creating struct: $TubbaBlubba
Creating struct: $TubbaBlubba2
Creating struct: $Script_Idle_TubbaRefight
Creating struct: $Script_Init_TubbaRefight
Creating struct: $Script_Init_TubbaRefight2
Creating struct: $Script_80225E08_Tubba
Creating struct: $SpookCheck1
Creating struct: $SpookCheck2
Creating struct: $Script_NextTurn
Creating struct: $InstantRegret
Creating struct: $Script_HandleDeath
Creating struct: $Script_HandleEvent_TubbaRefight
Creating struct: $Script_80225FD4_Tubba
Creating struct: $Script_FixAttackBoost
Creating struct: $Script_TakeTurn_TubbaRefight
Creating struct: $HandleAntiZapTap
Creating struct: $Script_JumpAttack
Creating struct: $Script_SmashAttack
Creating struct: $Script_ThrowAttack
Creating struct: $Script_QuakeAttack
Creating struct: $Function_80218360
Creating struct: $StageTable
Creating struct: $Script_BeforeBattle_Forest
Creating struct: $Script_AfterBattle_Forest
Creating struct: $Stage_Forest
Creating struct: $Vector3D_TubbaPos
Creating struct: $Formation_00
Creating struct: $Formation_01
Creating struct: $FormationTable
Merged 1 regions to 1
$Script_JumpAttack will be placed at 80218000 (length = 1058 bytes)
$Script_QuakeAttack will be placed at 80219058 (length = F78 bytes)
$Script_SmashAttack will be placed at 80219FD0 (length = 7E4 bytes)
$Script_HandleEvent_TubbaRefight will be placed at 8021A7B4 (length = 7C8 bytes)
$Script_ThrowAttack will be placed at 8021AF7C (length = 764 bytes)
$Script_HandleDeath will be placed at 8021B6E0 (length = 3C8 bytes)
$Script_TakeTurn_TubbaRefight will be placed at 8021BAA8 (length = 28C bytes)
$InstantRegret will be placed at 8021BD34 (length = 288 bytes)
$Script_80225FD4_Tubba will be placed at 8021BFBC (length = 1F8 bytes)
$Script_Init_TubbaRefight2 will be placed at 8021C1B4 (length = 1F4 bytes)
$HandleAntiZapTap will be placed at 8021C3A8 (length = 170 bytes)
$SpookCheck2 will be placed at 8021C518 (length = FC bytes)
$Script_Init_TubbaRefight will be placed at 8021C614 (length = F0 bytes)
$Script_80225E08_Tubba will be placed at 8021C704 (length = EC bytes)
$SpookCheck1 will be placed at 8021C7F0 (length = BC bytes)
$StatusTable_TubbaRefight_Weak will be placed at 8021C8AC (length = AC bytes)
$StatusTable_TubbaRefight_Medium will be placed at 8021C958 (length = AC bytes)
$StatusTable_TubbaRefight_Strong will be placed at 8021CA04 (length = AC bytes)
$Script_FixAttackBoost will be placed at 8021CAB0 (length = 6C bytes)
$Function_80218360 will be placed at 8021CB1C (length = 5C bytes)
$IdleAnimations_TubbaRefight will be placed at 8021CB78 (length = 54 bytes)
$IdleAnimations_TubbaRefight2 will be placed at 8021CBCC (length = 54 bytes)
$IdleAnimations_TubbaRefight3 will be placed at 8021CC20 (length = 54 bytes)
$IdleAnimations_TubbaRefight4 will be placed at 8021CC74 (length = 54 bytes)
$DontSpookMe will be placed at 8021CCC8 (length = 50 bytes)
$Script_NextTurn will be placed at 8021CD18 (length = 50 bytes)
$FormationTable will be placed at 8021CD68 (length = 3C bytes)
$TubbaBlubba2 will be placed at 8021CDA4 (length = 28 bytes)
$Stage_Forest will be placed at 8021CDCC (length = 28 bytes)
$TubbaBlubba will be placed at 8021CDF4 (length = 28 bytes)
$PartsTable_TubbaRefight2 will be placed at 8021CE1C (length = 24 bytes)
$PartsTable_TubbaRefight will be placed at 8021CE40 (length = 24 bytes)
$Script_BeforeBattle_Forest will be placed at 8021CE64 (length = 1C bytes)
$Formation_00 will be placed at 8021CE80 (length = 1C bytes)
$Formation_01 will be placed at 8021CE9C (length = 1C bytes)
$ASCII_"mim_bt01_shape"_Literal will be placed at 8021CEB8 (length = 14 bytes)
$ASCII_"mim_bt01_hit"_Literal will be placed at 8021CECC (length = 10 bytes)
$StageTable will be placed at 8021CEDC (length = 10 bytes)
$DefenseTable_TubbaRefight will be placed at 8021CEEC (length = C bytes)
$ASCII_"mim_01"_Literal will be placed at 8021CEF8 (length = C bytes)
$Vector3D_TubbaPos will be placed at 8021CF04 (length = C bytes)
$Script_Idle_TubbaRefight will be placed at 8021CF10 (length = 8 bytes)
$Script_AfterBattle_Forest will be placed at 8021CF18 (length = 8 bytes)
$ASCII_"mim_tex"_Literal will be placed at 8021CF20 (length = 8 bytes)
Reading patch file: battle/formation/patch/31 Koopa Bros Refight.bpat
Creating struct: $StageTable
Creating struct: $Script_BeforeBattle_80234D60
Creating struct: $Script_AfterBattle_80234D9C
Creating struct: $Boss_Stage
Creating struct: $FormationTable
Creating struct: $Boss_Formation
Creating struct: $Boss_Formation2
Creating struct: $Script_PaletteFilter
Creating struct: $IdleAnimations_Red_Dark
Creating struct: $IdleAnimations_RedFlipped_Dark
Creating struct: $IdleAnimations_Black_Dark
Creating struct: $IdleAnimations_BlackFlipped_Dark
Creating struct: $IdleAnimations_Yellow_Dark
Creating struct: $IdleAnimations_YellowFlipped_Dark
Creating struct: $IdleAnimations_Green_Dark
Creating struct: $IdleAnimations_GreenFlipped_Dark
Creating struct: $IdleAnimations_Red_Gold
Creating struct: $IdleAnimations_RedFlipped_Gold
Creating struct: $IdleAnimations_Black_Gold
Creating struct: $IdleAnimations_BlackFlipped_Gold
Creating struct: $IdleAnimations_Yellow_Gold
Creating struct: $IdleAnimations_YellowFlipped_Gold
Creating struct: $IdleAnimations_Green_Gold
Creating struct: $IdleAnimations_GreenFlipped_Gold
Creating struct: $DefenseTable_RedNormal
Creating struct: $DefenseTable_RedFlipped
Creating struct: $DefenseTable_BlackNormal
Creating struct: $DefenseTable_BlackFlipped
Creating struct: $DefenseTable_YellowNormal
Creating struct: $DefenseTable_YellowFlipped
Creating struct: $DefenseTable_GreenNormal
Creating struct: $DefenseTable_GreenFlipped
Creating struct: $IntTable_8022DD30
Creating struct: $StatusTable_Green
Creating struct: $StatusTable_Yellow
Creating struct: $StatusTable_Black
Creating struct: $StatusTable_Red
Creating struct: $StatusTable_Green2
Creating struct: $StatusTable_Yellow2
Creating struct: $StatusTable_Black2
Creating struct: $StatusTable_Red2
Creating struct: $RNinjakoopa2
Creating struct: $BNinjakoopa2
Creating struct: $YNinjakoopa2
Creating struct: $GNinjakoopa2
Creating struct: $Script_Init_Red2
Creating struct: $Script_Init_Black2
Creating struct: $Script_Init_Yellow2
Creating struct: $Script_Init_Green2
Creating struct: $Script_Jump_Unified
Creating struct: $Script_GetUp_Unified
Creating struct: $Script_ShellToss_Unified
Creating struct: $RNinjakoopa
Creating struct: $PartsTable_Red
Creating struct: $IdleAnimations_Red
Creating struct: $IdleAnimations_RedFlipped
Creating struct: $Script_Init_Red
Creating struct: $Script_HandleEvent_Red
Creating struct: $Script_TakeTurn_Red
Creating struct: $Script_FlameShell_Red
Creating struct: $Script_Land_Red
Creating struct: $BNinjakoopa
Creating struct: $PartsTable_Black
Creating struct: $IdleAnimations_Black
Creating struct: $IdleAnimations_BlackFlipped
Creating struct: $Script_Init_Black
Creating struct: $Script_HandleEvent_Black
Creating struct: $Script_TakeTurn_Black
Creating struct: $Script_TornadoShell_Black
Creating struct: $Script_Vanish
Creating struct: $Script_Unvanish
Creating struct: $Script_Land_Black
Creating struct: $YNinjakoopa
Creating struct: $PartsTable_Yellow
Creating struct: $IdleAnimations_Yellow
Creating struct: $IdleAnimations_YellowFlipped
Creating struct: $Script_Init_Yellow
Creating struct: $Function_Electrify
Creating struct: $Script_HandleEvent_Yellow
Creating struct: $Script_TakeTurn_Yellow
Creating struct: $Script_LightningBolt_Yellow
Creating struct: $Function_ThunderFX
Creating struct: $Script_Land_Yellow
Creating struct: $GNinjakoopa
Creating struct: $PartsTable_Green
Creating struct: $IdleAnimations_Green
Creating struct: $IdleAnimations_GreenFlipped
Creating struct: $Script_Init_Green
Creating struct: $Script_HandleEvent_Green
Creating struct: $Script_TakeTurn_Green
Creating struct: $Script_Land_Green
Merged 1 regions to 1
$Script_FlameShell_Red will be placed at 80218000 (length = B94 bytes)
$Script_ShellToss_Unified will be placed at 80218B94 (length = A20 bytes)
$Script_HandleEvent_Red will be placed at 802195B4 (length = 87C bytes)
$Script_HandleEvent_Green will be placed at 80219E30 (length = 87C bytes)
$Script_HandleEvent_Yellow will be placed at 8021A6AC (length = 87C bytes)
$Script_HandleEvent_Black will be placed at 8021AF28 (length = 87C bytes)
$Script_Land_Green will be placed at 8021B7A4 (length = 80C bytes)
$Script_Land_Yellow will be placed at 8021BFB0 (length = 7B0 bytes)
$Script_Land_Red will be placed at 8021C760 (length = 788 bytes)
$Script_Land_Black will be placed at 8021CEE8 (length = 754 bytes)
$Script_TornadoShell_Black will be placed at 8021D63C (length = 588 bytes)
$Script_GetUp_Unified will be placed at 8021DBC4 (length = 500 bytes)
$Script_LightningBolt_Yellow will be placed at 8021E0C4 (length = 268 bytes)
$Script_Jump_Unified will be placed at 8021E32C (length = 20C bytes)
$Script_Init_Yellow2 will be placed at 8021E538 (length = 1C4 bytes)
$Script_Init_Green2 will be placed at 8021E6FC (length = 1B8 bytes)
$Script_Init_Red2 will be placed at 8021E8B4 (length = 1B8 bytes)
$Script_Init_Black2 will be placed at 8021EA6C (length = 1B8 bytes)
$Script_TakeTurn_Yellow will be placed at 8021EC24 (length = 178 bytes)
$Function_ThunderFX will be placed at 8021ED9C (length = 14C bytes)
$Script_TakeTurn_Red will be placed at 8021EEE8 (length = 140 bytes)
$Script_TakeTurn_Green will be placed at 8021F028 (length = 134 bytes)
$Script_TakeTurn_Black will be placed at 8021F15C (length = 130 bytes)
$Script_Init_Yellow will be placed at 8021F28C (length = CC bytes)
$Script_Init_Black will be placed at 8021F358 (length = C0 bytes)
$Script_Init_Red will be placed at 8021F418 (length = C0 bytes)
$Script_Init_Green will be placed at 8021F4D8 (length = C0 bytes)
$StatusTable_Black2 will be placed at 8021F598 (length = AC bytes)
$StatusTable_Green will be placed at 8021F644 (length = AC bytes)
$StatusTable_Red will be placed at 8021F6F0 (length = AC bytes)
$StatusTable_Green2 will be placed at 8021F79C (length = AC bytes)
$StatusTable_Yellow2 will be placed at 8021F848 (length = AC bytes)
$StatusTable_Yellow will be placed at 8021F8F4 (length = AC bytes)
$StatusTable_Red2 will be placed at 8021F9A0 (length = AC bytes)
$StatusTable_Black will be placed at 8021FA4C (length = AC bytes)
$Script_Unvanish will be placed at 8021FAF8 (length = A0 bytes)
$Script_Vanish will be placed at 8021FB98 (length = A0 bytes)
$Boss_Formation will be placed at 8021FC38 (length = 70 bytes)
$Boss_Formation2 will be placed at 8021FCA8 (length = 70 bytes)
$IntTable_8022DD30 will be placed at 8021FD18 (length = 58 bytes)
$IdleAnimations_YellowFlipped_Gold will be placed at 8021FD70 (length = 54 bytes)
$IdleAnimations_YellowFlipped_Dark will be placed at 8021FDC4 (length = 54 bytes)
$IdleAnimations_BlackFlipped will be placed at 8021FE18 (length = 54 bytes)
$IdleAnimations_Green_Dark will be placed at 8021FE6C (length = 54 bytes)
$IdleAnimations_RedFlipped will be placed at 8021FEC0 (length = 54 bytes)
$IdleAnimations_Black_Dark will be placed at 8021FF14 (length = 54 bytes)
$IdleAnimations_Yellow_Dark will be placed at 8021FF68 (length = 54 bytes)
$IdleAnimations_RedFlipped_Gold will be placed at 8021FFBC (length = 54 bytes)
$IdleAnimations_GreenFlipped_Dark will be placed at 80220010 (length = 54 bytes)
$IdleAnimations_Yellow_Gold will be placed at 80220064 (length = 54 bytes)
$IdleAnimations_GreenFlipped_Gold will be placed at 802200B8 (length = 54 bytes)
$IdleAnimations_RedFlipped_Dark will be placed at 8022010C (length = 54 bytes)
$IdleAnimations_Red_Dark will be placed at 80220160 (length = 54 bytes)
$Script_PaletteFilter will be placed at 802201B4 (length = 54 bytes)
$IdleAnimations_Yellow will be placed at 80220208 (length = 54 bytes)
$IdleAnimations_YellowFlipped will be placed at 8022025C (length = 54 bytes)
$IdleAnimations_Red_Gold will be placed at 802202B0 (length = 54 bytes)
$IdleAnimations_Green will be placed at 80220304 (length = 54 bytes)
$IdleAnimations_Red will be placed at 80220358 (length = 54 bytes)
$IdleAnimations_Black_Gold will be placed at 802203AC (length = 54 bytes)
$IdleAnimations_Green_Gold will be placed at 80220400 (length = 54 bytes)
$IdleAnimations_BlackFlipped_Gold will be placed at 80220454 (length = 54 bytes)
$IdleAnimations_Black will be placed at 802204A8 (length = 54 bytes)
$IdleAnimations_BlackFlipped_Dark will be placed at 802204FC (length = 54 bytes)
$IdleAnimations_GreenFlipped will be placed at 80220550 (length = 54 bytes)
$Function_Electrify will be placed at 802205A4 (length = 4C bytes)
$FormationTable will be placed at 802205F0 (length = 3C bytes)
$Script_BeforeBattle_80234D60 will be placed at 8022062C (length = 2C bytes)
$GNinjakoopa2 will be placed at 80220658 (length = 28 bytes)
$BNinjakoopa2 will be placed at 80220680 (length = 28 bytes)
$RNinjakoopa2 will be placed at 802206A8 (length = 28 bytes)
$RNinjakoopa will be placed at 802206D0 (length = 28 bytes)
$YNinjakoopa will be placed at 802206F8 (length = 28 bytes)
$BNinjakoopa will be placed at 80220720 (length = 28 bytes)
$YNinjakoopa2 will be placed at 80220748 (length = 28 bytes)
$Boss_Stage will be placed at 80220770 (length = 28 bytes)
$GNinjakoopa will be placed at 80220798 (length = 28 bytes)
$PartsTable_Black will be placed at 802207C0 (length = 24 bytes)
$PartsTable_Yellow will be placed at 802207E4 (length = 24 bytes)
$PartsTable_Red will be placed at 80220808 (length = 24 bytes)
$PartsTable_Green will be placed at 8022082C (length = 24 bytes)
$DefenseTable_GreenNormal will be placed at 80220850 (length = 14 bytes)
$DefenseTable_YellowFlipped will be placed at 80220864 (length = 14 bytes)
$ASCII_"kpa_bt13_shape"_Literal will be placed at 80220878 (length = 14 bytes)
$DefenseTable_GreenFlipped will be placed at 8022088C (length = 14 bytes)
$DefenseTable_RedNormal will be placed at 802208A0 (length = 14 bytes)
$DefenseTable_YellowNormal will be placed at 802208B4 (length = 14 bytes)
$DefenseTable_RedFlipped will be placed at 802208C8 (length = 14 bytes)
$StageTable will be placed at 802208DC (length = 10 bytes)
$ASCII_"kpa_bt13_hit"_Literal will be placed at 802208EC (length = 10 bytes)
$DefenseTable_BlackNormal will be placed at 802208FC (length = C bytes)
$DefenseTable_BlackFlipped will be placed at 80220908 (length = C bytes)
$ASCII_"kpa_83"_Literal will be placed at 80220914 (length = C bytes)
$Script_AfterBattle_80234D9C will be placed at 80220920 (length = 8 bytes)
$ASCII_"kpa_tex"_Literal will be placed at 80220928 (length = 8 bytes)
Reading patch file: battle/formation/patch/32 Dark Cave Part 1.bpat
Reading patch file: battle/formation/import/newenemy/LilSparky.bpat
Creating struct: $IdleAnimations_LilSparky
Creating struct: $DefenseTable_LilSparky
Creating struct: $StatusTable_LilSparky
Creating struct: $PartsTable_LilSparky
Creating struct: $LilSparky
Creating struct: $Script_Init_LilSparky
Creating struct: $Script_Idle_LilSparky
Creating struct: $Script_HandleEvent_LilSparky
Creating struct: $Script_TakeTurn_LilSparky
Creating struct: $Script_ElectroDash_LilSparky
Creating struct: $Script_PowerShock_LilSparky
Creating struct: $Script_FindTChargeTarget
Creating struct: $Script_TurboCharge_LilSparky
Creating struct: $Function_80219658_LS
Creating struct: $Function_802196A4_LS
Creating struct: $Function_802196F0_LS
Creating struct: $Function_80219604_LS
Creating struct: $Function_8021973C_LS
Creating struct: $Function_80219780_LS
Creating struct: $Function_80219358_LS
Creating struct: $Function_80219188_LS
Creating struct: $ConstDouble_80232B38_LS
Reading patch file: battle/formation/import/newenemy/DarkPuff.bpat
Creating struct: $DarkPuff
Creating struct: $Function_80218000_PPuff
Creating struct: $Function_SetBreathPalette
Creating struct: $Function_802181F0_FP
Creating struct: $IdleAnimations_DarkPuff
Creating struct: $DefenseTable_DarkPuff
Creating struct: $StatusTable_DarkPuff
Creating struct: $PartsTable_DarkPuff
Creating struct: $Script_Init_DarkPuff
Creating struct: $Script_Idle_DarkPuff
Creating struct: $Script_80222820_FP
Creating struct: $Script_HandleEvent_DarkPuff
Creating struct: $Script_TakeTurn_DarkPuff
Creating struct: $Script_DarkBreath_DarkPuff
Creating struct: $Script_FP_Drain
Creating struct: $Script_FlipTackle_DarkPuff
Reading patch file: battle/formation/import/newenemy/SteelCleft.bpat
Creating struct: $SteelCleft
Creating struct: $Function_802185C0_SCleft
Creating struct: $Function_80218618_SCleft
Creating struct: $DefenseTable_SteelCleft
Creating struct: $DefenseTable_SteelCleft_Flipped
Creating struct: $StatusTable_SteelCleft
Creating struct: $PartsTable_SteelCleft
Creating struct: $IdleAnimations_SteelCleft_Charged
Creating struct: $Script_Init_SteelCleft
Creating struct: $Script_NextTurn_SteelCleft
Creating struct: $Script_ChargeOrAttack_SCleft
Creating struct: $Script_TakeTurn_SteelCleft
Creating struct: $IdleAnimations_SteelCleft
Creating struct: $IdleAnimations_SteelCleft_Flipped
Creating struct: $Script_Idle_SteelCleft
Creating struct: $Script_Flip_SCleft
Creating struct: $Script_HandleEvent_SteelCleft
Creating struct: $Script_HandleGetUp_SCleft
Creating struct: $Script_Attack_SCleft
Reading patch file: battle/formation/import/newenemy/SteelBristle.bpat
Creating struct: $SteelBristle
Creating struct: $StatusTable_Bristle
Creating struct: $PartsTable_Bristle
Creating struct: $IdleAnimations_Bristle
Creating struct: $DefenseTable_Bristle
Creating struct: $Script_Init_Bristle
Creating struct: $Script_HandleEvent_Bristle
Creating struct: $Script_TakeTurn_Bristle
Reading patch file: battle/formation/import/newenemy/DarkBoo.bpat
Creating struct: $DarkBoo
Creating struct: $StatusTable_DarkBoo
Creating struct: $PartsTable_DarkBoo
Creating struct: $IdleAnimations_DarkBoo
Creating struct: $DefenseTable_DarkBoo
Creating struct: $Function_Vanish_DarkBoo
Creating struct: $Script_Init_DarkBoo
Creating struct: $Script_Idle_DarkBoo
Creating struct: $Script_ReturnHome_DarkBoo
Creating struct: $Function_ReturnHome_DarkBoo
Creating struct: $Script_HandleEvent_DarkBoo
Creating struct: $Script_TakeTurn_DarkBoo
Creating struct: $StageTable
Creating struct: $Stage_Pit1
Creating struct: $Script_BeforeBattle_Pit
Creating struct: $Script_AfterBattle_Pit
Creating struct: $Script_BeforeBattle_NormalCave
Creating struct: $Script_AfterBattle_NormalCave
Creating struct: $Script_BeforeBattle_DarkCave
Creating struct: $Script_AfterBattle_DarkCave
Creating struct: $Stage_Cave1
Creating struct: $Stage_Cave3
Creating struct: $Stage_Cave4
Creating struct: $Stage_Cave5
Creating struct: $Formation_00
Creating struct: $Formation_01
Creating struct: $Formation_02
Creating struct: $Formation_03
Creating struct: $Formation_04
Creating struct: $Formation_05
Creating struct: $Formation_06
Creating struct: $Formation_07
Creating struct: $Formation_08
Creating struct: $Formation_09
Creating struct: $Formation_0A
Creating struct: $Formation_0B
Creating struct: $Formation_0C
Creating struct: $Formation_0D
Creating struct: $Formation_0E
Creating struct: $FormationTable
Creating struct: $Formation_0F
Creating struct: $Formation_10
Creating struct: $Formation_11
Creating struct: $Formation_12
Creating struct: $Formation_13
Creating struct: $Formation_14
Merged 1 regions to 1
$Script_HandleEvent_SteelCleft will be placed at 80218000 (length = A44 bytes)
$Script_ChargeOrAttack_SCleft will be placed at 80218A44 (length = A04 bytes)
$Script_Attack_SCleft will be placed at 80219448 (length = 7F8 bytes)
$Script_PowerShock_LilSparky will be placed at 80219C40 (length = 768 bytes)
$Script_TakeTurn_Bristle will be placed at 8021A3A8 (length = 668 bytes)
$Script_TakeTurn_DarkBoo will be placed at 8021AA10 (length = 630 bytes)
$Script_FlipTackle_DarkPuff will be placed at 8021B040 (length = 628 bytes)
$Script_ElectroDash_LilSparky will be placed at 8021B668 (length = 618 bytes)
$Script_DarkBreath_DarkPuff will be placed at 8021BC80 (length = 548 bytes)
$Script_HandleEvent_Bristle will be placed at 8021C1C8 (length = 4E0 bytes)
$Function_80219188_LS will be placed at 8021C6A8 (length = 47C bytes)
$Script_HandleEvent_DarkBoo will be placed at 8021CB24 (length = 3EC bytes)
$Script_HandleEvent_DarkPuff will be placed at 8021CF10 (length = 3C4 bytes)
$Script_HandleGetUp_SCleft will be placed at 8021D2D4 (length = 328 bytes)
$Script_HandleEvent_LilSparky will be placed at 8021D5FC (length = 308 bytes)
$Script_Flip_SCleft will be placed at 8021D904 (length = 2C4 bytes)
$Script_TurboCharge_LilSparky will be placed at 8021DBC8 (length = 28C bytes)
$FormationTable will be placed at 8021DE54 (length = 1B8 bytes)
$Script_Idle_DarkBoo will be placed at 8021E00C (length = 198 bytes)
$Function_802181F0_FP will be placed at 8021E1A4 (length = 190 bytes)
$Script_FP_Drain will be placed at 8021E334 (length = 18C bytes)
$Script_FindTChargeTarget will be placed at 8021E4C0 (length = 180 bytes)
$Script_TakeTurn_SteelCleft will be placed at 8021E640 (length = 170 bytes)
$Function_ReturnHome_DarkBoo will be placed at 8021E7B0 (length = 130 bytes)
$Script_TakeTurn_LilSparky will be placed at 8021E8E0 (length = EC bytes)
$Function_80219358_LS will be placed at 8021E9CC (length = C4 bytes)
$Script_Init_DarkBoo will be placed at 8021EA90 (length = B4 bytes)
$Script_Idle_DarkPuff will be placed at 8021EB44 (length = B0 bytes)
$StatusTable_SteelCleft will be placed at 8021EBF4 (length = AC bytes)
$StatusTable_LilSparky will be placed at 8021ECA0 (length = AC bytes)
$StatusTable_DarkPuff will be placed at 8021ED4C (length = AC bytes)
$Script_Init_Bristle will be placed at 8021EDF8 (length = 9C bytes)
$Script_TakeTurn_DarkPuff will be placed at 8021EE94 (length = 94 bytes)
$StatusTable_DarkBoo will be placed at 8021EF28 (length = 8C bytes)
$StatusTable_Bristle will be placed at 8021EFB4 (length = 8C bytes)
$Script_Init_SteelCleft will be placed at 8021F040 (length = 84 bytes)
$Script_ReturnHome_DarkBoo will be placed at 8021F0C4 (length = 74 bytes)
$Formation_0A will be placed at 8021F138 (length = 70 bytes)
$Formation_0D will be placed at 8021F1A8 (length = 70 bytes)
$Formation_0E will be placed at 8021F218 (length = 70 bytes)
$Formation_0C will be placed at 8021F288 (length = 70 bytes)
$Formation_14 will be placed at 8021F2F8 (length = 70 bytes)
$Formation_01 will be placed at 8021F368 (length = 70 bytes)
$Formation_02 will be placed at 8021F3D8 (length = 70 bytes)
$Formation_07 will be placed at 8021F448 (length = 70 bytes)
$Function_SetBreathPalette will be placed at 8021F4B8 (length = 6C bytes)
$Function_80218618_SCleft will be placed at 8021F524 (length = 5C bytes)
$Script_80222820_FP will be placed at 8021F580 (length = 5C bytes)
$Function_80218000_PPuff will be placed at 8021F5DC (length = 58 bytes)
$Function_802185C0_SCleft will be placed at 8021F634 (length = 58 bytes)
$Function_80219604_LS will be placed at 8021F68C (length = 54 bytes)
$Formation_0B will be placed at 8021F6E0 (length = 54 bytes)
$Formation_11 will be placed at 8021F734 (length = 54 bytes)
$Formation_12 will be placed at 8021F788 (length = 54 bytes)
$Formation_10 will be placed at 8021F7DC (length = 54 bytes)
$Formation_13 will be placed at 8021F830 (length = 54 bytes)
$Formation_00 will be placed at 8021F884 (length = 54 bytes)
$Formation_04 will be placed at 8021F8D8 (length = 54 bytes)
$Formation_05 will be placed at 8021F92C (length = 54 bytes)
$Formation_08 will be placed at 8021F980 (length = 54 bytes)
$Formation_09 will be placed at 8021F9D4 (length = 54 bytes)
$Formation_06 will be placed at 8021FA28 (length = 54 bytes)
$Script_NextTurn_SteelCleft will be placed at 8021FA7C (length = 4C bytes)
$IdleAnimations_SteelCleft_Flipped will be placed at 8021FAC8 (length = 4C bytes)
$IdleAnimations_LilSparky will be placed at 8021FB14 (length = 4C bytes)
$Function_802196F0_LS will be placed at 8021FB60 (length = 4C bytes)
$Function_802196A4_LS will be placed at 8021FBAC (length = 4C bytes)
$Function_80219658_LS will be placed at 8021FBF8 (length = 4C bytes)
$IdleAnimations_SteelCleft will be placed at 8021FC44 (length = 4C bytes)
$Function_Vanish_DarkBoo will be placed at 8021FC90 (length = 4C bytes)
$IdleAnimations_SteelCleft_Charged will be placed at 8021FCDC (length = 4C bytes)
$Script_Init_DarkPuff will be placed at 8021FD28 (length = 4C bytes)
$PartsTable_LilSparky will be placed at 8021FD74 (length = 48 bytes)
$Function_8021973C_LS will be placed at 8021FDBC (length = 44 bytes)
$IdleAnimations_DarkBoo will be placed at 8021FE00 (length = 44 bytes)
$IdleAnimations_DarkPuff will be placed at 8021FE44 (length = 44 bytes)
$IdleAnimations_Bristle will be placed at 8021FE88 (length = 44 bytes)
$Function_80219780_LS will be placed at 8021FECC (length = 38 bytes)
$Formation_0F will be placed at 8021FF04 (length = 38 bytes)
$Formation_03 will be placed at 8021FF3C (length = 38 bytes)
$Script_Init_LilSparky will be placed at 8021FF74 (length = 38 bytes)
$DefenseTable_Bristle will be placed at 8021FFAC (length = 34 bytes)
$StageTable will be placed at 8021FFE0 (length = 30 bytes)
$DefenseTable_SteelCleft will be placed at 80220010 (length = 2C bytes)
$DefenseTable_DarkPuff will be placed at 8022003C (length = 2C bytes)
$DefenseTable_SteelCleft_Flipped will be placed at 80220068 (length = 2C bytes)
$Stage_Pit1 will be placed at 80220094 (length = 28 bytes)
$Stage_Cave5 will be placed at 802200BC (length = 28 bytes)
$Stage_Cave4 will be placed at 802200E4 (length = 28 bytes)
$Stage_Cave3 will be placed at 8022010C (length = 28 bytes)
$Stage_Cave1 will be placed at 80220134 (length = 28 bytes)
$DarkPuff will be placed at 8022015C (length = 28 bytes)
$DarkBoo will be placed at 80220184 (length = 28 bytes)
$SteelBristle will be placed at 802201AC (length = 28 bytes)
$SteelCleft will be placed at 802201D4 (length = 28 bytes)
$LilSparky will be placed at 802201FC (length = 28 bytes)
$DefenseTable_LilSparky will be placed at 80220224 (length = 24 bytes)
$PartsTable_SteelCleft will be placed at 80220248 (length = 24 bytes)
$PartsTable_DarkBoo will be placed at 8022026C (length = 24 bytes)
$PartsTable_DarkPuff will be placed at 80220290 (length = 24 bytes)
$PartsTable_Bristle will be placed at 802202B4 (length = 24 bytes)
$Script_BeforeBattle_DarkCave will be placed at 802202D8 (length = 20 bytes)
$Script_Idle_LilSparky will be placed at 802202F8 (length = 18 bytes)
$Script_AfterBattle_DarkCave will be placed at 80220310 (length = 14 bytes)
$DefenseTable_DarkBoo will be placed at 80220324 (length = 14 bytes)
$Script_BeforeBattle_NormalCave will be placed at 80220338 (length = 14 bytes)
$Script_AfterBattle_NormalCave will be placed at 8022034C (length = 14 bytes)
$ASCII_"cav_b05_shape"_Literal will be placed at 80220360 (length = 10 bytes)
$ASCII_"cav_b03_shape"_Literal will be placed at 80220370 (length = 10 bytes)
$ASCII_"cav_b01_shape"_Literal will be placed at 80220380 (length = 10 bytes)
$ASCII_"cav_b04_shape"_Literal will be placed at 80220390 (length = 10 bytes)
$ASCII_"pit_b01_shape"_Literal will be placed at 802203A0 (length = 10 bytes)
$ASCII_"cav_b03_hit"_Literal will be placed at 802203B0 (length = C bytes)
$ASCII_"cav_03"_Literal will be placed at 802203BC (length = C bytes)
$ASCII_"cav_04"_Literal will be placed at 802203C8 (length = C bytes)
$ASCII_"pit_09"_Literal will be placed at 802203D4 (length = C bytes)
$ASCII_"pit_b01_hit"_Literal will be placed at 802203E0 (length = C bytes)
$ASCII_"cav_02"_Literal will be placed at 802203EC (length = C bytes)
$ASCII_"cav_b05_hit"_Literal will be placed at 802203F8 (length = C bytes)
$ASCII_"cav_b01_hit"_Literal will be placed at 80220404 (length = C bytes)
$ASCII_"cav_05"_Literal will be placed at 80220410 (length = C bytes)
$ASCII_"cav_b04_hit"_Literal will be placed at 8022041C (length = C bytes)
$ConstDouble_80232B38_LS will be placed at 80220428 (length = 8 bytes)
$Script_Idle_SteelCleft will be placed at 80220430 (length = 8 bytes)
$Script_BeforeBattle_Pit will be placed at 80220438 (length = 8 bytes)
$Script_AfterBattle_Pit will be placed at 80220440 (length = 8 bytes)
$ASCII_"kpa_tex"_Literal will be placed at 80220448 (length = 8 bytes)
Reading patch file: battle/formation/patch/33 Dark Cave Part 2.bpat
Reading patch file: battle/formation/import/newenemy/Bobuke.bpat
Creating struct: $IdleAnimations_Bobuke
Creating struct: $IdleAnimations_Bobuke2
Creating struct: $DefenseTable_Bobuke
Creating struct: $DefenseTable_Bobuke2
Creating struct: $StatusTable_Bobuke
Creating struct: $StatusTable_Bobuke2
Creating struct: $PartsTable_Bobuke
Creating struct: $Bobuke
Creating struct: $Script_Init_Bobuke
Creating struct: $Script_Idle_Bobuke
Creating struct: $Script_Ignite_B
Creating struct: $Script_Defuse_B
Creating struct: $Script_8021AAE8_B
Creating struct: $Script_Explode_B
Creating struct: $Script_HandleEvent_Bobuke
Creating struct: $Script_HandleEvent_Bobuke2
Creating struct: $Script_TackleAttack_B
Creating struct: $Script_BlastAttack_B
Creating struct: $Script_TakeTurn_Bobuke
Reading patch file: battle/formation/import/newenemy/DarkBoo.bpat
Creating struct: $DarkBoo
Creating struct: $StatusTable_DarkBoo
Creating struct: $PartsTable_DarkBoo
Creating struct: $IdleAnimations_DarkBoo
Creating struct: $DefenseTable_DarkBoo
Creating struct: $Function_Vanish_DarkBoo
Creating struct: $Script_Init_DarkBoo
Creating struct: $Script_Idle_DarkBoo
Creating struct: $Script_ReturnHome_DarkBoo
Creating struct: $Function_ReturnHome_DarkBoo
Creating struct: $Script_HandleEvent_DarkBoo
Creating struct: $Script_TakeTurn_DarkBoo
Reading patch file: battle/formation/import/newenemy/SteelCleft.bpat
Creating struct: $SteelCleft
Creating struct: $Function_802185C0_SCleft
Creating struct: $Function_80218618_SCleft
Creating struct: $DefenseTable_SteelCleft
Creating struct: $DefenseTable_SteelCleft_Flipped
Creating struct: $StatusTable_SteelCleft
Creating struct: $PartsTable_SteelCleft
Creating struct: $IdleAnimations_SteelCleft_Charged
Creating struct: $Script_Init_SteelCleft
Creating struct: $Script_NextTurn_SteelCleft
Creating struct: $Script_ChargeOrAttack_SCleft
Creating struct: $Script_TakeTurn_SteelCleft
Creating struct: $IdleAnimations_SteelCleft
Creating struct: $IdleAnimations_SteelCleft_Flipped
Creating struct: $Script_Idle_SteelCleft
Creating struct: $Script_Flip_SCleft
Creating struct: $Script_HandleEvent_SteelCleft
Creating struct: $Script_HandleGetUp_SCleft
Creating struct: $Script_Attack_SCleft
Reading patch file: battle/formation/import/newenemy/SteelBristle.bpat
Creating struct: $SteelBristle
Creating struct: $StatusTable_Bristle
Creating struct: $PartsTable_Bristle
Creating struct: $IdleAnimations_Bristle
Creating struct: $DefenseTable_Bristle
Creating struct: $Script_Init_Bristle
Creating struct: $Script_HandleEvent_Bristle
Creating struct: $Script_TakeTurn_Bristle
Reading patch file: battle/formation/import/newenemy/LilSparky.bpat
Creating struct: $IdleAnimations_LilSparky
Creating struct: $DefenseTable_LilSparky
Creating struct: $StatusTable_LilSparky
Creating struct: $PartsTable_LilSparky
Creating struct: $LilSparky
Creating struct: $Script_Init_LilSparky
Creating struct: $Script_Idle_LilSparky
Creating struct: $Script_HandleEvent_LilSparky
Creating struct: $Script_TakeTurn_LilSparky
Creating struct: $Script_ElectroDash_LilSparky
Creating struct: $Script_PowerShock_LilSparky
Creating struct: $Script_FindTChargeTarget
Creating struct: $Script_TurboCharge_LilSparky
Creating struct: $Function_80219658_LS
Creating struct: $Function_802196A4_LS
Creating struct: $Function_802196F0_LS
Creating struct: $Function_80219604_LS
Creating struct: $Function_8021973C_LS
Creating struct: $Function_80219780_LS
Creating struct: $Function_80219358_LS
Creating struct: $Function_80219188_LS
Creating struct: $ConstDouble_80232B38_LS
Creating struct: $StageTable
Creating struct: $Stage_Pit1
Creating struct: $Script_BeforeBattle_Pit
Creating struct: $Script_AfterBattle_Pit
Creating struct: $Script_BeforeBattle_NormalCave
Creating struct: $Script_AfterBattle_NormalCave
Creating struct: $Script_BeforeBattle_DarkCave
Creating struct: $Script_AfterBattle_DarkCave
Creating struct: $Stage_Cave1
Creating struct: $Stage_Cave3
Creating struct: $Stage_Cave4
Creating struct: $Stage_Cave6
Creating struct: $Formation_00
Creating struct: $Formation_01
Creating struct: $Formation_02
Creating struct: $Formation_03
Creating struct: $Formation_04
Creating struct: $Formation_07
Creating struct: $Formation_08
Creating struct: $Formation_09
Creating struct: $Formation_0A
Creating struct: $Formation_0B
Creating struct: $Formation_0C
Creating struct: $FormationTable
Creating struct: $Formation_05
Creating struct: $Formation_06
Merged 1 regions to 1
$Script_HandleEvent_SteelCleft will be placed at 80218000 (length = A44 bytes)
$Script_ChargeOrAttack_SCleft will be placed at 80218A44 (length = A04 bytes)
$Script_Attack_SCleft will be placed at 80219448 (length = 7F8 bytes)
$Script_PowerShock_LilSparky will be placed at 80219C40 (length = 768 bytes)
$Script_TackleAttack_B will be placed at 8021A3A8 (length = 708 bytes)
$Script_TakeTurn_Bristle will be placed at 8021AAB0 (length = 668 bytes)
$Script_TakeTurn_DarkBoo will be placed at 8021B118 (length = 630 bytes)
$Script_ElectroDash_LilSparky will be placed at 8021B748 (length = 618 bytes)
$Script_HandleEvent_Bobuke will be placed at 8021BD60 (length = 534 bytes)
$Script_HandleEvent_Bristle will be placed at 8021C294 (length = 4E0 bytes)
$Script_HandleEvent_Bobuke2 will be placed at 8021C774 (length = 4C8 bytes)
$Function_80219188_LS will be placed at 8021CC3C (length = 47C bytes)
$Script_HandleEvent_DarkBoo will be placed at 8021D0B8 (length = 3EC bytes)
$Script_BlastAttack_B will be placed at 8021D4A4 (length = 3B8 bytes)
$Script_HandleGetUp_SCleft will be placed at 8021D85C (length = 328 bytes)
$Script_HandleEvent_LilSparky will be placed at 8021DB84 (length = 308 bytes)
$Script_Flip_SCleft will be placed at 8021DE8C (length = 2C4 bytes)
$Script_TurboCharge_LilSparky will be placed at 8021E150 (length = 28C bytes)
$Script_Ignite_B will be placed at 8021E3DC (length = 19C bytes)
$Script_Idle_DarkBoo will be placed at 8021E578 (length = 198 bytes)
$Script_FindTChargeTarget will be placed at 8021E710 (length = 180 bytes)
$Script_TakeTurn_SteelCleft will be placed at 8021E890 (length = 170 bytes)
$Script_Explode_B will be placed at 8021EA00 (length = 150 bytes)
$Function_ReturnHome_DarkBoo will be placed at 8021EB50 (length = 130 bytes)
$FormationTable will be placed at 8021EC80 (length = 118 bytes)
$Script_Defuse_B will be placed at 8021ED98 (length = 104 bytes)
$Script_TakeTurn_LilSparky will be placed at 8021EE9C (length = EC bytes)
$Script_TakeTurn_Bobuke will be placed at 8021EF88 (length = E0 bytes)
$Function_80219358_LS will be placed at 8021F068 (length = C4 bytes)
$Script_Init_DarkBoo will be placed at 8021F12C (length = B4 bytes)
$StatusTable_Bobuke will be placed at 8021F1E0 (length = AC bytes)
$StatusTable_SteelCleft will be placed at 8021F28C (length = AC bytes)
$StatusTable_Bobuke2 will be placed at 8021F338 (length = AC bytes)
$StatusTable_LilSparky will be placed at 8021F3E4 (length = AC bytes)
$Script_Init_Bristle will be placed at 8021F490 (length = 9C bytes)
$StatusTable_DarkBoo will be placed at 8021F52C (length = 8C bytes)
$StatusTable_Bristle will be placed at 8021F5B8 (length = 8C bytes)
$Script_Init_SteelCleft will be placed at 8021F644 (length = 84 bytes)
$Script_ReturnHome_DarkBoo will be placed at 8021F6C8 (length = 74 bytes)
$Script_Init_Bobuke will be placed at 8021F73C (length = 74 bytes)
$Formation_0C will be placed at 8021F7B0 (length = 70 bytes)
$Formation_01 will be placed at 8021F820 (length = 70 bytes)
$Formation_02 will be placed at 8021F890 (length = 70 bytes)
$Formation_06 will be placed at 8021F900 (length = 70 bytes)
$Function_80218618_SCleft will be placed at 8021F970 (length = 5C bytes)
$Function_802185C0_SCleft will be placed at 8021F9CC (length = 58 bytes)
$Function_80219604_LS will be placed at 8021FA24 (length = 54 bytes)
$Formation_0A will be placed at 8021FA78 (length = 54 bytes)
$Formation_0B will be placed at 8021FACC (length = 54 bytes)
$Formation_00 will be placed at 8021FB20 (length = 54 bytes)
$Formation_04 will be placed at 8021FB74 (length = 54 bytes)
$Formation_05 will be placed at 8021FBC8 (length = 54 bytes)
$Formation_03 will be placed at 8021FC1C (length = 54 bytes)
$Formation_08 will be placed at 8021FC70 (length = 54 bytes)
$Formation_09 will be placed at 8021FCC4 (length = 54 bytes)
$Formation_07 will be placed at 8021FD18 (length = 54 bytes)
$Script_8021AAE8_B will be placed at 8021FD6C (length = 50 bytes)
$Script_NextTurn_SteelCleft will be placed at 8021FDBC (length = 4C bytes)
$IdleAnimations_SteelCleft_Flipped will be placed at 8021FE08 (length = 4C bytes)
$IdleAnimations_Bobuke2 will be placed at 8021FE54 (length = 4C bytes)
$IdleAnimations_Bobuke will be placed at 8021FEA0 (length = 4C bytes)
$IdleAnimations_LilSparky will be placed at 8021FEEC (length = 4C bytes)
$Function_802196F0_LS will be placed at 8021FF38 (length = 4C bytes)
$Function_802196A4_LS will be placed at 8021FF84 (length = 4C bytes)
$Function_80219658_LS will be placed at 8021FFD0 (length = 4C bytes)
$IdleAnimations_SteelCleft will be placed at 8022001C (length = 4C bytes)
$Function_Vanish_DarkBoo will be placed at 80220068 (length = 4C bytes)
$IdleAnimations_SteelCleft_Charged will be placed at 802200B4 (length = 4C bytes)
$PartsTable_LilSparky will be placed at 80220100 (length = 48 bytes)
$Function_8021973C_LS will be placed at 80220148 (length = 44 bytes)
$IdleAnimations_DarkBoo will be placed at 8022018C (length = 44 bytes)
$IdleAnimations_Bristle will be placed at 802201D0 (length = 44 bytes)
$Function_80219780_LS will be placed at 80220214 (length = 38 bytes)
$Script_Init_LilSparky will be placed at 8022024C (length = 38 bytes)
$DefenseTable_Bristle will be placed at 80220284 (length = 34 bytes)
$StageTable will be placed at 802202B8 (length = 30 bytes)
$DefenseTable_SteelCleft will be placed at 802202E8 (length = 2C bytes)
$DefenseTable_SteelCleft_Flipped will be placed at 80220314 (length = 2C bytes)
$Stage_Pit1 will be placed at 80220340 (length = 28 bytes)
$Stage_Cave6 will be placed at 80220368 (length = 28 bytes)
$Stage_Cave4 will be placed at 80220390 (length = 28 bytes)
$Stage_Cave3 will be placed at 802203B8 (length = 28 bytes)
$Stage_Cave1 will be placed at 802203E0 (length = 28 bytes)
$DarkBoo will be placed at 80220408 (length = 28 bytes)
$SteelBristle will be placed at 80220430 (length = 28 bytes)
$Bobuke will be placed at 80220458 (length = 28 bytes)
$SteelCleft will be placed at 80220480 (length = 28 bytes)
$LilSparky will be placed at 802204A8 (length = 28 bytes)
$DefenseTable_LilSparky will be placed at 802204D0 (length = 24 bytes)
$PartsTable_SteelCleft will be placed at 802204F4 (length = 24 bytes)
$PartsTable_DarkBoo will be placed at 80220518 (length = 24 bytes)
$DefenseTable_Bobuke2 will be placed at 8022053C (length = 24 bytes)
$DefenseTable_Bobuke will be placed at 80220560 (length = 24 bytes)
$PartsTable_Bobuke will be placed at 80220584 (length = 24 bytes)
$PartsTable_Bristle will be placed at 802205A8 (length = 24 bytes)
$Script_BeforeBattle_DarkCave will be placed at 802205CC (length = 20 bytes)
$Script_Idle_LilSparky will be placed at 802205EC (length = 18 bytes)
$Script_AfterBattle_DarkCave will be placed at 80220604 (length = 14 bytes)
$DefenseTable_DarkBoo will be placed at 80220618 (length = 14 bytes)
$Script_BeforeBattle_NormalCave will be placed at 8022062C (length = 14 bytes)
$Script_AfterBattle_NormalCave will be placed at 80220640 (length = 14 bytes)
$ASCII_"cav_b06_shape"_Literal will be placed at 80220654 (length = 10 bytes)
$ASCII_"cav_b03_shape"_Literal will be placed at 80220664 (length = 10 bytes)
$ASCII_"cav_b01_shape"_Literal will be placed at 80220674 (length = 10 bytes)
$ASCII_"cav_b04_shape"_Literal will be placed at 80220684 (length = 10 bytes)
$ASCII_"pit_b01_shape"_Literal will be placed at 80220694 (length = 10 bytes)
$ASCII_"cav_b03_hit"_Literal will be placed at 802206A4 (length = C bytes)
$ASCII_"cav_03"_Literal will be placed at 802206B0 (length = C bytes)
$ASCII_"cav_04"_Literal will be placed at 802206BC (length = C bytes)
$ASCII_"pit_09"_Literal will be placed at 802206C8 (length = C bytes)
$ASCII_"pit_b01_hit"_Literal will be placed at 802206D4 (length = C bytes)
$ASCII_"cav_02"_Literal will be placed at 802206E0 (length = C bytes)
$ASCII_"cav_b01_hit"_Literal will be placed at 802206EC (length = C bytes)
$ASCII_"cav_05"_Literal will be placed at 802206F8 (length = C bytes)
$ASCII_"cav_b04_hit"_Literal will be placed at 80220704 (length = C bytes)
$ASCII_"cav_b06_hit"_Literal will be placed at 80220710 (length = C bytes)
$ConstDouble_80232B38_LS will be placed at 80220720 (length = 8 bytes)
$Script_Idle_Bobuke will be placed at 80220728 (length = 8 bytes)
$Script_Idle_SteelCleft will be placed at 80220730 (length = 8 bytes)
$Script_BeforeBattle_Pit will be placed at 80220738 (length = 8 bytes)
$Script_AfterBattle_Pit will be placed at 80220740 (length = 8 bytes)
$ASCII_"kpa_tex"_Literal will be placed at 80220748 (length = 8 bytes)
Reading patch file: battle/formation/patch/34 Dark Cave Part 3.bpat
Reading patch file: battle/formation/import/newenemy/LilSparky.bpat
Creating struct: $IdleAnimations_LilSparky
Creating struct: $DefenseTable_LilSparky
Creating struct: $StatusTable_LilSparky
Creating struct: $PartsTable_LilSparky
Creating struct: $LilSparky
Creating struct: $Script_Init_LilSparky
Creating struct: $Script_Idle_LilSparky
Creating struct: $Script_HandleEvent_LilSparky
Creating struct: $Script_TakeTurn_LilSparky
Creating struct: $Script_ElectroDash_LilSparky
Creating struct: $Script_PowerShock_LilSparky
Creating struct: $Script_FindTChargeTarget
Creating struct: $Script_TurboCharge_LilSparky
Creating struct: $Function_80219658_LS
Creating struct: $Function_802196A4_LS
Creating struct: $Function_802196F0_LS
Creating struct: $Function_80219604_LS
Creating struct: $Function_8021973C_LS
Creating struct: $Function_80219780_LS
Creating struct: $Function_80219358_LS
Creating struct: $Function_80219188_LS
Creating struct: $ConstDouble_80232B38_LS
Reading patch file: battle/formation/import/newenemy/DarkBoo.bpat
Creating struct: $DarkBoo
Creating struct: $StatusTable_DarkBoo
Creating struct: $PartsTable_DarkBoo
Creating struct: $IdleAnimations_DarkBoo
Creating struct: $DefenseTable_DarkBoo
Creating struct: $Function_Vanish_DarkBoo
Creating struct: $Script_Init_DarkBoo
Creating struct: $Script_Idle_DarkBoo
Creating struct: $Script_ReturnHome_DarkBoo
Creating struct: $Function_ReturnHome_DarkBoo
Creating struct: $Script_HandleEvent_DarkBoo
Creating struct: $Script_TakeTurn_DarkBoo
Reading patch file: battle/formation/import/newenemy/Bobuke.bpat
Creating struct: $IdleAnimations_Bobuke
Creating struct: $IdleAnimations_Bobuke2
Creating struct: $DefenseTable_Bobuke
Creating struct: $DefenseTable_Bobuke2
Creating struct: $StatusTable_Bobuke
Creating struct: $StatusTable_Bobuke2
Creating struct: $PartsTable_Bobuke
Creating struct: $Bobuke
Creating struct: $Script_Init_Bobuke
Creating struct: $Script_Idle_Bobuke
Creating struct: $Script_Ignite_B
Creating struct: $Script_Defuse_B
Creating struct: $Script_8021AAE8_B
Creating struct: $Script_Explode_B
Creating struct: $Script_HandleEvent_Bobuke
Creating struct: $Script_HandleEvent_Bobuke2
Creating struct: $Script_TackleAttack_B
Creating struct: $Script_BlastAttack_B
Creating struct: $Script_TakeTurn_Bobuke
Reading patch file: battle/formation/import/newenemy/DarkBeetle.bpat
Creating struct: $DarkBeetle
Creating struct: $Function_802181A0_DarkBeetle
Creating struct: $DefenseTable_DarkBeetle_Normal
Creating struct: $DefenseTable_DarkBeetle_Flipped
Creating struct: $StatusTable_DarkBeetle
Creating struct: $PartsTable_DarkBeetle
Creating struct: $IdleAnimations_DarkBeetle
Creating struct: $IdleAnimations_DarkBeetle_Ceiling
Creating struct: $IdleAnimations_DarkBeetle_Flipped
Creating struct: $Script_Init_DarkBeetle
Creating struct: $Script_Idle_DarkBeetle
Creating struct: $Script_8021E89C_DarkBeetle
Creating struct: $Script_HandleEvent_DarkBeetle
Creating struct: $Script_8021F18C_DarkBeetle
Creating struct: $IntTable_8021F1DC_DarkBeetle
Creating struct: $Script_HandleEvent_DarkBeetle_Floor
Creating struct: $Script_TakeTurn_DarkBeetle_Ceiling
Creating struct: $Script_TakeTurn_DarkBeetle_Floor
Creating struct: $Stage_Cave2
Creating struct: $Stage_Cave5
Creating struct: $Stage_Cave7
Creating struct: $Stage_Palace
Creating struct: $StageTable
Creating struct: $Stage_Pit1
Creating struct: $Script_BeforeBattle_Pit
Creating struct: $Script_AfterBattle_Pit
Creating struct: $Script_BeforeBattle_NormalCave
Creating struct: $Script_AfterBattle_NormalCave
Creating struct: $Formation_00
Creating struct: $Formation_01
Creating struct: $Formation_02
Creating struct: $Formation_03
Creating struct: $Formation_04
Creating struct: $Formation_05
Creating struct: $Formation_06
Creating struct: $Formation_07
Creating struct: $Formation_08
Creating struct: $Formation_09
Creating struct: $Formation_0A
Creating struct: $Vector3D_Top1
Creating struct: $Vector3D_Top2
Creating struct: $Vector3D_Top3
Creating struct: $Vector3D_Top4
Creating struct: $FormationTable
Creating struct: $Formation_0B
Creating struct: $Formation_0C
Creating struct: $Formation_0D
Creating struct: $Formation_0E
Creating struct: $Formation_0F
Merged 1 regions to 1
$Script_HandleEvent_DarkBeetle_Floor will be placed at 80218000 (length = A44 bytes)
$Script_TakeTurn_DarkBeetle_Ceiling will be placed at 80218A44 (length = 890 bytes)
$Script_TakeTurn_DarkBeetle_Floor will be placed at 802192D4 (length = 7F4 bytes)
$Script_PowerShock_LilSparky will be placed at 80219AC8 (length = 768 bytes)
$Script_TackleAttack_B will be placed at 8021A230 (length = 708 bytes)
$Script_TakeTurn_DarkBoo will be placed at 8021A938 (length = 630 bytes)
$Script_ElectroDash_LilSparky will be placed at 8021AF68 (length = 618 bytes)
$Script_HandleEvent_Bobuke will be placed at 8021B580 (length = 534 bytes)
$Script_HandleEvent_Bobuke2 will be placed at 8021BAB4 (length = 4C8 bytes)
$Function_80219188_LS will be placed at 8021BF7C (length = 47C bytes)
$Script_HandleEvent_DarkBoo will be placed at 8021C3F8 (length = 3EC bytes)
$Script_BlastAttack_B will be placed at 8021C7E4 (length = 3B8 bytes)
$Script_8021E89C_DarkBeetle will be placed at 8021CB9C (length = 36C bytes)
$Script_HandleEvent_DarkBeetle will be placed at 8021CF08 (length = 360 bytes)
$Script_HandleEvent_LilSparky will be placed at 8021D268 (length = 308 bytes)
$Script_TurboCharge_LilSparky will be placed at 8021D570 (length = 28C bytes)
$Script_Ignite_B will be placed at 8021D7FC (length = 19C bytes)
$Script_Idle_DarkBoo will be placed at 8021D998 (length = 198 bytes)
$Script_FindTChargeTarget will be placed at 8021DB30 (length = 180 bytes)
$Script_Init_DarkBeetle will be placed at 8021DCB0 (length = 174 bytes)
$FormationTable will be placed at 8021DE24 (length = 154 bytes)
$Script_Explode_B will be placed at 8021DF78 (length = 150 bytes)
$Function_ReturnHome_DarkBoo will be placed at 8021E0C8 (length = 130 bytes)
$Script_Defuse_B will be placed at 8021E1F8 (length = 104 bytes)
$Script_TakeTurn_LilSparky will be placed at 8021E2FC (length = EC bytes)
$Script_TakeTurn_Bobuke will be placed at 8021E3E8 (length = E0 bytes)
$Function_802181A0_DarkBeetle will be placed at 8021E4C8 (length = CC bytes)
$Function_80219358_LS will be placed at 8021E594 (length = C4 bytes)
$Script_Init_DarkBoo will be placed at 8021E658 (length = B4 bytes)
$StatusTable_DarkBeetle will be placed at 8021E70C (length = AC bytes)
$StatusTable_Bobuke will be placed at 8021E7B8 (length = AC bytes)
$StatusTable_Bobuke2 will be placed at 8021E864 (length = AC bytes)
$StatusTable_LilSparky will be placed at 8021E910 (length = AC bytes)
$Formation_0D will be placed at 8021E9BC (length = A8 bytes)
$StatusTable_DarkBoo will be placed at 8021EA64 (length = 8C bytes)
$Script_ReturnHome_DarkBoo will be placed at 8021EAF0 (length = 74 bytes)
$Script_Init_Bobuke will be placed at 8021EB64 (length = 74 bytes)
$Formation_0B will be placed at 8021EBD8 (length = 70 bytes)
$Formation_0C will be placed at 8021EC48 (length = 70 bytes)
$Formation_01 will be placed at 8021ECB8 (length = 70 bytes)
$Formation_04 will be placed at 8021ED28 (length = 70 bytes)
$Formation_05 will be placed at 8021ED98 (length = 70 bytes)
$Formation_02 will be placed at 8021EE08 (length = 70 bytes)
$Formation_09 will be placed at 8021EE78 (length = 70 bytes)
$Formation_07 will be placed at 8021EEE8 (length = 70 bytes)
$Function_80219604_LS will be placed at 8021EF58 (length = 54 bytes)
$Formation_0A will be placed at 8021EFAC (length = 54 bytes)
$Formation_0F will be placed at 8021F000 (length = 54 bytes)
$Formation_00 will be placed at 8021F054 (length = 54 bytes)
$Formation_03 will be placed at 8021F0A8 (length = 54 bytes)
$Formation_08 will be placed at 8021F0FC (length = 54 bytes)
$Script_8021AAE8_B will be placed at 8021F150 (length = 50 bytes)
$IdleAnimations_DarkBeetle will be placed at 8021F1A0 (length = 4C bytes)
$IdleAnimations_Bobuke2 will be placed at 8021F1EC (length = 4C bytes)
$IntTable_8021F1DC_DarkBeetle will be placed at 8021F238 (length = 4C bytes)
$IdleAnimations_Bobuke will be placed at 8021F284 (length = 4C bytes)
$IdleAnimations_LilSparky will be placed at 8021F2D0 (length = 4C bytes)
$Function_802196F0_LS will be placed at 8021F31C (length = 4C bytes)
$Function_802196A4_LS will be placed at 8021F368 (length = 4C bytes)
$Function_80219658_LS will be placed at 8021F3B4 (length = 4C bytes)
$IdleAnimations_DarkBeetle_Ceiling will be placed at 8021F400 (length = 4C bytes)
$Function_Vanish_DarkBoo will be placed at 8021F44C (length = 4C bytes)
$PartsTable_LilSparky will be placed at 8021F498 (length = 48 bytes)
$IdleAnimations_DarkBeetle_Flipped will be placed at 8021F4E0 (length = 44 bytes)
$Function_8021973C_LS will be placed at 8021F524 (length = 44 bytes)
$IdleAnimations_DarkBoo will be placed at 8021F568 (length = 44 bytes)
$DefenseTable_DarkBeetle_Normal will be placed at 8021F5AC (length = 44 bytes)
$DefenseTable_DarkBeetle_Flipped will be placed at 8021F5F0 (length = 44 bytes)
$Function_80219780_LS will be placed at 8021F634 (length = 38 bytes)
$Formation_0E will be placed at 8021F66C (length = 38 bytes)
$Script_8021F18C_DarkBeetle will be placed at 8021F6A4 (length = 38 bytes)
$Script_Init_LilSparky will be placed at 8021F6DC (length = 38 bytes)
$StageTable will be placed at 8021F714 (length = 30 bytes)
$Stage_Pit1 will be placed at 8021F744 (length = 28 bytes)
$Stage_Cave7 will be placed at 8021F76C (length = 28 bytes)
$Stage_Cave5 will be placed at 8021F794 (length = 28 bytes)
$Stage_Cave2 will be placed at 8021F7BC (length = 28 bytes)
$DarkBoo will be placed at 8021F7E4 (length = 28 bytes)
$Stage_Palace will be placed at 8021F80C (length = 28 bytes)
$Bobuke will be placed at 8021F834 (length = 28 bytes)
$LilSparky will be placed at 8021F85C (length = 28 bytes)
$DarkBeetle will be placed at 8021F884 (length = 28 bytes)
$PartsTable_DarkBeetle will be placed at 8021F8AC (length = 24 bytes)
$DefenseTable_LilSparky will be placed at 8021F8D0 (length = 24 bytes)
$PartsTable_DarkBoo will be placed at 8021F8F4 (length = 24 bytes)
$DefenseTable_Bobuke2 will be placed at 8021F918 (length = 24 bytes)
$DefenseTable_Bobuke will be placed at 8021F93C (length = 24 bytes)
$PartsTable_Bobuke will be placed at 8021F960 (length = 24 bytes)
$Formation_06 will be placed at 8021F984 (length = 1C bytes)
$Script_Idle_LilSparky will be placed at 8021F9A0 (length = 18 bytes)
$DefenseTable_DarkBoo will be placed at 8021F9B8 (length = 14 bytes)
$Script_BeforeBattle_NormalCave will be placed at 8021F9CC (length = 14 bytes)
$Script_AfterBattle_NormalCave will be placed at 8021F9E0 (length = 14 bytes)
$ASCII_"cav_b05_shape"_Literal will be placed at 8021F9F4 (length = 10 bytes)
$ASCII_"cav_b08_shape"_Literal will be placed at 8021FA04 (length = 10 bytes)
$ASCII_"pit_b01_shape"_Literal will be placed at 8021FA14 (length = 10 bytes)
$ASCII_"cav_b07_shape"_Literal will be placed at 8021FA24 (length = 10 bytes)
$ASCII_"cav_b02_shape"_Literal will be placed at 8021FA34 (length = 10 bytes)
$ASCII_"cav_b07_hit"_Literal will be placed at 8021FA44 (length = C bytes)
$ASCII_"pit_09"_Literal will be placed at 8021FA50 (length = C bytes)
$ASCII_"pit_b01_hit"_Literal will be placed at 8021FA5C (length = C bytes)
$Vector3D_Top4 will be placed at 8021FA68 (length = C bytes)
$Vector3D_Top3 will be placed at 8021FA74 (length = C bytes)
$Vector3D_Top2 will be placed at 8021FA80 (length = C bytes)
$Vector3D_Top1 will be placed at 8021FA8C (length = C bytes)
$ASCII_"cav_02"_Literal will be placed at 8021FA98 (length = C bytes)
$ASCII_"cav_b05_hit"_Literal will be placed at 8021FAA4 (length = C bytes)
$ASCII_"cav_b02_hit"_Literal will be placed at 8021FAB0 (length = C bytes)
$ASCII_"cav_14"_Literal will be placed at 8021FABC (length = C bytes)
$ASCII_"cav_b08_hit"_Literal will be placed at 8021FAC8 (length = C bytes)
$ConstDouble_80232B38_LS will be placed at 8021FAD8 (length = 8 bytes)
$Script_Idle_DarkBeetle will be placed at 8021FAE0 (length = 8 bytes)
$Script_Idle_Bobuke will be placed at 8021FAE8 (length = 8 bytes)
$Script_BeforeBattle_Pit will be placed at 8021FAF0 (length = 8 bytes)
$Script_AfterBattle_Pit will be placed at 8021FAF8 (length = 8 bytes)
$ASCII_"kpa_tex"_Literal will be placed at 8021FB00 (length = 8 bytes)
Reading patch file: battle/formation/patch/35 Dark Cave Part 4.bpat
Reading patch file: battle/formation/import/newenemy/Toadinator.bpat
Creating struct: $Toadinator
Creating struct: $DefenseTable_Toadinator_Red
Creating struct: $DefenseTable_Toadinator_Blue
Creating struct: $DefenseTable_Toadinator_Yellow
Creating struct: $DefenseTable_Toadinator_Orange
Creating struct: $DefenseTable_Toadinator_Green
Creating struct: $DefenseTable_Toadinator_Purple
Creating struct: $StatusTable_Toadinator
Creating struct: $PartsTable_Toadinator
Creating struct: $IdleAnimations_Toadinator_Red
Creating struct: $IdleAnimations_Toadinator_Blue
Creating struct: $IdleAnimations_Toadinator_Yellow
Creating struct: $IdleAnimations_Toadinator_Orange
Creating struct: $IdleAnimations_Toadinator_Green
Creating struct: $IdleAnimations_Toadinator_Purple
Creating struct: $Script_Init_Toadinator
Creating struct: $Script_UpdateColor
Creating struct: $Script_Idle_Toadinator
Creating struct: $Script_HandleEvent_Toadinator
Creating struct: $Script_AuxPower
Creating struct: $Script_TakeTurn_Toadinator
Creating struct: $Script_RedAttack
Creating struct: $Script_GreenAttack
Creating struct: $Script_BlueAttack
Creating struct: $Script_YellowAttack
Creating struct: $Script_PurpleAttack
Creating struct: $Function_80218200
Creating struct: $Script_OrangeAttack
Creating struct: $Script_NextTurn_Toadinator
Reading patch file: battle/formation/import/newenemy/EvilUltraShroom.bpat
Creating struct: $EvilUltraShroom
Creating struct: $DefenseTable_UltraShroom
Creating struct: $StatusTable_UltraShroom
Creating struct: $PartsTable_UltraShroom
Creating struct: $IdleAnimations_UltraShroom
Creating struct: $Script_Init_UltraShroom
Creating struct: $Script_Idle_UltraShroom
Creating struct: $Script_NextTurn_UltraShroom
Creating struct: $Script_HandleEvent_UltraShroom
Creating struct: $Function_SetBlastPalette
Creating struct: $Script_TakeTurn_UltraShroom
Reading patch file: battle/formation/import/newenemy/UnstableStar.bpat
Creating struct: $UnstableStar
Creating struct: $StatusTable_UnstableStar
Creating struct: $StatusTable_UnstableStar_Charged
Creating struct: $PartsTable_UnstableStar
Creating struct: $IdleAnimations_UnstableStar
Creating struct: $DefenseTable_UnstableStar
Creating struct: $Script_Init_UnstableStar
Creating struct: $Script_Idle_UnstableStar
Creating struct: $Function_802182A4_DarkAspirant
Creating struct: $Function_SetLightningPalette
Creating struct: $Script_ReturnHome_UnstableStar
Creating struct: $Function_ReturnHome_UnstableStar
Creating struct: $Script_HandleEvent_UnstableStar
Creating struct: $Script_TakeTurn_UnstableStar
Creating struct: $Function_WhiteWave
Creating struct: $StageTable
Creating struct: $Script_BeforeBattle_NormalCave
Creating struct: $Script_AfterBattle_NormalCave
Creating struct: $Stage_Cave1
Creating struct: $Stage_Cave5
Creating struct: $Stage_Palace
Creating struct: $Pos_Toadinator
Creating struct: $Formation_00
Creating struct: $Formation_01
Creating struct: $Formation_02
Creating struct: $FormationTable
Merged 1 regions to 1
$Script_HandleEvent_Toadinator will be placed at 80218000 (length = BC0 bytes)
$Script_TakeTurn_Toadinator will be placed at 80218BC0 (length = 810 bytes)
$Script_PurpleAttack will be placed at 802193D0 (length = 548 bytes)
$Script_HandleEvent_UltraShroom will be placed at 80219918 (length = 4F8 bytes)
$Script_UpdateColor will be placed at 80219E10 (length = 4AC bytes)
$Script_RedAttack will be placed at 8021A2BC (length = 490 bytes)
$Script_OrangeAttack will be placed at 8021A74C (length = 478 bytes)
$Script_GreenAttack will be placed at 8021ABC4 (length = 474 bytes)
$Script_HandleEvent_UnstableStar will be placed at 8021B038 (length = 41C bytes)
$Script_BlueAttack will be placed at 8021B454 (length = 358 bytes)
$Script_YellowAttack will be placed at 8021B7AC (length = 2B8 bytes)
$Script_TakeTurn_UltraShroom will be placed at 8021BA64 (length = 1D4 bytes)
$Function_802182A4_DarkAspirant will be placed at 8021BC38 (length = 19C bytes)
$Script_TakeTurn_UnstableStar will be placed at 8021BDD4 (length = 198 bytes)
$Script_Idle_UnstableStar will be placed at 8021BF6C (length = 178 bytes)
$Script_AuxPower will be placed at 8021C0E4 (length = 160 bytes)
$Function_80218200 will be placed at 8021C244 (length = 158 bytes)
$Function_ReturnHome_UnstableStar will be placed at 8021C39C (length = 130 bytes)
$Function_WhiteWave will be placed at 8021C4CC (length = 12C bytes)
$Script_NextTurn_Toadinator will be placed at 8021C5F8 (length = E0 bytes)
$Script_NextTurn_UltraShroom will be placed at 8021C6D8 (length = C4 bytes)
$Script_Init_Toadinator will be placed at 8021C79C (length = C0 bytes)
$StatusTable_UltraShroom will be placed at 8021C85C (length = AC bytes)
$StatusTable_Toadinator will be placed at 8021C908 (length = AC bytes)
$Script_Init_UnstableStar will be placed at 8021C9B4 (length = 9C bytes)
$StatusTable_UnstableStar_Charged will be placed at 8021CA50 (length = 8C bytes)
$StatusTable_UnstableStar will be placed at 8021CADC (length = 8C bytes)
$Script_ReturnHome_UnstableStar will be placed at 8021CB68 (length = 74 bytes)
$Function_SetLightningPalette will be placed at 8021CBDC (length = 74 bytes)
$Function_SetBlastPalette will be placed at 8021CC50 (length = 6C bytes)
$AuxPower will be placed at 8021CCBC (length = 64 bytes)
$OrangeForm will be placed at 8021CD20 (length = 60 bytes)
$YellowForm2 will be placed at 8021CD80 (length = 58 bytes)
$FormationTable will be placed at 8021CDD8 (length = 50 bytes)
$IdleAnimations_Toadinator_Purple will be placed at 8021CE28 (length = 4C bytes)
$IdleAnimations_UltraShroom will be placed at 8021CE74 (length = 4C bytes)
$IdleAnimations_Toadinator_Yellow will be placed at 8021CEC0 (length = 4C bytes)
$IdleAnimations_Toadinator_Red will be placed at 8021CF0C (length = 4C bytes)
$IdleAnimations_Toadinator_Blue will be placed at 8021CF58 (length = 4C bytes)
$IdleAnimations_Toadinator_Green will be placed at 8021CFA4 (length = 4C bytes)
$IdleAnimations_Toadinator_Orange will be placed at 8021CFF0 (length = 4C bytes)
$BlueForm will be placed at 8021D03C (length = 48 bytes)
$Script_Init_UltraShroom will be placed at 8021D084 (length = 48 bytes)
$YellowForm will be placed at 8021D0CC (length = 48 bytes)
$GreenFail will be placed at 8021D114 (length = 44 bytes)
$PurpleForm will be placed at 8021D158 (length = 44 bytes)
$PurpleForm2 will be placed at 8021D19C (length = 44 bytes)
$IdleAnimations_UnstableStar will be placed at 8021D1E0 (length = 44 bytes)
$GreenFail2 will be placed at 8021D224 (length = 40 bytes)
$OrangeFail will be placed at 8021D264 (length = 40 bytes)
$GreenForm will be placed at 8021D2A4 (length = 3C bytes)
$OrangeFail2 will be placed at 8021D2E0 (length = 3C bytes)
$Toadinator will be placed at 8021D31C (length = 28 bytes)
$EvilUltraShroom will be placed at 8021D344 (length = 28 bytes)
$Stage_Palace will be placed at 8021D36C (length = 28 bytes)
$Stage_Cave5 will be placed at 8021D394 (length = 28 bytes)
$Stage_Cave1 will be placed at 8021D3BC (length = 28 bytes)
$UnstableStar will be placed at 8021D3E4 (length = 28 bytes)
$PartsTable_Toadinator will be placed at 8021D40C (length = 24 bytes)
$DefenseTable_Toadinator_Orange will be placed at 8021D430 (length = 24 bytes)
$PartsTable_UltraShroom will be placed at 8021D454 (length = 24 bytes)
$PartsTable_UnstableStar will be placed at 8021D478 (length = 24 bytes)
$DefenseTable_Toadinator_Red will be placed at 8021D49C (length = 24 bytes)
$StageTable will be placed at 8021D4C0 (length = 20 bytes)
$Formation_00 will be placed at 8021D4E0 (length = 1C bytes)
$DefenseTable_Toadinator_Blue will be placed at 8021D4FC (length = 1C bytes)
$Formation_01 will be placed at 8021D518 (length = 1C bytes)
$DefenseTable_Toadinator_Yellow will be placed at 8021D534 (length = 1C bytes)
$Formation_02 will be placed at 8021D550 (length = 1C bytes)
$DefenseTable_Toadinator_Purple will be placed at 8021D56C (length = 14 bytes)
$Script_BeforeBattle_NormalCave will be placed at 8021D580 (length = 14 bytes)
$DefenseTable_UnstableStar will be placed at 8021D594 (length = 14 bytes)
$Script_AfterBattle_NormalCave will be placed at 8021D5A8 (length = 14 bytes)
$ASCII_"cav_b05_shape"_Literal will be placed at 8021D5BC (length = 10 bytes)
$ASCII_"cav_b08_shape"_Literal will be placed at 8021D5CC (length = 10 bytes)
$ASCII_"cav_b01_shape"_Literal will be placed at 8021D5DC (length = 10 bytes)
$ASCII_"cav_b05_hit"_Literal will be placed at 8021D5EC (length = C bytes)
$ASCII_"cav_b01_hit"_Literal will be placed at 8021D5F8 (length = C bytes)
$Pos_Toadinator will be placed at 8021D604 (length = C bytes)
$ASCII_"cav_11"_Literal will be placed at 8021D610 (length = C bytes)
$ASCII_"cav_b08_hit"_Literal will be placed at 8021D61C (length = C bytes)
$ASCII_"cav_17"_Literal will be placed at 8021D628 (length = C bytes)
$DefenseTable_Toadinator_Green will be placed at 8021D634 (length = C bytes)
$ASCII_"cav_13"_Literal will be placed at 8021D640 (length = C bytes)
$DefenseTable_UltraShroom will be placed at 8021D64C (length = C bytes)
$Script_Idle_Toadinator will be placed at 8021D658 (length = 8 bytes)
$Script_Idle_UltraShroom will be placed at 8021D660 (length = 8 bytes)
$ASCII_"kpa_tex"_Literal will be placed at 8021D668 (length = 8 bytes)
Reading patch file: battle/formation/patch/36 Pit Part 1.bpat
Reading patch file: battle/formation/import/newenemy/BlueNinjakoopa.bpat
Creating struct: $DefenseTable_Normal
Creating struct: $DefenseTable_Flipped
Creating struct: $StatusTable_Blue
Creating struct: $IntTable_8022DD30
Creating struct: $BlueNinjakoopa
Creating struct: $PartsTable_Blue
Creating struct: $IdleAnimations_Blue
Creating struct: $IdleAnimations_Blue_Flipped
Creating struct: $Script_Init_Blue
Creating struct: $Script_HandleEvent_Blue
Creating struct: $Script_GetUp_Blue
Creating struct: $Script_TakeTurn_Blue
Creating struct: $Function_80218438
Creating struct: $Script_ShellToss_Blue
Creating struct: $Script_Vanish
Creating struct: $Script_Unvanish
Creating struct: $Script_InvisShell_Blue
Creating struct: $Script_IcyShell_Blue
Creating struct: $Script_Jump_Blue
Creating struct: $Script_Land_Blue
Reading patch file: battle/formation/import/newenemy/DarkBones.bpat
Creating struct: $IdleAnimations_DarkBones
Creating struct: $IdleAnimations_DarkBonesDown
Creating struct: $IdleAnimations_DarkBone
Creating struct: $DefenseTable_DarkBones
Creating struct: $DefenseTable_DarkBonesDown
Creating struct: $StatusTable_DarkBones
Creating struct: $StatusTable_DarkBonesDown
Creating struct: $PartsTable_DarkBones
Creating struct: $DarkBones
Creating struct: $Script_Init_DarkBones
Creating struct: $Script_NextTurn_DarkBones
Creating struct: $Script_Idle_DarkBones
Creating struct: $Script_DarkBonesFall
Creating struct: $Script_HandleEvent_DarkBones
Creating struct: $Script_DarkBone
Creating struct: $Script_TakeTurn_DarkBones
Reading patch file: battle/formation/import/newenemy/AtomicBoo.bpat
Creating struct: $AtomicBoo
Creating struct: $StatusTable_AtomicBoo
Creating struct: $StatusTable_AtomicBoo_Charged
Creating struct: $PartsTable_AtomicBoo
Creating struct: $IdleAnimations_AtomicBoo
Creating struct: $IdleAnimations_AtomicBoo_Charged
Creating struct: $DefenseTable_AtomicBoo
Creating struct: $Script_Init_AtomicBoo
Creating struct: $Script_Idle_AtomicBoo
Creating struct: $Script_ReturnHome_AtomicBoo
Creating struct: $Function_ReturnHome_AtomicBoo
Creating struct: $Script_HandleEvent_AtomicBoo
Creating struct: $Script_TakeTurn_AtomicBoo
Creating struct: $Script_ChargeSpook
Creating struct: $Script_Spook
Creating struct: $BooPos
Creating struct: $BooFormation
Creating struct: $Script_BooCannon
Creating struct: $SkyBoo
Creating struct: $PartsTable_Boo
Creating struct: $IdleAnimations_Boo
Creating struct: $Script_Init_Boo
Creating struct: $Script_Idle_Boo
Creating struct: $StageTable
Creating struct: $Stage_Pit1
Creating struct: $Script_BeforeBattle_Normal
Creating struct: $Script_AfterBattle_Normal
Creating struct: $Formation_00
Creating struct: $Formation_01
Creating struct: $AtomicBooPos
Creating struct: $Formation_02
Creating struct: $FormationTable
Merged 1 regions to 1
$Script_TakeTurn_DarkBones will be placed at 80218000 (length = 87C bytes)
$Script_Land_Blue will be placed at 8021887C (length = 670 bytes)
$Script_InvisShell_Blue will be placed at 80218EEC (length = 59C bytes)
$Script_IcyShell_Blue will be placed at 80219488 (length = 570 bytes)
$Script_Spook will be placed at 802199F8 (length = 560 bytes)
$Script_ShellToss_Blue will be placed at 80219F58 (length = 528 bytes)
$Script_HandleEvent_DarkBones will be placed at 8021A480 (length = 514 bytes)
$Script_HandleEvent_Blue will be placed at 8021A994 (length = 510 bytes)
$Script_BooCannon will be placed at 8021AEA4 (length = 4BC bytes)
$Script_HandleEvent_AtomicBoo will be placed at 8021B360 (length = 3EC bytes)
$Script_GetUp_Blue will be placed at 8021B74C (length = 29C bytes)
$Script_DarkBonesFall will be placed at 8021B9E8 (length = 248 bytes)
$Script_ChargeSpook will be placed at 8021BC30 (length = 1E8 bytes)
$Script_Jump_Blue will be placed at 8021BE18 (length = 1C4 bytes)
$Script_Idle_AtomicBoo will be placed at 8021BFDC (length = 198 bytes)
$Script_NextTurn_DarkBones will be placed at 8021C174 (length = 194 bytes)
$Script_TakeTurn_AtomicBoo will be placed at 8021C308 (length = 180 bytes)
$Script_Idle_DarkBones will be placed at 8021C488 (length = 150 bytes)
$Script_TakeTurn_Blue will be placed at 8021C5D8 (length = 138 bytes)
$Function_ReturnHome_AtomicBoo will be placed at 8021C710 (length = 130 bytes)
$Function_80218438 will be placed at 8021C840 (length = D8 bytes)
$Script_Init_AtomicBoo will be placed at 8021C918 (length = D0 bytes)
$StatusTable_DarkBonesDown will be placed at 8021C9E8 (length = AC bytes)
$StatusTable_Blue will be placed at 8021CA94 (length = AC bytes)
$StatusTable_DarkBones will be placed at 8021CB40 (length = AC bytes)
$Script_Vanish will be placed at 8021CBEC (length = A0 bytes)
$Script_Unvanish will be placed at 8021CC8C (length = A0 bytes)
$StatusTable_AtomicBoo_Charged will be placed at 8021CD2C (length = 8C bytes)
$StatusTable_AtomicBoo will be placed at 8021CDB8 (length = 8C bytes)
$Script_ReturnHome_AtomicBoo will be placed at 8021CE44 (length = 74 bytes)
$Script_DarkBone will be placed at 8021CEB8 (length = 60 bytes)
$Script_Init_DarkBones will be placed at 8021CF18 (length = 5C bytes)
$IntTable_8022DD30 will be placed at 8021CF74 (length = 58 bytes)
$IdleAnimations_Blue will be placed at 8021CFCC (length = 54 bytes)
$IdleAnimations_Blue_Flipped will be placed at 8021D020 (length = 54 bytes)
$FormationTable will be placed at 8021D074 (length = 50 bytes)
$Script_Init_Blue will be placed at 8021D0C4 (length = 50 bytes)
$IdleAnimations_Boo will be placed at 8021D114 (length = 4C bytes)
$IdleAnimations_DarkBones will be placed at 8021D160 (length = 4C bytes)
$PartsTable_DarkBones will be placed at 8021D1AC (length = 48 bytes)
$IdleAnimations_AtomicBoo will be placed at 8021D1F4 (length = 44 bytes)
$IdleAnimations_AtomicBoo_Charged will be placed at 8021D238 (length = 44 bytes)
$Script_Init_Boo will be placed at 8021D27C (length = 38 bytes)
$SkyBoo will be placed at 8021D2B4 (length = 28 bytes)
$BlueNinjakoopa will be placed at 8021D2DC (length = 28 bytes)
$Stage_Pit1 will be placed at 8021D304 (length = 28 bytes)
$DarkBones will be placed at 8021D32C (length = 28 bytes)
$AtomicBoo will be placed at 8021D354 (length = 28 bytes)
$PartsTable_Boo will be placed at 8021D37C (length = 24 bytes)
$PartsTable_Blue will be placed at 8021D3A0 (length = 24 bytes)
$PartsTable_AtomicBoo will be placed at 8021D3C4 (length = 24 bytes)
$Formation_00 will be placed at 8021D3E8 (length = 1C bytes)
$Formation_01 will be placed at 8021D404 (length = 1C bytes)
$Formation_02 will be placed at 8021D420 (length = 1C bytes)
$DefenseTable_DarkBones will be placed at 8021D43C (length = 1C bytes)
$BooFormation will be placed at 8021D458 (length = 1C bytes)
$DefenseTable_Normal will be placed at 8021D474 (length = 14 bytes)
$DefenseTable_AtomicBoo will be placed at 8021D488 (length = 14 bytes)
$DefenseTable_Flipped will be placed at 8021D49C (length = 14 bytes)
$ASCII_"pit_b01_shape"_Literal will be placed at 8021D4B0 (length = 10 bytes)
$StageTable will be placed at 8021D4C0 (length = 10 bytes)
$DefenseTable_DarkBonesDown will be placed at 8021D4D0 (length = C bytes)
$ASCII_"pit_10"_Literal will be placed at 8021D4DC (length = C bytes)
$BooPos will be placed at 8021D4E8 (length = C bytes)
$IdleAnimations_DarkBone will be placed at 8021D4F4 (length = C bytes)
$IdleAnimations_DarkBonesDown will be placed at 8021D500 (length = C bytes)
$ASCII_"pit_b01_hit"_Literal will be placed at 8021D50C (length = C bytes)
$AtomicBooPos will be placed at 8021D518 (length = C bytes)
$Script_Idle_Boo will be placed at 8021D524 (length = 8 bytes)
$Script_AfterBattle_Normal will be placed at 8021D52C (length = 8 bytes)
$ASCII_"kpa_tex"_Literal will be placed at 8021D534 (length = 8 bytes)
$Script_BeforeBattle_Normal will be placed at 8021D53C (length = 8 bytes)
Reading patch file: battle/formation/patch/37 Pit Part 2.bpat
Reading patch file: battle/formation/import/newenemy/SparkQueen.bpat
Creating struct: $IdleAnimations_SparkQueen
Creating struct: $IdleAnimations_SmallBolts
Creating struct: $DefenseTable_SparkQueen
Creating struct: $StatusTable_SparkQueen
Creating struct: $PartsTable_SparkQueen
Creating struct: $SparkQueen
Creating struct: $Script_Init_SparkQueen
Creating struct: $Script_Idle_SparkQueen
Creating struct: $Script_HandleEvent_SparkQueen
Creating struct: $Script_TakeTurn_SparkQueen
Creating struct: $Script_ElectroDash_SparkQueen
Creating struct: $Script_PowerShock_SparkQueen
Creating struct: $Script_ChargeAttack_SparkQueen
Creating struct: $Script_ChargeBolt_SparkQueen
Creating struct: $Function_DarkenBackground
Creating struct: $Function_BrightenBackground
Creating struct: $Function_ThunderFX
Creating struct: $Script_ChargeWave_SparkQueen
Creating struct: $Function_SetStaticColors
Creating struct: $Function_SetLightningPalette
Creating struct: $Function_SetRadialPalette
Creating struct: $Function_80219658_SQ
Creating struct: $Function_802196A4_SQ
Creating struct: $Function_802196F0_SQ
Creating struct: $Function_80219604_SQ
Creating struct: $Function_8021973C_SQ
Creating struct: $Function_80219780_SQ
Creating struct: $Function_80219188_SQ
Reading patch file: battle/formation/import/newenemy/LavaCheep.bpat
Creating struct: $LavaCheep
Creating struct: $DefenseTable_LavaCheepBurning
Creating struct: $DefenseTable_LavaCheep
Creating struct: $StatusTable_LavaCheep
Creating struct: $PartsTable_LavaCheep
Creating struct: $IdleAnimations_LavaCheep
Creating struct: $IdleAnimations_Fireball
Creating struct: $Script_Init_LavaCheep
Creating struct: $Script_Ignite
Creating struct: $Script_Extinguish
Creating struct: $Script_Idle_LavaCheep
Creating struct: $Script_HandleEvent_LavaCheep
Creating struct: $Script_TakeTurn_LavaCheep
Creating struct: $Script_Lavaball
Creating struct: $Script_Fireballs
Creating struct: $Script_FireballShoot
Creating struct: $Script_FireballShoot_B
Creating struct: $VoidPos
Creating struct: $ProjectileFormation
Creating struct: $PartsTable_Projectile
Creating struct: $Projectile
Creating struct: $Script_Init_Projectile
Creating struct: $Script_Idle_Projectile
Creating struct: $Script_Bellyflop1
Creating struct: $Script_Bellyflop2
Creating struct: $Script_Bellyflop3
Reading patch file: battle/formation/import/newenemy/Beedazzle.bpat
Creating struct: $Beedazzle
Creating struct: $Function_80218000_Beedazzle
Creating struct: $Function_802180CC_Beedazzle
Creating struct: $IdleAnimations_Beedazzle
Creating struct: $IdleAnimations_Bzzrk
Creating struct: $DefenseTable_Beedazzle
Creating struct: $StatusTable_Beedazzle
Creating struct: $PartsTable_Beedazzle
Creating struct: $Script_Init_Beedazzle
Creating struct: $Script_Idle_Beedazzle
Creating struct: $Script_8021ED30_Beedazzle
Creating struct: $Script_HandleEvent_Beedazzle
Creating struct: $Script_Sting_Beedazzle
Creating struct: $Script_8021F88C_Beedazzle
Creating struct: $Script_Swarm_Beedazzle
Creating struct: $Script_TakeTurn_Beedazzle
Creating struct: $StageTable
Creating struct: $Stage_Pit1
Creating struct: $Script_BeforeBattle_Normal
Creating struct: $Script_AfterBattle_Normal
Creating struct: $Formation_00
Creating struct: $Formation_01
Creating struct: $Formation_02
Creating struct: $FormationTable
Merged 1 regions to 1
$Script_Swarm_Beedazzle will be placed at 80218000 (length = 1204 bytes)
$Script_Bellyflop3 will be placed at 80219204 (length = F54 bytes)
$Script_Bellyflop1 will be placed at 8021A158 (length = CD0 bytes)
$Script_Bellyflop2 will be placed at 8021AE28 (length = CCC bytes)
$Script_PowerShock_SparkQueen will be placed at 8021BAF4 (length = 780 bytes)
$Script_ElectroDash_SparkQueen will be placed at 8021C274 (length = 630 bytes)
$Script_HandleEvent_LavaCheep will be placed at 8021C8A4 (length = 540 bytes)
$Script_ChargeWave_SparkQueen will be placed at 8021CDE4 (length = 4F8 bytes)
$Script_Lavaball will be placed at 8021D2DC (length = 4C0 bytes)
$Script_Fireballs will be placed at 8021D79C (length = 4B4 bytes)
$Function_80219188_SQ will be placed at 8021DC50 (length = 484 bytes)
$Script_HandleEvent_Beedazzle will be placed at 8021E0D4 (length = 438 bytes)
$Script_8021F88C_Beedazzle will be placed at 8021E50C (length = 3FC bytes)
$Script_Sting_Beedazzle will be placed at 8021E908 (length = 3D4 bytes)
$Script_HandleEvent_SparkQueen will be placed at 8021ECDC (length = 390 bytes)
$Script_FireballShoot_B will be placed at 8021F06C (length = 2E4 bytes)
$Script_TakeTurn_LavaCheep will be placed at 8021F350 (length = 25C bytes)
$Script_ChargeBolt_SparkQueen will be placed at 8021F5AC (length = 1F4 bytes)
$Script_ChargeAttack_SparkQueen will be placed at 8021F7A0 (length = 1D4 bytes)
$Script_TakeTurn_SparkQueen will be placed at 8021F974 (length = 198 bytes)
$Script_Idle_Beedazzle will be placed at 8021FB0C (length = 178 bytes)
$Function_ThunderFX will be placed at 8021FC84 (length = 14C bytes)
$Function_802180CC_Beedazzle will be placed at 8021FDD0 (length = 11C bytes)
$PartsTable_Beedazzle will be placed at 8021FEEC (length = D8 bytes)
$Function_80218000_Beedazzle will be placed at 8021FFC4 (length = CC bytes)
$PartsTable_LavaCheep will be placed at 80220090 (length = B4 bytes)
$StatusTable_LavaCheep will be placed at 80220144 (length = AC bytes)
$StatusTable_Beedazzle will be placed at 802201F0 (length = AC bytes)
$StatusTable_SparkQueen will be placed at 8022029C (length = AC bytes)
$Script_Ignite will be placed at 80220348 (length = A8 bytes)
$Function_DarkenBackground will be placed at 802203F0 (length = 98 bytes)
$Function_BrightenBackground will be placed at 80220488 (length = 80 bytes)
$Script_Init_LavaCheep will be placed at 80220508 (length = 7C bytes)
$Function_SetStaticColors will be placed at 80220584 (length = 74 bytes)
$Function_SetLightningPalette will be placed at 802205F8 (length = 74 bytes)
$Script_Extinguish will be placed at 8022066C (length = 70 bytes)
$Script_8021ED30_Beedazzle will be placed at 802206DC (length = 6C bytes)
$Script_TakeTurn_Beedazzle will be placed at 80220748 (length = 64 bytes)
$Function_SetRadialPalette will be placed at 802207AC (length = 5C bytes)
$Function_80219604_SQ will be placed at 80220808 (length = 54 bytes)
$FormationTable will be placed at 8022085C (length = 50 bytes)
$Function_802196A4_SQ will be placed at 802208AC (length = 4C bytes)
$IdleAnimations_Bzzrk will be placed at 802208F8 (length = 4C bytes)
$Script_Init_SparkQueen will be placed at 80220944 (length = 4C bytes)
$IdleAnimations_Beedazzle will be placed at 80220990 (length = 4C bytes)
$Function_802196F0_SQ will be placed at 802209DC (length = 4C bytes)
$IdleAnimations_LavaCheep will be placed at 80220A28 (length = 4C bytes)
$Function_80219658_SQ will be placed at 80220A74 (length = 4C bytes)
$IdleAnimations_SmallBolts will be placed at 80220AC0 (length = 4C bytes)
$IdleAnimations_SparkQueen will be placed at 80220B0C (length = 4C bytes)
$PartsTable_SparkQueen will be placed at 80220B58 (length = 48 bytes)
$Function_8021973C_SQ will be placed at 80220BA0 (length = 44 bytes)
$Script_FireballShoot will be placed at 80220BE4 (length = 40 bytes)
$Script_Init_Beedazzle will be placed at 80220C24 (length = 38 bytes)
$Function_80219780_SQ will be placed at 80220C5C (length = 38 bytes)
$Script_Init_Projectile will be placed at 80220C94 (length = 38 bytes)
$SparkQueen will be placed at 80220CCC (length = 28 bytes)
$Projectile will be placed at 80220CF4 (length = 28 bytes)
$Beedazzle will be placed at 80220D1C (length = 28 bytes)
$Stage_Pit1 will be placed at 80220D44 (length = 28 bytes)
$LavaCheep will be placed at 80220D6C (length = 28 bytes)
$DefenseTable_LavaCheep will be placed at 80220D94 (length = 24 bytes)
$DefenseTable_LavaCheepBurning will be placed at 80220DB8 (length = 24 bytes)
$DefenseTable_SparkQueen will be placed at 80220DDC (length = 24 bytes)
$PartsTable_Projectile will be placed at 80220E00 (length = 24 bytes)
$Formation_00 will be placed at 80220E24 (length = 1C bytes)
$Formation_01 will be placed at 80220E40 (length = 1C bytes)
$Formation_02 will be placed at 80220E5C (length = 1C bytes)
$ProjectileFormation will be placed at 80220E78 (length = 1C bytes)
$Script_Idle_SparkQueen will be placed at 80220E94 (length = 18 bytes)
$DefenseTable_Beedazzle will be placed at 80220EAC (length = 14 bytes)
$ASCII_"pit_b01_shape"_Literal will be placed at 80220EC0 (length = 10 bytes)
$StageTable will be placed at 80220ED0 (length = 10 bytes)
$VoidPos will be placed at 80220EE0 (length = C bytes)
$ASCII_"pit_b01_hit"_Literal will be placed at 80220EEC (length = C bytes)
$IdleAnimations_Fireball will be placed at 80220EF8 (length = C bytes)
$ASCII_"pit_11"_Literal will be placed at 80220F04 (length = C bytes)
$Script_Idle_Projectile will be placed at 80220F10 (length = 8 bytes)
$Script_AfterBattle_Normal will be placed at 80220F18 (length = 8 bytes)
$Script_Idle_LavaCheep will be placed at 80220F20 (length = 8 bytes)
$ASCII_"kpa_tex"_Literal will be placed at 80220F28 (length = 8 bytes)
$Script_BeforeBattle_Normal will be placed at 80220F30 (length = 8 bytes)
Reading patch file: battle/formation/patch/38 Pit Part 3.bpat
Reading patch file: battle/formation/import/newenemy/Doople.bpat
Creating struct: $Doople
Creating struct: $DoopleCloneFormation
Creating struct: $VoidPos
Creating struct: $DoopleClone
Creating struct: $DefenseTable_Doople
Creating struct: $StatusTable_Doople
Creating struct: $PartsTable_Doople
Creating struct: $IdleAnimations_Doople
Creating struct: $Script_Init_Doople
Creating struct: $Script_Init_DoopleClone
Creating struct: $Script_NextTurn_Doople
Creating struct: $Script_GetOpenPosition
Creating struct: $Script_Idle_Doople
Creating struct: $Script_MakeClones
Creating struct: $Script_MakeClones_B
Creating struct: $Script_HandleEvent_Doople
Creating struct: $Script_TakeTurn_Doople
Creating struct: $Script_CastSpell
Creating struct: $Script_CastSpellB
Creating struct: $Script_LungeAttack_Doople
Reading patch file: battle/formation/import/newenemy/MagicBro.bpat
Creating struct: $MagicBro
Creating struct: $IdleAnimations_MagicBro
Creating struct: $IdleAnimations_MagicBroHammer
Creating struct: $DefenseTable_MagicBro
Creating struct: $StatusTable_MagicBro
Creating struct: $PartsTable_MagicBro
Creating struct: $Script_Init_MagicBro
Creating struct: $Script_Idle_MagicBro
Creating struct: $Script_HandleEvent_MagicBro
Creating struct: $Script_HammerMiss
Creating struct: $Script_HammerHit
Creating struct: $Script_HammerHitPartner
Creating struct: $Script_BouncyHammerMiss
Creating struct: $Script_BouncyHammerHit
Creating struct: $Script_BouncyHammerHitPartner
Creating struct: $Script_StallHammerMiss
Creating struct: $Script_StallHammerHit
Creating struct: $Script_StallHammerHitPartner
Creating struct: $Script_WrongWay
Creating struct: $Script_SlowHammer
Creating struct: $Script_BouncyHammer
Creating struct: $Script_StallHammer
Creating struct: $Script_TakeTurn_MagicBro
Reading patch file: battle/formation/import/newenemy/EmperorBeetle.bpat
Creating struct: $EmperorBeetle
Creating struct: $Function_802181A0_EmperorBeetle
Creating struct: $Function_80218200_A
Creating struct: $Function_80218200_B
Creating struct: $Function_80218200_C
Creating struct: $Function_80218200_D
Creating struct: $Function_SetGatherMagicColors_Red
Creating struct: $Function_SetGatherMagicColors_Blue
Creating struct: $Function_SetGatherMagicColors_White
Creating struct: $Function_SetGatherMagicColors_Purple
Creating struct: $Function_SetGatherMagicColors_Yellow
Creating struct: $DefenseTable_EmperorBeetle_Normal
Creating struct: $DefenseTable_EmperorBeetle_Flipped
Creating struct: $StatusTable_EmperorBeetle
Creating struct: $PartsTable_EmperorBeetle
Creating struct: $IdleAnimations_EmperorBeetle
Creating struct: $IdleAnimations_EmperorBeetle_Flipped
Creating struct: $Script_Init_EmperorBeetle
Creating struct: $Script_Idle_EmperorBeetle
Creating struct: $Script_8021AA1C_03
Creating struct: $IntTable_8021AA6C_03
Creating struct: $Script_HandleEvent_EmperorBeetle_B
Creating struct: $Script_TakeTurn_EmperorBeetle
Creating struct: $Script_TryUnflip
Creating struct: $Script_ShellToss_EmperorBeetle
Creating struct: $Script_ShapeSpell_EmperorBeetle
Creating struct: $Script_AtkDownSpell_EmperorBeetle
Creating struct: $Script_DefDownSpell_EmperorBeetle
Creating struct: $Script_StunSpell_EmperorBeetle
Creating struct: $Script_SelfBuffSpell_EmperorBeetle
Creating struct: $StageTable
Creating struct: $Stage_Pit1
Creating struct: $Script_BeforeBattle_Normal
Creating struct: $Script_AfterBattle_Normal
Creating struct: $Formation_00
Creating struct: $Formation_01
Creating struct: $Formation_02
Creating struct: $FormationTable
Merged 1 regions to 1
$Script_HandleEvent_EmperorBeetle_B will be placed at 80218000 (length = A44 bytes)
$Script_StallHammer will be placed at 80218A44 (length = 970 bytes)
$Script_BouncyHammer will be placed at 802193B4 (length = 970 bytes)
$Script_WrongWay will be placed at 80219D24 (length = 8F0 bytes)
$Script_SlowHammer will be placed at 8021A614 (length = 6E0 bytes)
$Script_ShellToss_EmperorBeetle will be placed at 8021ACF4 (length = 5E4 bytes)
$Script_LungeAttack_Doople will be placed at 8021B2D8 (length = 4A0 bytes)
$Script_DefDownSpell_EmperorBeetle will be placed at 8021B778 (length = 474 bytes)
$Script_AtkDownSpell_EmperorBeetle will be placed at 8021BBEC (length = 474 bytes)
$Script_CastSpellB will be placed at 8021C060 (length = 46C bytes)
$Script_HandleEvent_Doople will be placed at 8021C4CC (length = 454 bytes)
$Script_ShapeSpell_EmperorBeetle will be placed at 8021C920 (length = 44C bytes)
$Script_StunSpell_EmperorBeetle will be placed at 8021CD6C (length = 444 bytes)
$Script_HandleEvent_MagicBro will be placed at 8021D1B0 (length = 3A0 bytes)
$Script_SelfBuffSpell_EmperorBeetle will be placed at 8021D550 (length = 2EC bytes)
$Script_BouncyHammerHitPartner will be placed at 8021D83C (length = 294 bytes)
$Script_BouncyHammerMiss will be placed at 8021DAD0 (length = 28C bytes)
$Script_StallHammerMiss will be placed at 8021DD5C (length = 250 bytes)
$Script_BouncyHammerHit will be placed at 8021DFAC (length = 24C bytes)
$Script_StallHammerHitPartner will be placed at 8021E1F8 (length = 220 bytes)
$Script_HammerMiss will be placed at 8021E418 (length = 208 bytes)
$Script_StallHammerHit will be placed at 8021E620 (length = 200 bytes)
$Script_TakeTurn_EmperorBeetle will be placed at 8021E820 (length = 1E4 bytes)
$Script_MakeClones_B will be placed at 8021EA04 (length = 1E4 bytes)
$Script_HammerHitPartner will be placed at 8021EBE8 (length = 1D8 bytes)
$Script_TakeTurn_MagicBro will be placed at 8021EDC0 (length = 1CC bytes)
$Script_HammerHit will be placed at 8021EF8C (length = 1C8 bytes)
$Script_CastSpell will be placed at 8021F154 (length = 180 bytes)
$Script_MakeClones will be placed at 8021F2D4 (length = 180 bytes)
$Script_TryUnflip will be placed at 8021F454 (length = 164 bytes)
$Function_80218200_C will be placed at 8021F5B8 (length = 15C bytes)
$Function_80218200_D will be placed at 8021F714 (length = 15C bytes)
$Function_80218200_A will be placed at 8021F870 (length = 15C bytes)
$Function_80218200_B will be placed at 8021F9CC (length = 15C bytes)
$Script_GetOpenPosition will be placed at 8021FB28 (length = 150 bytes)
$Script_Init_EmperorBeetle will be placed at 8021FC78 (length = 138 bytes)
$Script_Idle_MagicBro will be placed at 8021FDB0 (length = 108 bytes)
$PartsTable_MagicBro will be placed at 8021FEB8 (length = D8 bytes)
$Function_802181A0_EmperorBeetle will be placed at 8021FF90 (length = CC bytes)
$StatusTable_Doople will be placed at 8022005C (length = AC bytes)
$Script_TakeTurn_Doople will be placed at 80220108 (length = AC bytes)
$StatusTable_MagicBro will be placed at 802201B4 (length = AC bytes)
$StatusTable_EmperorBeetle will be placed at 80220260 (length = AC bytes)
$Script_NextTurn_Doople will be placed at 8022030C (length = 88 bytes)
$Script_Init_Doople will be placed at 80220394 (length = 80 bytes)
$Script_Init_MagicBro will be placed at 80220414 (length = 74 bytes)
$Script_Init_DoopleClone will be placed at 80220488 (length = 70 bytes)
$Function_SetGatherMagicColors_Red will be placed at 802204F8 (length = 6C bytes)
$Function_SetGatherMagicColors_Blue will be placed at 80220564 (length = 6C bytes)
$Function_SetGatherMagicColors_Purple will be placed at 802205D0 (length = 6C bytes)
$Function_SetGatherMagicColors_White will be placed at 8022063C (length = 6C bytes)
$Function_SetGatherMagicColors_Yellow will be placed at 802206A8 (length = 6C bytes)
$FormationTable will be placed at 80220714 (length = 50 bytes)
$IdleAnimations_MagicBro will be placed at 80220764 (length = 4C bytes)
$IdleAnimations_Doople will be placed at 802207B0 (length = 4C bytes)
$IntTable_8021AA6C_03 will be placed at 802207FC (length = 4C bytes)
$IdleAnimations_EmperorBeetle will be placed at 80220848 (length = 4C bytes)
$DefenseTable_EmperorBeetle_Normal will be placed at 80220894 (length = 44 bytes)
$DefenseTable_EmperorBeetle_Flipped will be placed at 802208D8 (length = 44 bytes)
$IdleAnimations_EmperorBeetle_Flipped will be placed at 8022091C (length = 44 bytes)
$Script_8021AA1C_03 will be placed at 80220960 (length = 38 bytes)
$EmperorBeetle will be placed at 80220998 (length = 28 bytes)
$MagicBro will be placed at 802209C0 (length = 28 bytes)
$Stage_Pit1 will be placed at 802209E8 (length = 28 bytes)
$Doople will be placed at 80220A10 (length = 28 bytes)
$DoopleClone will be placed at 80220A38 (length = 28 bytes)
$PartsTable_EmperorBeetle will be placed at 80220A60 (length = 24 bytes)
$PartsTable_Doople will be placed at 80220A84 (length = 24 bytes)
$DoopleCloneFormation will be placed at 80220AA8 (length = 1C bytes)
$Formation_00 will be placed at 80220AC4 (length = 1C bytes)
$Formation_01 will be placed at 80220AE0 (length = 1C bytes)
$Formation_02 will be placed at 80220AFC (length = 1C bytes)
$ASCII_"pit_b01_shape"_Literal will be placed at 80220B18 (length = 10 bytes)
$StageTable will be placed at 80220B28 (length = 10 bytes)
$DefenseTable_Doople will be placed at 80220B38 (length = C bytes)
$IdleAnimations_MagicBroHammer will be placed at 80220B44 (length = C bytes)
$VoidPos will be placed at 80220B50 (length = C bytes)
$ASCII_"pit_b01_hit"_Literal will be placed at 80220B5C (length = C bytes)
$ASCII_"pit_11"_Literal will be placed at 80220B68 (length = C bytes)
$DefenseTable_MagicBro will be placed at 80220B74 (length = C bytes)
$Script_AfterBattle_Normal will be placed at 80220B80 (length = 8 bytes)
$Script_Idle_Doople will be placed at 80220B88 (length = 8 bytes)
$ASCII_"kpa_tex"_Literal will be placed at 80220B90 (length = 8 bytes)
$Script_BeforeBattle_Normal will be placed at 80220B98 (length = 8 bytes)
$Script_Idle_EmperorBeetle will be placed at 80220BA0 (length = 8 bytes)
Reading patch file: battle/formation/patch/39 Pit Part 4.bpat
Reading patch file: battle/formation/import/newenemy/DarkMario.bpat
Creating struct: $DarkMario
Creating struct: $DefenseTable_DarkMario0
Creating struct: $DefenseTable_DarkMario1
Creating struct: $DefenseTable_DarkMario2
Creating struct: $DefenseTable_DarkMario3
Creating struct: $DefenseTable_DarkMario4
Creating struct: $DefenseTable_DarkMario5
Creating struct: $DefenseTable_DarkMario6
Creating struct: $DefenseTable_DarkMario7
Creating struct: $DefenseTable_DarkMario8
Creating struct: $DefenseTable_DarkMario9
Creating struct: $StatusTable_DarkMario
Creating struct: $PartsTable_DarkMario
Creating struct: $IdleAnimations_DarkMario
Creating struct: $IdleAnimations_Cloud
Creating struct: $Script_Init_DarkMario
Creating struct: $Script_Idle_DarkMario
Creating struct: $Function_DDownEffect
Creating struct: $Script_MegaShake
Creating struct: $Script_CalculateAttack
Creating struct: $Script_DoHPDrain
Creating struct: $Script_CalculateDefense
Creating struct: $Function_Electrify
Creating struct: $Script_NextTurn_DarkMario
Creating struct: $Script_HandleEvent_DarkMario
Creating struct: $Script_TakeTurn_DarkMario
Creating struct: $Script_Jump_Startup
Creating struct: $Script_RunHome
Creating struct: $Script_Jump_DarkMario
Creating struct: $Script_Multibounce_DarkMario
Creating struct: $Script_PowerBounce_DarkMario
Creating struct: $Script_Hammer_DarkMario
Creating struct: $Script_MegaQuake_DarkMario
Creating struct: $Script_DualHammer_DarkMario
Reading patch file: battle/formation/import/newenemy/DarkPartners.bpat
Reading patch file: battle/formation/import/tools/ActionSteal.bpat
Creating struct: $HandleStealAction
Creating struct: $StealAction
Creating struct: $StealActionIntTable4
Creating struct: $StealActionIntTable3
Creating struct: $StealActionIntTable2
Creating struct: $StealActionIntTable1
Creating struct: $StealActionFunc1
Creating struct: $StealActionFunc2
Creating struct: $StealActionFunc3
Creating struct: $StealActionFunc4
Creating struct: $StealActionFunc5
Creating struct: $Vector3D_Down
Creating struct: $SpecialFormation_Goombario
Creating struct: $SpecialFormation_Kooper
Creating struct: $SpecialFormation_Bombette
Creating struct: $SpecialFormation_Parakarry
Creating struct: $ConstDouble_80228400
Creating struct: $ConstDouble_80228408
Creating struct: $ConstDouble_80228410
Creating struct: $ConstDouble_80228418
Creating struct: $ConstDouble_80228420
Creating struct: $ConstDouble_80228428
Creating struct: $ConstDouble_80228430
Creating struct: $ConstDouble_80228438
Creating struct: $ConstDouble_80228440
Creating struct: $ConstDouble_80228448
Creating struct: $Function_802180D0
Creating struct: $Function_80218960
Creating struct: $Function_80218C44
Creating struct: $Function_80218D10
Creating struct: $Function_80218E34
Creating struct: $Function_80238000
Creating struct: $Function_802180C0
Creating struct: $Function_80238014
Creating struct: $IdleAnimations_Goombario
Creating struct: $DefenseTable_Goombario
Creating struct: $StatusTable_Goombario
Creating struct: $PartsTable_Goombario
Creating struct: $DarkGoombario
Creating struct: $Script_Init_Goombario
Creating struct: $Script_Idle_Goombario
Creating struct: $Script_HandleEvent_Goombario
Creating struct: $Script_8021D540
Creating struct: $Script_8021D9C8
Creating struct: $Script_8021DAAC
Creating struct: $Script_Goombario_Headbonk
Creating struct: $ShakyCam
Creating struct: $Script_Goombario_Megabonk
Creating struct: $Script_Goombario_Charge
Creating struct: $GetPlayerMaxHp
Creating struct: $Script_TakeTurn_Goombario
Creating struct: $IdleAnimations_8021E9AC
Creating struct: $IdleAnimations_8021E9F8
Creating struct: $DefenseTable_8021EA44
Creating struct: $DefenseTable_8021EA50
Creating struct: $StatusTable_8021EA5C
Creating struct: $PartsTable_8021EB08
Creating struct: $DarkKooper
Creating struct: $Script_Init_8021EB54
Creating struct: $Script_Idle_8021EBD0
Creating struct: $IntTable_8021ECF0
Creating struct: $Script_HandleEvent_8021ED48
Creating struct: $Script_Kooper_GetUp
Creating struct: $Script_TakeTurn_Kooper
Creating struct: $Script_Kooper_ShellToss
Creating struct: $Script_Kooper_FireShell
Creating struct: $Script_Kooper_DizzyShell
Creating struct: $Function_SetBlastPalette
Creating struct: $IdleAnimations_80220660
Creating struct: $DefenseTable_802206AC
Creating struct: $StatusTable_802206B8
Creating struct: $PartsTable_80220764
Creating struct: $DarkBombette
Creating struct: $Script_Init_802207B0
Creating struct: $Script_Idle_802207FC
Creating struct: $Script_Bombette_ShockExplosion
Creating struct: $Script_HandleEvent_80220984
Creating struct: $Script_TakeTurn_Bombette
Creating struct: $Script_Bombette_Bomb
Creating struct: $Script_Bombette_MegaBomb
Creating struct: $Script_Bombette_ShrinkBomb
Creating struct: $Script_Bombette_BodySlam
Creating struct: $IdleAnimations_802218C0
Creating struct: $DefenseTable_8022190C
Creating struct: $StatusTable_80221918
Creating struct: $PartsTable_802219C4
Creating struct: $DarkParakarry
Creating struct: $Script_Init_80221A34
Creating struct: $Script_Idle_80221A80
Creating struct: $Script_HandleEvent_80221A90
Creating struct: $Script_SkyDive
Creating struct: $Script_ShellShot
Creating struct: $Script_AirLift
Creating struct: $Script_AirLift_FlyUp
Creating struct: $Script_TakeTurn_Parakarry
Creating struct: $DarkBow
Creating struct: $IdleAnimations_8022284C_24
Creating struct: $DefenseTable_80222898_24
Creating struct: $StatusTable_802228A4_24
Creating struct: $PartsTable_80222950_24
Creating struct: $Script_Init_802229C0_24
Creating struct: $Script_Idle_80222A0C_24
Creating struct: $Script_HandleEvent_80222A1C_24
Creating struct: $Script_Bow_Smack
Creating struct: $Script_Bow_FanSmack
Creating struct: $Script_Bow_Spook
Creating struct: $Script_TakeTurn_Bow
Creating struct: $DarkWatt
Creating struct: $Function_80218F58_24
Creating struct: $Function_802193D4_24
Creating struct: $Function_80219428_24
Creating struct: $Function_80219474_24
Creating struct: $Function_802194C0_24
Creating struct: $Function_8021950C_24
Creating struct: $Function_80219550_24
Creating struct: $Function_DarkenBackground
Creating struct: $Function_BrightenBackground
Creating struct: $Function_ThunderFX
Creating struct: $Function_SetStaticColors
Creating struct: $Function_SetLightningPalette
Creating struct: $Function_SetRadialPalette
Creating struct: $IdleAnimations_80223C1C_24
Creating struct: $DefenseTable_80223C68_24
Creating struct: $StatusTable_80223C7C_24
Creating struct: $PartsTable_80223D28_24
Creating struct: $Script_Init_80223D98_24
Creating struct: $Script_Idle_80223DE4_24
Creating struct: $Script_HandleEvent_80223E0C_24
Creating struct: $Script_Watt_Electroshock
Creating struct: $Script_Watt_ChargeBolt
Creating struct: $Script_Watt_ChargeWave
Creating struct: $Script_TakeTurn_Watt
Creating struct: $ConstDouble_80228448_24
Creating struct: $ConstDouble_8023C060
Creating struct: $Function_80238388
Creating struct: $Function_SetWaterBeamPalette
Creating struct: $DarkSushie
Creating struct: $IdleAnimations_80224B18_24
Creating struct: $DefenseTable_80224B64_24
Creating struct: $StatusTable_80224B70_24
Creating struct: $PartsTable_80224C1C_24
Creating struct: $Script_Init_80224C68_24
Creating struct: $Script_Idle_80224CB4_24
Creating struct: $Script_HandleEvent_80224CC4_24
Creating struct: $Script_Sushie_BellyFlop
Creating struct: $Script_Sushie_Squirt
Creating struct: $Script_Sushie_PoisonBlock
Creating struct: $Script_TakeTurn_Sushie
Creating struct: $Function_SpinySpawn
Creating struct: $Function_SetBreathPalette
Creating struct: $Function_SetCloudPalette
Creating struct: $DarkLakilester
Creating struct: $IdleAnimations_802264B0_24
Creating struct: $IdleAnimations_802264FC_24
Creating struct: $DefenseTable_80226508_24
Creating struct: $StatusTable_80226514_24
Creating struct: $PartsTable_802265C0_24
Creating struct: $Script_Init_80226630_24
Creating struct: $Script_Idle_8022667C_24
Creating struct: $Script_HandleEvent_8022668C_24
Creating struct: $Script_Lakilester_SpinyToss
Creating struct: $Script_Lakilester_SpinySurge
Creating struct: $Script_Lakilester_Hurricane
Creating struct: $Script_Lakilester_CloudNine
Creating struct: $Script_TakeTurn_Lakilester
Creating struct: $IdleAnimations_Buzzatrice
Creating struct: $DefenseTable_Buzzatrice
Creating struct: $PartsTable_Buzzatrice
Creating struct: $StatusTable_Buzzatrice
Creating struct: $DarkBuzzatrice
Creating struct: $Script_Init_Buzzatrice
Creating struct: $Script_Idle_Buzzatrice
Creating struct: $Script_HandleEvent_Buzzatrice
Creating struct: $Script_DamageCalc
Creating struct: $Script_Buzzatrice_MagicBlast
Creating struct: $Function_80218200
Creating struct: $Script_Buzzatrice_MagicBeam
Creating struct: $Function_ChargeCheck
Creating struct: $Function_YellowWaterBeam
Creating struct: $Function_PinkWaterBeam
Creating struct: $Function_CyanWaterBeam
Creating struct: $Script_Buzzatrice_HustleSpell
Creating struct: $Script_TakeTurn_Buzzatrice
Creating struct: $StageTable
Creating struct: $Stage_Pit1
Creating struct: $Script_BeforeBattle_Normal
Creating struct: $Script_AfterBattle_Normal
Creating struct: $Vector3_AirPartnerPos
Creating struct: $Formation_00
Creating struct: $Formation_01
Creating struct: $Formation_02
Creating struct: $Formation_03
Creating struct: $Formation_04
Creating struct: $Formation_05
Creating struct: $Formation_06
Creating struct: $Formation_07
Creating struct: $Formation_08
Creating struct: $Formation_09
Creating struct: $FormationTable
Merged 1 regions to 1
$Script_Sushie_BellyFlop will be placed at 80218000 (length = 1164 bytes)
$Script_TakeTurn_DarkMario will be placed at 80219164 (length = FDC bytes)
$Script_Bow_FanSmack will be placed at 8021A140 (length = BD8 bytes)
$Script_AirLift will be placed at 8021AD18 (length = 994 bytes)
$Script_Kooper_FireShell will be placed at 8021B6AC (length = 91C bytes)
$Script_Kooper_ShellToss will be placed at 8021BFC8 (length = 8B8 bytes)
$Function_802180D0 will be placed at 8021C880 (length = 890 bytes)
$Script_Bow_Smack will be placed at 8021D110 (length = 874 bytes)
$Script_Lakilester_SpinyToss will be placed at 8021D984 (length = 808 bytes)
$Script_Bow_Spook will be placed at 8021E18C (length = 7E8 bytes)
$Script_MegaQuake_DarkMario will be placed at 8021E974 (length = 7AC bytes)
$Script_Bombette_ShrinkBomb will be placed at 8021F120 (length = 6E4 bytes)
$Script_HandleEvent_8021ED48 will be placed at 8021F804 (length = 6C4 bytes)
$Script_Bombette_MegaBomb will be placed at 8021FEC8 (length = 69C bytes)
$Script_Buzzatrice_MagicBeam will be placed at 80220564 (length = 688 bytes)
$Script_Bombette_BodySlam will be placed at 80220BEC (length = 660 bytes)
$Script_PowerBounce_DarkMario will be placed at 8022124C (length = 634 bytes)
$Script_Watt_Electroshock will be placed at 80221880 (length = 630 bytes)
$Script_Jump_DarkMario will be placed at 80221EB0 (length = 624 bytes)
$Script_Bombette_Bomb will be placed at 802224D4 (length = 594 bytes)
$Script_Goombario_Headbonk will be placed at 80222A68 (length = 580 bytes)
$Script_SkyDive will be placed at 80222FE8 (length = 560 bytes)
$Script_HandleEvent_DarkMario will be placed at 80223548 (length = 51C bytes)
$Script_Lakilester_Hurricane will be placed at 80223A64 (length = 4B4 bytes)
$HandleStealAction will be placed at 80223F18 (length = 4A4 bytes)
$Script_Watt_ChargeWave will be placed at 802243BC (length = 4A0 bytes)
$Script_HandleEvent_80222A1C_24 will be placed at 8022485C (length = 48C bytes)
$Script_CalculateDefense will be placed at 80224CE8 (length = 488 bytes)
$Function_80218F58_24 will be placed at 80225170 (length = 480 bytes)
$Script_HandleEvent_80224CC4_24 will be placed at 802255F0 (length = 474 bytes)
$Script_Multibounce_DarkMario will be placed at 80225A64 (length = 46C bytes)
$Script_HandleEvent_80221A90 will be placed at 80225ED0 (length = 44C bytes)
$Script_Sushie_Squirt will be placed at 8022631C (length = 448 bytes)
$Script_HandleEvent_Buzzatrice will be placed at 80226764 (length = 410 bytes)
$Script_Buzzatrice_MagicBlast will be placed at 80226B74 (length = 3FC bytes)
$Script_HandleEvent_80220984 will be placed at 80226F70 (length = 3F4 bytes)
$Script_HandleEvent_8022668C_24 will be placed at 80227364 (length = 3F0 bytes)
$Script_ShellShot will be placed at 80227754 (length = 3DC bytes)
$Script_Sushie_PoisonBlock will be placed at 80227B30 (length = 3C0 bytes)
$Script_HandleEvent_Goombario will be placed at 80227EF0 (length = 3A8 bytes)
$Script_8021D540 will be placed at 80228298 (length = 3A4 bytes)
$Script_DualHammer_DarkMario will be placed at 8022863C (length = 394 bytes)
$Script_Goombario_Megabonk will be placed at 802289D0 (length = 390 bytes)
$Script_Lakilester_SpinySurge will be placed at 80228D60 (length = 37C bytes)
$Script_Kooper_DizzyShell will be placed at 802290DC (length = 374 bytes)
$Script_Hammer_DarkMario will be placed at 80229450 (length = 350 bytes)
$Script_HandleEvent_80223E0C_24 will be placed at 802297A0 (length = 308 bytes)
$Script_Buzzatrice_HustleSpell will be placed at 80229AA8 (length = 2D8 bytes)
$Script_Bombette_ShockExplosion will be placed at 80229D80 (length = 2B8 bytes)
$Script_Goombario_Charge will be placed at 8022A038 (length = 2B0 bytes)
$Function_80238000 will be placed at 8022A2E8 (length = 244 bytes)
$Script_Kooper_GetUp will be placed at 8022A52C (length = 220 bytes)
$StealActionFunc2 will be placed at 8022A74C (length = 218 bytes)
$Script_Init_DarkMario will be placed at 8022A964 (length = 1DC bytes)
$Script_CalculateAttack will be placed at 8022AB40 (length = 1D4 bytes)
$StealAction will be placed at 8022AD14 (length = 1C4 bytes)
$StealActionFunc1 will be placed at 8022AED8 (length = 1BC bytes)
$Script_Watt_ChargeBolt will be placed at 8022B094 (length = 19C bytes)
$Script_DoHPDrain will be placed at 8022B230 (length = 194 bytes)
$Script_Lakilester_CloudNine will be placed at 8022B3C4 (length = 184 bytes)
$Function_80218200 will be placed at 8022B548 (length = 158 bytes)
$Function_80218960 will be placed at 8022B6A0 (length = 154 bytes)
$Function_80238388 will be placed at 8022B7F4 (length = 154 bytes)
$Function_ThunderFX will be placed at 8022B948 (length = 14C bytes)
$Script_TakeTurn_Bow will be placed at 8022BA94 (length = 138 bytes)
$Script_TakeTurn_Bombette will be placed at 8022BBCC (length = 12C bytes)
$Script_AirLift_FlyUp will be placed at 8022BCF8 (length = 124 bytes)
$Function_80218D10 will be placed at 8022BE1C (length = 124 bytes)
$Function_80218E34 will be placed at 8022BF40 (length = 124 bytes)
$Script_TakeTurn_Kooper will be placed at 8022C064 (length = 11C bytes)
$Script_TakeTurn_Lakilester will be placed at 8022C180 (length = 114 bytes)
$ShakyCam will be placed at 8022C294 (length = 10C bytes)
$Script_MegaShake will be placed at 8022C3A0 (length = 10C bytes)
$Function_DDownEffect will be placed at 8022C4AC (length = 108 bytes)
$Script_TakeTurn_Goombario will be placed at 8022C5B4 (length = 100 bytes)
$Script_TakeTurn_Watt will be placed at 8022C6B4 (length = EC bytes)
$Function_SpinySpawn will be placed at 8022C7A0 (length = E4 bytes)
$Script_Idle_8021EBD0 will be placed at 8022C884 (length = E0 bytes)
$FormationTable will be placed at 8022C964 (length = DC bytes)
$Function_80218C44 will be placed at 8022CA40 (length = CC bytes)
$Script_TakeTurn_Buzzatrice will be placed at 8022CB0C (length = C8 bytes)
$Script_Jump_Startup will be placed at 8022CBD4 (length = B8 bytes)
$Script_8021D9C8 will be placed at 8022CC8C (length = B4 bytes)
$StatusTable_Goombario will be placed at 8022CD40 (length = AC bytes)
$StatusTable_80221918 will be placed at 8022CDEC (length = AC bytes)
$StatusTable_DarkMario will be placed at 8022CE98 (length = AC bytes)
$StatusTable_80223C7C_24 will be placed at 8022CF44 (length = AC bytes)
$StatusTable_Buzzatrice will be placed at 8022CFF0 (length = AC bytes)
$StatusTable_80226514_24 will be placed at 8022D09C (length = AC bytes)
$StatusTable_802206B8 will be placed at 8022D148 (length = AC bytes)
$StatusTable_8021EA5C will be placed at 8022D1F4 (length = AC bytes)
$Script_8021DAAC will be placed at 8022D2A0 (length = AC bytes)
$StatusTable_802228A4_24 will be placed at 8022D34C (length = AC bytes)
$StatusTable_80224B70_24 will be placed at 8022D3F8 (length = AC bytes)
$StealActionFunc4 will be placed at 8022D4A4 (length = A0 bytes)
$Script_TakeTurn_Sushie will be placed at 8022D544 (length = 9C bytes)
$Script_DamageCalc will be placed at 8022D5E0 (length = 9C bytes)
$Function_DarkenBackground will be placed at 8022D67C (length = 98 bytes)
$Script_TakeTurn_Parakarry will be placed at 8022D714 (length = 94 bytes)
$Function_BrightenBackground will be placed at 8022D7A8 (length = 80 bytes)
$Function_80238014 will be placed at 8022D828 (length = 78 bytes)
$Function_SetLightningPalette will be placed at 8022D8A0 (length = 74 bytes)
$Script_Init_8021EB54 will be placed at 8022D914 (length = 74 bytes)
$Function_SetStaticColors will be placed at 8022D988 (length = 74 bytes)
$Function_SetCloudPalette will be placed at 8022D9FC (length = 74 bytes)
$Script_Init_802229C0_24 will be placed at 8022DA70 (length = 74 bytes)
$Function_SetBlastPalette will be placed at 8022DAE4 (length = 6C bytes)
$Function_PinkWaterBeam will be placed at 8022DB50 (length = 6C bytes)
$Function_SetWaterBeamPalette will be placed at 8022DBBC (length = 6C bytes)
$Function_SetBreathPalette will be placed at 8022DC28 (length = 6C bytes)
$Function_YellowWaterBeam will be placed at 8022DC94 (length = 6C bytes)
$Function_CyanWaterBeam will be placed at 8022DD00 (length = 6C bytes)
$Function_ChargeCheck will be placed at 8022DD6C (length = 60 bytes)
$Script_Init_Goombario will be placed at 8022DDCC (length = 60 bytes)
$StealActionFunc3 will be placed at 8022DE2C (length = 60 bytes)
$Function_SetRadialPalette will be placed at 8022DE8C (length = 5C bytes)
$Function_802180C0 will be placed at 8022DEE8 (length = 58 bytes)
$IntTable_8021ECF0 will be placed at 8022DF40 (length = 58 bytes)
$Script_RunHome will be placed at 8022DF98 (length = 58 bytes)
$StealActionFunc5 will be placed at 8022DFF0 (length = 58 bytes)
$Function_802193D4_24 will be placed at 8022E048 (length = 54 bytes)
$Script_Init_80221A34 will be placed at 8022E09C (length = 4C bytes)
$IdleAnimations_Goombario will be placed at 8022E0E8 (length = 4C bytes)
$IdleAnimations_Buzzatrice will be placed at 8022E134 (length = 4C bytes)
$IdleAnimations_8021E9AC will be placed at 8022E180 (length = 4C bytes)
$Script_Init_802207B0 will be placed at 8022E1CC (length = 4C bytes)
$Script_Init_80223D98_24 will be placed at 8022E218 (length = 4C bytes)
$IdleAnimations_80223C1C_24 will be placed at 8022E264 (length = 4C bytes)
$Script_Init_80224C68_24 will be placed at 8022E2B0 (length = 4C bytes)
$IdleAnimations_8021E9F8 will be placed at 8022E2FC (length = 4C bytes)
$IdleAnimations_802218C0 will be placed at 8022E348 (length = 4C bytes)
$IdleAnimations_80224B18_24 will be placed at 8022E394 (length = 4C bytes)
$Script_Init_80226630_24 will be placed at 8022E3E0 (length = 4C bytes)
$Function_80219474_24 will be placed at 8022E42C (length = 4C bytes)
$IdleAnimations_80220660 will be placed at 8022E478 (length = 4C bytes)
$Function_Electrify will be placed at 8022E4C4 (length = 4C bytes)
$Function_80219428_24 will be placed at 8022E510 (length = 4C bytes)
$IdleAnimations_8022284C_24 will be placed at 8022E55C (length = 4C bytes)
$IdleAnimations_802264B0_24 will be placed at 8022E5A8 (length = 4C bytes)
$Script_Init_Buzzatrice will be placed at 8022E5F4 (length = 4C bytes)
$IdleAnimations_DarkMario will be placed at 8022E640 (length = 4C bytes)
$Function_802194C0_24 will be placed at 8022E68C (length = 4C bytes)
$GetPlayerMaxHp will be placed at 8022E6D8 (length = 48 bytes)
$PartsTable_Buzzatrice will be placed at 8022E720 (length = 48 bytes)
$PartsTable_802265C0_24 will be placed at 8022E768 (length = 48 bytes)
$PartsTable_DarkMario will be placed at 8022E7B0 (length = 48 bytes)
$PartsTable_802219C4 will be placed at 8022E7F8 (length = 48 bytes)
$PartsTable_80222950_24 will be placed at 8022E840 (length = 48 bytes)
$PartsTable_80223D28_24 will be placed at 8022E888 (length = 48 bytes)
$Function_8021950C_24 will be placed at 8022E8D0 (length = 44 bytes)
$Function_80219550_24 will be placed at 8022E914 (length = 38 bytes)
$Formation_01 will be placed at 8022E94C (length = 38 bytes)
$Formation_04 will be placed at 8022E984 (length = 38 bytes)
$Formation_05 will be placed at 8022E9BC (length = 38 bytes)
$Formation_02 will be placed at 8022E9F4 (length = 38 bytes)
$Formation_03 will be placed at 8022EA2C (length = 38 bytes)
$Formation_08 will be placed at 8022EA64 (length = 38 bytes)
$Formation_09 will be placed at 8022EA9C (length = 38 bytes)
$Formation_06 will be placed at 8022EAD4 (length = 38 bytes)
$Formation_07 will be placed at 8022EB0C (length = 38 bytes)
$DarkParakarry will be placed at 8022EB44 (length = 28 bytes)
$DarkBuzzatrice will be placed at 8022EB6C (length = 28 bytes)
$Stage_Pit1 will be placed at 8022EB94 (length = 28 bytes)
$DarkKooper will be placed at 8022EBBC (length = 28 bytes)
$DarkWatt will be placed at 8022EBE4 (length = 28 bytes)
$DarkLakilester will be placed at 8022EC0C (length = 28 bytes)
$DarkGoombario will be placed at 8022EC34 (length = 28 bytes)
$DarkMario will be placed at 8022EC5C (length = 28 bytes)
$DarkBow will be placed at 8022EC84 (length = 28 bytes)
$DarkSushie will be placed at 8022ECAC (length = 28 bytes)
$DarkBombette will be placed at 8022ECD4 (length = 28 bytes)
$DefenseTable_80223C68_24 will be placed at 8022ECFC (length = 24 bytes)
$PartsTable_8021EB08 will be placed at 8022ED20 (length = 24 bytes)
$PartsTable_80224C1C_24 will be placed at 8022ED44 (length = 24 bytes)
$PartsTable_80220764 will be placed at 8022ED68 (length = 24 bytes)
$PartsTable_Goombario will be placed at 8022ED8C (length = 24 bytes)
$Script_NextTurn_DarkMario will be placed at 8022EDB0 (length = 20 bytes)
$Formation_00 will be placed at 8022EDD0 (length = 1C bytes)
$DefenseTable_Buzzatrice will be placed at 8022EDEC (length = 1C bytes)
$SpecialFormation_Bombette will be placed at 8022EE08 (length = 18 bytes)
$SpecialFormation_Kooper will be placed at 8022EE20 (length = 18 bytes)
$Script_Idle_80223DE4_24 will be placed at 8022EE38 (length = 18 bytes)
$SpecialFormation_Goombario will be placed at 8022EE50 (length = 18 bytes)
$SpecialFormation_Parakarry will be placed at 8022EE68 (length = 18 bytes)
$DefenseTable_80226508_24 will be placed at 8022EE80 (length = 14 bytes)
$DefenseTable_80222898_24 will be placed at 8022EE94 (length = 14 bytes)
$DefenseTable_8022190C will be placed at 8022EEA8 (length = 14 bytes)
$ASCII_"pit_b01_shape"_Literal will be placed at 8022EEBC (length = 10 bytes)
$StageTable will be placed at 8022EECC (length = 10 bytes)
$ASCII_"pit_12"_Literal will be placed at 8022EEDC (length = C bytes)
$ASCII_"pit_b01_hit"_Literal will be placed at 8022EEE8 (length = C bytes)
$Vector3_AirPartnerPos will be placed at 8022EEF4 (length = C bytes)
$Vector3D_Down will be placed at 8022EF00 (length = C bytes)
$DefenseTable_80224B64_24 will be placed at 8022EF0C (length = C bytes)
$DefenseTable_Goombario will be placed at 8022EF18 (length = C bytes)
$IdleAnimations_Cloud will be placed at 8022EF24 (length = C bytes)
$StealActionIntTable4 will be placed at 8022EF30 (length = C bytes)
$StealActionIntTable3 will be placed at 8022EF3C (length = C bytes)
$StealActionIntTable2 will be placed at 8022EF48 (length = C bytes)
$StealActionIntTable1 will be placed at 8022EF54 (length = C bytes)
$IdleAnimations_802264FC_24 will be placed at 8022EF60 (length = C bytes)
$DefenseTable_DarkMario9 will be placed at 8022EF6C (length = C bytes)
$DefenseTable_DarkMario3 will be placed at 8022EF78 (length = C bytes)
$DefenseTable_DarkMario4 will be placed at 8022EF84 (length = C bytes)
$DefenseTable_DarkMario1 will be placed at 8022EF90 (length = C bytes)
$DefenseTable_DarkMario2 will be placed at 8022EF9C (length = C bytes)
$DefenseTable_DarkMario7 will be placed at 8022EFA8 (length = C bytes)
$DefenseTable_DarkMario8 will be placed at 8022EFB4 (length = C bytes)
$DefenseTable_DarkMario5 will be placed at 8022EFC0 (length = C bytes)
$DefenseTable_DarkMario6 will be placed at 8022EFCC (length = C bytes)
$DefenseTable_DarkMario0 will be placed at 8022EFD8 (length = C bytes)
$DefenseTable_802206AC will be placed at 8022EFE4 (length = C bytes)
$DefenseTable_8021EA44 will be placed at 8022EFF0 (length = C bytes)
$DefenseTable_8021EA50 will be placed at 8022EFFC (length = C bytes)
$Script_Idle_Buzzatrice will be placed at 8022F008 (length = 8 bytes)
$ConstDouble_8023C060 will be placed at 8022F010 (length = 8 bytes)
$Script_Idle_80222A0C_24 will be placed at 8022F018 (length = 8 bytes)
$Script_Idle_802207FC will be placed at 8022F020 (length = 8 bytes)
$Script_Idle_DarkMario will be placed at 8022F028 (length = 8 bytes)
$ASCII_"kpa_tex"_Literal will be placed at 8022F030 (length = 8 bytes)
$ConstDouble_80228428 will be placed at 8022F038 (length = 8 bytes)
$ConstDouble_80228420 will be placed at 8022F040 (length = 8 bytes)
$ConstDouble_80228440 will be placed at 8022F048 (length = 8 bytes)
$Script_Idle_80221A80 will be placed at 8022F050 (length = 8 bytes)
$ConstDouble_80228438 will be placed at 8022F058 (length = 8 bytes)
$ConstDouble_80228430 will be placed at 8022F060 (length = 8 bytes)
$Script_Idle_8022667C_24 will be placed at 8022F068 (length = 8 bytes)
$ConstDouble_80228448 will be placed at 8022F070 (length = 8 bytes)
$Script_BeforeBattle_Normal will be placed at 8022F078 (length = 8 bytes)
$Script_Idle_Goombario will be placed at 8022F080 (length = 8 bytes)
$Script_AfterBattle_Normal will be placed at 8022F088 (length = 8 bytes)
$Script_Idle_80224CB4_24 will be placed at 8022F090 (length = 8 bytes)
$ConstDouble_80228408 will be placed at 8022F098 (length = 8 bytes)
$ConstDouble_80228400 will be placed at 8022F0A0 (length = 8 bytes)
$ConstDouble_80228418 will be placed at 8022F0A8 (length = 8 bytes)
$ConstDouble_80228410 will be placed at 8022F0B0 (length = 8 bytes)
$ConstDouble_80228448_24 will be placed at 8022F0B8 (length = 8 bytes)
Reading patch file: battle/formation/patch/3A Dark Temple Part 1.bpat
Reading patch file: battle/formation/import/newenemy/DarkGoomba.bpat
Creating struct: $Function_80218000_DG
Creating struct: $Function_80218500_01
Creating struct: $Function_8021868C_DG
Creating struct: $Function_80218458_DG
Creating struct: $Function_8021849C_DG
Creating struct: $Function_802184D4_DG
Creating struct: $DefenseTable_DarkGoomba
Creating struct: $StatusTable_DarkGoomba
Creating struct: $PartsTable_DarkGoomba
Creating struct: $DarkGoomba
Creating struct: $IdleAnimations_DarkGoomba
Creating struct: $IdleAnimations_DarkGoomba_Moving
Creating struct: $IdleAnimations_DarkGoomba_Charged
Creating struct: $Script_Init_DarkGoomba
Creating struct: $Script_Charge_DarkGoomba
Creating struct: $Script_TakeTurn_DarkGoomba
Creating struct: $Script_Idle_DarkGoomba
Creating struct: $Script_HandleEvent_DarkGoomba
Creating struct: $FloatTable_DarkGoomba
Creating struct: $Script_Headbonk_DarkGoomba
Reading patch file: battle/formation/import/newenemy/InsaneeDayzee.bpat
Creating struct: $DefenseTable_Insanee
Creating struct: $StatusTable_Insanee
Creating struct: $PartsTable_Insanee
Creating struct: $InsaneeDayzee
Creating struct: $IdleAnimations_Insanee
Creating struct: $Script_Init_Insanee
Creating struct: $Script_Idle_Insanee
Creating struct: $Script_Insanee_8021D94C
Creating struct: $Script_HandleEvent_Insanee
Creating struct: $Function_DarkenBackground_Insanee
Creating struct: $Function_BrightenBackground_Insanee
Creating struct: $Script_Insanee_CurseSing
Creating struct: $Script_Insanee_Sing
Creating struct: $Script_TakeTurn_Insanee
Reading patch file: battle/formation/import/newenemy/Ztar.bpat
Creating struct: $Ztar
Creating struct: $StatusTable_ZTARStar
Creating struct: $PartsTable_ZTARStar
Creating struct: $IdleAnimations_ZTARStar
Creating struct: $DefenseTable_ZTARStar
Creating struct: $Script_Init_ZTARStar
Creating struct: $Script_HandleEvent_ZTARStar
Creating struct: $Script_TakeTurn_ZTARStar
Creating struct: $Script_ReadBookZTAR
Creating struct: $Script_AttackZTAR
Creating struct: $Script_AngerBoost
Creating struct: $Function_80218458_STAR
Creating struct: $Function_8021849C_STAR
Creating struct: $Function_802184D4_STAR
Creating struct: $Function_Subtract_1_SP
Reading patch file: battle/formation/import/newenemy/DarkBubble.bpat
Creating struct: $DarkBubble
Creating struct: $DarkBubble2
Creating struct: $PartsTable_DarkBubble
Creating struct: $IdleAnimations_DarkBubble
Creating struct: $IdleAnimations_DarkBubble2
Creating struct: $DefenseTable_DarkBubble
Creating struct: $StatusTable_DarkBubble
Creating struct: $Function_80218020_DarkBubble
Creating struct: $Script_Init_DarkBubble
Creating struct: $Script_Idle_DarkBubble
Creating struct: $Script_8021B2FC_DarkBubble
Creating struct: $Script_8021B398_DarkBubble
Creating struct: $Vector3D_OOB
Creating struct: $SpecialFormation_DarkBubble
Creating struct: $Script_Split_DarkBubble
Creating struct: $Script_HandleEvent_DarkBubble
Creating struct: $Script_Tackle_DarkBubble
Creating struct: $Script_FP_Drain
Creating struct: $Script_8021C454_DarkBubble
Creating struct: $Script_8021C5F8_DarkBubble
Creating struct: $Script_PartnerFireballs_DarkBubble
Creating struct: $Script_PlayerFireballs_DarkBubble
Creating struct: $Script_TakeTurn_DarkBubble
Creating struct: $StageTable
Creating struct: $Stage_Pit1
Creating struct: $Stage_InsideBasic
Creating struct: $Stage_InsideFiery
Creating struct: $Stage_InsideSwitches
Creating struct: $Stage_InsidePillars
Creating struct: $Stage_InsidePlatforms
Creating struct: $Script_BeforeBattle_Pit
Creating struct: $Script_AfterBattle_Pit
Creating struct: $Formation_00
Creating struct: $Formation_01
Creating struct: $Formation_02
Creating struct: $Formation_03
Creating struct: $Formation_04
Creating struct: $Formation_05
Creating struct: $Formation_06
Creating struct: $Formation_07
Creating struct: $Formation_08
Creating struct: $Formation_09
Creating struct: $Formation_0A
Creating struct: $Formation_0B
Creating struct: $Formation_0C
Creating struct: $FormationTable
Merged 1 regions to 1
$Script_Headbonk_DarkGoomba will be placed at 80218000 (length = A30 bytes)
$Script_Charge_DarkGoomba will be placed at 80218A30 (length = 998 bytes)
$Script_HandleEvent_DarkGoomba will be placed at 802193C8 (length = 6BC bytes)
$Script_AttackZTAR will be placed at 80219A84 (length = 684 bytes)
$Script_Tackle_DarkBubble will be placed at 8021A108 (length = 4A4 bytes)
$Script_PlayerFireballs_DarkBubble will be placed at 8021A5AC (length = 478 bytes)
$Script_PartnerFireballs_DarkBubble will be placed at 8021AA24 (length = 43C bytes)
$Script_HandleEvent_DarkBubble will be placed at 8021AE60 (length = 404 bytes)
$Script_HandleEvent_Insanee will be placed at 8021B264 (length = 3C0 bytes)
$Script_HandleEvent_ZTARStar will be placed at 8021B624 (length = 3A4 bytes)
$Script_Insanee_Sing will be placed at 8021B9C8 (length = 354 bytes)
$Script_ReadBookZTAR will be placed at 8021BD1C (length = 2A4 bytes)
$Script_Idle_DarkGoomba will be placed at 8021BFC0 (length = 298 bytes)
$Script_Split_DarkBubble will be placed at 8021C258 (length = 240 bytes)
$Script_TakeTurn_DarkBubble will be placed at 8021C498 (length = 1E0 bytes)
$Script_Insanee_CurseSing will be placed at 8021C678 (length = 1DC bytes)
$Script_Idle_DarkBubble will be placed at 8021C854 (length = 1D8 bytes)
$Function_80218500_01 will be placed at 8021CA2C (length = 18C bytes)
$Script_FP_Drain will be placed at 8021CBB8 (length = 188 bytes)
$Script_Init_DarkBubble will be placed at 8021CD40 (length = 184 bytes)
$FloatTable_DarkGoomba will be placed at 8021CEC4 (length = 16C bytes)
$Script_8021B398_DarkBubble will be placed at 8021D030 (length = 160 bytes)
$Script_8021C454_DarkBubble will be placed at 8021D190 (length = 14C bytes)
$Script_TakeTurn_DarkGoomba will be placed at 8021D2DC (length = 14C bytes)
$Function_80218020_DarkBubble will be placed at 8021D428 (length = 130 bytes)
$FormationTable will be placed at 8021D558 (length = 118 bytes)
$Function_8021868C_DG will be placed at 8021D670 (length = F4 bytes)
$Script_TakeTurn_Insanee will be placed at 8021D764 (length = E8 bytes)
$PartsTable_DarkBubble will be placed at 8021D84C (length = B4 bytes)
$StatusTable_DarkBubble will be placed at 8021D900 (length = AC bytes)
$StatusTable_DarkGoomba will be placed at 8021D9AC (length = AC bytes)
$StatusTable_Insanee will be placed at 8021DA58 (length = AC bytes)
$Function_DarkenBackground_Insanee will be placed at 8021DB04 (length = 98 bytes)
$StatusTable_ZTARStar will be placed at 8021DB9C (length = 8C bytes)
$Function_BrightenBackground_Insanee will be placed at 8021DC28 (length = 80 bytes)
$Script_8021B2FC_DarkBubble will be placed at 8021DCA8 (length = 74 bytes)
$Formation_0A will be placed at 8021DD1C (length = 70 bytes)
$Formation_0B will be placed at 8021DD8C (length = 70 bytes)
$Formation_0C will be placed at 8021DDFC (length = 70 bytes)
$Formation_05 will be placed at 8021DE6C (length = 70 bytes)
$Formation_02 will be placed at 8021DEDC (length = 70 bytes)
$Formation_03 will be placed at 8021DF4C (length = 70 bytes)
$Formation_08 will be placed at 8021DFBC (length = 70 bytes)
$Formation_09 will be placed at 8021E02C (length = 70 bytes)
$Formation_06 will be placed at 8021E09C (length = 70 bytes)
$Script_AngerBoost will be placed at 8021E10C (length = 60 bytes)
$Script_Init_DarkGoomba will be placed at 8021E16C (length = 60 bytes)
$Function_802184D4_STAR will be placed at 8021E1CC (length = 58 bytes)
$Function_80218000_DG will be placed at 8021E224 (length = 58 bytes)
$Function_802184D4_DG will be placed at 8021E27C (length = 58 bytes)
$Formation_01 will be placed at 8021E2D4 (length = 54 bytes)
$Formation_04 will be placed at 8021E328 (length = 54 bytes)
$Script_Init_Insanee will be placed at 8021E37C (length = 4C bytes)
$IdleAnimations_Insanee will be placed at 8021E3C8 (length = 4C bytes)
$IdleAnimations_DarkGoomba_Charged will be placed at 8021E414 (length = 4C bytes)
$IdleAnimations_DarkGoomba will be placed at 8021E460 (length = 4C bytes)
$Script_Init_ZTARStar will be placed at 8021E4AC (length = 4C bytes)
$IdleAnimations_DarkGoomba_Moving will be placed at 8021E4F8 (length = 4C bytes)
$IdleAnimations_DarkBubble will be placed at 8021E544 (length = 4C bytes)
$IdleAnimations_ZTARStar will be placed at 8021E590 (length = 44 bytes)
$Function_80218458_DG will be placed at 8021E5D4 (length = 44 bytes)
$Function_80218458_STAR will be placed at 8021E618 (length = 44 bytes)
$Script_8021C5F8_DarkBubble will be placed at 8021E65C (length = 40 bytes)
$Function_8021849C_STAR will be placed at 8021E69C (length = 38 bytes)
$Function_8021849C_DG will be placed at 8021E6D4 (length = 38 bytes)
$StageTable will be placed at 8021E70C (length = 38 bytes)
$Formation_00 will be placed at 8021E744 (length = 38 bytes)
$Formation_07 will be placed at 8021E77C (length = 38 bytes)
$DefenseTable_ZTARStar will be placed at 8021E7B4 (length = 34 bytes)
$InsaneeDayzee will be placed at 8021E7E8 (length = 28 bytes)
$Ztar will be placed at 8021E810 (length = 28 bytes)
$DarkGoomba will be placed at 8021E838 (length = 28 bytes)
$Stage_InsideBasic will be placed at 8021E860 (length = 28 bytes)
$Stage_Pit1 will be placed at 8021E888 (length = 28 bytes)
$Stage_InsideFiery will be placed at 8021E8B0 (length = 28 bytes)
$Stage_InsideSwitches will be placed at 8021E8D8 (length = 28 bytes)
$DarkBubble2 will be placed at 8021E900 (length = 28 bytes)
$DarkBubble will be placed at 8021E928 (length = 28 bytes)
$Script_Insanee_8021D94C will be placed at 8021E950 (length = 28 bytes)
$Stage_InsidePillars will be placed at 8021E978 (length = 28 bytes)
$Stage_InsidePlatforms will be placed at 8021E9A0 (length = 28 bytes)
$PartsTable_Insanee will be placed at 8021E9C8 (length = 24 bytes)
$PartsTable_ZTARStar will be placed at 8021E9EC (length = 24 bytes)
$Function_Subtract_1_SP will be placed at 8021EA10 (length = 24 bytes)
$PartsTable_DarkGoomba will be placed at 8021EA34 (length = 24 bytes)
$DefenseTable_DarkBubble will be placed at 8021EA58 (length = 1C bytes)
$SpecialFormation_DarkBubble will be placed at 8021EA74 (length = 1C bytes)
$DefenseTable_Insanee will be placed at 8021EA90 (length = 14 bytes)
$DefenseTable_DarkGoomba will be placed at 8021EAA4 (length = 14 bytes)
$ASCII_"tem_b04_shape"_Literal will be placed at 8021EAB8 (length = 10 bytes)
$ASCII_"tem_b06_shape"_Literal will be placed at 8021EAC8 (length = 10 bytes)
$ASCII_"tem_b02_shape"_Literal will be placed at 8021EAD8 (length = 10 bytes)
$ASCII_"pit_b01_shape"_Literal will be placed at 8021EAE8 (length = 10 bytes)
$Script_TakeTurn_ZTARStar will be placed at 8021EAF8 (length = 10 bytes)
$ASCII_"tem_b03_shape"_Literal will be placed at 8021EB08 (length = 10 bytes)
$ASCII_"tem_b05_shape"_Literal will be placed at 8021EB18 (length = 10 bytes)
$Vector3D_OOB will be placed at 8021EB28 (length = C bytes)
$IdleAnimations_DarkBubble2 will be placed at 8021EB34 (length = C bytes)
$ASCII_"tem_b03_hit"_Literal will be placed at 8021EB40 (length = C bytes)
$ASCII_"tem_01"_Literal will be placed at 8021EB4C (length = C bytes)
$ASCII_"tem_07"_Literal will be placed at 8021EB58 (length = C bytes)
$ASCII_"pit_b01_hit"_Literal will be placed at 8021EB64 (length = C bytes)
$ASCII_"tem_b02_hit"_Literal will be placed at 8021EB70 (length = C bytes)
$ASCII_"tem_b06_hit"_Literal will be placed at 8021EB7C (length = C bytes)
$ASCII_"tem_b04_hit"_Literal will be placed at 8021EB88 (length = C bytes)
$ASCII_"tem_03"_Literal will be placed at 8021EB94 (length = C bytes)
$ASCII_"tem_b05_hit"_Literal will be placed at 8021EBA0 (length = C bytes)
$ASCII_"pit_10"_Literal will be placed at 8021EBAC (length = C bytes)
$ASCII_"tem_06"_Literal will be placed at 8021EBB8 (length = C bytes)
$ASCII_"tem_09"_Literal will be placed at 8021EBC4 (length = C bytes)
$Script_Idle_Insanee will be placed at 8021EBD0 (length = 8 bytes)
$Script_BeforeBattle_Pit will be placed at 8021EBD8 (length = 8 bytes)
$Script_AfterBattle_Pit will be placed at 8021EBE0 (length = 8 bytes)
$ASCII_"kpa_tex"_Literal will be placed at 8021EBE8 (length = 8 bytes)
Reading patch file: battle/formation/patch/3B Dark Temple Part 2.bpat
Reading patch file: battle/formation/import/newenemy/DarkSentinel.bpat
Creating struct: $DarkSentinel
Creating struct: $DefenseTable_DarkSentinel
Creating struct: $StatusTable_DarkSentinel
Creating struct: $PartsTable_DarkSentinel
Creating struct: $IdleAnimations_DarkSentinel
Creating struct: $Script_Init_DarkSentinel
Creating struct: $Script_Idle_DarkSentinel
Creating struct: $Script_HandleEvent_DarkSentinel
Creating struct: $Script_TakeTurn_DarkSentinel
Creating struct: $Vector3D_Down
Creating struct: $SpecialFormation_Sentinel_DarkGoomba
Creating struct: $SpecialFormation_Sentinel_InsaneeDayzee
Creating struct: $SpecialFormation_Sentinel_DarkClubba
Creating struct: $Script_RandomSummon
Creating struct: $Script_GetFirstOpenColumn
Creating struct: $Script_CountActiveSummoners_DS
Creating struct: $Script_RegularGrab
Creating struct: $Script_SpinGrab
Creating struct: $Script_StopGrab
Creating struct: $Script_GoHome
Reading patch file: battle/formation/import/newenemy/DarkGoomba.bpat
Creating struct: $Function_80218000_DG
Creating struct: $Function_80218500_01
Creating struct: $Function_8021868C_DG
Creating struct: $Function_80218458_DG
Creating struct: $Function_8021849C_DG
Creating struct: $Function_802184D4_DG
Creating struct: $DefenseTable_DarkGoomba
Creating struct: $StatusTable_DarkGoomba
Creating struct: $PartsTable_DarkGoomba
Creating struct: $DarkGoomba
Creating struct: $IdleAnimations_DarkGoomba
Creating struct: $IdleAnimations_DarkGoomba_Moving
Creating struct: $IdleAnimations_DarkGoomba_Charged
Creating struct: $Script_Init_DarkGoomba
Creating struct: $Script_Charge_DarkGoomba
Creating struct: $Script_TakeTurn_DarkGoomba
Creating struct: $Script_Idle_DarkGoomba
Creating struct: $Script_HandleEvent_DarkGoomba
Creating struct: $FloatTable_DarkGoomba
Creating struct: $Script_Headbonk_DarkGoomba
Reading patch file: battle/formation/import/newenemy/InsaneeDayzee.bpat
Creating struct: $DefenseTable_Insanee
Creating struct: $StatusTable_Insanee
Creating struct: $PartsTable_Insanee
Creating struct: $InsaneeDayzee
Creating struct: $IdleAnimations_Insanee
Creating struct: $Script_Init_Insanee
Creating struct: $Script_Idle_Insanee
Creating struct: $Script_Insanee_8021D94C
Creating struct: $Script_HandleEvent_Insanee
Creating struct: $Function_DarkenBackground_Insanee
Creating struct: $Function_BrightenBackground_Insanee
Creating struct: $Script_Insanee_CurseSing
Creating struct: $Script_Insanee_Sing
Creating struct: $Script_TakeTurn_Insanee
Reading patch file: battle/formation/import/newenemy/Ztar.bpat
Creating struct: $Ztar
Creating struct: $StatusTable_ZTARStar
Creating struct: $PartsTable_ZTARStar
Creating struct: $IdleAnimations_ZTARStar
Creating struct: $DefenseTable_ZTARStar
Creating struct: $Script_Init_ZTARStar
Creating struct: $Script_HandleEvent_ZTARStar
Creating struct: $Script_TakeTurn_ZTARStar
Creating struct: $Script_ReadBookZTAR
Creating struct: $Script_AttackZTAR
Creating struct: $Script_AngerBoost
Creating struct: $Function_80218458_STAR
Creating struct: $Function_8021849C_STAR
Creating struct: $Function_802184D4_STAR
Creating struct: $Function_Subtract_1_SP
Reading patch file: battle/formation/import/newenemy/DarkClubba.bpat
Creating struct: $IdleAnimations_DClubba
Creating struct: $DefenseTable_DClubba
Creating struct: $StatusTable_DClubba
Creating struct: $PartsTable_DClubba
Creating struct: $DarkClubba
Creating struct: $Script_Init_DClubba
Creating struct: $Script_Idle_DClubba
Creating struct: $Script_HandleEvent_DClubba
Creating struct: $Script_TakeTurn_DClubba
Reading patch file: battle/formation/import/newenemy/AntiGuy.bpat
Creating struct: $AntiGuy
Creating struct: $Function_80218410
Creating struct: $DefenseTable_80221910_10
Creating struct: $StatusTable_8022191C_10
Creating struct: $PartsTable_802219C8_10
Creating struct: $IdleAnimations_80221A14_10
Creating struct: $Script_Init_80221A60_10
Creating struct: $Script_Idle_80221AAC_10
Creating struct: $Script_80221BBC_AntiGuy
Creating struct: $Script_HandleEvent_80221C20_10
Creating struct: $Script_802220FC_10
Creating struct: $Script_Backflip_10
Creating struct: $Script_AntiGuy_FrontFlip
Creating struct: $Script_AntiGuy_TripleFlip
Creating struct: $Script_TakeTurn_802233AC_10
Reading patch file: battle/formation/import/newenemy/PhalanxGuy.bpat
Creating struct: $PhalanxGuy
Creating struct: $Function_80218000_14
Creating struct: $IdleAnimations_PGuy_SpearDown
Creating struct: $IdleAnimations_PGuy_SpearUp
Creating struct: $IdleAnimations_PGuy_SpearCharge
Creating struct: $IdleAnimations_80218658_14
Creating struct: $IdleAnimations_80218664_14
Creating struct: $DefenseTable_PhalanxGuy
Creating struct: $DefenseTable_80218684_14
Creating struct: $StatusTable_PhalanxGuy
Creating struct: $StatusTable_80218744_14
Creating struct: $StatusTable_PhalanxGuy_Charge
Creating struct: $PartsTable_PhalanxGuy
Creating struct: $Script_SetSpearStance_PGuy
Creating struct: $Script_Init_PhalanxGuy
Creating struct: $Script_NextTurn_80218B24_14
Creating struct: $Script_80218B5C_14
Creating struct: $Script_Idle_80218BE0_14
Creating struct: $Script_80218D7C_14
Creating struct: $Script_HandleEvent_80218E3C_14
Creating struct: $Script_SpearStab_PGuy
Creating struct: $Script_ChargeB_PhalanxGuy
Creating struct: $Script_Charge_PhalanxGuy
Creating struct: $Script_ChargeAttack_PhalanxGuy
Creating struct: $Script_8021BB18_14
Creating struct: $Script_TakeTurn_PGuy
Creating struct: $IdleAnimations_8021BF40_14
Reading patch file: battle/formation/import/newenemy/CovertGuy.bpat
Creating struct: $CovertGuy
Creating struct: $Function_80218880_CG
Creating struct: $Function_80218A98_CG
Creating struct: $Function_80218B38_CG
Creating struct: $Function_80218CF4_CG
Creating struct: $Function_80218D54_CG
Creating struct: $IdleAnimations_CovertGuy_Hammer
Creating struct: $IdleAnimations_CovertGuy_Slingshot
Creating struct: $IdleAnimations_Pebble_CG
Creating struct: $DefenseTable_CovertGuy
Creating struct: $StatusTable_CovertGuy
Creating struct: $PartsTable_CovertGuy
Creating struct: $Script_Init_CovertGuy
Creating struct: $Script_Idle_CovertGuy
Creating struct: $Script_802276D4_CG
Creating struct: $Script_HandleEvent_CovertGuy
Creating struct: $Script_SlingshotAttack_CG
Creating struct: $IntTable_80228748_CG
Creating struct: $IntTable_80228754_CG
Creating struct: $IntTable_80228760_CG
Creating struct: $IntTable_8022876C_CG
Creating struct: $Script_80228778_CG
Creating struct: $Function_Vanish
Creating struct: $Script_HammerAttack_CG
Creating struct: $Script_TakeTurn_CovertGuy
Reading patch file: battle/formation/import/newenemy/PermafrostGuy.bpat
Creating struct: $IdleAnimations_PermafrostGuy
Creating struct: $DefenseTable_PermafrostGuy
Creating struct: $StatusTable_PermafrostGuy
Creating struct: $PartsTable_PermafrostGuy
Creating struct: $PermafrostGuy
Creating struct: $Script_Init_PermafrostGuy
Creating struct: $Script_NextTurn_PermafrostGuy
Creating struct: $Script_Idle_PermafrostGuy
Creating struct: $Script_8022CDDC_PermafrostGuy
Creating struct: $Script_HandleEvent_PermafrostGuy
Creating struct: $Script_TakeTurn_PermafrostGuy
Creating struct: $Function_80218EE0_PG
Reading patch file: battle/formation/import/newenemy/NuclearGuy.bpat
Creating struct: $NuclearGuy
Creating struct: $Function_80218EE0_NG
Creating struct: $IdleAnimations_NuclearGuy
Creating struct: $DefenseTable_NuclearGuy
Creating struct: $StatusTable_NuclearGuy
Creating struct: $PartsTable_NuclearGuy
Creating struct: $Script_Init_NuclearGuy
Creating struct: $Script_Idle_NuclearGuy
Creating struct: $Script_8022CDDC_NG
Creating struct: $Script_HandleEvent_NuclearGuy
Creating struct: $Script_TakeTurn_NuclearGuy
Creating struct: $StageTable
Creating struct: $Stage_Pit1
Creating struct: $Stage_Temple
Creating struct: $Stage_InsideBasic
Creating struct: $Stage_InsideSwitches
Creating struct: $Stage_InsidePillars
Creating struct: $Stage_InsidePlatforms
Creating struct: $Script_BeforeBattle_Pit
Creating struct: $Script_AfterBattle_Pit
Creating struct: $Script_BeforeBattle_Temple
Creating struct: $Script_AfterBattle_Temple
Creating struct: $Formation_00
Creating struct: $Formation_01
Creating struct: $Formation_02
Creating struct: $Formation_03
Creating struct: $Formation_04
Creating struct: $Vector3D_Pos1
Creating struct: $Vector3D_Pos2
Creating struct: $Vector3D_Pos3
Creating struct: $Vector3D_Pos4
Creating struct: $Vector3D_Pos5
Creating struct: $Formation_05
Reading patch for $Script_NextTurn_PermafrostGuy
Creating struct: $Formation_06
Creating struct: $Formation_07
Creating struct: $Formation_08
Creating struct: $Formation_09
Creating struct: $Formation_0A
Creating struct: $Formation_0B
Creating struct: $Formation_0C
Creating struct: $FormationTable
Merged 1 regions to 1
$Script_AntiGuy_FrontFlip will be placed at 80218000 (length = A40 bytes)
$Script_Headbonk_DarkGoomba will be placed at 80218A40 (length = A30 bytes)
$Script_Backflip_10 will be placed at 80219470 (length = A30 bytes)
$Script_Charge_DarkGoomba will be placed at 80219EA0 (length = 998 bytes)
$Script_AntiGuy_TripleFlip will be placed at 8021A838 (length = 978 bytes)
$Script_TakeTurn_DClubba will be placed at 8021B1B0 (length = 940 bytes)
$Script_HandleEvent_80218E3C_14 will be placed at 8021BAF0 (length = 908 bytes)
$Script_HammerAttack_CG will be placed at 8021C3F8 (length = 8B4 bytes)
$Script_SpearStab_PGuy will be placed at 8021CCAC (length = 6C8 bytes)
$Script_HandleEvent_DarkGoomba will be placed at 8021D374 (length = 6BC bytes)
$Script_AttackZTAR will be placed at 8021DA30 (length = 684 bytes)
$Script_TakeTurn_PermafrostGuy will be placed at 8021E0B4 (length = 5C8 bytes)
$Script_802220FC_10 will be placed at 8021E67C (length = 5B8 bytes)
$Script_SlingshotAttack_CG will be placed at 8021EC34 (length = 5AC bytes)
$Script_TakeTurn_NuclearGuy will be placed at 8021F1E0 (length = 59C bytes)
$Script_HandleEvent_CovertGuy will be placed at 8021F77C (length = 4A4 bytes)
$Script_HandleEvent_DarkSentinel will be placed at 8021FC20 (length = 494 bytes)
$Script_HandleEvent_DClubba will be placed at 802200B4 (length = 3D8 bytes)
$Script_HandleEvent_Insanee will be placed at 8022048C (length = 3C0 bytes)
$Script_HandleEvent_ZTARStar will be placed at 8022084C (length = 3A4 bytes)
$Script_RandomSummon will be placed at 80220BF0 (length = 370 bytes)
$Script_HandleEvent_PermafrostGuy will be placed at 80220F60 (length = 370 bytes)
$Script_HandleEvent_NuclearGuy will be placed at 802212D0 (length = 370 bytes)
$Script_HandleEvent_80221C20_10 will be placed at 80221640 (length = 36C bytes)
$Script_Insanee_Sing will be placed at 802219AC (length = 354 bytes)
$Script_SpinGrab will be placed at 80221D00 (length = 340 bytes)
$Script_802276D4_CG will be placed at 80222040 (length = 314 bytes)
$Script_ChargeAttack_PhalanxGuy will be placed at 80222354 (length = 2BC bytes)
$Script_ReadBookZTAR will be placed at 80222610 (length = 2A4 bytes)
$Script_StopGrab will be placed at 802228B4 (length = 2A0 bytes)
$Script_Idle_DarkGoomba will be placed at 80222B54 (length = 298 bytes)
$Script_RegularGrab will be placed at 80222DEC (length = 298 bytes)
$Script_TakeTurn_DarkSentinel will be placed at 80223084 (length = 288 bytes)
$Function_80218880_CG will be placed at 8022330C (length = 218 bytes)
$Script_Insanee_CurseSing will be placed at 80223524 (length = 1DC bytes)
$Script_80228778_CG will be placed at 80223700 (length = 1C4 bytes)
$Function_80218B38_CG will be placed at 802238C4 (length = 1BC bytes)
$Script_Charge_PhalanxGuy will be placed at 80223A80 (length = 19C bytes)
$Function_80218500_01 will be placed at 80223C1C (length = 18C bytes)
$Script_NextTurn_PermafrostGuy will be placed at 80223DA8 (length = 178 bytes)
$Script_Init_PhalanxGuy will be placed at 80223F20 (length = 178 bytes)
$FloatTable_DarkGoomba will be placed at 80224098 (length = 16C bytes)
$Script_GetFirstOpenColumn will be placed at 80224204 (length = 160 bytes)
$Script_ChargeB_PhalanxGuy will be placed at 80224364 (length = 15C bytes)
$Script_TakeTurn_DarkGoomba will be placed at 802244C0 (length = 14C bytes)
$Script_Idle_80218BE0_14 will be placed at 8022460C (length = 140 bytes)
$Script_TakeTurn_802233AC_10 will be placed at 8022474C (length = 13C bytes)
$Script_8021BB18_14 will be placed at 80224888 (length = 128 bytes)
$FormationTable will be placed at 802249B0 (length = 118 bytes)
$Function_8021868C_DG will be placed at 80224AC8 (length = F4 bytes)
$Script_TakeTurn_Insanee will be placed at 80224BBC (length = E8 bytes)
$Script_SetSpearStance_PGuy will be placed at 80224CA4 (length = E8 bytes)
$Script_Init_CovertGuy will be placed at 80224D8C (length = E4 bytes)
$Script_CountActiveSummoners_DS will be placed at 80224E70 (length = DC bytes)
$Script_Idle_PermafrostGuy will be placed at 80224F4C (length = D4 bytes)
$Script_Idle_80221AAC_10 will be placed at 80225020 (length = D4 bytes)
$Script_Idle_NuclearGuy will be placed at 802250F4 (length = D4 bytes)
$Script_TakeTurn_PGuy will be placed at 802251C8 (length = CC bytes)
$Function_80218000_14 will be placed at 80225294 (length = CC bytes)
$Function_80218410 will be placed at 80225360 (length = CC bytes)
$Function_80218EE0_PG will be placed at 8022542C (length = CC bytes)
$Function_80218EE0_NG will be placed at 802254F8 (length = CC bytes)
$StatusTable_NuclearGuy will be placed at 802255C4 (length = AC bytes)
$StatusTable_PhalanxGuy_Charge will be placed at 80225670 (length = AC bytes)
$StatusTable_8022191C_10 will be placed at 8022571C (length = AC bytes)
$StatusTable_DarkGoomba will be placed at 802257C8 (length = AC bytes)
$StatusTable_DarkSentinel will be placed at 80225874 (length = AC bytes)
$StatusTable_80218744_14 will be placed at 80225920 (length = AC bytes)
$StatusTable_DClubba will be placed at 802259CC (length = AC bytes)
$StatusTable_PhalanxGuy will be placed at 80225A78 (length = AC bytes)
$StatusTable_PermafrostGuy will be placed at 80225B24 (length = AC bytes)
$StatusTable_CovertGuy will be placed at 80225BD0 (length = AC bytes)
$StatusTable_Insanee will be placed at 80225C7C (length = AC bytes)
$Script_GoHome will be placed at 80225D28 (length = A0 bytes)
$Script_TakeTurn_CovertGuy will be placed at 80225DC8 (length = A0 bytes)
$Function_80218A98_CG will be placed at 80225E68 (length = A0 bytes)
$Function_DarkenBackground_Insanee will be placed at 80225F08 (length = 98 bytes)
$PartsTable_PhalanxGuy will be placed at 80225FA0 (length = 90 bytes)
$Script_80218D7C_14 will be placed at 80226030 (length = 8C bytes)
$Formation_04 will be placed at 802260BC (length = 8C bytes)
$Formation_05 will be placed at 80226148 (length = 8C bytes)
$StatusTable_ZTARStar will be placed at 802261D4 (length = 8C bytes)
$Function_BrightenBackground_Insanee will be placed at 80226260 (length = 80 bytes)
$Script_Init_PermafrostGuy will be placed at 802262E0 (length = 7C bytes)
$StallCharge will be placed at 8022635C (length = 78 bytes)
$MissCharge will be placed at 802263D4 (length = 74 bytes)
$Formation_0A will be placed at 80226448 (length = 70 bytes)
$Formation_0C will be placed at 802264B8 (length = 70 bytes)
$Formation_01 will be placed at 80226528 (length = 70 bytes)
$Formation_02 will be placed at 80226598 (length = 70 bytes)
$Formation_03 will be placed at 80226608 (length = 70 bytes)
$Formation_09 will be placed at 80226678 (length = 70 bytes)
$Script_8022CDDC_PermafrostGuy will be placed at 802266E8 (length = 64 bytes)
$Script_8022CDDC_NG will be placed at 8022674C (length = 64 bytes)
$Script_AngerBoost will be placed at 802267B0 (length = 60 bytes)
$Script_Init_DarkSentinel will be placed at 80226810 (length = 60 bytes)
$Function_80218CF4_CG will be placed at 80226870 (length = 60 bytes)
$Script_Init_DarkGoomba will be placed at 802268D0 (length = 60 bytes)
$Script_80218B5C_14 will be placed at 80226930 (length = 5C bytes)
$Function_802184D4_STAR will be placed at 8022698C (length = 58 bytes)
$Function_80218D54_CG will be placed at 802269E4 (length = 58 bytes)
$Function_80218000_DG will be placed at 80226A3C (length = 58 bytes)
$Function_802184D4_DG will be placed at 80226A94 (length = 58 bytes)
$Formation_0B will be placed at 80226AEC (length = 54 bytes)
$Formation_00 will be placed at 80226B40 (length = 54 bytes)
$Formation_08 will be placed at 80226B94 (length = 54 bytes)
$Formation_06 will be placed at 80226BE8 (length = 54 bytes)
$Formation_07 will be placed at 80226C3C (length = 54 bytes)
$Script_Init_Insanee will be placed at 80226C90 (length = 4C bytes)
$IdleAnimations_DarkSentinel will be placed at 80226CDC (length = 4C bytes)
$IdleAnimations_8021BF40_14 will be placed at 80226D28 (length = 4C bytes)
$IdleAnimations_PGuy_SpearUp will be placed at 80226D74 (length = 4C bytes)
$IdleAnimations_PGuy_SpearCharge will be placed at 80226DC0 (length = 4C bytes)
$IdleAnimations_DarkGoomba will be placed at 80226E0C (length = 4C bytes)
$Script_Init_ZTARStar will be placed at 80226E58 (length = 4C bytes)
$IdleAnimations_DarkGoomba_Moving will be placed at 80226EA4 (length = 4C bytes)
$Script_Init_DClubba will be placed at 80226EF0 (length = 4C bytes)
$IdleAnimations_DClubba will be placed at 80226F3C (length = 4C bytes)
$Function_Vanish will be placed at 80226F88 (length = 4C bytes)
$IdleAnimations_Insanee will be placed at 80226FD4 (length = 4C bytes)
$IdleAnimations_DarkGoomba_Charged will be placed at 80227020 (length = 4C bytes)
$IdleAnimations_PermafrostGuy will be placed at 8022706C (length = 4C bytes)
$IdleAnimations_NuclearGuy will be placed at 802270B8 (length = 4C bytes)
$Script_Init_80221A60_10 will be placed at 80227104 (length = 4C bytes)
$IdleAnimations_CovertGuy_Hammer will be placed at 80227150 (length = 4C bytes)
$IdleAnimations_PGuy_SpearDown will be placed at 8022719C (length = 4C bytes)
$IdleAnimations_80221A14_10 will be placed at 802271E8 (length = 4C bytes)
$IdleAnimations_CovertGuy_Slingshot will be placed at 80227234 (length = 4C bytes)
$PartsTable_CovertGuy will be placed at 80227280 (length = 48 bytes)
$Script_80221BBC_AntiGuy will be placed at 802272C8 (length = 48 bytes)
$MissBoost will be placed at 80227310 (length = 48 bytes)
$IdleAnimations_ZTARStar will be placed at 80227358 (length = 44 bytes)
$Function_80218458_DG will be placed at 8022739C (length = 44 bytes)
$Function_80218458_STAR will be placed at 802273E0 (length = 44 bytes)
$YouKnowTheRules will be placed at 80227424 (length = 40 bytes)
$Function_8021849C_STAR will be placed at 80227464 (length = 38 bytes)
$Function_8021849C_DG will be placed at 8022749C (length = 38 bytes)
$Script_Init_NuclearGuy will be placed at 802274D4 (length = 38 bytes)
$DefenseTable_PermafrostGuy will be placed at 8022750C (length = 34 bytes)
$DefenseTable_ZTARStar will be placed at 80227540 (length = 34 bytes)
$StageTable will be placed at 80227574 (length = 30 bytes)
$DefenseTable_DarkSentinel will be placed at 802275A4 (length = 2C bytes)
$Script_NextTurn_80218B24_14 will be placed at 802275D0 (length = 28 bytes)
$DarkGoomba will be placed at 802275F8 (length = 28 bytes)
$Stage_InsideBasic will be placed at 80227620 (length = 28 bytes)
$Stage_Pit1 will be placed at 80227648 (length = 28 bytes)
$Stage_InsideSwitches will be placed at 80227670 (length = 28 bytes)
$PhalanxGuy will be placed at 80227698 (length = 28 bytes)
$Script_Insanee_8021D94C will be placed at 802276C0 (length = 28 bytes)
$Stage_InsidePillars will be placed at 802276E8 (length = 28 bytes)
$PermafrostGuy will be placed at 80227710 (length = 28 bytes)
$InsaneeDayzee will be placed at 80227738 (length = 28 bytes)
$Ztar will be placed at 80227760 (length = 28 bytes)
$NuclearGuy will be placed at 80227788 (length = 28 bytes)
$DarkSentinel will be placed at 802277B0 (length = 28 bytes)
$DarkClubba will be placed at 802277D8 (length = 28 bytes)
$Stage_Temple will be placed at 80227800 (length = 28 bytes)
$CovertGuy will be placed at 80227828 (length = 28 bytes)
$AntiGuy will be placed at 80227850 (length = 28 bytes)
$Stage_InsidePlatforms will be placed at 80227878 (length = 28 bytes)
$PartsTable_PermafrostGuy will be placed at 802278A0 (length = 24 bytes)
$PartsTable_DClubba will be placed at 802278C4 (length = 24 bytes)
$Function_Subtract_1_SP will be placed at 802278E8 (length = 24 bytes)
$PartsTable_NuclearGuy will be placed at 8022790C (length = 24 bytes)
$PartsTable_Insanee will be placed at 80227930 (length = 24 bytes)
$PartsTable_ZTARStar will be placed at 80227954 (length = 24 bytes)
$PartsTable_DarkSentinel will be placed at 80227978 (length = 24 bytes)
$PartsTable_802219C8_10 will be placed at 8022799C (length = 24 bytes)
$DefenseTable_NuclearGuy will be placed at 802279C0 (length = 24 bytes)
$PartsTable_DarkGoomba will be placed at 802279E4 (length = 24 bytes)
$SpecialFormation_Sentinel_DarkClubba will be placed at 80227A08 (length = 1C bytes)
$SpecialFormation_Sentinel_InsaneeDayzee will be placed at 80227A24 (length = 1C bytes)
$SpecialFormation_Sentinel_DarkGoomba will be placed at 80227A40 (length = 1C bytes)
$DefenseTable_DarkGoomba will be placed at 80227A5C (length = 14 bytes)
$DefenseTable_CovertGuy will be placed at 80227A70 (length = 14 bytes)
$DefenseTable_DClubba will be placed at 80227A84 (length = 14 bytes)
$DefenseTable_Insanee will be placed at 80227A98 (length = 14 bytes)
$DefenseTable_PhalanxGuy will be placed at 80227AAC (length = 14 bytes)
$DefenseTable_80218684_14 will be placed at 80227AC0 (length = 14 bytes)
$ASCII_"tem_b04_shape"_Literal will be placed at 80227AD4 (length = 10 bytes)
$ASCII_"tem_b01_shape"_Literal will be placed at 80227AE4 (length = 10 bytes)
$ASCII_"tem_b06_shape"_Literal will be placed at 80227AF4 (length = 10 bytes)
$ASCII_"tem_b02_shape"_Literal will be placed at 80227B04 (length = 10 bytes)
$ASCII_"pit_b01_shape"_Literal will be placed at 80227B14 (length = 10 bytes)
$Script_TakeTurn_ZTARStar will be placed at 80227B24 (length = 10 bytes)
$ASCII_"tem_b05_shape"_Literal will be placed at 80227B34 (length = 10 bytes)
$IdleAnimations_Pebble_CG will be placed at 80227B44 (length = C bytes)
$Vector3D_Pos5 will be placed at 80227B50 (length = C bytes)
$Vector3D_Pos2 will be placed at 80227B5C (length = C bytes)
$Vector3D_Pos1 will be placed at 80227B68 (length = C bytes)
$Vector3D_Pos4 will be placed at 80227B74 (length = C bytes)
$Vector3D_Pos3 will be placed at 80227B80 (length = C bytes)
$ASCII_"pit_b01_hit"_Literal will be placed at 80227B8C (length = C bytes)
$ASCII_"tem_b06_hit"_Literal will be placed at 80227B98 (length = C bytes)
$Vector3D_Down will be placed at 80227BA4 (length = C bytes)
$ASCII_"tem_03"_Literal will be placed at 80227BB0 (length = C bytes)
$IdleAnimations_80218664_14 will be placed at 80227BBC (length = C bytes)
$IdleAnimations_80218658_14 will be placed at 80227BC8 (length = C bytes)
$ASCII_"pit_10"_Literal will be placed at 80227BD4 (length = C bytes)
$ASCII_"tem_09"_Literal will be placed at 80227BE0 (length = C bytes)
$IntTable_8022876C_CG will be placed at 80227BEC (length = C bytes)
$IntTable_80228748_CG will be placed at 80227BF8 (length = C bytes)
$ASCII_"tem_b02_hit"_Literal will be placed at 80227C04 (length = C bytes)
$ASCII_"tem_b04_hit"_Literal will be placed at 80227C10 (length = C bytes)
$ASCII_"tem_00"_Literal will be placed at 80227C1C (length = C bytes)
$ASCII_"tem_b01_hit"_Literal will be placed at 80227C28 (length = C bytes)
$ASCII_"tem_b05_hit"_Literal will be placed at 80227C34 (length = C bytes)
$DefenseTable_80221910_10 will be placed at 80227C40 (length = C bytes)
$ASCII_"tem_13"_Literal will be placed at 80227C4C (length = C bytes)
$IntTable_80228760_CG will be placed at 80227C58 (length = C bytes)
$IntTable_80228754_CG will be placed at 80227C64 (length = C bytes)
$Script_AfterBattle_Temple will be placed at 80227C70 (length = 8 bytes)
$Script_Idle_CovertGuy will be placed at 80227C78 (length = 8 bytes)
$Script_Idle_DarkSentinel will be placed at 80227C80 (length = 8 bytes)
$Script_BeforeBattle_Pit will be placed at 80227C88 (length = 8 bytes)
$Script_AfterBattle_Pit will be placed at 80227C90 (length = 8 bytes)
$ASCII_"kpa_tex"_Literal will be placed at 80227C98 (length = 8 bytes)
$Script_BeforeBattle_Temple will be placed at 80227CA0 (length = 8 bytes)
$Script_Idle_Insanee will be placed at 80227CA8 (length = 8 bytes)
$Script_Idle_DClubba will be placed at 80227CB0 (length = 8 bytes)
Reading patch file: battle/formation/patch/3C Dark Temple Part 3.bpat
Reading patch file: battle/formation/import/newenemy/DarkPartners.bpat
Reading patch file: battle/formation/import/tools/ActionSteal.bpat
Creating struct: $HandleStealAction
Creating struct: $StealAction
Creating struct: $StealActionIntTable4
Creating struct: $StealActionIntTable3
Creating struct: $StealActionIntTable2
Creating struct: $StealActionIntTable1
Creating struct: $StealActionFunc1
Creating struct: $StealActionFunc2
Creating struct: $StealActionFunc3
Creating struct: $StealActionFunc4
Creating struct: $StealActionFunc5
Creating struct: $Vector3D_Down
Creating struct: $SpecialFormation_Goombario
Creating struct: $SpecialFormation_Kooper
Creating struct: $SpecialFormation_Bombette
Creating struct: $SpecialFormation_Parakarry
Creating struct: $ConstDouble_80228400
Creating struct: $ConstDouble_80228408
Creating struct: $ConstDouble_80228410
Creating struct: $ConstDouble_80228418
Creating struct: $ConstDouble_80228420
Creating struct: $ConstDouble_80228428
Creating struct: $ConstDouble_80228430
Creating struct: $ConstDouble_80228438
Creating struct: $ConstDouble_80228440
Creating struct: $ConstDouble_80228448
Creating struct: $Function_802180D0
Creating struct: $Function_80218960
Creating struct: $Function_80218C44
Creating struct: $Function_80218D10
Creating struct: $Function_80218E34
Creating struct: $Function_80238000
Creating struct: $Function_802180C0
Creating struct: $Function_80238014
Creating struct: $IdleAnimations_Goombario
Creating struct: $DefenseTable_Goombario
Creating struct: $StatusTable_Goombario
Creating struct: $PartsTable_Goombario
Creating struct: $DarkGoombario
Creating struct: $Script_Init_Goombario
Creating struct: $Script_Idle_Goombario
Creating struct: $Script_HandleEvent_Goombario
Creating struct: $Script_8021D540
Creating struct: $Script_8021D9C8
Creating struct: $Script_8021DAAC
Creating struct: $Script_Goombario_Headbonk
Creating struct: $ShakyCam
Creating struct: $Script_Goombario_Megabonk
Creating struct: $Script_Goombario_Charge
Creating struct: $GetPlayerMaxHp
Creating struct: $Script_TakeTurn_Goombario
Creating struct: $IdleAnimations_8021E9AC
Creating struct: $IdleAnimations_8021E9F8
Creating struct: $DefenseTable_8021EA44
Creating struct: $DefenseTable_8021EA50
Creating struct: $StatusTable_8021EA5C
Creating struct: $PartsTable_8021EB08
Creating struct: $DarkKooper
Creating struct: $Script_Init_8021EB54
Creating struct: $Script_Idle_8021EBD0
Creating struct: $IntTable_8021ECF0
Creating struct: $Script_HandleEvent_8021ED48
Creating struct: $Script_Kooper_GetUp
Creating struct: $Script_TakeTurn_Kooper
Creating struct: $Script_Kooper_ShellToss
Creating struct: $Script_Kooper_FireShell
Creating struct: $Script_Kooper_DizzyShell
Creating struct: $Function_SetBlastPalette
Creating struct: $IdleAnimations_80220660
Creating struct: $DefenseTable_802206AC
Creating struct: $StatusTable_802206B8
Creating struct: $PartsTable_80220764
Creating struct: $DarkBombette
Creating struct: $Script_Init_802207B0
Creating struct: $Script_Idle_802207FC
Creating struct: $Script_Bombette_ShockExplosion
Creating struct: $Script_HandleEvent_80220984
Creating struct: $Script_TakeTurn_Bombette
Creating struct: $Script_Bombette_Bomb
Creating struct: $Script_Bombette_MegaBomb
Creating struct: $Script_Bombette_ShrinkBomb
Creating struct: $Script_Bombette_BodySlam
Creating struct: $IdleAnimations_802218C0
Creating struct: $DefenseTable_8022190C
Creating struct: $StatusTable_80221918
Creating struct: $PartsTable_802219C4
Creating struct: $DarkParakarry
Creating struct: $Script_Init_80221A34
Creating struct: $Script_Idle_80221A80
Creating struct: $Script_HandleEvent_80221A90
Creating struct: $Script_SkyDive
Creating struct: $Script_ShellShot
Creating struct: $Script_AirLift
Creating struct: $Script_AirLift_FlyUp
Creating struct: $Script_TakeTurn_Parakarry
Creating struct: $DarkBow
Creating struct: $IdleAnimations_8022284C_24
Creating struct: $DefenseTable_80222898_24
Creating struct: $StatusTable_802228A4_24
Creating struct: $PartsTable_80222950_24
Creating struct: $Script_Init_802229C0_24
Creating struct: $Script_Idle_80222A0C_24
Creating struct: $Script_HandleEvent_80222A1C_24
Creating struct: $Script_Bow_Smack
Creating struct: $Script_Bow_FanSmack
Creating struct: $Script_Bow_Spook
Creating struct: $Script_TakeTurn_Bow
Creating struct: $DarkWatt
Creating struct: $Function_80218F58_24
Creating struct: $Function_802193D4_24
Creating struct: $Function_80219428_24
Creating struct: $Function_80219474_24
Creating struct: $Function_802194C0_24
Creating struct: $Function_8021950C_24
Creating struct: $Function_80219550_24
Creating struct: $Function_DarkenBackground
Creating struct: $Function_BrightenBackground
Creating struct: $Function_ThunderFX
Creating struct: $Function_SetStaticColors
Creating struct: $Function_SetLightningPalette
Creating struct: $Function_SetRadialPalette
Creating struct: $IdleAnimations_80223C1C_24
Creating struct: $DefenseTable_80223C68_24
Creating struct: $StatusTable_80223C7C_24
Creating struct: $PartsTable_80223D28_24
Creating struct: $Script_Init_80223D98_24
Creating struct: $Script_Idle_80223DE4_24
Creating struct: $Script_HandleEvent_80223E0C_24
Creating struct: $Script_Watt_Electroshock
Creating struct: $Script_Watt_ChargeBolt
Creating struct: $Script_Watt_ChargeWave
Creating struct: $Script_TakeTurn_Watt
Creating struct: $ConstDouble_80228448_24
Creating struct: $ConstDouble_8023C060
Creating struct: $Function_80238388
Creating struct: $Function_SetWaterBeamPalette
Creating struct: $DarkSushie
Creating struct: $IdleAnimations_80224B18_24
Creating struct: $DefenseTable_80224B64_24
Creating struct: $StatusTable_80224B70_24
Creating struct: $PartsTable_80224C1C_24
Creating struct: $Script_Init_80224C68_24
Creating struct: $Script_Idle_80224CB4_24
Creating struct: $Script_HandleEvent_80224CC4_24
Creating struct: $Script_Sushie_BellyFlop
Creating struct: $Script_Sushie_Squirt
Creating struct: $Script_Sushie_PoisonBlock
Creating struct: $Script_TakeTurn_Sushie
Creating struct: $Function_SpinySpawn
Creating struct: $Function_SetBreathPalette
Creating struct: $Function_SetCloudPalette
Creating struct: $DarkLakilester
Creating struct: $IdleAnimations_802264B0_24
Creating struct: $IdleAnimations_802264FC_24
Creating struct: $DefenseTable_80226508_24
Creating struct: $StatusTable_80226514_24
Creating struct: $PartsTable_802265C0_24
Creating struct: $Script_Init_80226630_24
Creating struct: $Script_Idle_8022667C_24
Creating struct: $Script_HandleEvent_8022668C_24
Creating struct: $Script_Lakilester_SpinyToss
Creating struct: $Script_Lakilester_SpinySurge
Creating struct: $Script_Lakilester_Hurricane
Creating struct: $Script_Lakilester_CloudNine
Creating struct: $Script_TakeTurn_Lakilester
Creating struct: $IdleAnimations_Buzzatrice
Creating struct: $DefenseTable_Buzzatrice
Creating struct: $PartsTable_Buzzatrice
Creating struct: $StatusTable_Buzzatrice
Creating struct: $DarkBuzzatrice
Creating struct: $Script_Init_Buzzatrice
Creating struct: $Script_Idle_Buzzatrice
Creating struct: $Script_HandleEvent_Buzzatrice
Creating struct: $Script_DamageCalc
Creating struct: $Script_Buzzatrice_MagicBlast
Creating struct: $Function_80218200
Creating struct: $Script_Buzzatrice_MagicBeam
Creating struct: $Function_ChargeCheck
Creating struct: $Function_YellowWaterBeam
Creating struct: $Function_PinkWaterBeam
Creating struct: $Function_CyanWaterBeam
Creating struct: $Script_Buzzatrice_HustleSpell
Creating struct: $Script_TakeTurn_Buzzatrice
Creating struct: $StageTable
Creating struct: $Script_BeforeBattle_80234D60
Creating struct: $Script_AfterBattle_80234D9C
Creating struct: $Boss_Stage
Creating struct: $Stage_Temple
Creating struct: $Script_BeforeBattle_Temple
Creating struct: $Script_AfterBattle_Temple
Creating struct: $Vector3D_DarkStarPos
Creating struct: $DebugFormation1
Creating struct: $FormationTable
Creating struct: $Vector3D_Offscreen
Merged 1 regions to 1
$Script_Sushie_BellyFlop will be placed at 80218000 (length = 1164 bytes)
$Script_Bow_FanSmack will be placed at 80219164 (length = BD8 bytes)
$Script_AirLift will be placed at 80219D3C (length = 994 bytes)
$Script_Kooper_FireShell will be placed at 8021A6D0 (length = 91C bytes)
$Script_Kooper_ShellToss will be placed at 8021AFEC (length = 8B8 bytes)
$Function_802180D0 will be placed at 8021B8A4 (length = 890 bytes)
$Script_Bow_Smack will be placed at 8021C134 (length = 874 bytes)
$Script_Lakilester_SpinyToss will be placed at 8021C9A8 (length = 808 bytes)
$Script_Bow_Spook will be placed at 8021D1B0 (length = 7E8 bytes)
$Script_Bombette_ShrinkBomb will be placed at 8021D998 (length = 6E4 bytes)
$Script_HandleEvent_8021ED48 will be placed at 8021E07C (length = 6C4 bytes)
$Script_Bombette_MegaBomb will be placed at 8021E740 (length = 69C bytes)
$Script_Buzzatrice_MagicBeam will be placed at 8021EDDC (length = 688 bytes)
$Script_Bombette_BodySlam will be placed at 8021F464 (length = 660 bytes)
$Script_Watt_Electroshock will be placed at 8021FAC4 (length = 630 bytes)
$Script_Bombette_Bomb will be placed at 802200F4 (length = 594 bytes)
$Script_Goombario_Headbonk will be placed at 80220688 (length = 580 bytes)
$Script_SkyDive will be placed at 80220C08 (length = 560 bytes)
$Script_Lakilester_Hurricane will be placed at 80221168 (length = 4B4 bytes)
$HandleStealAction will be placed at 8022161C (length = 4A4 bytes)
$Script_Watt_ChargeWave will be placed at 80221AC0 (length = 4A0 bytes)
$Script_HandleEvent_80222A1C_24 will be placed at 80221F60 (length = 48C bytes)
$Function_80218F58_24 will be placed at 802223EC (length = 480 bytes)
$Script_HandleEvent_80224CC4_24 will be placed at 8022286C (length = 474 bytes)
$Script_HandleEvent_80221A90 will be placed at 80222CE0 (length = 44C bytes)
$Script_Sushie_Squirt will be placed at 8022312C (length = 448 bytes)
$Script_HandleEvent_Buzzatrice will be placed at 80223574 (length = 410 bytes)
$Script_Buzzatrice_MagicBlast will be placed at 80223984 (length = 3FC bytes)
$Script_HandleEvent_80220984 will be placed at 80223D80 (length = 3F4 bytes)
$Script_HandleEvent_8022668C_24 will be placed at 80224174 (length = 3F0 bytes)
$Script_ShellShot will be placed at 80224564 (length = 3DC bytes)
$Script_Sushie_PoisonBlock will be placed at 80224940 (length = 3C0 bytes)
$Script_HandleEvent_Goombario will be placed at 80224D00 (length = 3A8 bytes)
$Script_8021D540 will be placed at 802250A8 (length = 3A4 bytes)
$Script_Goombario_Megabonk will be placed at 8022544C (length = 390 bytes)
$Script_Lakilester_SpinySurge will be placed at 802257DC (length = 37C bytes)
$Script_Kooper_DizzyShell will be placed at 80225B58 (length = 374 bytes)
$Script_HandleEvent_80223E0C_24 will be placed at 80225ECC (length = 308 bytes)
$Script_Buzzatrice_HustleSpell will be placed at 802261D4 (length = 2D8 bytes)
$Script_Bombette_ShockExplosion will be placed at 802264AC (length = 2B8 bytes)
$Script_Goombario_Charge will be placed at 80226764 (length = 2B0 bytes)
$Function_80238000 will be placed at 80226A14 (length = 244 bytes)
$Script_Kooper_GetUp will be placed at 80226C58 (length = 220 bytes)
$StealActionFunc2 will be placed at 80226E78 (length = 218 bytes)
$StealAction will be placed at 80227090 (length = 1C4 bytes)
$StealActionFunc1 will be placed at 80227254 (length = 1BC bytes)
$Script_Watt_ChargeBolt will be placed at 80227410 (length = 19C bytes)
$Script_Lakilester_CloudNine will be placed at 802275AC (length = 184 bytes)
$Function_80218200 will be placed at 80227730 (length = 158 bytes)
$Function_80218960 will be placed at 80227888 (length = 154 bytes)
$Function_80238388 will be placed at 802279DC (length = 154 bytes)
$Function_ThunderFX will be placed at 80227B30 (length = 14C bytes)
$Script_TakeTurn_Bow will be placed at 80227C7C (length = 138 bytes)
$Script_TakeTurn_Bombette will be placed at 80227DB4 (length = 12C bytes)
$Script_AirLift_FlyUp will be placed at 80227EE0 (length = 124 bytes)
$Function_80218D10 will be placed at 80228004 (length = 124 bytes)
$Function_80218E34 will be placed at 80228128 (length = 124 bytes)
$Script_TakeTurn_Kooper will be placed at 8022824C (length = 11C bytes)
$Script_TakeTurn_Lakilester will be placed at 80228368 (length = 114 bytes)
$ShakyCam will be placed at 8022847C (length = 10C bytes)
$Script_TakeTurn_Goombario will be placed at 80228588 (length = 100 bytes)
$Script_TakeTurn_Watt will be placed at 80228688 (length = EC bytes)
$Function_SpinySpawn will be placed at 80228774 (length = E4 bytes)
$Script_Idle_8021EBD0 will be placed at 80228858 (length = E0 bytes)
$DebugFormation1 will be placed at 80228938 (length = E0 bytes)
$Function_80218C44 will be placed at 80228A18 (length = CC bytes)
$Script_TakeTurn_Buzzatrice will be placed at 80228AE4 (length = C8 bytes)
$Script_8021D9C8 will be placed at 80228BAC (length = B4 bytes)
$StatusTable_Goombario will be placed at 80228C60 (length = AC bytes)
$StatusTable_80221918 will be placed at 80228D0C (length = AC bytes)
$StatusTable_80223C7C_24 will be placed at 80228DB8 (length = AC bytes)
$StatusTable_Buzzatrice will be placed at 80228E64 (length = AC bytes)
$StatusTable_80226514_24 will be placed at 80228F10 (length = AC bytes)
$StatusTable_802206B8 will be placed at 80228FBC (length = AC bytes)
$StatusTable_8021EA5C will be placed at 80229068 (length = AC bytes)
$Script_8021DAAC will be placed at 80229114 (length = AC bytes)
$StatusTable_802228A4_24 will be placed at 802291C0 (length = AC bytes)
$StatusTable_80224B70_24 will be placed at 8022926C (length = AC bytes)
$StealActionFunc4 will be placed at 80229318 (length = A0 bytes)
$Script_TakeTurn_Sushie will be placed at 802293B8 (length = 9C bytes)
$Script_DamageCalc will be placed at 80229454 (length = 9C bytes)
$Function_DarkenBackground will be placed at 802294F0 (length = 98 bytes)
$Script_TakeTurn_Parakarry will be placed at 80229588 (length = 94 bytes)
$Function_BrightenBackground will be placed at 8022961C (length = 80 bytes)
$Function_80238014 will be placed at 8022969C (length = 78 bytes)
$Function_SetLightningPalette will be placed at 80229714 (length = 74 bytes)
$Script_Init_8021EB54 will be placed at 80229788 (length = 74 bytes)
$Function_SetStaticColors will be placed at 802297FC (length = 74 bytes)
$Function_SetCloudPalette will be placed at 80229870 (length = 74 bytes)
$Script_Init_802229C0_24 will be placed at 802298E4 (length = 74 bytes)
$Function_SetBlastPalette will be placed at 80229958 (length = 6C bytes)
$Function_PinkWaterBeam will be placed at 802299C4 (length = 6C bytes)
$Function_SetWaterBeamPalette will be placed at 80229A30 (length = 6C bytes)
$Function_SetBreathPalette will be placed at 80229A9C (length = 6C bytes)
$Function_YellowWaterBeam will be placed at 80229B08 (length = 6C bytes)
$Function_CyanWaterBeam will be placed at 80229B74 (length = 6C bytes)
$Function_ChargeCheck will be placed at 80229BE0 (length = 60 bytes)
$Script_Init_Goombario will be placed at 80229C40 (length = 60 bytes)
$StealActionFunc3 will be placed at 80229CA0 (length = 60 bytes)
$Function_SetRadialPalette will be placed at 80229D00 (length = 5C bytes)
$Function_802180C0 will be placed at 80229D5C (length = 58 bytes)
$IntTable_8021ECF0 will be placed at 80229DB4 (length = 58 bytes)
$StealActionFunc5 will be placed at 80229E0C (length = 58 bytes)
$Function_802193D4_24 will be placed at 80229E64 (length = 54 bytes)
$Script_Init_80221A34 will be placed at 80229EB8 (length = 4C bytes)
$IdleAnimations_Goombario will be placed at 80229F04 (length = 4C bytes)
$IdleAnimations_Buzzatrice will be placed at 80229F50 (length = 4C bytes)
$IdleAnimations_8021E9AC will be placed at 80229F9C (length = 4C bytes)
$Script_Init_802207B0 will be placed at 80229FE8 (length = 4C bytes)
$Script_Init_80223D98_24 will be placed at 8022A034 (length = 4C bytes)
$IdleAnimations_80223C1C_24 will be placed at 8022A080 (length = 4C bytes)
$Script_Init_80224C68_24 will be placed at 8022A0CC (length = 4C bytes)
$IdleAnimations_8021E9F8 will be placed at 8022A118 (length = 4C bytes)
$IdleAnimations_802218C0 will be placed at 8022A164 (length = 4C bytes)
$IdleAnimations_80224B18_24 will be placed at 8022A1B0 (length = 4C bytes)
$Script_Init_80226630_24 will be placed at 8022A1FC (length = 4C bytes)
$Function_80219474_24 will be placed at 8022A248 (length = 4C bytes)
$IdleAnimations_80220660 will be placed at 8022A294 (length = 4C bytes)
$Function_80219428_24 will be placed at 8022A2E0 (length = 4C bytes)
$IdleAnimations_8022284C_24 will be placed at 8022A32C (length = 4C bytes)
$IdleAnimations_802264B0_24 will be placed at 8022A378 (length = 4C bytes)
$Script_Init_Buzzatrice will be placed at 8022A3C4 (length = 4C bytes)
$Function_802194C0_24 will be placed at 8022A410 (length = 4C bytes)
$GetPlayerMaxHp will be placed at 8022A45C (length = 48 bytes)
$PartsTable_Buzzatrice will be placed at 8022A4A4 (length = 48 bytes)
$PartsTable_802265C0_24 will be placed at 8022A4EC (length = 48 bytes)
$PartsTable_802219C4 will be placed at 8022A534 (length = 48 bytes)
$PartsTable_80222950_24 will be placed at 8022A57C (length = 48 bytes)
$PartsTable_80223D28_24 will be placed at 8022A5C4 (length = 48 bytes)
$Function_8021950C_24 will be placed at 8022A60C (length = 44 bytes)
$Function_80219550_24 will be placed at 8022A650 (length = 38 bytes)
$Script_BeforeBattle_80234D60 will be placed at 8022A688 (length = 2C bytes)
$DarkParakarry will be placed at 8022A6B4 (length = 28 bytes)
$DarkBuzzatrice will be placed at 8022A6DC (length = 28 bytes)
$DarkKooper will be placed at 8022A704 (length = 28 bytes)
$DarkWatt will be placed at 8022A72C (length = 28 bytes)
$DarkLakilester will be placed at 8022A754 (length = 28 bytes)
$DarkGoombario will be placed at 8022A77C (length = 28 bytes)
$DarkBow will be placed at 8022A7A4 (length = 28 bytes)
$Stage_Temple will be placed at 8022A7CC (length = 28 bytes)
$DarkSushie will be placed at 8022A7F4 (length = 28 bytes)
$FormationTable will be placed at 8022A81C (length = 28 bytes)
$DarkBombette will be placed at 8022A844 (length = 28 bytes)
$Boss_Stage will be placed at 8022A86C (length = 28 bytes)
$DefenseTable_80223C68_24 will be placed at 8022A894 (length = 24 bytes)
$PartsTable_8021EB08 will be placed at 8022A8B8 (length = 24 bytes)
$PartsTable_80224C1C_24 will be placed at 8022A8DC (length = 24 bytes)
$PartsTable_80220764 will be placed at 8022A900 (length = 24 bytes)
$PartsTable_Goombario will be placed at 8022A924 (length = 24 bytes)
$DefenseTable_Buzzatrice will be placed at 8022A948 (length = 1C bytes)
$SpecialFormation_Bombette will be placed at 8022A964 (length = 18 bytes)
$SpecialFormation_Kooper will be placed at 8022A97C (length = 18 bytes)
$Script_Idle_80223DE4_24 will be placed at 8022A994 (length = 18 bytes)
$SpecialFormation_Goombario will be placed at 8022A9AC (length = 18 bytes)
$StageTable will be placed at 8022A9C4 (length = 18 bytes)
$SpecialFormation_Parakarry will be placed at 8022A9DC (length = 18 bytes)
$DefenseTable_80226508_24 will be placed at 8022A9F4 (length = 14 bytes)
$ASCII_"kpa_bt13_shape"_Literal will be placed at 8022AA08 (length = 14 bytes)
$DefenseTable_80222898_24 will be placed at 8022AA1C (length = 14 bytes)
$DefenseTable_8022190C will be placed at 8022AA30 (length = 14 bytes)
$ASCII_"kpa_bt13_hit"_Literal will be placed at 8022AA44 (length = 10 bytes)
$ASCII_"tem_b07_shape"_Literal will be placed at 8022AA54 (length = 10 bytes)
$ASCII_"tem_b07_hit"_Literal will be placed at 8022AA64 (length = C bytes)
$Vector3D_Down will be placed at 8022AA70 (length = C bytes)
$ASCII_"tem_03"_Literal will be placed at 8022AA7C (length = C bytes)
$DefenseTable_80224B64_24 will be placed at 8022AA88 (length = C bytes)
$DefenseTable_Goombario will be placed at 8022AA94 (length = C bytes)
$StealActionIntTable4 will be placed at 8022AAA0 (length = C bytes)
$StealActionIntTable3 will be placed at 8022AAAC (length = C bytes)
$StealActionIntTable2 will be placed at 8022AAB8 (length = C bytes)
$StealActionIntTable1 will be placed at 8022AAC4 (length = C bytes)
$ASCII_"kpa_83"_Literal will be placed at 8022AAD0 (length = C bytes)
$IdleAnimations_802264FC_24 will be placed at 8022AADC (length = C bytes)
$Vector3D_DarkStarPos will be placed at 8022AAE8 (length = C bytes)
$Vector3D_Offscreen will be placed at 8022AAF4 (length = C bytes)
$DefenseTable_802206AC will be placed at 8022AB00 (length = C bytes)
$DefenseTable_8021EA44 will be placed at 8022AB0C (length = C bytes)
$DefenseTable_8021EA50 will be placed at 8022AB18 (length = C bytes)
$Script_AfterBattle_Temple will be placed at 8022AB24 (length = 8 bytes)
$Script_Idle_Buzzatrice will be placed at 8022AB2C (length = 8 bytes)
$ConstDouble_8023C060 will be placed at 8022AB38 (length = 8 bytes)
$Script_Idle_80222A0C_24 will be placed at 8022AB40 (length = 8 bytes)
$Script_Idle_802207FC will be placed at 8022AB48 (length = 8 bytes)
$ASCII_"kpa_tex"_Literal will be placed at 8022AB50 (length = 8 bytes)
$Script_BeforeBattle_Temple will be placed at 8022AB58 (length = 8 bytes)
$ConstDouble_80228428 will be placed at 8022AB60 (length = 8 bytes)
$Script_AfterBattle_80234D9C will be placed at 8022AB68 (length = 8 bytes)
$ConstDouble_80228420 will be placed at 8022AB70 (length = 8 bytes)
$ConstDouble_80228440 will be placed at 8022AB78 (length = 8 bytes)
$Script_Idle_80221A80 will be placed at 8022AB80 (length = 8 bytes)
$ConstDouble_80228438 will be placed at 8022AB88 (length = 8 bytes)
$ConstDouble_80228430 will be placed at 8022AB90 (length = 8 bytes)
$Script_Idle_8022667C_24 will be placed at 8022AB98 (length = 8 bytes)
$ConstDouble_80228448 will be placed at 8022ABA0 (length = 8 bytes)
$Script_Idle_Goombario will be placed at 8022ABA8 (length = 8 bytes)
$Script_Idle_80224CB4_24 will be placed at 8022ABB0 (length = 8 bytes)
$ConstDouble_80228408 will be placed at 8022ABB8 (length = 8 bytes)
$ConstDouble_80228400 will be placed at 8022ABC0 (length = 8 bytes)
$ConstDouble_80228418 will be placed at 8022ABC8 (length = 8 bytes)
$ConstDouble_80228410 will be placed at 8022ABD0 (length = 8 bytes)
$ConstDouble_80228448_24 will be placed at 8022ABD8 (length = 8 bytes)
Reading patch file: battle/formation/patch/3D Dark Temple Part 4.bpat
Reading patch file: battle/formation/import/newenemy/DarkTraveller.bpat
Creating struct: $DefenseTable_Normal
Creating struct: $StatusTable_DarkTraveller
Creating struct: $IntTable_8022DD30
Creating struct: $DarkTraveller
Creating struct: $PartsTable_DarkTraveller
Creating struct: $IdleAnimations_DarkTraveller
Creating struct: $Script_Init_DarkTraveller
Creating struct: $Script_HandleEvent_DarkTraveller
Creating struct: $DeleteSolidVoids
Creating struct: $Script_WarpHome_DarkTraveller
Creating struct: $Script_SmokeEffects
Creating struct: $Script_GotoIndex
Creating struct: $Script_TrySummonSolidVoids
Creating struct: $Script_TakeTurn_DarkTraveller
Creating struct: $Function_80218438
Creating struct: $Script_ShellToss_DarkTraveller
Creating struct: $Script_Land_DarkTraveller
Creating struct: $Vector3D_SolidVoid
Creating struct: $SpecialFormation_SolidVoid
Creating struct: $SolidVoid
Creating struct: $DefenseTable_SolidVoid
Creating struct: $IdleAnimations_SolidVoid
Creating struct: $PartsTable_SolidVoid
Creating struct: $Script_Init_SolidVoid
Creating struct: $Script_Idle_SolidVoid
Creating struct: $Script_HandleEvent_SolidVoid
Creating struct: $Script_TakeTurn_SolidVoid
Reading patch file: battle/formation/import/newenemy/DarkShieldbearer.bpat
Creating struct: $IdleAnimations_DarkShieldbearer
Creating struct: $IdleAnimations_DarkShieldbearerDown
Creating struct: $IdleAnimations_DarkBone
Creating struct: $DefenseTable_DarkShieldbearer
Creating struct: $DefenseTable_DarkShieldbearerDown
Creating struct: $StatusTable_DarkShieldbearer
Creating struct: $StatusTable_DarkShieldbearerDown
Creating struct: $PartsTable_DarkShieldbearer
Creating struct: $DarkShieldbearer
Creating struct: $Script_Init_DarkShieldbearer
Creating struct: $Script_NextTurn_DarkShieldbearer
Creating struct: $Script_Idle_DarkShieldbearer
Creating struct: $Script_DarkShieldbearerFall
Creating struct: $Script_HandleEvent_DarkShieldbearer
Creating struct: $Script_DarkBone
Creating struct: $Script_TakeTurn_DarkShieldbearer
Creating struct: $DefenseBoost
Reading patch file: battle/formation/import/newenemy/DarkCollective.bpat
Creating struct: $DarkCollective
Creating struct: $StatusTable_DarkCollective
Creating struct: $PartsTable_DarkCollective
Creating struct: $IdleAnimations_DarkCollective
Creating struct: $DefenseTable_DarkCollective
Creating struct: $Script_Init_DarkCollective
Creating struct: $Script_Idle_DarkCollective
Creating struct: $Script_ReturnHome_DarkCollective
Creating struct: $Function_ReturnHome_DarkCollective
Creating struct: $Script_HandleEvent_DarkCollective
Creating struct: $DarkFragmentIDs
Creating struct: $Script_ShedDarkFragments
Creating struct: $Function_802185D4
Creating struct: $Function_802182A4
Creating struct: $SpecialFormation_DarkFragment
Creating struct: $Vector3D_Negative
Creating struct: $Function_80218440
Creating struct: $Script_TakeTurn_DarkCollective
Creating struct: $Script_CollectiveWave
Creating struct: $Function_SetRadialPalette_Col
Creating struct: $Function_80218458_DG
Creating struct: $Function_8021849C_DG
Creating struct: $Function_802184D4_DG
Creating struct: $DarkFragment
Creating struct: $PartsTable_DarkFragment
Creating struct: $IdleAnimations_DarkFragment
Creating struct: $Function_Vanish
Creating struct: $Script_Init_DarkFragment
Creating struct: $Script_Idle_DarkFragment
Creating struct: $Script_TakeTurn_DarkFragment
Creating struct: $Script_FlyToDarkCollective
Creating struct: $Script_HandleEvent_DarkFragment
Reading patch file: battle/formation/import/newenemy/DarkAspirant.bpat
Creating struct: $IdleAnimations_DarkAspirant
Creating struct: $IdleAnimations_SmallBolts
Creating struct: $DefenseTable_DarkAspirant
Creating struct: $StatusTable_DarkAspirant
Creating struct: $PartsTable_DarkAspirant
Creating struct: $DarkAspirant
Creating struct: $Script_Init_DarkAspirant
Creating struct: $Function_802182A4_DarkAspirant
Creating struct: $Script_Idle_DarkAspirant
Creating struct: $Script_HandleEvent_DarkAspirant
Creating struct: $Script_TakeTurn_DarkAspirant
Creating struct: $Script_ElectroDash_DarkAspirant
Creating struct: $Script_ChargeAttack_DarkAspirant
Creating struct: $Script_WeakLightning_DarkAspirant
Creating struct: $Script_ChargeBolt_DarkAspirant
Creating struct: $Script_MultiBolt_DarkAspirant
Creating struct: $Function_DarkenBackground
Creating struct: $Function_BrightenBackground
Creating struct: $Function_ThunderFX
Creating struct: $Script_ChargeWave_DarkAspirant
Creating struct: $Function_SetStaticColors
Creating struct: $Function_SetLightningPalette
Creating struct: $Function_SetRadialPalette
Creating struct: $Function_8021973C_DarkAspirant
Creating struct: $Function_80219780_DarkAspirant
Reading patch file: battle/formation/import/newenemy/DarkRevenant.bpat
Creating struct: $DarkRevenant
Creating struct: $DefenseTable_Phase1
Creating struct: $DefenseTable_Phase2
Creating struct: $DefenseTable_Phase3
Creating struct: $DefenseTable_Phase4
Creating struct: $StatusTable_LavaCheep
Creating struct: $PartsTable_LavaCheep
Creating struct: $IdleAnimations_LavaCheep
Creating struct: $IdleAnimations_Fireball
Creating struct: $Script_Init_LavaCheep
Creating struct: $Script_Idle_LavaCheep
Creating struct: $Script_HandleDeath
Creating struct: $Script_HandleEvent_LavaCheep
Creating struct: $Script_TakeTurn_LavaCheep
Creating struct: $Function_LavaBeam
Creating struct: $Script_LavaSpit
Creating struct: $Script_LavaBall
Creating struct: $Function_8021CF54
Creating struct: $Script_FireBreath
Creating struct: $Function_80238540
Creating struct: $ConstDouble_8023C060
Creating struct: $ConstDouble_8023C068
Creating struct: $Script_LavaWave
Reading patch file: battle/formation/import/newenemy/DarkSummoner.bpat
Creating struct: $DarkSummoner
Creating struct: $Function_80218000_DarkSummoner
Creating struct: $Function_802180CC_DarkSummoner
Creating struct: $IdleAnimations_DarkSummoner
Creating struct: $IdleAnimations_Bzzrk
Creating struct: $DefenseTable_DarkSummoner
Creating struct: $DefenseTable_DarkSummoner_2
Creating struct: $DefenseTable_DarkSummoner_4
Creating struct: $DefenseTable_DarkSummoner_6
Creating struct: $DefenseTable_DarkSummoner_8
Creating struct: $StatusTable_DarkSummoner
Creating struct: $PartsTable_DarkSummoner
Creating struct: $Script_Init_DarkSummoner
Creating struct: $Script_Idle_DarkSummoner
Creating struct: $Script_8021ED30_DarkSummoner
Creating struct: $Script_CalculateDefense
Creating struct: $Script_HandleEvent_DarkSummoner
Creating struct: $Script_KillBits
Creating struct: $Script_BuffAll
Creating struct: $Script_TakeTurn_DarkSummoner
Creating struct: $Script_CountBits
Creating struct: $Script_SummonMoreBits
Creating struct: $Script_BitJumpAnim
Creating struct: $DarkSummonerPos
Creating struct: $PerfectBitPos
Creating struct: $ShieldedBitPos
Creating struct: $ViscousBitPos
Creating struct: $SturdyBitPos
Creating struct: $Vector3D_Low
Creating struct: $SpecialFormation_PerfectBit
Creating struct: $SpecialFormation_ShieldedBit
Creating struct: $SpecialFormation_ViscousBit
Creating struct: $SpecialFormation_SturdyBit
Creating struct: $DefenseTable_PerfectBit
Creating struct: $DefenseTable_ShieldedBit
Creating struct: $DefenseTable_ViscousBit
Creating struct: $DefenseTable_SturdyBit
Creating struct: $PartsTable_PerfectBit
Creating struct: $PartsTable_ShieldedBit
Creating struct: $PartsTable_ViscousBit
Creating struct: $PartsTable_SturdyBit
Creating struct: $IdleAnimations_PerfectBit
Creating struct: $IdleAnimations_ShieldedBit
Creating struct: $IdleAnimations_ViscousBit
Creating struct: $IdleAnimations_SturdyBit
Creating struct: $PerfectBit
Creating struct: $ShieldedBit
Creating struct: $ViscousBit
Creating struct: $SturdyBit
Creating struct: $Script_Idle_Bit
Creating struct: $Script_Init_PerfectBit
Creating struct: $Script_Init_ShieldedBit
Creating struct: $Script_Init_ViscousBit
Creating struct: $Script_Init_SturdyBit
Creating struct: $Script_HandleEvent_Bit
Creating struct: $Script_TakeTurn_PerfectBit
Creating struct: $Function_LaserBeam
Creating struct: $Script_TakeTurn_ShieldedBit
Creating struct: $Function_SetLightningPalette_IceBolt
Creating struct: $Function_SetColdBreathPalette
Creating struct: $Script_TakeTurn_ViscousBit
Creating struct: $Function_80218000_PPuff
Creating struct: $Script_80222820_FP
Creating struct: $Function_SetBreathPalette
Creating struct: $Script_TakeTurn_SturdyBit
Reading patch file: battle/formation/import/newenemy/DarkReplicator.bpat
Creating struct: $DarkReplicator
Creating struct: $DarkReplicationFormation
Creating struct: $VoidPos
Creating struct: $DarkReplication
Creating struct: $DefenseTable_DarkReplicator
Creating struct: $DefenseTable_DarkReplication
Creating struct: $StatusTable_DarkReplicator
Creating struct: $PartsTable_DarkReplicator
Creating struct: $PartsTable_DarkReplication
Creating struct: $IdleAnimations_DarkReplicator
Creating struct: $IdleAnimations_DarkReplication
Creating struct: $Script_Init_DarkReplicator
Creating struct: $Script_Init_DarkReplication
Creating struct: $Script_NextTurn_DarkReplicator
Creating struct: $Script_GetOpenPosition
Creating struct: $Script_Idle_DarkReplicator
Creating struct: $Script_MakeClones
Creating struct: $Script_MakeClones_B
Creating struct: $Script_HandleEvent_DarkReplicator
Creating struct: $Script_HandleEvent_DarkReplication
Creating struct: $Script_TakeTurn_DarkReplicator
Creating struct: $Script_TakeTurn_DarkReplication
Creating struct: $Script_CastSpell
Creating struct: $Script_CastSpellB
Creating struct: $Script_LungeAttack_DarkReplication
Creating struct: $StageTable
Creating struct: $Stage_Pit1
Creating struct: $Stage_Temple
Creating struct: $Script_BeforeBattle_Temple
Creating struct: $Script_AfterBattle_Temple
Creating struct: $Script_BeforeBattle_Normal
Creating struct: $Script_AfterBattle_Normal
Creating struct: $Formation_00
Creating struct: $Formation_01
Creating struct: $AtomicBooPos
Creating struct: $Formation_02
Creating struct: $Formation_03
Creating struct: $Formation_04
Creating struct: $Formation_05
Creating struct: $Formation_06
Creating struct: $FormationTable
Merged 1 regions to 1
$Function_80238540 will be placed at 80218000 (length = 988 bytes)
$Script_HandleEvent_Bit will be placed at 80218988 (length = 868 bytes)
$Script_ShedDarkFragments will be placed at 802191F0 (length = 798 bytes)
$Script_TakeTurn_DarkShieldbearer will be placed at 80219988 (length = 778 bytes)
$Script_Land_DarkTraveller will be placed at 8021A100 (length = 658 bytes)
$Script_WarpHome_DarkTraveller will be placed at 8021A758 (length = 5EC bytes)
$Script_ElectroDash_DarkAspirant will be placed at 8021AD44 (length = 5D0 bytes)
$Script_TakeTurn_ShieldedBit will be placed at 8021B314 (length = 51C bytes)
$Script_TakeTurn_ViscousBit will be placed at 8021B830 (length = 51C bytes)
$Script_HandleEvent_DarkShieldbearer will be placed at 8021BD4C (length = 514 bytes)
$Script_LungeAttack_DarkReplication will be placed at 8021C260 (length = 4FC bytes)
$Script_HandleEvent_LavaCheep will be placed at 8021C75C (length = 4F8 bytes)
$Script_ChargeWave_DarkAspirant will be placed at 8021CC54 (length = 4E8 bytes)
$Script_LavaWave will be placed at 8021D13C (length = 4D8 bytes)
$Script_LavaBall will be placed at 8021D614 (length = 4C0 bytes)
$Script_HandleEvent_DarkAspirant will be placed at 8021DAD4 (length = 488 bytes)
$Script_HandleEvent_DarkSummoner will be placed at 8021DF5C (length = 460 bytes)
$Script_FireBreath will be placed at 8021E3BC (length = 45C bytes)
$Script_HandleEvent_DarkReplication will be placed at 8021E818 (length = 454 bytes)
$Script_HandleEvent_DarkReplicator will be placed at 8021EC6C (length = 454 bytes)
$Script_LavaSpit will be placed at 8021F0C0 (length = 420 bytes)
$Script_ShellToss_DarkTraveller will be placed at 8021F4E0 (length = 414 bytes)
$Script_HandleEvent_DarkCollective will be placed at 8021F8F4 (length = 404 bytes)
$Script_HandleEvent_DarkFragment will be placed at 8021FCF8 (length = 3EC bytes)
$Script_HandleEvent_DarkTraveller will be placed at 802200E4 (length = 39C bytes)
$Script_TrySummonSolidVoids will be placed at 80220480 (length = 2A8 bytes)
$Script_CastSpellB will be placed at 80220728 (length = 27C bytes)
$Script_ChargeAttack_DarkAspirant will be placed at 802209A4 (length = 274 bytes)
$Script_CollectiveWave will be placed at 80220C18 (length = 270 bytes)
$Script_SummonMoreBits will be placed at 80220E88 (length = 258 bytes)
$Script_MakeClones will be placed at 802210E0 (length = 254 bytes)
$Script_TakeTurn_PerfectBit will be placed at 80221334 (length = 24C bytes)
$Script_DarkShieldbearerFall will be placed at 80221580 (length = 248 bytes)
$Script_MultiBolt_DarkAspirant will be placed at 802217C8 (length = 244 bytes)
$Script_CalculateDefense will be placed at 80221A0C (length = 22C bytes)
$Script_ChargeBolt_DarkAspirant will be placed at 80221C38 (length = 204 bytes)
$Script_WeakLightning_DarkAspirant will be placed at 80221E3C (length = 1E0 bytes)
$Script_MakeClones_B will be placed at 8022201C (length = 1C4 bytes)
$Script_FlyToDarkCollective will be placed at 802221E0 (length = 1B8 bytes)
$Script_TakeTurn_DarkFragment will be placed at 80222398 (length = 1B0 bytes)
$Function_802182A4_DarkAspirant will be placed at 80222548 (length = 19C bytes)
$Script_BuffAll will be placed at 802226E4 (length = 19C bytes)
$Function_802182A4 will be placed at 80222880 (length = 19C bytes)
$Script_KillBits will be placed at 80222A1C (length = 198 bytes)
$Script_Idle_DarkCollective will be placed at 80222BB4 (length = 198 bytes)
$Function_80218440 will be placed at 80222D4C (length = 194 bytes)
$Script_NextTurn_DarkShieldbearer will be placed at 80222EE0 (length = 194 bytes)
$Script_GetOpenPosition will be placed at 80223074 (length = 190 bytes)
$Script_Idle_DarkSummoner will be placed at 80223204 (length = 178 bytes)
$Script_Idle_DarkAspirant will be placed at 8022337C (length = 178 bytes)
$Script_HandleDeath will be placed at 802234F4 (length = 170 bytes)
$Script_TakeTurn_SturdyBit will be placed at 80223664 (length = 15C bytes)
$Script_BitJumpAnim will be placed at 802237C0 (length = 15C bytes)
$Script_Idle_DarkShieldbearer will be placed at 8022391C (length = 150 bytes)
$Function_ThunderFX will be placed at 80223A6C (length = 14C bytes)
$Script_Init_DarkSummoner will be placed at 80223BB8 (length = 14C bytes)
$Function_ReturnHome_DarkCollective will be placed at 80223D04 (length = 130 bytes)
$Function_802180CC_DarkSummoner will be placed at 80223E34 (length = 11C bytes)
$Script_Init_DarkCollective will be placed at 80223F50 (length = 114 bytes)
$Script_CountBits will be placed at 80224064 (length = 114 bytes)
$Script_Init_DarkTraveller will be placed at 80224178 (length = E4 bytes)
$Function_80218438 will be placed at 8022425C (length = D8 bytes)
$PartsTable_DarkSummoner will be placed at 80224334 (length = D8 bytes)
$Function_80218000_DarkSummoner will be placed at 8022440C (length = CC bytes)
$DefenseBoost will be placed at 802244D8 (length = CC bytes)
$DeleteSolidVoids will be placed at 802245A4 (length = C8 bytes)
$Script_Init_DarkShieldbearer will be placed at 8022466C (length = B4 bytes)
$PartsTable_LavaCheep will be placed at 80224720 (length = B4 bytes)
$StatusTable_DarkShieldbearerDown will be placed at 802247D4 (length = AC bytes)
$StatusTable_DarkShieldbearer will be placed at 80224880 (length = AC bytes)
$StatusTable_DarkSummoner will be placed at 8022492C (length = AC bytes)
$StatusTable_DarkTraveller will be placed at 802249D8 (length = AC bytes)
$StatusTable_DarkAspirant will be placed at 80224A84 (length = AC bytes)
$StatusTable_LavaCheep will be placed at 80224B30 (length = AC bytes)
$StatusTable_DarkReplicator will be placed at 80224BDC (length = AC bytes)
$Script_TakeTurn_DarkAspirant will be placed at 80224C88 (length = A8 bytes)
$Script_Init_DarkAspirant will be placed at 80224D30 (length = A4 bytes)
$Script_Init_LavaCheep will be placed at 80224DD4 (length = A4 bytes)
$Script_Init_DarkReplicator will be placed at 80224E78 (length = A0 bytes)
$FormationTable will be placed at 80224F18 (length = A0 bytes)
$Function_8021CF54 will be placed at 80224FB8 (length = 9C bytes)
$Function_DarkenBackground will be placed at 80225054 (length = 98 bytes)
$Script_SmokeEffects will be placed at 802250EC (length = 98 bytes)
$Script_GotoIndex will be placed at 80225184 (length = 90 bytes)
$Formation_05 will be placed at 80225214 (length = 8C bytes)
$StatusTable_DarkCollective will be placed at 802252A0 (length = 8C bytes)
$Script_NextTurn_DarkReplicator will be placed at 8022532C (length = 88 bytes)
$DarkFragmentIDs will be placed at 802253B4 (length = 80 bytes)
$Function_BrightenBackground will be placed at 80225434 (length = 80 bytes)
$Script_TakeTurn_DarkReplicator will be placed at 802254B4 (length = 78 bytes)
$Function_SetLightningPalette will be placed at 8022552C (length = 74 bytes)
$Function_SetStaticColors will be placed at 802255A0 (length = 74 bytes)
$Function_SetLightningPalette_IceBolt will be placed at 80225614 (length = 74 bytes)
$Function_SetColdBreathPalette will be placed at 80225688 (length = 74 bytes)
$Script_ReturnHome_DarkCollective will be placed at 802256FC (length = 74 bytes)
$Function_LaserBeam will be placed at 80225770 (length = 6C bytes)
$Function_LavaBeam will be placed at 802257DC (length = 6C bytes)
$Function_SetBreathPalette will be placed at 80225848 (length = 6C bytes)
$Script_TakeTurn_DarkTraveller will be placed at 802258B4 (length = 6C bytes)
$Script_8021ED30_DarkSummoner will be placed at 80225920 (length = 6C bytes)
$Script_TakeTurn_LavaCheep will be placed at 8022598C (length = 68 bytes)
$Script_DarkBone will be placed at 802259F4 (length = 60 bytes)
$Function_SetRadialPalette_Col will be placed at 80225A54 (length = 5C bytes)
$Function_SetRadialPalette will be placed at 80225AB0 (length = 5C bytes)
$Function_80218000_PPuff will be placed at 80225B0C (length = 58 bytes)
$Function_802184D4_DG will be placed at 80225B64 (length = 58 bytes)
$IntTable_8022DD30 will be placed at 80225BBC (length = 58 bytes)
$IdleAnimations_DarkTraveller will be placed at 80225C14 (length = 54 bytes)
$IdleAnimations_LavaCheep will be placed at 80225C68 (length = 4C bytes)
$IdleAnimations_DarkShieldbearer will be placed at 80225CB4 (length = 4C bytes)
$IdleAnimations_SmallBolts will be placed at 80225D00 (length = 4C bytes)
$IdleAnimations_DarkAspirant will be placed at 80225D4C (length = 4C bytes)
$Function_Vanish will be placed at 80225D98 (length = 4C bytes)
$IdleAnimations_DarkReplicator will be placed at 80225DE4 (length = 4C bytes)
$Function_802185D4 will be placed at 80225E30 (length = 4C bytes)
$IdleAnimations_DarkSummoner will be placed at 80225E7C (length = 4C bytes)
$IdleAnimations_Bzzrk will be placed at 80225EC8 (length = 4C bytes)
$IdleAnimations_DarkReplication will be placed at 80225F14 (length = 4C bytes)
$PartsTable_ShieldedBit will be placed at 80225F60 (length = 48 bytes)
$PartsTable_SolidVoid will be placed at 80225FA8 (length = 48 bytes)
$PartsTable_DarkShieldbearer will be placed at 80225FF0 (length = 48 bytes)
$PartsTable_SturdyBit will be placed at 80226038 (length = 48 bytes)
$PartsTable_PerfectBit will be placed at 80226080 (length = 48 bytes)
$Script_TakeTurn_DarkCollective will be placed at 802260C8 (length = 48 bytes)
$PartsTable_ViscousBit will be placed at 80226110 (length = 48 bytes)
$Script_80222820_FP will be placed at 80226158 (length = 48 bytes)
$PartsTable_DarkAspirant will be placed at 802261A0 (length = 48 bytes)
$Script_Init_DarkFragment will be placed at 802261E8 (length = 44 bytes)
$IdleAnimations_DarkFragment will be placed at 8022622C (length = 44 bytes)
$Function_8021973C_DarkAspirant will be placed at 80226270 (length = 44 bytes)
$Function_80218458_DG will be placed at 802262B4 (length = 44 bytes)
$IdleAnimations_DarkCollective will be placed at 802262F8 (length = 44 bytes)
$Script_TakeTurn_DarkSummoner will be placed at 8022633C (length = 3C bytes)
$Script_Init_ShieldedBit will be placed at 80226378 (length = 38 bytes)
$Function_80219780_DarkAspirant will be placed at 802263B0 (length = 38 bytes)
$Script_Init_SolidVoid will be placed at 802263E8 (length = 38 bytes)
$Script_Init_PerfectBit will be placed at 80226420 (length = 38 bytes)
$Script_Init_SturdyBit will be placed at 80226458 (length = 38 bytes)
$Script_Init_ViscousBit will be placed at 80226490 (length = 38 bytes)
$Script_Init_DarkReplication will be placed at 802264C8 (length = 38 bytes)
$Function_8021849C_DG will be placed at 80226500 (length = 38 bytes)
$Script_CastSpell will be placed at 80226538 (length = 30 bytes)
$SolidVoid will be placed at 80226568 (length = 28 bytes)
$DarkRevenant will be placed at 80226590 (length = 28 bytes)
$DarkSummoner will be placed at 802265B8 (length = 28 bytes)
$DarkReplication will be placed at 802265E0 (length = 28 bytes)
$DarkShieldbearer will be placed at 80226608 (length = 28 bytes)
$Stage_Pit1 will be placed at 80226630 (length = 28 bytes)
$DefenseTable_ShieldedBit will be placed at 80226658 (length = 28 bytes)
$SturdyBit will be placed at 80226680 (length = 28 bytes)
$DarkAspirant will be placed at 802266A8 (length = 28 bytes)
$ShieldedBit will be placed at 802266D0 (length = 28 bytes)
$PerfectBit will be placed at 802266F8 (length = 28 bytes)
$DarkFragment will be placed at 80226720 (length = 28 bytes)
$Stage_Temple will be placed at 80226748 (length = 28 bytes)
$DarkTraveller will be placed at 80226770 (length = 28 bytes)
$ViscousBit will be placed at 80226798 (length = 28 bytes)
$DarkCollective will be placed at 802267C0 (length = 28 bytes)
$DarkReplicator will be placed at 802267E8 (length = 28 bytes)
$DefenseTable_DarkAspirant will be placed at 80226810 (length = 24 bytes)
$PartsTable_DarkCollective will be placed at 80226834 (length = 24 bytes)
$PartsTable_DarkReplicator will be placed at 80226858 (length = 24 bytes)
$PartsTable_DarkFragment will be placed at 8022687C (length = 24 bytes)
$PartsTable_DarkReplication will be placed at 802268A0 (length = 24 bytes)
$DefenseTable_Phase4 will be placed at 802268C4 (length = 24 bytes)
$DefenseTable_Phase3 will be placed at 802268E8 (length = 24 bytes)
$DefenseTable_Phase2 will be placed at 8022690C (length = 24 bytes)
$DefenseTable_Phase1 will be placed at 80226930 (length = 24 bytes)
$PartsTable_DarkTraveller will be placed at 80226954 (length = 24 bytes)
$DefenseTable_PerfectBit will be placed at 80226978 (length = 20 bytes)
$DefenseTable_SturdyBit will be placed at 80226998 (length = 20 bytes)
$SpecialFormation_SolidVoid will be placed at 802269B8 (length = 1C bytes)
$Formation_00 will be placed at 802269D4 (length = 1C bytes)
$Formation_01 will be placed at 802269F0 (length = 1C bytes)
$Formation_04 will be placed at 80226A0C (length = 1C bytes)
$Formation_02 will be placed at 80226A28 (length = 1C bytes)
$Formation_03 will be placed at 80226A44 (length = 1C bytes)
$Formation_06 will be placed at 80226A60 (length = 1C bytes)
$SpecialFormation_PerfectBit will be placed at 80226A7C (length = 1C bytes)
$SpecialFormation_SturdyBit will be placed at 80226A98 (length = 1C bytes)
$DarkReplicationFormation will be placed at 80226AB4 (length = 1C bytes)
$SpecialFormation_DarkFragment will be placed at 80226AD0 (length = 1C bytes)
$SpecialFormation_ShieldedBit will be placed at 80226AEC (length = 1C bytes)
$SpecialFormation_ViscousBit will be placed at 80226B08 (length = 1C bytes)
$DefenseTable_ViscousBit will be placed at 80226B24 (length = 18 bytes)
$StageTable will be placed at 80226B3C (length = 18 bytes)
$DefenseTable_DarkSummoner_8 will be placed at 80226B54 (length = 14 bytes)
$DefenseTable_DarkSummoner_6 will be placed at 80226B68 (length = 14 bytes)
$DefenseTable_DarkSummoner_4 will be placed at 80226B7C (length = 14 bytes)
$DefenseTable_DarkSummoner_2 will be placed at 80226B90 (length = 14 bytes)
$DefenseTable_DarkSummoner will be placed at 80226BA4 (length = 14 bytes)
$DefenseTable_Normal will be placed at 80226BB8 (length = 14 bytes)
$DefenseTable_DarkCollective will be placed at 80226BCC (length = 14 bytes)
$ASCII_"tem_b07_shape"_Literal will be placed at 80226BE0 (length = 10 bytes)
$ASCII_"pit_b01_shape"_Literal will be placed at 80226BF0 (length = 10 bytes)
$Script_TakeTurn_DarkReplication will be placed at 80226C00 (length = 10 bytes)
$ASCII_"tem_b07_hit"_Literal will be placed at 80226C10 (length = C bytes)
$ShieldedBitPos will be placed at 80226C1C (length = C bytes)
$ASCII_"pit_12"_Literal will be placed at 80226C28 (length = C bytes)
$IdleAnimations_SolidVoid will be placed at 80226C34 (length = C bytes)
$DefenseTable_DarkReplication will be placed at 80226C40 (length = C bytes)
$ASCII_"pit_b01_hit"_Literal will be placed at 80226C4C (length = C bytes)
$ASCII_"tem_03"_Literal will be placed at 80226C58 (length = C bytes)
$Vector3D_Low will be placed at 80226C64 (length = C bytes)
$DarkSummonerPos will be placed at 80226C70 (length = C bytes)
$DefenseTable_DarkShieldbearer will be placed at 80226C7C (length = C bytes)
$DefenseTable_DarkReplicator will be placed at 80226C88 (length = C bytes)
$IdleAnimations_ShieldedBit will be placed at 80226C94 (length = C bytes)
$IdleAnimations_ViscousBit will be placed at 80226CA0 (length = C bytes)
$IdleAnimations_SturdyBit will be placed at 80226CAC (length = C bytes)
$ViscousBitPos will be placed at 80226CB8 (length = C bytes)
$Vector3D_Negative will be placed at 80226CC4 (length = C bytes)
$PerfectBitPos will be placed at 80226CD0 (length = C bytes)
$DefenseTable_SolidVoid will be placed at 80226CDC (length = C bytes)
$VoidPos will be placed at 80226CE8 (length = C bytes)
$IdleAnimations_DarkBone will be placed at 80226CF4 (length = C bytes)
$IdleAnimations_DarkShieldbearerDown will be placed at 80226D00 (length = C bytes)
$DefenseTable_DarkShieldbearerDown will be placed at 80226D0C (length = C bytes)
$IdleAnimations_Fireball will be placed at 80226D18 (length = C bytes)
$SturdyBitPos will be placed at 80226D24 (length = C bytes)
$IdleAnimations_PerfectBit will be placed at 80226D30 (length = C bytes)
$AtomicBooPos will be placed at 80226D3C (length = C bytes)
$Vector3D_SolidVoid will be placed at 80226D48 (length = C bytes)
$Script_AfterBattle_Temple will be placed at 80226D54 (length = 8 bytes)
$Script_TakeTurn_SolidVoid will be placed at 80226D5C (length = 8 bytes)
$ConstDouble_8023C068 will be placed at 80226D68 (length = 8 bytes)
$ConstDouble_8023C060 will be placed at 80226D70 (length = 8 bytes)
$Script_Idle_DarkFragment will be placed at 80226D78 (length = 8 bytes)
$ASCII_"kpa_tex"_Literal will be placed at 80226D80 (length = 8 bytes)
$Script_BeforeBattle_Temple will be placed at 80226D88 (length = 8 bytes)
$Script_HandleEvent_SolidVoid will be placed at 80226D90 (length = 8 bytes)
$Script_Idle_SolidVoid will be placed at 80226D98 (length = 8 bytes)
$Script_Idle_LavaCheep will be placed at 80226DA0 (length = 8 bytes)
$Script_BeforeBattle_Normal will be placed at 80226DA8 (length = 8 bytes)
$Script_Idle_DarkReplicator will be placed at 80226DB0 (length = 8 bytes)
$Script_AfterBattle_Normal will be placed at 80226DB8 (length = 8 bytes)
$Script_Idle_Bit will be placed at 80226DC0 (length = 8 bytes)
Reading patch file: battle/formation/patch/3E Dark Temple Part 5.bpat
Reading patch file: battle/formation/import/newenemy/DarkSword.bpat
Creating struct: $DarkSword
Creating struct: $DefenseTable_DarkSword_Pommel
Creating struct: $DefenseTable_DarkSword_Blade
Creating struct: $StatusTable_DarkSword
Creating struct: $PartsTable_DarkSword
Creating struct: $IdleAnimations_DarkSword
Creating struct: $Script_Init_DarkSword
Creating struct: $GetMaxHp
Creating struct: $SetMaxHp
Creating struct: $Script_Idle_DarkSword
Creating struct: $Script_HandleEvent_DarkSword
Creating struct: $Script_DoDeath
Creating struct: $Function_SetBlastPalette
Creating struct: $Script_TakeTurn_DarkSword
Creating struct: $Function_LaserBeam
Creating struct: $Script_ShootRedLaser
Creating struct: $Function_DarkenBackground
Creating struct: $Function_BrightenBackground
Creating struct: $Function_ThunderFX
Creating struct: $Script_Lightning
Creating struct: $Function_SetLightningPalette_IceBolt
Creating struct: $Function_SetColdBreathPalette
Creating struct: $Script_IceBolt
Creating struct: $Function_SetRadialPalette
Creating struct: $Function_80218458_DG
Creating struct: $Function_8021849C_DG
Creating struct: $Function_802184D4_DG
Creating struct: $Script_TearReality
Creating struct: $StageTable
Creating struct: $Stage_TempleTop
Creating struct: $Function_8021D290
Creating struct: $IntTable_80234310
Creating struct: $Script_80234380
Creating struct: $IntTable_80234458
Creating struct: $Script_802344C8
Creating struct: $Script_BeforeBattle_Normal
Creating struct: $Script_AfterBattle_Normal
Creating struct: $Formation_00
Creating struct: $FormationTable
Merged 1 regions to 1
$Script_IceBolt will be placed at 80218000 (length = 584 bytes)
$Script_HandleEvent_DarkSword will be placed at 80218584 (length = 4F8 bytes)
$Script_TearReality will be placed at 80218A7C (length = 460 bytes)
$Script_ShootRedLaser will be placed at 80218EDC (length = 2E0 bytes)
$Script_DoDeath will be placed at 802191BC (length = 294 bytes)
$Script_Lightning will be placed at 80219450 (length = 234 bytes)
$Script_TakeTurn_DarkSword will be placed at 80219684 (length = 1BC bytes)
$Function_ThunderFX will be placed at 80219840 (length = 14C bytes)
$StatusTable_DarkSword will be placed at 8021998C (length = AC bytes)
$Script_80234380 will be placed at 80219A38 (length = A4 bytes)
$Script_802344C8 will be placed at 80219ADC (length = A4 bytes)
$Script_Init_DarkSword will be placed at 80219B80 (length = A0 bytes)
$Function_DarkenBackground will be placed at 80219C20 (length = 98 bytes)
$Function_BrightenBackground will be placed at 80219CB8 (length = 80 bytes)
$Function_SetColdBreathPalette will be placed at 80219D38 (length = 74 bytes)
$Function_SetLightningPalette_IceBolt will be placed at 80219DAC (length = 74 bytes)
$IntTable_80234458 will be placed at 80219E20 (length = 70 bytes)
$IntTable_80234310 will be placed at 80219E90 (length = 70 bytes)
$Function_LaserBeam will be placed at 80219F00 (length = 6C bytes)
$Function_SetBlastPalette will be placed at 80219F6C (length = 6C bytes)
$Function_SetRadialPalette will be placed at 80219FD8 (length = 5C bytes)
$Function_802184D4_DG will be placed at 8021A034 (length = 58 bytes)
$Function_8021D290 will be placed at 8021A08C (length = 54 bytes)
$SetMaxHp will be placed at 8021A0E0 (length = 50 bytes)
$IdleAnimations_DarkSword will be placed at 8021A130 (length = 4C bytes)
$PartsTable_DarkSword will be placed at 8021A17C (length = 48 bytes)
$GetMaxHp will be placed at 8021A1C4 (length = 48 bytes)
$Function_80218458_DG will be placed at 8021A20C (length = 44 bytes)
$Function_8021849C_DG will be placed at 8021A250 (length = 38 bytes)
$DarkSword will be placed at 8021A288 (length = 28 bytes)
$Stage_TempleTop will be placed at 8021A2B0 (length = 28 bytes)
$FormationTable will be placed at 8021A2D8 (length = 28 bytes)
$Script_BeforeBattle_Normal will be placed at 8021A300 (length = 24 bytes)
$Formation_00 will be placed at 8021A324 (length = 1C bytes)
$ASCII_"tem_b08_shape"_Literal will be placed at 8021A340 (length = 10 bytes)
$StageTable will be placed at 8021A350 (length = 10 bytes)
$ASCII_"tem_10"_Literal will be placed at 8021A360 (length = C bytes)
$ASCII_"tem_b08_hit"_Literal will be placed at 8021A36C (length = C bytes)
$DefenseTable_DarkSword_Pommel will be placed at 8021A378 (length = C bytes)
$DefenseTable_DarkSword_Blade will be placed at 8021A384 (length = C bytes)
$Script_Idle_DarkSword will be placed at 8021A390 (length = 8 bytes)
$Script_AfterBattle_Normal will be placed at 8021A398 (length = 8 bytes)
$ASCII_"kpa_tex"_Literal will be placed at 8021A3A0 (length = 8 bytes)
Reading patch file: battle/formation/patch/3F Goomba King Refight.bpat
Creating struct: $FloatTable_Goomba
Creating struct: $Function_80218000
Creating struct: $Function_80218500
Creating struct: $Function_8021868C
Creating struct: $Function_80218780
Creating struct: $Function_802187B0
Creating struct: $Function_8021893C
Creating struct: $Function_80218A30
Creating struct: $Function_80218B10
Creating struct: $Function_80218B80
Creating struct: $Function_80219708
Creating struct: $Vector3D_802197A0
Creating struct: $Vector3D_802197AC
Creating struct: $Vector3D_802197B8
Creating struct: $Vector3D_802197C4
Creating struct: $Formation_01
Creating struct: $FormationTable
Creating struct: $StageTable
Creating struct: $DefenseTable_BlueGoomba
Creating struct: $StatusTable_BlueGoomba
Creating struct: $PartsTable_BlueGoomba
Creating struct: $BlueGoomba2
Creating struct: $IdleAnimations_BlueGoomba
Creating struct: $IdleAnimations_BlueGoombaMoving
Creating struct: $IdleAnimations_BlueGoomba_Charged
Creating struct: $IdleAnimations_BlueGoomba_Dark
Creating struct: $IdleAnimations_BlueGoombaMoving_Dark
Creating struct: $IdleAnimations_BlueGoomba_Charged_Dark
Creating struct: $IdleAnimations_BlueGoomba_Golden
Creating struct: $IdleAnimations_BlueGoombaMoving_Golden
Creating struct: $IdleAnimations_BlueGoomba_Charged_Golden
Creating struct: $Script_Init2_BlueGoomba
Creating struct: $Script_Idle_Goomba
Creating struct: $Script_HandleEvent_Goomba
Creating struct: $Script_TakeTurn_BlueGoomba
Creating struct: $Script_Init_BlueGoomba
Creating struct: $DefenseTable_RedGoomba
Creating struct: $StatusTable_RedGoomba
Creating struct: $PartsTable_RedGoomba
Creating struct: $RedGoomba2
Creating struct: $IdleAnimations_RedGoomba
Creating struct: $IdleAnimations_RedGoombaMoving
Creating struct: $IdleAnimations_RedGoomba_Charged
Creating struct: $IdleAnimations_RedGoomba_Dark
Creating struct: $IdleAnimations_RedGoombaMoving_Dark
Creating struct: $IdleAnimations_RedGoomba_Charged_Dark
Creating struct: $IdleAnimations_RedGoomba_Golden
Creating struct: $IdleAnimations_RedGoombaMoving_Golden
Creating struct: $IdleAnimations_RedGoomba_Charged_Golden
Creating struct: $Script_Init2_RedGoomba
Creating struct: $Script_TakeTurn_RedGoomba
Creating struct: $Script_BoostGoombaKing
Creating struct: $Script_Headbonk_Goomba
Creating struct: $Script_Charge_Goomba
Creating struct: $Script_Init_RedGoomba
Creating struct: $IdleAnimations_GoombaKing
Creating struct: $IdleAnimations_GoombaKingMoving
Creating struct: $IdleAnimations_GoombaKing_Dark
Creating struct: $IdleAnimations_GoombaKingMoving_Dark
Creating struct: $IdleAnimations_GoombaKing_Golden
Creating struct: $IdleAnimations_GoombaKingMoving_Golden
Creating struct: $DefenseTable_GoombaKing
Creating struct: $StatusTable_GoombaKing
Creating struct: $PartsTable_GoombaKing
Creating struct: $GoombaKing
Creating struct: $Script_Init_GoombaKing
Creating struct: $Script_Idle_GoombaKing
Creating struct: $Script_80220DB0
Creating struct: $Script_HandleEvent_GoombaKing
Creating struct: $Script_TakeTurn_GoombaKing
Creating struct: $Script_GoombaKing_Kick
Creating struct: $Script_DropPlayerNut
Creating struct: $Script_80222D9C
Creating struct: $Script_GoombaKingDeath
Creating struct: $IdleAnimations_Nut
Creating struct: $DefenseTable_Tree
Creating struct: $StatusTable_Tree
Creating struct: $PartsTable_Tree
Creating struct: $GoomnutTree
Creating struct: $Script_Init_Tree
Creating struct: $Script_NextTurn_Tree
Creating struct: $Script_Idle_Tree
Creating struct: $Script_HandleEvent_Tree
Creating struct: $Script_TakeTurn_Tree
Creating struct: $Script_80223890
Creating struct: $???_80223D44
Creating struct: $???_80223D50
Creating struct: $???_80223D60
Creating struct: $???_80223D7C
Creating struct: $Script_ShakeTree
Creating struct: $Script_DropGoombaNut
Creating struct: $Script_BeforeBattle_80225788
Creating struct: $Script_AfterBattle_8022580C
Creating struct: $Script_80225400
Creating struct: $Function_802194A0
Creating struct: $ForegroundModelList_8022581C
Creating struct: $Stage_GoombaRoad
Merged 1 regions to 1
$Script_Headbonk_Goomba will be placed at 80218000 (length = EB0 bytes)
$Script_Charge_Goomba will be placed at 80218EB0 (length = D44 bytes)
$Script_DropPlayerNut will be placed at 80219BF4 (length = AF0 bytes)
$Script_HandleEvent_Goomba will be placed at 8021A6E4 (length = 928 bytes)
$Script_Idle_Goomba will be placed at 8021B00C (length = 7C0 bytes)
$Script_HandleEvent_GoombaKing will be placed at 8021B7CC (length = 78C bytes)
$Script_DropGoombaNut will be placed at 8021BF58 (length = 778 bytes)
$Script_GoombaKing_Kick will be placed at 8021C6D0 (length = 754 bytes)
$Script_80223890 will be placed at 8021CE24 (length = 360 bytes)
$Script_Idle_GoombaKing will be placed at 8021D184 (length = 350 bytes)
$Script_BoostGoombaKing will be placed at 8021D4D4 (length = 318 bytes)
$Function_802194A0 will be placed at 8021D7EC (length = 268 bytes)
$Script_TakeTurn_RedGoomba will be placed at 8021DA54 (length = 22C bytes)
$Script_NextTurn_Tree will be placed at 8021DC80 (length = 200 bytes)
$Script_Init_GoombaKing will be placed at 8021DE80 (length = 1FC bytes)
$Script_TakeTurn_BlueGoomba will be placed at 8021E07C (length = 1F4 bytes)
$Function_80218B80 will be placed at 8021E270 (length = 1CC bytes)
$Script_Init_Tree will be placed at 8021E43C (length = 1C8 bytes)
$Function_802187B0 will be placed at 8021E604 (length = 18C bytes)
$Function_80218500 will be placed at 8021E790 (length = 18C bytes)
$Function_80218000 will be placed at 8021E91C (length = 18C bytes)
$Script_GoombaKingDeath will be placed at 8021EAA8 (length = 184 bytes)
$FloatTable_Goomba will be placed at 8021EC2C (length = 16C bytes)
$Script_Init_BlueGoomba will be placed at 8021ED98 (length = 160 bytes)
$Script_Init_RedGoomba will be placed at 8021EEF8 (length = 160 bytes)
$Script_80222D9C will be placed at 8021F058 (length = 158 bytes)
$Script_80220DB0 will be placed at 8021F1B0 (length = 140 bytes)
$Script_HandleEvent_Tree will be placed at 8021F2F0 (length = 10C bytes)
$Function_8021893C will be placed at 8021F3FC (length = F4 bytes)
$Function_8021868C will be placed at 8021F4F0 (length = F4 bytes)
$Script_TakeTurn_GoombaKing will be placed at 8021F5E4 (length = D8 bytes)
$Script_80225400 will be placed at 8021F6BC (length = BC bytes)
$PartsTable_Tree will be placed at 8021F778 (length = B4 bytes)
$StatusTable_BlueGoomba will be placed at 8021F82C (length = AC bytes)
$StatusTable_RedGoomba will be placed at 8021F8D8 (length = AC bytes)
$StatusTable_Tree will be placed at 8021F984 (length = AC bytes)
$StatusTable_GoombaKing will be placed at 8021FA30 (length = AC bytes)
$Function_80218B10 will be placed at 8021FADC (length = 70 bytes)
$Formation_01 will be placed at 8021FB4C (length = 70 bytes)
$Script_BeforeBattle_80225788 will be placed at 8021FBBC (length = 5C bytes)
$Script_TakeTurn_Tree will be placed at 8021FC18 (length = 5C bytes)
$IdleAnimations_BlueGoomba_Charged_Golden will be placed at 8021FC74 (length = 4C bytes)
$IdleAnimations_BlueGoomba_Charged_Dark will be placed at 8021FCC0 (length = 4C bytes)
$IdleAnimations_RedGoomba_Charged_Dark will be placed at 8021FD0C (length = 4C bytes)
$IdleAnimations_BlueGoombaMoving_Golden will be placed at 8021FD58 (length = 4C bytes)
$IdleAnimations_BlueGoomba_Charged will be placed at 8021FDA4 (length = 4C bytes)
$IdleAnimations_RedGoomba_Charged will be placed at 8021FDF0 (length = 4C bytes)
$IdleAnimations_RedGoomba_Charged_Golden will be placed at 8021FE3C (length = 4C bytes)
$IdleAnimations_RedGoombaMoving will be placed at 8021FE88 (length = 4C bytes)
$IdleAnimations_RedGoomba_Dark will be placed at 8021FED4 (length = 4C bytes)
$IdleAnimations_RedGoombaMoving_Dark will be placed at 8021FF20 (length = 4C bytes)
$IdleAnimations_RedGoomba will be placed at 8021FF6C (length = 4C bytes)
$IdleAnimations_BlueGoombaMoving will be placed at 8021FFB8 (length = 4C bytes)
$IdleAnimations_BlueGoombaMoving_Dark will be placed at 80220004 (length = 4C bytes)
$IdleAnimations_RedGoombaMoving_Golden will be placed at 80220050 (length = 4C bytes)
$IdleAnimations_BlueGoomba will be placed at 8022009C (length = 4C bytes)
$IdleAnimations_RedGoomba_Golden will be placed at 802200E8 (length = 4C bytes)
$IdleAnimations_BlueGoomba_Dark will be placed at 80220134 (length = 4C bytes)
$IdleAnimations_BlueGoomba_Golden will be placed at 80220180 (length = 4C bytes)
$PartsTable_GoombaKing will be placed at 802201CC (length = 48 bytes)
$IdleAnimations_GoombaKingMoving_Dark will be placed at 80220214 (length = 44 bytes)
$IdleAnimations_GoombaKing_Dark will be placed at 80220258 (length = 44 bytes)
$IdleAnimations_GoombaKing will be placed at 8022029C (length = 44 bytes)
$IdleAnimations_GoombaKingMoving_Golden will be placed at 802202E0 (length = 44 bytes)
$Script_Init2_RedGoomba will be placed at 80220324 (length = 44 bytes)
$IdleAnimations_GoombaKing_Golden will be placed at 80220368 (length = 44 bytes)
$Script_Init2_BlueGoomba will be placed at 802203AC (length = 44 bytes)
$IdleAnimations_GoombaKingMoving will be placed at 802203F0 (length = 44 bytes)
$Function_80219708 will be placed at 80220434 (length = 40 bytes)
$Function_80218780 will be placed at 80220474 (length = 30 bytes)
$Function_80218A30 will be placed at 802204A4 (length = 30 bytes)
$Stage_GoombaRoad will be placed at 802204D4 (length = 28 bytes)
$BlueGoomba2 will be placed at 802204FC (length = 28 bytes)
$GoomnutTree will be placed at 80220524 (length = 28 bytes)
$GoombaKing will be placed at 8022054C (length = 28 bytes)
$FormationTable will be placed at 80220574 (length = 28 bytes)
$RedGoomba2 will be placed at 8022059C (length = 28 bytes)
$PartsTable_RedGoomba will be placed at 802205C4 (length = 24 bytes)
$PartsTable_BlueGoomba will be placed at 802205E8 (length = 24 bytes)
$Script_ShakeTree will be placed at 8022060C (length = 1C bytes)
$???_80223D60 will be placed at 80220628 (length = 1C bytes)
$DefenseTable_BlueGoomba will be placed at 80220644 (length = 1C bytes)
$DefenseTable_RedGoomba will be placed at 80220660 (length = 1C bytes)
$???_80223D7C will be placed at 8022067C (length = 14 bytes)
$ASCII_"kmr_bt06_shape"_Literal will be placed at 80220690 (length = 14 bytes)
$ForegroundModelList_8022581C will be placed at 802206A4 (length = 10 bytes)
$???_80223D50 will be placed at 802206B4 (length = 10 bytes)
$ASCII_"kmr_bt06_hit"_Literal will be placed at 802206C4 (length = 10 bytes)
$StageTable will be placed at 802206D4 (length = 10 bytes)
$???_80223D44 will be placed at 802206E4 (length = C bytes)
$DefenseTable_Tree will be placed at 802206F0 (length = C bytes)
$Vector3D_802197C4 will be placed at 802206FC (length = C bytes)
$DefenseTable_GoombaKing will be placed at 80220708 (length = C bytes)
$IdleAnimations_Nut will be placed at 80220714 (length = C bytes)
$ASCII_"kmr_06"_Literal will be placed at 80220720 (length = C bytes)
$ASCII_"kmr_bg"_Literal will be placed at 8022072C (length = C bytes)
$Vector3D_802197B8 will be placed at 80220738 (length = C bytes)
$Vector3D_802197A0 will be placed at 80220744 (length = C bytes)
$Vector3D_802197AC will be placed at 80220750 (length = C bytes)
$Script_AfterBattle_8022580C will be placed at 8022075C (length = 8 bytes)
$Script_Idle_Tree will be placed at 80220764 (length = 8 bytes)
$ASCII_"kmr_tex"_Literal will be placed at 8022076C (length = 8 bytes)
Reading patch file: battle/formation/patch/40 Tutankoopa Refight.bpat
Creating struct: $Function_80218000
Creating struct: $Function_80218150
Creating struct: $Function_802181E8
Creating struct: $Function_8021825C
Creating struct: $Function_8021866C
Creating struct: $Function_80218690
Creating struct: $Function_8021875C
Creating struct: $Function_80218850
Creating struct: $Function_802188E4
Creating struct: $Function_80218920
Creating struct: $Function_802189B0
Creating struct: $Function_802189F0
Creating struct: $Function_80218A38
Creating struct: $Function_80218A60
Creating struct: $Function_80218AA8
Creating struct: $Function_80218AD0
Creating struct: $Function_80218B18
Creating struct: $IdleAnimations_Chomp
Creating struct: $IdleAnimations_Chomp_B
Creating struct: $IdleAnimations_Chomp_C
Creating struct: $IdleAnimations_Chomp_D
Creating struct: $IdleAnimations_Chomp_Chain
Creating struct: $DefenseTable_Chomp
Creating struct: $StatusTable_Chomp
Creating struct: $PartsTable_Chomp
Creating struct: $Chomp
Creating struct: $Script_Init_Chomp
Creating struct: $Script_80218FCC
Creating struct: $Script_Idle_Chomp
Creating struct: $Script_8021972C
Creating struct: $Script_HandleEvent_Chomp
Creating struct: $Script_8021A200
Creating struct: $Script_TakeTurn_Chomp
Creating struct: $Script_8021B41C
Creating struct: $Script_8021B50C
Creating struct: $GetMaxHp
Creating struct: $SetMaxHp
Creating struct: $IdleAnimations_Tutankoopa
Creating struct: $IdleAnimations_Tutankoopa_Stunned
Creating struct: $IdleAnimations_Tutankoopa_Dark
Creating struct: $IdleAnimations_Tutankoopa_Stunned_Dark
Creating struct: $IdleAnimations_BuzzyShell
Creating struct: $IdleAnimations_Tutankoopa_RockA
Creating struct: $IdleAnimations_Tutankoopa_RockB
Creating struct: $DefenseTable_Tutankoopa
Creating struct: $StatusTable_Tutankoopa
Creating struct: $PartsTable_Tutankoopa
Creating struct: $Tutankoopa
Creating struct: $Script_Init_Tutankoopa
Creating struct: $Script_Idle_Tutankoopa
Creating struct: $Script_HandleEvent_Tutankoopa
Creating struct: $Script_8021C748
Creating struct: $Script_HPCurse
Creating struct: $Script_AtkDownCurse
Creating struct: $Script_DefDownCurse
Creating struct: $Script_Tutankoopa_RockStun
Creating struct: $Script_TakeTurn_Tutankoopa
Creating struct: $Script_Tutankoopa_ThrowShell
Creating struct: $Script_Tutankoopa_Spell
Creating struct: $Script_Tutankoopa_RockBackfire
Creating struct: $Script_Tutankoopa_Rocks
Creating struct: $Vector3D_ChompPos
Creating struct: $SpecialFormation_Chomp
Creating struct: $Script_SummonChomp
Creating struct: $Script_8021F42C
Creating struct: $Script_FlyUpA
Creating struct: $Script_FlyUpB
Creating struct: $Script_NextTurn_Tutankoopa
Creating struct: $Script_Tutankoopa_Death
Creating struct: $Script_BeforeBattle_Ruins
Creating struct: $Script_AfterBattle_Ruins
Creating struct: $Stage_Ruins
Creating struct: $Vector3D_Tutankoopa
Creating struct: $Formation_00
Creating struct: $FormationTable
Creating struct: $StageTable
Creating struct: $ConstDouble_802204E0
Merged 1 regions to 1
$Script_TakeTurn_Chomp will be placed at 80218000 (length = AD4 bytes)
$Script_Tutankoopa_Rocks will be placed at 80218AD4 (length = 9E4 bytes)
$Script_SummonChomp will be placed at 802194B8 (length = 8DC bytes)
$Script_HandleEvent_Tutankoopa will be placed at 80219D94 (length = 860 bytes)
$Script_Tutankoopa_ThrowShell will be placed at 8021A5F4 (length = 858 bytes)
$Script_HandleEvent_Chomp will be placed at 8021AE4C (length = 7C0 bytes)
$Script_TakeTurn_Tutankoopa will be placed at 8021B60C (length = 5C4 bytes)
$Script_Tutankoopa_Spell will be placed at 8021BBD0 (length = 4D0 bytes)
$Script_Idle_Chomp will be placed at 8021C0A0 (length = 4A4 bytes)
$Script_8021A200 will be placed at 8021C544 (length = 484 bytes)
$Function_8021825C will be placed at 8021C9C8 (length = 410 bytes)
$Script_Init_Tutankoopa will be placed at 8021CDD8 (length = 384 bytes)
$Script_Tutankoopa_RockStun will be placed at 8021D15C (length = 37C bytes)
$Script_8021B50C will be placed at 8021D4D8 (length = 33C bytes)
$Script_8021C748 will be placed at 8021D814 (length = 2A4 bytes)
$Script_HPCurse will be placed at 8021DAB8 (length = 248 bytes)
$Script_DefDownCurse will be placed at 8021DD00 (length = 22C bytes)
$Script_AtkDownCurse will be placed at 8021DF2C (length = 22C bytes)
$Script_Tutankoopa_Death will be placed at 8021E158 (length = 220 bytes)
$PartsTable_Tutankoopa will be placed at 8021E378 (length = 21C bytes)
$Script_FlyUpA will be placed at 8021E594 (length = 1E4 bytes)
$Script_Tutankoopa_RockBackfire will be placed at 8021E778 (length = 1DC bytes)
$Script_FlyUpB will be placed at 8021E954 (length = 198 bytes)
$PartsTable_Chomp will be placed at 8021EAEC (length = 168 bytes)
$Script_8021F42C will be placed at 8021EC54 (length = 150 bytes)
$Function_80218000 will be placed at 8021EDA4 (length = 150 bytes)
$Script_Idle_Tutankoopa will be placed at 8021EEF4 (length = 14C bytes)
$Script_Init_Chomp will be placed at 8021F040 (length = 104 bytes)
$Script_80218FCC will be placed at 8021F144 (length = 100 bytes)
$Function_8021875C will be placed at 8021F244 (length = EC bytes)
$Function_80218690 will be placed at 8021F330 (length = CC bytes)
$Script_8021B41C will be placed at 8021F3FC (length = C0 bytes)
$StatusTable_Chomp will be placed at 8021F4BC (length = AC bytes)
$StatusTable_Tutankoopa will be placed at 8021F568 (length = AC bytes)
$Function_80218150 will be placed at 8021F614 (length = 98 bytes)
$Function_80218850 will be placed at 8021F6AC (length = 94 bytes)
$Function_80218920 will be placed at 8021F740 (length = 90 bytes)
$LowerMaxHp will be placed at 8021F7D0 (length = 78 bytes)
$Function_802181E8 will be placed at 8021F848 (length = 74 bytes)
$Script_8021972C will be placed at 8021F8BC (length = 6C bytes)
$Script_NextTurn_Tutankoopa will be placed at 8021F928 (length = 64 bytes)
$SetMaxHp will be placed at 8021F98C (length = 50 bytes)
$IdleAnimations_Tutankoopa_Stunned_Dark will be placed at 8021F9DC (length = 4C bytes)
$IdleAnimations_Tutankoopa_Stunned will be placed at 8021FA28 (length = 4C bytes)
$IdleAnimations_Tutankoopa_Dark will be placed at 8021FA74 (length = 4C bytes)
$IdleAnimations_Tutankoopa will be placed at 8021FAC0 (length = 4C bytes)
$Function_80218AD0 will be placed at 8021FB0C (length = 48 bytes)
$GetMaxHp will be placed at 8021FB54 (length = 48 bytes)
$Function_80218A60 will be placed at 8021FB9C (length = 48 bytes)
$Function_802189F0 will be placed at 8021FBE4 (length = 48 bytes)
$IdleAnimations_Chomp will be placed at 8021FC2C (length = 44 bytes)
$IdleAnimations_Chomp_D will be placed at 8021FC70 (length = 44 bytes)
$IdleAnimations_Chomp_B will be placed at 8021FCB4 (length = 44 bytes)
$IdleAnimations_Chomp_C will be placed at 8021FCF8 (length = 44 bytes)
$Function_802188E4 will be placed at 8021FD3C (length = 38 bytes)
$Function_802189B0 will be placed at 8021FD74 (length = 38 bytes)
$Script_BeforeBattle_Ruins will be placed at 8021FDAC (length = 2C bytes)
$Tutankoopa will be placed at 8021FDD8 (length = 28 bytes)
$FormationTable will be placed at 8021FE00 (length = 28 bytes)
$Function_80218B18 will be placed at 8021FE28 (length = 28 bytes)
$Function_80218A38 will be placed at 8021FE50 (length = 28 bytes)
$Chomp will be placed at 8021FE78 (length = 28 bytes)
$Function_80218AA8 will be placed at 8021FEA0 (length = 28 bytes)
$Stage_Ruins will be placed at 8021FEC8 (length = 28 bytes)
$Function_8021866C will be placed at 8021FEF0 (length = 24 bytes)
$SpecialFormation_Chomp will be placed at 8021FF14 (length = 1C bytes)
$Formation_00 will be placed at 8021FF30 (length = 1C bytes)
$DefenseTable_Chomp will be placed at 8021FF4C (length = 1C bytes)
$ASCII_"isk_bt01_shape"_Literal will be placed at 8021FF68 (length = 14 bytes)
$ASCII_"isk_bt01_hit"_Literal will be placed at 8021FF7C (length = 10 bytes)
$StageTable will be placed at 8021FF8C (length = 10 bytes)
$IdleAnimations_BuzzyShell will be placed at 8021FF9C (length = C bytes)
$Vector3D_Tutankoopa will be placed at 8021FFA8 (length = C bytes)
$ASCII_"isk_01"_Literal will be placed at 8021FFB4 (length = C bytes)
$IdleAnimations_Chomp_Chain will be placed at 8021FFC0 (length = C bytes)
$DefenseTable_Tutankoopa will be placed at 8021FFCC (length = C bytes)
$IdleAnimations_Tutankoopa_RockB will be placed at 8021FFD8 (length = C bytes)
$IdleAnimations_Tutankoopa_RockA will be placed at 8021FFE4 (length = C bytes)
$Vector3D_ChompPos will be placed at 8021FFF0 (length = C bytes)
$ASCII_"isk_tex"_Literal will be placed at 8021FFFC (length = 8 bytes)
$Script_AfterBattle_Ruins will be placed at 80220004 (length = 8 bytes)
$ConstDouble_802204E0 will be placed at 80220010 (length = 8 bytes)
Reading patch file: battle/formation/patch/41 General Guy Refight.bpat
Creating struct: $Script_Init_GeneralGuy
Creating struct: $Script_TakeTurn_GeneralGuy
Creating struct: $Script_DoRandomBuff
Creating struct: $GetMaxHp
Creating struct: $Script_DoRandomSummon
Creating struct: $Script_GetOpenPosition
Creating struct: $Script_GetValidAllyID
Creating struct: $SpawnPos
Creating struct: $Formation_SummonPractitionerGuy
Creating struct: $Formation_SummonEmberGuy
Creating struct: $Script_NextTurn_GeneralGuy
Creating struct: $Script_DoTankArrival
Creating struct: $OpenHatch
Creating struct: $CloseHatch
Creating struct: $FormationTable
Creating struct: $Boss_Formation
Creating struct: $StageTable
Creating struct: $Boss_Stage
Creating struct: $Script_BeforeBattle
Creating struct: $Script_AfterBattle
Creating struct: $Function_80218000
Creating struct: $Function_80218098
Creating struct: $Function_SetEffectPosition
Creating struct: $GeneralGuy
Creating struct: $PartsTable_GeneralGuy
Creating struct: $DefenseTable_GeneralGuy
Creating struct: $StatusTable_GeneralGuy
Creating struct: $IdleAnimations_GeneralGuy
Creating struct: $IdleAnimations_GeneralGuy_Golden
Creating struct: $IdleAnimations_GeneralGuyBomb
Creating struct: $Script_HandleEvent_GeneralGuy
Creating struct: $Script_BombAttack
Creating struct: $Script_LightningAttack
Creating struct: $???_8021A2A0
Creating struct: $???_8021A2CC
Creating struct: $???_8021A2F8
Creating struct: $???_8021A324
Creating struct: $???_8021A350
Creating struct: $???_8021A37C
Creating struct: $???_8021A3A8
Creating struct: $???_8021A3D4
Creating struct: $???_8021A400
Creating struct: $???_8021A42C
Creating struct: $???_8021A458
Creating struct: $???_8021A484
Creating struct: $???_8021A4B0
Creating struct: $???_8021A4DC
Creating struct: $???_8021A508
Creating struct: $???_8021A534
Creating struct: $???_8021A560
Creating struct: $???_8021A58C
Creating struct: $???_8021A5B8
Creating struct: $???_8021A5E4
Creating struct: $???_8021A610
Creating struct: $???_8021A63C
Creating struct: $???_8021A668
Creating struct: $???_8021A694
Creating struct: $???_8021A6C0
Creating struct: $???_8021A724
Creating struct: $???_8021D318
Creating struct: $TankModel_ShakeAnimation
Creating struct: $???_80220D88
Creating struct: $???_80222A98
Creating struct: $???_8022C55C
Creating struct: $ToyTank
Creating struct: $PartsTable_ToyTank
Creating struct: $DefenseTable_ToyTank
Creating struct: $StatusTable_ToyTank
Creating struct: $Script_Init_ToyTank
Creating struct: $Script_TakeTurn_ToyTank
Creating struct: $Script_Idle_ToyTank
Creating struct: $Script_HandleEvent_ToyTank
Creating struct: $Script_General_Complain
Creating struct: $Script_8022D5B8
Creating struct: $Script_Death_ToyTank
Creating struct: $LightBulb
Creating struct: $PartsTable_LightBulb
Creating struct: $DefenseTable_LightBulb
Creating struct: $StatusTable_LightBulb
Creating struct: $Script_Init_LightBulb
Creating struct: $Script_Nothing
Creating struct: $Script_HandleEvent_LightBulb
Creating struct: $Script_8022F9D8
Creating struct: $Script_Damage_LightBulb
Creating struct: $Script_Death_LightBulb
Creating struct: $Function_80218250
Creating struct: $???_8022FC30
Merged 1 regions to 1
$???_80222A98 will be placed at 80218000 (length = 9AC4 bytes)
$???_8021A724 will be placed at 80221AC4 (length = 2BF4 bytes)
$TankModel_ShakeAnimation will be placed at 802246B8 (length = 25F0 bytes)
$???_80220D88 will be placed at 80226CA8 (length = 1D10 bytes)
$???_8021D318 will be placed at 802289B8 (length = 1480 bytes)
$Script_BombAttack will be placed at 80229E38 (length = C14 bytes)
$Script_LightningAttack will be placed at 8022AA4C (length = B04 bytes)
$Script_DoRandomSummon will be placed at 8022B550 (length = 780 bytes)
$Script_HandleEvent_GeneralGuy will be placed at 8022BCD0 (length = 594 bytes)
$Script_Death_ToyTank will be placed at 8022C264 (length = 528 bytes)
$Script_HandleEvent_ToyTank will be placed at 8022C78C (length = 364 bytes)
$Script_General_Complain will be placed at 8022CAF0 (length = 35C bytes)
$Script_DoTankArrival will be placed at 8022CE4C (length = 33C bytes)
$Script_DoRandomBuff will be placed at 8022D188 (length = 320 bytes)
$???_8022C55C will be placed at 8022D4A8 (length = 2DC bytes)
$???_8022FC30 will be placed at 8022D784 (length = 258 bytes)
$Script_Init_GeneralGuy will be placed at 8022D9DC (length = 24C bytes)
$Script_Init_ToyTank will be placed at 8022DC28 (length = 244 bytes)
$Script_Idle_ToyTank will be placed at 8022DE6C (length = 1C8 bytes)
$Script_HandleEvent_LightBulb will be placed at 8022E034 (length = 178 bytes)
$Script_GetValidAllyID will be placed at 8022E1AC (length = 164 bytes)
$Script_GetOpenPosition will be placed at 8022E310 (length = E4 bytes)
$Function_80218250 will be placed at 8022E3F4 (length = E0 bytes)
$Function_SetEffectPosition will be placed at 8022E4D4 (length = D4 bytes)
$OpenHatch will be placed at 8022E5A8 (length = CC bytes)
$Script_NextTurn_GeneralGuy will be placed at 8022E674 (length = C8 bytes)
$Script_TakeTurn_GeneralGuy will be placed at 8022E73C (length = C0 bytes)
$StatusTable_GeneralGuy will be placed at 8022E7FC (length = AC bytes)
$StatusTable_LightBulb will be placed at 8022E8A8 (length = AC bytes)
$StatusTable_ToyTank will be placed at 8022E954 (length = AC bytes)
$Function_80218000 will be placed at 8022EA00 (length = 98 bytes)
$Script_Death_LightBulb will be placed at 8022EA98 (length = 90 bytes)
$CloseHatch will be placed at 8022EB28 (length = 84 bytes)
$Function_80218098 will be placed at 8022EBAC (length = 80 bytes)
$PartsTable_ToyTank will be placed at 8022EC2C (length = 6C bytes)
$???_8021A6C0 will be placed at 8022EC98 (length = 64 bytes)
$IdleAnimations_GeneralGuy will be placed at 8022ECFC (length = 5C bytes)
$IdleAnimations_GeneralGuy_Golden will be placed at 8022ED58 (length = 5C bytes)
$Boss_Formation will be placed at 8022EDB4 (length = 54 bytes)
$Script_Init_LightBulb will be placed at 8022EE08 (length = 50 bytes)
$GetMaxHp will be placed at 8022EE58 (length = 48 bytes)
$PartsTable_GeneralGuy will be placed at 8022EEA0 (length = 48 bytes)
$Script_Damage_LightBulb will be placed at 8022EEE8 (length = 44 bytes)
$???_8021A3A8 will be placed at 8022EF2C (length = 2C bytes)
$???_8021A2CC will be placed at 8022EF58 (length = 2C bytes)
$???_8021A350 will be placed at 8022EF84 (length = 2C bytes)
$???_8021A508 will be placed at 8022EFB0 (length = 2C bytes)
$???_8021A668 will be placed at 8022EFDC (length = 2C bytes)
$???_8021A5E4 will be placed at 8022F008 (length = 2C bytes)
$???_8021A42C will be placed at 8022F034 (length = 2C bytes)
$???_8021A58C will be placed at 8022F060 (length = 2C bytes)
$???_8021A534 will be placed at 8022F08C (length = 2C bytes)
$???_8021A458 will be placed at 8022F0B8 (length = 2C bytes)
$???_8021A4B0 will be placed at 8022F0E4 (length = 2C bytes)
$???_8021A3D4 will be placed at 8022F110 (length = 2C bytes)
$???_8021A2F8 will be placed at 8022F13C (length = 2C bytes)
$???_8021A37C will be placed at 8022F168 (length = 2C bytes)
$Script_BeforeBattle will be placed at 8022F194 (length = 2C bytes)
$???_8021A610 will be placed at 8022F1C0 (length = 2C bytes)
$???_8021A694 will be placed at 8022F1EC (length = 2C bytes)
$???_8021A2A0 will be placed at 8022F218 (length = 2C bytes)
$???_8021A5B8 will be placed at 8022F244 (length = 2C bytes)
$???_8021A63C will be placed at 8022F270 (length = 2C bytes)
$???_8021A4DC will be placed at 8022F29C (length = 2C bytes)
$???_8021A400 will be placed at 8022F2C8 (length = 2C bytes)
$???_8021A324 will be placed at 8022F2F4 (length = 2C bytes)
$???_8021A560 will be placed at 8022F320 (length = 2C bytes)
$???_8021A484 will be placed at 8022F34C (length = 2C bytes)
$GeneralGuy will be placed at 8022F378 (length = 28 bytes)
$FormationTable will be placed at 8022F3A0 (length = 28 bytes)
$ToyTank will be placed at 8022F3C8 (length = 28 bytes)
$LightBulb will be placed at 8022F3F0 (length = 28 bytes)
$Boss_Stage will be placed at 8022F418 (length = 28 bytes)
$PartsTable_LightBulb will be placed at 8022F440 (length = 24 bytes)
$DefenseTable_ToyTank will be placed at 8022F464 (length = 24 bytes)
$Script_8022D5B8 will be placed at 8022F488 (length = 20 bytes)
$Formation_SummonPractitionerGuy will be placed at 8022F4A8 (length = 1C bytes)
$DefenseTable_LightBulb will be placed at 8022F4C4 (length = 1C bytes)
$Formation_SummonEmberGuy will be placed at 8022F4E0 (length = 1C bytes)
$ASCII_"omo_bt07_shape"_Literal will be placed at 8022F4FC (length = 14 bytes)
$ASCII_"omo_bt07_hit"_Literal will be placed at 8022F510 (length = 10 bytes)
$Script_8022F9D8 will be placed at 8022F520 (length = 10 bytes)
$SpawnPos will be placed at 8022F530 (length = C bytes)
$DefenseTable_GeneralGuy will be placed at 8022F53C (length = C bytes)
$IdleAnimations_GeneralGuyBomb will be placed at 8022F548 (length = C bytes)
$StageTable will be placed at 8022F554 (length = 8 bytes)
$Script_TakeTurn_ToyTank will be placed at 8022F55C (length = 8 bytes)
$ASCII_"omo_tex"_Literal will be placed at 8022F564 (length = 8 bytes)
$Script_Nothing will be placed at 8022F56C (length = 8 bytes)
$Script_AfterBattle will be placed at 8022F574 (length = 8 bytes)
Reading patch file: battle/formation/patch/42 Lava Piranha Refight.bpat
Creating struct: $Function_80218000
Creating struct: $Function_80218058
Creating struct: $Function_8021812C
Creating struct: $Function_80218224
Creating struct: $Function_802182E4
Creating struct: $Function_8021835C
Creating struct: $Function_802188B0
Creating struct: $Function_802188EC
Creating struct: $Function_802188FC
Creating struct: $Function_80218930
Creating struct: $Function_80218A98
Creating struct: $Function_80218B38
Creating struct: $Function_80218B90
Creating struct: $Function_80218BE8
Creating struct: $Function_80218D40
Creating struct: $Function_80218D90
Creating struct: $Function_80218DF0
Creating struct: $???_80218E50
Creating struct: $???_80218FD0
Creating struct: $???_802190F0
Creating struct: $???_80219250
Creating struct: $???_80219350
Creating struct: $???_802194B0
Creating struct: $???_80219650
Creating struct: $???_802197D0
Creating struct: $???_80219950
Creating struct: $???_80219AB0
Creating struct: $???_80219BD0
Creating struct: $???_80219C00
Creating struct: $???_80219C30
Creating struct: $???_80219C60
Creating struct: $???_80219C90
Creating struct: $???_80219CC0
Creating struct: $???_80219CF0
Creating struct: $???_80219D20
Creating struct: $???_8021A120
Creating struct: $???_8021A14C
Creating struct: $???_8021A178
Creating struct: $???_8021A1A4
Creating struct: $???_8021A1D0
Creating struct: $???_8021A1FC
Creating struct: $???_8021A228
Creating struct: $???_8021A254
Creating struct: $???_8021A280
Creating struct: $???_8021A2AC
Creating struct: $???_8021A2D8
Creating struct: $???_8021A304
Creating struct: $???_8021A330
Creating struct: $???_8021A364
Creating struct: $???_8021C308
Creating struct: $???_8021C334
Creating struct: $???_8021C360
Creating struct: $???_8021C38C
Creating struct: $???_8021C3B8
Creating struct: $???_8021C3E4
Creating struct: $???_8021C410
Creating struct: $???_8021C43C
Creating struct: $???_8021C468
Creating struct: $???_8021C494
Creating struct: $???_8021C4C0
Creating struct: $???_8021C4F0
Creating struct: $???_8021C51C
Creating struct: $???_8021C548
Creating struct: $???_8021C574
Creating struct: $???_8021C5A0
Creating struct: $???_8021C5CC
Creating struct: $???_8021C5F8
Creating struct: $???_8021C624
Creating struct: $???_8021C650
Creating struct: $???_8021C678
Creating struct: $???_8021C6A4
Creating struct: $???_8021C6D0
Creating struct: $???_8021C6FC
Creating struct: $???_8021C728
Creating struct: $???_8021C754
Creating struct: $???_8021C780
Creating struct: $???_8021C7E0
Creating struct: $???_8021C848
Creating struct: $???_8021C8B0
Creating struct: $???_8021C918
Creating struct: $IntTable_8021C940
Creating struct: $IntTable_8021CD40
Creating struct: $DisplayList_8021CF40
Creating struct: $Function_SetLavaBeamPalette
Creating struct: $Function_SetSteamBeamPalette
Creating struct: $IdleAnimations_LavaPiranha_P1
Creating struct: $IdleAnimations_LavaPiranha_P2
Creating struct: $IdleAnimations_LavaPiranha_Stunned
Creating struct: $IdleAnimations_LavaPiranha_P1_Gold
Creating struct: $IdleAnimations_LavaPiranha_P2_Gold
Creating struct: $IdleAnimations_LavaPiranha_Stunned_Gold
Creating struct: $IdleAnimations_LavaPiranha_P1_Dark
Creating struct: $IdleAnimations_LavaPiranha_P2_Dark
Creating struct: $IdleAnimations_LavaPiranha_Stunned_Dark
Creating struct: $DefenseTable_Default
Creating struct: $DefenseTable_FieryHigh
Creating struct: $DefenseTable_FieryMedium
Creating struct: $DefenseTable_FieryLow
Creating struct: $DefenseTable_High
Creating struct: $DefenseTable_Medium
Creating struct: $DefenseTable_Low
Creating struct: $StatusTable_LavaPiranha
Creating struct: $PartsTable_8021D1F4
Creating struct: $LavaPiranha
Creating struct: $Script_Init_LavaPiranha
Creating struct: $Script_Idle_8021D6EC
Creating struct: $Script_UpdateDefenseTable
Creating struct: $Script_NextTurn_8021D8EC
Creating struct: $Script_8021D9C8
Creating struct: $Script_8021DEEC
Creating struct: $Script_HandleEvent_8021F5A4
Creating struct: $Script_8021F9E8
Creating struct: $Script_TakeTurn_LavaPiranha
Creating struct: $Vector3D_8021FEF8
Creating struct: $SpecialFormation_LavaBud1
Creating struct: $SpecialFormation_LavaBud2
Creating struct: $Script_LavaPiranha_NormalAttack
Creating struct: $Script_LavaPiranha_FlameAttack
Creating struct: $Script_DoDeath
Creating struct: $???_80222B68
Creating struct: $Script_80222B6C
Creating struct: $IntTable_80222D48
Creating struct: $IntTable_80222E20
Creating struct: $Script_BecomeFiery
Creating struct: $Script_802235AC
Creating struct: $Script_LavaPiranha_PreHit
Creating struct: $Script_LavaPiranha_Hit
Creating struct: $Script_80223D78
Creating struct: $IdleAnimations_PetitPiranha
Creating struct: $IdleAnimations_PetitPiranha_Gold
Creating struct: $IdleAnimations_PetitPiranha_Dark
Creating struct: $DefenseTable_PetitPiranha
Creating struct: $StatusTable_PetitPiranha
Creating struct: $PartsTable_80223FFC
Creating struct: $PetitPiranha
Creating struct: $Script_Init_PetitPiranha
Creating struct: $Script_Idle_PetitPiranha
Creating struct: $Script_HandleEvent_PetitPiranha
Creating struct: $Script_UnusedHeal
Creating struct: $Script_HealLava
Creating struct: $Script_TakeTurn_PetitPiranha
Creating struct: $Script_80224FE8
Creating struct: $IdleAnimations_LavaBud_Normal
Creating struct: $IdleAnimations_LavaBud_Fiery
Creating struct: $IdleAnimations_LavaBud_Stunned
Creating struct: $IdleAnimations_LavaBud_Normal_Gold
Creating struct: $IdleAnimations_LavaBud_Fiery_Gold
Creating struct: $IdleAnimations_LavaBud_Stunned_Gold
Creating struct: $IdleAnimations_LavaBud_Normal_Dark
Creating struct: $IdleAnimations_LavaBud_Fiery_Dark
Creating struct: $IdleAnimations_LavaBud_Stunned_Dark
Creating struct: $DefenseTable_LavaBud_Default
Creating struct: $DefenseTable_LavaBud_Fiery
Creating struct: $DefenseTable_LavaBud_Normal
Creating struct: $StatusTable_LavaBud
Creating struct: $PartsTable_8022522C
Creating struct: $LavaBud
Creating struct: $Script_Init_LavaBud
Creating struct: $Script_Idle_LavaBud
Creating struct: $Script_LavaBud_ModelAnimation
Creating struct: $Script_HandleEvent_LavaBud
Creating struct: $Script_LavaBud_BurnHit
Creating struct: $Script_TakeTurn_LavaBud
Creating struct: $Script_8022630C
Creating struct: $Script_SpawnPetitPiranha
Creating struct: $Script_WeakLavaSpit
Creating struct: $Script_LavaSpit
Creating struct: $Script_SteamSpit
Creating struct: $Vector3D_80226AF8
Creating struct: $SpecialFormation_80226B04
Creating struct: $SpecialFormation_80226B20
Creating struct: $SpecialFormation_80226B3C
Creating struct: $Script_LavaBud_Death
Creating struct: $Script_LavaBud_HitCombo
Creating struct: $Script_LavaBud_Hit
Creating struct: $Script_ShootBombs
Creating struct: $DefenseTable_PetitPiranha_Bomb
Creating struct: $StatusTable_802287A0
Creating struct: $PartsTable_8022884C
Creating struct: $PetitPiranhaBomb
Creating struct: $Script_Init_PetitPiranha2
Creating struct: $Script_Idle_PetitPiranha2
Creating struct: $Script_HandleEvent_PetitPiranha2
Creating struct: $Script_TakeTurn_PetitPiranha2
Creating struct: $Script_8022A040
Creating struct: $Script_8022A10C
Creating struct: $Script_BeforeBattle_8022A36C
Creating struct: $Script_AfterBattle_8022A94C
Creating struct: $Stage_Volcano
Creating struct: $Vector3D_8022A990
Creating struct: $Formation_00
Creating struct: $Vector3D_8022A9B8
Creating struct: $Vector3D_8022A9C4
Creating struct: $Formation_01
Creating struct: $FormationTable
Creating struct: $StageTable
Creating struct: $DmaArgTable
Creating struct: $ConstDouble_8022AC40
Merged 1 regions to 1
$???_8021A364 will be placed at 80218000 (length = 1FA4 bytes)
$Script_DoDeath will be placed at 80219FA4 (length = 1D6C bytes)
$Script_8021DEEC will be placed at 8021BD10 (length = 1398 bytes)
$Script_LavaBud_Hit will be placed at 8021D0A8 (length = 7F4 bytes)
$Script_BecomeFiery will be placed at 8021D89C (length = 7CC bytes)
$Script_TakeTurn_PetitPiranha will be placed at 8021E068 (length = 780 bytes)
$Script_ShootBombs will be placed at 8021E7E8 (length = 698 bytes)
$Script_LavaPiranha_FlameAttack will be placed at 8021EE80 (length = 634 bytes)
$Script_SpawnPetitPiranha will be placed at 8021F4B4 (length = 5CC bytes)
$Script_LavaPiranha_Hit will be placed at 8021FA80 (length = 580 bytes)
$Script_HandleEvent_PetitPiranha will be placed at 80220000 (length = 56C bytes)
$Function_8021835C will be placed at 8022056C (length = 554 bytes)
$Script_Init_LavaPiranha will be placed at 80220AC0 (length = 554 bytes)
$Script_TakeTurn_LavaBud will be placed at 80221014 (length = 53C bytes)
$Script_LavaBud_Death will be placed at 80221550 (length = 538 bytes)
$Script_LavaPiranha_NormalAttack will be placed at 80221A88 (length = 4E8 bytes)
$Script_LavaSpit will be placed at 80221F70 (length = 4E4 bytes)
$Script_BeforeBattle_8022A36C will be placed at 80222454 (length = 49C bytes)
$Script_WeakLavaSpit will be placed at 802228F0 (length = 46C bytes)
$Script_SteamSpit will be placed at 80222D5C (length = 438 bytes)
$Script_8021D9C8 will be placed at 80223194 (length = 41C bytes)
$IntTable_8021C940 will be placed at 802235B0 (length = 400 bytes)
$???_80219D20 will be placed at 802239B0 (length = 400 bytes)
$Script_LavaBud_HitCombo will be placed at 80223DB0 (length = 3BC bytes)
$Script_UpdateDefenseTable will be placed at 8022416C (length = 368 bytes)
$Script_HandleEvent_8021F5A4 will be placed at 802244D4 (length = 344 bytes)
$Script_LavaBud_BurnHit will be placed at 80224818 (length = 2D8 bytes)
$Script_HandleEvent_LavaBud will be placed at 80224AF0 (length = 280 bytes)
$Script_TakeTurn_LavaPiranha will be placed at 80224D70 (length = 258 bytes)
$Script_8021F9E8 will be placed at 80224FC8 (length = 24C bytes)
$Script_Init_LavaBud will be placed at 80225214 (length = 22C bytes)
$Script_Idle_LavaBud will be placed at 80225440 (length = 224 bytes)
$IntTable_8021CD40 will be placed at 80225664 (length = 200 bytes)
$DmaArgTable will be placed at 80225864 (length = 1BC bytes)
$???_802194B0 will be placed at 80225A20 (length = 1A0 bytes)
$Script_80222B6C will be placed at 80225BC0 (length = 194 bytes)
$???_802197D0 will be placed at 80225D54 (length = 180 bytes)
$???_80219650 will be placed at 80225ED4 (length = 180 bytes)
$???_80218E50 will be placed at 80226054 (length = 180 bytes)
$Script_Idle_8021D6EC will be placed at 802261D4 (length = 178 bytes)
$Function_80218930 will be placed at 8022634C (length = 168 bytes)
$Script_802235AC will be placed at 802264B4 (length = 164 bytes)
$???_80219950 will be placed at 80226618 (length = 160 bytes)
$???_802190F0 will be placed at 80226778 (length = 160 bytes)
$???_80219350 will be placed at 802268D8 (length = 160 bytes)
$Function_80218BE8 will be placed at 80226A38 (length = 14C bytes)
$???_80219AB0 will be placed at 80226B84 (length = 120 bytes)
$???_80218FD0 will be placed at 80226CA4 (length = 120 bytes)
$Script_UnusedHeal will be placed at 80226DC4 (length = 114 bytes)
$Script_HealLava will be placed at 80226ED8 (length = 104 bytes)
$Script_8022630C will be placed at 80226FDC (length = 100 bytes)
$???_80219250 will be placed at 802270DC (length = 100 bytes)
$Script_Init_PetitPiranha2 will be placed at 802271DC (length = FC bytes)
$Script_Init_PetitPiranha will be placed at 802272D8 (length = FC bytes)
$Function_8021812C will be placed at 802273D4 (length = F8 bytes)
$Script_80223D78 will be placed at 802274CC (length = F8 bytes)
$IntTable_80222D48 will be placed at 802275C4 (length = D8 bytes)
$DisplayList_8021CF40 will be placed at 8022769C (length = D8 bytes)
$Function_80218058 will be placed at 80227774 (length = D4 bytes)
$IntTable_80222E20 will be placed at 80227848 (length = D0 bytes)
$Function_80218224 will be placed at 80227918 (length = C0 bytes)
$StatusTable_LavaBud will be placed at 802279D8 (length = AC bytes)
$StatusTable_802287A0 will be placed at 80227A84 (length = AC bytes)
$StatusTable_PetitPiranha will be placed at 80227B30 (length = AC bytes)
$StatusTable_LavaPiranha will be placed at 80227BDC (length = AC bytes)
$Function_80218A98 will be placed at 80227C88 (length = A0 bytes)
$Script_NextTurn_8021D8EC will be placed at 80227D28 (length = 9C bytes)
$Script_8022A040 will be placed at 80227DC4 (length = 98 bytes)
$Script_80224FE8 will be placed at 80227E5C (length = 98 bytes)
$Script_8022A10C will be placed at 80227EF4 (length = 80 bytes)
$Function_802182E4 will be placed at 80227F74 (length = 78 bytes)
$Function_SetLavaBeamPalette will be placed at 80227FEC (length = 6C bytes)
$Function_SetSteamBeamPalette will be placed at 80228058 (length = 6C bytes)
$???_8021C848 will be placed at 802280C4 (length = 68 bytes)
$???_8021C7E0 will be placed at 8022812C (length = 68 bytes)
$???_8021C8B0 will be placed at 80228194 (length = 68 bytes)
$???_8021C780 will be placed at 802281FC (length = 60 bytes)
$Function_80218D90 will be placed at 8022825C (length = 5C bytes)
$Function_80218000 will be placed at 802282B8 (length = 58 bytes)
$Function_80218B38 will be placed at 80228310 (length = 58 bytes)
$Function_80218B90 will be placed at 80228368 (length = 58 bytes)
$IdleAnimations_PetitPiranha_Dark will be placed at 802283C0 (length = 54 bytes)
$Function_80218DF0 will be placed at 80228414 (length = 54 bytes)
$IdleAnimations_PetitPiranha will be placed at 80228468 (length = 54 bytes)
$IdleAnimations_PetitPiranha_Gold will be placed at 802284BC (length = 54 bytes)
$Function_80218D40 will be placed at 80228510 (length = 50 bytes)
$IdleAnimations_LavaPiranha_P1_Dark will be placed at 80228560 (length = 4C bytes)
$IdleAnimations_LavaPiranha_P2_Gold will be placed at 802285AC (length = 4C bytes)
$IdleAnimations_LavaPiranha_P2_Dark will be placed at 802285F8 (length = 4C bytes)
$IdleAnimations_LavaPiranha_P1_Gold will be placed at 80228644 (length = 4C bytes)
$IdleAnimations_LavaPiranha_P2 will be placed at 80228690 (length = 4C bytes)
$IdleAnimations_LavaPiranha_P1 will be placed at 802286DC (length = 4C bytes)
$PartsTable_8022522C will be placed at 80228728 (length = 48 bytes)
$PartsTable_8021D1F4 will be placed at 80228770 (length = 48 bytes)
$Function_802188B0 will be placed at 802287B8 (length = 3C bytes)
$Script_LavaBud_ModelAnimation will be placed at 802287F4 (length = 3C bytes)
$FormationTable will be placed at 80228830 (length = 3C bytes)
$Formation_01 will be placed at 8022886C (length = 38 bytes)
$DefenseTable_PetitPiranha will be placed at 802288A4 (length = 34 bytes)
$Script_LavaPiranha_PreHit will be placed at 802288D8 (length = 34 bytes)
$???_8021A330 will be placed at 8022890C (length = 34 bytes)
$Function_802188FC will be placed at 80228940 (length = 34 bytes)
$???_80219C90 will be placed at 80228974 (length = 30 bytes)
$???_80219BD0 will be placed at 802289A4 (length = 30 bytes)
$???_80219C60 will be placed at 802289D4 (length = 30 bytes)
$???_80219CF0 will be placed at 80228A04 (length = 30 bytes)
$???_80219C00 will be placed at 80228A34 (length = 30 bytes)
$???_8021C4C0 will be placed at 80228A64 (length = 30 bytes)
$???_80219C30 will be placed at 80228A94 (length = 30 bytes)
$???_80219CC0 will be placed at 80228AC4 (length = 30 bytes)
$DefenseTable_Medium will be placed at 80228AF4 (length = 2C bytes)
$???_8021C6A4 will be placed at 80228B20 (length = 2C bytes)
$DefenseTable_Low will be placed at 80228B4C (length = 2C bytes)
$???_8021C728 will be placed at 80228B78 (length = 2C bytes)
$DefenseTable_LavaBud_Default will be placed at 80228BA4 (length = 2C bytes)
$???_8021A304 will be placed at 80228BD0 (length = 2C bytes)
$DefenseTable_FieryLow will be placed at 80228BFC (length = 2C bytes)
$???_8021C38C will be placed at 80228C28 (length = 2C bytes)
$DefenseTable_FieryMedium will be placed at 80228C54 (length = 2C bytes)
$DefenseTable_FieryHigh will be placed at 80228C80 (length = 2C bytes)
$DefenseTable_PetitPiranha_Bomb will be placed at 80228CAC (length = 2C bytes)
$DefenseTable_LavaBud_Normal will be placed at 80228CD8 (length = 2C bytes)
$???_8021C5CC will be placed at 80228D04 (length = 2C bytes)
$???_8021C410 will be placed at 80228D30 (length = 2C bytes)
$???_8021A228 will be placed at 80228D5C (length = 2C bytes)
$???_8021A1A4 will be placed at 80228D88 (length = 2C bytes)
$DefenseTable_High will be placed at 80228DB4 (length = 2C bytes)
$???_8021C51C will be placed at 80228DE0 (length = 2C bytes)
$???_8021C6D0 will be placed at 80228E0C (length = 2C bytes)
$???_8021A2AC will be placed at 80228E38 (length = 2C bytes)
$???_8021C754 will be placed at 80228E64 (length = 2C bytes)
$???_8021C624 will be placed at 80228E90 (length = 2C bytes)
$???_8021C5A0 will be placed at 80228EBC (length = 2C bytes)
$???_8021C4F0 will be placed at 80228EE8 (length = 2C bytes)
$???_8021C334 will be placed at 80228F14 (length = 2C bytes)
$???_8021C574 will be placed at 80228F40 (length = 2C bytes)
$???_8021A14C will be placed at 80228F6C (length = 2C bytes)
$???_8021C3B8 will be placed at 80228F98 (length = 2C bytes)
$???_8021A1D0 will be placed at 80228FC4 (length = 2C bytes)
$???_8021C43C will be placed at 80228FF0 (length = 2C bytes)
$???_8021C5F8 will be placed at 8022901C (length = 2C bytes)
$???_8021C678 will be placed at 80229048 (length = 2C bytes)
$???_8021A254 will be placed at 80229074 (length = 2C bytes)
$???_8021C548 will be placed at 802290A0 (length = 2C bytes)
$???_8021C308 will be placed at 802290CC (length = 2C bytes)
$DefenseTable_LavaBud_Fiery will be placed at 802290F8 (length = 2C bytes)
$???_8021A2D8 will be placed at 80229124 (length = 2C bytes)
$???_8021A120 will be placed at 80229150 (length = 2C bytes)
$???_8021C6FC will be placed at 8022917C (length = 2C bytes)
$???_8021C494 will be placed at 802291A8 (length = 2C bytes)
$???_8021C360 will be placed at 802291D4 (length = 2C bytes)
$???_8021A178 will be placed at 80229200 (length = 2C bytes)
$DefenseTable_Default will be placed at 8022922C (length = 2C bytes)
$???_8021C3E4 will be placed at 80229258 (length = 2C bytes)
$???_8021A280 will be placed at 80229284 (length = 2C bytes)
$???_8021C468 will be placed at 802292B0 (length = 2C bytes)
$???_8021A1FC will be placed at 802292DC (length = 2C bytes)
$PetitPiranha will be placed at 80229308 (length = 28 bytes)
$LavaBud will be placed at 80229330 (length = 28 bytes)
$???_8021C650 will be placed at 80229358 (length = 28 bytes)
$Stage_Volcano will be placed at 80229380 (length = 28 bytes)
$LavaPiranha will be placed at 802293A8 (length = 28 bytes)
$PetitPiranhaBomb will be placed at 802293D0 (length = 28 bytes)
$???_8021C918 will be placed at 802293F8 (length = 28 bytes)
$PartsTable_8022884C will be placed at 80229420 (length = 24 bytes)
$PartsTable_80223FFC will be placed at 80229444 (length = 24 bytes)
$Script_TakeTurn_PetitPiranha2 will be placed at 80229468 (length = 20 bytes)
$Script_Idle_PetitPiranha2 will be placed at 80229488 (length = 20 bytes)
$Script_HandleEvent_PetitPiranha2 will be placed at 802294A8 (length = 20 bytes)
$Script_Idle_PetitPiranha will be placed at 802294C8 (length = 20 bytes)
$SpecialFormation_80226B04 will be placed at 802294E8 (length = 1C bytes)
$Formation_00 will be placed at 80229504 (length = 1C bytes)
$SpecialFormation_80226B20 will be placed at 80229520 (length = 1C bytes)
$SpecialFormation_LavaBud2 will be placed at 8022953C (length = 1C bytes)
$SpecialFormation_LavaBud1 will be placed at 80229558 (length = 1C bytes)
$SpecialFormation_80226B3C will be placed at 80229574 (length = 1C bytes)
$IdleAnimations_LavaBud_Normal will be placed at 80229590 (length = 14 bytes)
$IdleAnimations_LavaBud_Fiery_Gold will be placed at 802295A4 (length = 14 bytes)
$IdleAnimations_LavaBud_Normal_Gold will be placed at 802295B8 (length = 14 bytes)
$IdleAnimations_LavaPiranha_Stunned_Gold will be placed at 802295CC (length = 14 bytes)
$IdleAnimations_LavaBud_Stunned_Gold will be placed at 802295E0 (length = 14 bytes)
$IdleAnimations_LavaPiranha_Stunned will be placed at 802295F4 (length = 14 bytes)
$IdleAnimations_LavaBud_Normal_Dark will be placed at 80229608 (length = 14 bytes)
$IdleAnimations_LavaBud_Fiery will be placed at 8022961C (length = 14 bytes)
$ASCII_"kzn_bt05_shape"_Literal will be placed at 80229630 (length = 14 bytes)
$IdleAnimations_LavaBud_Fiery_Dark will be placed at 80229644 (length = 14 bytes)
$IdleAnimations_LavaBud_Stunned_Dark will be placed at 80229658 (length = 14 bytes)
$IdleAnimations_LavaPiranha_Stunned_Dark will be placed at 8022966C (length = 14 bytes)
$IdleAnimations_LavaBud_Stunned will be placed at 80229680 (length = 14 bytes)
$ASCII_"kzn_bt05_hit"_Literal will be placed at 80229694 (length = 10 bytes)
$Function_802188EC will be placed at 802296A4 (length = 10 bytes)
$StageTable will be placed at 802296B4 (length = 10 bytes)
$Vector3D_80226AF8 will be placed at 802296C4 (length = C bytes)
$Vector3D_8022A990 will be placed at 802296D0 (length = C bytes)
$ASCII_"kzn_05"_Literal will be placed at 802296DC (length = C bytes)
$Vector3D_8022A9C4 will be placed at 802296E8 (length = C bytes)
$Vector3D_8022A9B8 will be placed at 802296F4 (length = C bytes)
$Vector3D_8021FEF8 will be placed at 80229700 (length = C bytes)
$ASCII_"kzn_tex"_Literal will be placed at 8022970C (length = 8 bytes)
$Script_AfterBattle_8022A94C will be placed at 80229714 (length = 8 bytes)
$ConstDouble_8022AC40 will be placed at 80229720 (length = 8 bytes)
$???_80222B68 will be placed at 8022971C (length = 4 bytes)
Reading patch file: battle/formation/patch/43 Huff N Puff Refight.bpat
Creating struct: $Function_SetBreathPalette
Creating struct: $Function_SetCloudPalette
Creating struct: $OverwriteTable
Creating struct: $HuffNPuff
Creating struct: $Script_80228004
Creating struct: $Script_HurricaneBreath
Creating struct: $Script_FP_Drain
Creating struct: $TuffPuff
Creating struct: $Script_Init_8022F780
Creating struct: $Function_Vanish
Creating struct: $FormationTable
Creating struct: $Boss_Formation
Creating struct: $Pos_Boss
Creating struct: $StageTable
Creating struct: $Boss_Stage
Creating struct: $ForegroundModelList
Creating struct: $Script_BeforeBattle
Creating struct: $Script_80234FE0
Creating struct: $Script_AfterBattle
Creating struct: $Function_802194A0
Creating struct: $Function_80218000
Creating struct: $Function_80218058
Creating struct: $Function_80218114
Creating struct: $Function_802182A4
Creating struct: $Function_80218440
Creating struct: $Function_802185D4
Creating struct: $Function_80218620
Creating struct: $Function_80218774
Creating struct: $Function_802188A8
Creating struct: $Function_802188EC
Creating struct: $Function_80218924
Creating struct: $Function_802189FC
Creating struct: $Function_80218AA0
Creating struct: $Function_80218B60
Creating struct: $Function_80218C40
Creating struct: $TuffPuffIDs
Creating struct: $IdleAnimations_HuffNPuff_Body
Creating struct: $IdleAnimations_HuffNPuff_Face
Creating struct: $IdleAnimations_HuffNPuff_Arms
Creating struct: $IdleAnimations_HuffNPuff_Body_Charged
Creating struct: $IdleAnimations_HuffNPuff_Face_Charged
Creating struct: $IdleAnimations_HuffNPuff_Arms_Charged
Creating struct: $IdleAnimations_TuffPuffA
Creating struct: $IdleAnimations_HuffNPuff_Body_Gold
Creating struct: $IdleAnimations_HuffNPuff_Face_Gold
Creating struct: $IdleAnimations_HuffNPuff_Arms_Gold
Creating struct: $IdleAnimations_HuffNPuff_Body_Charged_Gold
Creating struct: $IdleAnimations_HuffNPuff_Face_Charged_Gold
Creating struct: $IdleAnimations_HuffNPuff_Arms_Charged_Gold
Creating struct: $IdleAnimations_TuffPuffA_Gold
Creating struct: $DefenseTable_80219A34
Creating struct: $StatusTable_80219A60
Creating struct: $PartsTable_80219B0C
Creating struct: $Script_Init_HuffNPuff
Creating struct: $AntiLS
Creating struct: $Script_80219CC0
Creating struct: $Script_80219EF4
Creating struct: $Script_Idle_8021A0E4
Creating struct: $Vector3D_8021A348
Creating struct: $SpecialFormation_8021A354
Creating struct: $SpecialFormation_8021A370
Creating struct: $Script_ShedTuffPuffs
Creating struct: $Script_8021AD3C
Creating struct: $Script_8021AED8
Creating struct: $Script_8021B2C0
Creating struct: $Script_8021B504
Creating struct: $Script_8021B84C
Creating struct: $Script_8021B9DC
Creating struct: $Script_HandleEvent_8021BA6C
Creating struct: $Script_PermissionToAttackDialog
Creating struct: $Script_ChargeThunderDialog
Creating struct: $Script_DamageBoastDialog
Creating struct: $Script_LowHealthDialog
Creating struct: $Script_TakeTurn_8021D2B8
Creating struct: $Script_NextTurn_8021D840
Creating struct: $Script_BodySlam
Creating struct: $Script_8021E364
Creating struct: $Script_HealOrSlam
Creating struct: $Script_ChargeThunder
Creating struct: $Script_Thunderstorm
Creating struct: $Script_ChargeLargeThunder
Creating struct: $Script_LargeThunderstorm
Creating struct: $Script_GroupBodySlam
Creating struct: $CountTuffPuffs
Creating struct: $Script_TuffPuffSwarm
Creating struct: $IdleAnimations_TuffPuff_Small
Creating struct: $IdleAnimations_TuffPuff_Big
Creating struct: $IdleAnimations_TuffPuff_Small_Gold
Creating struct: $IdleAnimations_TuffPuff_Big_Gold
Creating struct: $DefenseTable_8022F638
Creating struct: $StatusTable_8022F664
Creating struct: $PartsTable_8022F710
Creating struct: $Script_NextTurn_8022FA00
Creating struct: $Script_Idle_8022FA10
Creating struct: $Script_8022FC74
Creating struct: $Script_HandleEvent_8022FE2C
Creating struct: $Script_TakeTurn_802305E8
Merged 1 regions to 1
$Script_TuffPuffSwarm will be placed at 80218000 (length = 6F38 bytes)
$Script_GroupBodySlam will be placed at 8021EF38 (length = 49F4 bytes)
$Script_HurricaneBreath will be placed at 8022392C (length = 12F4 bytes)
$Script_LargeThunderstorm will be placed at 80224C20 (length = DB8 bytes)
$Script_BodySlam will be placed at 802259D8 (length = 8D4 bytes)
$Script_HealOrSlam will be placed at 802262AC (length = 850 bytes)
$Script_HandleEvent_8022FE2C will be placed at 80226AFC (length = 768 bytes)
$Script_ShedTuffPuffs will be placed at 80227264 (length = 73C bytes)
$Script_Thunderstorm will be placed at 802279A0 (length = 6AC bytes)
$Script_LowHealthDialog will be placed at 8022804C (length = 5C8 bytes)
$Script_ChargeThunderDialog will be placed at 80228614 (length = 5AC bytes)
$Script_DamageBoastDialog will be placed at 80228BC0 (length = 554 bytes)
$Script_PermissionToAttackDialog will be placed at 80229114 (length = 4C8 bytes)
$Script_TakeTurn_8021D2B8 will be placed at 802295DC (length = 484 bytes)
$Script_8021E364 will be placed at 80229A60 (length = 478 bytes)
$Script_Init_8022F780 will be placed at 80229ED8 (length = 3B0 bytes)
$Script_80228004 will be placed at 8022A288 (length = 348 bytes)
$Script_8021AED8 will be placed at 8022A5D0 (length = 320 bytes)
$Script_ChargeLargeThunder will be placed at 8022A8F0 (length = 2C0 bytes)
$Script_ChargeThunder will be placed at 8022ABB0 (length = 2BC bytes)
$Script_8021B504 will be placed at 8022AE6C (length = 2A8 bytes)
$Script_8021B2C0 will be placed at 8022B114 (length = 288 bytes)
$Script_Init_HuffNPuff will be placed at 8022B39C (length = 26C bytes)
$Script_HandleEvent_8021BA6C will be placed at 8022B608 (length = 224 bytes)
$Script_Idle_8022FA10 will be placed at 8022B82C (length = 1E8 bytes)
$Script_Idle_8021A0E4 will be placed at 8022BA14 (length = 1E8 bytes)
$Script_FP_Drain will be placed at 8022BBFC (length = 1D4 bytes)
$Script_80219CC0 will be placed at 8022BDD0 (length = 1BC bytes)
$Script_BeforeBattle will be placed at 8022BF8C (length = 1AC bytes)
$Function_802182A4 will be placed at 8022C138 (length = 19C bytes)
$Function_80218440 will be placed at 8022C2D4 (length = 194 bytes)
$Function_802194A0 will be placed at 8022C468 (length = 190 bytes)
$Function_80218114 will be placed at 8022C5F8 (length = 190 bytes)
$Function_80218C40 will be placed at 8022C788 (length = 190 bytes)
$Script_8021AD3C will be placed at 8022C918 (length = 188 bytes)
$Script_8021B84C will be placed at 8022CAA0 (length = 180 bytes)
$Script_80219EF4 will be placed at 8022CC20 (length = 160 bytes)
$Function_80218620 will be placed at 8022CD80 (length = 154 bytes)
$CountTuffPuffs will be placed at 8022CED4 (length = 140 bytes)
$Script_8022FC74 will be placed at 8022D014 (length = 13C bytes)
$Function_80218774 will be placed at 8022D150 (length = 134 bytes)
$Function_SetCloudPalette will be placed at 8022D284 (length = E4 bytes)
$Function_SetBreathPalette will be placed at 8022D368 (length = E4 bytes)
$Function_80218924 will be placed at 8022D44C (length = D8 bytes)
$Function_80218B60 will be placed at 8022D524 (length = D4 bytes)
$Function_80218AA0 will be placed at 8022D5F8 (length = C0 bytes)
$Script_80234FE0 will be placed at 8022D6B8 (length = BC bytes)
$Function_80218058 will be placed at 8022D774 (length = BC bytes)
$StatusTable_8022F664 will be placed at 8022D830 (length = AC bytes)
$StatusTable_80219A60 will be placed at 8022D8DC (length = AC bytes)
$Script_NextTurn_8021D840 will be placed at 8022D988 (length = A8 bytes)
$Function_802189FC will be placed at 8022DA30 (length = A4 bytes)
$PartsTable_80219B0C will be placed at 8022DAD4 (length = 90 bytes)
$TuffPuffIDs will be placed at 8022DB64 (length = 80 bytes)
$Script_8021B9DC will be placed at 8022DBE4 (length = 68 bytes)
$AntiLS will be placed at 8022DC4C (length = 60 bytes)
$IdleAnimations_HuffNPuff_Body_Gold will be placed at 8022DCAC (length = 5C bytes)
$IdleAnimations_TuffPuff_Big will be placed at 8022DD08 (length = 5C bytes)
$IdleAnimations_TuffPuff_Small will be placed at 8022DD64 (length = 5C bytes)
$IdleAnimations_HuffNPuff_Arms_Gold will be placed at 8022DDC0 (length = 5C bytes)
$OverwriteTable will be placed at 8022DE1C (length = 5C bytes)
$IdleAnimations_HuffNPuff_Face will be placed at 8022DE78 (length = 5C bytes)
$IdleAnimations_TuffPuff_Small_Gold will be placed at 8022DED4 (length = 5C bytes)
$IdleAnimations_HuffNPuff_Body will be placed at 8022DF30 (length = 5C bytes)
$IdleAnimations_HuffNPuff_Face_Gold will be placed at 8022DF8C (length = 5C bytes)
$IdleAnimations_HuffNPuff_Arms will be placed at 8022DFE8 (length = 5C bytes)
$IdleAnimations_TuffPuff_Big_Gold will be placed at 8022E044 (length = 5C bytes)
$Function_80218000 will be placed at 8022E0A0 (length = 58 bytes)
$Function_802185D4 will be placed at 8022E0F8 (length = 4C bytes)
$Function_Vanish will be placed at 8022E144 (length = 4C bytes)
$PartsTable_8022F710 will be placed at 8022E190 (length = 48 bytes)
$Script_TakeTurn_802305E8 will be placed at 8022E1D8 (length = 48 bytes)
$Function_802188A8 will be placed at 8022E220 (length = 44 bytes)
$Function_802188EC will be placed at 8022E264 (length = 38 bytes)
$HuffNPuff will be placed at 8022E29C (length = 28 bytes)
$FormationTable will be placed at 8022E2C4 (length = 28 bytes)
$TuffPuff will be placed at 8022E2EC (length = 28 bytes)
$Boss_Stage will be placed at 8022E314 (length = 28 bytes)
$SpecialFormation_8021A370 will be placed at 8022E33C (length = 1C bytes)
$SpecialFormation_8021A354 will be placed at 8022E358 (length = 1C bytes)
$Boss_Formation will be placed at 8022E374 (length = 1C bytes)
$DefenseTable_8022F638 will be placed at 8022E390 (length = 1C bytes)
$DefenseTable_80219A34 will be placed at 8022E3AC (length = 1C bytes)
$ASCII_"flo_bt04_shape"_Literal will be placed at 8022E3C8 (length = 14 bytes)
$ForegroundModelList will be placed at 8022E3DC (length = 10 bytes)
$ASCII_"flo_bt04_hit"_Literal will be placed at 8022E3EC (length = 10 bytes)
$IdleAnimations_HuffNPuff_Arms_Charged will be placed at 8022E3FC (length = C bytes)
$IdleAnimations_HuffNPuff_Body_Charged will be placed at 8022E408 (length = C bytes)
$ASCII_"sra_bg"_Literal will be placed at 8022E414 (length = C bytes)
$IdleAnimations_TuffPuffA will be placed at 8022E420 (length = C bytes)
$Vector3D_8021A348 will be placed at 8022E42C (length = C bytes)
$Pos_Boss will be placed at 8022E438 (length = C bytes)
$IdleAnimations_HuffNPuff_Body_Charged_Gold will be placed at 8022E444 (length = C bytes)
$IdleAnimations_TuffPuffA_Gold will be placed at 8022E450 (length = C bytes)
$IdleAnimations_HuffNPuff_Face_Charged_Gold will be placed at 8022E45C (length = C bytes)
$IdleAnimations_HuffNPuff_Face_Charged will be placed at 8022E468 (length = C bytes)
$IdleAnimations_HuffNPuff_Arms_Charged_Gold will be placed at 8022E474 (length = C bytes)
$Script_NextTurn_8022FA00 will be placed at 8022E480 (length = 8 bytes)
$ASCII_"flo_tex"_Literal will be placed at 8022E488 (length = 8 bytes)
$Script_AfterBattle will be placed at 8022E490 (length = 8 bytes)
$StageTable will be placed at 8022E498 (length = 8 bytes)
Reading patch file: battle/formation/patch/44 Crystal King Refight.bpat
Creating struct: $Function_80218000
Creating struct: $Function_80218058
Creating struct: $Function_802181E8
Creating struct: $Function_SetBreathPalette
Creating struct: $Function_SetLightningPalette
Creating struct: $Function_SetColdBreathPalette
Creating struct: $Function_802183A4
Creating struct: $Function_8021848C
Creating struct: $Function_802185D0
Creating struct: $Function_802186C0
Creating struct: $Function_802188B8
Creating struct: $Function_802188DC
Creating struct: $Function_802189E0
Creating struct: $IdleAnimations_CrystalKing
Creating struct: $IdleAnimations_CrystalKing_Dark
Creating struct: $IdleAnimations_CrystalKing_Gold
Creating struct: $DefenseTable_80218A2C
Creating struct: $StatusTable_80218A48
Creating struct: $PartsTable_80218AF4
Creating struct: $CrystalKing
Creating struct: $Script_Init_CrystalKing
Creating struct: $Script_TimeLimit
Creating struct: $Script_Idle_80218C4C
Creating struct: $Script_80218E34
Creating struct: $Script_80219270
Creating struct: $Script_8021952C
Creating struct: $Script_80219B80
Creating struct: $Script_HandleEvent_80219F30
Creating struct: $Script_AntiCheat
Creating struct: $Script_TakeTurn_8021AEEC
Creating struct: $Script_DamageCalc
Creating struct: $Script_FrostBreath
Creating struct: $Script_FrostBolt
Creating struct: $StatusTable_8021C6DC
Creating struct: $Script_HandleEvent_8021C788
Creating struct: $Script_Init_8021C798
Creating struct: $CrystalClone
Creating struct: $Vector3D_8021C80C
Creating struct: $SpecialFormation_8021C818
Creating struct: $Script_SummonClones
Creating struct: $SpecialFormation_8021D5E8
Creating struct: $SpecialFormation_8021D604
Creating struct: $SpecialFormation_8021D620
Creating struct: $???_8021D63C
Creating struct: $???_8021D67C
Creating struct: $???_8021D6BC
Creating struct: $Script_AnimateSummon
Creating struct: $Script_SummonRocks
Creating struct: $Script_TripleFrostBreath
Creating struct: $Script_SuckInRock
Creating struct: $Script_SpitRockMiss
Creating struct: $Script_SpitRock
Creating struct: $Script_SpitAllRocks
Creating struct: $Script_HealSelf
Creating struct: $IdleAnimations_CrystalBitA
Creating struct: $IdleAnimations_CrystalBitB
Creating struct: $IdleAnimations_CrystalBitC
Creating struct: $IdleAnimations_CrystalBitA_Dark
Creating struct: $IdleAnimations_CrystalBitB_Dark
Creating struct: $IdleAnimations_CrystalBitC_Dark
Creating struct: $IdleAnimations_CrystalBitA_Gold
Creating struct: $IdleAnimations_CrystalBitB_Gold
Creating struct: $IdleAnimations_CrystalBitC_Gold
Creating struct: $DefenseTable_802204A4
Creating struct: $StatusTable_802204C0
Creating struct: $PartsTable_8022056C
Creating struct: $PartsTable_802205B4
Creating struct: $PartsTable_802205FC
Creating struct: $CrystalBitA
Creating struct: $CrystalBitB
Creating struct: $CrystalBitC
Creating struct: $Script_Init_CrystalBit
Creating struct: $Script_Idle_8022071C
Creating struct: $Script_HandleEvent_802207C8
Creating struct: $Script_TakeTurn_802211C0
Creating struct: $Script_NextTurn_802211D0
Creating struct: $???_802211E0
Creating struct: $Script_802211F0
Creating struct: $Script_8022122C
Creating struct: $Script_BeforeBattle_80221498
Creating struct: $Script_AfterBattle_802214C4
Creating struct: $Stage_802214D4
Creating struct: $Vector3D_80221500
Creating struct: $Vector3D_8022150C
Creating struct: $Vector3D_80221518
Creating struct: $Vector3D_80221524
Creating struct: $Formation_00
Creating struct: $FormationTable
Creating struct: $StageTable
Creating struct: $ASCII_802215E0
Creating struct: $ASCII_802215E8
Creating struct: $ASCII_802215F8
Creating struct: $ASCII_80221608
Creating struct: $ASCII_8022161C
Merged 1 regions to 1
$Script_HandleEvent_80219F30 will be placed at 80218000 (length = 1060 bytes)
$Script_TripleFrostBreath will be placed at 80219060 (length = F90 bytes)
$Script_SummonClones will be placed at 80219FF0 (length = D28 bytes)
$Script_AntiCheat will be placed at 8021AD18 (length = A14 bytes)
$Script_HandleEvent_802207C8 will be placed at 8021B72C (length = 90C bytes)
$Script_SpitAllRocks will be placed at 8021C038 (length = 85C bytes)
$Script_FrostBolt will be placed at 8021C894 (length = 7F4 bytes)
$Script_TakeTurn_8021AEEC will be placed at 8021D088 (length = 77C bytes)
$Script_FrostBreath will be placed at 8021D804 (length = 6B4 bytes)
$Script_8021952C will be placed at 8021DEB8 (length = 55C bytes)
$Script_HealSelf will be placed at 8021E414 (length = 4B4 bytes)
$Script_SummonRocks will be placed at 8021E8C8 (length = 498 bytes)
$Script_80218E34 will be placed at 8021ED60 (length = 34C bytes)
$Script_Init_CrystalBit will be placed at 8021F0AC (length = 2EC bytes)
$Script_80219B80 will be placed at 8021F398 (length = 2B4 bytes)
$Script_SpitRock will be placed at 8021F64C (length = 284 bytes)
$Script_AnimateSummon will be placed at 8021F8D0 (length = 274 bytes)
$Script_80219270 will be placed at 8021FB44 (length = 208 bytes)
$Function_802186C0 will be placed at 8021FD4C (length = 1F8 bytes)
$Script_SpitRockMiss will be placed at 8021FF44 (length = 1D8 bytes)
$Script_Init_CrystalKing will be placed at 8022011C (length = 1CC bytes)
$Script_Idle_80218C4C will be placed at 802202E8 (length = 198 bytes)
$Function_80218058 will be placed at 80220480 (length = 190 bytes)
$Script_TimeLimit will be placed at 80220610 (length = 178 bytes)
$Script_SuckInRock will be placed at 80220788 (length = 164 bytes)
$Function_SetColdBreathPalette will be placed at 802208EC (length = 150 bytes)
$Function_SetLightningPalette will be placed at 80220A3C (length = 150 bytes)
$Function_SetBreathPalette will be placed at 80220B8C (length = 150 bytes)
$Function_8021848C will be placed at 80220CDC (length = 140 bytes)
$Function_802188DC will be placed at 80220E1C (length = 104 bytes)
$Script_Init_8021C798 will be placed at 80220F20 (length = FC bytes)
$Function_802185D0 will be placed at 8022101C (length = EC bytes)
$Function_802183A4 will be placed at 80221108 (length = E8 bytes)
$StatusTable_802204C0 will be placed at 802211F0 (length = AC bytes)
$StatusTable_80218A48 will be placed at 8022129C (length = AC bytes)
$StatusTable_8021C6DC will be placed at 80221348 (length = AC bytes)
$Function_802181E8 will be placed at 802213F4 (length = 98 bytes)
$Script_8022122C will be placed at 8022148C (length = 90 bytes)
$Script_Idle_8022071C will be placed at 8022151C (length = 84 bytes)
$Formation_00 will be placed at 802215A0 (length = 70 bytes)
$Script_DamageCalc will be placed at 80221610 (length = 70 bytes)
$Function_80218000 will be placed at 80221680 (length = 58 bytes)
$WaitThatsIllegal will be placed at 802216D8 (length = 4C bytes)
$PartsTable_8022056C will be placed at 80221724 (length = 48 bytes)
$PartsTable_802205FC will be placed at 8022176C (length = 48 bytes)
$WaitThatsIllegal2 will be placed at 802217B4 (length = 48 bytes)
$PartsTable_802205B4 will be placed at 802217FC (length = 48 bytes)
$???_8021D63C will be placed at 80221844 (length = 40 bytes)
$???_8021D6BC will be placed at 80221884 (length = 40 bytes)
$???_8021D67C will be placed at 802218C4 (length = 40 bytes)
$IdleAnimations_CrystalKing_Dark will be placed at 80221904 (length = 2C bytes)
$IdleAnimations_CrystalKing_Gold will be placed at 80221930 (length = 2C bytes)
$IdleAnimations_CrystalKing will be placed at 8022195C (length = 2C bytes)
$Stage_802214D4 will be placed at 80221988 (length = 28 bytes)
$CrystalBitA will be placed at 802219B0 (length = 28 bytes)
$CrystalBitB will be placed at 802219D8 (length = 28 bytes)
$CrystalBitC will be placed at 80221A00 (length = 28 bytes)
$CrystalClone will be placed at 80221A28 (length = 28 bytes)
$FormationTable will be placed at 80221A50 (length = 28 bytes)
$CrystalKing will be placed at 80221A78 (length = 28 bytes)
$DefenseTable_80218A2C will be placed at 80221AA0 (length = 24 bytes)
$Function_802188B8 will be placed at 80221AC4 (length = 24 bytes)
$DefenseTable_802204A4 will be placed at 80221AE8 (length = 24 bytes)
$Script_802211F0 will be placed at 80221B0C (length = 24 bytes)
$PartsTable_80218AF4 will be placed at 80221B30 (length = 24 bytes)
$SpecialFormation_8021D5E8 will be placed at 80221B54 (length = 1C bytes)
$SpecialFormation_8021D604 will be placed at 80221B70 (length = 1C bytes)
$Function_802189E0 will be placed at 80221B8C (length = 1C bytes)
$SpecialFormation_8021C818 will be placed at 80221BA8 (length = 1C bytes)
$SpecialFormation_8021D620 will be placed at 80221BC4 (length = 1C bytes)
$Script_BeforeBattle_80221498 will be placed at 80221BE0 (length = 1C bytes)
$ASCII_802215F8 will be placed at 80221BFC (length = 14 bytes)
$ASCII_802215E8 will be placed at 80221C10 (length = 10 bytes)
$???_802211E0 will be placed at 80221C20 (length = 10 bytes)
$StageTable will be placed at 80221C30 (length = 10 bytes)
$ASCII_802215E0 will be placed at 80221C40 (length = C bytes)
$IdleAnimations_CrystalBitC will be placed at 80221C4C (length = C bytes)
$IdleAnimations_CrystalBitB will be placed at 80221C58 (length = C bytes)
$IdleAnimations_CrystalBitA will be placed at 80221C64 (length = C bytes)
$Vector3D_8021C80C will be placed at 80221C70 (length = C bytes)
$IdleAnimations_CrystalBitC_Gold will be placed at 80221C7C (length = C bytes)
$IdleAnimations_CrystalBitC_Dark will be placed at 80221C88 (length = C bytes)
$ASCII_8022161C will be placed at 80221C94 (length = C bytes)
$IdleAnimations_CrystalBitB_Gold will be placed at 80221CA0 (length = C bytes)
$IdleAnimations_CrystalBitA_Gold will be placed at 80221CAC (length = C bytes)
$IdleAnimations_CrystalBitB_Dark will be placed at 80221CB8 (length = C bytes)
$Vector3D_80221524 will be placed at 80221CC4 (length = C bytes)
$Vector3D_80221518 will be placed at 80221CD0 (length = C bytes)
$IdleAnimations_CrystalBitA_Dark will be placed at 80221CDC (length = C bytes)
$Vector3D_8022150C will be placed at 80221CE8 (length = C bytes)
$Vector3D_80221500 will be placed at 80221CF4 (length = C bytes)
$Script_TakeTurn_802211C0 will be placed at 80221D00 (length = 8 bytes)
$Script_HandleEvent_8021C788 will be placed at 80221D08 (length = 8 bytes)
$Script_AfterBattle_802214C4 will be placed at 80221D10 (length = 8 bytes)
$ASCII_80221608 will be placed at 80221D18 (length = 8 bytes)
$Script_NextTurn_802211D0 will be placed at 80221D20 (length = 8 bytes)
Reading patch file: battle/formation/patch/45 Bowser Refight.bpat
Creating struct: $FormationTable
Creating struct: $Boss_Formation
Creating struct: $Boss_Pos
Creating struct: $StageTable
Creating struct: $Boss_Stage
Creating struct: $Script_BeforeBattle
Creating struct: $Function_8021A2C0
Creating struct: $Function_8021B950
Creating struct: $???_80234810
Creating struct: $ConstDouble_80234828
Creating struct: $Function_8021B9A8
Creating struct: $Function_8021D290
Creating struct: $IntTable_80234310
Creating struct: $Script_80234380
Creating struct: $IntTable_80234458
Creating struct: $Script_802344C8
Creating struct: $Script_AfterBattle
Creating struct: $Function_8021C004
Creating struct: $Function_8021C09C
Creating struct: $Function_8021C11C
Creating struct: $Function_8021C14C
Creating struct: $Function_8021C520
Creating struct: $Function_CheckMarioCharge
Creating struct: $Function_8021C974
Creating struct: $Function_GetPlayerPercentHP
Creating struct: $Function_8021CA44
Creating struct: $Function_8021CC5C
Creating struct: $Function_8021CCFC
Creating struct: $IntTable_80230B28
Creating struct: $IntTable_80230B34
Creating struct: $IntTable_80230B40
Creating struct: $IntTable_80230B4C
Creating struct: $Function_8021CEB8
Creating struct: $Function_8021CF54
Creating struct: $Function_8021CF54_B
Creating struct: $Function_8021CFC0
Creating struct: $ConstDouble_80234830
Creating struct: $ConstDouble_80234838
Creating struct: $ConstDouble_80234840
Creating struct: $ConstDouble_80234848
Creating struct: $ConstDouble_80234850
Creating struct: $ConstDouble_80234858
Creating struct: $ConstDouble_80234860
Creating struct: $ConstDouble_80234868
Creating struct: $ConstDouble_80234870
Creating struct: $IdleAnimations_Bowser
Creating struct: $IdleAnimations_Bowser_Dark
Creating struct: $IdleAnimations_Bowser_Gold
Creating struct: $DefenseTable_Normal
Creating struct: $DefenseTable_Enchanted
Creating struct: $StatusTable_Normal
Creating struct: $StatusTable_Enchanted
Creating struct: $PartsTable_Bowser
Creating struct: $Bowser
Creating struct: $Script_Init_Bowser
Creating struct: $Script_8022F488
Creating struct: $Function_8021BC60
Creating struct: $Script_Idle_Bowser
Creating struct: $Script_8022FDC8
Creating struct: $Script_NextTurn_Bowser
Creating struct: $Script_HandleEvent_Bowser
Creating struct: $Script_DoHit
Creating struct: $Script_DoHitB
Creating struct: $Script_DoDeath
Creating struct: $Script_DoImmune
Creating struct: $Script_TakeTurn_Bowser
Creating struct: $Script_StarShield
Creating struct: $Script_DoJumpBack
Creating struct: $Script_StarShieldSFX
Creating struct: $Script_ShockJump
Creating struct: $Script_HealSelf3
Creating struct: $Script_UseMove3
Creating struct: $Script_UseMagicMove
Creating struct: $Script_UseNormalMove
Creating struct: $Script_80230B58
Creating struct: $Script_DisableJump3
Creating struct: $Script_80231CA8
Creating struct: $Script_ClawSwipe3
Creating struct: $Script_Shockwave3
Creating struct: $Script_FireBreath3
Creating struct: $Script_8022B03C
Creating struct: $Script_DoBurnHit
Creating struct: $Script_Thunderbolt3
Merged 1 regions to 1
$Script_DisableJump3 will be placed at 80218000 (length = F8C bytes)
$Script_FireBreath3 will be placed at 80218F8C (length = 908 bytes)
$Script_Shockwave3 will be placed at 80219894 (length = 870 bytes)
$Script_HandleEvent_Bowser will be placed at 8021A104 (length = 854 bytes)
$Script_DoDeath will be placed at 8021A958 (length = 7CC bytes)
$Script_StarShieldSFX will be placed at 8021B124 (length = 600 bytes)
$Script_ClawSwipe3 will be placed at 8021B724 (length = 600 bytes)
$Script_Thunderbolt3 will be placed at 8021BD24 (length = 5F8 bytes)
$Script_DoBurnHit will be placed at 8021C31C (length = 48C bytes)
$Script_HealSelf3 will be placed at 8021C7A8 (length = 480 bytes)
$Function_8021C520 will be placed at 8021CC28 (length = 454 bytes)
$Script_UseMove3 will be placed at 8021D07C (length = 3E4 bytes)
$Function_8021C14C will be placed at 8021D460 (length = 3D4 bytes)
$Script_NextTurn_Bowser will be placed at 8021D834 (length = 3C8 bytes)
$Function_8021BC60 will be placed at 8021DBFC (length = 3A4 bytes)
$Script_Init_Bowser will be placed at 8021DFA0 (length = 32C bytes)
$Function_8021CFC0 will be placed at 8021E2CC (length = 2D0 bytes)
$Function_8021B9A8 will be placed at 8021E59C (length = 2B8 bytes)
$Function_8021CA44 will be placed at 8021E854 (length = 218 bytes)
$Script_UseMagicMove will be placed at 8021EA6C (length = 1E0 bytes)
$Function_8021CCFC will be placed at 8021EC4C (length = 1BC bytes)
$Script_80230B58 will be placed at 8021EE08 (length = 198 bytes)
$Script_ShockJump will be placed at 8021EFA0 (length = 198 bytes)
$Function_8021CF54_B will be placed at 8021F138 (length = 13C bytes)
$Function_8021CF54 will be placed at 8021F274 (length = 138 bytes)
$Script_Idle_Bowser will be placed at 8021F3AC (length = 12C bytes)
$Script_8022FDC8 will be placed at 8021F4D8 (length = 128 bytes)
$Script_DoJumpBack will be placed at 8021F600 (length = 104 bytes)
$Script_80231CA8 will be placed at 8021F704 (length = D4 bytes)
$StatusTable_Normal will be placed at 8021F7D8 (length = AC bytes)
$StatusTable_Enchanted will be placed at 8021F884 (length = AC bytes)
$Script_UseNormalMove will be placed at 8021F930 (length = AC bytes)
$Script_80234380 will be placed at 8021F9DC (length = A4 bytes)
$Script_802344C8 will be placed at 8021FA80 (length = A4 bytes)
$Function_8021CC5C will be placed at 8021FB24 (length = A0 bytes)
$Function_8021CEB8 will be placed at 8021FBC4 (length = 9C bytes)
$Function_8021C004 will be placed at 8021FC60 (length = 98 bytes)
$Function_8021C09C will be placed at 8021FCF8 (length = 80 bytes)
$Script_8022B03C will be placed at 8021FD78 (length = 7C bytes)
$IntTable_80234310 will be placed at 8021FDF4 (length = 70 bytes)
$IntTable_80234458 will be placed at 8021FE64 (length = 70 bytes)
$Function_GetPlayerPercentHP will be placed at 8021FED4 (length = 70 bytes)
$Function_CheckMarioCharge will be placed at 8021FF44 (length = 60 bytes)
$Function_8021C974 will be placed at 8021FFA4 (length = 60 bytes)
$Script_TakeTurn_Bowser will be placed at 80220004 (length = 60 bytes)
$Function_8021A2C0 will be placed at 80220064 (length = 58 bytes)
$Function_8021B950 will be placed at 802200BC (length = 58 bytes)
$Function_8021D290 will be placed at 80220114 (length = 54 bytes)
$Script_StarShield will be placed at 80220168 (length = 50 bytes)
$IdleAnimations_Bowser will be placed at 802201B8 (length = 44 bytes)
$IdleAnimations_Bowser_Gold will be placed at 802201FC (length = 44 bytes)
$IdleAnimations_Bowser_Dark will be placed at 80220240 (length = 44 bytes)
$Function_8021C11C will be placed at 80220284 (length = 30 bytes)
$FormationTable will be placed at 802202B4 (length = 28 bytes)
$Bowser will be placed at 802202DC (length = 28 bytes)
$Boss_Stage will be placed at 80220304 (length = 28 bytes)
$PartsTable_Bowser will be placed at 8022032C (length = 24 bytes)
$Script_BeforeBattle will be placed at 80220350 (length = 24 bytes)
$Script_DoHit will be placed at 80220374 (length = 20 bytes)
$Boss_Formation will be placed at 80220394 (length = 1C bytes)
$Script_DoHitB will be placed at 802203B0 (length = 1C bytes)
$Script_DoImmune will be placed at 802203CC (length = 1C bytes)
$???_80234810 will be placed at 802203E8 (length = 18 bytes)
$ASCII_"kkj_bt02_shape"_Literal will be placed at 80220400 (length = 14 bytes)
$StageTable will be placed at 80220414 (length = 10 bytes)
$ASCII_"kkj_bt02_hit"_Literal will be placed at 80220424 (length = 10 bytes)
$Script_8022F488 will be placed at 80220434 (length = 10 bytes)
$IntTable_80230B28 will be placed at 80220444 (length = C bytes)
$Boss_Pos will be placed at 80220450 (length = C bytes)
$ASCII_"kpa_bg"_Literal will be placed at 8022045C (length = C bytes)
$DefenseTable_Enchanted will be placed at 80220468 (length = C bytes)
$DefenseTable_Normal will be placed at 80220474 (length = C bytes)
$IntTable_80230B4C will be placed at 80220480 (length = C bytes)
$IntTable_80230B40 will be placed at 8022048C (length = C bytes)
$IntTable_80230B34 will be placed at 80220498 (length = C bytes)
$ConstDouble_80234830 will be placed at 802204A8 (length = 8 bytes)
$ConstDouble_80234870 will be placed at 802204B0 (length = 8 bytes)
$ASCII_"kkj_tex"_Literal will be placed at 802204B8 (length = 8 bytes)
$ConstDouble_80234838 will be placed at 802204C0 (length = 8 bytes)
$ConstDouble_80234868 will be placed at 802204C8 (length = 8 bytes)
$ConstDouble_80234860 will be placed at 802204D0 (length = 8 bytes)
$ConstDouble_80234828 will be placed at 802204D8 (length = 8 bytes)
$ConstDouble_80234858 will be placed at 802204E0 (length = 8 bytes)
$ConstDouble_80234850 will be placed at 802204E8 (length = 8 bytes)
$ConstDouble_80234840 will be placed at 802204F0 (length = 8 bytes)
$ConstDouble_80234848 will be placed at 802204F8 (length = 8 bytes)
$Script_AfterBattle will be placed at 80220500 (length = 8 bytes)
Reading patch file: battle/formation/patch/46 Jr Troopa Refight.bpat
Creating struct: $Formation_00
Creating struct: $FormationTable
Creating struct: $StageTable
Creating struct: $Stage_Playground
Creating struct: $Script_BeforeBattle
Creating struct: $Script_AfterBattle
Creating struct: $ForegroundModels
Creating struct: $JrTroopa7
Creating struct: $PartsTable
Creating struct: $IdleAnimations_NormalForm
Creating struct: $IdleAnimations_EggForm
Creating struct: $IdleAnimations_BatForm
Creating struct: $IdleAnimations_MageForm
Creating struct: $IdleAnimations_Defeated
Creating struct: $DefenseTable_NormalForm
Creating struct: $DefenseTable_EggForm
Creating struct: $DefenseTable_BatForm
Creating struct: $DefenseTable_MageForm
Creating struct: $StatusTable
Creating struct: $Script_TransformEffect
Creating struct: $Script_ZoomCamIn
Creating struct: $Script_ZoomCamOut
Creating struct: $Script_Init
Creating struct: $Script_NextTurn
Creating struct: $Script_Idle
Creating struct: $Script_HandleEvent
Creating struct: $Script_CheckSpook
Creating struct: $Script_TakeTurn
Creating struct: $Script_RandomTransform
Creating struct: $Script_Transform
Creating struct: $Script_JumpAttack
Creating struct: $Script_EggJump
Creating struct: $Script_CloseEgg
Creating struct: $Script_SwoopAttack
Creating struct: $Script_SpikeDive
Creating struct: $Script_ShapeSpell
Creating struct: $Script_LightningSpell
Creating struct: $Script_RestoreHP
Creating struct: $Script_SetAnimations
Creating struct: $Script_80232040_02
Creating struct: $Script_HandleDeath
Creating struct: $Script_HandleDeath_NormalForm
Creating struct: $Function_80218AD0_02
Creating struct: $Function_80218B9C_02
Creating struct: $FloatTable_DiveEnvelope
Creating struct: $Function_GetInterpolatedAngle
Creating struct: $Function_80218F60_02
Creating struct: $Function_80218FA4_02
Merged 1 regions to 1
$Script_JumpAttack will be placed at 80218000 (length = 93C bytes)
$Script_SpikeDive will be placed at 8021893C (length = 83C bytes)
$Script_LightningSpell will be placed at 80219178 (length = 700 bytes)
$Script_EggJump will be placed at 80219878 (length = 688 bytes)
$Script_SwoopAttack will be placed at 80219F00 (length = 610 bytes)
$Script_ShapeSpell will be placed at 8021A510 (length = 5E0 bytes)
$Script_HandleDeath will be placed at 8021AAF0 (length = 5DC bytes)
$Script_HandleEvent will be placed at 8021B0CC (length = 548 bytes)
$Script_Transform will be placed at 8021B614 (length = 320 bytes)
$Script_RestoreHP will be placed at 8021B934 (length = 30C bytes)
$Script_TransformEffect will be placed at 8021BC40 (length = 2B4 bytes)
$Script_HandleDeath_NormalForm will be placed at 8021BEF4 (length = 24C bytes)
$Script_NextTurn will be placed at 8021C140 (length = 238 bytes)
$Script_SetAnimations will be placed at 8021C378 (length = 210 bytes)
$Script_CheckSpook will be placed at 8021C588 (length = 190 bytes)
$Function_80218B9C_02 will be placed at 8021C718 (length = 18C bytes)
$FloatTable_DiveEnvelope will be placed at 8021C8A4 (length = 16C bytes)
$Script_Idle will be placed at 8021CA10 (length = 118 bytes)
$Script_TakeTurn will be placed at 8021CB28 (length = 110 bytes)
$Function_GetInterpolatedAngle will be placed at 8021CC38 (length = F4 bytes)
$Script_CloseEgg will be placed at 8021CD2C (length = EC bytes)
$Script_80232040_02 will be placed at 8021CE18 (length = DC bytes)
$Function_80218AD0_02 will be placed at 8021CEF4 (length = CC bytes)
$Script_Init will be placed at 8021CFC0 (length = B8 bytes)
$StatusTable will be placed at 8021D078 (length = AC bytes)
$Script_RandomTransform will be placed at 8021D124 (length = A8 bytes)
$PartsTable will be placed at 8021D1CC (length = 90 bytes)
$Script_ZoomCamIn will be placed at 8021D25C (length = 74 bytes)
$BeginFightString will be placed at 8021D2D0 (length = 60 bytes)
$Function_80218F60_02 will be placed at 8021D330 (length = 44 bytes)
$Function_80218FA4_02 will be placed at 8021D374 (length = 38 bytes)
$IdleAnimations_NormalForm will be placed at 8021D3AC (length = 34 bytes)
$IdleAnimations_BatForm will be placed at 8021D3E0 (length = 34 bytes)
$IdleAnimations_MageForm will be placed at 8021D414 (length = 34 bytes)
$Script_BeforeBattle will be placed at 8021D448 (length = 34 bytes)
$Script_ZoomCamOut will be placed at 8021D47C (length = 2C bytes)
$Stage_Playground will be placed at 8021D4A8 (length = 28 bytes)
$FormationTable will be placed at 8021D4D0 (length = 28 bytes)
$JrTroopa7 will be placed at 8021D4F8 (length = 28 bytes)
$Formation_00 will be placed at 8021D520 (length = 1C bytes)
$ASCII_"kmr_bt05_shape"_Literal will be placed at 8021D53C (length = 14 bytes)
$DefenseTable_BatForm will be placed at 8021D550 (length = 14 bytes)
$IdleAnimations_EggForm will be placed at 8021D564 (length = 14 bytes)
$DefenseTable_MageForm will be placed at 8021D578 (length = 14 bytes)
$ASCII_"kmr_bt05_hit"_Literal will be placed at 8021D58C (length = 10 bytes)
$StageTable will be placed at 8021D59C (length = 10 bytes)
$DefenseTable_EggForm will be placed at 8021D5AC (length = C bytes)
$DefenseTable_NormalForm will be placed at 8021D5B8 (length = C bytes)
$ASCII_"kmr_bg"_Literal will be placed at 8021D5C4 (length = C bytes)
$ASCII_"kmr_04"_Literal will be placed at 8021D5D0 (length = C bytes)
$IdleAnimations_Defeated will be placed at 8021D5DC (length = C bytes)
$ForegroundModels will be placed at 8021D5E8 (length = C bytes)
$ASCII_"kmr_tex"_Literal will be placed at 8021D5F4 (length = 8 bytes)
$Script_AfterBattle will be placed at 8021D5FC (length = 8 bytes)
Reading patch file: battle/formation/patch/47 Debug Testing.bpat
Reading patch file: battle/formation/import/newenemy/EmberGuy.bpat
Creating struct: $EmberGuy
Creating struct: $Function_80218EE0_EmberGuy
Creating struct: $IdleAnimations_8022CB00_EmberGuy
Creating struct: $DefenseTable_8022CB4C_EmberGuy
Creating struct: $StatusTable_8022CB88_EmberGuy
Creating struct: $PartsTable_8022CC34_EmberGuy
Creating struct: $Script_Init_8022CC80_EmberGuy
Creating struct: $Script_Idle_8022CCCC_EmberGuy
Creating struct: $Script_8022CDDC_EmberGuy
Creating struct: $Boost
Creating struct: $Script_HandleEvent_8022CE60_EmberGuy
Creating struct: $Script_TakeTurn_EmberGuy
Reading patch file: battle/formation/import/newenemy/RedFuzzy.bpat
Creating struct: $Function_80218000_RF
Creating struct: $Function_802180B4_RF
Creating struct: $DefenseTable_RFuzzy
Creating struct: $StatusTable_RFuzzy
Creating struct: $PartsTable_RFuzzy
Creating struct: $RedFuzzy
Creating struct: $IdleAnimations_RFuzzy
Creating struct: $Script_Init_RFuzzy
Creating struct: $Script_TrySummon_RF
Creating struct: $Script_Idle_RFuzzy
Creating struct: $Script_HandleEvent_RFuzzy
Creating struct: $Script_RF_Summon
Creating struct: $Script_RF_Siphon
Creating struct: $Script_8021A0D4_RF
Creating struct: $Script_8021A45C_RF
Creating struct: $Script_TakeTurn_RFuzzy
Creating struct: $Vector3D_Down
Creating struct: $SpecialFormation_RFuzzy
Creating struct: $RedFuzzySummon
Creating struct: $StageTable
Creating struct: $Stage_Cave1
Creating struct: $Script_BeforeBattle_NormalCave
Creating struct: $Script_AfterBattle_NormalCave
Creating struct: $Formation_00
Creating struct: $Formation_01
Creating struct: $Formation_02
Creating struct: $FormationTable
Reading patch for $RedFuzzy
Reading patch for $PartsTable_RFuzzy
Reading patch for $Script_TrySummon_RF
Reading patch for $EmberGuy
Reading patch for $Boost
Merged 1 regions to 1
$Script_RF_Siphon will be placed at 80218000 (length = D44 bytes)
$Script_TakeTurn_EmberGuy will be placed at 80218D44 (length = 578 bytes)
$Script_HandleEvent_RFuzzy will be placed at 802192BC (length = 4DC bytes)
$Script_HandleEvent_8022CE60_EmberGuy will be placed at 80219798 (length = 39C bytes)
$Script_RF_Summon will be placed at 80219B34 (length = 32C bytes)
$Script_8021A0D4_RF will be placed at 80219E60 (length = 27C bytes)
$Script_8021A45C_RF will be placed at 8021A0DC (length = 148 bytes)
$Script_Idle_8022CCCC_EmberGuy will be placed at 8021A224 (length = D4 bytes)
$Function_80218EE0_EmberGuy will be placed at 8021A2F8 (length = CC bytes)
$Function_80218000_RF will be placed at 8021A3C4 (length = B4 bytes)
$Function_802180B4_RF will be placed at 8021A478 (length = B4 bytes)
$Boost will be placed at 8021A52C (length = AC bytes)
$StatusTable_8022CB88_EmberGuy will be placed at 8021A5D8 (length = AC bytes)
$StatusTable_RFuzzy will be placed at 8021A684 (length = AC bytes)
$Script_8022CDDC_EmberGuy will be placed at 8021A730 (length = 64 bytes)
$Script_TakeTurn_RFuzzy will be placed at 8021A794 (length = 58 bytes)
$Script_TrySummon_RF will be placed at 8021A7EC (length = 58 bytes)
$Formation_00 will be placed at 8021A844 (length = 54 bytes)
$FormationTable will be placed at 8021A898 (length = 50 bytes)
$Script_Init_8022CC80_EmberGuy will be placed at 8021A8E8 (length = 4C bytes)
$Script_Init_RFuzzy will be placed at 8021A934 (length = 4C bytes)
$IdleAnimations_RFuzzy will be placed at 8021A980 (length = 4C bytes)
$IdleAnimations_8022CB00_EmberGuy will be placed at 8021A9CC (length = 4C bytes)
$PartsTable_RFuzzy will be placed at 8021AA18 (length = 48 bytes)
$Stage_Cave1 will be placed at 8021AA60 (length = 28 bytes)
$RedFuzzySummon will be placed at 8021AA88 (length = 28 bytes)
$RedFuzzy will be placed at 8021AAB0 (length = 28 bytes)
$EmberGuy will be placed at 8021AAD8 (length = 28 bytes)
$PartsTable_8022CC34_EmberGuy will be placed at 8021AB00 (length = 24 bytes)
$DefenseTable_8022CB4C_EmberGuy will be placed at 8021AB24 (length = 24 bytes)
$DefenseTable_RFuzzy will be placed at 8021AB48 (length = 1C bytes)
$Formation_01 will be placed at 8021AB64 (length = 1C bytes)
$SpecialFormation_RFuzzy will be placed at 8021AB80 (length = 1C bytes)
$Formation_02 will be placed at 8021AB9C (length = 1C bytes)
$StageTable will be placed at 8021ABB8 (length = 10 bytes)
$ASCII_"tst_b01_shape"_Literal will be placed at 8021ABC8 (length = 10 bytes)
$Vector3D_Down will be placed at 8021ABD8 (length = C bytes)
$ASCII_"tst_b01_hit"_Literal will be placed at 8021ABE4 (length = C bytes)
$ASCII_"tst_21"_Literal will be placed at 8021ABF0 (length = C bytes)
$Script_Idle_RFuzzy will be placed at 8021ABFC (length = 8 bytes)
$Script_BeforeBattle_NormalCave will be placed at 8021AC04 (length = 8 bytes)
$ASCII_"omo_tex"_Literal will be placed at 8021AC0C (length = 8 bytes)
$Script_AfterBattle_NormalCave will be placed at 8021AC14 (length = 8 bytes)
Reading patch file: battle/formation/patch/48 Light Rush Part 1.bpat
Creating struct: $Script_80234100
Creating struct: $Stage_LightRush
Creating struct: $Script_BeforeBattle_Hall
Creating struct: $Script_AfterBattle_Hall
Creating struct: $StageTable
Creating struct: $FormationTable
Creating struct: $Formation_00
Creating struct: $Formation_01
Creating struct: $Function_80218000_LG
Creating struct: $Function_80218500_01
Creating struct: $Function_8021868C_LG
Creating struct: $Function_80218458_LG
Creating struct: $Function_8021849C_LG
Creating struct: $Function_802184D4_LG
Creating struct: $DefenseTable_LightGoomba
Creating struct: $StatusTable_LightGoomba
Creating struct: $PartsTable_LightGoomba
Creating struct: $LightGoomba
Creating struct: $IdleAnimations_LightGoomba
Creating struct: $IdleAnimations_LightGoomba_Moving
Creating struct: $IdleAnimations_LightGoomba_Charged
Creating struct: $Script_Init_LightGoomba
Creating struct: $Script_Charge_LightGoomba
Creating struct: $Script_TakeTurn_LightGoomba
Creating struct: $Script_Idle_LightGoomba
Creating struct: $Script_HandleEvent_LightGoomba
Creating struct: $FloatTable_LightGoomba
Creating struct: $Script_Headbonk_LightGoomba
Creating struct: $Script_Boost_LightGoomba
Creating struct: $LightChomp
Creating struct: $Function_80218270_LightChomp
Creating struct: $Function_802183C0_LightChomp
Creating struct: $Function_80218458_LightChomp
Creating struct: $Function_802184CC_LightChomp
Creating struct: $IdleAnimations_80221450_LightChomp
Creating struct: $IdleAnimations_8022148C_LightChomp
Creating struct: $IdleAnimations_802214C8_LightChomp
Creating struct: $IdleAnimations_80221504_LightChomp
Creating struct: $IdleAnimations_80221540_LightChomp
Creating struct: $DefenseTable_8022154C_LightChomp
Creating struct: $StatusTable_80221558_LightChomp
Creating struct: $PartsTable_80221604_LightChomp
Creating struct: $Script_80221794_LightChomp
Creating struct: $Script_8022181C_LightChomp
Creating struct: $Script_Init_LightChomp
Creating struct: $Script_80221BC4_LightChomp
Creating struct: $Script_Idle_80221D00_LightChomp
Creating struct: $Script_80222324_LightChomp
Creating struct: $Script_SwitchColor_Chomp
Creating struct: $Script_HandleEvent_80222364_LightChomp
Creating struct: $Script_Counter_LightChomp
Creating struct: $Script_TakeTurn_LightChomp
Creating struct: $ConstDouble_80224920_LightChomp
Creating struct: $IdleAnimations_LightBones
Creating struct: $IdleAnimations_LightBonesDown
Creating struct: $IdleAnimations_DarkBone
Creating struct: $DefenseTable_LightBones
Creating struct: $DefenseTable_LightBonesDown
Creating struct: $StatusTable_LightBones
Creating struct: $StatusTable_LightBonesDown
Creating struct: $PartsTable_LightBones
Creating struct: $LightBones
Creating struct: $Script_Init_LightBones
Creating struct: $Script_NextTurn_LightBones
Creating struct: $Script_Idle_LightBones
Creating struct: $Script_LightBonesFall
Creating struct: $Script_HandleEvent_LightBones
Creating struct: $Script_DarkBone
Creating struct: $Script_TakeTurn_LightBones
Merged 1 regions to 1
$Script_Headbonk_LightGoomba will be placed at 80218000 (length = A30 bytes)
$Script_Charge_LightGoomba will be placed at 80218A30 (length = 998 bytes)
$Script_TakeTurn_LightChomp will be placed at 802193C8 (length = 920 bytes)
$Script_HandleEvent_80222364_LightChomp will be placed at 80219CE8 (length = 8D0 bytes)
$Script_Counter_LightChomp will be placed at 8021A5B8 (length = 7F0 bytes)
$Script_TakeTurn_LightBones will be placed at 8021ADA8 (length = 7C4 bytes)
$Script_HandleEvent_LightGoomba will be placed at 8021B56C (length = 6BC bytes)
$Script_HandleEvent_LightBones will be placed at 8021BC28 (length = 544 bytes)
$Script_Idle_80221D00_LightChomp will be placed at 8021C16C (length = 4A4 bytes)
$Function_802184CC_LightChomp will be placed at 8021C610 (length = 3E4 bytes)
$Script_Idle_LightGoomba will be placed at 8021C9F4 (length = 298 bytes)
$Script_LightBonesFall will be placed at 8021CC8C (length = 248 bytes)
$Script_Boost_LightGoomba will be placed at 8021CED4 (length = 240 bytes)
$Script_8022181C_LightChomp will be placed at 8021D114 (length = 208 bytes)
$Script_80234100 will be placed at 8021D31C (length = 1AC bytes)
$Script_NextTurn_LightBones will be placed at 8021D4C8 (length = 194 bytes)
$Function_80218500_01 will be placed at 8021D65C (length = 18C bytes)
$FloatTable_LightGoomba will be placed at 8021D7E8 (length = 16C bytes)
$PartsTable_80221604_LightChomp will be placed at 8021D954 (length = 168 bytes)
$Function_80218270_LightChomp will be placed at 8021DABC (length = 150 bytes)
$Script_Idle_LightBones will be placed at 8021DC0C (length = 150 bytes)
$Script_TakeTurn_LightGoomba will be placed at 8021DD5C (length = 148 bytes)
$Script_80221BC4_LightChomp will be placed at 8021DEA4 (length = 100 bytes)
$Function_8021868C_LG will be placed at 8021DFA4 (length = F4 bytes)
$Script_Init_LightChomp will be placed at 8021E098 (length = EC bytes)
$Script_SwitchColor_Chomp will be placed at 8021E184 (length = EC bytes)
$StatusTable_LightBonesDown will be placed at 8021E270 (length = AC bytes)
$StatusTable_LightGoomba will be placed at 8021E31C (length = AC bytes)
$StatusTable_LightBones will be placed at 8021E3C8 (length = AC bytes)
$StatusTable_80221558_LightChomp will be placed at 8021E474 (length = AC bytes)
$Function_802183C0_LightChomp will be placed at 8021E520 (length = 98 bytes)
$Script_Init_LightGoomba will be placed at 8021E5B8 (length = 80 bytes)
$Script_Init_LightBones will be placed at 8021E638 (length = 7C bytes)
$Function_80218458_LightChomp will be placed at 8021E6B4 (length = 74 bytes)
$Formation_00 will be placed at 8021E728 (length = 70 bytes)
$Formation_01 will be placed at 8021E798 (length = 70 bytes)
$Script_80221794_LightChomp will be placed at 8021E808 (length = 68 bytes)
$Script_DarkBone will be placed at 8021E870 (length = 60 bytes)
$Function_80218000_LG will be placed at 8021E8D0 (length = 58 bytes)
$Function_802184D4_LG will be placed at 8021E928 (length = 58 bytes)
$IdleAnimations_LightBones will be placed at 8021E980 (length = 4C bytes)
$IdleAnimations_LightGoomba will be placed at 8021E9CC (length = 4C bytes)
$IdleAnimations_LightGoomba_Charged will be placed at 8021EA18 (length = 4C bytes)
$IdleAnimations_LightGoomba_Moving will be placed at 8021EA64 (length = 4C bytes)
$PartsTable_LightBones will be placed at 8021EAB0 (length = 48 bytes)
$Function_80218458_LG will be placed at 8021EAF8 (length = 44 bytes)
$Script_BeforeBattle_Hall will be placed at 8021EB3C (length = 44 bytes)
$IdleAnimations_80221450_LightChomp will be placed at 8021EB80 (length = 3C bytes)
$IdleAnimations_80221504_LightChomp will be placed at 8021EBBC (length = 3C bytes)
$IdleAnimations_8022148C_LightChomp will be placed at 8021EBF8 (length = 3C bytes)
$FormationTable will be placed at 8021EC34 (length = 3C bytes)
$IdleAnimations_802214C8_LightChomp will be placed at 8021EC70 (length = 3C bytes)
$Function_8021849C_LG will be placed at 8021ECAC (length = 38 bytes)
$LightBones will be placed at 8021ECE4 (length = 28 bytes)
$Script_80222324_LightChomp will be placed at 8021ED0C (length = 28 bytes)
$Stage_LightRush will be placed at 8021ED34 (length = 28 bytes)
$LightGoomba will be placed at 8021ED5C (length = 28 bytes)
$Script_AfterBattle_Hall will be placed at 8021ED84 (length = 28 bytes)
$LightChomp will be placed at 8021EDAC (length = 28 bytes)
$PartsTable_LightGoomba will be placed at 8021EDD4 (length = 24 bytes)
$DefenseTable_LightBones will be placed at 8021EDF8 (length = 1C bytes)
$StageTable will be placed at 8021EE14 (length = 10 bytes)
$ASCII_"hal_b01_shape"_Literal will be placed at 8021EE24 (length = 10 bytes)
$DefenseTable_LightGoomba will be placed at 8021EE34 (length = C bytes)
$DefenseTable_8022154C_LightChomp will be placed at 8021EE40 (length = C bytes)
$ASCII_"hal_b01_hit"_Literal will be placed at 8021EE4C (length = C bytes)
$IdleAnimations_DarkBone will be placed at 8021EE58 (length = C bytes)
$IdleAnimations_LightBonesDown will be placed at 8021EE64 (length = C bytes)
$DefenseTable_LightBonesDown will be placed at 8021EE70 (length = C bytes)
$ASCII_"hal_01"_Literal will be placed at 8021EE7C (length = C bytes)
$IdleAnimations_80221540_LightChomp will be placed at 8021EE88 (length = C bytes)
$ASCII_"hos_tex"_Literal will be placed at 8021EE94 (length = 8 bytes)
$ConstDouble_80224920_LightChomp will be placed at 8021EEA0 (length = 8 bytes)
Reading patch file: battle/formation/patch/49 Light Rush Part 2.bpat
Creating struct: $Script_80234100
Creating struct: $Stage_LightRush
Creating struct: $Script_BeforeBattle_Hall
Creating struct: $Script_AfterBattle_Hall
Creating struct: $StageTable
Creating struct: $FormationTable
Creating struct: $Formation_00
Creating struct: $Formation_01
Creating struct: $LightBubble
Creating struct: $PartsTable_LightBubble
Creating struct: $IdleAnimations_LightBubble
Creating struct: $IdleAnimations_LightBubble2
Creating struct: $DefenseTable_LightBubble
Creating struct: $StatusTable_LightBubble
Creating struct: $Function_80218020_LightBubble
Creating struct: $Script_Init_LightBubble
Creating struct: $Script_Idle_LightBubble
Creating struct: $Script_8021B2FC_LightBubble
Creating struct: $Script_8021B398_LightBubble
Creating struct: $Script_Split_LightBubble
Creating struct: $Script_HandleEvent_LightBubble
Creating struct: $Script_FireballSpit_LightBubble
Creating struct: $Function_8021CF54
Creating struct: $Script_FireBreath_LightBubble
Creating struct: $Script_TakeTurn_LightBubble
Creating struct: $ProtoBristle
Creating struct: $StatusTable_ProtoBristle
Creating struct: $PartsTable_ProtoBristle
Creating struct: $IdleAnimations_ProtoBristle
Creating struct: $DefenseTable_ProtoBristle
Creating struct: $Script_Init_ProtoBristle
Creating struct: $Script_HandleEvent_ProtoBristle
Creating struct: $Script_ReturnHome_ProtoBristle
Creating struct: $Script_TakeTurn_ProtoBristle
Creating struct: $DefenseTable_Breezee
Creating struct: $StatusTable_Breezee
Creating struct: $PartsTable_Breezee
Creating struct: $BreezeeDayzee
Creating struct: $IdleAnimations_Breezee
Creating struct: $Script_Init_Breezee
Creating struct: $Script_Idle_Breezee
Creating struct: $Script_Breezee_8021D94C
Creating struct: $Script_HandleEvent_Breezee
Creating struct: $Script_Breezee_Blow
Creating struct: $Function_80218280_FP
Creating struct: $Script_TakeTurn_Breezee
Creating struct: $Beestroyer
Creating struct: $Function_80218000_Beestroyer
Creating struct: $Function_802180CC_Beestroyer
Creating struct: $IdleAnimations_Beestroyer
Creating struct: $IdleAnimations_Bzzrk
Creating struct: $DefenseTable_Beestroyer
Creating struct: $StatusTable_Beestroyer
Creating struct: $PartsTable_Beestroyer
Creating struct: $Script_Init_Beestroyer
Creating struct: $Script_Idle_Beestroyer
Creating struct: $Script_8021ED30_Beestroyer
Creating struct: $Script_HandleEvent_Beestroyer
Creating struct: $Script_Sting_Beestroyer
Creating struct: $Script_8021F88C_Beestroyer
Creating struct: $Script_TakeTurn_Beestroyer
Merged 1 regions to 1
$Script_HandleEvent_ProtoBristle will be placed at 80218000 (length = 4E8 bytes)
$Script_FireBreath_LightBubble will be placed at 802184E8 (length = 4A0 bytes)
$Script_TakeTurn_ProtoBristle will be placed at 80218988 (length = 448 bytes)
$Script_HandleEvent_Beestroyer will be placed at 80218DD0 (length = 438 bytes)
$Script_Breezee_Blow will be placed at 80219208 (length = 424 bytes)
$Script_HandleEvent_LightBubble will be placed at 8021962C (length = 404 bytes)
$Script_8021F88C_Beestroyer will be placed at 80219A30 (length = 3FC bytes)
$Script_Sting_Beestroyer will be placed at 80219E2C (length = 3F4 bytes)
$Script_HandleEvent_Breezee will be placed at 8021A220 (length = 3C0 bytes)
$Script_Idle_LightBubble will be placed at 8021A5E0 (length = 1D8 bytes)
$Script_80234100 will be placed at 8021A7B8 (length = 1AC bytes)
$Script_Init_LightBubble will be placed at 8021A964 (length = 1A4 bytes)
$Script_Idle_Beestroyer will be placed at 8021AB08 (length = 178 bytes)
$Script_8021B398_LightBubble will be placed at 8021AC80 (length = 160 bytes)
$Function_80218020_LightBubble will be placed at 8021ADE0 (length = 130 bytes)
$Function_802180CC_Beestroyer will be placed at 8021AF10 (length = 11C bytes)
$PartsTable_Beestroyer will be placed at 8021B02C (length = D8 bytes)
$Function_80218000_Beestroyer will be placed at 8021B104 (length = CC bytes)
$PartsTable_LightBubble will be placed at 8021B1D0 (length = B4 bytes)
$StatusTable_Breezee will be placed at 8021B284 (length = AC bytes)
$StatusTable_LightBubble will be placed at 8021B330 (length = AC bytes)
$StatusTable_Beestroyer will be placed at 8021B3DC (length = AC bytes)
$Function_8021CF54 will be placed at 8021B488 (length = 9C bytes)
$StatusTable_ProtoBristle will be placed at 8021B524 (length = 8C bytes)
$Script_ReturnHome_ProtoBristle will be placed at 8021B5B0 (length = 88 bytes)
$Script_Init_ProtoBristle will be placed at 8021B638 (length = 80 bytes)
$Script_8021B2FC_LightBubble will be placed at 8021B6B8 (length = 74 bytes)
$Script_8021ED30_Beestroyer will be placed at 8021B72C (length = 6C bytes)
$Function_80218280_FP will be placed at 8021B798 (length = 6C bytes)
$Script_Init_Breezee will be placed at 8021B804 (length = 6C bytes)
$Script_FireballSpit_LightBubble will be placed at 8021B870 (length = 5C bytes)
$Script_Init_Beestroyer will be placed at 8021B8CC (length = 58 bytes)
$Formation_00 will be placed at 8021B924 (length = 54 bytes)
$Formation_01 will be placed at 8021B978 (length = 54 bytes)
$IdleAnimations_Beestroyer will be placed at 8021B9CC (length = 4C bytes)
$IdleAnimations_Bzzrk will be placed at 8021BA18 (length = 4C bytes)
$IdleAnimations_Breezee will be placed at 8021BA64 (length = 4C bytes)
$IdleAnimations_LightBubble will be placed at 8021BAB0 (length = 4C bytes)
$IdleAnimations_ProtoBristle will be placed at 8021BAFC (length = 44 bytes)
$FormationTable will be placed at 8021BB40 (length = 3C bytes)
$Beestroyer will be placed at 8021BB7C (length = 28 bytes)
$BreezeeDayzee will be placed at 8021BBA4 (length = 28 bytes)
$Stage_LightRush will be placed at 8021BBCC (length = 28 bytes)
$Script_Breezee_8021D94C will be placed at 8021BBF4 (length = 28 bytes)
$ProtoBristle will be placed at 8021BC1C (length = 28 bytes)
$LightBubble will be placed at 8021BC44 (length = 28 bytes)
$PartsTable_ProtoBristle will be placed at 8021BC6C (length = 24 bytes)
$PartsTable_Breezee will be placed at 8021BC90 (length = 24 bytes)
$Script_BeforeBattle_Hall will be placed at 8021BCB4 (length = 24 bytes)
$DefenseTable_Beestroyer will be placed at 8021BCD8 (length = 14 bytes)
$DefenseTable_LightBubble will be placed at 8021BCEC (length = 14 bytes)
$Script_TakeTurn_Breezee will be placed at 8021BD00 (length = 10 bytes)
$Script_TakeTurn_LightBubble will be placed at 8021BD10 (length = 10 bytes)
$StageTable will be placed at 8021BD20 (length = 10 bytes)
$ASCII_"hal_b01_shape"_Literal will be placed at 8021BD30 (length = 10 bytes)
$Script_TakeTurn_Beestroyer will be placed at 8021BD40 (length = 10 bytes)
$DefenseTable_ProtoBristle will be placed at 8021BD50 (length = C bytes)
$ASCII_"hal_b01_hit"_Literal will be placed at 8021BD5C (length = C bytes)
$DefenseTable_Breezee will be placed at 8021BD68 (length = C bytes)
$IdleAnimations_LightBubble2 will be placed at 8021BD74 (length = C bytes)
$ASCII_"hal_01"_Literal will be placed at 8021BD80 (length = C bytes)
$ASCII_"hos_tex"_Literal will be placed at 8021BD8C (length = 8 bytes)
$Script_Split_LightBubble will be placed at 8021BD94 (length = 8 bytes)
$Script_Idle_Breezee will be placed at 8021BD9C (length = 8 bytes)
$Script_AfterBattle_Hall will be placed at 8021BDA4 (length = 8 bytes)
Reading patch file: battle/formation/patch/4A Light Rush Part 3.bpat
Reading patch file: battle/formation/import/newenemy/LightPartners.bpat
Reading patch file: battle/formation/import/tools/ActionSteal.bpat
Creating struct: $HandleStealAction
Creating struct: $StealAction
Creating struct: $StealActionIntTable4
Creating struct: $StealActionIntTable3
Creating struct: $StealActionIntTable2
Creating struct: $StealActionIntTable1
Creating struct: $StealActionFunc1
Creating struct: $StealActionFunc2
Creating struct: $StealActionFunc3
Creating struct: $StealActionFunc4
Creating struct: $StealActionFunc5
Creating struct: $Vector3D_Down
Creating struct: $SpecialFormation_Goombario
Creating struct: $SpecialFormation_Kooper
Creating struct: $SpecialFormation_Bombette
Creating struct: $SpecialFormation_Parakarry
Creating struct: $ConstDouble_80228400
Creating struct: $ConstDouble_80228408
Creating struct: $ConstDouble_80228410
Creating struct: $ConstDouble_80228418
Creating struct: $ConstDouble_80228420
Creating struct: $ConstDouble_80228428
Creating struct: $ConstDouble_80228430
Creating struct: $ConstDouble_80228438
Creating struct: $ConstDouble_80228440
Creating struct: $ConstDouble_80228448
Creating struct: $Function_802180D0
Creating struct: $Function_80218960
Creating struct: $Function_80218C44
Creating struct: $Function_80218D10
Creating struct: $Function_80218E34
Creating struct: $Function_80238000
Creating struct: $Function_802180C0
Creating struct: $Function_80238014
Creating struct: $IdleAnimations_Goombario
Creating struct: $DefenseTable_Goombario
Creating struct: $StatusTable_Goombario
Creating struct: $PartsTable_Goombario
Creating struct: $DarkGoombario
Creating struct: $Script_Init_Goombario
Creating struct: $Script_Idle_Goombario
Creating struct: $Script_HandleEvent_Goombario
Creating struct: $Script_8021D540
Creating struct: $Script_8021D9C8
Creating struct: $Script_8021DAAC
Creating struct: $Script_Goombario_Headbonk
Creating struct: $ShakyCam
Creating struct: $Script_Goombario_Megabonk
Creating struct: $Script_Goombario_Charge
Creating struct: $GetPlayerMaxHp
Creating struct: $Script_TakeTurn_Goombario
Creating struct: $IdleAnimations_8021E9AC
Creating struct: $IdleAnimations_8021E9F8
Creating struct: $DefenseTable_8021EA44
Creating struct: $DefenseTable_8021EA50
Creating struct: $StatusTable_8021EA5C
Creating struct: $PartsTable_8021EB08
Creating struct: $DarkKooper
Creating struct: $Script_Init_8021EB54
Creating struct: $Script_Idle_8021EBD0
Creating struct: $IntTable_8021ECF0
Creating struct: $Script_HandleEvent_8021ED48
Creating struct: $Script_Kooper_GetUp
Creating struct: $Script_TakeTurn_Kooper
Creating struct: $Script_Kooper_ShellToss
Creating struct: $Script_Kooper_FireShell
Creating struct: $Script_Kooper_DizzyShell
Creating struct: $Function_SetBlastPalette
Creating struct: $IdleAnimations_80220660
Creating struct: $DefenseTable_802206AC
Creating struct: $StatusTable_802206B8
Creating struct: $PartsTable_80220764
Creating struct: $DarkBombette
Creating struct: $Script_Init_802207B0
Creating struct: $Script_Idle_802207FC
Creating struct: $Script_Bombette_ShockExplosion
Creating struct: $Script_HandleEvent_80220984
Creating struct: $Script_TakeTurn_Bombette
Creating struct: $Script_Bombette_Bomb
Creating struct: $Script_Bombette_MegaBomb
Creating struct: $Script_Bombette_ShrinkBomb
Creating struct: $Script_Bombette_BodySlam
Creating struct: $IdleAnimations_802218C0
Creating struct: $DefenseTable_8022190C
Creating struct: $StatusTable_80221918
Creating struct: $PartsTable_802219C4
Creating struct: $DarkParakarry
Creating struct: $Script_Init_80221A34
Creating struct: $Script_Idle_80221A80
Creating struct: $Script_HandleEvent_80221A90
Creating struct: $Script_SkyDive
Creating struct: $Script_ShellShot
Creating struct: $Script_AirLift
Creating struct: $Script_AirLift_FlyUp
Creating struct: $Script_TakeTurn_Parakarry
Creating struct: $DarkBow
Creating struct: $IdleAnimations_8022284C_24
Creating struct: $DefenseTable_80222898_24
Creating struct: $StatusTable_802228A4_24
Creating struct: $PartsTable_80222950_24
Creating struct: $Script_Init_802229C0_24
Creating struct: $Script_Idle_80222A0C_24
Creating struct: $Script_HandleEvent_80222A1C_24
Creating struct: $Script_Bow_Smack
Creating struct: $Script_Bow_FanSmack
Creating struct: $Script_Bow_Spook
Creating struct: $Script_TakeTurn_Bow
Creating struct: $DarkWatt
Creating struct: $Function_80218F58_24
Creating struct: $Function_802193D4_24
Creating struct: $Function_80219428_24
Creating struct: $Function_80219474_24
Creating struct: $Function_802194C0_24
Creating struct: $Function_8021950C_24
Creating struct: $Function_80219550_24
Creating struct: $Function_DarkenBackground
Creating struct: $Function_BrightenBackground
Creating struct: $Function_ThunderFX
Creating struct: $Function_SetStaticColors
Creating struct: $Function_SetLightningPalette
Creating struct: $Function_SetRadialPalette
Creating struct: $IdleAnimations_80223C1C_24
Creating struct: $DefenseTable_80223C68_24
Creating struct: $StatusTable_80223C7C_24
Creating struct: $PartsTable_80223D28_24
Creating struct: $Script_Init_80223D98_24
Creating struct: $Script_Idle_80223DE4_24
Creating struct: $Script_HandleEvent_80223E0C_24
Creating struct: $Script_Watt_Electroshock
Creating struct: $Script_Watt_ChargeBolt
Creating struct: $Script_Watt_ChargeWave
Creating struct: $Script_TakeTurn_Watt
Creating struct: $ConstDouble_80228448_24
Creating struct: $ConstDouble_8023C060
Creating struct: $Function_80238388
Creating struct: $Function_SetWaterBeamPalette
Creating struct: $DarkSushie
Creating struct: $IdleAnimations_80224B18_24
Creating struct: $DefenseTable_80224B64_24
Creating struct: $StatusTable_80224B70_24
Creating struct: $PartsTable_80224C1C_24
Creating struct: $Script_Init_80224C68_24
Creating struct: $Script_Idle_80224CB4_24
Creating struct: $Script_HandleEvent_80224CC4_24
Creating struct: $Script_Sushie_BellyFlop
Creating struct: $Script_Sushie_Squirt
Creating struct: $Script_Sushie_PoisonBlock
Creating struct: $Script_TakeTurn_Sushie
Creating struct: $Function_SpinySpawn
Creating struct: $Function_SetBreathPalette
Creating struct: $Function_SetCloudPalette
Creating struct: $DarkLakilester
Creating struct: $IdleAnimations_802264B0_24
Creating struct: $IdleAnimations_802264FC_24
Creating struct: $DefenseTable_80226508_24
Creating struct: $StatusTable_80226514_24
Creating struct: $PartsTable_802265C0_24
Creating struct: $Script_Init_80226630_24
Creating struct: $Script_Idle_8022667C_24
Creating struct: $Script_HandleEvent_8022668C_24
Creating struct: $Script_Lakilester_SpinyToss
Creating struct: $Script_Lakilester_SpinySurge
Creating struct: $Script_Lakilester_Hurricane
Creating struct: $Script_Lakilester_CloudNine
Creating struct: $Script_TakeTurn_Lakilester
Creating struct: $IdleAnimations_Buzzatrice
Creating struct: $DefenseTable_Buzzatrice
Creating struct: $PartsTable_Buzzatrice
Creating struct: $StatusTable_Buzzatrice
Creating struct: $DarkBuzzatrice
Creating struct: $Script_Init_Buzzatrice
Creating struct: $Script_Idle_Buzzatrice
Creating struct: $Script_HandleEvent_Buzzatrice
Creating struct: $Script_DamageCalc
Creating struct: $Script_Buzzatrice_MagicBlast
Creating struct: $Function_80218200
Creating struct: $Script_Buzzatrice_MagicBeam
Creating struct: $Function_ChargeCheck
Creating struct: $Function_YellowWaterBeam
Creating struct: $Function_PinkWaterBeam
Creating struct: $Function_CyanWaterBeam
Creating struct: $Script_Buzzatrice_HustleSpell
Creating struct: $Script_TakeTurn_Buzzatrice
Creating struct: $Script_80234100
Creating struct: $Stage_LightRush
Creating struct: $Script_BeforeBattle_Hall
Creating struct: $Script_AfterBattle_Hall
Creating struct: $StageTable
Creating struct: $FormationTable
Creating struct: $Formation_00
Merged 1 regions to 1
$Script_Sushie_BellyFlop will be placed at 80218000 (length = 1164 bytes)
$Script_Bow_FanSmack will be placed at 80219164 (length = BD8 bytes)
$Script_AirLift will be placed at 80219D3C (length = 994 bytes)
$Script_Kooper_FireShell will be placed at 8021A6D0 (length = 91C bytes)
$Script_Kooper_ShellToss will be placed at 8021AFEC (length = 8B8 bytes)
$Function_802180D0 will be placed at 8021B8A4 (length = 890 bytes)
$Script_Bow_Smack will be placed at 8021C134 (length = 874 bytes)
$Script_Lakilester_SpinyToss will be placed at 8021C9A8 (length = 808 bytes)
$Script_Bow_Spook will be placed at 8021D1B0 (length = 7E8 bytes)
$Script_Bombette_ShrinkBomb will be placed at 8021D998 (length = 6E4 bytes)
$Script_HandleEvent_8021ED48 will be placed at 8021E07C (length = 6C4 bytes)
$Script_Bombette_MegaBomb will be placed at 8021E740 (length = 69C bytes)
$Script_Buzzatrice_MagicBeam will be placed at 8021EDDC (length = 674 bytes)
$Script_Bombette_BodySlam will be placed at 8021F450 (length = 660 bytes)
$Script_Watt_Electroshock will be placed at 8021FAB0 (length = 630 bytes)
$Script_Bombette_Bomb will be placed at 802200E0 (length = 594 bytes)
$Script_Goombario_Headbonk will be placed at 80220674 (length = 580 bytes)
$Script_SkyDive will be placed at 80220BF4 (length = 560 bytes)
$Script_Lakilester_Hurricane will be placed at 80221154 (length = 4B4 bytes)
$HandleStealAction will be placed at 80221608 (length = 4A4 bytes)
$Script_Watt_ChargeWave will be placed at 80221AAC (length = 4A0 bytes)
$Script_HandleEvent_80222A1C_24 will be placed at 80221F4C (length = 48C bytes)
$Function_80218F58_24 will be placed at 802223D8 (length = 480 bytes)
$Script_HandleEvent_80224CC4_24 will be placed at 80222858 (length = 474 bytes)
$Script_HandleEvent_80221A90 will be placed at 80222CCC (length = 44C bytes)
$Script_Sushie_Squirt will be placed at 80223118 (length = 448 bytes)
$Script_HandleEvent_Buzzatrice will be placed at 80223560 (length = 410 bytes)
$Script_Buzzatrice_MagicBlast will be placed at 80223970 (length = 3FC bytes)
$Script_HandleEvent_80220984 will be placed at 80223D6C (length = 3F4 bytes)
$Script_HandleEvent_8022668C_24 will be placed at 80224160 (length = 3F0 bytes)
$Script_ShellShot will be placed at 80224550 (length = 3DC bytes)
$Script_Sushie_PoisonBlock will be placed at 8022492C (length = 3C0 bytes)
$Script_HandleEvent_Goombario will be placed at 80224CEC (length = 3A8 bytes)
$Script_8021D540 will be placed at 80225094 (length = 3A4 bytes)
$Script_Goombario_Megabonk will be placed at 80225438 (length = 390 bytes)
$Script_Lakilester_SpinySurge will be placed at 802257C8 (length = 37C bytes)
$Script_Kooper_DizzyShell will be placed at 80225B44 (length = 374 bytes)
$Script_HandleEvent_80223E0C_24 will be placed at 80225EB8 (length = 308 bytes)
$Script_Buzzatrice_HustleSpell will be placed at 802261C0 (length = 2E0 bytes)
$Script_Bombette_ShockExplosion will be placed at 802264A0 (length = 2B8 bytes)
$Script_Goombario_Charge will be placed at 80226758 (length = 2B0 bytes)
$Function_80238000 will be placed at 80226A08 (length = 244 bytes)
$Script_Kooper_GetUp will be placed at 80226C4C (length = 220 bytes)
$StealActionFunc2 will be placed at 80226E6C (length = 218 bytes)
$StealAction will be placed at 80227084 (length = 1C4 bytes)
$StealActionFunc1 will be placed at 80227248 (length = 1BC bytes)
$Script_80234100 will be placed at 80227404 (length = 1AC bytes)
$Script_Watt_ChargeBolt will be placed at 802275B0 (length = 19C bytes)
$Script_Lakilester_CloudNine will be placed at 8022774C (length = 184 bytes)
$Script_Init_Goombario will be placed at 802278D0 (length = 160 bytes)
$Function_80218200 will be placed at 80227A30 (length = 158 bytes)
$Function_80218960 will be placed at 80227B88 (length = 154 bytes)
$Function_80238388 will be placed at 80227CDC (length = 154 bytes)
$Function_ThunderFX will be placed at 80227E30 (length = 14C bytes)
$Script_TakeTurn_Bow will be placed at 80227F7C (length = 138 bytes)
$Script_TakeTurn_Bombette will be placed at 802280B4 (length = 12C bytes)
$Script_AirLift_FlyUp will be placed at 802281E0 (length = 124 bytes)
$Function_80218D10 will be placed at 80228304 (length = 124 bytes)
$Function_80218E34 will be placed at 80228428 (length = 124 bytes)
$Script_TakeTurn_Kooper will be placed at 8022854C (length = 11C bytes)
$Script_TakeTurn_Lakilester will be placed at 80228668 (length = 114 bytes)
$ShakyCam will be placed at 8022877C (length = 10C bytes)
$Script_TakeTurn_Goombario will be placed at 80228888 (length = 100 bytes)
$Script_TakeTurn_Watt will be placed at 80228988 (length = EC bytes)
$Function_SpinySpawn will be placed at 80228A74 (length = E4 bytes)
$Script_Idle_8021EBD0 will be placed at 80228B58 (length = E0 bytes)
$Formation_00 will be placed at 80228C38 (length = E0 bytes)
$Function_80218C44 will be placed at 80228D18 (length = CC bytes)
$Script_8021D9C8 will be placed at 80228DE4 (length = B4 bytes)
$StatusTable_Goombario will be placed at 80228E98 (length = AC bytes)
$StatusTable_80221918 will be placed at 80228F44 (length = AC bytes)
$StatusTable_80223C7C_24 will be placed at 80228FF0 (length = AC bytes)
$StatusTable_Buzzatrice will be placed at 8022909C (length = AC bytes)
$StatusTable_80226514_24 will be placed at 80229148 (length = AC bytes)
$StatusTable_802206B8 will be placed at 802291F4 (length = AC bytes)
$StatusTable_8021EA5C will be placed at 802292A0 (length = AC bytes)
$Script_8021DAAC will be placed at 8022934C (length = AC bytes)
$StatusTable_802228A4_24 will be placed at 802293F8 (length = AC bytes)
$StatusTable_80224B70_24 will be placed at 802294A4 (length = AC bytes)
$StealActionFunc4 will be placed at 80229550 (length = A0 bytes)
$Script_TakeTurn_Sushie will be placed at 802295F0 (length = 9C bytes)
$Script_DamageCalc will be placed at 8022968C (length = 9C bytes)
$Function_DarkenBackground will be placed at 80229728 (length = 98 bytes)
$Script_TakeTurn_Buzzatrice will be placed at 802297C0 (length = 94 bytes)
$Script_TakeTurn_Parakarry will be placed at 80229854 (length = 94 bytes)
$Function_BrightenBackground will be placed at 802298E8 (length = 80 bytes)
$Function_80238014 will be placed at 80229968 (length = 78 bytes)
$Function_SetLightningPalette will be placed at 802299E0 (length = 74 bytes)
$Script_Init_8021EB54 will be placed at 80229A54 (length = 74 bytes)
$Function_SetStaticColors will be placed at 80229AC8 (length = 74 bytes)
$Function_SetCloudPalette will be placed at 80229B3C (length = 74 bytes)
$Script_Init_802229C0_24 will be placed at 80229BB0 (length = 74 bytes)
$Function_SetBlastPalette will be placed at 80229C24 (length = 6C bytes)
$Function_PinkWaterBeam will be placed at 80229C90 (length = 6C bytes)
$Function_SetWaterBeamPalette will be placed at 80229CFC (length = 6C bytes)
$Function_SetBreathPalette will be placed at 80229D68 (length = 6C bytes)
$Function_YellowWaterBeam will be placed at 80229DD4 (length = 6C bytes)
$Function_CyanWaterBeam will be placed at 80229E40 (length = 6C bytes)
$Function_ChargeCheck will be placed at 80229EAC (length = 60 bytes)
$StealActionFunc3 will be placed at 80229F0C (length = 60 bytes)
$Function_SetRadialPalette will be placed at 80229F6C (length = 5C bytes)
$Function_802180C0 will be placed at 80229FC8 (length = 58 bytes)
$IntTable_8021ECF0 will be placed at 8022A020 (length = 58 bytes)
$StealActionFunc5 will be placed at 8022A078 (length = 58 bytes)
$Function_802193D4_24 will be placed at 8022A0D0 (length = 54 bytes)
$Script_Init_80221A34 will be placed at 8022A124 (length = 4C bytes)
$IdleAnimations_Goombario will be placed at 8022A170 (length = 4C bytes)
$IdleAnimations_Buzzatrice will be placed at 8022A1BC (length = 4C bytes)
$IdleAnimations_8021E9AC will be placed at 8022A208 (length = 4C bytes)
$Script_Init_802207B0 will be placed at 8022A254 (length = 4C bytes)
$Script_Init_80223D98_24 will be placed at 8022A2A0 (length = 4C bytes)
$IdleAnimations_80223C1C_24 will be placed at 8022A2EC (length = 4C bytes)
$Script_Init_80224C68_24 will be placed at 8022A338 (length = 4C bytes)
$IdleAnimations_8021E9F8 will be placed at 8022A384 (length = 4C bytes)
$IdleAnimations_802218C0 will be placed at 8022A3D0 (length = 4C bytes)
$IdleAnimations_80224B18_24 will be placed at 8022A41C (length = 4C bytes)
$Script_Init_80226630_24 will be placed at 8022A468 (length = 4C bytes)
$Function_80219474_24 will be placed at 8022A4B4 (length = 4C bytes)
$IdleAnimations_80220660 will be placed at 8022A500 (length = 4C bytes)
$Function_80219428_24 will be placed at 8022A54C (length = 4C bytes)
$IdleAnimations_8022284C_24 will be placed at 8022A598 (length = 4C bytes)
$IdleAnimations_802264B0_24 will be placed at 8022A5E4 (length = 4C bytes)
$Script_Init_Buzzatrice will be placed at 8022A630 (length = 4C bytes)
$Function_802194C0_24 will be placed at 8022A67C (length = 4C bytes)
$GetPlayerMaxHp will be placed at 8022A6C8 (length = 48 bytes)
$PartsTable_Buzzatrice will be placed at 8022A710 (length = 48 bytes)
$PartsTable_802265C0_24 will be placed at 8022A758 (length = 48 bytes)
$PartsTable_802219C4 will be placed at 8022A7A0 (length = 48 bytes)
$PartsTable_80222950_24 will be placed at 8022A7E8 (length = 48 bytes)
$PartsTable_80223D28_24 will be placed at 8022A830 (length = 48 bytes)
$Function_8021950C_24 will be placed at 8022A878 (length = 44 bytes)
$Function_80219550_24 will be placed at 8022A8BC (length = 38 bytes)
$DarkParakarry will be placed at 8022A8F4 (length = 28 bytes)
$DarkBuzzatrice will be placed at 8022A91C (length = 28 bytes)
$Stage_LightRush will be placed at 8022A944 (length = 28 bytes)
$DarkKooper will be placed at 8022A96C (length = 28 bytes)
$DarkWatt will be placed at 8022A994 (length = 28 bytes)
$DarkLakilester will be placed at 8022A9BC (length = 28 bytes)
$DarkGoombario will be placed at 8022A9E4 (length = 28 bytes)
$DarkBow will be placed at 8022AA0C (length = 28 bytes)
$DarkSushie will be placed at 8022AA34 (length = 28 bytes)
$FormationTable will be placed at 8022AA5C (length = 28 bytes)
$DarkBombette will be placed at 8022AA84 (length = 28 bytes)
$DefenseTable_80223C68_24 will be placed at 8022AAAC (length = 24 bytes)
$PartsTable_8021EB08 will be placed at 8022AAD0 (length = 24 bytes)
$PartsTable_80224C1C_24 will be placed at 8022AAF4 (length = 24 bytes)
$PartsTable_80220764 will be placed at 8022AB18 (length = 24 bytes)
$Script_BeforeBattle_Hall will be placed at 8022AB3C (length = 24 bytes)
$PartsTable_Goombario will be placed at 8022AB60 (length = 24 bytes)
$DefenseTable_Buzzatrice will be placed at 8022AB84 (length = 1C bytes)
$SpecialFormation_Bombette will be placed at 8022ABA0 (length = 18 bytes)
$SpecialFormation_Kooper will be placed at 8022ABB8 (length = 18 bytes)
$Script_Idle_80223DE4_24 will be placed at 8022ABD0 (length = 18 bytes)
$SpecialFormation_Goombario will be placed at 8022ABE8 (length = 18 bytes)
$SpecialFormation_Parakarry will be placed at 8022AC00 (length = 18 bytes)
$DefenseTable_80226508_24 will be placed at 8022AC18 (length = 14 bytes)
$DefenseTable_80222898_24 will be placed at 8022AC2C (length = 14 bytes)
$DefenseTable_8022190C will be placed at 8022AC40 (length = 14 bytes)
$StageTable will be placed at 8022AC54 (length = 10 bytes)
$ASCII_"hal_b01_shape"_Literal will be placed at 8022AC64 (length = 10 bytes)
$Vector3D_Down will be placed at 8022AC74 (length = C bytes)
$ASCII_"hal_01"_Literal will be placed at 8022AC80 (length = C bytes)
$DefenseTable_80224B64_24 will be placed at 8022AC8C (length = C bytes)
$DefenseTable_Goombario will be placed at 8022AC98 (length = C bytes)
$StealActionIntTable4 will be placed at 8022ACA4 (length = C bytes)
$StealActionIntTable3 will be placed at 8022ACB0 (length = C bytes)
$StealActionIntTable2 will be placed at 8022ACBC (length = C bytes)
$StealActionIntTable1 will be placed at 8022ACC8 (length = C bytes)
$IdleAnimations_802264FC_24 will be placed at 8022ACD4 (length = C bytes)
$DefenseTable_802206AC will be placed at 8022ACE0 (length = C bytes)
$DefenseTable_8021EA44 will be placed at 8022ACEC (length = C bytes)
$DefenseTable_8021EA50 will be placed at 8022ACF8 (length = C bytes)
$ASCII_"hal_b01_hit"_Literal will be placed at 8022AD04 (length = C bytes)
$Script_Idle_Buzzatrice will be placed at 8022AD10 (length = 8 bytes)
$ConstDouble_8023C060 will be placed at 8022AD18 (length = 8 bytes)
$Script_Idle_80222A0C_24 will be placed at 8022AD20 (length = 8 bytes)
$Script_Idle_802207FC will be placed at 8022AD28 (length = 8 bytes)
$Script_AfterBattle_Hall will be placed at 8022AD30 (length = 8 bytes)
$ASCII_"hos_tex"_Literal will be placed at 8022AD38 (length = 8 bytes)
$ConstDouble_80228428 will be placed at 8022AD40 (length = 8 bytes)
$ConstDouble_80228420 will be placed at 8022AD48 (length = 8 bytes)
$ConstDouble_80228440 will be placed at 8022AD50 (length = 8 bytes)
$Script_Idle_80221A80 will be placed at 8022AD58 (length = 8 bytes)
$ConstDouble_80228438 will be placed at 8022AD60 (length = 8 bytes)
$ConstDouble_80228430 will be placed at 8022AD68 (length = 8 bytes)
$Script_Idle_8022667C_24 will be placed at 8022AD70 (length = 8 bytes)
$ConstDouble_80228448 will be placed at 8022AD78 (length = 8 bytes)
$Script_Idle_Goombario will be placed at 8022AD80 (length = 8 bytes)
$Script_Idle_80224CB4_24 will be placed at 8022AD88 (length = 8 bytes)
$ConstDouble_80228408 will be placed at 8022AD90 (length = 8 bytes)
$ConstDouble_80228400 will be placed at 8022AD98 (length = 8 bytes)
$ConstDouble_80228418 will be placed at 8022ADA0 (length = 8 bytes)
$ConstDouble_80228410 will be placed at 8022ADA8 (length = 8 bytes)
$ConstDouble_80228448_24 will be placed at 8022ADB0 (length = 8 bytes)
Reading patch file: battle/formation/patch/4B Light Rush Part 4.bpat
Creating struct: $Script_80234100
Creating struct: $Stage_LightRush
Creating struct: $Script_BeforeBattle_Hall
Creating struct: $Script_AfterBattle_Hall
Creating struct: $StageTable
Creating struct: $FormationTable
Creating struct: $Formation_00
Creating struct: $Formation_01
Creating struct: $QueenOfLight
Creating struct: $DefenseTable_QueenOfLight
Creating struct: $StatusTable_QueenOfLight
Creating struct: $PartsTable_QueenOfLight
Creating struct: $IdleAnimations_QueenOfLight
Creating struct: $Script_Init_QueenOfLight
Creating struct: $Script_InvokeCounters
Creating struct: $Script_InvokeCounterSelf
Creating struct: $Script_KillGuardians
Creating struct: $Script_Idle_QueenOfLight
Creating struct: $Script_HandleEvent_QueenOfLight
Creating struct: $Script_DoDeath
Creating struct: $Function_SetRedBlastPalette
Creating struct: $Function_SetYellowBlastPalette
Creating struct: $Function_SetGreenBlastPalette
Creating struct: $Function_SetCyanBlastPalette
Creating struct: $Function_SetBlueBlastPalette
Creating struct: $Function_SetMagentaBlastPalette
Creating struct: $Script_TakeTurn_QueenOfLight
Creating struct: $Vector3D_Low
Creating struct: $SpecialFormation_LightGuardian
Creating struct: $Script_LightGuardianSummonA
Creating struct: $Script_LightGuardianSummonB
Creating struct: $KissAttack
Creating struct: $WhiteFire
Creating struct: $PrismaticFire
Creating struct: $Function_WhiteFire
Creating struct: $Function_PrismaticFireA
Creating struct: $Function_PrismaticFireB
Creating struct: $Function_PrismaticFireC
Creating struct: $Function_PrismaticFireD
Creating struct: $Function_PrismaticFireE
Creating struct: $Function_PrismaticFireF
Creating struct: $Function_PrismaticFireG
Creating struct: $Function_PrismaticFireH
Creating struct: $PrismaticLightning1
Creating struct: $PrismaticLightning2
Creating struct: $PrismaticLightning3
Creating struct: $PrismaticLightning3NoStatus
Creating struct: $Function_SetGreenLightningPalette
Creating struct: $Function_SetCyanLightningPalette
Creating struct: $Function_SetMagentaLightningPalette
Creating struct: $PrismaticBeam1
Creating struct: $PrismaticBeam2
Creating struct: $PrismaticBeam3
Creating struct: $Function_WhiteBeam
Creating struct: $Function_RedBeam
Creating struct: $Function_YellowBeam
Creating struct: $Function_GreenBeam
Creating struct: $Function_BlueBeam
Creating struct: $Function_CyanBeam
Creating struct: $Function_MagentaBeam
Creating struct: $LightGuardian
Creating struct: $DefenseTable_LightGuardian_Red
Creating struct: $DefenseTable_LightGuardian_Blue
Creating struct: $DefenseTable_LightGuardian_Yellow
Creating struct: $StatusTable_LightGuardian
Creating struct: $PartsTable_LightGuardian
Creating struct: $IdleAnimations_LightGuardian_Red
Creating struct: $IdleAnimations_LightGuardian_Blue
Creating struct: $IdleAnimations_LightGuardian_Yellow
Creating struct: $Script_Init_LightGuardian
Creating struct: $Script_TakeTurn_LightGuardian_Real
Creating struct: $Script_ChangeColor
Creating struct: $Script_UpdateColor
Creating struct: $Script_Idle_LightGuardian
Creating struct: $Script_HandleEvent_LightGuardian
Creating struct: $Script_NextTurn_LightGuardian
Creating struct: $Script_TakeTurn_LightGuardian
Creating struct: $Script_TripleStab
Creating struct: $Script_SingleStab
Creating struct: $Script_RangeBeam
Creating struct: $Function_SetRedLightningPalette
Creating struct: $Function_SetYellowLightningPalette
Creating struct: $Function_SetBlueLightningPalette
Creating struct: $Script_IShouldTryHarder
Creating struct: $Function_80218458_DG
Creating struct: $Function_8021849C_DG
Creating struct: $Function_802184D4_DG
Creating struct: $Function_SetRadialPalette
Merged 1 regions to 1
$PrismaticLightning3 will be placed at 80218000 (length = E38 bytes)
$PrismaticLightning3NoStatus will be placed at 80218E38 (length = E38 bytes)
$Script_HandleEvent_LightGuardian will be placed at 80219C70 (length = 858 bytes)
$PrismaticLightning2 will be placed at 8021A4C8 (length = 758 bytes)
$Script_IShouldTryHarder will be placed at 8021AC20 (length = 54C bytes)
$Script_HandleEvent_QueenOfLight will be placed at 8021B16C (length = 510 bytes)
$Script_DoDeath will be placed at 8021B67C (length = 4A4 bytes)
$Script_TripleStab will be placed at 8021BB20 (length = 40C bytes)
$PrismaticBeam3 will be placed at 8021BF2C (length = 3FC bytes)
$PrismaticBeam2 will be placed at 8021C328 (length = 3FC bytes)
$Script_TakeTurn_QueenOfLight will be placed at 8021C724 (length = 378 bytes)
$PrismaticFire will be placed at 8021CA9C (length = 318 bytes)
$PrismaticLightning1 will be placed at 8021CDB4 (length = 2B8 bytes)
$Script_RangeBeam will be placed at 8021D06C (length = 254 bytes)
$Script_InvokeCounters will be placed at 8021D2C0 (length = 204 bytes)
$Script_InvokeCounterSelf will be placed at 8021D4C4 (length = 1E8 bytes)
$Script_SingleStab will be placed at 8021D6AC (length = 1D4 bytes)
$KissAttack will be placed at 8021D880 (length = 1C0 bytes)
$WhiteFire will be placed at 8021DA40 (length = 1B8 bytes)
$Script_80234100 will be placed at 8021DBF8 (length = 1AC bytes)
$PrismaticBeam1 will be placed at 8021DDA4 (length = 190 bytes)
$Script_ChangeColor will be placed at 8021DF34 (length = 188 bytes)
$Script_UpdateColor will be placed at 8021E0BC (length = F4 bytes)
$Script_LightGuardianSummonA will be placed at 8021E1B0 (length = DC bytes)
$Script_LightGuardianSummonB will be placed at 8021E28C (length = DC bytes)
$Script_KillGuardians will be placed at 8021E368 (length = D0 bytes)
$Script_TakeTurn_LightGuardian will be placed at 8021E438 (length = C0 bytes)
$Script_Init_QueenOfLight will be placed at 8021E4F8 (length = B4 bytes)
$StatusTable_LightGuardian will be placed at 8021E5AC (length = AC bytes)
$StatusTable_QueenOfLight will be placed at 8021E658 (length = AC bytes)
$Script_Init_LightGuardian will be placed at 8021E704 (length = A4 bytes)
$Function_PrismaticFireH will be placed at 8021E7A8 (length = A0 bytes)
$Function_PrismaticFireG will be placed at 8021E848 (length = A0 bytes)
$Function_PrismaticFireF will be placed at 8021E8E8 (length = A0 bytes)
$Function_PrismaticFireE will be placed at 8021E988 (length = A0 bytes)
$Function_PrismaticFireD will be placed at 8021EA28 (length = A0 bytes)
$Function_PrismaticFireC will be placed at 8021EAC8 (length = A0 bytes)
$Function_PrismaticFireB will be placed at 8021EB68 (length = A0 bytes)
$Function_PrismaticFireA will be placed at 8021EC08 (length = A0 bytes)
$Function_WhiteFire will be placed at 8021ECA8 (length = 9C bytes)
$Script_NextTurn_LightGuardian will be placed at 8021ED44 (length = 90 bytes)
$Function_SetBlueLightningPalette will be placed at 8021EDD4 (length = 74 bytes)
$Function_SetYellowLightningPalette will be placed at 8021EE48 (length = 74 bytes)
$Function_SetCyanLightningPalette will be placed at 8021EEBC (length = 74 bytes)
$Function_SetRedLightningPalette will be placed at 8021EF30 (length = 74 bytes)
$Function_SetGreenLightningPalette will be placed at 8021EFA4 (length = 74 bytes)
$Function_SetMagentaLightningPalette will be placed at 8021F018 (length = 74 bytes)
$Function_BlueBeam will be placed at 8021F08C (length = 6C bytes)
$Function_SetGreenBlastPalette will be placed at 8021F0F8 (length = 6C bytes)
$Function_GreenBeam will be placed at 8021F164 (length = 6C bytes)
$Function_CyanBeam will be placed at 8021F1D0 (length = 6C bytes)
$Function_SetCyanBlastPalette will be placed at 8021F23C (length = 6C bytes)
$Function_RedBeam will be placed at 8021F2A8 (length = 6C bytes)
$Function_SetMagentaBlastPalette will be placed at 8021F314 (length = 6C bytes)
$Function_SetBlueBlastPalette will be placed at 8021F380 (length = 6C bytes)
$Function_SetYellowBlastPalette will be placed at 8021F3EC (length = 6C bytes)
$Function_WhiteBeam will be placed at 8021F458 (length = 6C bytes)
$Function_SetRedBlastPalette will be placed at 8021F4C4 (length = 6C bytes)
$Function_YellowBeam will be placed at 8021F530 (length = 6C bytes)
$Function_MagentaBeam will be placed at 8021F59C (length = 6C bytes)
$Function_SetRadialPalette will be placed at 8021F608 (length = 5C bytes)
$Function_802184D4_DG will be placed at 8021F664 (length = 58 bytes)
$IdleAnimations_QueenOfLight will be placed at 8021F6BC (length = 4C bytes)
$IdleAnimations_LightGuardian_Yellow will be placed at 8021F708 (length = 4C bytes)
$IdleAnimations_LightGuardian_Blue will be placed at 8021F754 (length = 4C bytes)
$IdleAnimations_LightGuardian_Red will be placed at 8021F7A0 (length = 4C bytes)
$Function_80218458_DG will be placed at 8021F7EC (length = 44 bytes)
$FormationTable will be placed at 8021F830 (length = 3C bytes)
$Function_8021849C_DG will be placed at 8021F86C (length = 38 bytes)
$IShouldTryHarder will be placed at 8021F8A4 (length = 30 bytes)
$Stage_LightRush will be placed at 8021F8D4 (length = 28 bytes)
$QueenOfLight will be placed at 8021F8FC (length = 28 bytes)
$LightGuardian will be placed at 8021F924 (length = 28 bytes)
$PartsTable_QueenOfLight will be placed at 8021F94C (length = 24 bytes)
$PartsTable_LightGuardian will be placed at 8021F970 (length = 24 bytes)
$Script_BeforeBattle_Hall will be placed at 8021F994 (length = 24 bytes)
$DefenseTable_LightGuardian_Blue will be placed at 8021F9B8 (length = 1C bytes)
$Formation_00 will be placed at 8021F9D4 (length = 1C bytes)
$Formation_01 will be placed at 8021F9F0 (length = 1C bytes)
$DefenseTable_LightGuardian_Yellow will be placed at 8021FA0C (length = 1C bytes)
$DefenseTable_LightGuardian_Red will be placed at 8021FA28 (length = 1C bytes)
$SpecialFormation_LightGuardian will be placed at 8021FA44 (length = 1C bytes)
$StageTable will be placed at 8021FA60 (length = 10 bytes)
$ASCII_"hal_b01_shape"_Literal will be placed at 8021FA70 (length = 10 bytes)
$ASCII_"hal_b01_hit"_Literal will be placed at 8021FA80 (length = C bytes)
$DefenseTable_QueenOfLight will be placed at 8021FA8C (length = C bytes)
$ASCII_"hal_01"_Literal will be placed at 8021FA98 (length = C bytes)
$Vector3D_Low will be placed at 8021FAA4 (length = C bytes)
$ASCII_"hos_tex"_Literal will be placed at 8021FAB0 (length = 8 bytes)
$Script_TakeTurn_LightGuardian_Real will be placed at 8021FAB8 (length = 8 bytes)
$Script_Idle_QueenOfLight will be placed at 8021FAC0 (length = 8 bytes)
$Script_Idle_LightGuardian will be placed at 8021FAC8 (length = 8 bytes)
$Script_AfterBattle_Hall will be placed at 8021FAD0 (length = 8 bytes)
Executing patch: Move_AutoJump.bpat
Reading patch file: battle/move/patch/Move_AutoJump.bpat
Creating struct: $Function_CheckChill
Creating struct: $Function_ChillTarget
Creating struct: $Function_ChillWaveEffect
Reading patch for $Script_UseMove0
Creating struct: $Script_FJump_Normal
Creating struct: $Script_FJump_Super
Creating struct: $Script_FJump_Ultra
Merged 4 regions to 3
$Function_ChillTarget will be placed at 802A3068 (length = 1F0 bytes)
$Script_FJump_Normal will be placed at 802A3258 (length = 164 bytes)
$Script_FJump_Super will be placed at 802A33BC (length = 164 bytes)
$Script_FJump_Ultra will be placed at 802A3520 (length = 164 bytes)
$Function_ChillWaveEffect will be placed at 802A3684 (length = 12C bytes)
$Function_CheckChill will be placed at 802A37B0 (length = CC bytes)
Executing patch: Move_AutoMultibounce.bpat
Reading patch file: battle/move/patch/Move_AutoMultibounce.bpat
Reading patch for $Function_802A1000
Creating struct: $Function_GetHitChance
Creating struct: $GetHitValue
Creating struct: $IntTable_StartingJumpCount
Creating struct: $Function_InitializeHitCounter
Creating struct: $Function_IncrementHitCounter
Creating struct: $Function_StoreHitCountRecord
Creating struct: $Script_802A1240
Creating struct: $Script_802A12BC
Creating struct: $Script_802A1430
Creating struct: $Script_802A16E8
Creating struct: $Script_802A1AC0
Creating struct: $Script_802A20FC
Creating struct: $???_802A2710
Creating struct: $???_802A2730
Reading patch for $Script_UseMove0
Reading patch for $Script_802A26A8
Reading patch for $Script_802A2EC0
Reading patch for $Script_802A372C
Merged 22 regions to 4
$Script_802A16E8 will be placed at 802A3E04 (length = 184 bytes)
$Script_802A1AC0 will be placed at 802A10E4 (length = 184 bytes)
$Script_802A20FC will be placed at 802A35C8 (length = 138 bytes)
$Script_802A12BC will be placed at 802A2D9C (length = 120 bytes)
$Script_UseMove0 will be placed at 802A3F88 (length = B4 bytes)
$Script_802A1430 will be placed at 802A1268 (length = AC bytes)
$Function_GetHitChance will be placed at 802A403C (length = 94 bytes)
$GetHitValue will be placed at 802A1314 (length = 58 bytes)
$Script_802A1240 will be placed at 802A40D0 (length = 54 bytes)
$Function_StoreHitCountRecord will be placed at 802A136C (length = 34 bytes)
$???_802A2710 will be placed at 802A3700 (length = 20 bytes)
$Function_IncrementHitCounter will be placed at 802A4124 (length = 1C bytes)
$Function_InitializeHitCounter will be placed at 802A13A0 (length = 10 bytes)
$???_802A2730 will be placed at 802A2EBC (length = 4 bytes)
$IntTable_StartingJumpCount will be placed at 802A3720 (length = 4 bytes)
Executing patch: Move_AutoSmash.bpat
Reading patch file: battle/move/patch/Move_AutoSmash.bpat
Reading patch for $Script_UseMove0
Creating struct: $Script_802A3188
Reading patch for $Script_802A317C
Reading patch for $Script_802A1B40
Reading patch for $Script_802A2000
Reading patch for $Script_802A23E8
Merged 8 regions to 6
$Script_802A3188 will be placed at 802A22E0 (length = AC bytes)
Executing patch: Move_D-DownJump.bpat
Reading patch file: battle/move/patch/Move_D-DownJump.bpat
Reading patch for $Script_802A2B24
Reading patch for $Script_802A2EE0
Merged 3 regions to 2
Executing patch: Move_EarthquakeJump.bpat
Reading patch file: battle/move/patch/Move_EarthquakeJump.bpat
Reading patch for $Function_802A10E4
Reading patch for $Script_UseMove0
Reading patch for $Script_802A26D4
Reading patch for $Script_802A3560
Reading patch for $Script_802A4470
Merged 6 regions to 5
Executing patch: Move_Hammer.bpat
Reading patch file: battle/move/patch/Move_Hammer.bpat
Creating struct: $Function_CheckFirstAttack
Reading patch for $Script_UseMove1
Merged 4 regions to 3
$Function_CheckFirstAttack will be placed at 802A3A8C (length = 4C bytes)
Executing patch: Move_HammerCharge0.bpat
Reading patch file: battle/move/patch/Move_HammerCharge0.bpat
Reading patch for $Function_802A10C8
Creating struct: $Function_802A12FC
Reading patch for $Function_802A10A4
Reading patch for $Function_802A11CC
Reading patch for $Script_802A3948
Reading patch for $Script_802A3C90
Reading patch for $Script_802A3FD8
Creating struct: $Function_802A1000_B
Creating struct: $Function_802A1050_B
Creating struct: $Script_802A10B0_B
Creating struct: $Script_802A1204_B
Creating struct: $Script_802A1388_B
Creating struct: $Script_802A150C_B
Creating struct: $Script_802A18AC_B
Creating struct: $Script_802A1A64_B
Creating struct: $Script_802A1B40_B
Creating struct: $Script_802A2000_B
Creating struct: $Script_802A23E8_B
Reading patch for $Script_UseMove1
Creating struct: $Script_802A3168_B
Merged 11 regions to 6
$Script_802A3168_B will be placed at 802A3304 (length = 3DC bytes)
$Script_802A1B40_B will be placed at 802A1D30 (length = 374 bytes)
$Script_802A2000_B will be placed at 802A4260 (length = 2E0 bytes)
$Script_802A23E8_B will be placed at 802A20A4 (length = 2E0 bytes)
$Function_802A11CC will be placed at 802A10C8 (length = 15C bytes)
$Function_802A10C8 will be placed at 802A36E0 (length = 120 bytes)
$Script_802A150C_B will be placed at 802A4540 (length = 114 bytes)
$Script_802A1388_B will be placed at 802A2384 (length = 114 bytes)
$Script_802A1204_B will be placed at 802A4654 (length = 114 bytes)
$Script_802A18AC_B will be placed at 802A3BD0 (length = B0 bytes)
$Script_802A10B0_B will be placed at 802A3F18 (length = AC bytes)
$Script_802A1A64_B will be placed at 802A3800 (length = A4 bytes)
$Function_802A1050_B will be placed at 802A1224 (length = 54 bytes)
$Function_802A1000_B will be placed at 802A2498 (length = 50 bytes)
$Function_802A12FC will be placed at 802A4768 (length = 20 bytes)
Changing pointer 802A11CC to 802A10C8 ($Function_802A11CC[0])
Changing pointer 802A11CC to 802A10C8 ($Function_802A11CC[0])
Changing pointer 802A10C8 to 802A36E0 ($Function_802A10C8[0])
Changing pointer 802A11CC to 802A10C8 ($Function_802A11CC[0])
Changing pointer 802A11CC to 802A10C8 ($Function_802A11CC[0])
Changing pointer 802A10C8 to 802A36E0 ($Function_802A10C8[0])
Changing pointer 802A11CC to 802A10C8 ($Function_802A11CC[0])
Changing pointer 802A11CC to 802A10C8 ($Function_802A11CC[0])
Changing pointer 802A10C8 to 802A36E0 ($Function_802A10C8[0])
Executing patch: Move_HammerCharge1.bpat
Reading patch file: battle/move/patch/Move_HammerCharge1.bpat
Reading patch for $Function_802A10A4
Reading patch for $Function_802A11E8
Reading patch for $Script_802A39C8
Reading patch for $Script_802A3D1C
Reading patch for $Script_802A4070
Creating struct: $Script_DamageCalc
Creating struct: $Function_DarkWave
Creating struct: $Function_802A1000_B
Creating struct: $Function_802A1050_B
Creating struct: $Script_802A10B0_B
Creating struct: $Script_802A1204_B
Creating struct: $Script_802A1388_B
Creating struct: $Script_802A150C_B
Creating struct: $Script_802A18AC_B
Creating struct: $Script_802A1A64_B
Creating struct: $Script_802A1B40_B
Creating struct: $Script_802A2000_B
Creating struct: $Script_802A23E8_B
Reading patch for $Script_UseMove1
Creating struct: $Script_802A3168_B
Merged 11 regions to 7
$Script_802A3168_B will be placed at 802A3384 (length = 45C bytes)
$Script_802A1B40_B will be placed at 802A1DB0 (length = 374 bytes)
$Script_802A2000_B will be placed at 802A4308 (length = 2E0 bytes)
$Script_802A23E8_B will be placed at 802A2124 (length = 2E0 bytes)
$Function_802A11E8 will be placed at 802A37E0 (length = 15C bytes)
$Function_DarkWave will be placed at 802A45E8 (length = 150 bytes)
$Script_802A150C_B will be placed at 802A11E8 (length = 114 bytes)
$Script_802A1388_B will be placed at 802A2404 (length = 114 bytes)
$Script_802A1204_B will be placed at 802A4738 (length = 114 bytes)
$Script_802A18AC_B will be placed at 802A3C60 (length = B0 bytes)
$Script_802A10B0_B will be placed at 802A3FB4 (length = AC bytes)
$Script_DamageCalc will be placed at 802A2518 (length = A8 bytes)
$Script_802A1A64_B will be placed at 802A484C (length = A4 bytes)
$Function_802A1050_B will be placed at 802A25C0 (length = 54 bytes)
$Function_802A1000_B will be placed at 802A48F0 (length = 50 bytes)
Changing pointer 802A43D0 to 802A4940 ($End[0])
Changing pointer 802A43D0 to 802A4940 ($End[0])
Changing pointer 802A11E8 to 802A37E0 ($Function_802A11E8[0])
Changing pointer 802A11E8 to 802A37E0 ($Function_802A11E8[0])
Changing pointer 802A11E8 to 802A37E0 ($Function_802A11E8[0])
Changing pointer 802A11E8 to 802A37E0 ($Function_802A11E8[0])
Changing pointer 802A11E8 to 802A37E0 ($Function_802A11E8[0])
Changing pointer 802A11E8 to 802A37E0 ($Function_802A11E8[0])
Executing patch: Move_HammerCharge2.bpat
Reading patch file: battle/move/patch/Move_HammerCharge2.bpat
Reading patch for $Function_802A10A4
Reading patch for $Function_802A11E8
Reading patch for $Script_802A39C8
Reading patch for $Script_802A3CF4
Reading patch for $Script_802A4020
Creating struct: $Function_CheckJumpCharge
Creating struct: $Function_AddDualCharge
Creating struct: $Function_802A133C
Reading patch for $Script_UseMove1
Merged 8 regions to 6
$Script_UseMove1 will be placed at 802A42A8 (length = 304 bytes)
$Function_802A11E8 will be placed at 802A45AC (length = 15C bytes)
$Function_AddDualCharge will be placed at 802A4708 (length = 13C bytes)
$Function_CheckJumpCharge will be placed at 802A3C50 (length = 24 bytes)
$Function_802A133C will be placed at 802A3F7C (length = 20 bytes)
Changing pointer 802A4350 to 802A4850 ($End[0])
Changing pointer 802A4350 to 802A4850 ($End[0])
Changing pointer 802A11E8 to 802A45AC ($Function_802A11E8[0])
Changing pointer 802A11E8 to 802A45AC ($Function_802A11E8[0])
Changing pointer 802A11E8 to 802A45AC ($Function_802A11E8[0])
Changing pointer 802A11E8 to 802A45AC ($Function_802A11E8[0])
Changing pointer 802A11E8 to 802A45AC ($Function_802A11E8[0])
Changing pointer 802A11E8 to 802A45AC ($Function_802A11E8[0])
Executing patch: Move_HammerThrow.bpat
Reading patch file: battle/move/patch/Move_HammerThrow.bpat
Reading patch for $Script_UseMove0
Merged 8 regions to 7
Executing patch: Move_Jump.bpat
Reading patch file: battle/move/patch/Move_Jump.bpat
Creating struct: $Function_CheckFirstAttack
Reading patch for $Script_802A3188
Reading patch for $Script_802A3378
Reading patch for $Script_802A34EC
Merged 5 regions to 3
$Script_802A3188 will be placed at 802A3188 (length = 24C bytes)
$Script_802A3378 will be placed at 802A4460 (length = 1A0 bytes)
$Script_802A34EC will be placed at 802A33D4 (length = 18C bytes)
$Function_CheckFirstAttack will be placed at 802A4600 (length = 4C bytes)
Changing pointer 802A3378 to 802A4460 ($Script_802A3378[0])
Changing pointer 802A34EC to 802A33D4 ($Script_802A34EC[0])
Executing patch: Move_JumpCharge0.bpat
Reading patch file: battle/move/patch/Move_JumpCharge0.bpat
Reading patch for $Function_802A1108
Reading patch for $Function_802A10E4
Creating struct: $Function_802A133C
Reading patch for $Function_802A120C
Reading patch for $Script_UseMove0
Creating struct: $Function_802A1000_B
Creating struct: $Script_802A1130
Creating struct: $Script_802A11AC
Creating struct: $Script_802A1320_B
Creating struct: $Script_802A15D8
Creating struct: $Script_802A19B0
Creating struct: $Script_802A1FEC
Creating struct: $Script_802A2184
Reading patch for $Script_UseMove1
Creating struct: $Script_802A2694
Creating struct: $Script_802A2980
Creating struct: $Script_802A2CAC
Merged 7 regions to 3
$Script_802A2980 will be placed at 802A2AD4 (length = 25C bytes)
$Script_802A2CAC will be placed at 802A2D30 (length = 244 bytes)
$Script_802A2694 will be placed at 802A2F74 (length = 22C bytes)
$Script_802A15D8 will be placed at 802A1108 (length = 184 bytes)
$Script_802A19B0 will be placed at 802A31A0 (length = 184 bytes)
$Function_802A120C will be placed at 802A3324 (length = 15C bytes)
$Script_802A1FEC will be placed at 802A3480 (length = 138 bytes)
$Function_802A1108 will be placed at 802A35B8 (length = 120 bytes)
$Script_802A11AC will be placed at 802A36D8 (length = 120 bytes)
$Function_802A1000_B will be placed at 802A37F8 (length = E4 bytes)
$Script_802A1320_B will be placed at 802A38DC (length = AC bytes)
$Script_802A2184 will be placed at 802A3988 (length = 80 bytes)
$Script_UseMove1 will be placed at 802A3A08 (length = 64 bytes)
$Script_802A1130 will be placed at 802A128C (length = 54 bytes)
$Function_802A133C will be placed at 802A3A6C (length = 20 bytes)
Changing pointer 802A120C to 802A3324 ($Function_802A120C[0])
Changing pointer 802A120C to 802A3324 ($Function_802A120C[0])
Changing pointer 802A1108 to 802A35B8 ($Function_802A1108[0])
Executing patch: Move_JumpCharge1.bpat
Reading patch file: battle/move/patch/Move_JumpCharge1.bpat
Reading patch for $Function_802A10E4
Reading patch for $Function_802A1228
Reading patch for $Script_UseMove0
Creating struct: $Function_802A1000_B
Creating struct: $Script_802A1130_B
Creating struct: $Script_802A11AC
Creating struct: $Script_802A1320
Creating struct: $Script_802A15D8
Creating struct: $Script_802A17C4
Creating struct: $Script_802A1FEC
Creating struct: $Script_802A2184
Reading patch for $Script_UseMove1
Creating struct: $Script_802A26B4
Creating struct: $Script_802A2754
Creating struct: $Script_802A28D0
Creating struct: $Script_802A2A4C
Merged 6 regions to 4
$Script_802A2A4C will be placed at 802A2B74 (length = 3C4 bytes)
$Script_802A2754 will be placed at 802A2F38 (length = 3C4 bytes)
$Script_802A28D0 will be placed at 802A32FC (length = 3C4 bytes)
$Script_802A15D8 will be placed at 802A36C0 (length = 184 bytes)
$Script_802A17C4 will be placed at 802A3844 (length = 184 bytes)
$Function_802A1228 will be placed at 802A39C8 (length = 15C bytes)
$Script_802A1FEC will be placed at 802A3B24 (length = 138 bytes)
$Script_802A11AC will be placed at 802A3C5C (length = 120 bytes)
$Function_802A1000_B will be placed at 802A1228 (length = E4 bytes)
$Script_802A1320 will be placed at 802A3D7C (length = AC bytes)
$Script_802A2184 will be placed at 802A3E28 (length = 80 bytes)
$Script_UseMove1 will be placed at 802A3EA8 (length = 7C bytes)
$Script_802A26B4 will be placed at 802A3F24 (length = 7C bytes)
$Script_802A1130_B will be placed at 802A3FA0 (length = 54 bytes)
Changing pointer 802A2C50 to 802A4000 ($End[0])
Changing pointer 802A2C50 to 802A4000 ($End[0])
Changing pointer 802A1228 to 802A39C8 ($Function_802A1228[0])
Changing pointer 802A1228 to 802A39C8 ($Function_802A1228[0])
Executing patch: Move_JumpCharge2.bpat
Reading patch file: battle/move/patch/Move_JumpCharge2.bpat
Reading patch for $Function_802A10E4
Reading patch for $Function_802A1228
Reading patch for $Script_UseMove0
Reading patch for $Script_UseMove1
Creating struct: $ActivateStellarNova
Creating struct: $Function_802A1000_B
Creating struct: $Function_802A12E4
Creating struct: $Function_802A1414
Creating struct: $Function_802A1494
Creating struct: $FocusAnimTable
Creating struct: $Function_802A10AC
Merged 5 regions to 4
$Script_UseMove1 will be placed at 802A2B64 (length = 3E8 bytes)
$Function_802A1228 will be placed at 802A2F4C (length = 15C bytes)
$FocusAnimTable will be placed at 802A1228 (length = DC bytes)
$Function_802A10AC will be placed at 802A30A8 (length = C0 bytes)
$Function_802A1000_B will be placed at 802A3168 (length = AC bytes)
$Function_802A12E4 will be placed at 802A3214 (length = 98 bytes)
$Function_802A1414 will be placed at 802A32AC (length = 80 bytes)
$Function_802A1494 will be placed at 802A332C (length = 54 bytes)
$ActivateStellarNova will be placed at 802A1304 (length = 14 bytes)
Changing pointer 802A2C20 to 802A3380 ($End[0])
Changing pointer 802A2C20 to 802A3380 ($End[0])
Changing pointer 802A1228 to 802A2F4C ($Function_802A1228[0])
Changing pointer 802A1228 to 802A2F4C ($Function_802A1228[0])
Executing patch: Move_MegaJump.bpat
Reading patch file: battle/move/patch/Move_MegaJump.bpat
Reading patch for $Script_802A27FC
Reading patch for $Script_802A2978
Reading patch for $Script_802A2AF4
Merged 2 regions to 2
Executing patch: Move_MegaSmash.bpat
Reading patch file: battle/move/patch/Move_MegaSmash.bpat
Reading patch for $Script_UseMove0
Merged 4 regions to 3
Executing patch: Move_PowerBounce.bpat
Reading patch file: battle/move/patch/Move_PowerBounce.bpat
Reading patch for $Script_UseMove0
Reading patch for $Function_GetHitChance
Creating struct: $IntTable_StartingJumpCount
Merged 5 regions to 4
$IntTable_StartingJumpCount will be placed at 802A11F4 (length = 4 bytes)
Executing patch: Move_ShellCrack.bpat
Reading patch file: battle/move/patch/Move_ShellCrack.bpat
Reading patch for $Script_UseMove0
Reading patch for $Script_802A3390
Merged 4 regions to 2
$Script_802A3390 will be placed at 802A3390 (length = 370 bytes)
Executing patch: Move_ShrinkSmash.bpat
Reading patch file: battle/move/patch/Move_ShrinkSmash.bpat
Reading patch for $Script_UseMove0
Reading patch for $Script_802A3168
Creating struct: $Script_CalculateAttack
Reading patch for $Script_802A18AC
Reading patch for $Script_802A1A64
Creating struct: $Script_PreThrowHammer
Creating struct: $Script_PreThrowSHammer
Creating struct: $Script_PreThrowUHammer
Creating struct: $IntTable_ExtraHammer
Creating struct: $IntTable_ExtraHammerB
Creating struct: $IntTable_Hammer
Creating struct: $IntTable_HammerB
Creating struct: $IntTable_SHammer
Creating struct: $IntTable_SHammerB
Creating struct: $IntTable_UHammer
Creating struct: $IntTable_UHammerB
Creating struct: $VertexTable_Hammer
Creating struct: $DisplayList_UnusedHammer
Creating struct: $DisplayList_Hammer
Creating struct: $DisplayList_SuperHammer
Creating struct: $DisplayList_UltraHammer
Creating struct: $EntityModelScript_Hammer
Creating struct: $EntityModelScript_SuperHammer
Creating struct: $EntityModelScript_UltraHammer
Merged 6 regions to 4
$Script_802A3168 will be placed at 802A3114 (length = CF0 bytes)
$Script_CalculateAttack will be placed at 802A3E04 (length = 4B8 bytes)
$IntTable_Hammer will be placed at 802A42BC (length = 200 bytes)
$IntTable_ExtraHammer will be placed at 802A44BC (length = 200 bytes)
$IntTable_UHammer will be placed at 802A46BC (length = 200 bytes)
$IntTable_SHammer will be placed at 802A48BC (length = 200 bytes)
$Script_PreThrowHammer will be placed at 802A4ABC (length = 114 bytes)
$Script_PreThrowSHammer will be placed at 802A4BD0 (length = 114 bytes)
$Script_PreThrowUHammer will be placed at 802A4CE4 (length = 114 bytes)
$DisplayList_SuperHammer will be placed at 802A4DF8 (length = F0 bytes)
$DisplayList_UltraHammer will be placed at 802A4EE8 (length = F0 bytes)
$DisplayList_UnusedHammer will be placed at 802A4FD8 (length = F0 bytes)
$DisplayList_Hammer will be placed at 802A50C8 (length = F0 bytes)
$VertexTable_Hammer will be placed at 802A51B8 (length = 40 bytes)
$IntTable_ExtraHammerB will be placed at 802A1B08 (length = 20 bytes)
$IntTable_UHammerB will be placed at 802A195C (length = 20 bytes)
$IntTable_SHammerB will be placed at 802A51F8 (length = 20 bytes)
$IntTable_HammerB will be placed at 802A5218 (length = 20 bytes)
$EntityModelScript_SuperHammer will be placed at 802A1B28 (length = 18 bytes)
$EntityModelScript_Hammer will be placed at 802A197C (length = 18 bytes)
$EntityModelScript_UltraHammer will be placed at 802A5238 (length = 18 bytes)
Changing pointer 802A3168 to 802A3114 ($Script_802A3168[0])
Changing pointer 802A3168 to 802A3114 ($Script_802A3168[0])
Changing pointer 802A3168 to 802A3114 ($Script_802A3168[0])
Executing patch: Move_ShrinkStomp.bpat
Reading patch file: battle/move/patch/Move_ShrinkStomp.bpat
Merged 2 regions to 2
Executing patch: Move_SuperJump.bpat
Reading patch file: battle/move/patch/Move_SuperJump.bpat
Creating struct: $Function_DetermineBestStatus
Reading patch for $Script_802A278C
Reading patch for $Script_802A2908
Reading patch for $Script_802A2A84
Merged 6 regions to 2
$Script_802A2908 will be placed at 802A278C (length = 1F8 bytes)
$Script_802A278C will be placed at 802A2984 (length = 1F8 bytes)
$Script_802A2A84 will be placed at 802A2B7C (length = 1F0 bytes)
$Function_DetermineBestStatus will be placed at 802A2D6C (length = 104 bytes)
Changing pointer 802A278C to 802A2984 ($Script_802A278C[0])
Changing pointer 802A2908 to 802A278C ($Script_802A2908[0])
Changing pointer 802A2A84 to 802A2B7C ($Script_802A2A84[0])
Executing patch: Move_SuperSmash.bpat
Reading patch file: battle/move/patch/Move_SuperSmash.bpat
Creating struct: $Function_ThunderFX
Creating struct: $IntTable_ExtraHammer
Creating struct: $IntTable_ExtraHammerB
Creating struct: $IntTable_Hammer
Creating struct: $IntTable_HammerB
Creating struct: $IntTable_SHammer
Creating struct: $IntTable_SHammerB
Creating struct: $IntTable_UHammer
Creating struct: $IntTable_UHammerB
Creating struct: $VertexTable_Hammer
Creating struct: $DisplayList_UnusedHammer
Creating struct: $DisplayList_Hammer
Creating struct: $DisplayList_SuperHammer
Creating struct: $DisplayList_UltraHammer
Creating struct: $EntityModelScript_Hammer
Creating struct: $EntityModelScript_SuperHammer
Creating struct: $EntityModelScript_UltraHammer
Reading patch for $Script_UseMove0
Reading patch for $Script_802A3260
Creating struct: $Script_PreThrowHammer
Creating struct: $Script_PreThrowSHammer
Creating struct: $Script_PreThrowUHammer
Merged 5 regions to 3
$Script_802A3260 will be placed at 802A3260 (length = C2C bytes)
$IntTable_Hammer will be placed at 802A3E8C (length = 200 bytes)
$IntTable_ExtraHammer will be placed at 802A408C (length = 200 bytes)
$IntTable_UHammer will be placed at 802A428C (length = 200 bytes)
$IntTable_SHammer will be placed at 802A448C (length = 200 bytes)
$Function_ThunderFX will be placed at 802A468C (length = 14C bytes)
$Script_PreThrowHammer will be placed at 802A47D8 (length = 114 bytes)
$Script_PreThrowSHammer will be placed at 802A48EC (length = 114 bytes)
$Script_PreThrowUHammer will be placed at 802A4A00 (length = 114 bytes)
$DisplayList_SuperHammer will be placed at 802A4B14 (length = F0 bytes)
$DisplayList_UltraHammer will be placed at 802A4C04 (length = F0 bytes)
$DisplayList_UnusedHammer will be placed at 802A4CF4 (length = F0 bytes)
$DisplayList_Hammer will be placed at 802A4DE4 (length = F0 bytes)
$VertexTable_Hammer will be placed at 802A3114 (length = 40 bytes)
$IntTable_ExtraHammerB will be placed at 802A4ED4 (length = 20 bytes)
$IntTable_UHammerB will be placed at 802A3154 (length = 20 bytes)
$IntTable_SHammerB will be placed at 802A4EF4 (length = 20 bytes)
$IntTable_HammerB will be placed at 802A4F14 (length = 20 bytes)
$EntityModelScript_SuperHammer will be placed at 802A4F34 (length = 18 bytes)
$EntityModelScript_Hammer will be placed at 802A4F4C (length = 18 bytes)
$EntityModelScript_UltraHammer will be placed at 802A4F64 (length = 18 bytes)
Executing patch: 00 Goombario.bpat
Reading patch file: battle/partner/patch/00 Goombario.bpat
Reading patch for $Function_80238B60
Reading patch for $Function_80238BCC
Reading patch for $Function_80238E74
Reading patch for $Function_80238EDC
Reading patch for $Script_8023C5B8
Reading patch for $Script_8023C90C
Reading patch for $Script_8023BB9C
Creating struct: $ShakyCam
Merged 6 regions to 4
$ShakyCam will be placed at 8023C180 (length = 10C bytes)
Executing patch: 01 Kooper.bpat
Reading patch file: battle/partner/patch/01 Kooper.bpat
Creating struct: $Function_CheckChill
Creating struct: $Function_ChillTarget
Creating struct: $Function_DebuffEffect2
Reading patch for $Script_8023C754
Reading patch for $Script_80239384
Reading patch for $Script_80239E7C
Reading patch for $Function_80238298
Merged 6 regions to 4
$Function_ChillTarget will be placed at 80239C70 (length = 1F0 bytes)
$Function_80238298 will be placed at 8023CD64 (length = 154 bytes)
$Function_CheckChill will be placed at 80238298 (length = CC bytes)
$Function_DebuffEffect2 will be placed at 8023CEB8 (length = 88 bytes)
Changing pointer 80238298 to 8023CD64 ($Function_80238298[0])
Executing patch: 02 Bombette.bpat
Reading patch file: battle/partner/patch/02 Bombette.bpat
Creating struct: $Function_SetBlastPalette
Reading patch for $Function_80238590
Reading patch for $Script_8023A5F8
Reading patch for $Script_8023B228
Merged 6 regions to 4
$Function_SetBlastPalette will be placed at 8023AF38 (length = 6C bytes)
Executing patch: 03 Parakarry.bpat
Reading patch file: battle/partner/patch/03 Parakarry.bpat
Reading patch for $DefenseTable_8023984C
Reading patch for $Script_80239E70
Reading patch for $Script_8023A4D4
Creating struct: $DisableAirLift
Reading patch for $Function_80238CE0
Reading patch for $Script_8023AF7C
Merged 9 regions to 8
$DisableAirLift will be placed at 80239FC8 (length = 24 bytes)
$DefenseTable_8023984C will be placed at 80238E04 (length = 14 bytes)
Changing pointer 8023984C to 80238E04 ($DefenseTable_8023984C[0])
Executing patch: 05 Watt.bpat
Reading patch file: battle/partner/patch/05 Watt.bpat
Reading patch for $DefenseTable_80238FCC
Reading patch for $StatusTable_80238FE0
Reading patch for $Script_TakeTurn_80239578
Creating struct: $Script_FirstStrike
Reading patch for $Script_80239BC8
Reading patch for $Function_80238784
Reading patch for $Function_80238E5C
Reading patch for $Script_Init_802390D8
Creating struct: $Function_ThunderFX
Reading patch for $Script_8023B970
Merged 10 regions to 7
$Script_FirstStrike will be placed at 8023BFA4 (length = 560 bytes)
$Function_ThunderFX will be placed at 8023A388 (length = 14C bytes)
$Function_80238784 will be placed at 8023C504 (length = B8 bytes)
$DefenseTable_80238FCC will be placed at 802395E8 (length = 24 bytes)
Changing pointer 8023C1BC to 8023C5CC ($End[C])
Changing pointer 8023C1B0 to 8023C5C0 ($End[0])
Changing pointer 8023C1B0 to 8023C5C0 ($End[0])
Changing pointer 8023C1BC to 8023C5CC ($End[C])
Changing pointer 8023C1C8 to 8023C5D8 ($End[18])
Changing pointer 8023C1CC to 8023C5DC ($End[1C])
Changing pointer 8023C1B8 to 8023C5C8 ($End[8])
Changing pointer 8023C1D0 to 8023C5E0 ($End[20])
Changing pointer 8023C1C4 to 8023C5D4 ($End[14])
Changing pointer 8023C1B4 to 8023C5C4 ($End[4])
Changing pointer 8023C1B4 to 8023C5C4 ($End[4])
Changing pointer 8023C1BC to 8023C5CC ($End[C])
Changing pointer 8023C1C0 to 8023C5D0 ($End[10])
Changing pointer 8023C1C4 to 8023C5D4 ($End[14])
Changing pointer 8023C1C8 to 8023C5D8 ($End[18])
Changing pointer 8023C1CC to 8023C5DC ($End[1C])
Changing pointer 8023C1D0 to 8023C5E0 ($End[20])
Changing pointer 8023C1B8 to 8023C5C8 ($End[8])
Changing pointer 8023C1B8 to 8023C5C8 ($End[8])
Changing pointer 8023C1BC to 8023C5CC ($End[C])
Changing pointer 8023C1C0 to 8023C5D0 ($End[10])
Changing pointer 8023C1C0 to 8023C5D0 ($End[10])
Changing pointer 8023C1C4 to 8023C5D4 ($End[14])
Changing pointer 8023C1C8 to 8023C5D8 ($End[18])
Changing pointer 8023C1CC to 8023C5DC ($End[1C])
Changing pointer 8023C1D0 to 8023C5E0 ($End[20])
Changing pointer 8023C1CC to 8023C5DC ($End[1C])
Changing pointer 8023C1D0 to 8023C5E0 ($End[20])
Changing pointer 8023C1CC to 8023C5DC ($End[1C])
Changing pointer 8023C1D0 to 8023C5E0 ($End[20])
Changing pointer 8023C1C4 to 8023C5D4 ($End[14])
Changing pointer 8023C1B4 to 8023C5C4 ($End[4])
Changing pointer 8023C1B4 to 8023C5C4 ($End[4])
Changing pointer 80238FCC to 802395E8 ($DefenseTable_80238FCC[0])
Changing pointer 80238784 to 8023C504 ($Function_80238784[0])
Executing patch: 06 Sushie.bpat
Reading patch file: battle/partner/patch/06 Sushie.bpat
Creating struct: $Function_CheckChill
Creating struct: $Function_ChillTarget
Creating struct: $Function_ChillWaveEffect
Reading patch for $Script_80239DA4
Merged 4 regions to 4
$Function_ChillTarget will be placed at 8023A820 (length = 1F0 bytes)
$Function_ChillWaveEffect will be placed at 8023C070 (length = 12C bytes)
$Function_CheckChill will be placed at 8023AA10 (length = CC bytes)
Changing pointer 8023C070 to 8023C1A0 ($End[0])
Changing pointer 8023C070 to 8023C1A0 ($End[0])
Changing pointer 8023C070 to 8023C1A0 ($End[0])
Changing pointer 8023C070 to 8023C1A0 ($End[0])
Executing patch: 07 Lakilester.bpat
Reading patch file: battle/partner/patch/07 Lakilester.bpat
Reading patch for $DefenseTable_8023A1F8
Reading patch for $Script_8023AB84
Reading patch for $Script_8023B45C
Reading patch for $Function_80238D8C
Reading patch for $Script_8023CCC4
Merged 6 regions to 4
$DefenseTable_8023A1F8 will be placed at 8023D088 (length = 14 bytes)
Changing pointer 8023A1F8 to 8023D088 ($DefenseTable_8023A1F8[0])
Changing pointer 8023A1F8 to 8023D088 ($DefenseTable_8023A1F8[0])
Executing patch: 08 Bow.bpat
Reading patch file: battle/partner/patch/08 Bow.bpat
Reading patch for $DefenseTable_8023833C
Creating struct: $IncrementOuttaSightCost
Creating struct: $Function_CheckChill
Creating struct: $Function_ChillTarget
Creating struct: $Function_ChillTargetWeak
Creating struct: $Function_DebuffEffect2
Reading patch for $Script_8023A0E8
Reading patch for $Script_80239B40
Merged 6 regions to 5
$Function_ChillTarget will be placed at 8023ABEC (length = 1F4 bytes)
$Function_ChillTargetWeak will be placed at 8023BDFC (length = 1F4 bytes)
$Function_CheckChill will be placed at 80239E64 (length = B8 bytes)
$Function_DebuffEffect2 will be placed at 8023ADE0 (length = 88 bytes)
$IncrementOuttaSightCost will be placed at 8023BFF0 (length = 2C bytes)
$DefenseTable_8023833C will be placed at 80239F1C (length = 14 bytes)
Changing pointer 8023833C to 80239F1C ($DefenseTable_8023833C[0])
Executing patch: 0A Twink.bpat
Reading patch file: battle/partner/patch/0A Twink.bpat
Reading patch for $Twink
Reading patch for $IdleAnimations_802380D0
Reading patch for $DefenseTable_802380E4
Reading patch for $Script_Init_802381E8
Reading patch for $Script_Idle_802382FC
Reading patch for $Script_TakeTurn_802384C4
Reading patch for $Script_80238558
Reading patch for $Script_802385A4
Reading patch for $Script_802385E0
Reading patch for $Script_HandleEvent_80238338
Creating struct: $Script_8023993C
Creating struct: $Script_802397E0
Creating struct: $IncrementHustleSpellCounter
Creating struct: $GetHustleSpellCounter
Creating struct: $Function_SetDuration
Creating struct: $ConstDouble_8023D1B0
Creating struct: $Function_8023803C
Creating struct: $???_8023AB80
Creating struct: $Function_80218200
Creating struct: $Script_DamageCalc
Reading patch for $Script_802386A4
Creating struct: $Script_8023AA70
Creating struct: $Script_8023AAF8
Creating struct: $Function_ShellShotAC
Creating struct: $Function_YellowWaterBeam
Creating struct: $Function_PinkWaterBeam
Creating struct: $Function_CyanWaterBeam
Creating struct: $Script_PowerBeam
Creating struct: $Function_802A1518
Creating struct: $Function_802A156C
Creating struct: $Script_Rejuvinate
Creating struct: $Function_AddHustle
Creating struct: $Function_HustleEffect
Creating struct: $Function_HustleStatusNegate
Creating struct: $Script_HustleSpell
Merged 12 regions to 8
$Function_ShellShotAC will be placed at 802386A4 (length = C88 bytes)
$Script_PowerBeam will be placed at 8023932C (length = A64 bytes)
$Function_8023803C will be placed at 80239D90 (length = A30 bytes)
$Script_HustleSpell will be placed at 8023A7C0 (length = 8A4 bytes)
$Script_802386A4 will be placed at 8023B064 (length = 5AC bytes)
$Script_8023993C will be placed at 8023B610 (length = 488 bytes)
$Script_Rejuvinate will be placed at 8023BA98 (length = 3AC bytes)
$Script_HandleEvent_80238338 will be placed at 8023BE44 (length = 298 bytes)
$Function_80218200 will be placed at 802382FC (length = 15C bytes)
$Function_HustleEffect will be placed at 8023C0DC (length = F4 bytes)
$Script_802397E0 will be placed at 8023C1D0 (length = E8 bytes)
$Function_802A156C will be placed at 8023C2B8 (length = C0 bytes)
$Function_HustleStatusNegate will be placed at 8023C378 (length = A8 bytes)
$Script_DamageCalc will be placed at 80238258 (length = 9C bytes)
$Function_AddHustle will be placed at 8023C420 (length = 84 bytes)
$Function_YellowWaterBeam will be placed at 80238458 (length = 6C bytes)
$Function_CyanWaterBeam will be placed at 8023C4A4 (length = 6C bytes)
$Function_PinkWaterBeam will be placed at 8023C510 (length = 6C bytes)
$Script_8023AA70 will be placed at 8023C57C (length = 68 bytes)
$Script_8023AAF8 will be placed at 8023C5E4 (length = 68 bytes)
$Function_802A1518 will be placed at 8023C64C (length = 54 bytes)
$Script_Idle_802382FC will be placed at 8023C6A0 (length = 54 bytes)
$DefenseTable_802380E4 will be placed at 8023C6F4 (length = 4C bytes)
$GetHustleSpellCounter will be placed at 8023C740 (length = 44 bytes)
$IdleAnimations_802380D0 will be placed at 8023C784 (length = 3C bytes)
$Function_SetDuration will be placed at 8023C7C0 (length = 3C bytes)
$IncrementHustleSpellCounter will be placed at 8023C7FC (length = 2C bytes)
$ConstDouble_8023D1B0 will be placed at 802385D0 (length = 8 bytes)
$???_8023AB80 will be placed at 8023858C (length = 4 bytes)
Changing pointer 802380D0 to 8023C784 ($IdleAnimations_802380D0[0])
Changing pointer 802380E4 to 8023C6F4 ($DefenseTable_802380E4[0])
Changing pointer 802382FC to 8023C6A0 ($Script_Idle_802382FC[0])
Changing pointer 80238338 to 8023BE44 ($Script_HandleEvent_80238338[0])
Changing pointer 802380E4 to 8023C6F4 ($DefenseTable_802380E4[0])
Changing pointer 802386A4 to 8023B064 ($Script_802386A4[0])
Executing patch: Item_Coconut.bpat
Reading patch file: battle/item/patch/Item_Coconut.bpat
Reading patch for $Script_UseItem
Merged 5 regions to 4
Executing patch: Item_DustyHammer.bpat
Reading patch file: battle/item/patch/Item_DustyHammer.bpat
Reading patch for $Script_UseItem
Merged 5 regions to 4
Executing patch: Item_EggMissile.bpat
Reading patch file: battle/item/patch/Item_EggMissile.bpat
Reading patch for $Script_UseItem
Merged 2 regions to 2
Executing patch: Item_ElectroPop.bpat
Reading patch file: battle/item/patch/Item_ElectroPop.bpat
Reading patch for $Function_802A149C
Reading patch for $Script_UseItem
Merged 4 regions to 2
$Script_UseItem will be placed at 802A1AFC (length = 300 bytes)
Changing pointer 802A1D60 to 802A1E00 ($End[0])
Changing pointer 802A1D60 to 802A1E00 ($End[0])
Executing patch: Item_Food.bpat
Reading patch file: battle/item/patch/Item_Food.bpat
Reading patch for $Script_UseItem
Creating struct: $Function_TransferToTurnCounts
Creating struct: $Function_BoostTurnCounts
Creating struct: $Function_StarEffect
Creating struct: $Function_ResetStatus
Creating struct: $Function_DualityShake
Creating struct: $Function_DualityShakeNull
Creating struct: $Function_SetDarkCake
Creating struct: $Function_ElectrifyMario
Creating struct: $Function_ElectrifyMario1
Creating struct: $Function_ElectrifyMario2
Creating struct: $Function_SetBubbleBerry
Creating struct: $Function_SetBubbleBerry2
Creating struct: $EnableAutoBlock2
Creating struct: $Function_SetChill
Creating struct: $Function_SetDefdown
Creating struct: $Function_SetSaver
Creating struct: $Function_DebuffEffectCoco
Creating struct: $Function_DebuffEffectOrange
Creating struct: $Function_DebuffEffectGold
Creating struct: $Function_DebuffEffectWhite
Creating struct: $Function_DebuffEffectUnified
Merged 2 regions to 1
$Script_UseItem will be placed at 802A20FC (length = F5C bytes)
$Function_BoostTurnCounts will be placed at 802A3058 (length = 128 bytes)
$Function_ResetStatus will be placed at 802A3180 (length = C8 bytes)
$Function_DebuffEffectUnified will be placed at 802A3248 (length = B8 bytes)
$Function_StarEffect will be placed at 802A3300 (length = AC bytes)
$Function_DebuffEffectGold will be placed at 802A33AC (length = 90 bytes)
$Function_DebuffEffectWhite will be placed at 802A343C (length = 90 bytes)
$Function_DebuffEffectCoco will be placed at 802A34CC (length = 90 bytes)
$Function_DebuffEffectOrange will be placed at 802A355C (length = 90 bytes)
$Function_SetChill will be placed at 802A35EC (length = 80 bytes)
$Function_SetDefdown will be placed at 802A366C (length = 80 bytes)
$Function_TransferToTurnCounts will be placed at 802A36EC (length = 7C bytes)
$Function_SetSaver will be placed at 802A3768 (length = 7C bytes)
$Function_SetBubbleBerry will be placed at 802A37E4 (length = 70 bytes)
$Function_SetBubbleBerry2 will be placed at 802A3854 (length = 70 bytes)
$Function_SetDarkCake will be placed at 802A38C4 (length = 6C bytes)
$Function_DualityShake will be placed at 802A3930 (length = 60 bytes)
$Function_DualityShakeNull will be placed at 802A3990 (length = 48 bytes)
$Function_ElectrifyMario will be placed at 802A39D8 (length = 40 bytes)
$Function_ElectrifyMario1 will be placed at 802A3A18 (length = 40 bytes)
$Function_ElectrifyMario2 will be placed at 802A3A58 (length = 40 bytes)
$EnableAutoBlock2 will be placed at 802A3A98 (length = 1C bytes)
Changing pointer 802A24D0 to 802A3AC0 ($End[0])
Changing pointer 802A24D0 to 802A3AC0 ($End[0])
Executing patch: Item_HustleDrink.bpat
Reading patch file: battle/item/patch/Item_HustleDrink.bpat
Reading patch for $Function_802A123C
Reading patch for $Function_802A12C4
Reading patch for $Script_UseItem
Merged 6 regions to 2
$Function_802A123C will be placed at 802A1D38 (length = A8 bytes)
$Function_802A12C4 will be placed at 802A123C (length = 54 bytes)
Changing pointer 802A1E70 to 802A1DE0 ($End[0])
Changing pointer 802A1E70 to 802A1DE0 ($End[0])
Changing pointer 802A12C4 to 802A123C ($Function_802A12C4[0])
Changing pointer 802A123C to 802A1D38 ($Function_802A123C[0])
Executing patch: Item_InsecticideHerb.bpat
Reading patch file: battle/item/patch/Item_InsecticideHerb.bpat
Reading patch for $Function_802A1000
Reading patch for $Function_802A11D4
Creating struct: $Script_802A13A0
Creating struct: $Script_802A17D0
Reading patch for $Script_UseItem
Creating struct: $Function_WaveEffect
Merged 6 regions to 4
$Script_802A13A0 will be placed at 802A1F08 (length = 268 bytes)
$Function_WaveEffect will be placed at 802A2170 (length = 12C bytes)
$Script_802A17D0 will be placed at 802A229C (length = 78 bytes)
Changing pointer 802A21C0 to 802A2320 ($End[0])
Changing pointer 802A21C0 to 802A2320 ($End[0])
Executing patch: Item_Mystery.bpat
Reading patch file: battle/item/patch/Item_Mystery.bpat
Reading patch for $Function_802A13E4
Merged 6 regions to 5
Executing patch: Item_Pebble.bpat
Reading patch file: battle/item/patch/Item_Pebble.bpat
Reading patch for $Script_UseItem
Merged 6 regions to 4
Changing pointer 802A1E80 to 802A1E10 ($End[0])
Changing pointer 802A1E80 to 802A1E10 ($End[0])
Executing patch: Item_PleaseComeBack.bpat
Reading patch file: battle/item/patch/Item_PleaseComeBack.bpat
Creating struct: $Function_802A123C
Creating struct: $Function_802A12EC
Creating struct: $Function_802A1378
Creating struct: $Function_802A1438
Creating struct: $Function_802A14F8
Creating struct: $Function_802A154C
Creating struct: $Function_802A15A0
Creating struct: $Function_ResetStatus
Creating struct: $Script_802A1630
Creating struct: $Script_802A1934
Creating struct: $Script_802A1A60
Creating struct: $Script_802A1AFC
Creating struct: $Script_802A1B74
Creating struct: $Script_802A1BEC
Reading patch for $Script_UseItem
Creating struct: $Function_WaveEffect
Creating struct: $Function_DebuffEffectGold
Merged 4 regions to 2
$Script_802A1BEC will be placed at 802A17FC (length = 3E4 bytes)
$Script_802A1630 will be placed at 802A1BE0 (length = 268 bytes)
$Script_UseItem will be placed at 802A1E48 (length = 134 bytes)
$Function_WaveEffect will be placed at 802A1F7C (length = 12C bytes)
$Script_802A1934 will be placed at 802A20A8 (length = E4 bytes)
$Function_ResetStatus will be placed at 802A218C (length = D0 bytes)
$Function_802A1438 will be placed at 802A225C (length = C0 bytes)
$Function_802A1378 will be placed at 802A231C (length = C0 bytes)
$Function_802A123C will be placed at 802A23DC (length = B0 bytes)
$Function_802A15A0 will be placed at 802A248C (length = 90 bytes)
$Function_DebuffEffectGold will be placed at 802A251C (length = 90 bytes)
$Function_802A12EC will be placed at 802A25AC (length = 8C bytes)
$Script_802A1A60 will be placed at 802A2638 (length = 78 bytes)
$Function_802A154C will be placed at 802A26B0 (length = 54 bytes)
$Function_802A14F8 will be placed at 802A2704 (length = 54 bytes)
$Script_802A1B74 will be placed at 802A2758 (length = 50 bytes)
$Script_802A1AFC will be placed at 802A27A8 (length = 50 bytes)
Changing pointer 802A18E0 to 802A2800 ($End[0])
Changing pointer 802A18E0 to 802A2800 ($End[0])
Executing patch: Item_POWBlock.bpat
Reading patch file: battle/item/patch/Item_POWBlock.bpat
Reading patch for $Script_UseItem
Merged 2 regions to 1
Executing patch: Item_RepelGel.bpat
Reading patch file: battle/item/patch/Item_RepelGel.bpat
Creating struct: $AntiHustleDrink
Reading patch for $Script_UseItem
Merged 4 regions to 2
$AntiHustleDrink will be placed at 802A1978 (length = 40 bytes)
Executing patch: Item_StoneCap.bpat
Reading patch file: battle/item/patch/Item_StoneCap.bpat
Reading patch for $Script_UseItem
Creating struct: $Function_ClearStatuses
Merged 2 regions to 1
$Function_ClearStatuses will be placed at 802A1A34 (length = A8 bytes)
Changing pointer 802A1A60 to 802A1AE0 ($End[0])
Changing pointer 802A1A60 to 802A1AE0 ($End[0])
Executing patch: Item_StrangeCake.bpat
Reading patch file: battle/item/patch/Item_StrangeCake.bpat
Creating struct: $Function_SwapStats
Creating struct: $Function_EqualizeStats
Creating struct: $GetHP
Creating struct: $GetFP
Creating struct: $Function_802A1378
Reading patch for $Script_UseItem
Creating struct: $Function_DebuffEffectLightGreen
Merged 6 regions to 5
$Script_UseItem will be placed at 802A2DC8 (length = 48C bytes)
$Function_802A1378 will be placed at 802A2870 (length = C0 bytes)
$Function_EqualizeStats will be placed at 802A3254 (length = 9C bytes)
$Function_SwapStats will be placed at 802A2930 (length = 94 bytes)
$Function_DebuffEffectLightGreen will be placed at 802A32F0 (length = 90 bytes)
$GetFP will be placed at 802A29C4 (length = 40 bytes)
$GetHP will be placed at 802A3380 (length = 40 bytes)
Changing pointer 802A2DEC to 802A33DC ($End[1C])
Changing pointer 802A2DEC to 802A33DC ($End[1C])
Changing pointer 802A2E00 to 802A33F0 ($End[30])
Changing pointer 802A2DD8 to 802A33C8 ($End[8])
Changing pointer 802A2DF4 to 802A33E4 ($End[24])
Changing pointer 802A2DF8 to 802A33E8 ($End[28])
Changing pointer 802A2DEC to 802A33DC ($End[1C])
Changing pointer 802A2DF4 to 802A33E4 ($End[24])
Changing pointer 802A2DF8 to 802A33E8 ($End[28])
Changing pointer 802A2DF8 to 802A33E8 ($End[28])
Changing pointer 802A2DF4 to 802A33E4 ($End[24])
Changing pointer 802A2DF0 to 802A33E0 ($End[20])
Changing pointer 802A2DEC to 802A33DC ($End[1C])
Changing pointer 802A2DEC to 802A33DC ($End[1C])
Changing pointer 802A2DF0 to 802A33E0 ($End[20])
Changing pointer 802A2DF4 to 802A33E4 ($End[24])
Changing pointer 802A2DF0 to 802A33E0 ($End[20])
Changing pointer 802A2DEC to 802A33DC ($End[1C])
Changing pointer 802A2DF4 to 802A33E4 ($End[24])
Changing pointer 802A2DFC to 802A33EC ($End[2C])
Changing pointer 802A2DEC to 802A33DC ($End[1C])
Changing pointer 802A2DFC to 802A33EC ($End[2C])
Changing pointer 802A2DF0 to 802A33E0 ($End[20])
Changing pointer 802A2DD8 to 802A33C8 ($End[8])
Changing pointer 802A2E00 to 802A33F0 ($End[30])
Changing pointer 802A2DD0 to 802A33C0 ($End[0])
Changing pointer 802A2DD0 to 802A33C0 ($End[0])
Changing pointer 802A2DEC to 802A33DC ($End[1C])
Changing pointer 802A2DD8 to 802A33C8 ($End[8])
Changing pointer 802A2DF4 to 802A33E4 ($End[24])
Changing pointer 802A2DF4 to 802A33E4 ($End[24])
Changing pointer 802A2DD8 to 802A33C8 ($End[8])
Executing patch: Item_SuperSoda.bpat
Reading patch file: battle/item/patch/Item_SuperSoda.bpat
Reading patch for $Script_UseItem
Creating struct: $Function_ResetStatus
Merged 4 regions to 2
$Function_ResetStatus will be placed at 802A21EC (length = D8 bytes)
Changing pointer 802A2280 to 802A22D0 ($End[0])
Changing pointer 802A2280 to 802A22D0 ($End[0])
Executing patch: Item_TastyTonic.bpat
Reading patch file: battle/item/patch/Item_TastyTonic.bpat
Reading patch for $Script_UseItem
Creating struct: $Function_ResetStatus
Merged 4 regions to 2
$Function_ResetStatus will be placed at 802A1AAC (length = D8 bytes)
Changing pointer 802A1B40 to 802A1B90 ($End[0])
Changing pointer 802A1B40 to 802A1B90 ($End[0])
Executing patch: 00 Focus.bpat
Reading patch file: battle/starpower/patch/00 Focus.bpat
Reading patch for $Function_802A1518
Reading patch for $Function_802A15B0
Reading patch for $Function_802A1494
Creating struct: $FocusAnimTable
Reading patch for $Script_UsePower
Creating struct: $Script_DoBonusEffects
Creating struct: $Function_DebuffEffectLightRed
Creating struct: $Function_DebuffEffectLightBlue
Creating struct: $Function_SetPower
Creating struct: $Function_SetDefense
Creating struct: $Function_SetPower1
Creating struct: $Function_SetDefense1
Creating struct: $Function_SetPower2
Creating struct: $Function_SetDefense2
Creating struct: $Function_SetPower3
Creating struct: $Function_SetDefense3
Merged 5 regions to 2
$Script_DoBonusEffects will be placed at 802A26F0 (length = 39C bytes)
$FocusAnimTable will be placed at 802A1518 (length = DC bytes)
$Function_802A1518 will be placed at 802A2A8C (length = AC bytes)
$Function_802A15B0 will be placed at 802A2B38 (length = 98 bytes)
$Function_DebuffEffectLightRed will be placed at 802A2BD0 (length = 90 bytes)
$Function_DebuffEffectLightBlue will be placed at 802A2C60 (length = 90 bytes)
$Function_SetPower will be placed at 802A2CF0 (length = 44 bytes)
$Function_SetDefense will be placed at 802A2D34 (length = 44 bytes)
$Function_SetDefense2 will be placed at 802A2D78 (length = 44 bytes)
$Function_SetDefense1 will be placed at 802A2DBC (length = 44 bytes)
$Function_SetDefense3 will be placed at 802A2E00 (length = 44 bytes)
$Function_SetPower2 will be placed at 802A2E44 (length = 44 bytes)
$Function_SetPower3 will be placed at 802A2E88 (length = 44 bytes)
$Function_SetPower1 will be placed at 802A2ECC (length = 44 bytes)
Changing pointer 802A1518 to 802A2A8C ($Function_802A1518[0])
Changing pointer 802A15B0 to 802A2B38 ($Function_802A15B0[0])
Executing patch: 01 Refresh.bpat
Reading patch file: battle/starpower/patch/01 Refresh.bpat
Reading patch for $Script_UsePower
Creating struct: $Function_CheckStellarNova
Reading patch for $Function_802A17D4
Creating struct: $Function_ResetStatus
Merged 5 regions to 3
$Script_UsePower will be placed at 802A2928 (length = 334 bytes)
$Function_802A17D4 will be placed at 802A2C5C (length = 7C bytes)
$Function_CheckStellarNova will be placed at 802A17D4 (length = 60 bytes)
$Function_ResetStatus will be placed at 802A2CD8 (length = 4C bytes)
Changing pointer 802A17D4 to 802A2C5C ($Function_802A17D4[0])
Executing patch: 02 Lullaby.bpat
Reading patch file: battle/starpower/patch/02 Lullaby.bpat
Reading patch for $Script_UsePower
Creating struct: $Function_CheckStellarNova
Merged 3 regions to 2
$Function_CheckStellarNova will be placed at 802A267C (length = 60 bytes)
Executing patch: 03 StarStorm.bpat
Reading patch file: battle/starpower/patch/03 StarStorm.bpat
Reading patch for $Script_UsePower
Creating struct: $Function_CheckStellarNova
Merged 4 regions to 2
$Function_CheckStellarNova will be placed at 802A286C (length = 60 bytes)
Executing patch: 04 ChillOut.bpat
Reading patch file: battle/starpower/patch/04 ChillOut.bpat
Reading patch for $Function_802A16F4
Creating struct: $Function_BoostedChillOut
Reading patch for $Script_UsePower
Creating struct: $Function_CheckStellarNova
Creating struct: $Function_DebuffEffectCyan
Merged 4 regions to 2
$Function_BoostedChillOut will be placed at 802A2BEC (length = 1F4 bytes)
$Function_DebuffEffectCyan will be placed at 802A2DE0 (length = 90 bytes)
$Function_CheckStellarNova will be placed at 802A2E70 (length = 60 bytes)
Changing pointer 802A2CC0 to 802A2ED0 ($End[0])
Changing pointer 802A2CC0 to 802A2ED0 ($End[0])
Changing pointer 802A2CC0 to 802A2ED0 ($End[0])
Executing patch: 05 Smooch.bpat
Reading patch file: battle/starpower/patch/05 Smooch.bpat
Reading patch for $Script_UsePower
Creating struct: $Function_DebuffEffectPink
Creating struct: $Function_TryAddMiracleJelly
Creating struct: $Function_CheckStellarNova
Merged 4 regions to 2
$Function_DebuffEffectPink will be placed at 802A2E50 (length = 90 bytes)
$Function_TryAddMiracleJelly will be placed at 802A2EE0 (length = 70 bytes)
$Function_CheckStellarNova will be placed at 802A2F50 (length = 60 bytes)
Executing patch: 06 TimeOut.bpat
Reading patch file: battle/starpower/patch/06 TimeOut.bpat
Reading patch for $Script_UsePower
Creating struct: $Function_CheckStellarNova
Merged 3 regions to 2
$Function_CheckStellarNova will be placed at 802A25BC (length = 60 bytes)
Executing patch: 07 UpAndAway.bpat
Reading patch file: battle/starpower/patch/07 UpAndAway.bpat
Reading patch for $Function_802A1628
Creating struct: $Function_CheckStellarNova
Reading patch for $Script_UsePower
Merged 5 regions to 2
$Function_CheckStellarNova will be placed at 802A2C08 (length = 60 bytes)
Executing patch: 08 StarBeam.bpat
Reading patch file: battle/starpower/patch/08 StarBeam.bpat
Reading patch for $Script_UsePower
Merged 4 regions to 2
Executing patch: 0A PeachFocus.bpat
Reading patch file: battle/starpower/patch/0A PeachFocus.bpat
Reading patch for $Script_UsePower
Creating struct: $ActivateStellarNova
Creating struct: $Function_802A1000_B
Creating struct: $Function_802A12E4_B
Creating struct: $Function_802A1414_B
Creating struct: $Function_802A1494_B
Creating struct: $FocusAnimTable
Creating struct: $Function_802A10AC_B
Merged 2 regions to 1
$FocusAnimTable will be placed at 802A27F8 (length = DC bytes)
$Function_802A10AC_B will be placed at 802A28D4 (length = C0 bytes)
$Function_802A1000_B will be placed at 802A2994 (length = AC bytes)
$Function_802A12E4_B will be placed at 802A2A40 (length = 98 bytes)
$Function_802A1414_B will be placed at 802A2AD8 (length = 80 bytes)
$Function_802A1494_B will be placed at 802A2B58 (length = 54 bytes)
$ActivateStellarNova will be placed at 802A2BAC (length = 14 bytes)
Building world data...
Executing patches for: kpa_01
Reading patch file: map/patch/bowser's castle/kpa_01.mpat
Reading patch for $NpcGroup_80241194
Reading patch for $NpcGroup_80241384
Reading patch for $AISettings_80240F50
Merged 8 regions to 7
Executing patches for: kpa_03
Reading patch file: map/patch/bowser's castle/kpa_03.mpat
Reading patch for $NpcGroup_80242DF8
Reading patch for $NpcGroup_80242FE8
Reading patch for $NpcGroup_802431D8
Reading patch for $AISettings_8024239C
Merged 9 regions to 8
Executing patches for: kpa_08
Reading patch file: map/patch/bowser's castle/kpa_08.mpat
Reading patch for $NpcGroup_80242110
Reading patch for $Script_MakeEntities
Merged 10 regions to 8
Executing patches for: kpa_09
Reading patch file: map/patch/bowser's castle/kpa_09.mpat
Reading patch for $NpcGroup_80241FD0
Reading patch for $AISettings_80241D2C
Reading patch for $Script_MakeEntities
Merged 9 regions to 7
Executing patches for: kpa_10
Reading patch file: map/patch/bowser's castle/kpa_10.mpat
Reading patch for $Script_MakeEntities
Merged 6 regions to 4
Executing patches for: kpa_102
Reading patch file: map/patch/bowser's castle/kpa_102.mpat
Reading patch for $NpcGroup_8024496C
Merged 9 regions to 8
Executing patches for: kpa_11
Reading patch file: map/patch/bowser's castle/kpa_11.mpat
Reading patch for $Script_MakeEntities
Merged 10 regions to 8
Executing patches for: kpa_111
Reading patch file: map/patch/bowser's castle/kpa_111.mpat
Reading patch for $NpcGroup_80242200
Reading patch for $NpcGroup_802429C0
Reading patch for $AISettings_80241F5C
Reading patch for $Script_MakeEntities
Merged 7 regions to 6
Executing patches for: kpa_113
Reading patch file: map/patch/bowser's castle/kpa_113.mpat
Reading patch for $NpcGroup_80241AC4
Reading patch for $AISettings_80241880
Merged 9 regions to 8
Executing patches for: kpa_12
Reading patch file: map/patch/bowser's castle/kpa_12.mpat
Reading patch for $Script_Main_EnterWalk
Creating struct: $NpcGroupList_RFuzzy
Creating struct: $AISettings_Fuzzy
Creating struct: $Script_NpcAI_RFuzzy
Creating struct: $NpcSettings_RFuzzy
Creating struct: $NpcGroup_RFuzzy
Creating struct: $Function_80240C90_RF
Creating struct: $Function_802400A0_RF
Creating struct: $Function_802402D0_RF
Creating struct: $Function_80240608_RF
Creating struct: $Function_802406C8_RF
Creating struct: $Function_8024086C_RF
Creating struct: $Function_8024094C_RF
Creating struct: $Function_80240C4C_RF
Creating struct: $ConstDouble_RF
Creating struct: $JumpTable_80242B98_RF
Merged 8 regions to 6
$Function_802402D0_RF will be placed at 802415C8 (length = 338 bytes)
$Function_8024094C_RF will be placed at 80241900 (length = 300 bytes)
$Function_802400A0_RF will be placed at 80241C00 (length = 230 bytes)
$Function_80240C90_RF will be placed at 80241E30 (length = 224 bytes)
$NpcGroup_RFuzzy will be placed at 80242054 (length = 1F0 bytes)
$Function_802406C8_RF will be placed at 80242244 (length = 1A4 bytes)
$Function_8024086C_RF will be placed at 802423E8 (length = E0 bytes)
$Function_80240608_RF will be placed at 802424C8 (length = C0 bytes)
$Function_80240C4C_RF will be placed at 80240C30 (length = 44 bytes)
$JumpTable_80242B98_RF will be placed at 80242588 (length = 3C bytes)
$AISettings_Fuzzy will be placed at 80240C74 (length = 30 bytes)
$Script_NpcAI_RFuzzy will be placed at 802425C4 (length = 2C bytes)
$NpcSettings_RFuzzy will be placed at 80240CA4 (length = 2C bytes)
$NpcGroupList_RFuzzy will be placed at 802425F0 (length = 18 bytes)
$ConstDouble_RF will be placed at 80240468 (length = 8 bytes)
Executing patches for: kpa_130
Reading patch file: map/patch/bowser's castle/kpa_130.mpat
Reading patch file: map/import/Pit_AI.mpat
Creating struct: $NpcSettings_Goomba
Creating struct: $NpcSettings_Koopa
Creating struct: $NpcSettings_Fuzzy
Creating struct: $Script_NpcAI_Fuzzy
Creating struct: $Script_GoombaAI
Creating struct: $AISettings_Goomba
Creating struct: $AISettings_Fuzzy_802413E0
Creating struct: $JumpTable_Fuzzy_802423B8
Creating struct: $Function_Fuzzy_80240000
Creating struct: $Function_Fuzzy_80240230
Creating struct: $Function_Fuzzy_80240568
Creating struct: $Function_Fuzzy_80240628
Creating struct: $Function_Fuzzy_802407CC
Creating struct: $Function_Fuzzy_802408AC
Creating struct: $Function_Fuzzy_80240BAC
Creating struct: $Function_Fuzzy_80240BF0
Creating struct: $JumpTable_Koopa_80245CF8
Creating struct: $Script_NpcAI_Koopa
Creating struct: $AISettings_Koopa_802427BC
Creating struct: $NpcSettings_BuzzyBeetle
Creating struct: $AISettings_BuzzyBeetle
Creating struct: $Script_NpcAI_BuzzyBeetle
Creating struct: $AISettings_Koopatrol
Creating struct: $Script_NpcAI_Koopatrol
Creating struct: $NpcSettings_Koopatrol
Creating struct: $AISettings_Spiny
Creating struct: $Script_NpcAI_Spiny
Creating struct: $NpcSettings_Spiny
Creating struct: $AISettings_BonyBeetle
Creating struct: $Script_NpcAI_BonyBeetle
Creating struct: $NpcSettings_BonyBeetle
Creating struct: $Function_DoAI_ShellEnemy
Creating struct: $Function_Koopa_80240000
Creating struct: $Function_Koopa_8024007C
Creating struct: $Function_Koopa_802401B0
Creating struct: $Function_Koopa_80240314
Creating struct: $NpcSettings_Bubble
Creating struct: $Script_NpcAI_Bubble
Creating struct: $AISettings_Bubble
Creating struct: $JumpTable_NEW130A8
Creating struct: $JumpTable_NEW130F0
Creating struct: $Function_NEW10000
Creating struct: $Function_NEW10348
Creating struct: $Function_NEW1040C
Creating struct: $Function_NEW10530
Creating struct: $Function_NEW10720
Creating struct: $Function_NEW107F4
Creating struct: $Function_NEW10820
Creating struct: $Function_NEW109D0
Creating struct: $Function_NEW10FF8
Creating struct: $Function_NEW110B8
Creating struct: $Function_NEW113FC
Creating struct: $Function_NEW11474
Creating struct: $Function_NEW114E0
Creating struct: $Function_NEW11614
Creating struct: $Function_NEW11678
Creating struct: $Function_NEW11A08
Creating struct: $Function_NEW11B2C
Creating struct: $Function_NEW11D18
Creating struct: $Function_NEW11E48
Creating struct: $Function_NEW120C8
Creating struct: $Function_NEW12124
Creating struct: $???_NEW123E0
Creating struct: $FloatTable_NEW12930
Creating struct: $FloatTable_NEW12B90
Creating struct: $NpcGroup_GoldKoopatrol
Reading patch for $NpcGroupList_80244688
Merged 6 regions to 5
$Function_NEW109D0 will be placed at 80244760 (length = 638 bytes)
$Function_DoAI_ShellEnemy will be placed at 80244D98 (length = 440 bytes)
$Function_NEW11678 will be placed at 802451D8 (length = 390 bytes)
$Function_NEW10000 will be placed at 80245568 (length = 350 bytes)
$Function_NEW110B8 will be placed at 802458B8 (length = 344 bytes)
$Function_Fuzzy_80240230 will be placed at 80245BFC (length = 340 bytes)
$Function_Fuzzy_802408AC will be placed at 80245F3C (length = 300 bytes)
$Function_NEW11E48 will be placed at 8024623C (length = 288 bytes)
$Function_Fuzzy_80240000 will be placed at 802464C4 (length = 230 bytes)
$Function_Fuzzy_80240BF0 will be placed at 802466F4 (length = 224 bytes)
$NpcGroup_GoldKoopatrol will be placed at 80246918 (length = 1F0 bytes)
$Function_NEW11B2C will be placed at 80246B08 (length = 1EC bytes)
$Function_NEW12124 will be placed at 80246CF4 (length = 1E8 bytes)
$Function_NEW10530 will be placed at 80246EDC (length = 1E8 bytes)
$Function_NEW10820 will be placed at 802470C4 (length = 1B8 bytes)
$Function_Fuzzy_80240628 will be placed at 8024727C (length = 1A4 bytes)
$Function_Koopa_802401B0 will be placed at 80247420 (length = 164 bytes)
$Function_Koopa_8024007C will be placed at 80247584 (length = 13C bytes)
$Function_NEW114E0 will be placed at 802476C0 (length = 134 bytes)
$Function_NEW11D18 will be placed at 802477F4 (length = 130 bytes)
$Function_NEW11A08 will be placed at 80247924 (length = 124 bytes)
$Function_NEW1040C will be placed at 80247A48 (length = 124 bytes)
$Function_Fuzzy_802407CC will be placed at 80247B6C (length = E0 bytes)
$Function_NEW10720 will be placed at 80247C4C (length = D4 bytes)
$Function_NEW10348 will be placed at 80247D20 (length = C4 bytes)
$Function_Fuzzy_80240568 will be placed at 80247DE4 (length = C0 bytes)
$Function_NEW10FF8 will be placed at 80247EA4 (length = C0 bytes)
$NpcGroupList_80244688 will be placed at 80247F64 (length = C0 bytes)
$Function_Koopa_80240314 will be placed at 80244688 (length = 80 bytes)
$Function_Koopa_80240000 will be placed at 80248024 (length = 7C bytes)
$Function_NEW113FC will be placed at 802480A0 (length = 78 bytes)
$FloatTable_NEW12930 will be placed at 80248118 (length = 70 bytes)
$Function_NEW11474 will be placed at 80248188 (length = 6C bytes)
$Function_NEW11614 will be placed at 802481F4 (length = 64 bytes)
$Function_NEW120C8 will be placed at 80248258 (length = 5C bytes)
$Script_NpcAI_Spiny will be placed at 802482B4 (length = 54 bytes)
$JumpTable_Koopa_80245CF8 will be placed at 80248308 (length = 54 bytes)
$JumpTable_NEW130F0 will be placed at 8024835C (length = 54 bytes)
$Script_NpcAI_BonyBeetle will be placed at 802483B0 (length = 54 bytes)
$Script_NpcAI_BuzzyBeetle will be placed at 80248404 (length = 54 bytes)
$Script_NpcAI_Koopa will be placed at 80248458 (length = 54 bytes)
$Script_NpcAI_Koopatrol will be placed at 802484AC (length = 54 bytes)
$Script_NpcAI_Bubble will be placed at 80248500 (length = 54 bytes)
$Function_Fuzzy_80240BAC will be placed at 80248554 (length = 44 bytes)
$JumpTable_Fuzzy_802423B8 will be placed at 80248598 (length = 3C bytes)
$JumpTable_NEW130A8 will be placed at 802485D4 (length = 3C bytes)
$AISettings_Spiny will be placed at 80244708 (length = 30 bytes)
$AISettings_BonyBeetle will be placed at 80248610 (length = 30 bytes)
$AISettings_BuzzyBeetle will be placed at 80248640 (length = 30 bytes)
$AISettings_Koopa_802427BC will be placed at 80248670 (length = 30 bytes)
$AISettings_Bubble will be placed at 802486A0 (length = 30 bytes)
$AISettings_Koopatrol will be placed at 802486D0 (length = 30 bytes)
$AISettings_Fuzzy_802413E0 will be placed at 80248700 (length = 30 bytes)
$AISettings_Goomba will be placed at 80248730 (length = 30 bytes)
$Function_NEW107F4 will be placed at 80248760 (length = 2C bytes)
$Script_NpcAI_Fuzzy will be placed at 8024878C (length = 2C bytes)
$NpcSettings_Fuzzy will be placed at 802487B8 (length = 2C bytes)
$NpcSettings_Bubble will be placed at 802487E4 (length = 2C bytes)
$NpcSettings_Koopa will be placed at 80248810 (length = 2C bytes)
$NpcSettings_Koopatrol will be placed at 8024883C (length = 2C bytes)
$NpcSettings_Spiny will be placed at 80248868 (length = 2C bytes)
$NpcSettings_BonyBeetle will be placed at 80248894 (length = 2C bytes)
$NpcSettings_BuzzyBeetle will be placed at 802488C0 (length = 2C bytes)
$NpcSettings_Goomba will be placed at 802488EC (length = 2C bytes)
$FloatTable_NEW12B90 will be placed at 80248918 (length = 18 bytes)
$Script_GoombaAI will be placed at 80248930 (length = 14 bytes)
$???_NEW123E0 will be placed at 80240B4C (length = 4 bytes)
Changing pointer 80244688 to 80247F64 ($NpcGroupList_80244688[0])
Executing patches for: kpa_16
Reading patch file: map/patch/bowser's castle/kpa_16.mpat
Reading patch for $NpcGroupList_802429BC
Reading patch for $NpcGroup_802421FC
Reading patch for $Script_Idle_802418DC
Reading patch for $Script_8024117C
Merged 8 regions to 7
$BuzzatriceQuote will be placed at 80241694 (length = 80 bytes)
Executing patches for: kpa_17
Reading patch file: map/patch/bowser's castle/kpa_17.mpat
Reading patch for $Script_MakeEntities
Creating struct: $Function_CheckIfFood
Creating struct: $Function_CheckHPRegain
Creating struct: $Function_BuildItemTable
Creating struct: $Script_Init_Buzzatrice
Creating struct: $Function_80241BCC
Creating struct: $Function_80241970
Creating struct: $???_80243098
Creating struct: $???_8024309C
Creating struct: $Script_Interact_Buzzatrice
Creating struct: $Script_GiveItemSetup
Creating struct: $Function_802417A0
Creating struct: $Function_802419C4
Creating struct: $Script_GiveItem
Creating struct: $NpcGroup_Buzzatrice
Reading patch for $NpcGroupList_80241674
Creating struct: $Script_GetPartnerCutscene
Creating struct: $PartnerFunc1
Creating struct: $PartnerFunc2
Creating struct: $ASCII_80257F10
Creating struct: $JoinedYourParty
Creating struct: $SetNPCtoPartner
Creating struct: $NpcGroup_BadgeMouse
Creating struct: $Script_Init_BadgeMouse
Creating struct: $Function_802419E4
Creating struct: $Function_80241BB8
Creating struct: $Script_Interact_80249184
Creating struct: $Function_SetEffectPalette
Creating struct: $Function_AddMaxHP4
Creating struct: $Function_SubMaxHP4
Creating struct: $Function_AddMaxHP
Creating struct: $Function_AddMaxFP
Creating struct: $Function_AddMaxBP
Creating struct: $Function_SubMaxHP
Creating struct: $Function_SubMaxFP
Creating struct: $Function_SubMaxBP
Creating struct: $Function_EnforceStatMaximums
Creating struct: $Function_80241C20
Creating struct: $Function_80241C40
Creating struct: $Function_80241C60
Creating struct: $Function_802419D0
Creating struct: $Function_80241B90
Creating struct: $Function_802418AC
Creating struct: $Function_80241848
Merged 7 regions to 5
$Script_Interact_80249184 will be placed at 802416A0 (length = E04 bytes)
$String_ChetRippoFirst will be placed at 802424A4 (length = 2AC bytes)
$NpcGroup_Buzzatrice will be placed at 80242750 (length = 1F0 bytes)
$NpcGroup_BadgeMouse will be placed at 80242940 (length = 1F0 bytes)
$Function_802417A0 will be placed at 80242B30 (length = 1D0 bytes)
$SetNPCtoPartner will be placed at 80242D00 (length = 184 bytes)
$Script_GetPartnerCutscene will be placed at 80242E84 (length = 180 bytes)
$Script_Interact_Buzzatrice will be placed at 80243004 (length = 16C bytes)
$BuzzatriceDialogue2 will be placed at 80243170 (length = 154 bytes)
$BuzzatriceJoins will be placed at 802432C4 (length = 144 bytes)
$BuzzatriceDialogue1 will be placed at 80243408 (length = 118 bytes)
$BuzzatriceTattle will be placed at 80243520 (length = 104 bytes)
$Script_Init_BadgeMouse will be placed at 80243624 (length = 100 bytes)
$BadgeMouseTattle will be placed at 80243724 (length = E0 bytes)
$Script_GiveItem will be placed at 80243804 (length = E0 bytes)
$String_DowngradeSuccessBP will be placed at 802438E4 (length = E0 bytes)
$String_GreedCurse will be placed at 802439C4 (length = CC bytes)
$String_ChetRippoStartShort will be placed at 80243A90 (length = B4 bytes)
$String_ChetRippoStart will be placed at 80243B44 (length = B4 bytes)
$Function_BuildItemTable will be placed at 80243BF8 (length = 9C bytes)
$Function_802418AC will be placed at 80243C94 (length = 98 bytes)
$JoinedYourParty will be placed at 80243D2C (length = 94 bytes)
$String_ChetRippoTooPoor will be placed at 80243DC0 (length = 8C bytes)
$String_LowerMenu will be placed at 80243E4C (length = 88 bytes)
$Function_CheckIfFood will be placed at 80243ED4 (length = 88 bytes)
$String_DowngradeSuccess will be placed at 80243F5C (length = 88 bytes)
$String_RaiseMenu will be placed at 80243FE4 (length = 84 bytes)
$Function_802419E4 will be placed at 80244068 (length = 80 bytes)
$Function_EnforceStatMaximums will be placed at 802440E8 (length = 70 bytes)
$String_BadgeCurse will be placed at 80244158 (length = 6C bytes)
$Function_80241BB8 will be placed at 802441C4 (length = 68 bytes)
$Function_80241848 will be placed at 8024422C (length = 64 bytes)
$String_ChetRippoNoLowerError will be placed at 80244290 (length = 64 bytes)
$String_Paradox will be placed at 802442F4 (length = 64 bytes)
$Function_SubMaxHP will be placed at 80244358 (length = 58 bytes)
$String_CantDowngradeThat will be placed at 802443B0 (length = 58 bytes)
$Function_AddMaxHP will be placed at 80244408 (length = 58 bytes)
$Function_SetEffectPalette will be placed at 80244460 (length = 58 bytes)
$Function_SubMaxFP will be placed at 802444B8 (length = 58 bytes)
$Function_AddMaxFP will be placed at 80244510 (length = 58 bytes)
$Function_AddMaxHP4 will be placed at 80244568 (length = 58 bytes)
$Function_SubMaxHP4 will be placed at 802445C0 (length = 58 bytes)
$Function_80241970 will be placed at 80244618 (length = 54 bytes)
$String_ChetRippoNoRaise will be placed at 8024466C (length = 54 bytes)
$String_ChetRippoNoLower will be placed at 802446C0 (length = 54 bytes)
$String_ChetRippoNormalOptions will be placed at 80244714 (length = 54 bytes)
$Function_AddMaxBP will be placed at 80244768 (length = 4C bytes)
$Function_CheckHPRegain will be placed at 802447B4 (length = 4C bytes)
$BuzzatriceHelpNotEnough will be placed at 80244800 (length = 4C bytes)
$Function_SubMaxBP will be placed at 8024484C (length = 4C bytes)
$String_ChetRippoNoStarTokens will be placed at 80244898 (length = 48 bytes)
$Script_Init_Buzzatrice will be placed at 802448E0 (length = 40 bytes)
$String_DowngradeStat will be placed at 80244920 (length = 40 bytes)
$Script_GiveItemSetup will be placed at 80244960 (length = 3C bytes)
$String_UpgradeStat will be placed at 8024499C (length = 3C bytes)
$BuzzatriceHelp will be placed at 802449D8 (length = 3C bytes)
$Function_802419C4 will be placed at 80244A14 (length = 38 bytes)
$String_CantUpgradeThat will be placed at 80244A4C (length = 38 bytes)
$Function_80241BCC will be placed at 80244A84 (length = 34 bytes)
$BuzzatriceHelpNotHealing will be placed at 80244AB8 (length = 30 bytes)
$NpcGroupList_80241674 will be placed at 80244AE8 (length = 30 bytes)
$String_UpgradeSuccess will be placed at 80244B18 (length = 30 bytes)
$PartnerFunc2 will be placed at 80244B48 (length = 28 bytes)
$Function_80241B90 will be placed at 80244B70 (length = 28 bytes)
$Function_80241C60 will be placed at 80244B98 (length = 28 bytes)
$PartnerFunc1 will be placed at 8024018C (length = 24 bytes)
$Function_80241C20 will be placed at 80244BC0 (length = 20 bytes)
$Function_80241C40 will be placed at 80244BE0 (length = 20 bytes)
$Function_802419D0 will be placed at 80241674 (length = 14 bytes)
$ASCII_80257F10 will be placed at 80240464 (length = C bytes)
$???_8024309C will be placed at 802400D8 (length = 4 bytes)
$???_80243098 will be placed at 80244C00 (length = 4 bytes)
Changing pointer 80241674 to 80244AE8 ($NpcGroupList_80241674[0])
Executing patches for: kpa_51
Reading patch file: map/patch/bowser's castle/kpa_51.mpat
Reading patch for $NpcGroup_8024253C
Reading patch for $NpcGroup_8024291C
Merged 9 regions to 8
Executing patches for: kpa_53
Reading patch file: map/patch/bowser's castle/kpa_53.mpat
Reading patch for $Script_MakeEntities
Reading patch for $Script_EnterDoubleDoor_802403E8
Merged 10 regions to 7
$Script_MakeEntities will be placed at 80241DD4 (length = 48 bytes)
Changing pointer 80241DE0 to 80241DD4 ($Script_MakeEntities[0])
Executing patches for: kpa_60
Reading patch file: map/patch/bowser's castle/kpa_60.mpat
Creating struct: $NpcGroupList_NuclearGuy
Creating struct: $NpcGroup_NuclearGuy
Creating struct: $NpcSettings_802405C0
Creating struct: $Script_Init_NuclearGuy
Creating struct: $Script_Idle
Creating struct: $Script_Defeat
Reading patch for $Script_Main
Merged 5 regions to 4
$NpcGroup_NuclearGuy will be placed at 802418D8 (length = 1F0 bytes)
$NuclearDefeat will be placed at 80241AC8 (length = C8 bytes)
$Script_Defeat will be placed at 80241B90 (length = 98 bytes)
$NuclearFight will be placed at 80241C28 (length = 80 bytes)
$Script_Idle will be placed at 80241CA8 (length = 64 bytes)
$NpcSettings_802405C0 will be placed at 80241274 (length = 2C bytes)
$Script_Init_NuclearGuy will be placed at 80241D0C (length = 28 bytes)
$NpcGroupList_NuclearGuy will be placed at 802412A0 (length = 18 bytes)
Executing patches for: kpa_61
Reading patch file: map/patch/bowser's castle/kpa_61.mpat
Reading patch for $NpcGroup_802433D8
Reading patch for $NpcGroup_802437B8
Reading patch for $Script_MakeEntities
Merged 11 regions to 9
Executing patches for: kpa_62
Reading patch file: map/patch/bowser's castle/kpa_62.mpat
Creating struct: $NpcGroupList_NuclearGuy
Creating struct: $NpcGroup_NuclearGuy
Creating struct: $NpcSettings_802405C0
Creating struct: $Script_Init_NuclearGuy
Creating struct: $Script_Idle
Creating struct: $Script_Defeat
Reading patch for $Script_Main
Merged 5 regions to 5
$NpcGroup_NuclearGuy will be placed at 80241390 (length = 1F0 bytes)
$NuclearDefeat will be placed at 80241580 (length = C4 bytes)
$Script_Defeat will be placed at 80241644 (length = 98 bytes)
$NuclearFight will be placed at 802416DC (length = 80 bytes)
$Script_Idle will be placed at 8024175C (length = 64 bytes)
$Script_Init_NuclearGuy will be placed at 80241318 (length = 54 bytes)
$NpcSettings_802405C0 will be placed at 802417C0 (length = 2C bytes)
$NpcGroupList_NuclearGuy will be placed at 802417EC (length = 18 bytes)
Executing patches for: kpa_82
Reading patch file: map/patch/bowser's castle/kpa_82.mpat
Reading patch for $NpcGroupList_80248EF4
Creating struct: $Script_Init_BossFight
Creating struct: $Script_Defeat
Creating struct: $Script_BossFight
Reading patch for $NpcGroup_80244364
Creating struct: $NpcGroup_RipMario
Reading patch for $Script_Idle_80243460
Merged 7 regions to 6
$NpcGroup_RipMario will be placed at 80248F8C (length = BA0 bytes)
$Script_Idle_80243460 will be placed at 80249B2C (length = B9C bytes)
$ThreeKilled will be placed at 80243460 (length = C0 bytes)
$NpcGroupList_80248EF4 will be placed at 8024A6C8 (length = 78 bytes)
$Script_Defeat will be placed at 80248EF4 (length = 58 bytes)
$Script_Init_BossFight will be placed at 80243520 (length = 50 bytes)
$Script_BossFight will be placed at 8024A740 (length = 38 bytes)
Changing pointer 80249158 to 8024A948 ($End[1C8])
Changing pointer 80249158 to 8024A948 ($End[1C8])
Changing pointer 80249158 to 8024A948 ($End[1C8])
Changing pointer 80248F90 to 8024A780 ($End[0])
Changing pointer 80248F90 to 8024A780 ($End[0])
Changing pointer 80248F90 to 8024A780 ($End[0])
Changing pointer 80248EF4 to 8024A6C8 ($NpcGroupList_80248EF4[0])
Changing pointer 80248F90 to 8024A780 ($End[0])
Changing pointer 80249158 to 8024A948 ($End[1C8])
Changing pointer 80243460 to 80249B2C ($Script_Idle_80243460[0])
Executing patches for: kpa_83
Reading patch file: map/patch/bowser's castle/kpa_83.mpat
Reading patch for $NpcGroup_80242730
Reading patch for $NpcGroupList_802432D0
Reading patch for $Script_Idle_80240EEC
Reading patch for $Script_Defeat_8024257C
Creating struct: $StartJrTroopaFight
Creating struct: $Battles
Creating struct: $Function_SetBattle
Merged 9 regions to 8
$Function_SetBattle will be placed at 80242104 (length = 78 bytes)
$KoopasLose will be placed at 8024331C (length = 70 bytes)
$StartJrTroopaFight will be placed at 8024217C (length = 3C bytes)
$Battles will be placed at 8024062C (length = 4 bytes)
Executing patches for: kpa_91
Reading patch file: map/patch/bowser's castle/kpa_91.mpat
Reading patch for $NpcGroup_802455C8
Reading patch for $NpcGroupList_802457B8
Merged 8 regions to 7
Executing patches for: kpa_95
Reading patch file: map/patch/bowser's castle/kpa_95.mpat
Reading patch file: map/import/SuperBlock.mpat
Creating struct: $Script_HitSuperBlock
Creating struct: $IntTable_ForbiddenUpgradeText
Creating struct: $IntTable_LegalPartnerIDs
Creating struct: $IntTable_UpgradeDescriptions
Creating struct: $IntTable_StrangeVector
Creating struct: $Script_UpgradeSoundsAndEffects
Creating struct: $Function_8024003C
Creating struct: $Function_Enable_40_At_8009A650
Creating struct: $Function_Disable_40_At_8009A650
Creating struct: $Function_80240068
Creating struct: $Function_802400D4
Creating struct: $Function_80240120
Creating struct: $Function_BuildUpgradePopupMenu
Creating struct: $Function_SwitchPartner
Creating struct: $Function_GetPartnerNameString
Creating struct: $Function_80240480
Creating struct: $Function_80240510
Creating struct: $Function_80240544
Creating struct: $Function_802405A8
Creating struct: $Function_80240600
Creating struct: $Function_80240B38
Creating struct: $Function_80240C78
Creating struct: $Function_80240CC0
Creating struct: $Function_80240D08
Reading patch for $NpcGroup_802457D8
Reading patch for $NpcGroupList_802459C8
Creating struct: $NpcGroupList_WithYoshi
Creating struct: $NpcGroup_Yoshi
Creating struct: $YoshiSettings
Creating struct: $Script_Init_Yoshi
Creating struct: $Script_IdleAI
Creating struct: $Script_Interact
Reading patch for $Script_Main_EnterWalk
Reading patch for $Script_MakeEntities
Reading patch for $Script_HitSuperBlock
Reading patch for $Script_UpgradeSoundsAndEffects
Merged 10 regions to 7
$Function_80240600 will be placed at 80245D38 (length = 538 bytes)
$Script_HitSuperBlock will be placed at 80246270 (length = 33C bytes)
$Function_BuildUpgradePopupMenu will be placed at 802465AC (length = 250 bytes)
$NpcGroup_Yoshi will be placed at 802467FC (length = 1F0 bytes)
$Function_80240B38 will be placed at 802469EC (length = 140 bytes)
$Script_MakeEntities will be placed at 80246B2C (length = F0 bytes)
$Script_UpgradeSoundsAndEffects will be placed at 80246C1C (length = F0 bytes)
$CantBribe will be placed at 80241B28 (length = DC bytes)
$Function_80240120 will be placed at 80246D0C (length = AC bytes)
$Function_80240480 will be placed at 80246DB8 (length = 90 bytes)
$Function_80240068 will be placed at 80246E48 (length = 6C bytes)
$Function_80240544 will be placed at 80246EB4 (length = 64 bytes)
$Function_802405A8 will be placed at 80246F18 (length = 58 bytes)
$Function_802400D4 will be placed at 80246F70 (length = 4C bytes)
$Function_80240CC0 will be placed at 80246FBC (length = 48 bytes)
$Function_80240C78 will be placed at 80247004 (length = 48 bytes)
$IntTable_UpgradeDescriptions will be placed at 8024704C (length = 48 bytes)
$Script_Init_Yoshi will be placed at 80247094 (length = 44 bytes)
$Script_Interact will be placed at 802470D8 (length = 3C bytes)
$Function_GetPartnerNameString will be placed at 80247114 (length = 38 bytes)
$Function_80240510 will be placed at 8024714C (length = 34 bytes)
$Function_80240D08 will be placed at 80247180 (length = 30 bytes)
$NpcGroupList_WithYoshi will be placed at 802471B0 (length = 30 bytes)
$Function_SwitchPartner will be placed at 802471E0 (length = 2C bytes)
$YoshiSettings will be placed at 8024720C (length = 2C bytes)
$Function_8024003C will be placed at 80247238 (length = 2C bytes)
$Function_Disable_40_At_8009A650 will be placed at 80247264 (length = 20 bytes)
$Function_Enable_40_At_8009A650 will be placed at 80247284 (length = 1C bytes)
$IntTable_LegalPartnerIDs will be placed at 80241EDC (length = 14 bytes)
$IntTable_StrangeVector will be placed at 802400D4 (length = C bytes)
$IntTable_ForbiddenUpgradeText will be placed at 802419C8 (length = 8 bytes)
$Script_IdleAI will be placed at 802459F8 (length = 8 bytes)
Changing pointer 80241B28 to 80246B2C ($Script_MakeEntities[0])
Executing patches for: kpa_96
Reading patch file: map/patch/bowser's castle/kpa_96.mpat
Reading patch for $ShopPriceList_802403A0
Reading patch for $ShopInventory_8024034C
Merged 5 regions to 4
Executing patches for: hal_00
Reading patch file: map/patch/crystal hall/hal_00.mpat
Creating struct: $Header
Creating struct: $Function_GetTattle
Creating struct: $EntryList
Creating struct: $Script_TexturePan_Update
Creating struct: $Function_TexturePan_Simple
Creating struct: $Function_TexturePan_Complex
Creating struct: $Script_Main
Creating struct: $Function_Init
Creating struct: $Script_MakeEntities
Creating struct: $Script_SetupMusic
Creating struct: $Script_SetupTexturePan
Creating struct: $Function_SetupFog
Creating struct: $Script_EnterMap
Creating struct: $Script_Exit0
Creating struct: $Script_Exit1
Creating struct: $Script_CreateExitTriggers
Creating struct: $Script_ReadSign_Sign
Merged 1 regions to 1
$Function_TexturePan_Complex will be placed at 80240000 (length = 1E8 bytes)
$String_ReadSign_Sign will be placed at 802401E8 (length = 1D0 bytes)
$Function_TexturePan_Simple will be placed at 802403B8 (length = 124 bytes)
$Script_SetupTexturePan will be placed at 802404DC (length = C4 bytes)
$Script_EnterMap will be placed at 802405A0 (length = A0 bytes)
$Script_Main will be placed at 80240640 (length = 9C bytes)
$MapTattle will be placed at 802406DC (length = 80 bytes)
$Script_MakeEntities will be placed at 8024075C (length = 74 bytes)
$Script_TexturePan_Update will be placed at 802407D0 (length = 64 bytes)
$Script_Exit1 will be placed at 80240834 (length = 48 bytes)
$Header will be placed at 8024087C (length = 40 bytes)
$Function_SetupFog will be placed at 802408BC (length = 40 bytes)
$Script_Exit0 will be placed at 802408FC (length = 40 bytes)
$Script_CreateExitTriggers will be placed at 8024093C (length = 38 bytes)
$Script_ReadSign_Sign will be placed at 80240974 (length = 34 bytes)
$Function_Init will be placed at 802409A8 (length = 2C bytes)
$Script_SetupMusic will be placed at 802409D4 (length = 2C bytes)
$EntryList will be placed at 80240A00 (length = 20 bytes)
$Function_GetTattle will be placed at 80240A20 (length = 14 bytes)
$ASCII_"hos_11"_Literal will be placed at 80240A34 (length = C bytes)
$ASCII_"hal_01"_Literal will be placed at 80240A40 (length = C bytes)
$ASCII_"hos_tex"_Literal will be placed at 80240A4C (length = 8 bytes)
Executing patches for: hal_01
Reading patch file: map/patch/crystal hall/hal_01.mpat
Creating struct: $Header
Creating struct: $EntryList
Creating struct: $Function_GetTattle
Creating struct: $Script_TexturePan_Update
Creating struct: $Function_TexturePan_Simple
Creating struct: $Function_TexturePan_Complex
Creating struct: $Script_Main
Creating struct: $Function_Init
Creating struct: $Script_SetupMusic
Creating struct: $Script_SetupTexturePan
Creating struct: $Function_SetupFog
Creating struct: $Script_EnterMap
Creating struct: $Script_Exit0
Creating struct: $Script_Exit1
Creating struct: $Script_CreateExitTriggers
Creating struct: $Script_Init_Enemy
Creating struct: $Script_Outcome
Creating struct: $Function_StarEffect
Creating struct: $Script_Idle
Creating struct: $Reset_Enemy_Flag
Creating struct: $NpcSettings_Boss
Creating struct: $LightGoomba
Creating struct: $LightChomp
Creating struct: $LightBubble
Creating struct: $BreezeeDayzee
Creating struct: $LightGoombario
Creating struct: $NpcGroupList_1
Creating struct: $NpcGroupList_2
Creating struct: $NpcGroupList_3
Creating struct: $NpcGroupList_4
Creating struct: $NpcGroupList_5
Merged 1 regions to 1
$LightGoombario will be placed at 80240000 (length = 1F0 bytes)
$LightChomp will be placed at 802401F0 (length = 1F0 bytes)
$LightBubble will be placed at 802403E0 (length = 1F0 bytes)
$BreezeeDayzee will be placed at 802405D0 (length = 1F0 bytes)
$LightGoomba will be placed at 802407C0 (length = 1F0 bytes)
$Function_TexturePan_Complex will be placed at 802409B0 (length = 1E8 bytes)
$Script_Main will be placed at 80240B98 (length = 1E0 bytes)
$Script_Outcome will be placed at 80240D78 (length = 14C bytes)
$Function_TexturePan_Simple will be placed at 80240EC4 (length = 124 bytes)
$Script_SetupTexturePan will be placed at 80240FE8 (length = C4 bytes)
$Script_Exit0 will be placed at 802410AC (length = B4 bytes)
$Function_StarEffect will be placed at 80241160 (length = AC bytes)
$MapTattle will be placed at 8024120C (length = 98 bytes)
$Script_Exit1 will be placed at 802412A4 (length = 6C bytes)
$Script_TexturePan_Update will be placed at 80241310 (length = 64 bytes)
$Script_EnterMap will be placed at 80241374 (length = 54 bytes)
$Script_Idle will be placed at 802413C8 (length = 50 bytes)
$ExitWarning will be placed at 80241418 (length = 48 bytes)
$Function_SetupFog will be placed at 80241460 (length = 40 bytes)
$HealInfo2 will be placed at 802414A0 (length = 40 bytes)
$Header will be placed at 802414E0 (length = 40 bytes)
$Script_CreateExitTriggers will be placed at 80241520 (length = 38 bytes)
$NpcSettings_Boss will be placed at 80241558 (length = 2C bytes)
$Function_Init will be placed at 80241584 (length = 2C bytes)
$Script_SetupMusic will be placed at 802415B0 (length = 2C bytes)
$Script_Init_Enemy will be placed at 802415DC (length = 28 bytes)
$EntryList will be placed at 80241604 (length = 20 bytes)
$HealInfo will be placed at 80241624 (length = 20 bytes)
$Reset_Enemy_Flag will be placed at 80241644 (length = 20 bytes)
$NpcGroupList_2 will be placed at 80241664 (length = 18 bytes)
$NpcGroupList_1 will be placed at 8024167C (length = 18 bytes)
$NpcGroupList_5 will be placed at 80241694 (length = 18 bytes)
$NpcGroupList_4 will be placed at 802416AC (length = 18 bytes)
$NpcGroupList_3 will be placed at 802416C4 (length = 18 bytes)
$Function_GetTattle will be placed at 802416DC (length = 14 bytes)
$ASCII_"hal_02"_Literal will be placed at 802416F0 (length = C bytes)
$ASCII_"hal_00"_Literal will be placed at 802416FC (length = C bytes)
$ASCII_"hal_01"_Literal will be placed at 80241708 (length = C bytes)
$ASCII_"hos_tex"_Literal will be placed at 80241714 (length = 8 bytes)
Executing patches for: hal_02
Reading patch file: map/patch/crystal hall/hal_02.mpat
Creating struct: $Header
Creating struct: $EntryList
Creating struct: $Function_GetTattle
Creating struct: $Script_TexturePan_Update
Creating struct: $Function_TexturePan_Simple
Creating struct: $Function_TexturePan_Complex
Creating struct: $Script_Main
Creating struct: $Function_Init
Creating struct: $Script_SetupMusic
Creating struct: $Script_SetupTexturePan
Creating struct: $Function_SetupFog
Creating struct: $Script_EnterMap
Creating struct: $Script_Exit0
Creating struct: $Script_CreateExitTriggers
Creating struct: $Script_Init_Enemy
Creating struct: $Script_Outcome
Creating struct: $Script_Idle
Creating struct: $Reset_Enemy_Flag
Creating struct: $NpcSettings_Boss
Creating struct: $QueenOfLight
Creating struct: $NpcGroupList_1
Creating struct: $FlipCheatFlag
Creating struct: $Function_SetCheatFlag
Merged 1 regions to 1
$QueenOfLight will be placed at 80240000 (length = 1F0 bytes)
$Function_TexturePan_Complex will be placed at 802401F0 (length = 1E8 bytes)
$Function_TexturePan_Simple will be placed at 802403D8 (length = 124 bytes)
$Script_Exit0 will be placed at 802404FC (length = 104 bytes)
$Script_SetupTexturePan will be placed at 80240600 (length = C4 bytes)
$Script_Main will be placed at 802406C4 (length = C0 bytes)
$Script_TexturePan_Update will be placed at 80240784 (length = 64 bytes)
$Script_Outcome will be placed at 802407E8 (length = 60 bytes)
$Script_Idle will be placed at 80240848 (length = 50 bytes)
$Script_EnterMap will be placed at 80240898 (length = 4C bytes)
$ExitWarning will be placed at 802408E4 (length = 48 bytes)
$MapTattle will be placed at 8024092C (length = 44 bytes)
$FlipCheatFlag will be placed at 80240970 (length = 44 bytes)
$Function_SetupFog will be placed at 802409B4 (length = 40 bytes)
$Header will be placed at 802409F4 (length = 40 bytes)
$NpcSettings_Boss will be placed at 80240A34 (length = 2C bytes)
$Function_Init will be placed at 80240A60 (length = 2C bytes)
$Function_SetCheatFlag will be placed at 80240A8C (length = 2C bytes)
$Script_SetupMusic will be placed at 80240AB8 (length = 2C bytes)
$Script_Init_Enemy will be placed at 80240AE4 (length = 28 bytes)
$Reset_Enemy_Flag will be placed at 80240B0C (length = 20 bytes)
$Script_CreateExitTriggers will be placed at 80240B2C (length = 20 bytes)
$NpcGroupList_1 will be placed at 80240B4C (length = 18 bytes)
$Function_GetTattle will be placed at 80240B64 (length = 14 bytes)
$EntryList will be placed at 80240B78 (length = 10 bytes)
$ASCII_"hal_00"_Literal will be placed at 80240B88 (length = C bytes)
$ASCII_"hos_tex"_Literal will be placed at 80240B94 (length = 8 bytes)
Executing patches for: pra_01
Reading patch file: map/patch/crystal palace/pra_01.mpat
Creating struct: $NpcGroup_8024B1D8
Creating struct: $NpcGroupList_8024DC88
Reading patch for $NpcGroupList_80242F60
Creating struct: $NpcSettings_80243EE0
Reading patch for $Script_Main
Creating struct: $Script_Init_802497B0
Creating struct: $Function_802419E4
Creating struct: $Function_80241BB8
Creating struct: $Script_Interact_80249184
Creating struct: $Function_SetEffectPalette
Creating struct: $Function_AddMaxHP4
Creating struct: $Function_SubMaxHP4
Creating struct: $Function_AddMaxHP
Creating struct: $Function_AddMaxFP
Creating struct: $Function_AddMaxBP
Creating struct: $Function_SubMaxHP
Creating struct: $Function_SubMaxFP
Creating struct: $Function_SubMaxBP
Creating struct: $Function_EnforceStatMaximums
Creating struct: $Function_80241C20
Creating struct: $Function_80241C40
Creating struct: $Function_80241C60
Creating struct: $Function_802419D0
Creating struct: $Function_80241B90
Creating struct: $Function_802418AC
Creating struct: $Function_80241848
Merged 9 regions to 6
$Script_Interact_80249184 will be placed at 80242FA8 (length = E04 bytes)
$NpcGroup_8024B1D8 will be placed at 80243DAC (length = 1F0 bytes)
$ChetTattle will be placed at 80243F9C (length = 124 bytes)
$String_ChetRippoFirst will be placed at 802440C0 (length = 118 bytes)
$String_ChetRippoStart will be placed at 802441D8 (length = 118 bytes)
$Script_Init_802497B0 will be placed at 802442F0 (length = E8 bytes)
$String_ChetRippoStartShort will be placed at 802443D8 (length = CC bytes)
$String_DowngradeSuccessBP will be placed at 802444A4 (length = BC bytes)
$String_GreedCurse will be placed at 80244560 (length = 9C bytes)
$Function_802418AC will be placed at 80241E78 (length = 98 bytes)
$String_DowngradeSuccess will be placed at 802445FC (length = 94 bytes)
$String_LowerMenu will be placed at 80244690 (length = 8C bytes)
$String_ChetRippoTooPoor will be placed at 8024471C (length = 8C bytes)
$String_RaiseMenu will be placed at 802447A8 (length = 88 bytes)
$Function_802419E4 will be placed at 80244830 (length = 80 bytes)
$Function_EnforceStatMaximums will be placed at 802448B0 (length = 70 bytes)
$String_BadgeCurse will be placed at 80244920 (length = 6C bytes)
$Function_80241BB8 will be placed at 8024498C (length = 68 bytes)
$Function_80241848 will be placed at 802449F4 (length = 64 bytes)
$Function_SubMaxHP will be placed at 80244A58 (length = 58 bytes)
$Function_AddMaxHP will be placed at 80244AB0 (length = 58 bytes)
$Function_SetEffectPalette will be placed at 80244B08 (length = 58 bytes)
$Function_SubMaxFP will be placed at 80244B60 (length = 58 bytes)
$Function_AddMaxFP will be placed at 80244BB8 (length = 58 bytes)
$Function_AddMaxHP4 will be placed at 80244C10 (length = 58 bytes)
$Function_SubMaxHP4 will be placed at 80244C68 (length = 58 bytes)
$String_ChetRippoNoRaise will be placed at 80244CC0 (length = 54 bytes)
$String_ChetRippoNoLower will be placed at 80244D14 (length = 54 bytes)
$String_ChetRippoNormalOptions will be placed at 80244D68 (length = 54 bytes)
$Function_AddMaxBP will be placed at 80244DBC (length = 4C bytes)
$String_ChetRippoNoLowerError will be placed at 80244E08 (length = 4C bytes)
$Function_SubMaxBP will be placed at 80244E54 (length = 4C bytes)
$String_Paradox will be placed at 80244EA0 (length = 4C bytes)
$String_DowngradeStat will be placed at 80244EEC (length = 40 bytes)
$String_UpgradeStat will be placed at 80244F2C (length = 3C bytes)
$String_CantDowngradeThat will be placed at 80244F68 (length = 38 bytes)
$String_CantUpgradeThat will be placed at 80244FA0 (length = 38 bytes)
$String_ChetRippoNoStarTokens will be placed at 80244FD8 (length = 30 bytes)
$String_UpgradeSuccess will be placed at 80245008 (length = 2C bytes)
$NpcSettings_80243EE0 will be placed at 80245034 (length = 2C bytes)
$Function_80241B90 will be placed at 80245060 (length = 28 bytes)
$Function_80241C60 will be placed at 80245088 (length = 28 bytes)
$NpcGroupList_80242F60 will be placed at 802450B0 (length = 24 bytes)
$Function_80241C20 will be placed at 80242F60 (length = 20 bytes)
$Function_80241C40 will be placed at 802450D4 (length = 20 bytes)
$NpcGroupList_8024DC88 will be placed at 802450F4 (length = 18 bytes)
$Function_802419D0 will be placed at 8024510C (length = 14 bytes)
Changing pointer 80243178 to 802452E8 ($End[1C8])
Changing pointer 80243178 to 802452E8 ($End[1C8])
Changing pointer 80243178 to 802452E8 ($End[1C8])
Changing pointer 80242FB0 to 80245120 ($End[0])
Changing pointer 80242FB0 to 80245120 ($End[0])
Changing pointer 80242FB0 to 80245120 ($End[0])
Changing pointer 80242F60 to 802450B0 ($NpcGroupList_80242F60[0])
Changing pointer 80242FB0 to 80245120 ($End[0])
Changing pointer 80243178 to 802452E8 ($End[1C8])
Executing patches for: pra_04
Reading patch file: map/patch/crystal palace/pra_04.mpat
Reading patch for $Script_MakeEntities
Reading patch for $NpcGroupList_80241498
Merged 9 regions to 8
Executing patches for: pra_09
Reading patch file: map/patch/crystal palace/pra_09.mpat
Reading patch for $NpcGroup_802447A0
Reading patch for $NpcGroup_80246028
Reading patch for $Script_80242374
Reading patch for $Script_80242BE8
Reading patch for $Script_Interact_80244454
Creating struct: $Function_802414F4_Dark
Reading patch for $Script_80243270
Creating struct: $Script_80242B78_Dark
Creating struct: $Script_80242A58_Dark
Merged 9 regions to 9
$Function_802414F4_Dark will be placed at 802430A8 (length = 104 bytes)
$Script_80242B78_Dark will be placed at 80243F44 (length = 58 bytes)
$Script_80242A58_Dark will be placed at 80246A20 (length = 58 bytes)
Changing pointer 80246BE8 to 80246C48 ($End[1C8])
Changing pointer 80246BE8 to 80246C48 ($End[1C8])
Changing pointer 80246BE8 to 80246C48 ($End[1C8])
Changing pointer 80246A20 to 80246A80 ($End[0])
Changing pointer 80246A20 to 80246A80 ($End[0])
Changing pointer 80246A20 to 80246A80 ($End[0])
Changing pointer 80246A20 to 80246A80 ($End[0])
Changing pointer 80246BE8 to 80246C48 ($End[1C8])
Executing patches for: pra_19
Reading patch file: map/patch/crystal palace/pra_19.mpat
Reading patch for $NpcGroup_80246FFC
Reading patch for $NpcGroup_80245394
Reading patch for $Script_80242F9C
Reading patch for $Script_80243A44
Reading patch for $Script_Interact_80244F64
Reading patch for $ExtraAnimationList_80245330
Merged 9 regions to 9
Executing patches for: cav_00
Reading patch file: map/patch/dark cave/cav_00.mpat
Reading patch file: map/import/EnterViaPipe.mpat
Creating struct: $Script_EnterVerticalPipe
Creating struct: $Function_WarpPipeEntry_80240020
Creating struct: $Function_WarpPipeEntry_802400F0
Creating struct: $Function_WarpPipeEntry_8024023C
Creating struct: $Script_EnterHorizontalPipe
Reading patch file: map/import/ExitViaPipe.mpat
Creating struct: $Function_80240000
Creating struct: $Function_80240034
Creating struct: $Function_802400F0
Creating struct: $Function_802401D0
Creating struct: $Function_8024023C
Creating struct: $Script_VerticalPipe
Creating struct: $Script_HorizontalPipe
Creating struct: $Script_80243E50
Creating struct: $Script_EnterCeilingPipe
Creating struct: $CeilingPipe_Function1
Creating struct: $CeilingPipe_Function2
Creating struct: $Header
Creating struct: $Function_Init
Creating struct: $Function_GetTattle
Creating struct: $Script_UseBluePipe1
Creating struct: $Script_UseBluePipe2
Creating struct: $EntryList
Creating struct: $Script_SetMusic
Creating struct: $Script_Main
Creating struct: $Script_MakeExits
Creating struct: $Script_ExitViaPipe
Creating struct: $Script_Entry0
Creating struct: $Script_Entry1
Merged 1 regions to 1
$Script_Main will be placed at 80240000 (length = 328 bytes)
$Script_EnterHorizontalPipe will be placed at 80240328 (length = 300 bytes)
$Script_EnterVerticalPipe will be placed at 80240628 (length = 280 bytes)
$Script_HorizontalPipe will be placed at 802408A8 (length = 248 bytes)
$Script_EnterCeilingPipe will be placed at 80240AF0 (length = 23C bytes)
$Script_80243E50 will be placed at 80240D2C (length = 160 bytes)
$CeilingPipe_Function1 will be placed at 80240E8C (length = E0 bytes)
$Function_802400F0 will be placed at 80240F6C (length = E0 bytes)
$Function_WarpPipeEntry_802400F0 will be placed at 8024104C (length = E0 bytes)
$Function_80240034 will be placed at 8024112C (length = BC bytes)
$Function_8024023C will be placed at 802411E8 (length = A4 bytes)
$Function_WarpPipeEntry_8024023C will be placed at 8024128C (length = A4 bytes)
$Script_VerticalPipe will be placed at 80241330 (length = 90 bytes)
$CeilingPipe_Function2 will be placed at 802413C0 (length = 6C bytes)
$Function_802401D0 will be placed at 8024142C (length = 6C bytes)
$MapTattle will be placed at 80241498 (length = 58 bytes)
$EntryList will be placed at 802414F0 (length = 40 bytes)
$Script_Entry1 will be placed at 80241530 (length = 40 bytes)
$Header will be placed at 80241570 (length = 40 bytes)
$Script_ExitViaPipe will be placed at 802415B0 (length = 3C bytes)
$Script_MakeExits will be placed at 802415EC (length = 38 bytes)
$Function_Init will be placed at 80241624 (length = 2C bytes)
$Function_80240000 will be placed at 80241650 (length = 20 bytes)
$Script_Entry0 will be placed at 80241670 (length = 20 bytes)
$Script_UseBluePipe2 will be placed at 80241690 (length = 20 bytes)
$Script_UseBluePipe1 will be placed at 802416B0 (length = 20 bytes)
$Script_SetMusic will be placed at 802416D0 (length = 20 bytes)
$Function_GetTattle will be placed at 802416F0 (length = 14 bytes)
$Function_WarpPipeEntry_80240020 will be placed at 80241704 (length = 14 bytes)
$ASCII_"cav_12"_Literal will be placed at 80241718 (length = C bytes)
$ASCII_"tem_00"_Literal will be placed at 80241724 (length = C bytes)
$ASCII_"tik_26"_Literal will be placed at 80241730 (length = C bytes)
$ASCII_"cav_01"_Literal will be placed at 8024173C (length = C bytes)
$ASCII_"kpa_tex"_Literal will be placed at 80241748 (length = 8 bytes)
Executing patches for: cav_01
Reading patch file: map/patch/dark cave/cav_01.mpat
Creating struct: $Header
Creating struct: $Function_Init
Creating struct: $Function_GetTattle
Creating struct: $NpcGroupList_Clefts
Creating struct: $NpcGroup_Cleft1
Creating struct: $NpcGroup_Cleft2
Creating struct: $NpcGroup_Cleft3
Creating struct: $AISettings_80241CEC
Creating struct: $Script_NpcAI_80241D1C
Creating struct: $NpcSettings_Cleft
Creating struct: $EntryList
Creating struct: $Script_SetMusic
Creating struct: $Script_MakeEntities
Creating struct: $Script_Spring
Creating struct: $Script_80241420
Creating struct: $Script_Main
Creating struct: $Script_MakeExits
Creating struct: $Script_Entry0
Creating struct: $Script_Entry1
Creating struct: $Function_80240C90
Creating struct: $Function_80240000
Creating struct: $Function_80240160
Creating struct: $Function_802401D4
Creating struct: $Function_80240304
Creating struct: $Function_802403A0
Creating struct: $Function_80240428
Creating struct: $Function_802404D0
Creating struct: $Function_80240644
Creating struct: $Function_80240694
Creating struct: $Function_80240834
Creating struct: $Function_80240984
Creating struct: $Function_80240A30
Creating struct: $Function_80240B68
Creating struct: $Function_80240BE4
Creating struct: $Function_80240C4C
Creating struct: $ConstDouble_80242D40
Creating struct: $ConstDouble_80242D48
Creating struct: $ConstDouble_80242D50
Creating struct: $ConstDouble_80242D58
Creating struct: $ConstDouble_80242D60
Creating struct: $JumpTable_80242D68
Merged 1 regions to 1
$Function_80240C90 will be placed at 80240000 (length = 350 bytes)
$NpcGroup_Cleft3 will be placed at 80240350 (length = 1F0 bytes)
$NpcGroup_Cleft1 will be placed at 80240540 (length = 1F0 bytes)
$NpcGroup_Cleft2 will be placed at 80240730 (length = 1F0 bytes)
$Function_80240694 will be placed at 80240920 (length = 1A0 bytes)
$Function_802404D0 will be placed at 80240AC0 (length = 174 bytes)
$Function_80240000 will be placed at 80240C34 (length = 160 bytes)
$Function_80240834 will be placed at 80240D94 (length = 150 bytes)
$Function_80240A30 will be placed at 80240EE4 (length = 138 bytes)
$Function_802401D4 will be placed at 8024101C (length = 130 bytes)
$JumpTable_80242D68 will be placed at 8024114C (length = D4 bytes)
$Script_Spring will be placed at 80241220 (length = C8 bytes)
$Script_Main will be placed at 802412E8 (length = C4 bytes)
$Function_80240984 will be placed at 802413AC (length = AC bytes)
$Function_80240428 will be placed at 80241458 (length = A8 bytes)
$Function_80240304 will be placed at 80241500 (length = 9C bytes)
$Function_802403A0 will be placed at 8024159C (length = 88 bytes)
$Script_MakeEntities will be placed at 80241624 (length = 84 bytes)
$Function_80240B68 will be placed at 802416A8 (length = 7C bytes)
$MapTattle will be placed at 80241724 (length = 78 bytes)
$Function_80240160 will be placed at 8024179C (length = 74 bytes)
$Function_80240BE4 will be placed at 80241810 (length = 68 bytes)
$Function_Init will be placed at 80241878 (length = 58 bytes)
$Function_80240644 will be placed at 802418D0 (length = 50 bytes)
$Script_80241420 will be placed at 80241920 (length = 48 bytes)
$Function_80240C4C will be placed at 80241968 (length = 44 bytes)
$Script_Entry1 will be placed at 802419AC (length = 40 bytes)
$Script_Entry0 will be placed at 802419EC (length = 40 bytes)
$Header will be placed at 80241A2C (length = 40 bytes)
$Script_MakeExits will be placed at 80241A6C (length = 38 bytes)
$NpcGroupList_Clefts will be placed at 80241AA4 (length = 30 bytes)
$AISettings_80241CEC will be placed at 80241AD4 (length = 30 bytes)
$NpcSettings_Cleft will be placed at 80241B04 (length = 2C bytes)
$EntryList will be placed at 80241B30 (length = 20 bytes)
$Script_SetMusic will be placed at 80241B50 (length = 20 bytes)
$Script_NpcAI_80241D1C will be placed at 80241B70 (length = 18 bytes)
$Function_GetTattle will be placed at 80241B88 (length = 14 bytes)
$ASCII_"cav_00"_Literal will be placed at 80241B9C (length = C bytes)
$ASCII_"cav_02"_Literal will be placed at 80241BA8 (length = C bytes)
$ConstDouble_80242D58 will be placed at 80241BB8 (length = 8 bytes)
$ConstDouble_80242D50 will be placed at 80241BC0 (length = 8 bytes)
$ConstDouble_80242D48 will be placed at 80241BC8 (length = 8 bytes)
$ConstDouble_80242D60 will be placed at 80241BD0 (length = 8 bytes)
$ConstDouble_80242D40 will be placed at 80241BD8 (length = 8 bytes)
$ASCII_"kpa_tex"_Literal will be placed at 80241BE0 (length = 8 bytes)
Executing patches for: cav_02
Reading patch file: map/patch/dark cave/cav_02.mpat
Creating struct: $Header
Creating struct: $Function_GetTattle
Creating struct: $Function_Init
Creating struct: $NpcGroupList_Cave
Creating struct: $NpcGroup_Puff1
Creating struct: $NpcGroup_Puff2
Creating struct: $NpcGroup_Cleft1
Creating struct: $NpcGroup_Cleft2
Creating struct: $NpcGroup_Cleft3
Creating struct: $NpcGroup_Rocks
Creating struct: $AISettings_80241CEC
Creating struct: $Script_NpcAI_80241D1C
Creating struct: $NpcSettings_Cleft
Creating struct: $RockData
Creating struct: $AISettings_Puff
Creating struct: $Script_NpcAI_Puff
Creating struct: $NpcSettings_Puff
Creating struct: $EntryList
Creating struct: $Script_SetMusic
Creating struct: $Script_MakeEntities
Creating struct: $Script_Main
Creating struct: $Script_MakeExits
Creating struct: $Script_Entry0
Creating struct: $Script_Entry1
Creating struct: $Script_Entry2
Creating struct: $Function_80240C90
Creating struct: $Function_80240000
Creating struct: $Function_80240160
Creating struct: $Function_802401D4
Creating struct: $Function_80240304
Creating struct: $Function_802403A0
Creating struct: $Function_80240428
Creating struct: $Function_802404D0
Creating struct: $Function_80240644
Creating struct: $Function_80240694
Creating struct: $Function_80240834
Creating struct: $Function_80240984
Creating struct: $Function_80240A30
Creating struct: $Function_80240B68
Creating struct: $Function_80240BE4
Creating struct: $Function_80240C4C
Creating struct: $ConstDouble_80242D40
Creating struct: $ConstDouble_80242D48
Creating struct: $ConstDouble_80242D58
Creating struct: $ConstDouble_80242D60
Creating struct: $JumpTable_80242D68
Creating struct: $JumpTable_80245450_PoisonPuff
Creating struct: $Function_80240E50_PoisonPuff
Creating struct: $Function_80241000_PoisonPuff
Creating struct: $Function_80241628_PoisonPuff
Creating struct: $Function_802416E8_PoisonPuff
Creating struct: $Function_80241A2C_PoisonPuff
Creating struct: $Function_80241AA4_PoisonPuff
Creating struct: $Function_80241B10_PoisonPuff
Creating struct: $Function_80241C44_PoisonPuff
Creating struct: $Function_80241CA8_PoisonPuff
Creating struct: $Function_80242038_PoisonPuff
Creating struct: $Function_80242754_PoisonPuff
Creating struct: $Function_80242348_PoisonPuff
Creating struct: $Function_80242478_PoisonPuff
Creating struct: $Function_802426F8_PoisonPuff
Creating struct: $FloatTable_80244010_PoisonPuff
Creating struct: $ConstDouble_802453F0_PoisonPuff
Creating struct: $ConstDouble_80245448_PoisonPuff
Creating struct: $ConstDouble_802453F8_PoisonPuff
Creating struct: $ConstDouble_80245400_PoisonPuff
Merged 1 regions to 1
$NpcGroup_Rocks will be placed at 80240000 (length = 9B0 bytes)
$Function_80241000_PoisonPuff will be placed at 802409B0 (length = 630 bytes)
$Function_80241CA8_PoisonPuff will be placed at 80240FE0 (length = 390 bytes)
$Function_80240C90 will be placed at 80241370 (length = 350 bytes)
$Function_802416E8_PoisonPuff will be placed at 802416C0 (length = 344 bytes)
$Function_80242478_PoisonPuff will be placed at 80241A04 (length = 288 bytes)
$NpcGroup_Cleft3 will be placed at 80241C8C (length = 1F0 bytes)
$NpcGroup_Cleft1 will be placed at 80241E7C (length = 1F0 bytes)
$NpcGroup_Cleft2 will be placed at 8024206C (length = 1F0 bytes)
$NpcGroup_Puff1 will be placed at 8024225C (length = 1F0 bytes)
$NpcGroup_Puff2 will be placed at 8024244C (length = 1F0 bytes)
$Function_80242754_PoisonPuff will be placed at 8024263C (length = 1E8 bytes)
$Function_80240E50_PoisonPuff will be placed at 80242824 (length = 1B0 bytes)
$Function_80240694 will be placed at 802429D4 (length = 1A0 bytes)
$Function_802404D0 will be placed at 80242B74 (length = 174 bytes)
$Function_80240000 will be placed at 80242CE8 (length = 160 bytes)
$Function_80240834 will be placed at 80242E48 (length = 150 bytes)
$Function_80240A30 will be placed at 80242F98 (length = 138 bytes)
$Function_802401D4 will be placed at 802430D0 (length = 138 bytes)
$Function_80241B10_PoisonPuff will be placed at 80243208 (length = 134 bytes)
$Function_80242348_PoisonPuff will be placed at 8024333C (length = 130 bytes)
$Function_80242038_PoisonPuff will be placed at 8024346C (length = 124 bytes)
$MapTattle will be placed at 80243590 (length = 120 bytes)
$JumpTable_80242D68 will be placed at 802436B0 (length = D4 bytes)
$Script_Main will be placed at 80243784 (length = C4 bytes)
$Function_80241628_PoisonPuff will be placed at 80243848 (length = C0 bytes)
$Function_80240984 will be placed at 80243908 (length = AC bytes)
$Function_80240428 will be placed at 802439B4 (length = A8 bytes)
$Function_80240304 will be placed at 80243A5C (length = 9C bytes)
$Function_802403A0 will be placed at 80243AF8 (length = 88 bytes)
$Function_80240B68 will be placed at 80243B80 (length = 7C bytes)
$Function_80241A2C_PoisonPuff will be placed at 80243BFC (length = 78 bytes)
$Function_80240160 will be placed at 80243C74 (length = 74 bytes)
$Function_80241AA4_PoisonPuff will be placed at 80243CE8 (length = 6C bytes)
$Function_80240BE4 will be placed at 80243D54 (length = 68 bytes)
$Function_80241C44_PoisonPuff will be placed at 80243DBC (length = 64 bytes)
$Function_802426F8_PoisonPuff will be placed at 80243E20 (length = 5C bytes)
$Function_Init will be placed at 80243E7C (length = 58 bytes)
$Script_NpcAI_Puff will be placed at 80243ED4 (length = 54 bytes)
$NpcGroupList_Cave will be placed at 80243F28 (length = 54 bytes)
$JumpTable_80245450_PoisonPuff will be placed at 80243F7C (length = 54 bytes)
$Function_80240644 will be placed at 80243FD0 (length = 50 bytes)
$Script_MakeExits will be placed at 80244020 (length = 50 bytes)
$Function_80240C4C will be placed at 80244070 (length = 44 bytes)
$Script_Entry1 will be placed at 802440B4 (length = 40 bytes)
$Script_Entry0 will be placed at 802440F4 (length = 40 bytes)
$Script_Entry2 will be placed at 80244134 (length = 40 bytes)
$Header will be placed at 80244174 (length = 40 bytes)
$EntryList will be placed at 802441B4 (length = 30 bytes)
$AISettings_Puff will be placed at 802441E4 (length = 30 bytes)
$AISettings_80241CEC will be placed at 80244214 (length = 30 bytes)
$NpcSettings_Puff will be placed at 80244244 (length = 2C bytes)
$NpcSettings_Cleft will be placed at 80244270 (length = 2C bytes)
$RockData will be placed at 8024429C (length = 2C bytes)
$Script_MakeEntities will be placed at 802442C8 (length = 28 bytes)
$Script_SetMusic will be placed at 802442F0 (length = 20 bytes)
$FloatTable_80244010_PoisonPuff will be placed at 80244310 (length = 18 bytes)
$Script_NpcAI_80241D1C will be placed at 80244328 (length = 18 bytes)
$Function_GetTattle will be placed at 80244340 (length = 14 bytes)
$ASCII_"cav_03"_Literal will be placed at 80244354 (length = C bytes)
$ASCII_"cav_04"_Literal will be placed at 80244360 (length = C bytes)
$ASCII_"cav_01"_Literal will be placed at 8024436C (length = C bytes)
$ConstDouble_80242D58 will be placed at 80244378 (length = 8 bytes)
$ConstDouble_80245400_PoisonPuff will be placed at 80244380 (length = 8 bytes)
$ConstDouble_80242D48 will be placed at 80244388 (length = 8 bytes)
$ConstDouble_80242D40 will be placed at 80244390 (length = 8 bytes)
$ConstDouble_80245448_PoisonPuff will be placed at 80244398 (length = 8 bytes)
$ConstDouble_802453F8_PoisonPuff will be placed at 802443A0 (length = 8 bytes)
$ConstDouble_80242D60 will be placed at 802443A8 (length = 8 bytes)
$ConstDouble_802453F0_PoisonPuff will be placed at 802443B0 (length = 8 bytes)
$ASCII_"kpa_tex"_Literal will be placed at 802443B8 (length = 8 bytes)
Executing patches for: cav_03
Reading patch file: map/patch/dark cave/cav_03.mpat
Reading patch file: map/import/EnterViaPipe.mpat
Creating struct: $Script_EnterVerticalPipe
Creating struct: $Function_WarpPipeEntry_80240020
Creating struct: $Function_WarpPipeEntry_802400F0
Creating struct: $Function_WarpPipeEntry_8024023C
Creating struct: $Script_EnterHorizontalPipe
Reading patch file: map/import/ExitViaPipe.mpat
Creating struct: $Function_80240000
Creating struct: $Function_80240034
Creating struct: $Function_802400F0
Creating struct: $Function_802401D0
Creating struct: $Function_8024023C
Creating struct: $Script_VerticalPipe
Creating struct: $Script_HorizontalPipe
Creating struct: $Script_80243E50
Creating struct: $Script_EnterCeilingPipe
Creating struct: $CeilingPipe_Function1
Creating struct: $CeilingPipe_Function2
Creating struct: $Header
Creating struct: $Function_GetTattle
Creating struct: $Function_Init
Creating struct: $EntryList
Creating struct: $Script_SetMusic
Creating struct: $Script_Main
Creating struct: $Script_SignPost
Creating struct: $Script_RaisePipe
Creating struct: $Script_UseBluePipe
Creating struct: $Script_MakeExits
Creating struct: $Script_Entry0
Merged 1 regions to 1
$Script_EnterHorizontalPipe will be placed at 80240000 (length = 300 bytes)
$Script_EnterVerticalPipe will be placed at 80240300 (length = 280 bytes)
$Script_HorizontalPipe will be placed at 80240580 (length = 248 bytes)
$Script_EnterCeilingPipe will be placed at 802407C8 (length = 23C bytes)
$Script_Main will be placed at 80240A04 (length = 1F8 bytes)
$Script_80243E50 will be placed at 80240BFC (length = 160 bytes)
$CeilingPipe_Function1 will be placed at 80240D5C (length = E0 bytes)
$Function_802400F0 will be placed at 80240E3C (length = E0 bytes)
$Function_WarpPipeEntry_802400F0 will be placed at 80240F1C (length = E0 bytes)
$MapTattle will be placed at 80240FFC (length = DC bytes)
$Function_80240034 will be placed at 802410D8 (length = BC bytes)
$Function_8024023C will be placed at 80241194 (length = A4 bytes)
$Function_WarpPipeEntry_8024023C will be placed at 80241238 (length = A4 bytes)
$Script_VerticalPipe will be placed at 802412DC (length = 90 bytes)
$CeilingPipe_Function2 will be placed at 8024136C (length = 6C bytes)
$Function_802401D0 will be placed at 802413D8 (length = 6C bytes)
$Script_Entry0 will be placed at 80241444 (length = 40 bytes)
$Header will be placed at 80241484 (length = 40 bytes)
$SignText will be placed at 802414C4 (length = 38 bytes)
$Script_SignPost will be placed at 802414FC (length = 34 bytes)
$Script_UseBluePipe will be placed at 80241530 (length = 2C bytes)
$Function_Init will be placed at 8024155C (length = 2C bytes)
$Script_RaisePipe will be placed at 80241588 (length = 2C bytes)
$EntryList will be placed at 802415B4 (length = 20 bytes)
$Function_80240000 will be placed at 802415D4 (length = 20 bytes)
$Script_MakeExits will be placed at 802415F4 (length = 20 bytes)
$Script_SetMusic will be placed at 80241614 (length = 20 bytes)
$Function_GetTattle will be placed at 80241634 (length = 14 bytes)
$Function_WarpPipeEntry_80240020 will be placed at 80241648 (length = 14 bytes)
$ASCII_"pit_01"_Literal will be placed at 8024165C (length = C bytes)
$ASCII_"cav_02"_Literal will be placed at 80241668 (length = C bytes)
$ASCII_"kpa_tex"_Literal will be placed at 80241674 (length = 8 bytes)
Executing patches for: cav_04
Reading patch file: map/patch/dark cave/cav_04.mpat
Reading patch file: map/import/NPC_Cleft.mpat
Creating struct: $AISettings_Cleft
Creating struct: $Script_NpcAI_Cleft
Creating struct: $NpcSettings_Cleft
Creating struct: $Function_DoAI_Cleft
Creating struct: $Function_80240000
Creating struct: $Function_80240160
Creating struct: $Function_802401D4
Creating struct: $Function_80240304
Creating struct: $Function_802403A0
Creating struct: $Function_80240428
Creating struct: $Function_802404D0
Creating struct: $Function_80240644
Creating struct: $Function_80240694
Creating struct: $Function_80240834
Creating struct: $Function_80240984
Creating struct: $Function_80240A30
Creating struct: $Function_80240B68
Creating struct: $Function_80240BE4
Creating struct: $Function_80240C4C
Creating struct: $JumpTable_80242D68
Reading patch file: map/import/NPC_Boo.mpat
Creating struct: $Function_802404E0_BooEnemy
Creating struct: $Function_80240690_BooEnemy
Creating struct: $Function_80240CB8_BooEnemy
Creating struct: $Function_80240D78_BooEnemy
Creating struct: $Function_802410BC_BooEnemy
Creating struct: $Function_80241134_BooEnemy
Creating struct: $Function_802416C8_BooEnemy
Creating struct: $Function_802419D8_BooEnemy
Creating struct: $Function_80241B08_BooEnemy
Creating struct: $Function_80241D88_BooEnemy
Creating struct: $Function_AI_BooEnemy
Creating struct: $FloatTable_BooEnemy
Creating struct: $JumpTable_BooEnemy
Creating struct: $AISettings_BooEnemy
Creating struct: $Script_NpcAI_BooEnemy
Creating struct: $NpcSettings_BooEnemy
Creating struct: $Function_ChooseAlpha
Creating struct: $Script_Boo_Aux
Creating struct: $Header
Creating struct: $Function_GetTattle
Creating struct: $Function_Init
Creating struct: $NpcGroupList_Cave
Creating struct: $NpcGroup_Cleft1
Creating struct: $NpcGroup_Cleft2
Creating struct: $NpcGroup_Rocks
Creating struct: $RockData
Creating struct: $NpcGroup_Boo1
Creating struct: $NpcGroup_Boo2
Reading patch for $NpcSettings_BooEnemy
Reading patch for $NpcSettings_Cleft
Reading patch for $Script_NpcAI_Cleft
Creating struct: $EntryList
Creating struct: $Script_SetMusic
Creating struct: $Script_MakeEntities
Creating struct: $Script_Spring
Creating struct: $Script_80241420
Creating struct: $Script_Main
Creating struct: $LavaResetList
Creating struct: $Script_MakeExits
Creating struct: $Script_Entry0
Creating struct: $Script_Entry1
Creating struct: $Script_Entry2
Merged 1 regions to 1
$Function_80240690_BooEnemy will be placed at 80240000 (length = 638 bytes)
$Function_DoAI_Cleft will be placed at 80240638 (length = 350 bytes)
$Function_80240D78_BooEnemy will be placed at 80240988 (length = 344 bytes)
$Function_80241B08_BooEnemy will be placed at 80240CCC (length = 288 bytes)
$NpcGroup_Cleft1 will be placed at 80240F54 (length = 1F0 bytes)
$NpcGroup_Cleft2 will be placed at 80241144 (length = 1F0 bytes)
$NpcGroup_Rocks will be placed at 80241334 (length = 1F0 bytes)
$NpcGroup_Boo1 will be placed at 80241524 (length = 1F0 bytes)
$NpcGroup_Boo2 will be placed at 80241714 (length = 1F0 bytes)
$Function_AI_BooEnemy will be placed at 80241904 (length = 1E8 bytes)
$Function_802404E0_BooEnemy will be placed at 80241AEC (length = 1B8 bytes)
$Function_80240694 will be placed at 80241CA4 (length = 1A8 bytes)
$Function_802404D0 will be placed at 80241E4C (length = 174 bytes)
$Function_80240000 will be placed at 80241FC0 (length = 168 bytes)
$Function_80240834 will be placed at 80242128 (length = 150 bytes)
$Function_80240A30 will be placed at 80242278 (length = 138 bytes)
$Function_802401D4 will be placed at 802423B0 (length = 138 bytes)
$Function_802419D8_BooEnemy will be placed at 802424E8 (length = 130 bytes)
$Function_802416C8_BooEnemy will be placed at 80242618 (length = 124 bytes)
$Script_Main will be placed at 8024273C (length = D8 bytes)
$JumpTable_80242D68 will be placed at 80242814 (length = D4 bytes)
$Script_Boo_Aux will be placed at 802428E8 (length = CC bytes)
$Script_Spring will be placed at 802429B4 (length = C8 bytes)
$Function_80240CB8_BooEnemy will be placed at 80242A7C (length = C0 bytes)
$Function_80240984 will be placed at 80242B3C (length = B4 bytes)
$Function_80240428 will be placed at 80242BF0 (length = A8 bytes)
$Function_80240304 will be placed at 80242C98 (length = 9C bytes)
$Function_ChooseAlpha will be placed at 80242D34 (length = 98 bytes)
$Function_802403A0 will be placed at 80242DCC (length = 88 bytes)
$Function_80240B68 will be placed at 80242E54 (length = 7C bytes)
$Function_802410BC_BooEnemy will be placed at 80242ED0 (length = 78 bytes)
$Function_80240160 will be placed at 80242F48 (length = 74 bytes)
$MapTattle will be placed at 80242FBC (length = 6C bytes)
$Function_80241134_BooEnemy will be placed at 80243028 (length = 6C bytes)
$Function_80240BE4 will be placed at 80243094 (length = 68 bytes)
$Function_80241D88_BooEnemy will be placed at 802430FC (length = 5C bytes)
$Function_Init will be placed at 80243158 (length = 58 bytes)
$JumpTable_BooEnemy will be placed at 802431B0 (length = 54 bytes)
$Script_MakeEntities will be placed at 80243204 (length = 54 bytes)
$Script_NpcAI_BooEnemy will be placed at 80243258 (length = 54 bytes)
$Function_80240644 will be placed at 802432AC (length = 50 bytes)
$Script_MakeExits will be placed at 802432FC (length = 50 bytes)
$Script_80241420 will be placed at 8024334C (length = 48 bytes)
$NpcGroupList_Cave will be placed at 80243394 (length = 48 bytes)
$Function_80240C4C will be placed at 802433DC (length = 44 bytes)
$LavaResetList will be placed at 80243420 (length = 44 bytes)
$Script_Entry1 will be placed at 80243464 (length = 40 bytes)
$Script_Entry0 will be placed at 802434A4 (length = 40 bytes)
$Script_Entry2 will be placed at 802434E4 (length = 40 bytes)
$Header will be placed at 80243524 (length = 40 bytes)
$EntryList will be placed at 80243564 (length = 30 bytes)
$AISettings_BooEnemy will be placed at 80243594 (length = 30 bytes)
$AISettings_Cleft will be placed at 802435C4 (length = 30 bytes)
$NpcSettings_BooEnemy will be placed at 802435F4 (length = 2C bytes)
$NpcSettings_Cleft will be placed at 80243620 (length = 2C bytes)
$RockData will be placed at 8024364C (length = 2C bytes)
$Script_SetMusic will be placed at 80243678 (length = 20 bytes)
$FloatTable_BooEnemy will be placed at 80243698 (length = 18 bytes)
$Script_NpcAI_Cleft will be placed at 802436B0 (length = 18 bytes)
$Function_GetTattle will be placed at 802436C8 (length = 14 bytes)
$ASCII_"cav_05"_Literal will be placed at 802436DC (length = C bytes)
$ASCII_"cav_11"_Literal will be placed at 802436E8 (length = C bytes)
$ASCII_"cav_02"_Literal will be placed at 802436F4 (length = C bytes)
$ASCII_"kpa_tex"_Literal will be placed at 80243700 (length = 8 bytes)
Executing patches for: cav_05
Reading patch file: map/patch/dark cave/cav_05.mpat
Creating struct: $Header
Creating struct: $Function_Init
Creating struct: $Function_GetTattle
Creating struct: $EntryList
Creating struct: $Script_SetMusic
Creating struct: $Script_MakeEntities
Creating struct: $Script_Chest
Creating struct: $Script_80245E6C
Creating struct: $Script_80245E04
Creating struct: $Script_Spring1
Creating struct: $Script_Spring2
Creating struct: $Script_80241420
Creating struct: $Script_Main
Creating struct: $Script_LoreText
Creating struct: $Script_MakeExits
Creating struct: $Script_Entry0
Creating struct: $Script_Entry1
Merged 1 regions to 1
$LoreText will be placed at 80240000 (length = D8 bytes)
$Script_Spring2 will be placed at 802400D8 (length = C8 bytes)
$Script_Spring1 will be placed at 802401A0 (length = C8 bytes)
$Script_Main will be placed at 80240268 (length = BC bytes)
$Script_MakeEntities will be placed at 80240324 (length = 9C bytes)
$Script_80245E6C will be placed at 802403C0 (length = 9C bytes)
$MapTattle will be placed at 8024045C (length = 64 bytes)
$Function_Init will be placed at 802404C0 (length = 58 bytes)
$Script_80241420 will be placed at 80240518 (length = 48 bytes)
$Script_80245E04 will be placed at 80240560 (length = 48 bytes)
$Header will be placed at 802405A8 (length = 40 bytes)
$Script_Entry1 will be placed at 802405E8 (length = 40 bytes)
$Script_Entry0 will be placed at 80240628 (length = 40 bytes)
$Script_MakeExits will be placed at 80240668 (length = 38 bytes)
$Script_Chest will be placed at 802406A0 (length = 34 bytes)
$Script_LoreText will be placed at 802406D4 (length = 34 bytes)
$EntryList will be placed at 80240708 (length = 20 bytes)
$Script_SetMusic will be placed at 80240728 (length = 20 bytes)
$Function_GetTattle will be placed at 80240748 (length = 14 bytes)
$ASCII_"cav_04"_Literal will be placed at 8024075C (length = C bytes)
$ASCII_"cav_06"_Literal will be placed at 80240768 (length = C bytes)
$ASCII_"kpa_tex"_Literal will be placed at 80240774 (length = 8 bytes)
Executing patches for: cav_06
Reading patch file: map/patch/dark cave/cav_06.mpat
Reading patch file: map/import/Pit_AI.mpat
Creating struct: $NpcSettings_Goomba
Creating struct: $NpcSettings_Koopa
Creating struct: $NpcSettings_Fuzzy
Creating struct: $Script_NpcAI_Fuzzy
Creating struct: $Script_GoombaAI
Creating struct: $AISettings_Goomba
Creating struct: $AISettings_Fuzzy_802413E0
Creating struct: $JumpTable_Fuzzy_802423B8
Creating struct: $Function_Fuzzy_80240000
Creating struct: $Function_Fuzzy_80240230
Creating struct: $Function_Fuzzy_80240568
Creating struct: $Function_Fuzzy_80240628
Creating struct: $Function_Fuzzy_802407CC
Creating struct: $Function_Fuzzy_802408AC
Creating struct: $Function_Fuzzy_80240BAC
Creating struct: $Function_Fuzzy_80240BF0
Creating struct: $JumpTable_Koopa_80245CF8
Creating struct: $Script_NpcAI_Koopa
Creating struct: $AISettings_Koopa_802427BC
Creating struct: $NpcSettings_BuzzyBeetle
Creating struct: $AISettings_BuzzyBeetle
Creating struct: $Script_NpcAI_BuzzyBeetle
Creating struct: $AISettings_Koopatrol
Creating struct: $Script_NpcAI_Koopatrol
Creating struct: $NpcSettings_Koopatrol
Creating struct: $AISettings_Spiny
Creating struct: $Script_NpcAI_Spiny
Creating struct: $NpcSettings_Spiny
Creating struct: $AISettings_BonyBeetle
Creating struct: $Script_NpcAI_BonyBeetle
Creating struct: $NpcSettings_BonyBeetle
Creating struct: $Function_DoAI_ShellEnemy
Creating struct: $Function_Koopa_80240000
Creating struct: $Function_Koopa_8024007C
Creating struct: $Function_Koopa_802401B0
Creating struct: $Function_Koopa_80240314
Creating struct: $NpcSettings_Bubble
Creating struct: $Script_NpcAI_Bubble
Creating struct: $AISettings_Bubble
Creating struct: $JumpTable_NEW130A8
Creating struct: $JumpTable_NEW130F0
Creating struct: $Function_NEW10000
Creating struct: $Function_NEW10348
Creating struct: $Function_NEW1040C
Creating struct: $Function_NEW10530
Creating struct: $Function_NEW10720
Creating struct: $Function_NEW107F4
Creating struct: $Function_NEW10820
Creating struct: $Function_NEW109D0
Creating struct: $Function_NEW10FF8
Creating struct: $Function_NEW110B8
Creating struct: $Function_NEW113FC
Creating struct: $Function_NEW11474
Creating struct: $Function_NEW114E0
Creating struct: $Function_NEW11614
Creating struct: $Function_NEW11678
Creating struct: $Function_NEW11A08
Creating struct: $Function_NEW11B2C
Creating struct: $Function_NEW11D18
Creating struct: $Function_NEW11E48
Creating struct: $Function_NEW120C8
Creating struct: $Function_NEW12124
Creating struct: $???_NEW123E0
Creating struct: $FloatTable_NEW12930
Creating struct: $FloatTable_NEW12B90
Creating struct: $Header
Creating struct: $Function_Init
Creating struct: $Function_GetTattle
Creating struct: $EntryList
Creating struct: $Script_SetMusic
Creating struct: $NpcGroupList
Creating struct: $NpcGroup_BuzzyBeetle1
Creating struct: $NpcGroup_BuzzyBeetle2
Reading patch for $NpcSettings_BuzzyBeetle
Creating struct: $Script_Main
Creating struct: $Script_LoreText
Creating struct: $Script_MakeEntities
Creating struct: $ItemList_DarkKey
Creating struct: $Script_LockScriptR
Creating struct: $Script_LockScriptL
Creating struct: $Function_80240040
Creating struct: $Function_80240074
Creating struct: $Script_TryOpenLockR
Creating struct: $Function_802412C8
Creating struct: $Script_TryOpenLockL
Creating struct: $Script_GreenSwitch
Creating struct: $Script_MakeExits
Creating struct: $Script_Entry0
Creating struct: $Script_Entry1
Creating struct: $Script_Entry2
Creating struct: $Script_Entry3
Merged 1 regions to 1
$Function_NEW109D0 will be placed at 80240000 (length = 638 bytes)
$Function_DoAI_ShellEnemy will be placed at 80240638 (length = 440 bytes)
$Function_NEW11678 will be placed at 80240A78 (length = 390 bytes)
$Function_NEW10000 will be placed at 80240E08 (length = 350 bytes)
$Function_NEW110B8 will be placed at 80241158 (length = 344 bytes)
$Function_Fuzzy_80240230 will be placed at 8024149C (length = 340 bytes)
$Function_Fuzzy_802408AC will be placed at 802417DC (length = 300 bytes)
$Function_NEW11E48 will be placed at 80241ADC (length = 288 bytes)
$Script_TryOpenLockL will be placed at 80241D64 (length = 270 bytes)
$Function_Fuzzy_80240000 will be placed at 80241FD4 (length = 230 bytes)
$Function_Fuzzy_80240BF0 will be placed at 80242204 (length = 224 bytes)
$Script_TryOpenLockR will be placed at 80242428 (length = 200 bytes)
$NpcGroup_BuzzyBeetle2 will be placed at 80242628 (length = 1F0 bytes)
$NpcGroup_BuzzyBeetle1 will be placed at 80242818 (length = 1F0 bytes)
$Function_NEW11B2C will be placed at 80242A08 (length = 1EC bytes)
$Function_NEW12124 will be placed at 80242BF4 (length = 1E8 bytes)
$Function_NEW10530 will be placed at 80242DDC (length = 1E8 bytes)
$Function_NEW10820 will be placed at 80242FC4 (length = 1B8 bytes)
$Script_MakeEntities will be placed at 8024317C (length = 1A8 bytes)
$Function_Fuzzy_80240628 will be placed at 80243324 (length = 1A4 bytes)
$KeyWarning will be placed at 802434C8 (length = 194 bytes)
$Function_Koopa_802401B0 will be placed at 8024365C (length = 164 bytes)
$Script_Main will be placed at 802437C0 (length = 144 bytes)
$Function_Koopa_8024007C will be placed at 80243904 (length = 13C bytes)
$Function_NEW114E0 will be placed at 80243A40 (length = 134 bytes)
$Function_NEW11D18 will be placed at 80243B74 (length = 130 bytes)
$Function_NEW11A08 will be placed at 80243CA4 (length = 124 bytes)
$Function_NEW1040C will be placed at 80243DC8 (length = 124 bytes)
$LoreText will be placed at 80243EEC (length = EC bytes)
$Function_Fuzzy_802407CC will be placed at 80243FD8 (length = E0 bytes)
$Script_GreenSwitch will be placed at 802440B8 (length = D4 bytes)
$Function_NEW10720 will be placed at 8024418C (length = D4 bytes)
$Function_NEW10348 will be placed at 80244260 (length = C4 bytes)
$Function_Fuzzy_80240568 will be placed at 80244324 (length = C0 bytes)
$Function_NEW10FF8 will be placed at 802443E4 (length = C0 bytes)
$Function_80240074 will be placed at 802444A4 (length = A0 bytes)
$Function_Koopa_80240314 will be placed at 80244544 (length = 80 bytes)
$Function_Koopa_80240000 will be placed at 802445C4 (length = 7C bytes)
$Function_NEW113FC will be placed at 80244640 (length = 78 bytes)
$MapTattle will be placed at 802446B8 (length = 74 bytes)
$FloatTable_NEW12930 will be placed at 8024472C (length = 70 bytes)
$Function_NEW11474 will be placed at 8024479C (length = 6C bytes)
$Script_MakeExits will be placed at 80244808 (length = 68 bytes)
$Function_NEW11614 will be placed at 80244870 (length = 64 bytes)
$Function_GetTattle will be placed at 802448D4 (length = 5C bytes)
$Function_NEW120C8 will be placed at 80244930 (length = 5C bytes)
$MapTattleLeftSide will be placed at 8024498C (length = 58 bytes)
$Function_Init will be placed at 802449E4 (length = 58 bytes)
$Script_NpcAI_Spiny will be placed at 80244A3C (length = 54 bytes)
$JumpTable_Koopa_80245CF8 will be placed at 80244A90 (length = 54 bytes)
$JumpTable_NEW130F0 will be placed at 80244AE4 (length = 54 bytes)
$Script_NpcAI_BonyBeetle will be placed at 80244B38 (length = 54 bytes)
$Script_NpcAI_BuzzyBeetle will be placed at 80244B8C (length = 54 bytes)
$Script_NpcAI_Koopa will be placed at 80244BE0 (length = 54 bytes)
$Script_NpcAI_Koopatrol will be placed at 80244C34 (length = 54 bytes)
$Script_NpcAI_Bubble will be placed at 80244C88 (length = 54 bytes)
$LockMessageL2 will be placed at 80244CDC (length = 4C bytes)
$LockMessageR will be placed at 80244D28 (length = 48 bytes)
$LockMessageL1 will be placed at 80244D70 (length = 48 bytes)
$Function_Fuzzy_80240BAC will be placed at 80244DB8 (length = 44 bytes)
$Header will be placed at 80244DFC (length = 40 bytes)
$EntryList will be placed at 80244E3C (length = 40 bytes)
$Script_Entry1 will be placed at 80244E7C (length = 40 bytes)
$Script_Entry0 will be placed at 80244EBC (length = 40 bytes)
$Script_Entry3 will be placed at 80244EFC (length = 40 bytes)
$Script_Entry2 will be placed at 80244F3C (length = 40 bytes)
$JumpTable_Fuzzy_802423B8 will be placed at 80244F7C (length = 3C bytes)
$JumpTable_NEW130A8 will be placed at 80244FB8 (length = 3C bytes)
$Function_80240040 will be placed at 80244FF4 (length = 34 bytes)
$Script_LoreText will be placed at 80245028 (length = 34 bytes)
$AISettings_Spiny will be placed at 8024505C (length = 30 bytes)
$AISettings_BonyBeetle will be placed at 8024508C (length = 30 bytes)
$AISettings_BuzzyBeetle will be placed at 802450BC (length = 30 bytes)
$AISettings_Koopa_802427BC will be placed at 802450EC (length = 30 bytes)
$AISettings_Bubble will be placed at 8024511C (length = 30 bytes)
$AISettings_Koopatrol will be placed at 8024514C (length = 30 bytes)
$AISettings_Fuzzy_802413E0 will be placed at 8024517C (length = 30 bytes)
$AISettings_Goomba will be placed at 802451AC (length = 30 bytes)
$Function_NEW107F4 will be placed at 802451DC (length = 2C bytes)
$Script_NpcAI_Fuzzy will be placed at 80245208 (length = 2C bytes)
$NpcSettings_Fuzzy will be placed at 80245234 (length = 2C bytes)
$NpcSettings_Bubble will be placed at 80245260 (length = 2C bytes)
$NpcSettings_Koopa will be placed at 8024528C (length = 2C bytes)
$NpcSettings_Koopatrol will be placed at 802452B8 (length = 2C bytes)
$Function_802412C8 will be placed at 802452E4 (length = 2C bytes)
$NpcSettings_Spiny will be placed at 80245310 (length = 2C bytes)
$NpcSettings_BonyBeetle will be placed at 8024533C (length = 2C bytes)
$NpcSettings_BuzzyBeetle will be placed at 80245368 (length = 2C bytes)
$NpcSettings_Goomba will be placed at 80245394 (length = 2C bytes)
$NpcGroupList will be placed at 802453C0 (length = 24 bytes)
$Script_SetMusic will be placed at 802453E4 (length = 20 bytes)
$FloatTable_NEW12B90 will be placed at 80245404 (length = 18 bytes)
$WaitAMoment will be placed at 8024541C (length = 14 bytes)
$Script_GoombaAI will be placed at 80245430 (length = 14 bytes)
$ASCII_"cav_07"_Literal will be placed at 80245444 (length = C bytes)
$ASCII_"cav_15"_Literal will be placed at 80245450 (length = C bytes)
$ASCII_"cav_05"_Literal will be placed at 8024545C (length = C bytes)
$ASCII_"cav_08"_Literal will be placed at 80245468 (length = C bytes)
$ItemList_DarkKey will be placed at 80245474 (length = 8 bytes)
$Script_LockScriptR will be placed at 8024547C (length = 8 bytes)
$Script_LockScriptL will be placed at 80245484 (length = 8 bytes)
$ASCII_"kpa_tex"_Literal will be placed at 8024548C (length = 8 bytes)
$???_NEW123E0 will be placed at 80245494 (length = 4 bytes)
Executing patches for: cav_07
Reading patch file: map/patch/dark cave/cav_07.mpat
Creating struct: $Header
Creating struct: $Function_Init
Creating struct: $Function_GetTattle
Creating struct: $EntryList
Creating struct: $Script_SetMusic
Creating struct: $Script_Main
Creating struct: $Script_LoreText
Creating struct: $Script_MakeEntities
Creating struct: $Script_MakeExits
Creating struct: $Script_Entry0
Creating struct: $Script_Entry1
Merged 1 regions to 1
$Script_Main will be placed at 80240000 (length = EC bytes)
$MapTattle will be placed at 802400EC (length = A0 bytes)
$LoreText will be placed at 8024018C (length = 74 bytes)
$Script_MakeEntities will be placed at 80240200 (length = 58 bytes)
$Function_Init will be placed at 80240258 (length = 58 bytes)
$Header will be placed at 802402B0 (length = 40 bytes)
$Script_Entry1 will be placed at 802402F0 (length = 40 bytes)
$Script_Entry0 will be placed at 80240330 (length = 40 bytes)
$Script_MakeExits will be placed at 80240370 (length = 38 bytes)
$Script_LoreText will be placed at 802403A8 (length = 34 bytes)
$EntryList will be placed at 802403DC (length = 20 bytes)
$Script_SetMusic will be placed at 802403FC (length = 20 bytes)
$Function_GetTattle will be placed at 8024041C (length = 14 bytes)
$ASCII_"cav_06"_Literal will be placed at 80240430 (length = C bytes)
$ASCII_"tem_00"_Literal will be placed at 8024043C (length = C bytes)
$ASCII_"kpa_tex"_Literal will be placed at 80240448 (length = 8 bytes)
Executing patches for: cav_08
Reading patch file: map/patch/dark cave/cav_08.mpat
Reading patch file: map/import/NPC_Puff.mpat
Creating struct: $AISettings_Puff
Creating struct: $Script_NpcAI_Puff
Creating struct: $NpcSettings_Puff
Creating struct: $JumpTable_80245450_PoisonPuff
Creating struct: $Function_80240E50_PoisonPuff
Creating struct: $Function_80241000_PoisonPuff
Creating struct: $Function_80241628_PoisonPuff
Creating struct: $Function_802416E8_PoisonPuff
Creating struct: $Function_80241A2C_PoisonPuff
Creating struct: $Function_80241AA4_PoisonPuff
Creating struct: $Function_80241B10_PoisonPuff
Creating struct: $Function_80241C44_PoisonPuff
Creating struct: $Function_80241CA8_PoisonPuff
Creating struct: $Function_80242038_PoisonPuff
Creating struct: $Function_80242754_PoisonPuff
Creating struct: $Function_80242348_PoisonPuff
Creating struct: $Function_80242478_PoisonPuff
Creating struct: $Function_802426F8_PoisonPuff
Creating struct: $FloatTable_80244010_PoisonPuff
Reading patch file: map/import/NPC_Boo.mpat
Creating struct: $Function_802404E0_BooEnemy
Creating struct: $Function_80240690_BooEnemy
Creating struct: $Function_80240CB8_BooEnemy
Creating struct: $Function_80240D78_BooEnemy
Creating struct: $Function_802410BC_BooEnemy
Creating struct: $Function_80241134_BooEnemy
Creating struct: $Function_802416C8_BooEnemy
Creating struct: $Function_802419D8_BooEnemy
Creating struct: $Function_80241B08_BooEnemy
Creating struct: $Function_80241D88_BooEnemy
Creating struct: $Function_AI_BooEnemy
Creating struct: $FloatTable_BooEnemy
Creating struct: $JumpTable_BooEnemy
Creating struct: $AISettings_BooEnemy
Creating struct: $Script_NpcAI_BooEnemy
Creating struct: $NpcSettings_BooEnemy
Creating struct: $Function_ChooseAlpha
Creating struct: $Script_Boo_Aux
Creating struct: $Header
Creating struct: $Function_Init
Creating struct: $Function_GetTattle
Creating struct: $EntryList
Creating struct: $Script_SetMusic
Creating struct: $NpcGroupList_Cave
Reading patch for $NpcSettings_BooEnemy
Reading patch for $NpcSettings_Puff
Creating struct: $NpcGroup_Boo1
Creating struct: $NpcGroup_Boo2
Creating struct: $NpcGroup_Boo3
Creating struct: $NpcGroup_Boo4
Creating struct: $NpcGroup_Puff1
Creating struct: $NpcGroup_Puff2
Creating struct: $NpcGroup_Puff3
Creating struct: $LavaResetList
Creating struct: $Script_Main
Creating struct: $Script_LoreText
Creating struct: $Script_MakeExits
Creating struct: $Script_Entry0
Creating struct: $Script_Entry1
Creating struct: $Script_Entry2
Merged 1 regions to 1
$Function_80241000_PoisonPuff will be placed at 80240000 (length = 638 bytes)
$Function_80240690_BooEnemy will be placed at 80240638 (length = 638 bytes)
$Function_80241CA8_PoisonPuff will be placed at 80240C70 (length = 390 bytes)
$Function_80240D78_BooEnemy will be placed at 80241000 (length = 344 bytes)
$Function_802416E8_PoisonPuff will be placed at 80241344 (length = 344 bytes)
$Function_80241B08_BooEnemy will be placed at 80241688 (length = 288 bytes)
$Function_80242478_PoisonPuff will be placed at 80241910 (length = 288 bytes)
$NpcGroup_Puff1 will be placed at 80241B98 (length = 1F0 bytes)
$NpcGroup_Puff2 will be placed at 80241D88 (length = 1F0 bytes)
$NpcGroup_Puff3 will be placed at 80241F78 (length = 1F0 bytes)
$NpcGroup_Boo3 will be placed at 80242168 (length = 1F0 bytes)
$NpcGroup_Boo4 will be placed at 80242358 (length = 1F0 bytes)
$NpcGroup_Boo1 will be placed at 80242548 (length = 1F0 bytes)
$NpcGroup_Boo2 will be placed at 80242738 (length = 1F0 bytes)
$Function_AI_BooEnemy will be placed at 80242928 (length = 1E8 bytes)
$Function_80242754_PoisonPuff will be placed at 80242B10 (length = 1E8 bytes)
$Function_802404E0_BooEnemy will be placed at 80242CF8 (length = 1B8 bytes)
$Function_80240E50_PoisonPuff will be placed at 80242EB0 (length = 1B8 bytes)
$Function_80241B10_PoisonPuff will be placed at 80243068 (length = 134 bytes)
$Function_80242348_PoisonPuff will be placed at 8024319C (length = 130 bytes)
$Function_802419D8_BooEnemy will be placed at 802432CC (length = 130 bytes)
$Function_802416C8_BooEnemy will be placed at 802433FC (length = 124 bytes)
$Function_80242038_PoisonPuff will be placed at 80243520 (length = 124 bytes)
$Script_Main will be placed at 80243644 (length = D8 bytes)
$Script_Boo_Aux will be placed at 8024371C (length = CC bytes)
$Function_80241628_PoisonPuff will be placed at 802437E8 (length = C0 bytes)
$Function_80240CB8_BooEnemy will be placed at 802438A8 (length = C0 bytes)
$Function_ChooseAlpha will be placed at 80243968 (length = 98 bytes)
$LoreText will be placed at 80243A00 (length = 7C bytes)
$Function_80241A2C_PoisonPuff will be placed at 80243A7C (length = 78 bytes)
$Function_802410BC_BooEnemy will be placed at 80243AF4 (length = 78 bytes)
$Function_80241AA4_PoisonPuff will be placed at 80243B6C (length = 6C bytes)
$Function_80241134_BooEnemy will be placed at 80243BD8 (length = 6C bytes)
$Function_80241C44_PoisonPuff will be placed at 80243C44 (length = 64 bytes)
$NpcGroupList_Cave will be placed at 80243CA8 (length = 60 bytes)
$Function_80241D88_BooEnemy will be placed at 80243D08 (length = 5C bytes)
$Function_802426F8_PoisonPuff will be placed at 80243D64 (length = 5C bytes)
$Function_Init will be placed at 80243DC0 (length = 58 bytes)
$Script_NpcAI_Puff will be placed at 80243E18 (length = 54 bytes)
$JumpTable_BooEnemy will be placed at 80243E6C (length = 54 bytes)
$JumpTable_80245450_PoisonPuff will be placed at 80243EC0 (length = 54 bytes)
$Script_NpcAI_BooEnemy will be placed at 80243F14 (length = 54 bytes)
$Script_MakeExits will be placed at 80243F68 (length = 50 bytes)
$MapTattle will be placed at 80243FB8 (length = 44 bytes)
$Script_Entry1 will be placed at 80243FFC (length = 40 bytes)
$Script_Entry0 will be placed at 8024403C (length = 40 bytes)
$Script_Entry2 will be placed at 8024407C (length = 40 bytes)
$Header will be placed at 802440BC (length = 40 bytes)
$Script_LoreText will be placed at 802440FC (length = 34 bytes)
$LavaResetList will be placed at 80244130 (length = 34 bytes)
$EntryList will be placed at 80244164 (length = 30 bytes)
$AISettings_Puff will be placed at 80244194 (length = 30 bytes)
$AISettings_BooEnemy will be placed at 802441C4 (length = 30 bytes)
$NpcSettings_Puff will be placed at 802441F4 (length = 2C bytes)
$NpcSettings_BooEnemy will be placed at 80244220 (length = 2C bytes)
$Script_SetMusic will be placed at 8024424C (length = 20 bytes)
$FloatTable_BooEnemy will be placed at 8024426C (length = 18 bytes)
$FloatTable_80244010_PoisonPuff will be placed at 80244284 (length = 18 bytes)
$Function_GetTattle will be placed at 8024429C (length = 14 bytes)
$ASCII_"cav_06"_Literal will be placed at 802442B0 (length = C bytes)
$ASCII_"cav_09"_Literal will be placed at 802442BC (length = C bytes)
$ASCII_"cav_14"_Literal will be placed at 802442C8 (length = C bytes)
$ASCII_"kpa_tex"_Literal will be placed at 802442D4 (length = 8 bytes)
Executing patches for: cav_09
Reading patch file: map/patch/dark cave/cav_09.mpat
Reading patch file: map/import/Pit_AI.mpat
Creating struct: $NpcSettings_Goomba
Creating struct: $NpcSettings_Koopa
Creating struct: $NpcSettings_Fuzzy
Creating struct: $Script_NpcAI_Fuzzy
Creating struct: $Script_GoombaAI
Creating struct: $AISettings_Goomba
Creating struct: $AISettings_Fuzzy_802413E0
Creating struct: $JumpTable_Fuzzy_802423B8
Creating struct: $Function_Fuzzy_80240000
Creating struct: $Function_Fuzzy_80240230
Creating struct: $Function_Fuzzy_80240568
Creating struct: $Function_Fuzzy_80240628
Creating struct: $Function_Fuzzy_802407CC
Creating struct: $Function_Fuzzy_802408AC
Creating struct: $Function_Fuzzy_80240BAC
Creating struct: $Function_Fuzzy_80240BF0
Creating struct: $JumpTable_Koopa_80245CF8
Creating struct: $Script_NpcAI_Koopa
Creating struct: $AISettings_Koopa_802427BC
Creating struct: $NpcSettings_BuzzyBeetle
Creating struct: $AISettings_BuzzyBeetle
Creating struct: $Script_NpcAI_BuzzyBeetle
Creating struct: $AISettings_Koopatrol
Creating struct: $Script_NpcAI_Koopatrol
Creating struct: $NpcSettings_Koopatrol
Creating struct: $AISettings_Spiny
Creating struct: $Script_NpcAI_Spiny
Creating struct: $NpcSettings_Spiny
Creating struct: $AISettings_BonyBeetle
Creating struct: $Script_NpcAI_BonyBeetle
Creating struct: $NpcSettings_BonyBeetle
Creating struct: $Function_DoAI_ShellEnemy
Creating struct: $Function_Koopa_80240000
Creating struct: $Function_Koopa_8024007C
Creating struct: $Function_Koopa_802401B0
Creating struct: $Function_Koopa_80240314
Creating struct: $NpcSettings_Bubble
Creating struct: $Script_NpcAI_Bubble
Creating struct: $AISettings_Bubble
Creating struct: $JumpTable_NEW130A8
Creating struct: $JumpTable_NEW130F0
Creating struct: $Function_NEW10000
Creating struct: $Function_NEW10348
Creating struct: $Function_NEW1040C
Creating struct: $Function_NEW10530
Creating struct: $Function_NEW10720
Creating struct: $Function_NEW107F4
Creating struct: $Function_NEW10820
Creating struct: $Function_NEW109D0
Creating struct: $Function_NEW10FF8
Creating struct: $Function_NEW110B8
Creating struct: $Function_NEW113FC
Creating struct: $Function_NEW11474
Creating struct: $Function_NEW114E0
Creating struct: $Function_NEW11614
Creating struct: $Function_NEW11678
Creating struct: $Function_NEW11A08
Creating struct: $Function_NEW11B2C
Creating struct: $Function_NEW11D18
Creating struct: $Function_NEW11E48
Creating struct: $Function_NEW120C8
Creating struct: $Function_NEW12124
Creating struct: $???_NEW123E0
Creating struct: $FloatTable_NEW12930
Creating struct: $FloatTable_NEW12B90
Reading patch file: map/import/NPC_Cleft.mpat
Creating struct: $AISettings_Cleft
Creating struct: $Script_NpcAI_Cleft
Creating struct: $NpcSettings_Cleft
Creating struct: $Function_DoAI_Cleft
Creating struct: $Function_80240000
Creating struct: $Function_80240160
Creating struct: $Function_802401D4
Creating struct: $Function_80240304
Creating struct: $Function_802403A0
Creating struct: $Function_80240428
Creating struct: $Function_802404D0
Creating struct: $Function_80240644
Creating struct: $Function_80240694
Creating struct: $Function_80240834
Creating struct: $Function_80240984
Creating struct: $Function_80240A30
Creating struct: $Function_80240B68
Creating struct: $Function_80240BE4
Creating struct: $Function_80240C4C
Creating struct: $JumpTable_80242D68
Creating struct: $Header
Creating struct: $Function_Init
Creating struct: $Function_GetTattle
Creating struct: $Function_DarkRoom
Creating struct: $EntryList
Creating struct: $Script_SetMusic
Reading patch for $NpcSettings_Cleft
Reading patch for $NpcSettings_Goomba
Creating struct: $NpcGroup_Cleft1
Creating struct: $NpcGroup_Cleft2
Creating struct: $NpcGroup_Cleft3
Creating struct: $NpcGroup_Bobomb1
Creating struct: $NpcGroup_Bobomb2
Creating struct: $NpcGroup_Bobomb3
Creating struct: $NpcGroupList_Cave
Creating struct: $Script_Main
Creating struct: $Script_LoreText
Creating struct: $Script_MakeExits
Creating struct: $Script_Entry0
Creating struct: $Script_Entry1
Merged 1 regions to 1
$Function_NEW109D0 will be placed at 80240000 (length = 638 bytes)
$Function_DoAI_ShellEnemy will be placed at 80240638 (length = 440 bytes)
$Function_NEW11678 will be placed at 80240A78 (length = 390 bytes)
$Function_NEW10000 will be placed at 80240E08 (length = 350 bytes)
$Function_DoAI_Cleft will be placed at 80241158 (length = 350 bytes)
$Function_NEW110B8 will be placed at 802414A8 (length = 344 bytes)
$Function_Fuzzy_80240230 will be placed at 802417EC (length = 340 bytes)
$Function_Fuzzy_802408AC will be placed at 80241B2C (length = 300 bytes)
$Function_NEW11E48 will be placed at 80241E2C (length = 288 bytes)
$Function_Fuzzy_80240000 will be placed at 802420B4 (length = 230 bytes)
$Function_Fuzzy_80240BF0 will be placed at 802422E4 (length = 224 bytes)
$NpcGroup_Bobomb3 will be placed at 80242508 (length = 1F0 bytes)
$NpcGroup_Bobomb2 will be placed at 802426F8 (length = 1F0 bytes)
$NpcGroup_Bobomb1 will be placed at 802428E8 (length = 1F0 bytes)
$NpcGroup_Cleft3 will be placed at 80242AD8 (length = 1F0 bytes)
$NpcGroup_Cleft1 will be placed at 80242CC8 (length = 1F0 bytes)
$NpcGroup_Cleft2 will be placed at 80242EB8 (length = 1F0 bytes)
$Function_NEW11B2C will be placed at 802430A8 (length = 1EC bytes)
$Function_NEW12124 will be placed at 80243294 (length = 1E8 bytes)
$Function_NEW10530 will be placed at 8024347C (length = 1E8 bytes)
$Function_NEW10820 will be placed at 80243664 (length = 1B8 bytes)
$Function_80240694 will be placed at 8024381C (length = 1A8 bytes)
$Function_Fuzzy_80240628 will be placed at 802439C4 (length = 1A4 bytes)
$Function_802404D0 will be placed at 80243B68 (length = 174 bytes)
$Function_80240000 will be placed at 80243CDC (length = 168 bytes)
$Function_Koopa_802401B0 will be placed at 80243E44 (length = 164 bytes)
$Function_DarkRoom will be placed at 80243FA8 (length = 158 bytes)
$Function_80240834 will be placed at 80244100 (length = 150 bytes)
$Function_Koopa_8024007C will be placed at 80244250 (length = 13C bytes)
$Function_80240A30 will be placed at 8024438C (length = 138 bytes)
$Function_802401D4 will be placed at 802444C4 (length = 138 bytes)
$Function_NEW114E0 will be placed at 802445FC (length = 134 bytes)
$Function_NEW11D18 will be placed at 80244730 (length = 130 bytes)
$Function_NEW11A08 will be placed at 80244860 (length = 124 bytes)
$Function_NEW1040C will be placed at 80244984 (length = 124 bytes)
$Function_Fuzzy_802407CC will be placed at 80244AA8 (length = E0 bytes)
$Script_Main will be placed at 80244B88 (length = D4 bytes)
$Function_NEW10720 will be placed at 80244C5C (length = D4 bytes)
$JumpTable_80242D68 will be placed at 80244D30 (length = D4 bytes)
$Function_NEW10348 will be placed at 80244E04 (length = C4 bytes)
$Function_Fuzzy_80240568 will be placed at 80244EC8 (length = C0 bytes)
$Function_NEW10FF8 will be placed at 80244F88 (length = C0 bytes)
$Function_80240984 will be placed at 80245048 (length = B4 bytes)
$Function_80240428 will be placed at 802450FC (length = A8 bytes)
$Function_80240304 will be placed at 802451A4 (length = 9C bytes)
$MapTattle will be placed at 80245240 (length = 90 bytes)
$Function_802403A0 will be placed at 802452D0 (length = 88 bytes)
$Function_Koopa_80240314 will be placed at 80245358 (length = 80 bytes)
$LoreText will be placed at 802453D8 (length = 7C bytes)
$Function_Koopa_80240000 will be placed at 80245454 (length = 7C bytes)
$Function_80240B68 will be placed at 802454D0 (length = 7C bytes)
$Function_NEW113FC will be placed at 8024554C (length = 78 bytes)
$Function_80240160 will be placed at 802455C4 (length = 74 bytes)
$FloatTable_NEW12930 will be placed at 80245638 (length = 70 bytes)
$Function_NEW11474 will be placed at 802456A8 (length = 6C bytes)
$Function_80240BE4 will be placed at 80245714 (length = 68 bytes)
$Function_NEW11614 will be placed at 8024577C (length = 64 bytes)
$Function_NEW120C8 will be placed at 802457E0 (length = 5C bytes)
$Script_NpcAI_Spiny will be placed at 8024583C (length = 54 bytes)
$JumpTable_Koopa_80245CF8 will be placed at 80245890 (length = 54 bytes)
$JumpTable_NEW130F0 will be placed at 802458E4 (length = 54 bytes)
$Script_NpcAI_BonyBeetle will be placed at 80245938 (length = 54 bytes)
$Script_NpcAI_BuzzyBeetle will be placed at 8024598C (length = 54 bytes)
$NpcGroupList_Cave will be placed at 802459E0 (length = 54 bytes)
$Script_NpcAI_Koopa will be placed at 80245A34 (length = 54 bytes)
$Script_NpcAI_Koopatrol will be placed at 80245A88 (length = 54 bytes)
$Script_NpcAI_Bubble will be placed at 80245ADC (length = 54 bytes)
$Function_80240644 will be placed at 80245B30 (length = 50 bytes)
$Function_80240C4C will be placed at 80245B80 (length = 44 bytes)
$Function_Fuzzy_80240BAC will be placed at 80245BC4 (length = 44 bytes)
$Header will be placed at 80245C08 (length = 40 bytes)
$Script_Entry1 will be placed at 80245C48 (length = 40 bytes)
$Script_Entry0 will be placed at 80245C88 (length = 40 bytes)
$JumpTable_Fuzzy_802423B8 will be placed at 80245CC8 (length = 3C bytes)
$JumpTable_NEW130A8 will be placed at 80245D04 (length = 3C bytes)
$Script_MakeExits will be placed at 80245D40 (length = 38 bytes)
$Script_LoreText will be placed at 80245D78 (length = 34 bytes)
$AISettings_Spiny will be placed at 80245DAC (length = 30 bytes)
$AISettings_BonyBeetle will be placed at 80245DDC (length = 30 bytes)
$AISettings_BuzzyBeetle will be placed at 80245E0C (length = 30 bytes)
$AISettings_Koopa_802427BC will be placed at 80245E3C (length = 30 bytes)
$AISettings_Bubble will be placed at 80245E6C (length = 30 bytes)
$AISettings_Koopatrol will be placed at 80245E9C (length = 30 bytes)
$AISettings_Fuzzy_802413E0 will be placed at 80245ECC (length = 30 bytes)
$AISettings_Cleft will be placed at 80245EFC (length = 30 bytes)
$AISettings_Goomba will be placed at 80245F2C (length = 30 bytes)
$Function_NEW107F4 will be placed at 80245F5C (length = 2C bytes)
$NpcSettings_Cleft will be placed at 80245F88 (length = 2C bytes)
$Script_NpcAI_Fuzzy will be placed at 80245FB4 (length = 2C bytes)
$NpcSettings_Fuzzy will be placed at 80245FE0 (length = 2C bytes)
$NpcSettings_Bubble will be placed at 8024600C (length = 2C bytes)
$NpcSettings_Koopa will be placed at 80246038 (length = 2C bytes)
$Function_Init will be placed at 80246064 (length = 2C bytes)
$NpcSettings_Koopatrol will be placed at 80246090 (length = 2C bytes)
$NpcSettings_Spiny will be placed at 802460BC (length = 2C bytes)
$NpcSettings_BonyBeetle will be placed at 802460E8 (length = 2C bytes)
$NpcSettings_BuzzyBeetle will be placed at 80246114 (length = 2C bytes)
$NpcSettings_Goomba will be placed at 80246140 (length = 2C bytes)
$EntryList will be placed at 8024616C (length = 20 bytes)
$Script_SetMusic will be placed at 8024618C (length = 20 bytes)
$FloatTable_NEW12B90 will be placed at 802461AC (length = 18 bytes)
$Script_NpcAI_Cleft will be placed at 802461C4 (length = 18 bytes)
$Script_GoombaAI will be placed at 802461DC (length = 14 bytes)
$Function_GetTattle will be placed at 802461F0 (length = 14 bytes)
$ASCII_"cav_10"_Literal will be placed at 80246204 (length = C bytes)
$ASCII_"cav_08"_Literal will be placed at 80246210 (length = C bytes)
$ASCII_"kpa_tex"_Literal will be placed at 8024621C (length = 8 bytes)
$???_NEW123E0 will be placed at 80246224 (length = 4 bytes)
Executing patches for: cav_10
Reading patch file: map/patch/dark cave/cav_10.mpat
Reading patch file: map/import/NPC_Boo.mpat
Creating struct: $Function_802404E0_BooEnemy
Creating struct: $Function_80240690_BooEnemy
Creating struct: $Function_80240CB8_BooEnemy
Creating struct: $Function_80240D78_BooEnemy
Creating struct: $Function_802410BC_BooEnemy
Creating struct: $Function_80241134_BooEnemy
Creating struct: $Function_802416C8_BooEnemy
Creating struct: $Function_802419D8_BooEnemy
Creating struct: $Function_80241B08_BooEnemy
Creating struct: $Function_80241D88_BooEnemy
Creating struct: $Function_AI_BooEnemy
Creating struct: $FloatTable_BooEnemy
Creating struct: $JumpTable_BooEnemy
Creating struct: $AISettings_BooEnemy
Creating struct: $Script_NpcAI_BooEnemy
Creating struct: $NpcSettings_BooEnemy
Creating struct: $Function_ChooseAlpha
Creating struct: $Script_Boo_Aux
Reading patch file: map/import/LightBlocks.mpat
Creating struct: $CheckWatt
Creating struct: $Script_LightBlocks
Creating struct: $Header
Creating struct: $Function_Init
Creating struct: $Function_GetTattle
Creating struct: $EntryList
Creating struct: $Script_SetMusic
Creating struct: $NpcGroupList_Cave
Reading patch for $NpcSettings_BooEnemy
Creating struct: $NpcGroup_Boo1
Creating struct: $NpcGroup_Boo2
Creating struct: $NpcGroup_Boo3
Creating struct: $NpcGroup_Boo4
Creating struct: $NpcGroup_Boo5
Creating struct: $Script_Main
Creating struct: $Script_LoreText
Creating struct: $LavaResetList
Creating struct: $Script_MakeEntities
Creating struct: $Script_Spring
Creating struct: $Script_80241420
Creating struct: $Script_MakeExits
Creating struct: $Script_AntiSoftlock
Creating struct: $Script_Entry0
Creating struct: $Script_Entry1
Creating struct: $Script_SetupLightBlocks
Merged 1 regions to 1
$Function_80240690_BooEnemy will be placed at 80240000 (length = 638 bytes)
$Function_80240D78_BooEnemy will be placed at 80240638 (length = 344 bytes)
$Function_80241B08_BooEnemy will be placed at 8024097C (length = 288 bytes)
$NpcGroup_Boo5 will be placed at 80240C04 (length = 1F0 bytes)
$NpcGroup_Boo3 will be placed at 80240DF4 (length = 1F0 bytes)
$NpcGroup_Boo4 will be placed at 80240FE4 (length = 1F0 bytes)
$NpcGroup_Boo1 will be placed at 802411D4 (length = 1F0 bytes)
$NpcGroup_Boo2 will be placed at 802413C4 (length = 1F0 bytes)
$Function_AI_BooEnemy will be placed at 802415B4 (length = 1E8 bytes)
$Function_802404E0_BooEnemy will be placed at 8024179C (length = 1B8 bytes)
$Function_802419D8_BooEnemy will be placed at 80241954 (length = 130 bytes)
$Function_802416C8_BooEnemy will be placed at 80241A84 (length = 124 bytes)
$Script_AntiSoftlock will be placed at 80241BA8 (length = E8 bytes)
$Script_Main will be placed at 80241C90 (length = E8 bytes)
$Script_Boo_Aux will be placed at 80241D78 (length = CC bytes)
$Script_Spring will be placed at 80241E44 (length = C8 bytes)
$Script_LightBlocks will be placed at 80241F0C (length = C8 bytes)
$Function_80240CB8_BooEnemy will be placed at 80241FD4 (length = C0 bytes)
$Function_ChooseAlpha will be placed at 80242094 (length = 98 bytes)
$MapTattle will be placed at 8024212C (length = 80 bytes)
$Function_802410BC_BooEnemy will be placed at 802421AC (length = 78 bytes)
$LavaResetList will be placed at 80242224 (length = 74 bytes)
$Function_80241134_BooEnemy will be placed at 80242298 (length = 6C bytes)
$Script_SetupLightBlocks will be placed at 80242304 (length = 60 bytes)
$LoreText will be placed at 80242364 (length = 60 bytes)
$Function_80241D88_BooEnemy will be placed at 802423C4 (length = 5C bytes)
$Function_Init will be placed at 80242420 (length = 58 bytes)
$JumpTable_BooEnemy will be placed at 80242478 (length = 54 bytes)
$Script_MakeEntities will be placed at 802424CC (length = 54 bytes)
$Script_NpcAI_BooEnemy will be placed at 80242520 (length = 54 bytes)
$Script_MakeExits will be placed at 80242574 (length = 50 bytes)
$Script_80241420 will be placed at 802425C4 (length = 48 bytes)
$NpcGroupList_Cave will be placed at 8024260C (length = 48 bytes)
$Script_Entry1 will be placed at 80242654 (length = 40 bytes)
$Script_Entry0 will be placed at 80242694 (length = 40 bytes)
$Header will be placed at 802426D4 (length = 40 bytes)
$CheckWatt will be placed at 80242714 (length = 3C bytes)
$Script_LoreText will be placed at 80242750 (length = 34 bytes)
$AISettings_BooEnemy will be placed at 80242784 (length = 30 bytes)
$NpcSettings_BooEnemy will be placed at 802427B4 (length = 2C bytes)
$Script_SetMusic will be placed at 802427E0 (length = 20 bytes)
$EntryList will be placed at 80242800 (length = 20 bytes)
$FloatTable_BooEnemy will be placed at 80242820 (length = 18 bytes)
$Function_GetTattle will be placed at 80242838 (length = 14 bytes)
$ASCII_"cav_09"_Literal will be placed at 8024284C (length = C bytes)
$ASCII_"cav_11"_Literal will be placed at 80242858 (length = C bytes)
$ASCII_"kpa_tex"_Literal will be placed at 80242864 (length = 8 bytes)
Executing patches for: cav_11
Reading patch file: map/patch/dark cave/cav_11.mpat
Reading patch file: map/import/SuperBlock.mpat
Creating struct: $Script_HitSuperBlock
Creating struct: $IntTable_ForbiddenUpgradeText
Creating struct: $IntTable_LegalPartnerIDs
Creating struct: $IntTable_UpgradeDescriptions
Creating struct: $IntTable_StrangeVector
Creating struct: $Script_UpgradeSoundsAndEffects
Creating struct: $Function_8024003C
Creating struct: $Function_Enable_40_At_8009A650
Creating struct: $Function_Disable_40_At_8009A650
Creating struct: $Function_80240068
Creating struct: $Function_802400D4
Creating struct: $Function_80240120
Creating struct: $Function_BuildUpgradePopupMenu
Creating struct: $Function_SwitchPartner
Creating struct: $Function_GetPartnerNameString
Creating struct: $Function_80240480
Creating struct: $Function_80240510
Creating struct: $Function_80240544
Creating struct: $Function_802405A8
Creating struct: $Function_80240600
Creating struct: $Function_80240B38
Creating struct: $Function_80240C78
Creating struct: $Function_80240CC0
Creating struct: $Function_80240D08
Creating struct: $Header
Creating struct: $Function_Init
Creating struct: $Function_GetTattle
Creating struct: $EntryList
Creating struct: $Script_SetMusic
Creating struct: $Script_Main
Creating struct: $Script_LoreText
Reading patch for $Script_HitSuperBlock
Creating struct: $NpcGroupList_PreDefeat
Creating struct: $NpcGroup_Shopkeeper
Creating struct: $ShopkeeperSettings
Creating struct: $Script_Init_Shopkeeper
Creating struct: $Script_IdleAI
Creating struct: $Function_SetThunderboltPos
Creating struct: $Script_Interact
Creating struct: $NpcGroupList_Toadinator
Creating struct: $NpcGroup_Toadinator
Creating struct: $NpcSettings_802405C0
Creating struct: $Script_Init_802410E8
Creating struct: $Script_Idle
Creating struct: $Script_HandleOutcome
Creating struct: $Script_SetupWall
Creating struct: $Script_MakeExits
Creating struct: $Script_Entry0
Creating struct: $Script_Entry1
Creating struct: $Script_Entry2
Merged 1 regions to 1
$Function_80240600 will be placed at 80240000 (length = 538 bytes)
$Script_HitSuperBlock will be placed at 80240538 (length = 33C bytes)
$Function_BuildUpgradePopupMenu will be placed at 80240874 (length = 250 bytes)
$NpcGroup_Toadinator will be placed at 80240AC4 (length = 1F0 bytes)
$NpcGroup_Shopkeeper will be placed at 80240CB4 (length = 1F0 bytes)
$Function_80240B38 will be placed at 80240EA4 (length = 140 bytes)
$Script_Main will be placed at 80240FE4 (length = 130 bytes)
$ShopkeeperTattle will be placed at 80241114 (length = 108 bytes)
$MapTattleUncleared will be placed at 8024121C (length = F0 bytes)
$Script_UpgradeSoundsAndEffects will be placed at 8024130C (length = F0 bytes)
$Script_IdleAI will be placed at 802413FC (length = C8 bytes)
$Function_SetThunderboltPos will be placed at 802414C4 (length = C8 bytes)
$RockDialogue will be placed at 8024158C (length = B4 bytes)
$Function_80240120 will be placed at 80241640 (length = AC bytes)
$Function_80240480 will be placed at 802416EC (length = 90 bytes)
$MapTattle will be placed at 8024177C (length = 80 bytes)
$Function_80240068 will be placed at 802417FC (length = 6C bytes)
$LoreText will be placed at 80241868 (length = 64 bytes)
$Script_Idle will be placed at 802418CC (length = 64 bytes)
$Function_80240544 will be placed at 80241930 (length = 64 bytes)
$Script_SetupWall will be placed at 80241994 (length = 60 bytes)
$Function_Init will be placed at 802419F4 (length = 58 bytes)
$Function_802405A8 will be placed at 80241A4C (length = 58 bytes)
$Script_Init_802410E8 will be placed at 80241AA4 (length = 54 bytes)
$Script_MakeExits will be placed at 80241AF8 (length = 50 bytes)
$Function_802400D4 will be placed at 80241B48 (length = 4C bytes)
$Function_80240C78 will be placed at 80241B94 (length = 48 bytes)
$RobotoadFight will be placed at 80241BDC (length = 48 bytes)
$Function_80240CC0 will be placed at 80241C24 (length = 48 bytes)
$IntTable_UpgradeDescriptions will be placed at 80241C6C (length = 48 bytes)
$Function_GetTattle will be placed at 80241CB4 (length = 44 bytes)
$Script_Entry1 will be placed at 80241CF8 (length = 40 bytes)
$Script_Entry0 will be placed at 80241D38 (length = 40 bytes)
$Script_Entry2 will be placed at 80241D78 (length = 40 bytes)
$Header will be placed at 80241DB8 (length = 40 bytes)
$Script_Interact will be placed at 80241DF8 (length = 3C bytes)
$Function_GetPartnerNameString will be placed at 80241E34 (length = 38 bytes)
$Function_80240510 will be placed at 80241E6C (length = 34 bytes)
$Script_LoreText will be placed at 80241EA0 (length = 34 bytes)
$Function_80240D08 will be placed at 80241ED4 (length = 30 bytes)
$EntryList will be placed at 80241F04 (length = 30 bytes)
$ShopkeeperSettings will be placed at 80241F34 (length = 2C bytes)
$NpcSettings_802405C0 will be placed at 80241F60 (length = 2C bytes)
$Function_8024003C will be placed at 80241F8C (length = 2C bytes)
$Function_SwitchPartner will be placed at 80241FB8 (length = 2C bytes)
$Script_Init_Shopkeeper will be placed at 80241FE4 (length = 28 bytes)
$NpcGroupList_PreDefeat will be placed at 8024200C (length = 24 bytes)
$Script_HandleOutcome will be placed at 80242030 (length = 20 bytes)
$Script_SetMusic will be placed at 80242050 (length = 20 bytes)
$Function_Disable_40_At_8009A650 will be placed at 80242070 (length = 20 bytes)
$Function_Enable_40_At_8009A650 will be placed at 80242090 (length = 1C bytes)
$NpcGroupList_Toadinator will be placed at 802420AC (length = 18 bytes)
$IntTable_LegalPartnerIDs will be placed at 802420C4 (length = 14 bytes)
$ASCII_"cav_12"_Literal will be placed at 802420D8 (length = C bytes)
$IntTable_StrangeVector will be placed at 802420E4 (length = C bytes)
$ASCII_"cav_10"_Literal will be placed at 802420F0 (length = C bytes)
$ASCII_"cav_04"_Literal will be placed at 802420FC (length = C bytes)
$IntTable_ForbiddenUpgradeText will be placed at 80242108 (length = 8 bytes)
$ASCII_"kpa_tex"_Literal will be placed at 80242110 (length = 8 bytes)
Executing patches for: cav_12
Reading patch file: map/patch/dark cave/cav_12.mpat
Reading patch file: map/import/EnterViaPipe.mpat
Creating struct: $Script_EnterVerticalPipe
Creating struct: $Function_WarpPipeEntry_80240020
Creating struct: $Function_WarpPipeEntry_802400F0
Creating struct: $Function_WarpPipeEntry_8024023C
Creating struct: $Script_EnterHorizontalPipe
Creating struct: $Header
Creating struct: $Script_UseBluePipe
Creating struct: $Function_Init
Creating struct: $Function_GetTattle
Creating struct: $EntryList
Creating struct: $Script_SetMusic
Creating struct: $Script_ResetMusic
Creating struct: $Script_Main
Creating struct: $Script_MakeEntities
Creating struct: $Script_RaisePipe
Creating struct: $Script_MakeDoors
Creating struct: $Script_OpenDoor_Room1
Creating struct: $Script_MoveWalls_Room1
Creating struct: $Script_DropDoor_Room1
Creating struct: $Script_ToggleVis_Room1
Creating struct: $Script_OpenDoor_Room2
Creating struct: $Script_MoveWalls_Room2
Creating struct: $Script_DropDoor_Room2
Creating struct: $Script_ToggleVis_Room2
Creating struct: $Script_OpenDoor_Room3
Creating struct: $Script_MoveWalls_Room3
Creating struct: $Script_DropDoor_Room3
Creating struct: $Script_ToggleVis_Room3
Creating struct: $NpcList_Room1
Creating struct: $NpcList_Room2
Creating struct: $NpcList_Room3
Creating struct: $Script_Spring1
Creating struct: $Script_80241420
Creating struct: $Script_MakeExits
Creating struct: $Script_Entry0
Creating struct: $Script_Entry1
Creating struct: $NpcGroupList_Town
Creating struct: $NpcGroup_SparkyGroup
Creating struct: $NpcGroup_WorkshopEnemies
Creating struct: $RockData
Creating struct: $NpcSettings
Creating struct: $Script_Init_Sparky1
Creating struct: $Script_Init_Sparky2
Creating struct: $Script_Init_Sparky3
Creating struct: $Script_Init_HatSparky
Creating struct: $Script_Init_CapSparky
Creating struct: $Script_Init_BowSparky
Creating struct: $Script_Init_Voltley
Creating struct: $Script_Interact_Sparky1
Creating struct: $Script_Interact_Sparky2
Creating struct: $Script_Interact_Sparky3
Creating struct: $Script_Interact_HatSparky
Creating struct: $Script_Interact_CapSparky
Creating struct: $Function_80240A44
Creating struct: $Function_802409F0
Creating struct: $Function_80240830
Creating struct: $Script_8024658C
Creating struct: $Function_80240AC0
Creating struct: $Script_80241CDC
Creating struct: $Function_802408F4
Creating struct: $Script_802492D0
Creating struct: $Function_80240878
Creating struct: $Script_80246514
Creating struct: $Function_80240AF4
Creating struct: $Script_8024953C
Creating struct: $Function_80240850
Creating struct: $Script_Interact_BowSparky
Creating struct: $Script_Interact_Voltley
Creating struct: $ItemList_80240E10
Creating struct: $Script_GiveItemSetup
Creating struct: $Script_GiveItem
Creating struct: $Function_802419C4
Creating struct: $Function_80241BCC
Creating struct: $Function_802417A0
Creating struct: $Function_802419FC
Creating struct: $Function_80241970
Creating struct: $???_80243088
Creating struct: $???_8024308C
Creating struct: $Script_IdleAI
Creating struct: $Function_SetStaticColors
Creating struct: $Script_IdleAI_Voltley
Creating struct: $Script_VoltleyEffects
Creating struct: $Script_UpdateVoltleyPositions
Creating struct: $Function_SetThunderboltPos
Creating struct: $Function_SetThunderboltPos_B
Creating struct: $Script_TurnBack
Merged 1 regions to 1
$NpcGroup_SparkyGroup will be placed at 80240000 (length = D90 bytes)
$NpcGroup_WorkshopEnemies will be placed at 80240D90 (length = BA0 bytes)
$Script_Interact_Voltley will be placed at 80241930 (length = 37C bytes)
$Script_EnterHorizontalPipe will be placed at 80241CAC (length = 300 bytes)
$Script_Interact_BowSparky will be placed at 80241FAC (length = 2CC bytes)
$Script_EnterVerticalPipe will be placed at 80242278 (length = 280 bytes)
$Script_Main will be placed at 802424F8 (length = 1F4 bytes)
$Script_802492D0 will be placed at 802426EC (length = 1DC bytes)
$Function_802417A0 will be placed at 802428C8 (length = 1D0 bytes)
$ToadinatorTattle will be placed at 80242A98 (length = 158 bytes)
$VoltleyTattle will be placed at 80242BF0 (length = 14C bytes)
$Script_VoltleyEffects will be placed at 80242D3C (length = 12C bytes)
$Script_UpdateVoltleyPositions will be placed at 80242E68 (length = 124 bytes)
$HatSparkyTattle will be placed at 80242F8C (length = 104 bytes)
$Script_8024658C will be placed at 80243090 (length = 100 bytes)
$CapSparkyTattle will be placed at 80243190 (length = EC bytes)
$Script_GiveItem will be placed at 8024327C (length = E0 bytes)
$Function_WarpPipeEntry_802400F0 will be placed at 8024335C (length = E0 bytes)
$BowSparkyTattle will be placed at 8024343C (length = D0 bytes)
$Script_Spring1 will be placed at 8024350C (length = C8 bytes)
$Script_MakeEntities will be placed at 802435D4 (length = C8 bytes)
$Function_SetThunderboltPos_B will be placed at 8024369C (length = C8 bytes)
$Script_IdleAI will be placed at 80243764 (length = C8 bytes)
$Function_SetThunderboltPos will be placed at 8024382C (length = C8 bytes)
$Script_MakeDoors will be placed at 802438F4 (length = BC bytes)
$HatSparkyText will be placed at 802439B0 (length = B4 bytes)
$SparkyTattle2 will be placed at 80243A64 (length = AC bytes)
$MapTattle will be placed at 80243B10 (length = AC bytes)
$CapSparkyText1 will be placed at 80243BBC (length = AC bytes)
$Script_Interact_CapSparky will be placed at 80243C68 (length = A8 bytes)
$Function_WarpPipeEntry_8024023C will be placed at 80243D10 (length = A4 bytes)
$Function_802419FC will be placed at 80243DB4 (length = 9C bytes)
$VoltleyTextLilOinks will be placed at 80243E50 (length = 98 bytes)
$CapSparkyText2 will be placed at 80243EE8 (length = 98 bytes)
$VoltleyText will be placed at 80243F80 (length = 90 bytes)
$SparkyText2 will be placed at 80244010 (length = 8C bytes)
$VoltleyRightItem will be placed at 8024409C (length = 88 bytes)
$Function_802408F4 will be placed at 80244124 (length = 80 bytes)
$Function_80240878 will be placed at 802441A4 (length = 7C bytes)
$Function_80240A44 will be placed at 80244220 (length = 7C bytes)
$Script_TurnBack will be placed at 8024429C (length = 78 bytes)
$Function_SetStaticColors will be placed at 80244314 (length = 74 bytes)
$Script_8024953C will be placed at 80244388 (length = 70 bytes)
$VoltleyText2 will be placed at 802443F8 (length = 6C bytes)
$InnRequestHealthy will be placed at 80244464 (length = 68 bytes)
$Script_ToggleVis_Room1 will be placed at 802444CC (length = 68 bytes)
$Script_MoveWalls_Room2 will be placed at 80244534 (length = 64 bytes)
$Script_MoveWalls_Room3 will be placed at 80244598 (length = 64 bytes)
$Script_MoveWalls_Room1 will be placed at 802445FC (length = 64 bytes)
$Script_80246514 will be placed at 80244660 (length = 60 bytes)
$SparkyText3 will be placed at 802446C0 (length = 5C bytes)
$Script_Init_Voltley will be placed at 8024471C (length = 58 bytes)
$Script_Init_CapSparky will be placed at 80244774 (length = 58 bytes)
$Function_80241970 will be placed at 802447CC (length = 54 bytes)
$Function_802409F0 will be placed at 80244820 (length = 54 bytes)
$Script_ToggleVis_Room3 will be placed at 80244874 (length = 50 bytes)
$Script_ToggleVis_Room2 will be placed at 802448C4 (length = 50 bytes)
$Script_Init_BowSparky will be placed at 80244914 (length = 4C bytes)
$CapSparkyText3 will be placed at 80244960 (length = 4C bytes)
$Script_80241420 will be placed at 802449AC (length = 48 bytes)
$SparkyTattle1 will be placed at 802449F4 (length = 44 bytes)
$SparkyText1 will be placed at 80244A38 (length = 44 bytes)
$Header will be placed at 80244A7C (length = 40 bytes)
$VoltleyAskForItem will be placed at 80244ABC (length = 40 bytes)
$Script_Entry1 will be placed at 80244AFC (length = 40 bytes)
$Script_Entry0 will be placed at 80244B3C (length = 40 bytes)
$Script_GiveItemSetup will be placed at 80244B7C (length = 3C bytes)
$Script_Interact_HatSparky will be placed at 80244BB8 (length = 3C bytes)
$Script_Init_Sparky3 will be placed at 80244BF4 (length = 3C bytes)
$Script_Init_Sparky2 will be placed at 80244C30 (length = 3C bytes)
$Script_Init_Sparky1 will be placed at 80244C6C (length = 3C bytes)
$Script_Interact_Sparky3 will be placed at 80244CA8 (length = 3C bytes)
$Script_Interact_Sparky1 will be placed at 80244CE4 (length = 3C bytes)
$Script_Interact_Sparky2 will be placed at 80244D20 (length = 3C bytes)
$Script_Init_HatSparky will be placed at 80244D5C (length = 3C bytes)
$VoltleyTextPipe will be placed at 80244D98 (length = 38 bytes)
$Function_802419C4 will be placed at 80244DD0 (length = 38 bytes)
$Script_MakeExits will be placed at 80244E08 (length = 38 bytes)
$Function_80240AC0 will be placed at 80244E40 (length = 34 bytes)
$VoltleyNoItem will be placed at 80244E74 (length = 34 bytes)
$Function_80241BCC will be placed at 80244EA8 (length = 34 bytes)
$EntryList will be placed at 80244EDC (length = 30 bytes)
$Function_80240AF4 will be placed at 80244F0C (length = 30 bytes)
$InnEnd will be placed at 80244F3C (length = 2C bytes)
$Function_Init will be placed at 80244F68 (length = 2C bytes)
$VoltleyWrongItem will be placed at 80244F94 (length = 2C bytes)
$RockData will be placed at 80244FC0 (length = 2C bytes)
$Script_RaisePipe will be placed at 80244FEC (length = 2C bytes)
$NpcSettings will be placed at 80245018 (length = 2C bytes)
$Function_80240850 will be placed at 80245044 (length = 28 bytes)
$InnRequest will be placed at 8024506C (length = 28 bytes)
$Script_OpenDoor_Room1 will be placed at 80245094 (length = 24 bytes)
$Script_DropDoor_Room2 will be placed at 802450B8 (length = 24 bytes)
$Script_DropDoor_Room1 will be placed at 802450DC (length = 24 bytes)
$Script_DropDoor_Room3 will be placed at 80245100 (length = 24 bytes)
$NpcGroupList_Town will be placed at 80245124 (length = 24 bytes)
$Script_OpenDoor_Room3 will be placed at 80245148 (length = 24 bytes)
$Script_OpenDoor_Room2 will be placed at 8024516C (length = 24 bytes)
$Script_ResetMusic will be placed at 80245190 (length = 20 bytes)
$Script_80241CDC will be placed at 802451B0 (length = 20 bytes)
$Script_SetMusic will be placed at 802451D0 (length = 20 bytes)
$NpcList_Room2 will be placed at 802451F0 (length = 20 bytes)
$Script_UseBluePipe will be placed at 80245210 (length = 20 bytes)
$Function_80240830 will be placed at 80245230 (length = 20 bytes)
$Script_IdleAI_Voltley will be placed at 80245250 (length = 18 bytes)
$InnReject will be placed at 80245268 (length = 14 bytes)
$Function_WarpPipeEntry_80240020 will be placed at 8024527C (length = 14 bytes)
$Function_GetTattle will be placed at 80245290 (length = 14 bytes)
$InnSleep will be placed at 802452A4 (length = 14 bytes)
$ASCII_"cav_11"_Literal will be placed at 802452B8 (length = C bytes)
$ASCII_"cav_13"_Literal will be placed at 802452C4 (length = C bytes)
$ASCII_"cav_00"_Literal will be placed at 802452D0 (length = C bytes)
$ItemList_80240E10 will be placed at 802452DC (length = 8 bytes)
$NpcList_Room1 will be placed at 802452E4 (length = 8 bytes)
$NpcList_Room3 will be placed at 802452EC (length = 8 bytes)
$ASCII_"kpa_tex"_Literal will be placed at 802452F4 (length = 8 bytes)
$???_80243088 will be placed at 802452FC (length = 4 bytes)
$???_8024308C will be placed at 80245300 (length = 4 bytes)
Executing patches for: cav_13
Reading patch file: map/patch/dark cave/cav_13.mpat
Creating struct: $Header
Creating struct: $Function_Init
Creating struct: $Function_GetTattle
Creating struct: $EntryList
Creating struct: $Script_SetMusic
Creating struct: $Script_Main
Creating struct: $Script_MakeEntities
Creating struct: $Script_MakeDoors
Creating struct: $Script_OpenDoor_room1
Creating struct: $Script_MoveWalls_room1
Creating struct: $Script_DropDoor_room1
Creating struct: $Script_ToggleVis_room1
Creating struct: $Script_OpenDoor_Room3
Creating struct: $Script_MoveWalls_Room3
Creating struct: $Script_DropDoor_Room3
Creating struct: $Script_ToggleVis_Room3
Creating struct: $NpcList_room1
Creating struct: $NpcList_Room3
Creating struct: $Script_MakeExits
Creating struct: $Script_Entry0
Creating struct: $NpcGroupList_Town_NoShroom
Creating struct: $NpcGroupList_Town
Creating struct: $NpcGroup_SparkyGroup
Creating struct: $NpcGroup_Shroom
Creating struct: $NpcSettings
Creating struct: $Script_Init_Sparky
Creating struct: $Script_Init_Mayor
Creating struct: $Script_Init_StrawHat
Creating struct: $Script_Init_CapSparky
Creating struct: $Script_Init_Mushroom
Creating struct: $Script_Interact_Sparky
Creating struct: $Script_Interact_HatSparky
Creating struct: $Script_Interact_StrawHat
Creating struct: $Script_Interact_CapSparky
Creating struct: $IntTable_DialogueList
Creating struct: $ShopInventory_8024B6CC
Creating struct: $ShopPriceList_8024B720
Creating struct: $Script_8024B7B4
Creating struct: $ShopItemPositions_8024B808
Creating struct: $ShopOwnerNPC_CapSparky
Creating struct: $Script_IdleAI
Creating struct: $Function_SetThunderboltPos
Creating struct: $Script_IdleAI_Shroom
Creating struct: $Script_HandleOutcome
Creating struct: $Script_ListenForFlags
Creating struct: $Script_ListenForPlayer
Merged 1 regions to 1
$NpcGroup_SparkyGroup will be placed at 80240000 (length = 7C0 bytes)
$Script_Interact_HatSparky will be placed at 802407C0 (length = 3B4 bytes)
$NpcGroup_Shroom will be placed at 80240B74 (length = 1F0 bytes)
$MayorTextOkFine will be placed at 80240D64 (length = 16C bytes)
$Script_MakeEntities will be placed at 80240ED0 (length = 168 bytes)
$JustificationI will be placed at 80241038 (length = 128 bytes)
$MayorTextNoKey2 will be placed at 80241160 (length = F0 bytes)
$MayorTextNotConvinced will be placed at 80241250 (length = E4 bytes)
$MayorTextNotConvincedB will be placed at 80241334 (length = E4 bytes)
$Script_Main will be placed at 80241418 (length = D4 bytes)
$StrawHatText will be placed at 802414EC (length = CC bytes)
$Script_IdleAI will be placed at 802415B8 (length = C8 bytes)
$Function_SetThunderboltPos will be placed at 80241680 (length = C8 bytes)
$MayorTextNoKey will be placed at 80241748 (length = B0 bytes)
$ShopPriceList_8024B720 will be placed at 802417F8 (length = A8 bytes)
$StrawHatNoShroomText will be placed at 802418A0 (length = A8 bytes)
$CapSparkyTattle will be placed at 80241948 (length = 98 bytes)
$Script_ListenForFlags will be placed at 802419E0 (length = 90 bytes)
$ShopBuyTutorial will be placed at 80241A70 (length = 90 bytes)
$StrawSparkyTattle will be placed at 80241B00 (length = 88 bytes)
$Script_MakeDoors will be placed at 80241B88 (length = 80 bytes)
$MapTattle will be placed at 80241C08 (length = 7C bytes)
$HatSparkyTattle will be placed at 80241C84 (length = 78 bytes)
$Script_IdleAI_Shroom will be placed at 80241CFC (length = 78 bytes)
$JustificationD will be placed at 80241D74 (length = 70 bytes)
$Script_Interact_Sparky will be placed at 80241DE4 (length = 6C bytes)
$Script_Interact_StrawHat will be placed at 80241E50 (length = 6C bytes)
$JustificationA will be placed at 80241EBC (length = 6C bytes)
$JustificationB will be placed at 80241F28 (length = 68 bytes)
$Script_MoveWalls_Room3 will be placed at 80241F90 (length = 64 bytes)
$Script_Init_Mushroom will be placed at 80241FF4 (length = 60 bytes)
$SparkyTextB will be placed at 80242054 (length = 60 bytes)
$JustificationE will be placed at 802420B4 (length = 60 bytes)
$IntTable_DialogueList will be placed at 80242114 (length = 5C bytes)
$ShopEmptySell will be placed at 80242170 (length = 58 bytes)
$ShopInventory_8024B6CC will be placed at 802421C8 (length = 54 bytes)
$JustificationF will be placed at 8024221C (length = 54 bytes)
$Script_ToggleVis_room1 will be placed at 80242270 (length = 50 bytes)
$Script_ToggleVis_Room3 will be placed at 802422C0 (length = 50 bytes)
$Script_HandleOutcome will be placed at 80242310 (length = 4C bytes)
$SparkyText will be placed at 8024235C (length = 4C bytes)
$ShopInventoryFullB will be placed at 802423A8 (length = 48 bytes)
$ShopInventoryFullA will be placed at 802423F0 (length = 48 bytes)
$ShopTooPoor will be placed at 80242438 (length = 44 bytes)
$SparkyTattle will be placed at 8024247C (length = 44 bytes)
$Header will be placed at 802424C0 (length = 40 bytes)
$Script_Entry0 will be placed at 80242500 (length = 40 bytes)
$JustificationG will be placed at 80242540 (length = 40 bytes)
$ShopCheckQuery will be placed at 80242580 (length = 3C bytes)
$ShopSellCoinCost will be placed at 802425BC (length = 3C bytes)
$Script_Init_Mayor will be placed at 802425F8 (length = 38 bytes)
$Script_Init_StrawHat will be placed at 80242630 (length = 38 bytes)
$ShopNoStorage will be placed at 80242668 (length = 38 bytes)
$Script_8024B7B4 will be placed at 802426A0 (length = 34 bytes)
$JustificationC will be placed at 802426D4 (length = 34 bytes)
$ShopWelcome will be placed at 80242708 (length = 30 bytes)
$ShopCheckMore will be placed at 80242738 (length = 30 bytes)
$Function_Init will be placed at 80242768 (length = 2C bytes)
$ShopSellMore will be placed at 80242794 (length = 2C bytes)
$JustificationH will be placed at 802427C0 (length = 2C bytes)
$NpcSettings will be placed at 802427EC (length = 2C bytes)
$ShopStorageFull will be placed at 80242818 (length = 28 bytes)
$ShopCoinPrice will be placed at 80242840 (length = 28 bytes)
$Script_Init_Sparky will be placed at 80242868 (length = 28 bytes)
$ShopSellQueryB will be placed at 80242890 (length = 28 bytes)
$Script_ListenForPlayer will be placed at 802428B8 (length = 28 bytes)
$Script_Init_CapSparky will be placed at 802428E0 (length = 28 bytes)
$Script_DropDoor_room1 will be placed at 80242908 (length = 24 bytes)
$Script_DropDoor_Room3 will be placed at 8024292C (length = 24 bytes)
$Script_OpenDoor_room1 will be placed at 80242950 (length = 24 bytes)
$NpcGroupList_Town will be placed at 80242974 (length = 24 bytes)
$Script_OpenDoor_Room3 will be placed at 80242998 (length = 24 bytes)
$ShopSellQueryA will be placed at 802429BC (length = 20 bytes)
$Script_SetMusic will be placed at 802429DC (length = 20 bytes)
$Script_MakeExits will be placed at 802429FC (length = 20 bytes)
$ShopClaimMore will be placed at 80242A1C (length = 1C bytes)
$ShopOwnerNPC_CapSparky will be placed at 80242A38 (length = 1C bytes)
$ShopClaimQuery will be placed at 80242A54 (length = 1C bytes)
$MayorText will be placed at 80242A70 (length = 1C bytes)
$ShopCheckLast will be placed at 80242A8C (length = 1C bytes)
$ShopItemPositions_8024B808 will be placed at 80242AA8 (length = 18 bytes)
$NpcGroupList_Town_NoShroom will be placed at 80242AC0 (length = 18 bytes)
$Function_GetTattle will be placed at 80242AD8 (length = 14 bytes)
$ShopEmptyCheck will be placed at 80242AEC (length = 14 bytes)
$EntryList will be placed at 80242B00 (length = 10 bytes)
$Script_Interact_CapSparky will be placed at 80242B10 (length = 10 bytes)
$ShopExit will be placed at 80242B20 (length = 10 bytes)
$ASCII_"cav_12"_Literal will be placed at 80242B30 (length = C bytes)
$ShopClaimLast will be placed at 80242B3C (length = C bytes)
$ShopSellLast will be placed at 80242B48 (length = C bytes)
$Script_MoveWalls_room1 will be placed at 80242B54 (length = 8 bytes)
$NpcList_Room3 will be placed at 80242B5C (length = 8 bytes)
$ShopLeave will be placed at 80242B64 (length = 8 bytes)
$NpcList_room1 will be placed at 80242B6C (length = 8 bytes)
$ASCII_"kpa_tex"_Literal will be placed at 80242B74 (length = 8 bytes)
Executing patches for: cav_14
Reading patch file: map/patch/dark cave/cav_14.mpat
Creating struct: $Header
Creating struct: $Function_Init
Creating struct: $Function_GetTattle
Creating struct: $EntryList
Creating struct: $Script_SetMusic
Creating struct: $NpcGroupList
Creating struct: $NpcGroup_BuzzyBeetle1
Creating struct: $NpcSettings_BuzzyBeetle
Creating struct: $Script_Init_Enemy
Creating struct: $Script_Idle
Creating struct: $Script_Outcome
Creating struct: $Script_Main
Creating struct: $Script_MakeEntities
Creating struct: $Script_MakeExits
Creating struct: $Script_Entry0
Creating struct: $Script_Entry1
Merged 1 regions to 1
$NpcGroup_BuzzyBeetle1 will be placed at 80240000 (length = 7C0 bytes)
$Script_Idle will be placed at 802407C0 (length = 1C8 bytes)
$NormalFight will be placed at 80240988 (length = D8 bytes)
$Script_Main will be placed at 80240A60 (length = D0 bytes)
$SpecialFight will be placed at 80240B30 (length = 90 bytes)
$Script_MakeEntities will be placed at 80240BC0 (length = 88 bytes)
$MapTattle will be placed at 80240C48 (length = 80 bytes)
$Script_Outcome will be placed at 80240CC8 (length = 6C bytes)
$Function_Init will be placed at 80240D34 (length = 58 bytes)
$Header will be placed at 80240D8C (length = 40 bytes)
$Script_Entry1 will be placed at 80240DCC (length = 40 bytes)
$Script_Entry0 will be placed at 80240E0C (length = 40 bytes)
$Script_MakeExits will be placed at 80240E4C (length = 38 bytes)
$NpcSettings_BuzzyBeetle will be placed at 80240E84 (length = 2C bytes)
$Script_Init_Enemy will be placed at 80240EB0 (length = 28 bytes)
$EntryList will be placed at 80240ED8 (length = 20 bytes)
$Script_SetMusic will be placed at 80240EF8 (length = 20 bytes)
$NpcGroupList will be placed at 80240F18 (length = 18 bytes)
$Function_GetTattle will be placed at 80240F30 (length = 14 bytes)
$ASCII_"cav_08"_Literal will be placed at 80240F44 (length = C bytes)
$ASCII_"cav_15"_Literal will be placed at 80240F50 (length = C bytes)
$ASCII_"kpa_tex"_Literal will be placed at 80240F5C (length = 8 bytes)
Executing patches for: cav_15
Reading patch file: map/patch/dark cave/cav_15.mpat
Reading patch file: map/import/Pit_AI.mpat
Creating struct: $NpcSettings_Goomba
Creating struct: $NpcSettings_Koopa
Creating struct: $NpcSettings_Fuzzy
Creating struct: $Script_NpcAI_Fuzzy
Creating struct: $Script_GoombaAI
Creating struct: $AISettings_Goomba
Creating struct: $AISettings_Fuzzy_802413E0
Creating struct: $JumpTable_Fuzzy_802423B8
Creating struct: $Function_Fuzzy_80240000
Creating struct: $Function_Fuzzy_80240230
Creating struct: $Function_Fuzzy_80240568
Creating struct: $Function_Fuzzy_80240628
Creating struct: $Function_Fuzzy_802407CC
Creating struct: $Function_Fuzzy_802408AC
Creating struct: $Function_Fuzzy_80240BAC
Creating struct: $Function_Fuzzy_80240BF0
Creating struct: $JumpTable_Koopa_80245CF8
Creating struct: $Script_NpcAI_Koopa
Creating struct: $AISettings_Koopa_802427BC
Creating struct: $NpcSettings_BuzzyBeetle
Creating struct: $AISettings_BuzzyBeetle
Creating struct: $Script_NpcAI_BuzzyBeetle
Creating struct: $AISettings_Koopatrol
Creating struct: $Script_NpcAI_Koopatrol
Creating struct: $NpcSettings_Koopatrol
Creating struct: $AISettings_Spiny
Creating struct: $Script_NpcAI_Spiny
Creating struct: $NpcSettings_Spiny
Creating struct: $AISettings_BonyBeetle
Creating struct: $Script_NpcAI_BonyBeetle
Creating struct: $NpcSettings_BonyBeetle
Creating struct: $Function_DoAI_ShellEnemy
Creating struct: $Function_Koopa_80240000
Creating struct: $Function_Koopa_8024007C
Creating struct: $Function_Koopa_802401B0
Creating struct: $Function_Koopa_80240314
Creating struct: $NpcSettings_Bubble
Creating struct: $Script_NpcAI_Bubble
Creating struct: $AISettings_Bubble
Creating struct: $JumpTable_NEW130A8
Creating struct: $JumpTable_NEW130F0
Creating struct: $Function_NEW10000
Creating struct: $Function_NEW10348
Creating struct: $Function_NEW1040C
Creating struct: $Function_NEW10530
Creating struct: $Function_NEW10720
Creating struct: $Function_NEW107F4
Creating struct: $Function_NEW10820
Creating struct: $Function_NEW109D0
Creating struct: $Function_NEW10FF8
Creating struct: $Function_NEW110B8
Creating struct: $Function_NEW113FC
Creating struct: $Function_NEW11474
Creating struct: $Function_NEW114E0
Creating struct: $Function_NEW11614
Creating struct: $Function_NEW11678
Creating struct: $Function_NEW11A08
Creating struct: $Function_NEW11B2C
Creating struct: $Function_NEW11D18
Creating struct: $Function_NEW11E48
Creating struct: $Function_NEW120C8
Creating struct: $Function_NEW12124
Creating struct: $???_NEW123E0
Creating struct: $FloatTable_NEW12930
Creating struct: $FloatTable_NEW12B90
Creating struct: $Header
Creating struct: $Function_Init
Creating struct: $Function_GetTattle
Creating struct: $EntryList
Creating struct: $Script_SetMusic
Creating struct: $NpcGroupList
Creating struct: $NpcGroup_BuzzyBeetle1
Creating struct: $NpcGroup_BuzzyBeetle2
Creating struct: $NpcGroup_BuzzyBeetle3
Reading patch for $NpcSettings_BuzzyBeetle
Creating struct: $Script_Main
Creating struct: $Script_MakeExits
Creating struct: $Script_Entry0
Creating struct: $Script_Entry1
Creating struct: $Script_Entry2
Creating struct: $Script_Entry3
Merged 1 regions to 1
$Function_NEW109D0 will be placed at 80240000 (length = 638 bytes)
$Function_DoAI_ShellEnemy will be placed at 80240638 (length = 440 bytes)
$Function_NEW11678 will be placed at 80240A78 (length = 390 bytes)
$Function_NEW10000 will be placed at 80240E08 (length = 350 bytes)
$Function_NEW110B8 will be placed at 80241158 (length = 344 bytes)
$Function_Fuzzy_80240230 will be placed at 8024149C (length = 340 bytes)
$Function_Fuzzy_802408AC will be placed at 802417DC (length = 300 bytes)
$Function_NEW11E48 will be placed at 80241ADC (length = 288 bytes)
$Function_Fuzzy_80240000 will be placed at 80241D64 (length = 230 bytes)
$Function_Fuzzy_80240BF0 will be placed at 80241F94 (length = 224 bytes)
$NpcGroup_BuzzyBeetle3 will be placed at 802421B8 (length = 1F0 bytes)
$NpcGroup_BuzzyBeetle2 will be placed at 802423A8 (length = 1F0 bytes)
$NpcGroup_BuzzyBeetle1 will be placed at 80242598 (length = 1F0 bytes)
$Function_NEW11B2C will be placed at 80242788 (length = 1EC bytes)
$Function_NEW12124 will be placed at 80242974 (length = 1E8 bytes)
$Function_NEW10530 will be placed at 80242B5C (length = 1E8 bytes)
$Function_NEW10820 will be placed at 80242D44 (length = 1B8 bytes)
$Function_Fuzzy_80240628 will be placed at 80242EFC (length = 1A4 bytes)
$Function_Koopa_802401B0 will be placed at 802430A0 (length = 164 bytes)
$Function_Koopa_8024007C will be placed at 80243204 (length = 13C bytes)
$Function_NEW114E0 will be placed at 80243340 (length = 134 bytes)
$Function_NEW11D18 will be placed at 80243474 (length = 130 bytes)
$Function_NEW11A08 will be placed at 802435A4 (length = 124 bytes)
$Function_NEW1040C will be placed at 802436C8 (length = 124 bytes)
$Function_Fuzzy_802407CC will be placed at 802437EC (length = E0 bytes)
$Function_NEW10720 will be placed at 802438CC (length = D4 bytes)
$Script_Main will be placed at 802439A0 (length = C8 bytes)
$Function_NEW10348 will be placed at 80243A68 (length = C4 bytes)
$Function_Fuzzy_80240568 will be placed at 80243B2C (length = C0 bytes)
$Function_NEW10FF8 will be placed at 80243BEC (length = C0 bytes)
$Function_Koopa_80240314 will be placed at 80243CAC (length = 80 bytes)
$Function_Koopa_80240000 will be placed at 80243D2C (length = 7C bytes)
$Function_NEW113FC will be placed at 80243DA8 (length = 78 bytes)
$MapTattle will be placed at 80243E20 (length = 74 bytes)
$FloatTable_NEW12930 will be placed at 80243E94 (length = 70 bytes)
$Function_NEW11474 will be placed at 80243F04 (length = 6C bytes)
$Script_MakeExits will be placed at 80243F70 (length = 68 bytes)
$Function_NEW11614 will be placed at 80243FD8 (length = 64 bytes)
$Function_NEW120C8 will be placed at 8024403C (length = 5C bytes)
$Function_Init will be placed at 80244098 (length = 58 bytes)
$Script_NpcAI_Koopa will be placed at 802440F0 (length = 54 bytes)
$Script_NpcAI_Koopatrol will be placed at 80244144 (length = 54 bytes)
$Script_NpcAI_Spiny will be placed at 80244198 (length = 54 bytes)
$JumpTable_Koopa_80245CF8 will be placed at 802441EC (length = 54 bytes)
$JumpTable_NEW130F0 will be placed at 80244240 (length = 54 bytes)
$Script_NpcAI_Bubble will be placed at 80244294 (length = 54 bytes)
$Script_NpcAI_BonyBeetle will be placed at 802442E8 (length = 54 bytes)
$Script_NpcAI_BuzzyBeetle will be placed at 8024433C (length = 54 bytes)
$Function_Fuzzy_80240BAC will be placed at 80244390 (length = 44 bytes)
$Script_Entry1 will be placed at 802443D4 (length = 40 bytes)
$Script_Entry0 will be placed at 80244414 (length = 40 bytes)
$Script_Entry3 will be placed at 80244454 (length = 40 bytes)
$Script_Entry2 will be placed at 80244494 (length = 40 bytes)
$Header will be placed at 802444D4 (length = 40 bytes)
$EntryList will be placed at 80244514 (length = 40 bytes)
$JumpTable_Fuzzy_802423B8 will be placed at 80244554 (length = 3C bytes)
$JumpTable_NEW130A8 will be placed at 80244590 (length = 3C bytes)
$AISettings_Spiny will be placed at 802445CC (length = 30 bytes)
$AISettings_BonyBeetle will be placed at 802445FC (length = 30 bytes)
$AISettings_BuzzyBeetle will be placed at 8024462C (length = 30 bytes)
$AISettings_Koopa_802427BC will be placed at 8024465C (length = 30 bytes)
$AISettings_Bubble will be placed at 8024468C (length = 30 bytes)
$AISettings_Koopatrol will be placed at 802446BC (length = 30 bytes)
$NpcGroupList will be placed at 802446EC (length = 30 bytes)
$AISettings_Fuzzy_802413E0 will be placed at 8024471C (length = 30 bytes)
$AISettings_Goomba will be placed at 8024474C (length = 30 bytes)
$NpcSettings_Koopatrol will be placed at 8024477C (length = 2C bytes)
$Function_NEW107F4 will be placed at 802447A8 (length = 2C bytes)
$NpcSettings_Spiny will be placed at 802447D4 (length = 2C bytes)
$Script_NpcAI_Fuzzy will be placed at 80244800 (length = 2C bytes)
$NpcSettings_Fuzzy will be placed at 8024482C (length = 2C bytes)
$NpcSettings_Bubble will be placed at 80244858 (length = 2C bytes)
$NpcSettings_BonyBeetle will be placed at 80244884 (length = 2C bytes)
$NpcSettings_Koopa will be placed at 802448B0 (length = 2C bytes)
$NpcSettings_BuzzyBeetle will be placed at 802448DC (length = 2C bytes)
$NpcSettings_Goomba will be placed at 80244908 (length = 2C bytes)
$Script_SetMusic will be placed at 80244934 (length = 20 bytes)
$FloatTable_NEW12B90 will be placed at 80244954 (length = 18 bytes)
$Script_GoombaAI will be placed at 8024496C (length = 14 bytes)
$Function_GetTattle will be placed at 80244980 (length = 14 bytes)
$ASCII_"cav_06"_Literal will be placed at 80244994 (length = C bytes)
$ASCII_"cav_16"_Literal will be placed at 802449A0 (length = C bytes)
$ASCII_"cav_14"_Literal will be placed at 802449AC (length = C bytes)
$ASCII_"cav_17"_Literal will be placed at 802449B8 (length = C bytes)
$ASCII_"kpa_tex"_Literal will be placed at 802449C4 (length = 8 bytes)
$???_NEW123E0 will be placed at 802449CC (length = 4 bytes)
Executing patches for: cav_16
Reading patch file: map/patch/dark cave/cav_16.mpat
Reading patch file: map/import/Pit_AI.mpat
Creating struct: $NpcSettings_Goomba
Creating struct: $NpcSettings_Koopa
Creating struct: $NpcSettings_Fuzzy
Creating struct: $Script_NpcAI_Fuzzy
Creating struct: $Script_GoombaAI
Creating struct: $AISettings_Goomba
Creating struct: $AISettings_Fuzzy_802413E0
Creating struct: $JumpTable_Fuzzy_802423B8
Creating struct: $Function_Fuzzy_80240000
Creating struct: $Function_Fuzzy_80240230
Creating struct: $Function_Fuzzy_80240568
Creating struct: $Function_Fuzzy_80240628
Creating struct: $Function_Fuzzy_802407CC
Creating struct: $Function_Fuzzy_802408AC
Creating struct: $Function_Fuzzy_80240BAC
Creating struct: $Function_Fuzzy_80240BF0
Creating struct: $JumpTable_Koopa_80245CF8
Creating struct: $Script_NpcAI_Koopa
Creating struct: $AISettings_Koopa_802427BC
Creating struct: $NpcSettings_BuzzyBeetle
Creating struct: $AISettings_BuzzyBeetle
Creating struct: $Script_NpcAI_BuzzyBeetle
Creating struct: $AISettings_Koopatrol
Creating struct: $Script_NpcAI_Koopatrol
Creating struct: $NpcSettings_Koopatrol
Creating struct: $AISettings_Spiny
Creating struct: $Script_NpcAI_Spiny
Creating struct: $NpcSettings_Spiny
Creating struct: $AISettings_BonyBeetle
Creating struct: $Script_NpcAI_BonyBeetle
Creating struct: $NpcSettings_BonyBeetle
Creating struct: $Function_DoAI_ShellEnemy
Creating struct: $Function_Koopa_80240000
Creating struct: $Function_Koopa_8024007C
Creating struct: $Function_Koopa_802401B0
Creating struct: $Function_Koopa_80240314
Creating struct: $NpcSettings_Bubble
Creating struct: $Script_NpcAI_Bubble
Creating struct: $AISettings_Bubble
Creating struct: $JumpTable_NEW130A8
Creating struct: $JumpTable_NEW130F0
Creating struct: $Function_NEW10000
Creating struct: $Function_NEW10348
Creating struct: $Function_NEW1040C
Creating struct: $Function_NEW10530
Creating struct: $Function_NEW10720
Creating struct: $Function_NEW107F4
Creating struct: $Function_NEW10820
Creating struct: $Function_NEW109D0
Creating struct: $Function_NEW10FF8
Creating struct: $Function_NEW110B8
Creating struct: $Function_NEW113FC
Creating struct: $Function_NEW11474
Creating struct: $Function_NEW114E0
Creating struct: $Function_NEW11614
Creating struct: $Function_NEW11678
Creating struct: $Function_NEW11A08
Creating struct: $Function_NEW11B2C
Creating struct: $Function_NEW11D18
Creating struct: $Function_NEW11E48
Creating struct: $Function_NEW120C8
Creating struct: $Function_NEW12124
Creating struct: $???_NEW123E0
Creating struct: $FloatTable_NEW12930
Creating struct: $FloatTable_NEW12B90
Creating struct: $Header
Creating struct: $Function_Init
Creating struct: $Function_GetTattle
Creating struct: $EntryList
Creating struct: $Script_SetMusic
Creating struct: $NpcGroupList
Creating struct: $NpcGroup_BuzzyBeetle1
Reading patch for $NpcSettings_BuzzyBeetle
Creating struct: $Script_Main
Creating struct: $Script_MakeEntities
Creating struct: $Script_MakeExits
Creating struct: $Script_Entry0
Merged 1 regions to 1
$Function_NEW109D0 will be placed at 80240000 (length = 638 bytes)
$Function_DoAI_ShellEnemy will be placed at 80240638 (length = 440 bytes)
$Function_NEW11678 will be placed at 80240A78 (length = 390 bytes)
$Function_NEW10000 will be placed at 80240E08 (length = 350 bytes)
$Function_NEW110B8 will be placed at 80241158 (length = 344 bytes)
$Function_Fuzzy_80240230 will be placed at 8024149C (length = 340 bytes)
$Function_Fuzzy_802408AC will be placed at 802417DC (length = 300 bytes)
$Function_NEW11E48 will be placed at 80241ADC (length = 288 bytes)
$Function_Fuzzy_80240000 will be placed at 80241D64 (length = 230 bytes)
$Function_Fuzzy_80240BF0 will be placed at 80241F94 (length = 224 bytes)
$NpcGroup_BuzzyBeetle1 will be placed at 802421B8 (length = 1F0 bytes)
$Function_NEW11B2C will be placed at 802423A8 (length = 1EC bytes)
$Function_NEW12124 will be placed at 80242594 (length = 1E8 bytes)
$Function_NEW10530 will be placed at 8024277C (length = 1E8 bytes)
$Function_NEW10820 will be placed at 80242964 (length = 1B8 bytes)
$Function_Fuzzy_80240628 will be placed at 80242B1C (length = 1A4 bytes)
$Function_Koopa_802401B0 will be placed at 80242CC0 (length = 164 bytes)
$Function_Koopa_8024007C will be placed at 80242E24 (length = 13C bytes)
$Function_NEW114E0 will be placed at 80242F60 (length = 134 bytes)
$Function_NEW11D18 will be placed at 80243094 (length = 130 bytes)
$Function_NEW11A08 will be placed at 802431C4 (length = 124 bytes)
$Function_NEW1040C will be placed at 802432E8 (length = 124 bytes)
$Function_Fuzzy_802407CC will be placed at 8024340C (length = E0 bytes)
$Function_NEW10720 will be placed at 802434EC (length = D4 bytes)
$Script_Main will be placed at 802435C0 (length = D0 bytes)
$Function_NEW10348 will be placed at 80243690 (length = C4 bytes)
$Function_Fuzzy_80240568 will be placed at 80243754 (length = C0 bytes)
$Function_NEW10FF8 will be placed at 80243814 (length = C0 bytes)
$MapTattle will be placed at 802438D4 (length = 98 bytes)
$Function_Koopa_80240314 will be placed at 8024396C (length = 80 bytes)
$Function_Koopa_80240000 will be placed at 802439EC (length = 7C bytes)
$Function_NEW113FC will be placed at 80243A68 (length = 78 bytes)
$FloatTable_NEW12930 will be placed at 80243AE0 (length = 70 bytes)
$Function_NEW11474 will be placed at 80243B50 (length = 6C bytes)
$Function_NEW11614 will be placed at 80243BBC (length = 64 bytes)
$Function_NEW120C8 will be placed at 80243C20 (length = 5C bytes)
$Function_Init will be placed at 80243C7C (length = 58 bytes)
$Script_NpcAI_Koopa will be placed at 80243CD4 (length = 54 bytes)
$Script_NpcAI_Koopatrol will be placed at 80243D28 (length = 54 bytes)
$Script_NpcAI_Spiny will be placed at 80243D7C (length = 54 bytes)
$JumpTable_Koopa_80245CF8 will be placed at 80243DD0 (length = 54 bytes)
$JumpTable_NEW130F0 will be placed at 80243E24 (length = 54 bytes)
$Script_NpcAI_Bubble will be placed at 80243E78 (length = 54 bytes)
$Script_NpcAI_BonyBeetle will be placed at 80243ECC (length = 54 bytes)
$Script_NpcAI_BuzzyBeetle will be placed at 80243F20 (length = 54 bytes)
$Script_MakeEntities will be placed at 80243F74 (length = 48 bytes)
$Function_Fuzzy_80240BAC will be placed at 80243FBC (length = 44 bytes)
$Script_Entry0 will be placed at 80244000 (length = 40 bytes)
$Header will be placed at 80244040 (length = 40 bytes)
$JumpTable_Fuzzy_802423B8 will be placed at 80244080 (length = 3C bytes)
$JumpTable_NEW130A8 will be placed at 802440BC (length = 3C bytes)
$AISettings_Spiny will be placed at 802440F8 (length = 30 bytes)
$AISettings_BonyBeetle will be placed at 80244128 (length = 30 bytes)
$AISettings_BuzzyBeetle will be placed at 80244158 (length = 30 bytes)
$AISettings_Koopa_802427BC will be placed at 80244188 (length = 30 bytes)
$AISettings_Bubble will be placed at 802441B8 (length = 30 bytes)
$AISettings_Koopatrol will be placed at 802441E8 (length = 30 bytes)
$AISettings_Fuzzy_802413E0 will be placed at 80244218 (length = 30 bytes)
$AISettings_Goomba will be placed at 80244248 (length = 30 bytes)
$NpcSettings_Koopatrol will be placed at 80244278 (length = 2C bytes)
$Function_NEW107F4 will be placed at 802442A4 (length = 2C bytes)
$NpcSettings_Spiny will be placed at 802442D0 (length = 2C bytes)
$Script_NpcAI_Fuzzy will be placed at 802442FC (length = 2C bytes)
$NpcSettings_Fuzzy will be placed at 80244328 (length = 2C bytes)
$NpcSettings_Bubble will be placed at 80244354 (length = 2C bytes)
$NpcSettings_BonyBeetle will be placed at 80244380 (length = 2C bytes)
$NpcSettings_Koopa will be placed at 802443AC (length = 2C bytes)
$NpcSettings_BuzzyBeetle will be placed at 802443D8 (length = 2C bytes)
$NpcSettings_Goomba will be placed at 80244404 (length = 2C bytes)
$Script_SetMusic will be placed at 80244430 (length = 20 bytes)
$Script_MakeExits will be placed at 80244450 (length = 20 bytes)
$NpcGroupList will be placed at 80244470 (length = 18 bytes)
$FloatTable_NEW12B90 will be placed at 80244488 (length = 18 bytes)
$Script_GoombaAI will be placed at 802444A0 (length = 14 bytes)
$Function_GetTattle will be placed at 802444B4 (length = 14 bytes)
$EntryList will be placed at 802444C8 (length = 10 bytes)
$ASCII_"cav_15"_Literal will be placed at 802444D8 (length = C bytes)
$ASCII_"kpa_tex"_Literal will be placed at 802444E4 (length = 8 bytes)
$???_NEW123E0 will be placed at 802444EC (length = 4 bytes)
Executing patches for: cav_17
Reading patch file: map/patch/dark cave/cav_17.mpat
Creating struct: $Header
Creating struct: $Function_Init
Creating struct: $Function_GetTattle
Creating struct: $EntryList
Creating struct: $Script_SetMusic
Creating struct: $Script_Main
Creating struct: $Function_WhiteWave
Creating struct: $Script_MakeEntities
Creating struct: $TriggerCoord_Bomb
Creating struct: $Script_SignPost
Creating struct: $Script_BossStart
Creating struct: $Script_SwitchTrigger1
Creating struct: $Script_SwitchTrigger2
Creating struct: $Script_SwitchTrigger3
Creating struct: $Script_SwitchTrigger4
Creating struct: $Function_SetBlastPaletteA
Creating struct: $Script_FlipLights
Creating struct: $Script_MakeExits
Creating struct: $Script_Entry0
Creating struct: $NpcGroupList
Creating struct: $NpcSettings_Guy
Creating struct: $NpcGroup_Boss
Creating struct: $Script_Idle_Boss
Creating struct: $Script_Init_Boss
Creating struct: $Script_Defeat
Merged 1 regions to 1
$NpcGroup_Boss will be placed at 80240000 (length = 1F0 bytes)
$Script_SwitchTrigger2 will be placed at 802401F0 (length = 1A0 bytes)
$Script_SwitchTrigger3 will be placed at 80240390 (length = 1A0 bytes)
$Script_Main will be placed at 80240530 (length = 190 bytes)
$Script_MakeEntities will be placed at 802406C0 (length = 18C bytes)
$Script_SwitchTrigger4 will be placed at 8024084C (length = 174 bytes)
$Script_SwitchTrigger1 will be placed at 802409C0 (length = 174 bytes)
$Script_FlipLights will be placed at 80240B34 (length = 158 bytes)
$Function_WhiteWave will be placed at 80240C8C (length = 12C bytes)
$Script_BossStart will be placed at 80240DB8 (length = C8 bytes)
$HelpSign will be placed at 80240E80 (length = C0 bytes)
$Script_Defeat will be placed at 80240F40 (length = 7C bytes)
$MapTattle will be placed at 80240FBC (length = 74 bytes)
$Function_SetBlastPaletteA will be placed at 80241030 (length = 6C bytes)
$Function_Init will be placed at 8024109C (length = 58 bytes)
$Script_Idle_Boss will be placed at 802410F4 (length = 48 bytes)
$Script_Entry0 will be placed at 8024113C (length = 40 bytes)
$Header will be placed at 8024117C (length = 40 bytes)
$Script_SignPost will be placed at 802411BC (length = 34 bytes)
$NpcSettings_Guy will be placed at 802411F0 (length = 2C bytes)
$Script_Init_Boss will be placed at 8024121C (length = 28 bytes)
$Script_MakeExits will be placed at 80241244 (length = 20 bytes)
$Script_SetMusic will be placed at 80241264 (length = 20 bytes)
$NpcGroupList will be placed at 80241284 (length = 18 bytes)
$Function_GetTattle will be placed at 8024129C (length = 14 bytes)
$TriggerCoord_Bomb will be placed at 802412B0 (length = 10 bytes)
$EntryList will be placed at 802412C0 (length = 10 bytes)
$ASCII_"cav_15"_Literal will be placed at 802412D0 (length = C bytes)
$ASCII_"kpa_tex"_Literal will be placed at 802412DC (length = 8 bytes)
Executing patches for: tem_00
Reading patch file: map/patch/dark temple/tem_00.mpat
Reading patch file: map/import/EnterViaPipe.mpat
Creating struct: $Script_EnterVerticalPipe
Creating struct: $Function_WarpPipeEntry_80240020
Creating struct: $Function_WarpPipeEntry_802400F0
Creating struct: $Function_WarpPipeEntry_8024023C
Creating struct: $Script_EnterHorizontalPipe
Creating struct: $Header
Creating struct: $Function_Init
Creating struct: $Function_GetTattle
Creating struct: $EntryList
Creating struct: $Script_SetMusic
Creating struct: $Script_Main
Creating struct: $Script_RaisePipe
Creating struct: $Script_MakeEntities
Creating struct: $Script_UseBluePipe
Creating struct: $Script_MakeExits
Creating struct: $Script_Entry0
Creating struct: $Script_Entry1
Creating struct: $NpcSettings_Guy
Creating struct: $Script_Idle_Anti
Creating struct: $Script_Init_Anti
Creating struct: $Script_Init_Phalanx
Creating struct: $Script_Init_Covert
Creating struct: $Script_Init_Permafrost
Creating struct: $Script_Init_Nuclear
Creating struct: $Script_Defeat
Creating struct: $Script_AllDialogueA
Creating struct: $Script_AllDialogueB
Creating struct: $NpcGroupList_AntiGuys
Creating struct: $NpcGroup_AntiGuys
Merged 1 regions to 1
$NpcGroup_AntiGuys will be placed at 80240000 (length = 9B0 bytes)
$Script_EnterHorizontalPipe will be placed at 802409B0 (length = 300 bytes)
$Script_EnterVerticalPipe will be placed at 80240CB0 (length = 280 bytes)
$Script_AllDialogueA will be placed at 80240F30 (length = 23C bytes)
$Script_AllDialogueB will be placed at 8024116C (length = 23C bytes)
$Script_Main will be placed at 802413A8 (length = 134 bytes)
$PermafrostTattle will be placed at 802414DC (length = 114 bytes)
$Function_WarpPipeEntry_802400F0 will be placed at 802415F0 (length = E0 bytes)
$Script_Defeat will be placed at 802416D0 (length = C8 bytes)
$PermafrostWarning will be placed at 80241798 (length = C4 bytes)
$NuclearTattle will be placed at 8024185C (length = C4 bytes)
$AntiTattle will be placed at 80241920 (length = AC bytes)
$CovertTattle will be placed at 802419CC (length = A8 bytes)
$Function_WarpPipeEntry_8024023C will be placed at 80241A74 (length = A4 bytes)
$NuclearWarning will be placed at 80241B18 (length = A0 bytes)
$PhalanxTattle will be placed at 80241BB8 (length = 9C bytes)
$MapTattle will be placed at 80241C54 (length = 90 bytes)
$Script_MakeEntities will be placed at 80241CE4 (length = 84 bytes)
$AntiWarning will be placed at 80241D68 (length = 6C bytes)
$PhalanxWarning will be placed at 80241DD4 (length = 60 bytes)
$Function_Init will be placed at 80241E34 (length = 58 bytes)
$CovertWarning will be placed at 80241E8C (length = 4C bytes)
$Script_Idle_Anti will be placed at 80241ED8 (length = 48 bytes)
$Script_MakeExits will be placed at 80241F20 (length = 48 bytes)
$Script_Entry1 will be placed at 80241F68 (length = 40 bytes)
$Script_Entry0 will be placed at 80241FA8 (length = 40 bytes)
$Header will be placed at 80241FE8 (length = 40 bytes)
$Script_Init_Anti will be placed at 80242028 (length = 38 bytes)
$EntryList will be placed at 80242060 (length = 30 bytes)
$NuclearFight will be placed at 80242090 (length = 30 bytes)
$Script_RaisePipe will be placed at 802420C0 (length = 2C bytes)
$NpcSettings_Guy will be placed at 802420EC (length = 2C bytes)
$CovertReject will be placed at 80242118 (length = 28 bytes)
$NuclearReject will be placed at 80242140 (length = 24 bytes)
$Script_SetMusic will be placed at 80242164 (length = 20 bytes)
$AntiReject will be placed at 80242184 (length = 20 bytes)
$Script_UseBluePipe will be placed at 802421A4 (length = 20 bytes)
$PhalanxReject will be placed at 802421C4 (length = 20 bytes)
$NpcGroupList_AntiGuys will be placed at 802421E4 (length = 18 bytes)
$Script_Init_Permafrost will be placed at 802421FC (length = 18 bytes)
$Script_Init_Covert will be placed at 80242214 (length = 18 bytes)
$Script_Init_Nuclear will be placed at 8024222C (length = 18 bytes)
$Script_Init_Phalanx will be placed at 80242244 (length = 18 bytes)
$Function_GetTattle will be placed at 8024225C (length = 14 bytes)
$PermafrostReject will be placed at 80242270 (length = 14 bytes)
$Function_WarpPipeEntry_80240020 will be placed at 80242284 (length = 14 bytes)
$ASCII_"cav_00"_Literal will be placed at 80242298 (length = C bytes)
$ASCII_"tem_01"_Literal will be placed at 802422A4 (length = C bytes)
$ASCII_"cav_07"_Literal will be placed at 802422B0 (length = C bytes)
$ASCII_"kpa_tex"_Literal will be placed at 802422BC (length = 8 bytes)
Executing patches for: tem_01
Reading patch file: map/patch/dark temple/tem_01.mpat
Reading patch file: map/import/SwitchBlocks.mpat
Creating struct: $Script_SwitchTrigger_Simple
Creating struct: $Script_SwitchBlocks
Creating struct: $Function_GetEntityPosition
Creating struct: $Function_MoveEntity
Reading patch file: map/import/Pit_AI.mpat
Creating struct: $NpcSettings_Goomba
Creating struct: $NpcSettings_Koopa
Creating struct: $NpcSettings_Fuzzy
Creating struct: $Script_NpcAI_Fuzzy
Creating struct: $Script_GoombaAI
Creating struct: $AISettings_Goomba
Creating struct: $AISettings_Fuzzy_802413E0
Creating struct: $JumpTable_Fuzzy_802423B8
Creating struct: $Function_Fuzzy_80240000
Creating struct: $Function_Fuzzy_80240230
Creating struct: $Function_Fuzzy_80240568
Creating struct: $Function_Fuzzy_80240628
Creating struct: $Function_Fuzzy_802407CC
Creating struct: $Function_Fuzzy_802408AC
Creating struct: $Function_Fuzzy_80240BAC
Creating struct: $Function_Fuzzy_80240BF0
Creating struct: $JumpTable_Koopa_80245CF8
Creating struct: $Script_NpcAI_Koopa
Creating struct: $AISettings_Koopa_802427BC
Creating struct: $NpcSettings_BuzzyBeetle
Creating struct: $AISettings_BuzzyBeetle
Creating struct: $Script_NpcAI_BuzzyBeetle
Creating struct: $AISettings_Koopatrol
Creating struct: $Script_NpcAI_Koopatrol
Creating struct: $NpcSettings_Koopatrol
Creating struct: $AISettings_Spiny
Creating struct: $Script_NpcAI_Spiny
Creating struct: $NpcSettings_Spiny
Creating struct: $AISettings_BonyBeetle
Creating struct: $Script_NpcAI_BonyBeetle
Creating struct: $NpcSettings_BonyBeetle
Creating struct: $Function_DoAI_ShellEnemy
Creating struct: $Function_Koopa_80240000
Creating struct: $Function_Koopa_8024007C
Creating struct: $Function_Koopa_802401B0
Creating struct: $Function_Koopa_80240314
Creating struct: $NpcSettings_Bubble
Creating struct: $Script_NpcAI_Bubble
Creating struct: $AISettings_Bubble
Creating struct: $JumpTable_NEW130A8
Creating struct: $JumpTable_NEW130F0
Creating struct: $Function_NEW10000
Creating struct: $Function_NEW10348
Creating struct: $Function_NEW1040C
Creating struct: $Function_NEW10530
Creating struct: $Function_NEW10720
Creating struct: $Function_NEW107F4
Creating struct: $Function_NEW10820
Creating struct: $Function_NEW109D0
Creating struct: $Function_NEW10FF8
Creating struct: $Function_NEW110B8
Creating struct: $Function_NEW113FC
Creating struct: $Function_NEW11474
Creating struct: $Function_NEW114E0
Creating struct: $Function_NEW11614
Creating struct: $Function_NEW11678
Creating struct: $Function_NEW11A08
Creating struct: $Function_NEW11B2C
Creating struct: $Function_NEW11D18
Creating struct: $Function_NEW11E48
Creating struct: $Function_NEW120C8
Creating struct: $Function_NEW12124
Creating struct: $???_NEW123E0
Creating struct: $FloatTable_NEW12930
Creating struct: $FloatTable_NEW12B90
Creating struct: $Header
Creating struct: $EntryList
Creating struct: $Function_GetTattle
Creating struct: $Script_Main
Creating struct: $Script_LoreText1
Creating struct: $Script_LoreText2
Creating struct: $Script_SetupSwitchBlocks
Creating struct: $Function_Init
Creating struct: $Script_MakeEntities
Creating struct: $Script_SetupMusic
Creating struct: $Script_EnterMap
Creating struct: $Script_Exit1
Creating struct: $Script_Exit0
Creating struct: $Script_CreateExitTriggers
Reading patch for $NpcSettings_Goomba
Reading patch for $AISettings_Goomba
Creating struct: $NpcGroupList
Creating struct: $NpcGroup_DarkGoomba1
Creating struct: $NpcGroup_DarkGoomba2
Creating struct: $NpcGroup_DarkGoomba3
Merged 1 regions to 1
$Function_NEW109D0 will be placed at 80240000 (length = 638 bytes)
$Function_DoAI_ShellEnemy will be placed at 80240638 (length = 440 bytes)
$Function_NEW11678 will be placed at 80240A78 (length = 390 bytes)
$Function_NEW10000 will be placed at 80240E08 (length = 350 bytes)
$Function_NEW110B8 will be placed at 80241158 (length = 344 bytes)
$Function_Fuzzy_80240230 will be placed at 8024149C (length = 340 bytes)
$Function_Fuzzy_802408AC will be placed at 802417DC (length = 300 bytes)
$Function_NEW11E48 will be placed at 80241ADC (length = 288 bytes)
$Function_Fuzzy_80240000 will be placed at 80241D64 (length = 230 bytes)
$Function_Fuzzy_80240BF0 will be placed at 80241F94 (length = 224 bytes)
$NpcGroup_DarkGoomba1 will be placed at 802421B8 (length = 1F0 bytes)
$NpcGroup_DarkGoomba3 will be placed at 802423A8 (length = 1F0 bytes)
$NpcGroup_DarkGoomba2 will be placed at 80242598 (length = 1F0 bytes)
$Function_NEW11B2C will be placed at 80242788 (length = 1EC bytes)
$Function_NEW12124 will be placed at 80242974 (length = 1E8 bytes)
$Function_NEW10530 will be placed at 80242B5C (length = 1E8 bytes)
$Function_NEW10820 will be placed at 80242D44 (length = 1B8 bytes)
$Function_Fuzzy_80240628 will be placed at 80242EFC (length = 1A4 bytes)
$Function_Koopa_802401B0 will be placed at 802430A0 (length = 164 bytes)
$Function_Koopa_8024007C will be placed at 80243204 (length = 13C bytes)
$Function_NEW114E0 will be placed at 80243340 (length = 134 bytes)
$Function_NEW11D18 will be placed at 80243474 (length = 130 bytes)
$Function_NEW11A08 will be placed at 802435A4 (length = 124 bytes)
$Function_NEW1040C will be placed at 802436C8 (length = 124 bytes)
$Function_Fuzzy_802407CC will be placed at 802437EC (length = E0 bytes)
$LoreTextA will be placed at 802438CC (length = D8 bytes)
$Function_NEW10720 will be placed at 802439A4 (length = D4 bytes)
$Function_MoveEntity will be placed at 80243A78 (length = C8 bytes)
$Script_SwitchBlocks will be placed at 80243B40 (length = C8 bytes)
$Script_Main will be placed at 80243C08 (length = C8 bytes)
$Function_NEW10348 will be placed at 80243CD0 (length = C4 bytes)
$Function_Fuzzy_80240568 will be placed at 80243D94 (length = C0 bytes)
$Function_NEW10FF8 will be placed at 80243E54 (length = C0 bytes)
$MapTattle will be placed at 80243F14 (length = B0 bytes)
$Function_GetEntityPosition will be placed at 80243FC4 (length = A0 bytes)
$Function_Koopa_80240314 will be placed at 80244064 (length = 80 bytes)
$Function_Koopa_80240000 will be placed at 802440E4 (length = 7C bytes)
$Function_NEW113FC will be placed at 80244160 (length = 78 bytes)
$LoreTextB will be placed at 802441D8 (length = 70 bytes)
$FloatTable_NEW12930 will be placed at 80244248 (length = 70 bytes)
$Function_NEW11474 will be placed at 802442B8 (length = 6C bytes)
$Function_NEW11614 will be placed at 80244324 (length = 64 bytes)
$Script_SetupSwitchBlocks will be placed at 80244388 (length = 60 bytes)
$Function_NEW120C8 will be placed at 802443E8 (length = 5C bytes)
$Script_EnterMap will be placed at 80244444 (length = 54 bytes)
$Script_NpcAI_Koopa will be placed at 80244498 (length = 54 bytes)
$Script_NpcAI_Koopatrol will be placed at 802444EC (length = 54 bytes)
$Script_NpcAI_Spiny will be placed at 80244540 (length = 54 bytes)
$JumpTable_Koopa_80245CF8 will be placed at 80244594 (length = 54 bytes)
$JumpTable_NEW130F0 will be placed at 802445E8 (length = 54 bytes)
$Script_NpcAI_Bubble will be placed at 8024463C (length = 54 bytes)
$Script_NpcAI_BonyBeetle will be placed at 80244690 (length = 54 bytes)
$Script_NpcAI_BuzzyBeetle will be placed at 802446E4 (length = 54 bytes)
$Script_MakeEntities will be placed at 80244738 (length = 4C bytes)
$Function_Fuzzy_80240BAC will be placed at 80244784 (length = 44 bytes)
$Script_SwitchTrigger_Simple will be placed at 802447C8 (length = 40 bytes)
$Header will be placed at 80244808 (length = 40 bytes)
$Script_Exit1 will be placed at 80244848 (length = 40 bytes)
$Script_Exit0 will be placed at 80244888 (length = 40 bytes)
$JumpTable_Fuzzy_802423B8 will be placed at 802448C8 (length = 3C bytes)
$JumpTable_NEW130A8 will be placed at 80244904 (length = 3C bytes)
$Script_CreateExitTriggers will be placed at 80244940 (length = 38 bytes)
$Script_LoreText1 will be placed at 80244978 (length = 34 bytes)
$Script_LoreText2 will be placed at 802449AC (length = 34 bytes)
$AISettings_Spiny will be placed at 802449E0 (length = 30 bytes)
$AISettings_BonyBeetle will be placed at 80244A10 (length = 30 bytes)
$AISettings_BuzzyBeetle will be placed at 80244A40 (length = 30 bytes)
$AISettings_Koopa_802427BC will be placed at 80244A70 (length = 30 bytes)
$AISettings_Bubble will be placed at 80244AA0 (length = 30 bytes)
$AISettings_Koopatrol will be placed at 80244AD0 (length = 30 bytes)
$NpcGroupList will be placed at 80244B00 (length = 30 bytes)
$AISettings_Fuzzy_802413E0 will be placed at 80244B30 (length = 30 bytes)
$AISettings_Goomba will be placed at 80244B60 (length = 30 bytes)
$NpcSettings_Koopatrol will be placed at 80244B90 (length = 2C bytes)
$Function_NEW107F4 will be placed at 80244BBC (length = 2C bytes)
$NpcSettings_Spiny will be placed at 80244BE8 (length = 2C bytes)
$Script_NpcAI_Fuzzy will be placed at 80244C14 (length = 2C bytes)
$NpcSettings_Fuzzy will be placed at 80244C40 (length = 2C bytes)
$NpcSettings_Bubble will be placed at 80244C6C (length = 2C bytes)
$NpcSettings_BonyBeetle will be placed at 80244C98 (length = 2C bytes)
$NpcSettings_Koopa will be placed at 80244CC4 (length = 2C bytes)
$NpcSettings_BuzzyBeetle will be placed at 80244CF0 (length = 2C bytes)
$Function_Init will be placed at 80244D1C (length = 2C bytes)
$NpcSettings_Goomba will be placed at 80244D48 (length = 2C bytes)
$EntryList will be placed at 80244D74 (length = 20 bytes)
$Script_SetupMusic will be placed at 80244D94 (length = 20 bytes)
$FloatTable_NEW12B90 will be placed at 80244DB4 (length = 18 bytes)
$Script_GoombaAI will be placed at 80244DCC (length = 14 bytes)
$Function_GetTattle will be placed at 80244DE0 (length = 14 bytes)
$ASCII_"tem_02"_Literal will be placed at 80244DF4 (length = C bytes)
$ASCII_"tem_00"_Literal will be placed at 80244E00 (length = C bytes)
$ASCII_"kpa_tex"_Literal will be placed at 80244E0C (length = 8 bytes)
$???_NEW123E0 will be placed at 80244E14 (length = 4 bytes)
Executing patches for: tem_02
Reading patch file: map/patch/dark temple/tem_02.mpat
Creating struct: $Header
Creating struct: $Function_GetTattle
Creating struct: $EntryList
Creating struct: $Script_Main
Creating struct: $ShowFinalText
Creating struct: $Script_CompletionIcons
Creating struct: $Script_MakeEntities
Creating struct: $Function_Init
Creating struct: $Script_SetupMusic
Creating struct: $Script_EnterMap
Creating struct: $Script_Exit0
Creating struct: $Script_Exit1
Creating struct: $Script_Exit2
Creating struct: $Script_Exit3
Creating struct: $Script_Exit4
Creating struct: $Script_Exit5
Creating struct: $Script_Exit6
Creating struct: $Script_Exit7
Creating struct: $Script_Exit8
Creating struct: $Script_CreateExitTriggers
Merged 1 regions to 1
$Script_Exit8 will be placed at 80240000 (length = 1A8 bytes)
$Script_CompletionIcons will be placed at 802401A8 (length = 174 bytes)
$ShowFinalText will be placed at 8024031C (length = 130 bytes)
$Script_CreateExitTriggers will be placed at 8024044C (length = E0 bytes)
$MapTattle will be placed at 8024052C (length = C0 bytes)
$Script_EnterMap will be placed at 802405EC (length = BC bytes)
$EntryList will be placed at 802406A8 (length = 90 bytes)
$Script_Main will be placed at 80240738 (length = 88 bytes)
$NotWorthy will be placed at 802407C0 (length = 78 bytes)
$FinalWarning will be placed at 80240838 (length = 74 bytes)
$Script_MakeEntities will be placed at 802408AC (length = 48 bytes)
$Header will be placed at 802408F4 (length = 40 bytes)
$Script_Exit1 will be placed at 80240934 (length = 40 bytes)
$Script_Exit0 will be placed at 80240974 (length = 40 bytes)
$Script_Exit5 will be placed at 802409B4 (length = 40 bytes)
$Script_Exit4 will be placed at 802409F4 (length = 40 bytes)
$Script_Exit3 will be placed at 80240A34 (length = 40 bytes)
$Script_Exit2 will be placed at 80240A74 (length = 40 bytes)
$Script_Exit7 will be placed at 80240AB4 (length = 40 bytes)
$Script_Exit6 will be placed at 80240AF4 (length = 40 bytes)
$Function_Init will be placed at 80240B34 (length = 2C bytes)
$Script_SetupMusic will be placed at 80240B60 (length = 20 bytes)
$Function_GetTattle will be placed at 80240B80 (length = 14 bytes)
$ASCII_"tem_10"_Literal will be placed at 80240B94 (length = C bytes)
$ASCII_"tem_02"_Literal will be placed at 80240BA0 (length = C bytes)
$ASCII_"tem_05"_Literal will be placed at 80240BAC (length = C bytes)
$ASCII_"tem_08"_Literal will be placed at 80240BB8 (length = C bytes)
$ASCII_"tem_09"_Literal will be placed at 80240BC4 (length = C bytes)
$ASCII_"tem_03"_Literal will be placed at 80240BD0 (length = C bytes)
$ASCII_"tem_06"_Literal will be placed at 80240BDC (length = C bytes)
$ASCII_"tem_01"_Literal will be placed at 80240BE8 (length = C bytes)
$ASCII_"tem_07"_Literal will be placed at 80240BF4 (length = C bytes)
$ASCII_"tem_04"_Literal will be placed at 80240C00 (length = C bytes)
$ASCII_"kpa_tex"_Literal will be placed at 80240C0C (length = 8 bytes)
Executing patches for: tem_03
Reading patch file: map/patch/dark temple/tem_03.mpat
Reading patch file: map/import/Pit_AI.mpat
Creating struct: $NpcSettings_Goomba
Creating struct: $NpcSettings_Koopa
Creating struct: $NpcSettings_Fuzzy
Creating struct: $Script_NpcAI_Fuzzy
Creating struct: $Script_GoombaAI
Creating struct: $AISettings_Goomba
Creating struct: $AISettings_Fuzzy_802413E0
Creating struct: $JumpTable_Fuzzy_802423B8
Creating struct: $Function_Fuzzy_80240000
Creating struct: $Function_Fuzzy_80240230
Creating struct: $Function_Fuzzy_80240568
Creating struct: $Function_Fuzzy_80240628
Creating struct: $Function_Fuzzy_802407CC
Creating struct: $Function_Fuzzy_802408AC
Creating struct: $Function_Fuzzy_80240BAC
Creating struct: $Function_Fuzzy_80240BF0
Creating struct: $JumpTable_Koopa_80245CF8
Creating struct: $Script_NpcAI_Koopa
Creating struct: $AISettings_Koopa_802427BC
Creating struct: $NpcSettings_BuzzyBeetle
Creating struct: $AISettings_BuzzyBeetle
Creating struct: $Script_NpcAI_BuzzyBeetle
Creating struct: $AISettings_Koopatrol
Creating struct: $Script_NpcAI_Koopatrol
Creating struct: $NpcSettings_Koopatrol
Creating struct: $AISettings_Spiny
Creating struct: $Script_NpcAI_Spiny
Creating struct: $NpcSettings_Spiny
Creating struct: $AISettings_BonyBeetle
Creating struct: $Script_NpcAI_BonyBeetle
Creating struct: $NpcSettings_BonyBeetle
Creating struct: $Function_DoAI_ShellEnemy
Creating struct: $Function_Koopa_80240000
Creating struct: $Function_Koopa_8024007C
Creating struct: $Function_Koopa_802401B0
Creating struct: $Function_Koopa_80240314
Creating struct: $NpcSettings_Bubble
Creating struct: $Script_NpcAI_Bubble
Creating struct: $AISettings_Bubble
Creating struct: $JumpTable_NEW130A8
Creating struct: $JumpTable_NEW130F0
Creating struct: $Function_NEW10000
Creating struct: $Function_NEW10348
Creating struct: $Function_NEW1040C
Creating struct: $Function_NEW10530
Creating struct: $Function_NEW10720
Creating struct: $Function_NEW107F4
Creating struct: $Function_NEW10820
Creating struct: $Function_NEW109D0
Creating struct: $Function_NEW10FF8
Creating struct: $Function_NEW110B8
Creating struct: $Function_NEW113FC
Creating struct: $Function_NEW11474
Creating struct: $Function_NEW114E0
Creating struct: $Function_NEW11614
Creating struct: $Function_NEW11678
Creating struct: $Function_NEW11A08
Creating struct: $Function_NEW11B2C
Creating struct: $Function_NEW11D18
Creating struct: $Function_NEW11E48
Creating struct: $Function_NEW120C8
Creating struct: $Function_NEW12124
Creating struct: $???_NEW123E0
Creating struct: $FloatTable_NEW12930
Creating struct: $FloatTable_NEW12B90
Creating struct: $Header
Creating struct: $Function_GetTattle
Creating struct: $EntryList
Creating struct: $Script_Main
Creating struct: $Function_Init
Creating struct: $Script_MakeEntities
Creating struct: $Script_GreenSwitch
Creating struct: $Script_GateLoop
Creating struct: $Script_GateOpenEffect
Creating struct: $Script_GateCloseEffect
Creating struct: $Script_SetupMusic
Creating struct: $Script_EnterMap
Creating struct: $Script_Exit1
Creating struct: $Script_Exit0
Creating struct: $Script_CreateExitTriggers
Reading patch for $NpcSettings_Goomba
Reading patch for $AISettings_Goomba
Creating struct: $NpcGroupList
Creating struct: $NpcGroup_DarkGoomba1
Creating struct: $NpcGroup_DarkGoomba2
Merged 1 regions to 1
$Function_NEW109D0 will be placed at 80240000 (length = 638 bytes)
$Function_DoAI_ShellEnemy will be placed at 80240638 (length = 440 bytes)
$Function_NEW11678 will be placed at 80240A78 (length = 390 bytes)
$Function_NEW10000 will be placed at 80240E08 (length = 350 bytes)
$Function_NEW110B8 will be placed at 80241158 (length = 344 bytes)
$Function_Fuzzy_80240230 will be placed at 8024149C (length = 340 bytes)
$Function_Fuzzy_802408AC will be placed at 802417DC (length = 300 bytes)
$Function_NEW11E48 will be placed at 80241ADC (length = 288 bytes)
$Function_Fuzzy_80240000 will be placed at 80241D64 (length = 230 bytes)
$Function_Fuzzy_80240BF0 will be placed at 80241F94 (length = 224 bytes)
$NpcGroup_DarkGoomba1 will be placed at 802421B8 (length = 1F0 bytes)
$NpcGroup_DarkGoomba2 will be placed at 802423A8 (length = 1F0 bytes)
$Function_NEW11B2C will be placed at 80242598 (length = 1EC bytes)
$Function_NEW12124 will be placed at 80242784 (length = 1E8 bytes)
$Function_NEW10530 will be placed at 8024296C (length = 1E8 bytes)
$Script_GateLoop will be placed at 80242B54 (length = 1CC bytes)
$Function_NEW10820 will be placed at 80242D20 (length = 1B8 bytes)
$Function_Fuzzy_80240628 will be placed at 80242ED8 (length = 1A4 bytes)
$Function_Koopa_802401B0 will be placed at 8024307C (length = 164 bytes)
$Function_Koopa_8024007C will be placed at 802431E0 (length = 13C bytes)
$Function_NEW114E0 will be placed at 8024331C (length = 134 bytes)
$Function_NEW11D18 will be placed at 80243450 (length = 130 bytes)
$Function_NEW11A08 will be placed at 80243580 (length = 124 bytes)
$Function_NEW1040C will be placed at 802436A4 (length = 124 bytes)
$Function_Fuzzy_802407CC will be placed at 802437C8 (length = E0 bytes)
$Function_NEW10720 will be placed at 802438A8 (length = D4 bytes)
$Function_NEW10348 will be placed at 8024397C (length = C4 bytes)
$Function_Fuzzy_80240568 will be placed at 80243A40 (length = C0 bytes)
$Function_NEW10FF8 will be placed at 80243B00 (length = C0 bytes)
$Script_Main will be placed at 80243BC0 (length = 98 bytes)
$Function_Koopa_80240314 will be placed at 80243C58 (length = 80 bytes)
$Function_Koopa_80240000 will be placed at 80243CD8 (length = 7C bytes)
$Function_NEW113FC will be placed at 80243D54 (length = 78 bytes)
$FloatTable_NEW12930 will be placed at 80243DCC (length = 70 bytes)
$Function_NEW11474 will be placed at 80243E3C (length = 6C bytes)
$Function_NEW11614 will be placed at 80243EA8 (length = 64 bytes)
$Script_MakeEntities will be placed at 80243F0C (length = 60 bytes)
$MapTattle will be placed at 80243F6C (length = 5C bytes)
$Function_NEW120C8 will be placed at 80243FC8 (length = 5C bytes)
$Script_Exit1 will be placed at 80244024 (length = 58 bytes)
$Script_Exit0 will be placed at 8024407C (length = 58 bytes)
$Script_EnterMap will be placed at 802440D4 (length = 54 bytes)
$Script_NpcAI_Koopa will be placed at 80244128 (length = 54 bytes)
$Script_NpcAI_Koopatrol will be placed at 8024417C (length = 54 bytes)
$Script_NpcAI_Spiny will be placed at 802441D0 (length = 54 bytes)
$JumpTable_Koopa_80245CF8 will be placed at 80244224 (length = 54 bytes)
$JumpTable_NEW130F0 will be placed at 80244278 (length = 54 bytes)
$Script_NpcAI_Bubble will be placed at 802442CC (length = 54 bytes)
$Script_NpcAI_BonyBeetle will be placed at 80244320 (length = 54 bytes)
$Script_NpcAI_BuzzyBeetle will be placed at 80244374 (length = 54 bytes)
$Script_GateCloseEffect will be placed at 802443C8 (length = 4C bytes)
$Function_Fuzzy_80240BAC will be placed at 80244414 (length = 44 bytes)
$Header will be placed at 80244458 (length = 40 bytes)
$JumpTable_Fuzzy_802423B8 will be placed at 80244498 (length = 3C bytes)
$JumpTable_NEW130A8 will be placed at 802444D4 (length = 3C bytes)
$Script_CreateExitTriggers will be placed at 80244510 (length = 38 bytes)
$AISettings_Spiny will be placed at 80244548 (length = 30 bytes)
$AISettings_BonyBeetle will be placed at 80244578 (length = 30 bytes)
$AISettings_BuzzyBeetle will be placed at 802445A8 (length = 30 bytes)
$AISettings_Koopa_802427BC will be placed at 802445D8 (length = 30 bytes)
$AISettings_Bubble will be placed at 80244608 (length = 30 bytes)
$Script_GateOpenEffect will be placed at 80244638 (length = 30 bytes)
$AISettings_Koopatrol will be placed at 80244668 (length = 30 bytes)
$AISettings_Fuzzy_802413E0 will be placed at 80244698 (length = 30 bytes)
$AISettings_Goomba will be placed at 802446C8 (length = 30 bytes)
$NpcSettings_Koopatrol will be placed at 802446F8 (length = 2C bytes)
$Function_NEW107F4 will be placed at 80244724 (length = 2C bytes)
$NpcSettings_Spiny will be placed at 80244750 (length = 2C bytes)
$Script_NpcAI_Fuzzy will be placed at 8024477C (length = 2C bytes)
$NpcSettings_Fuzzy will be placed at 802447A8 (length = 2C bytes)
$NpcSettings_Bubble will be placed at 802447D4 (length = 2C bytes)
$NpcSettings_BonyBeetle will be placed at 80244800 (length = 2C bytes)
$NpcSettings_Koopa will be placed at 8024482C (length = 2C bytes)
$NpcSettings_BuzzyBeetle will be placed at 80244858 (length = 2C bytes)
$Function_Init will be placed at 80244884 (length = 2C bytes)
$NpcSettings_Goomba will be placed at 802448B0 (length = 2C bytes)
$Script_GreenSwitch will be placed at 802448DC (length = 28 bytes)
$NpcGroupList will be placed at 80244904 (length = 24 bytes)
$EntryList will be placed at 80244928 (length = 20 bytes)
$Script_SetupMusic will be placed at 80244948 (length = 20 bytes)
$FloatTable_NEW12B90 will be placed at 80244968 (length = 18 bytes)
$Script_GoombaAI will be placed at 80244980 (length = 14 bytes)
$Function_GetTattle will be placed at 80244994 (length = 14 bytes)
$ASCII_"tem_02"_Literal will be placed at 802449A8 (length = C bytes)
$ASCII_"tem_11"_Literal will be placed at 802449B4 (length = C bytes)
$ASCII_"kpa_tex"_Literal will be placed at 802449C0 (length = 8 bytes)
$???_NEW123E0 will be placed at 802449C8 (length = 4 bytes)
Executing patches for: tem_04
Reading patch file: map/patch/dark temple/tem_04.mpat
Creating struct: $Header
Creating struct: $Function_GetTattle
Creating struct: $EntryList
Creating struct: $Script_Main
Creating struct: $LavaResetList
Creating struct: $Function_Init
Creating struct: $Script_MakeEntities
Creating struct: $Script_SetupMusic
Creating struct: $Script_EnterMap
Creating struct: $Script_Exit1
Creating struct: $Script_Exit0
Creating struct: $Script_CreateExitTriggers
Creating struct: $Script_RotatePlatforms
Creating struct: $Function_ParentColliderToModel
Merged 1 regions to 1
$Script_RotatePlatforms will be placed at 80240000 (length = B4 bytes)
$Script_Main will be placed at 802400B4 (length = 9C bytes)
$Function_ParentColliderToModel will be placed at 80240150 (length = 6C bytes)
$MapTattle will be placed at 802401BC (length = 5C bytes)
$Script_EnterMap will be placed at 80240218 (length = 54 bytes)
$LavaResetList will be placed at 8024026C (length = 44 bytes)
$Header will be placed at 802402B0 (length = 40 bytes)
$Script_Exit1 will be placed at 802402F0 (length = 40 bytes)
$Script_Exit0 will be placed at 80240330 (length = 40 bytes)
$Script_CreateExitTriggers will be placed at 80240370 (length = 38 bytes)
$Function_Init will be placed at 802403A8 (length = 2C bytes)
$EntryList will be placed at 802403D4 (length = 20 bytes)
$Script_SetupMusic will be placed at 802403F4 (length = 20 bytes)
$Function_GetTattle will be placed at 80240414 (length = 14 bytes)
$ASCII_"tem_12"_Literal will be placed at 80240428 (length = C bytes)
$ASCII_"tem_02"_Literal will be placed at 80240434 (length = C bytes)
$Script_MakeEntities will be placed at 80240440 (length = 8 bytes)
$ASCII_"kpa_tex"_Literal will be placed at 80240448 (length = 8 bytes)
Executing patches for: tem_05
Reading patch file: map/patch/dark temple/tem_05.mpat
Reading patch file: map/import/NPC_Paragoomba.mpat
Creating struct: $NpcSettings_Paragoomba
Creating struct: $AISettings_Paragoomba
Creating struct: $Script_NpcAI_Paragoomba
Creating struct: $JumpTable_80243458_Paragoomba
Creating struct: $FloatTable_80241B2C_Paragoomba
Creating struct: $ConstDouble_80243440_Paragoomba
Creating struct: $ConstDouble_80243448_Paragoomba
Creating struct: $ConstDouble_80243450_Paragoomba
Creating struct: $Function_8024130C_Paragoomba
Creating struct: $Function_802411E8_Paragoomba
Creating struct: $Function_80240000_Paragoomba
Creating struct: $Function_802401B0_Paragoomba
Creating struct: $Function_802407D8_Paragoomba
Creating struct: $Function_80240898_Paragoomba
Creating struct: $Function_80240BDC_Paragoomba
Creating struct: $Function_80240C54_Paragoomba
Creating struct: $Function_80240CC0_Paragoomba
Creating struct: $Function_80240DF4_Paragoomba
Creating struct: $Function_80240E58_Paragoomba
Reading patch file: map/import/NPC_Clubba.mpat
Creating struct: $ExtraAnimationList_ClubbaA
Creating struct: $ExtraAnimationList_ClubbaB
Creating struct: $AISettings_Clubba
Creating struct: $Script_NpcAI_ClubbaA
Creating struct: $NpcSettings_ClubbaA
Creating struct: $Script_NpcAI_ClubbaB
Creating struct: $NpcSettings_ClubbaB
Creating struct: $Script_80241AB0_Clubba
Creating struct: $Function_802403BC_Clubba
Creating struct: $Function_80240000_Clubba
Creating struct: $Function_8024006C_Clubba
Creating struct: $Function_802400DC_Clubba
Creating struct: $Function_802401B4_Clubba
Creating struct: $Function_80240208_Clubba
Creating struct: $Function_8024061C_Clubba
Creating struct: $JumpTable_80242618_Clubba
Reading patch file: map/import/NPC_Dayzee.mpat
Creating struct: $AISettings_Dayzee
Creating struct: $Script_NpcAI_Dayzee
Creating struct: $NpcSettings_Dayzee
Creating struct: $Header
Creating struct: $Function_GetTattle
Creating struct: $EntryList
Creating struct: $NpcGroupList
Creating struct: $NpcGroup_DarkClubba1
Creating struct: $NpcGroup_DarkClubba2
Creating struct: $NpcGroup_DarkClubba3
Creating struct: $NpcGroup_DarkClubba4
Reading patch for $AISettings_Clubba
Reading patch for $Script_NpcAI_ClubbaA
Creating struct: $NpcGroup_InsaneeDayzee
Reading patch for $NpcSettings_Paragoomba
Creating struct: $NpcGroup_DarkSentinel
Reading patch for $Script_NpcAI_Paragoomba
Creating struct: $Script_Main
Creating struct: $Function_Init
Creating struct: $Script_MakeEntities
Creating struct: $Script_SetupMusic
Creating struct: $Script_EnterMap
Creating struct: $Script_Exit1
Creating struct: $Script_Exit0
Creating struct: $Script_CreateExitTriggers
Merged 1 regions to 1
$Function_802401B0_Paragoomba will be placed at 80240000 (length = 628 bytes)
$NpcGroup_DarkClubba4 will be placed at 80240628 (length = 3E0 bytes)
$NpcGroup_DarkClubba2 will be placed at 80240A08 (length = 3E0 bytes)
$NpcGroup_DarkClubba3 will be placed at 80240DE8 (length = 3E0 bytes)
$NpcGroup_DarkClubba1 will be placed at 802411C8 (length = 3E0 bytes)
$Function_80240E58_Paragoomba will be placed at 802415A8 (length = 390 bytes)
$Function_80240898_Paragoomba will be placed at 80241938 (length = 344 bytes)
$Function_8024061C_Clubba will be placed at 80241C7C (length = 2B4 bytes)
$Function_802403BC_Clubba will be placed at 80241F30 (length = 260 bytes)
$NpcGroup_DarkSentinel will be placed at 80242190 (length = 1F0 bytes)
$NpcGroup_InsaneeDayzee will be placed at 80242380 (length = 1F0 bytes)
$Function_8024130C_Paragoomba will be placed at 80242570 (length = 1EC bytes)
$Function_80240208_Clubba will be placed at 8024275C (length = 1B8 bytes)
$Function_80240000_Paragoomba will be placed at 80242914 (length = 1B0 bytes)
$JumpTable_80242618_Clubba will be placed at 80242AC4 (length = 190 bytes)
$Function_80240CC0_Paragoomba will be placed at 80242C54 (length = 134 bytes)
$Function_802411E8_Paragoomba will be placed at 80242D88 (length = 124 bytes)
$MapTattle will be placed at 80242EAC (length = EC bytes)
$Function_802400DC_Clubba will be placed at 80242F98 (length = D8 bytes)
$Function_802407D8_Paragoomba will be placed at 80243070 (length = C0 bytes)
$Script_Main will be placed at 80243130 (length = 90 bytes)
$Script_80241AB0_Clubba will be placed at 802431C0 (length = 88 bytes)
$Script_NpcAI_ClubbaB will be placed at 80243248 (length = 80 bytes)
$Function_80240BDC_Paragoomba will be placed at 802432C8 (length = 78 bytes)
$Function_8024006C_Clubba will be placed at 80243340 (length = 70 bytes)
$Function_80240C54_Paragoomba will be placed at 802433B0 (length = 6C bytes)
$Function_80240000_Clubba will be placed at 8024341C (length = 6C bytes)
$Function_80240DF4_Paragoomba will be placed at 80243488 (length = 64 bytes)
$Script_NpcAI_ClubbaA will be placed at 802434EC (length = 54 bytes)
$Script_EnterMap will be placed at 80243540 (length = 54 bytes)
$Script_NpcAI_Paragoomba will be placed at 80243594 (length = 54 bytes)
$NpcGroupList will be placed at 802435E8 (length = 54 bytes)
$Function_802401B4_Clubba will be placed at 8024363C (length = 54 bytes)
$Header will be placed at 80243690 (length = 40 bytes)
$Script_Exit1 will be placed at 802436D0 (length = 40 bytes)
$Script_Exit0 will be placed at 80243710 (length = 40 bytes)
$JumpTable_80243458_Paragoomba will be placed at 80243750 (length = 3C bytes)
$Script_CreateExitTriggers will be placed at 8024378C (length = 38 bytes)
$AISettings_Dayzee will be placed at 802437C4 (length = 30 bytes)
$AISettings_Paragoomba will be placed at 802437F4 (length = 30 bytes)
$AISettings_Clubba will be placed at 80243824 (length = 30 bytes)
$Function_Init will be placed at 80243854 (length = 2C bytes)
$NpcSettings_Dayzee will be placed at 80243880 (length = 2C bytes)
$NpcSettings_Paragoomba will be placed at 802438AC (length = 2C bytes)
$NpcSettings_ClubbaA will be placed at 802438D8 (length = 2C bytes)
$NpcSettings_ClubbaB will be placed at 80243904 (length = 2C bytes)
$ExtraAnimationList_ClubbaA will be placed at 80243930 (length = 28 bytes)
$EntryList will be placed at 80243958 (length = 20 bytes)
$Script_SetupMusic will be placed at 80243978 (length = 20 bytes)
$FloatTable_80241B2C_Paragoomba will be placed at 80243998 (length = 18 bytes)
$Function_GetTattle will be placed at 802439B0 (length = 14 bytes)
$Script_NpcAI_Dayzee will be placed at 802439C4 (length = 14 bytes)
$ASCII_"tem_02"_Literal will be placed at 802439D8 (length = C bytes)
$ASCII_"tem_13"_Literal will be placed at 802439E4 (length = C bytes)
$ExtraAnimationList_ClubbaB will be placed at 802439F0 (length = 8 bytes)
$Script_MakeEntities will be placed at 802439F8 (length = 8 bytes)
$ConstDouble_80243448_Paragoomba will be placed at 80243A00 (length = 8 bytes)
$ConstDouble_80243450_Paragoomba will be placed at 80243A08 (length = 8 bytes)
$ConstDouble_80243440_Paragoomba will be placed at 80243A10 (length = 8 bytes)
$ASCII_"kpa_tex"_Literal will be placed at 80243A18 (length = 8 bytes)
Executing patches for: tem_06
Reading patch file: map/patch/dark temple/tem_06.mpat
Reading patch file: map/import/SwitchBlocks.mpat
Creating struct: $Script_SwitchTrigger_Simple
Creating struct: $Script_SwitchBlocks
Creating struct: $Function_GetEntityPosition
Creating struct: $Function_MoveEntity
Creating struct: $Header
Creating struct: $Function_GetTattle
Creating struct: $Script_SetupSwitchBlocks
Creating struct: $EntryList
Creating struct: $Script_Main
Creating struct: $Function_Init
Creating struct: $Script_MakeEntities
Creating struct: $Script_SetupMusic
Creating struct: $Script_EnterMap
Creating struct: $Script_Exit1
Creating struct: $Script_Exit0
Creating struct: $Script_CreateExitTriggers
Merged 1 regions to 1
$Script_SwitchBlocks will be placed at 80240000 (length = C8 bytes)
$Function_MoveEntity will be placed at 802400C8 (length = C8 bytes)
$Function_GetEntityPosition will be placed at 80240190 (length = A0 bytes)
$Script_Main will be placed at 80240230 (length = 88 bytes)
$MapTattle will be placed at 802402B8 (length = 84 bytes)
$Script_MakeEntities will be placed at 8024033C (length = 78 bytes)
$Script_SetupSwitchBlocks will be placed at 802403B4 (length = 60 bytes)
$Script_EnterMap will be placed at 80240414 (length = 54 bytes)
$Header will be placed at 80240468 (length = 40 bytes)
$Script_SwitchTrigger_Simple will be placed at 802404A8 (length = 40 bytes)
$Script_Exit1 will be placed at 802404E8 (length = 40 bytes)
$Script_Exit0 will be placed at 80240528 (length = 40 bytes)
$Script_CreateExitTriggers will be placed at 80240568 (length = 38 bytes)
$Function_Init will be placed at 802405A0 (length = 2C bytes)
$EntryList will be placed at 802405CC (length = 20 bytes)
$Script_SetupMusic will be placed at 802405EC (length = 20 bytes)
$Function_GetTattle will be placed at 8024060C (length = 14 bytes)
$ASCII_"tem_02"_Literal will be placed at 80240620 (length = C bytes)
$ASCII_"tem_14"_Literal will be placed at 8024062C (length = C bytes)
$ASCII_"kpa_tex"_Literal will be placed at 80240638 (length = 8 bytes)
Executing patches for: tem_07
Reading patch file: map/patch/dark temple/tem_07.mpat
Reading patch file: map/import/Pit_AI.mpat
Creating struct: $NpcSettings_Goomba
Creating struct: $NpcSettings_Koopa
Creating struct: $NpcSettings_Fuzzy
Creating struct: $Script_NpcAI_Fuzzy
Creating struct: $Script_GoombaAI
Creating struct: $AISettings_Goomba
Creating struct: $AISettings_Fuzzy_802413E0
Creating struct: $JumpTable_Fuzzy_802423B8
Creating struct: $Function_Fuzzy_80240000
Creating struct: $Function_Fuzzy_80240230
Creating struct: $Function_Fuzzy_80240568
Creating struct: $Function_Fuzzy_80240628
Creating struct: $Function_Fuzzy_802407CC
Creating struct: $Function_Fuzzy_802408AC
Creating struct: $Function_Fuzzy_80240BAC
Creating struct: $Function_Fuzzy_80240BF0
Creating struct: $JumpTable_Koopa_80245CF8
Creating struct: $Script_NpcAI_Koopa
Creating struct: $AISettings_Koopa_802427BC
Creating struct: $NpcSettings_BuzzyBeetle
Creating struct: $AISettings_BuzzyBeetle
Creating struct: $Script_NpcAI_BuzzyBeetle
Creating struct: $AISettings_Koopatrol
Creating struct: $Script_NpcAI_Koopatrol
Creating struct: $NpcSettings_Koopatrol
Creating struct: $AISettings_Spiny
Creating struct: $Script_NpcAI_Spiny
Creating struct: $NpcSettings_Spiny
Creating struct: $AISettings_BonyBeetle
Creating struct: $Script_NpcAI_BonyBeetle
Creating struct: $NpcSettings_BonyBeetle
Creating struct: $Function_DoAI_ShellEnemy
Creating struct: $Function_Koopa_80240000
Creating struct: $Function_Koopa_8024007C
Creating struct: $Function_Koopa_802401B0
Creating struct: $Function_Koopa_80240314
Creating struct: $NpcSettings_Bubble
Creating struct: $Script_NpcAI_Bubble
Creating struct: $AISettings_Bubble
Creating struct: $JumpTable_NEW130A8
Creating struct: $JumpTable_NEW130F0
Creating struct: $Function_NEW10000
Creating struct: $Function_NEW10348
Creating struct: $Function_NEW1040C
Creating struct: $Function_NEW10530
Creating struct: $Function_NEW10720
Creating struct: $Function_NEW107F4
Creating struct: $Function_NEW10820
Creating struct: $Function_NEW109D0
Creating struct: $Function_NEW10FF8
Creating struct: $Function_NEW110B8
Creating struct: $Function_NEW113FC
Creating struct: $Function_NEW11474
Creating struct: $Function_NEW114E0
Creating struct: $Function_NEW11614
Creating struct: $Function_NEW11678
Creating struct: $Function_NEW11A08
Creating struct: $Function_NEW11B2C
Creating struct: $Function_NEW11D18
Creating struct: $Function_NEW11E48
Creating struct: $Function_NEW120C8
Creating struct: $Function_NEW12124
Creating struct: $???_NEW123E0
Creating struct: $FloatTable_NEW12930
Creating struct: $FloatTable_NEW12B90
Creating struct: $Header
Creating struct: $Function_GetTattle
Creating struct: $EntryList
Creating struct: $Script_Main
Creating struct: $LavaResetList
Creating struct: $Function_Init
Creating struct: $Script_MakeEntities
Creating struct: $Script_SetupMusic
Creating struct: $Script_EnterMap
Creating struct: $NpcGroupList
Creating struct: $NpcGroup_DarkBubble1
Creating struct: $NpcGroup_DarkBubble2
Creating struct: $NpcGroup_DarkBubble3
Creating struct: $Script_Exit1
Creating struct: $Script_Exit0
Creating struct: $Script_CreateExitTriggers
Merged 1 regions to 1
$Function_NEW109D0 will be placed at 80240000 (length = 638 bytes)
$Function_DoAI_ShellEnemy will be placed at 80240638 (length = 440 bytes)
$Function_NEW11678 will be placed at 80240A78 (length = 390 bytes)
$Function_NEW10000 will be placed at 80240E08 (length = 350 bytes)
$Function_NEW110B8 will be placed at 80241158 (length = 344 bytes)
$Function_Fuzzy_80240230 will be placed at 8024149C (length = 340 bytes)
$Function_Fuzzy_802408AC will be placed at 802417DC (length = 300 bytes)
$Function_NEW11E48 will be placed at 80241ADC (length = 288 bytes)
$Function_Fuzzy_80240000 will be placed at 80241D64 (length = 230 bytes)
$Function_Fuzzy_80240BF0 will be placed at 80241F94 (length = 224 bytes)
$NpcGroup_DarkBubble3 will be placed at 802421B8 (length = 1F0 bytes)
$NpcGroup_DarkBubble2 will be placed at 802423A8 (length = 1F0 bytes)
$NpcGroup_DarkBubble1 will be placed at 80242598 (length = 1F0 bytes)
$Function_NEW11B2C will be placed at 80242788 (length = 1EC bytes)
$Function_NEW12124 will be placed at 80242974 (length = 1E8 bytes)
$Function_NEW10530 will be placed at 80242B5C (length = 1E8 bytes)
$Function_NEW10820 will be placed at 80242D44 (length = 1B8 bytes)
$Function_Fuzzy_80240628 will be placed at 80242EFC (length = 1A4 bytes)
$Function_Koopa_802401B0 will be placed at 802430A0 (length = 164 bytes)
$Function_Koopa_8024007C will be placed at 80243204 (length = 13C bytes)
$Function_NEW114E0 will be placed at 80243340 (length = 134 bytes)
$Function_NEW11D18 will be placed at 80243474 (length = 130 bytes)
$Function_NEW11A08 will be placed at 802435A4 (length = 124 bytes)
$Function_NEW1040C will be placed at 802436C8 (length = 124 bytes)
$Function_Fuzzy_802407CC will be placed at 802437EC (length = E0 bytes)
$Function_NEW10720 will be placed at 802438CC (length = D4 bytes)
$Function_NEW10348 will be placed at 802439A0 (length = C4 bytes)
$Function_Fuzzy_80240568 will be placed at 80243A64 (length = C0 bytes)
$Function_NEW10FF8 will be placed at 80243B24 (length = C0 bytes)
$MapTattle will be placed at 80243BE4 (length = AC bytes)
$Script_Main will be placed at 80243C90 (length = A4 bytes)
$Function_Koopa_80240314 will be placed at 80243D34 (length = 80 bytes)
$Function_Koopa_80240000 will be placed at 80243DB4 (length = 7C bytes)
$Function_NEW113FC will be placed at 80243E30 (length = 78 bytes)
$FloatTable_NEW12930 will be placed at 80243EA8 (length = 70 bytes)
$Function_NEW11474 will be placed at 80243F18 (length = 6C bytes)
$Function_NEW11614 will be placed at 80243F84 (length = 64 bytes)
$Function_NEW120C8 will be placed at 80243FE8 (length = 5C bytes)
$Script_EnterMap will be placed at 80244044 (length = 54 bytes)
$Script_NpcAI_Koopa will be placed at 80244098 (length = 54 bytes)
$Script_NpcAI_Koopatrol will be placed at 802440EC (length = 54 bytes)
$Script_NpcAI_Spiny will be placed at 80244140 (length = 54 bytes)
$JumpTable_Koopa_80245CF8 will be placed at 80244194 (length = 54 bytes)
$JumpTable_NEW130F0 will be placed at 802441E8 (length = 54 bytes)
$Script_NpcAI_Bubble will be placed at 8024423C (length = 54 bytes)
$Script_NpcAI_BonyBeetle will be placed at 80244290 (length = 54 bytes)
$Script_NpcAI_BuzzyBeetle will be placed at 802442E4 (length = 54 bytes)
$Function_Fuzzy_80240BAC will be placed at 80244338 (length = 44 bytes)
$LavaResetList will be placed at 8024437C (length = 44 bytes)
$Header will be placed at 802443C0 (length = 40 bytes)
$Script_Exit1 will be placed at 80244400 (length = 40 bytes)
$Script_Exit0 will be placed at 80244440 (length = 40 bytes)
$JumpTable_Fuzzy_802423B8 will be placed at 80244480 (length = 3C bytes)
$JumpTable_NEW130A8 will be placed at 802444BC (length = 3C bytes)
$Script_CreateExitTriggers will be placed at 802444F8 (length = 38 bytes)
$AISettings_Spiny will be placed at 80244530 (length = 30 bytes)
$AISettings_BonyBeetle will be placed at 80244560 (length = 30 bytes)
$AISettings_BuzzyBeetle will be placed at 80244590 (length = 30 bytes)
$AISettings_Koopa_802427BC will be placed at 802445C0 (length = 30 bytes)
$AISettings_Bubble will be placed at 802445F0 (length = 30 bytes)
$AISettings_Koopatrol will be placed at 80244620 (length = 30 bytes)
$NpcGroupList will be placed at 80244650 (length = 30 bytes)
$AISettings_Fuzzy_802413E0 will be placed at 80244680 (length = 30 bytes)
$AISettings_Goomba will be placed at 802446B0 (length = 30 bytes)
$NpcSettings_Koopatrol will be placed at 802446E0 (length = 2C bytes)
$Function_NEW107F4 will be placed at 8024470C (length = 2C bytes)
$NpcSettings_Spiny will be placed at 80244738 (length = 2C bytes)
$Script_NpcAI_Fuzzy will be placed at 80244764 (length = 2C bytes)
$NpcSettings_Fuzzy will be placed at 80244790 (length = 2C bytes)
$NpcSettings_Bubble will be placed at 802447BC (length = 2C bytes)
$NpcSettings_BonyBeetle will be placed at 802447E8 (length = 2C bytes)
$NpcSettings_Koopa will be placed at 80244814 (length = 2C bytes)
$NpcSettings_BuzzyBeetle will be placed at 80244840 (length = 2C bytes)
$Function_Init will be placed at 8024486C (length = 2C bytes)
$NpcSettings_Goomba will be placed at 80244898 (length = 2C bytes)
$EntryList will be placed at 802448C4 (length = 20 bytes)
$Script_SetupMusic will be placed at 802448E4 (length = 20 bytes)
$FloatTable_NEW12B90 will be placed at 80244904 (length = 18 bytes)
$Script_GoombaAI will be placed at 8024491C (length = 14 bytes)
$Function_GetTattle will be placed at 80244930 (length = 14 bytes)
$ASCII_"tem_02"_Literal will be placed at 80244944 (length = C bytes)
$ASCII_"tem_15"_Literal will be placed at 80244950 (length = C bytes)
$Script_MakeEntities will be placed at 8024495C (length = 8 bytes)
$ASCII_"kpa_tex"_Literal will be placed at 80244964 (length = 8 bytes)
$???_NEW123E0 will be placed at 8024496C (length = 4 bytes)
Executing patches for: tem_08
Reading patch file: map/patch/dark temple/tem_08.mpat
Reading patch file: map/import/SwitchBlocks.mpat
Creating struct: $Script_SwitchTrigger_Simple
Creating struct: $Script_SwitchBlocks
Creating struct: $Function_GetEntityPosition
Creating struct: $Function_MoveEntity
Reading patch file: map/import/LightBlocks.mpat
Creating struct: $CheckWatt
Creating struct: $Script_LightBlocks
Creating struct: $Header
Creating struct: $Function_GetTattle
Creating struct: $EntryList
Creating struct: $Script_Main
Creating struct: $Function_Init
Creating struct: $Script_SetupSwitchBlocks
Creating struct: $Script_SetupLightBlocks
Creating struct: $Script_MakeEntities
Creating struct: $Script_SetupMusic
Creating struct: $Script_EnterMap
Creating struct: $Script_Exit1
Creating struct: $Script_Exit0
Creating struct: $Script_CreateExitTriggers
Merged 1 regions to 1
$Script_SwitchBlocks will be placed at 80240000 (length = C8 bytes)
$Function_MoveEntity will be placed at 802400C8 (length = C8 bytes)
$Script_LightBlocks will be placed at 80240190 (length = C8 bytes)
$Function_GetEntityPosition will be placed at 80240258 (length = A0 bytes)
$Script_Main will be placed at 802402F8 (length = 90 bytes)
$Script_MakeEntities will be placed at 80240388 (length = 78 bytes)
$Script_SetupLightBlocks will be placed at 80240400 (length = 60 bytes)
$Script_SetupSwitchBlocks will be placed at 80240460 (length = 60 bytes)
$MapTattle will be placed at 802404C0 (length = 5C bytes)
$Script_EnterMap will be placed at 8024051C (length = 54 bytes)
$Script_SwitchTrigger_Simple will be placed at 80240570 (length = 40 bytes)
$Header will be placed at 802405B0 (length = 40 bytes)
$Script_Exit1 will be placed at 802405F0 (length = 40 bytes)
$Script_Exit0 will be placed at 80240630 (length = 40 bytes)
$CheckWatt will be placed at 80240670 (length = 3C bytes)
$Script_CreateExitTriggers will be placed at 802406AC (length = 38 bytes)
$Function_Init will be placed at 802406E4 (length = 2C bytes)
$EntryList will be placed at 80240710 (length = 20 bytes)
$Script_SetupMusic will be placed at 80240730 (length = 20 bytes)
$Function_GetTattle will be placed at 80240750 (length = 14 bytes)
$ASCII_"tem_16"_Literal will be placed at 80240764 (length = C bytes)
$ASCII_"tem_02"_Literal will be placed at 80240770 (length = C bytes)
$ASCII_"kpa_tex"_Literal will be placed at 8024077C (length = 8 bytes)
Executing patches for: tem_09
Reading patch file: map/patch/dark temple/tem_09.mpat
Reading patch file: map/import/Pit_AI.mpat
Creating struct: $NpcSettings_Goomba
Creating struct: $NpcSettings_Koopa
Creating struct: $NpcSettings_Fuzzy
Creating struct: $Script_NpcAI_Fuzzy
Creating struct: $Script_GoombaAI
Creating struct: $AISettings_Goomba
Creating struct: $AISettings_Fuzzy_802413E0
Creating struct: $JumpTable_Fuzzy_802423B8
Creating struct: $Function_Fuzzy_80240000
Creating struct: $Function_Fuzzy_80240230
Creating struct: $Function_Fuzzy_80240568
Creating struct: $Function_Fuzzy_80240628
Creating struct: $Function_Fuzzy_802407CC
Creating struct: $Function_Fuzzy_802408AC
Creating struct: $Function_Fuzzy_80240BAC
Creating struct: $Function_Fuzzy_80240BF0
Creating struct: $JumpTable_Koopa_80245CF8
Creating struct: $Script_NpcAI_Koopa
Creating struct: $AISettings_Koopa_802427BC
Creating struct: $NpcSettings_BuzzyBeetle
Creating struct: $AISettings_BuzzyBeetle
Creating struct: $Script_NpcAI_BuzzyBeetle
Creating struct: $AISettings_Koopatrol
Creating struct: $Script_NpcAI_Koopatrol
Creating struct: $NpcSettings_Koopatrol
Creating struct: $AISettings_Spiny
Creating struct: $Script_NpcAI_Spiny
Creating struct: $NpcSettings_Spiny
Creating struct: $AISettings_BonyBeetle
Creating struct: $Script_NpcAI_BonyBeetle
Creating struct: $NpcSettings_BonyBeetle
Creating struct: $Function_DoAI_ShellEnemy
Creating struct: $Function_Koopa_80240000
Creating struct: $Function_Koopa_8024007C
Creating struct: $Function_Koopa_802401B0
Creating struct: $Function_Koopa_80240314
Creating struct: $NpcSettings_Bubble
Creating struct: $Script_NpcAI_Bubble
Creating struct: $AISettings_Bubble
Creating struct: $JumpTable_NEW130A8
Creating struct: $JumpTable_NEW130F0
Creating struct: $Function_NEW10000
Creating struct: $Function_NEW10348
Creating struct: $Function_NEW1040C
Creating struct: $Function_NEW10530
Creating struct: $Function_NEW10720
Creating struct: $Function_NEW107F4
Creating struct: $Function_NEW10820
Creating struct: $Function_NEW109D0
Creating struct: $Function_NEW10FF8
Creating struct: $Function_NEW110B8
Creating struct: $Function_NEW113FC
Creating struct: $Function_NEW11474
Creating struct: $Function_NEW114E0
Creating struct: $Function_NEW11614
Creating struct: $Function_NEW11678
Creating struct: $Function_NEW11A08
Creating struct: $Function_NEW11B2C
Creating struct: $Function_NEW11D18
Creating struct: $Function_NEW11E48
Creating struct: $Function_NEW120C8
Creating struct: $Function_NEW12124
Creating struct: $???_NEW123E0
Creating struct: $FloatTable_NEW12930
Creating struct: $FloatTable_NEW12B90
Reading patch file: map/import/LightBlocks.mpat
Creating struct: $CheckWatt
Creating struct: $Script_LightBlocks
Creating struct: $Header
Creating struct: $Function_GetTattle
Creating struct: $EntryList
Creating struct: $NpcGroupList
Creating struct: $NpcGroup_Ztar1
Creating struct: $NpcGroup_Ztar2
Creating struct: $Script_Main
Creating struct: $LavaResetList
Creating struct: $Script_SetupLightBlocks
Creating struct: $Function_Init
Creating struct: $Script_MakeEntities
Creating struct: $Script_SetupMusic
Creating struct: $Script_EnterMap
Creating struct: $Script_Exit1
Creating struct: $Script_Exit0
Creating struct: $Script_CreateExitTriggers
Merged 1 regions to 1
$Function_NEW109D0 will be placed at 80240000 (length = 638 bytes)
$Function_DoAI_ShellEnemy will be placed at 80240638 (length = 440 bytes)
$Function_NEW11678 will be placed at 80240A78 (length = 390 bytes)
$Function_NEW10000 will be placed at 80240E08 (length = 350 bytes)
$Function_NEW110B8 will be placed at 80241158 (length = 344 bytes)
$Function_Fuzzy_80240230 will be placed at 8024149C (length = 340 bytes)
$Function_Fuzzy_802408AC will be placed at 802417DC (length = 300 bytes)
$Function_NEW11E48 will be placed at 80241ADC (length = 288 bytes)
$Function_Fuzzy_80240000 will be placed at 80241D64 (length = 230 bytes)
$Function_Fuzzy_80240BF0 will be placed at 80241F94 (length = 224 bytes)
$NpcGroup_Ztar1 will be placed at 802421B8 (length = 1F0 bytes)
$NpcGroup_Ztar2 will be placed at 802423A8 (length = 1F0 bytes)
$Function_NEW11B2C will be placed at 80242598 (length = 1EC bytes)
$Function_NEW12124 will be placed at 80242784 (length = 1E8 bytes)
$Function_NEW10530 will be placed at 8024296C (length = 1E8 bytes)
$Function_NEW10820 will be placed at 80242B54 (length = 1B8 bytes)
$Function_Fuzzy_80240628 will be placed at 80242D0C (length = 1A4 bytes)
$Function_Koopa_802401B0 will be placed at 80242EB0 (length = 164 bytes)
$Function_Koopa_8024007C will be placed at 80243014 (length = 13C bytes)
$Function_NEW114E0 will be placed at 80243150 (length = 134 bytes)
$Function_NEW11D18 will be placed at 80243284 (length = 130 bytes)
$Function_NEW11A08 will be placed at 802433B4 (length = 124 bytes)
$Function_NEW1040C will be placed at 802434D8 (length = 124 bytes)
$Function_Fuzzy_802407CC will be placed at 802435FC (length = E0 bytes)
$Function_NEW10720 will be placed at 802436DC (length = D4 bytes)
$Script_LightBlocks will be placed at 802437B0 (length = C8 bytes)
$Function_NEW10348 will be placed at 80243878 (length = C4 bytes)
$Function_Fuzzy_80240568 will be placed at 8024393C (length = C0 bytes)
$Function_NEW10FF8 will be placed at 802439FC (length = C0 bytes)
$Script_Main will be placed at 80243ABC (length = AC bytes)
$MapTattle will be placed at 80243B68 (length = 88 bytes)
$Function_Koopa_80240314 will be placed at 80243BF0 (length = 80 bytes)
$Function_Koopa_80240000 will be placed at 80243C70 (length = 7C bytes)
$Function_NEW113FC will be placed at 80243CEC (length = 78 bytes)
$FloatTable_NEW12930 will be placed at 80243D64 (length = 70 bytes)
$Function_NEW11474 will be placed at 80243DD4 (length = 6C bytes)
$Function_NEW11614 will be placed at 80243E40 (length = 64 bytes)
$Script_SetupLightBlocks will be placed at 80243EA4 (length = 60 bytes)
$Function_NEW120C8 will be placed at 80243F04 (length = 5C bytes)
$Script_EnterMap will be placed at 80243F60 (length = 54 bytes)
$Script_NpcAI_Koopa will be placed at 80243FB4 (length = 54 bytes)
$Script_NpcAI_Koopatrol will be placed at 80244008 (length = 54 bytes)
$Script_NpcAI_Spiny will be placed at 8024405C (length = 54 bytes)
$JumpTable_Koopa_80245CF8 will be placed at 802440B0 (length = 54 bytes)
$JumpTable_NEW130F0 will be placed at 80244104 (length = 54 bytes)
$Script_NpcAI_Bubble will be placed at 80244158 (length = 54 bytes)
$Script_NpcAI_BonyBeetle will be placed at 802441AC (length = 54 bytes)
$Script_NpcAI_BuzzyBeetle will be placed at 80244200 (length = 54 bytes)
$Function_Fuzzy_80240BAC will be placed at 80244254 (length = 44 bytes)
$LavaResetList will be placed at 80244298 (length = 44 bytes)
$Header will be placed at 802442DC (length = 40 bytes)
$Script_Exit1 will be placed at 8024431C (length = 40 bytes)
$Script_Exit0 will be placed at 8024435C (length = 40 bytes)
$CheckWatt will be placed at 8024439C (length = 3C bytes)
$JumpTable_Fuzzy_802423B8 will be placed at 802443D8 (length = 3C bytes)
$JumpTable_NEW130A8 will be placed at 80244414 (length = 3C bytes)
$Script_CreateExitTriggers will be placed at 80244450 (length = 38 bytes)
$AISettings_Spiny will be placed at 80244488 (length = 30 bytes)
$AISettings_BonyBeetle will be placed at 802444B8 (length = 30 bytes)
$AISettings_BuzzyBeetle will be placed at 802444E8 (length = 30 bytes)
$AISettings_Koopa_802427BC will be placed at 80244518 (length = 30 bytes)
$AISettings_Bubble will be placed at 80244548 (length = 30 bytes)
$AISettings_Koopatrol will be placed at 80244578 (length = 30 bytes)
$AISettings_Fuzzy_802413E0 will be placed at 802445A8 (length = 30 bytes)
$AISettings_Goomba will be placed at 802445D8 (length = 30 bytes)
$NpcSettings_Koopatrol will be placed at 80244608 (length = 2C bytes)
$Function_NEW107F4 will be placed at 80244634 (length = 2C bytes)
$NpcSettings_Spiny will be placed at 80244660 (length = 2C bytes)
$Script_NpcAI_Fuzzy will be placed at 8024468C (length = 2C bytes)
$NpcSettings_Fuzzy will be placed at 802446B8 (length = 2C bytes)
$NpcSettings_Bubble will be placed at 802446E4 (length = 2C bytes)
$NpcSettings_BonyBeetle will be placed at 80244710 (length = 2C bytes)
$NpcSettings_Koopa will be placed at 8024473C (length = 2C bytes)
$NpcSettings_BuzzyBeetle will be placed at 80244768 (length = 2C bytes)
$Function_Init will be placed at 80244794 (length = 2C bytes)
$NpcSettings_Goomba will be placed at 802447C0 (length = 2C bytes)
$NpcGroupList will be placed at 802447EC (length = 24 bytes)
$EntryList will be placed at 80244810 (length = 20 bytes)
$Script_SetupMusic will be placed at 80244830 (length = 20 bytes)
$FloatTable_NEW12B90 will be placed at 80244850 (length = 18 bytes)
$Script_GoombaAI will be placed at 80244868 (length = 14 bytes)
$Function_GetTattle will be placed at 8024487C (length = 14 bytes)
$ASCII_"tem_02"_Literal will be placed at 80244890 (length = C bytes)
$ASCII_"tem_17"_Literal will be placed at 8024489C (length = C bytes)
$Script_MakeEntities will be placed at 802448A8 (length = 8 bytes)
$ASCII_"kpa_tex"_Literal will be placed at 802448B0 (length = 8 bytes)
$???_NEW123E0 will be placed at 802448B8 (length = 4 bytes)
Executing patches for: tem_10
Reading patch file: map/patch/dark temple/tem_10.mpat
Creating struct: $Header
Creating struct: $Function_GetTattle
Creating struct: $EntryList
Creating struct: $Script_Main
Creating struct: $NpcGroupList_AntiGuys
Creating struct: $NpcSettings_Guy
Creating struct: $NpcGroup_AntiGuys
Creating struct: $Script_Idle_Boss
Creating struct: $Script_FightWall
Creating struct: $Script_Init_Boss
Creating struct: $Script_Defeat
Creating struct: $Function_Init
Creating struct: $Script_MakeEntities
Creating struct: $Script_SetupMusic
Creating struct: $Script_EnterMap
Creating struct: $Script_ExitScript
Merged 1 regions to 1
$NpcGroup_AntiGuys will be placed at 80240000 (length = 1F0 bytes)
$Script_Main will be placed at 802401F0 (length = 10C bytes)
$Script_FightWall will be placed at 802402FC (length = D4 bytes)
$Script_Defeat will be placed at 802403D0 (length = C4 bytes)
$FinalTest will be placed at 80240494 (length = BC bytes)
$MapTattle will be placed at 80240550 (length = B8 bytes)
$Script_ExitScript will be placed at 80240608 (length = B4 bytes)
$Script_EnterMap will be placed at 802406BC (length = 94 bytes)
$IAmDead will be placed at 80240750 (length = 58 bytes)
$Script_Idle_Boss will be placed at 802407A8 (length = 48 bytes)
$Header will be placed at 802407F0 (length = 40 bytes)
$NpcSettings_Guy will be placed at 80240830 (length = 2C bytes)
$Function_Init will be placed at 8024085C (length = 2C bytes)
$FinalTestRetry will be placed at 80240888 (length = 2C bytes)
$Script_Init_Boss will be placed at 802408B4 (length = 28 bytes)
$Script_SetupMusic will be placed at 802408DC (length = 20 bytes)
$NpcGroupList_AntiGuys will be placed at 802408FC (length = 18 bytes)
$Function_GetTattle will be placed at 80240914 (length = 14 bytes)
$EntryList will be placed at 80240928 (length = 10 bytes)
$ASCII_"tem_02"_Literal will be placed at 80240938 (length = C bytes)
$Script_MakeEntities will be placed at 80240944 (length = 8 bytes)
$ASCII_"kpa_tex"_Literal will be placed at 8024094C (length = 8 bytes)
Executing patches for: tem_11
Reading patch file: map/patch/dark temple/tem_11.mpat
Reading patch file: map/import/Pit_AI.mpat
Creating struct: $NpcSettings_Goomba
Creating struct: $NpcSettings_Koopa
Creating struct: $NpcSettings_Fuzzy
Creating struct: $Script_NpcAI_Fuzzy
Creating struct: $Script_GoombaAI
Creating struct: $AISettings_Goomba
Creating struct: $AISettings_Fuzzy_802413E0
Creating struct: $JumpTable_Fuzzy_802423B8
Creating struct: $Function_Fuzzy_80240000
Creating struct: $Function_Fuzzy_80240230
Creating struct: $Function_Fuzzy_80240568
Creating struct: $Function_Fuzzy_80240628
Creating struct: $Function_Fuzzy_802407CC
Creating struct: $Function_Fuzzy_802408AC
Creating struct: $Function_Fuzzy_80240BAC
Creating struct: $Function_Fuzzy_80240BF0
Creating struct: $JumpTable_Koopa_80245CF8
Creating struct: $Script_NpcAI_Koopa
Creating struct: $AISettings_Koopa_802427BC
Creating struct: $NpcSettings_BuzzyBeetle
Creating struct: $AISettings_BuzzyBeetle
Creating struct: $Script_NpcAI_BuzzyBeetle
Creating struct: $AISettings_Koopatrol
Creating struct: $Script_NpcAI_Koopatrol
Creating struct: $NpcSettings_Koopatrol
Creating struct: $AISettings_Spiny
Creating struct: $Script_NpcAI_Spiny
Creating struct: $NpcSettings_Spiny
Creating struct: $AISettings_BonyBeetle
Creating struct: $Script_NpcAI_BonyBeetle
Creating struct: $NpcSettings_BonyBeetle
Creating struct: $Function_DoAI_ShellEnemy
Creating struct: $Function_Koopa_80240000
Creating struct: $Function_Koopa_8024007C
Creating struct: $Function_Koopa_802401B0
Creating struct: $Function_Koopa_80240314
Creating struct: $NpcSettings_Bubble
Creating struct: $Script_NpcAI_Bubble
Creating struct: $AISettings_Bubble
Creating struct: $JumpTable_NEW130A8
Creating struct: $JumpTable_NEW130F0
Creating struct: $Function_NEW10000
Creating struct: $Function_NEW10348
Creating struct: $Function_NEW1040C
Creating struct: $Function_NEW10530
Creating struct: $Function_NEW10720
Creating struct: $Function_NEW107F4
Creating struct: $Function_NEW10820
Creating struct: $Function_NEW109D0
Creating struct: $Function_NEW10FF8
Creating struct: $Function_NEW110B8
Creating struct: $Function_NEW113FC
Creating struct: $Function_NEW11474
Creating struct: $Function_NEW114E0
Creating struct: $Function_NEW11614
Creating struct: $Function_NEW11678
Creating struct: $Function_NEW11A08
Creating struct: $Function_NEW11B2C
Creating struct: $Function_NEW11D18
Creating struct: $Function_NEW11E48
Creating struct: $Function_NEW120C8
Creating struct: $Function_NEW12124
Creating struct: $???_NEW123E0
Creating struct: $FloatTable_NEW12930
Creating struct: $FloatTable_NEW12B90
Creating struct: $Header
Creating struct: $Function_GetTattle
Creating struct: $EntryList
Creating struct: $Script_Main
Creating struct: $Function_Init
Creating struct: $Script_MakeEntities
Creating struct: $Script_GreenSwitch
Creating struct: $Script_BossSwitch
Creating struct: $Script_GateLoop
Creating struct: $Script_GateOpenEffect
Creating struct: $Script_GateCloseEffect
Creating struct: $Script_SetupMusic
Creating struct: $Script_EnterMap
Creating struct: $Script_Exit0
Creating struct: $Script_CreateExitTriggers
Reading patch for $NpcSettings_Goomba
Reading patch for $AISettings_Goomba
Creating struct: $NpcGroupList
Creating struct: $NpcGroup_DarkGoomba1
Creating struct: $NpcGroup_DarkGoomba2
Creating struct: $NpcGroup_DarkGoomba3
Creating struct: $NpcSettings_Guy
Creating struct: $NpcGroup_Boss
Creating struct: $Script_Idle_Boss
Creating struct: $Script_Init_Boss
Creating struct: $Script_Defeat
Merged 1 regions to 1
$Function_NEW109D0 will be placed at 80240000 (length = 638 bytes)
$Function_DoAI_ShellEnemy will be placed at 80240638 (length = 440 bytes)
$Function_NEW11678 will be placed at 80240A78 (length = 390 bytes)
$Function_NEW10000 will be placed at 80240E08 (length = 350 bytes)
$Function_NEW110B8 will be placed at 80241158 (length = 344 bytes)
$Function_Fuzzy_80240230 will be placed at 8024149C (length = 340 bytes)
$Function_Fuzzy_802408AC will be placed at 802417DC (length = 300 bytes)
$Function_NEW11E48 will be placed at 80241ADC (length = 288 bytes)
$Function_Fuzzy_80240000 will be placed at 80241D64 (length = 230 bytes)
$Function_Fuzzy_80240BF0 will be placed at 80241F94 (length = 224 bytes)
$NpcGroup_DarkGoomba1 will be placed at 802421B8 (length = 1F0 bytes)
$NpcGroup_DarkGoomba3 will be placed at 802423A8 (length = 1F0 bytes)
$NpcGroup_DarkGoomba2 will be placed at 80242598 (length = 1F0 bytes)
$NpcGroup_Boss will be placed at 80242788 (length = 1F0 bytes)
$Function_NEW11B2C will be placed at 80242978 (length = 1EC bytes)
$Function_NEW12124 will be placed at 80242B64 (length = 1E8 bytes)
$Function_NEW10530 will be placed at 80242D4C (length = 1E8 bytes)
$Script_GateLoop will be placed at 80242F34 (length = 1CC bytes)
$Function_NEW10820 will be placed at 80243100 (length = 1B8 bytes)
$Function_Fuzzy_80240628 will be placed at 802432B8 (length = 1A4 bytes)
$Function_Koopa_802401B0 will be placed at 8024345C (length = 164 bytes)
$Function_Koopa_8024007C will be placed at 802435C0 (length = 13C bytes)
$Function_NEW114E0 will be placed at 802436FC (length = 134 bytes)
$Function_NEW11D18 will be placed at 80243830 (length = 130 bytes)
$Function_NEW11A08 will be placed at 80243960 (length = 124 bytes)
$Function_NEW1040C will be placed at 80243A84 (length = 124 bytes)
$Function_Fuzzy_802407CC will be placed at 80243BA8 (length = E0 bytes)
$Function_NEW10720 will be placed at 80243C88 (length = D4 bytes)
$Function_NEW10348 will be placed at 80243D5C (length = C4 bytes)
$Function_Fuzzy_80240568 will be placed at 80243E20 (length = C0 bytes)
$Function_NEW10FF8 will be placed at 80243EE0 (length = C0 bytes)
$Script_Main will be placed at 80243FA0 (length = 98 bytes)
$Function_Koopa_80240314 will be placed at 80244038 (length = 80 bytes)
$Function_Koopa_80240000 will be placed at 802440B8 (length = 7C bytes)
$Function_NEW113FC will be placed at 80244134 (length = 78 bytes)
$MapTattle will be placed at 802441AC (length = 78 bytes)
$FloatTable_NEW12930 will be placed at 80244224 (length = 70 bytes)
$Function_NEW11474 will be placed at 80244294 (length = 6C bytes)
$Function_NEW11614 will be placed at 80244300 (length = 64 bytes)
$Script_MakeEntities will be placed at 80244364 (length = 60 bytes)
$Function_NEW120C8 will be placed at 802443C4 (length = 5C bytes)
$Script_Exit0 will be placed at 80244420 (length = 58 bytes)
$Script_NpcAI_Koopa will be placed at 80244478 (length = 54 bytes)
$Script_NpcAI_Koopatrol will be placed at 802444CC (length = 54 bytes)
$Script_NpcAI_Spiny will be placed at 80244520 (length = 54 bytes)
$JumpTable_Koopa_80245CF8 will be placed at 80244574 (length = 54 bytes)
$JumpTable_NEW130F0 will be placed at 802445C8 (length = 54 bytes)
$Script_NpcAI_Bubble will be placed at 8024461C (length = 54 bytes)
$Script_NpcAI_BonyBeetle will be placed at 80244670 (length = 54 bytes)
$Script_NpcAI_BuzzyBeetle will be placed at 802446C4 (length = 54 bytes)
$Script_Defeat will be placed at 80244718 (length = 50 bytes)
$Script_GateCloseEffect will be placed at 80244768 (length = 4C bytes)
$Script_EnterMap will be placed at 802447B4 (length = 48 bytes)
$Script_Idle_Boss will be placed at 802447FC (length = 48 bytes)
$Function_Fuzzy_80240BAC will be placed at 80244844 (length = 44 bytes)
$Header will be placed at 80244888 (length = 40 bytes)
$JumpTable_Fuzzy_802423B8 will be placed at 802448C8 (length = 3C bytes)
$NpcGroupList will be placed at 80244904 (length = 3C bytes)
$JumpTable_NEW130A8 will be placed at 80244940 (length = 3C bytes)
$AISettings_Spiny will be placed at 8024497C (length = 30 bytes)
$AISettings_BonyBeetle will be placed at 802449AC (length = 30 bytes)
$AISettings_BuzzyBeetle will be placed at 802449DC (length = 30 bytes)
$AISettings_Koopa_802427BC will be placed at 80244A0C (length = 30 bytes)
$AISettings_Bubble will be placed at 80244A3C (length = 30 bytes)
$Script_GateOpenEffect will be placed at 80244A6C (length = 30 bytes)
$AISettings_Koopatrol will be placed at 80244A9C (length = 30 bytes)
$AISettings_Fuzzy_802413E0 will be placed at 80244ACC (length = 30 bytes)
$AISettings_Goomba will be placed at 80244AFC (length = 30 bytes)
$NpcSettings_Koopatrol will be placed at 80244B2C (length = 2C bytes)
$Function_NEW107F4 will be placed at 80244B58 (length = 2C bytes)
$NpcSettings_Spiny will be placed at 80244B84 (length = 2C bytes)
$Script_NpcAI_Fuzzy will be placed at 80244BB0 (length = 2C bytes)
$NpcSettings_Fuzzy will be placed at 80244BDC (length = 2C bytes)
$NpcSettings_Bubble will be placed at 80244C08 (length = 2C bytes)
$NpcSettings_BonyBeetle will be placed at 80244C34 (length = 2C bytes)
$NpcSettings_Koopa will be placed at 80244C60 (length = 2C bytes)
$NpcSettings_BuzzyBeetle will be placed at 80244C8C (length = 2C bytes)
$Function_Init will be placed at 80244CB8 (length = 2C bytes)
$NpcSettings_Guy will be placed at 80244CE4 (length = 2C bytes)
$NpcSettings_Goomba will be placed at 80244D10 (length = 2C bytes)
$Script_Init_Boss will be placed at 80244D3C (length = 28 bytes)
$Script_GreenSwitch will be placed at 80244D64 (length = 28 bytes)
$Script_SetupMusic will be placed at 80244D8C (length = 20 bytes)
$Script_CreateExitTriggers will be placed at 80244DAC (length = 20 bytes)
$FloatTable_NEW12B90 will be placed at 80244DCC (length = 18 bytes)
$Script_GoombaAI will be placed at 80244DE4 (length = 14 bytes)
$Function_GetTattle will be placed at 80244DF8 (length = 14 bytes)
$Script_BossSwitch will be placed at 80244E0C (length = 14 bytes)
$EntryList will be placed at 80244E20 (length = 10 bytes)
$ASCII_"tem_03"_Literal will be placed at 80244E30 (length = C bytes)
$ASCII_"kpa_tex"_Literal will be placed at 80244E3C (length = 8 bytes)
$???_NEW123E0 will be placed at 80244E44 (length = 4 bytes)
Executing patches for: tem_12
Reading patch file: map/patch/dark temple/tem_12.mpat
Reading patch file: map/import/Pit_AI.mpat
Creating struct: $NpcSettings_Goomba
Creating struct: $NpcSettings_Koopa
Creating struct: $NpcSettings_Fuzzy
Creating struct: $Script_NpcAI_Fuzzy
Creating struct: $Script_GoombaAI
Creating struct: $AISettings_Goomba
Creating struct: $AISettings_Fuzzy_802413E0
Creating struct: $JumpTable_Fuzzy_802423B8
Creating struct: $Function_Fuzzy_80240000
Creating struct: $Function_Fuzzy_80240230
Creating struct: $Function_Fuzzy_80240568
Creating struct: $Function_Fuzzy_80240628
Creating struct: $Function_Fuzzy_802407CC
Creating struct: $Function_Fuzzy_802408AC
Creating struct: $Function_Fuzzy_80240BAC
Creating struct: $Function_Fuzzy_80240BF0
Creating struct: $JumpTable_Koopa_80245CF8
Creating struct: $Script_NpcAI_Koopa
Creating struct: $AISettings_Koopa_802427BC
Creating struct: $NpcSettings_BuzzyBeetle
Creating struct: $AISettings_BuzzyBeetle
Creating struct: $Script_NpcAI_BuzzyBeetle
Creating struct: $AISettings_Koopatrol
Creating struct: $Script_NpcAI_Koopatrol
Creating struct: $NpcSettings_Koopatrol
Creating struct: $AISettings_Spiny
Creating struct: $Script_NpcAI_Spiny
Creating struct: $NpcSettings_Spiny
Creating struct: $AISettings_BonyBeetle
Creating struct: $Script_NpcAI_BonyBeetle
Creating struct: $NpcSettings_BonyBeetle
Creating struct: $Function_DoAI_ShellEnemy
Creating struct: $Function_Koopa_80240000
Creating struct: $Function_Koopa_8024007C
Creating struct: $Function_Koopa_802401B0
Creating struct: $Function_Koopa_80240314
Creating struct: $NpcSettings_Bubble
Creating struct: $Script_NpcAI_Bubble
Creating struct: $AISettings_Bubble
Creating struct: $JumpTable_NEW130A8
Creating struct: $JumpTable_NEW130F0
Creating struct: $Function_NEW10000
Creating struct: $Function_NEW10348
Creating struct: $Function_NEW1040C
Creating struct: $Function_NEW10530
Creating struct: $Function_NEW10720
Creating struct: $Function_NEW107F4
Creating struct: $Function_NEW10820
Creating struct: $Function_NEW109D0
Creating struct: $Function_NEW10FF8
Creating struct: $Function_NEW110B8
Creating struct: $Function_NEW113FC
Creating struct: $Function_NEW11474
Creating struct: $Function_NEW114E0
Creating struct: $Function_NEW11614
Creating struct: $Function_NEW11678
Creating struct: $Function_NEW11A08
Creating struct: $Function_NEW11B2C
Creating struct: $Function_NEW11D18
Creating struct: $Function_NEW11E48
Creating struct: $Function_NEW120C8
Creating struct: $Function_NEW12124
Creating struct: $???_NEW123E0
Creating struct: $FloatTable_NEW12930
Creating struct: $FloatTable_NEW12B90
Creating struct: $Header
Creating struct: $Function_GetTattle
Creating struct: $EntryList
Creating struct: $Script_Main
Creating struct: $Script_AntiSoftlock
Creating struct: $Script_80241420
Creating struct: $LavaResetList
Creating struct: $Function_Init
Creating struct: $Script_MakeEntities
Creating struct: $Script_BossSwitch
Creating struct: $Script_SetupMusic
Creating struct: $Script_EnterMap
Creating struct: $Script_Exit0
Creating struct: $Script_CreateExitTriggers
Creating struct: $NpcGroupList
Creating struct: $NpcGroup_DarkBubble1
Creating struct: $NpcGroup_DarkBubble2
Creating struct: $NpcSettings_Guy
Creating struct: $NpcGroup_Boss
Creating struct: $Script_Idle_Boss
Creating struct: $Script_Init_Boss
Creating struct: $Script_Defeat
Creating struct: $Script_RotatePlatforms
Creating struct: $Function_ParentColliderToModel
Merged 1 regions to 1
$Function_NEW109D0 will be placed at 80240000 (length = 638 bytes)
$Function_DoAI_ShellEnemy will be placed at 80240638 (length = 440 bytes)
$Function_NEW11678 will be placed at 80240A78 (length = 390 bytes)
$Function_NEW10000 will be placed at 80240E08 (length = 350 bytes)
$Function_NEW110B8 will be placed at 80241158 (length = 344 bytes)
$Function_Fuzzy_80240230 will be placed at 8024149C (length = 340 bytes)
$Function_Fuzzy_802408AC will be placed at 802417DC (length = 300 bytes)
$Function_NEW11E48 will be placed at 80241ADC (length = 288 bytes)
$Function_Fuzzy_80240000 will be placed at 80241D64 (length = 230 bytes)
$Function_Fuzzy_80240BF0 will be placed at 80241F94 (length = 224 bytes)
$NpcGroup_DarkBubble2 will be placed at 802421B8 (length = 1F0 bytes)
$NpcGroup_DarkBubble1 will be placed at 802423A8 (length = 1F0 bytes)
$NpcGroup_Boss will be placed at 80242598 (length = 1F0 bytes)
$Function_NEW11B2C will be placed at 80242788 (length = 1EC bytes)
$Function_NEW12124 will be placed at 80242974 (length = 1E8 bytes)
$Function_NEW10530 will be placed at 80242B5C (length = 1E8 bytes)
$Function_NEW10820 will be placed at 80242D44 (length = 1B8 bytes)
$Function_Fuzzy_80240628 will be placed at 80242EFC (length = 1A4 bytes)
$Function_Koopa_802401B0 will be placed at 802430A0 (length = 164 bytes)
$Function_Koopa_8024007C will be placed at 80243204 (length = 13C bytes)
$Function_NEW114E0 will be placed at 80243340 (length = 134 bytes)
$Function_NEW11D18 will be placed at 80243474 (length = 130 bytes)
$Function_NEW11A08 will be placed at 802435A4 (length = 124 bytes)
$Function_NEW1040C will be placed at 802436C8 (length = 124 bytes)
$Script_AntiSoftlock will be placed at 802437EC (length = E8 bytes)
$Function_Fuzzy_802407CC will be placed at 802438D4 (length = E0 bytes)
$Function_NEW10720 will be placed at 802439B4 (length = D4 bytes)
$Script_Main will be placed at 80243A88 (length = CC bytes)
$Function_NEW10348 will be placed at 80243B54 (length = C4 bytes)
$Function_Fuzzy_80240568 will be placed at 80243C18 (length = C0 bytes)
$Function_NEW10FF8 will be placed at 80243CD8 (length = C0 bytes)
$MapTattle will be placed at 80243D98 (length = B4 bytes)
$Script_RotatePlatforms will be placed at 80243E4C (length = AC bytes)
$Function_Koopa_80240314 will be placed at 80243EF8 (length = 80 bytes)
$Function_Koopa_80240000 will be placed at 80243F78 (length = 7C bytes)
$Function_NEW113FC will be placed at 80243FF4 (length = 78 bytes)
$FloatTable_NEW12930 will be placed at 8024406C (length = 70 bytes)
$Function_NEW11474 will be placed at 802440DC (length = 6C bytes)
$Function_ParentColliderToModel will be placed at 80244148 (length = 6C bytes)
$Function_NEW11614 will be placed at 802441B4 (length = 64 bytes)
$Function_NEW120C8 will be placed at 80244218 (length = 5C bytes)
$Script_NpcAI_Koopa will be placed at 80244274 (length = 54 bytes)
$Script_NpcAI_Koopatrol will be placed at 802442C8 (length = 54 bytes)
$Script_NpcAI_Spiny will be placed at 8024431C (length = 54 bytes)
$JumpTable_Koopa_80245CF8 will be placed at 80244370 (length = 54 bytes)
$JumpTable_NEW130F0 will be placed at 802443C4 (length = 54 bytes)
$Script_NpcAI_Bubble will be placed at 80244418 (length = 54 bytes)
$Script_NpcAI_BonyBeetle will be placed at 8024446C (length = 54 bytes)
$Script_NpcAI_BuzzyBeetle will be placed at 802444C0 (length = 54 bytes)
$Script_Defeat will be placed at 80244514 (length = 50 bytes)
$Script_Exit0 will be placed at 80244564 (length = 4C bytes)
$Script_80241420 will be placed at 802445B0 (length = 48 bytes)
$Script_EnterMap will be placed at 802445F8 (length = 48 bytes)
$Script_Idle_Boss will be placed at 80244640 (length = 48 bytes)
$Function_Fuzzy_80240BAC will be placed at 80244688 (length = 44 bytes)
$LavaResetList will be placed at 802446CC (length = 44 bytes)
$Header will be placed at 80244710 (length = 40 bytes)
$JumpTable_Fuzzy_802423B8 will be placed at 80244750 (length = 3C bytes)
$JumpTable_NEW130A8 will be placed at 8024478C (length = 3C bytes)
$Script_CreateExitTriggers will be placed at 802447C8 (length = 38 bytes)
$Script_MakeEntities will be placed at 80244800 (length = 34 bytes)
$AISettings_Spiny will be placed at 80244834 (length = 30 bytes)
$AISettings_BonyBeetle will be placed at 80244864 (length = 30 bytes)
$AISettings_BuzzyBeetle will be placed at 80244894 (length = 30 bytes)
$AISettings_Koopa_802427BC will be placed at 802448C4 (length = 30 bytes)
$AISettings_Bubble will be placed at 802448F4 (length = 30 bytes)
$AISettings_Koopatrol will be placed at 80244924 (length = 30 bytes)
$NpcGroupList will be placed at 80244954 (length = 30 bytes)
$AISettings_Fuzzy_802413E0 will be placed at 80244984 (length = 30 bytes)
$AISettings_Goomba will be placed at 802449B4 (length = 30 bytes)
$NpcSettings_Koopatrol will be placed at 802449E4 (length = 2C bytes)
$Function_NEW107F4 will be placed at 80244A10 (length = 2C bytes)
$NpcSettings_Spiny will be placed at 80244A3C (length = 2C bytes)
$Script_NpcAI_Fuzzy will be placed at 80244A68 (length = 2C bytes)
$NpcSettings_Fuzzy will be placed at 80244A94 (length = 2C bytes)
$NpcSettings_Bubble will be placed at 80244AC0 (length = 2C bytes)
$NpcSettings_BonyBeetle will be placed at 80244AEC (length = 2C bytes)
$NpcSettings_Koopa will be placed at 80244B18 (length = 2C bytes)
$NpcSettings_BuzzyBeetle will be placed at 80244B44 (length = 2C bytes)
$Function_Init will be placed at 80244B70 (length = 2C bytes)
$NpcSettings_Guy will be placed at 80244B9C (length = 2C bytes)
$NpcSettings_Goomba will be placed at 80244BC8 (length = 2C bytes)
$Script_Init_Boss will be placed at 80244BF4 (length = 28 bytes)
$Script_SetupMusic will be placed at 80244C1C (length = 20 bytes)
$FloatTable_NEW12B90 will be placed at 80244C3C (length = 18 bytes)
$Script_GoombaAI will be placed at 80244C54 (length = 14 bytes)
$Function_GetTattle will be placed at 80244C68 (length = 14 bytes)
$Script_BossSwitch will be placed at 80244C7C (length = 14 bytes)
$EntryList will be placed at 80244C90 (length = 10 bytes)
$ASCII_"tem_04"_Literal will be placed at 80244CA0 (length = C bytes)
$ASCII_"kpa_tex"_Literal will be placed at 80244CAC (length = 8 bytes)
$???_NEW123E0 will be placed at 80244CB4 (length = 4 bytes)
Executing patches for: tem_13
Reading patch file: map/patch/dark temple/tem_13.mpat
Reading patch file: map/import/NPC_Paragoomba.mpat
Creating struct: $NpcSettings_Paragoomba
Creating struct: $AISettings_Paragoomba
Creating struct: $Script_NpcAI_Paragoomba
Creating struct: $JumpTable_80243458_Paragoomba
Creating struct: $FloatTable_80241B2C_Paragoomba
Creating struct: $ConstDouble_80243440_Paragoomba
Creating struct: $ConstDouble_80243448_Paragoomba
Creating struct: $ConstDouble_80243450_Paragoomba
Creating struct: $Function_8024130C_Paragoomba
Creating struct: $Function_802411E8_Paragoomba
Creating struct: $Function_80240000_Paragoomba
Creating struct: $Function_802401B0_Paragoomba
Creating struct: $Function_802407D8_Paragoomba
Creating struct: $Function_80240898_Paragoomba
Creating struct: $Function_80240BDC_Paragoomba
Creating struct: $Function_80240C54_Paragoomba
Creating struct: $Function_80240CC0_Paragoomba
Creating struct: $Function_80240DF4_Paragoomba
Creating struct: $Function_80240E58_Paragoomba
Creating struct: $Header
Creating struct: $Function_GetTattle
Creating struct: $EntryList
Creating struct: $Script_Main
Creating struct: $Function_Init
Creating struct: $Script_MakeEntities
Creating struct: $Script_BossSwitch
Creating struct: $Script_SetupMusic
Creating struct: $Script_EnterMap
Creating struct: $Script_Exit0
Creating struct: $Script_CreateExitTriggers
Creating struct: $NpcGroupList
Reading patch for $NpcSettings_Paragoomba
Creating struct: $NpcGroup_DarkSentinel1
Creating struct: $NpcGroup_DarkSentinel2
Creating struct: $NpcGroup_DarkSentinel3
Creating struct: $NpcGroup_DarkSentinel4
Creating struct: $NpcGroup_DarkSentinel5
Reading patch for $Script_NpcAI_Paragoomba
Creating struct: $NpcSettings_Guy
Creating struct: $NpcGroup_Boss
Creating struct: $Script_Idle_Boss
Creating struct: $Script_Init_Boss
Creating struct: $Script_Defeat
Merged 1 regions to 1
$Function_802401B0_Paragoomba will be placed at 80240000 (length = 628 bytes)
$Function_80240E58_Paragoomba will be placed at 80240628 (length = 390 bytes)
$Function_80240898_Paragoomba will be placed at 802409B8 (length = 344 bytes)
$NpcGroup_DarkSentinel1 will be placed at 80240CFC (length = 1F0 bytes)
$NpcGroup_DarkSentinel2 will be placed at 80240EEC (length = 1F0 bytes)
$NpcGroup_DarkSentinel3 will be placed at 802410DC (length = 1F0 bytes)
$NpcGroup_DarkSentinel4 will be placed at 802412CC (length = 1F0 bytes)
$NpcGroup_DarkSentinel5 will be placed at 802414BC (length = 1F0 bytes)
$NpcGroup_Boss will be placed at 802416AC (length = 1F0 bytes)
$Function_8024130C_Paragoomba will be placed at 8024189C (length = 1EC bytes)
$Function_80240000_Paragoomba will be placed at 80241A88 (length = 1B0 bytes)
$Function_80240CC0_Paragoomba will be placed at 80241C38 (length = 134 bytes)
$Function_802411E8_Paragoomba will be placed at 80241D6C (length = 124 bytes)
$Function_802407D8_Paragoomba will be placed at 80241E90 (length = C0 bytes)
$MapTattle will be placed at 80241F50 (length = A0 bytes)
$Script_Main will be placed at 80241FF0 (length = 90 bytes)
$Function_80240BDC_Paragoomba will be placed at 80242080 (length = 78 bytes)
$Function_80240C54_Paragoomba will be placed at 802420F8 (length = 6C bytes)
$Function_80240DF4_Paragoomba will be placed at 80242164 (length = 64 bytes)
$Script_NpcAI_Paragoomba will be placed at 802421C8 (length = 54 bytes)
$NpcGroupList will be placed at 8024221C (length = 54 bytes)
$Script_Defeat will be placed at 80242270 (length = 50 bytes)
$Script_Exit0 will be placed at 802422C0 (length = 4C bytes)
$Script_EnterMap will be placed at 8024230C (length = 48 bytes)
$Script_Idle_Boss will be placed at 80242354 (length = 48 bytes)
$Header will be placed at 8024239C (length = 40 bytes)
$JumpTable_80243458_Paragoomba will be placed at 802423DC (length = 3C bytes)
$Script_MakeEntities will be placed at 80242418 (length = 34 bytes)
$AISettings_Paragoomba will be placed at 8024244C (length = 30 bytes)
$Function_Init will be placed at 8024247C (length = 2C bytes)
$NpcSettings_Guy will be placed at 802424A8 (length = 2C bytes)
$NpcSettings_Paragoomba will be placed at 802424D4 (length = 2C bytes)
$Script_Init_Boss will be placed at 80242500 (length = 28 bytes)
$Script_SetupMusic will be placed at 80242528 (length = 20 bytes)
$Script_CreateExitTriggers will be placed at 80242548 (length = 20 bytes)
$FloatTable_80241B2C_Paragoomba will be placed at 80242568 (length = 18 bytes)
$Function_GetTattle will be placed at 80242580 (length = 14 bytes)
$Script_BossSwitch will be placed at 80242594 (length = 14 bytes)
$EntryList will be placed at 802425A8 (length = 10 bytes)
$ASCII_"tem_05"_Literal will be placed at 802425B8 (length = C bytes)
$ConstDouble_80243448_Paragoomba will be placed at 802425C8 (length = 8 bytes)
$ConstDouble_80243450_Paragoomba will be placed at 802425D0 (length = 8 bytes)
$ConstDouble_80243440_Paragoomba will be placed at 802425D8 (length = 8 bytes)
$ASCII_"kpa_tex"_Literal will be placed at 802425E0 (length = 8 bytes)
Executing patches for: tem_14
Reading patch file: map/patch/dark temple/tem_14.mpat
Reading patch file: map/import/SwitchBlocks.mpat
Creating struct: $Script_SwitchTrigger_Simple
Creating struct: $Script_SwitchBlocks
Creating struct: $Function_GetEntityPosition
Creating struct: $Function_MoveEntity
Creating struct: $Header
Creating struct: $Function_GetTattle
Creating struct: $EntryList
Creating struct: $Script_SetupSwitchBlocks
Creating struct: $Script_Main
Creating struct: $Function_Init
Creating struct: $Script_MakeEntities
Creating struct: $Script_BossSwitch
Creating struct: $Script_SetupMusic
Creating struct: $Script_EnterMap
Creating struct: $Script_Exit0
Creating struct: $Script_CreateExitTriggers
Creating struct: $NpcGroupList
Creating struct: $NpcSettings_Guy
Creating struct: $NpcGroup_Boss
Creating struct: $Script_Idle_Boss
Creating struct: $Script_Init_Boss
Creating struct: $Script_Defeat
Merged 1 regions to 1
$NpcGroup_Boss will be placed at 80240000 (length = 1F0 bytes)
$Script_SwitchBlocks will be placed at 802401F0 (length = C8 bytes)
$Function_MoveEntity will be placed at 802402B8 (length = C8 bytes)
$MapTattle will be placed at 80240380 (length = B4 bytes)
$Script_MakeEntities will be placed at 80240434 (length = A4 bytes)
$Function_GetEntityPosition will be placed at 802404D8 (length = A0 bytes)
$Script_Main will be placed at 80240578 (length = 98 bytes)
$Script_SetupSwitchBlocks will be placed at 80240610 (length = 60 bytes)
$Script_Defeat will be placed at 80240670 (length = 50 bytes)
$Script_Exit0 will be placed at 802406C0 (length = 4C bytes)
$Script_EnterMap will be placed at 8024070C (length = 48 bytes)
$Script_Idle_Boss will be placed at 80240754 (length = 48 bytes)
$Script_SwitchTrigger_Simple will be placed at 8024079C (length = 40 bytes)
$Header will be placed at 802407DC (length = 40 bytes)
$Function_Init will be placed at 8024081C (length = 2C bytes)
$NpcSettings_Guy will be placed at 80240848 (length = 2C bytes)
$Script_Init_Boss will be placed at 80240874 (length = 28 bytes)
$Script_SetupMusic will be placed at 8024089C (length = 20 bytes)
$Script_CreateExitTriggers will be placed at 802408BC (length = 20 bytes)
$NpcGroupList will be placed at 802408DC (length = 18 bytes)
$Function_GetTattle will be placed at 802408F4 (length = 14 bytes)
$Script_BossSwitch will be placed at 80240908 (length = 14 bytes)
$EntryList will be placed at 8024091C (length = 10 bytes)
$ASCII_"tem_06"_Literal will be placed at 8024092C (length = C bytes)
$ASCII_"kpa_tex"_Literal will be placed at 80240938 (length = 8 bytes)
Executing patches for: tem_15
Reading patch file: map/patch/dark temple/tem_15.mpat
Reading patch file: map/import/Pit_AI.mpat
Creating struct: $NpcSettings_Goomba
Creating struct: $NpcSettings_Koopa
Creating struct: $NpcSettings_Fuzzy
Creating struct: $Script_NpcAI_Fuzzy
Creating struct: $Script_GoombaAI
Creating struct: $AISettings_Goomba
Creating struct: $AISettings_Fuzzy_802413E0
Creating struct: $JumpTable_Fuzzy_802423B8
Creating struct: $Function_Fuzzy_80240000
Creating struct: $Function_Fuzzy_80240230
Creating struct: $Function_Fuzzy_80240568
Creating struct: $Function_Fuzzy_80240628
Creating struct: $Function_Fuzzy_802407CC
Creating struct: $Function_Fuzzy_802408AC
Creating struct: $Function_Fuzzy_80240BAC
Creating struct: $Function_Fuzzy_80240BF0
Creating struct: $JumpTable_Koopa_80245CF8
Creating struct: $Script_NpcAI_Koopa
Creating struct: $AISettings_Koopa_802427BC
Creating struct: $NpcSettings_BuzzyBeetle
Creating struct: $AISettings_BuzzyBeetle
Creating struct: $Script_NpcAI_BuzzyBeetle
Creating struct: $AISettings_Koopatrol
Creating struct: $Script_NpcAI_Koopatrol
Creating struct: $NpcSettings_Koopatrol
Creating struct: $AISettings_Spiny
Creating struct: $Script_NpcAI_Spiny
Creating struct: $NpcSettings_Spiny
Creating struct: $AISettings_BonyBeetle
Creating struct: $Script_NpcAI_BonyBeetle
Creating struct: $NpcSettings_BonyBeetle
Creating struct: $Function_DoAI_ShellEnemy
Creating struct: $Function_Koopa_80240000
Creating struct: $Function_Koopa_8024007C
Creating struct: $Function_Koopa_802401B0
Creating struct: $Function_Koopa_80240314
Creating struct: $NpcSettings_Bubble
Creating struct: $Script_NpcAI_Bubble
Creating struct: $AISettings_Bubble
Creating struct: $JumpTable_NEW130A8
Creating struct: $JumpTable_NEW130F0
Creating struct: $Function_NEW10000
Creating struct: $Function_NEW10348
Creating struct: $Function_NEW1040C
Creating struct: $Function_NEW10530
Creating struct: $Function_NEW10720
Creating struct: $Function_NEW107F4
Creating struct: $Function_NEW10820
Creating struct: $Function_NEW109D0
Creating struct: $Function_NEW10FF8
Creating struct: $Function_NEW110B8
Creating struct: $Function_NEW113FC
Creating struct: $Function_NEW11474
Creating struct: $Function_NEW114E0
Creating struct: $Function_NEW11614
Creating struct: $Function_NEW11678
Creating struct: $Function_NEW11A08
Creating struct: $Function_NEW11B2C
Creating struct: $Function_NEW11D18
Creating struct: $Function_NEW11E48
Creating struct: $Function_NEW120C8
Creating struct: $Function_NEW12124
Creating struct: $???_NEW123E0
Creating struct: $FloatTable_NEW12930
Creating struct: $FloatTable_NEW12B90
Creating struct: $Header
Creating struct: $Function_GetTattle
Creating struct: $EntryList
Creating struct: $Script_Main
Creating struct: $LavaResetList
Creating struct: $Function_Init
Creating struct: $Script_MakeEntities
Creating struct: $Script_BossSwitch
Creating struct: $Script_SetupMusic
Creating struct: $Script_EnterMap
Creating struct: $Script_Exit0
Creating struct: $Script_CreateExitTriggers
Creating struct: $NpcGroup_DarkBubble1
Creating struct: $NpcGroup_DarkBubble2
Creating struct: $NpcGroup_DarkBubble3
Creating struct: $NpcGroupList
Creating struct: $NpcSettings_Guy
Creating struct: $NpcGroup_Boss
Creating struct: $Script_Idle_Boss
Creating struct: $Script_Init_Boss
Creating struct: $Script_Defeat
Merged 1 regions to 1
$Function_NEW109D0 will be placed at 80240000 (length = 638 bytes)
$Function_DoAI_ShellEnemy will be placed at 80240638 (length = 440 bytes)
$Function_NEW11678 will be placed at 80240A78 (length = 390 bytes)
$Function_NEW10000 will be placed at 80240E08 (length = 350 bytes)
$Function_NEW110B8 will be placed at 80241158 (length = 344 bytes)
$Function_Fuzzy_80240230 will be placed at 8024149C (length = 340 bytes)
$Function_Fuzzy_802408AC will be placed at 802417DC (length = 300 bytes)
$Function_NEW11E48 will be placed at 80241ADC (length = 288 bytes)
$Function_Fuzzy_80240000 will be placed at 80241D64 (length = 230 bytes)
$Function_Fuzzy_80240BF0 will be placed at 80241F94 (length = 224 bytes)
$NpcGroup_DarkBubble3 will be placed at 802421B8 (length = 1F0 bytes)
$NpcGroup_DarkBubble2 will be placed at 802423A8 (length = 1F0 bytes)
$NpcGroup_DarkBubble1 will be placed at 80242598 (length = 1F0 bytes)
$NpcGroup_Boss will be placed at 80242788 (length = 1F0 bytes)
$Function_NEW11B2C will be placed at 80242978 (length = 1EC bytes)
$Function_NEW12124 will be placed at 80242B64 (length = 1E8 bytes)
$Function_NEW10530 will be placed at 80242D4C (length = 1E8 bytes)
$Function_NEW10820 will be placed at 80242F34 (length = 1B8 bytes)
$Function_Fuzzy_80240628 will be placed at 802430EC (length = 1A4 bytes)
$Function_Koopa_802401B0 will be placed at 80243290 (length = 164 bytes)
$Function_Koopa_8024007C will be placed at 802433F4 (length = 13C bytes)
$Function_NEW114E0 will be placed at 80243530 (length = 134 bytes)
$Function_NEW11D18 will be placed at 80243664 (length = 130 bytes)
$Function_NEW11A08 will be placed at 80243794 (length = 124 bytes)
$Function_NEW1040C will be placed at 802438B8 (length = 124 bytes)
$Function_Fuzzy_802407CC will be placed at 802439DC (length = E0 bytes)
$Function_NEW10720 will be placed at 80243ABC (length = D4 bytes)
$Function_NEW10348 will be placed at 80243B90 (length = C4 bytes)
$Function_Fuzzy_80240568 will be placed at 80243C54 (length = C0 bytes)
$Function_NEW10FF8 will be placed at 80243D14 (length = C0 bytes)
$Script_Main will be placed at 80243DD4 (length = A4 bytes)
$MapTattle will be placed at 80243E78 (length = 9C bytes)
$Function_Koopa_80240314 will be placed at 80243F14 (length = 80 bytes)
$Function_Koopa_80240000 will be placed at 80243F94 (length = 7C bytes)
$Function_NEW113FC will be placed at 80244010 (length = 78 bytes)
$FloatTable_NEW12930 will be placed at 80244088 (length = 70 bytes)
$Function_NEW11474 will be placed at 802440F8 (length = 6C bytes)
$Function_NEW11614 will be placed at 80244164 (length = 64 bytes)
$Function_NEW120C8 will be placed at 802441C8 (length = 5C bytes)
$Script_NpcAI_Koopa will be placed at 80244224 (length = 54 bytes)
$Script_NpcAI_Koopatrol will be placed at 80244278 (length = 54 bytes)
$Script_NpcAI_Spiny will be placed at 802442CC (length = 54 bytes)
$JumpTable_Koopa_80245CF8 will be placed at 80244320 (length = 54 bytes)
$JumpTable_NEW130F0 will be placed at 80244374 (length = 54 bytes)
$Script_NpcAI_Bubble will be placed at 802443C8 (length = 54 bytes)
$Script_NpcAI_BonyBeetle will be placed at 8024441C (length = 54 bytes)
$Script_NpcAI_BuzzyBeetle will be placed at 80244470 (length = 54 bytes)
$Script_Defeat will be placed at 802444C4 (length = 50 bytes)
$Script_Exit0 will be placed at 80244514 (length = 4C bytes)
$Script_EnterMap will be placed at 80244560 (length = 48 bytes)
$Script_Idle_Boss will be placed at 802445A8 (length = 48 bytes)
$Function_Fuzzy_80240BAC will be placed at 802445F0 (length = 44 bytes)
$LavaResetList will be placed at 80244634 (length = 44 bytes)
$Header will be placed at 80244678 (length = 40 bytes)
$JumpTable_Fuzzy_802423B8 will be placed at 802446B8 (length = 3C bytes)
$NpcGroupList will be placed at 802446F4 (length = 3C bytes)
$JumpTable_NEW130A8 will be placed at 80244730 (length = 3C bytes)
$Script_MakeEntities will be placed at 8024476C (length = 34 bytes)
$AISettings_Spiny will be placed at 802447A0 (length = 30 bytes)
$AISettings_BonyBeetle will be placed at 802447D0 (length = 30 bytes)
$AISettings_BuzzyBeetle will be placed at 80244800 (length = 30 bytes)
$AISettings_Koopa_802427BC will be placed at 80244830 (length = 30 bytes)
$AISettings_Bubble will be placed at 80244860 (length = 30 bytes)
$AISettings_Koopatrol will be placed at 80244890 (length = 30 bytes)
$AISettings_Fuzzy_802413E0 will be placed at 802448C0 (length = 30 bytes)
$AISettings_Goomba will be placed at 802448F0 (length = 30 bytes)
$NpcSettings_Koopatrol will be placed at 80244920 (length = 2C bytes)
$Function_NEW107F4 will be placed at 8024494C (length = 2C bytes)
$NpcSettings_Spiny will be placed at 80244978 (length = 2C bytes)
$Script_NpcAI_Fuzzy will be placed at 802449A4 (length = 2C bytes)
$NpcSettings_Fuzzy will be placed at 802449D0 (length = 2C bytes)
$NpcSettings_Bubble will be placed at 802449FC (length = 2C bytes)
$NpcSettings_BonyBeetle will be placed at 80244A28 (length = 2C bytes)
$NpcSettings_Koopa will be placed at 80244A54 (length = 2C bytes)
$NpcSettings_BuzzyBeetle will be placed at 80244A80 (length = 2C bytes)
$Function_Init will be placed at 80244AAC (length = 2C bytes)
$NpcSettings_Guy will be placed at 80244AD8 (length = 2C bytes)
$NpcSettings_Goomba will be placed at 80244B04 (length = 2C bytes)
$Script_Init_Boss will be placed at 80244B30 (length = 28 bytes)
$Script_SetupMusic will be placed at 80244B58 (length = 20 bytes)
$Script_CreateExitTriggers will be placed at 80244B78 (length = 20 bytes)
$FloatTable_NEW12B90 will be placed at 80244B98 (length = 18 bytes)
$Script_GoombaAI will be placed at 80244BB0 (length = 14 bytes)
$Function_GetTattle will be placed at 80244BC4 (length = 14 bytes)
$Script_BossSwitch will be placed at 80244BD8 (length = 14 bytes)
$EntryList will be placed at 80244BEC (length = 10 bytes)
$ASCII_"tem_07"_Literal will be placed at 80244BFC (length = C bytes)
$ASCII_"kpa_tex"_Literal will be placed at 80244C08 (length = 8 bytes)
$???_NEW123E0 will be placed at 80244C10 (length = 4 bytes)
Executing patches for: tem_16
Reading patch file: map/patch/dark temple/tem_16.mpat
Reading patch file: map/import/SwitchBlocks.mpat
Creating struct: $Script_SwitchTrigger_Simple
Creating struct: $Script_SwitchBlocks
Creating struct: $Function_GetEntityPosition
Creating struct: $Function_MoveEntity
Reading patch file: map/import/LightBlocks.mpat
Creating struct: $CheckWatt
Creating struct: $Script_LightBlocks
Creating struct: $Header
Creating struct: $Function_GetTattle
Creating struct: $EntryList
Creating struct: $Script_Main
Creating struct: $Function_Init
Creating struct: $Script_SetupSwitchBlocks
Creating struct: $Script_SetupLightBlocks
Creating struct: $Script_MakeEntities
Creating struct: $Script_BossSwitch
Creating struct: $Script_SetupMusic
Creating struct: $Script_EnterMap
Creating struct: $Script_Exit0
Creating struct: $Script_CreateExitTriggers
Creating struct: $NpcGroupList
Creating struct: $NpcSettings_Guy
Creating struct: $NpcGroup_Boss
Creating struct: $Script_Idle_Boss
Creating struct: $Script_Init_Boss
Creating struct: $Script_Defeat
Merged 1 regions to 1
$NpcGroup_Boss will be placed at 80240000 (length = 1F0 bytes)
$Script_MakeEntities will be placed at 802401F0 (length = FC bytes)
$MapTattle will be placed at 802402EC (length = EC bytes)
$Script_SwitchBlocks will be placed at 802403D8 (length = C8 bytes)
$Function_MoveEntity will be placed at 802404A0 (length = C8 bytes)
$Script_LightBlocks will be placed at 80240568 (length = C8 bytes)
$Function_GetEntityPosition will be placed at 80240630 (length = A0 bytes)
$Script_Main will be placed at 802406D0 (length = A0 bytes)
$Script_SetupLightBlocks will be placed at 80240770 (length = 60 bytes)
$Script_SetupSwitchBlocks will be placed at 802407D0 (length = 60 bytes)
$Script_Defeat will be placed at 80240830 (length = 50 bytes)
$Script_Exit0 will be placed at 80240880 (length = 4C bytes)
$Script_EnterMap will be placed at 802408CC (length = 48 bytes)
$Script_Idle_Boss will be placed at 80240914 (length = 48 bytes)
$Script_SwitchTrigger_Simple will be placed at 8024095C (length = 40 bytes)
$Header will be placed at 8024099C (length = 40 bytes)
$CheckWatt will be placed at 802409DC (length = 3C bytes)
$Function_Init will be placed at 80240A18 (length = 2C bytes)
$NpcSettings_Guy will be placed at 80240A44 (length = 2C bytes)
$Script_Init_Boss will be placed at 80240A70 (length = 28 bytes)
$Script_SetupMusic will be placed at 80240A98 (length = 20 bytes)
$Script_CreateExitTriggers will be placed at 80240AB8 (length = 20 bytes)
$NpcGroupList will be placed at 80240AD8 (length = 18 bytes)
$Function_GetTattle will be placed at 80240AF0 (length = 14 bytes)
$Script_BossSwitch will be placed at 80240B04 (length = 14 bytes)
$EntryList will be placed at 80240B18 (length = 10 bytes)
$ASCII_"tem_08"_Literal will be placed at 80240B28 (length = C bytes)
$ASCII_"kpa_tex"_Literal will be placed at 80240B34 (length = 8 bytes)
Executing patches for: tem_17
Reading patch file: map/patch/dark temple/tem_17.mpat
Reading patch file: map/import/LightBlocks.mpat
Creating struct: $CheckWatt
Creating struct: $Script_LightBlocks
Reading patch file: map/import/Pit_AI.mpat
Creating struct: $NpcSettings_Goomba
Creating struct: $NpcSettings_Koopa
Creating struct: $NpcSettings_Fuzzy
Creating struct: $Script_NpcAI_Fuzzy
Creating struct: $Script_GoombaAI
Creating struct: $AISettings_Goomba
Creating struct: $AISettings_Fuzzy_802413E0
Creating struct: $JumpTable_Fuzzy_802423B8
Creating struct: $Function_Fuzzy_80240000
Creating struct: $Function_Fuzzy_80240230
Creating struct: $Function_Fuzzy_80240568
Creating struct: $Function_Fuzzy_80240628
Creating struct: $Function_Fuzzy_802407CC
Creating struct: $Function_Fuzzy_802408AC
Creating struct: $Function_Fuzzy_80240BAC
Creating struct: $Function_Fuzzy_80240BF0
Creating struct: $JumpTable_Koopa_80245CF8
Creating struct: $Script_NpcAI_Koopa
Creating struct: $AISettings_Koopa_802427BC
Creating struct: $NpcSettings_BuzzyBeetle
Creating struct: $AISettings_BuzzyBeetle
Creating struct: $Script_NpcAI_BuzzyBeetle
Creating struct: $AISettings_Koopatrol
Creating struct: $Script_NpcAI_Koopatrol
Creating struct: $NpcSettings_Koopatrol
Creating struct: $AISettings_Spiny
Creating struct: $Script_NpcAI_Spiny
Creating struct: $NpcSettings_Spiny
Creating struct: $AISettings_BonyBeetle
Creating struct: $Script_NpcAI_BonyBeetle
Creating struct: $NpcSettings_BonyBeetle
Creating struct: $Function_DoAI_ShellEnemy
Creating struct: $Function_Koopa_80240000
Creating struct: $Function_Koopa_8024007C
Creating struct: $Function_Koopa_802401B0
Creating struct: $Function_Koopa_80240314
Creating struct: $NpcSettings_Bubble
Creating struct: $Script_NpcAI_Bubble
Creating struct: $AISettings_Bubble
Creating struct: $JumpTable_NEW130A8
Creating struct: $JumpTable_NEW130F0
Creating struct: $Function_NEW10000
Creating struct: $Function_NEW10348
Creating struct: $Function_NEW1040C
Creating struct: $Function_NEW10530
Creating struct: $Function_NEW10720
Creating struct: $Function_NEW107F4
Creating struct: $Function_NEW10820
Creating struct: $Function_NEW109D0
Creating struct: $Function_NEW10FF8
Creating struct: $Function_NEW110B8
Creating struct: $Function_NEW113FC
Creating struct: $Function_NEW11474
Creating struct: $Function_NEW114E0
Creating struct: $Function_NEW11614
Creating struct: $Function_NEW11678
Creating struct: $Function_NEW11A08
Creating struct: $Function_NEW11B2C
Creating struct: $Function_NEW11D18
Creating struct: $Function_NEW11E48
Creating struct: $Function_NEW120C8
Creating struct: $Function_NEW12124
Creating struct: $???_NEW123E0
Creating struct: $FloatTable_NEW12930
Creating struct: $FloatTable_NEW12B90
Creating struct: $Header
Creating struct: $Function_GetTattle
Creating struct: $EntryList
Creating struct: $Script_Main
Creating struct: $Script_SetupLightBlocks
Creating struct: $LavaResetList
Creating struct: $Function_Init
Creating struct: $Script_MakeEntities
Creating struct: $Script_BossSwitch
Creating struct: $Script_SetupMusic
Creating struct: $Script_EnterMap
Creating struct: $Script_Exit0
Creating struct: $Script_CreateExitTriggers
Creating struct: $NpcGroupList
Creating struct: $NpcGroup_Ztar1
Creating struct: $NpcGroup_Ztar2
Creating struct: $NpcSettings_Guy
Creating struct: $NpcGroup_Boss
Creating struct: $Script_Idle_Boss
Creating struct: $Script_Init_Boss
Creating struct: $Script_Defeat
Merged 1 regions to 1
$Function_NEW109D0 will be placed at 80240000 (length = 638 bytes)
$Function_DoAI_ShellEnemy will be placed at 80240638 (length = 440 bytes)
$Function_NEW11678 will be placed at 80240A78 (length = 390 bytes)
$Function_NEW10000 will be placed at 80240E08 (length = 350 bytes)
$Function_NEW110B8 will be placed at 80241158 (length = 344 bytes)
$Function_Fuzzy_80240230 will be placed at 8024149C (length = 340 bytes)
$Function_Fuzzy_802408AC will be placed at 802417DC (length = 300 bytes)
$Function_NEW11E48 will be placed at 80241ADC (length = 288 bytes)
$Function_Fuzzy_80240000 will be placed at 80241D64 (length = 230 bytes)
$Function_Fuzzy_80240BF0 will be placed at 80241F94 (length = 224 bytes)
$NpcGroup_Boss will be placed at 802421B8 (length = 1F0 bytes)
$NpcGroup_Ztar1 will be placed at 802423A8 (length = 1F0 bytes)
$NpcGroup_Ztar2 will be placed at 80242598 (length = 1F0 bytes)
$Function_NEW11B2C will be placed at 80242788 (length = 1EC bytes)
$Function_NEW12124 will be placed at 80242974 (length = 1E8 bytes)
$Function_NEW10530 will be placed at 80242B5C (length = 1E8 bytes)
$Function_NEW10820 will be placed at 80242D44 (length = 1B8 bytes)
$Function_Fuzzy_80240628 will be placed at 80242EFC (length = 1A4 bytes)
$Function_Koopa_802401B0 will be placed at 802430A0 (length = 164 bytes)
$Function_Koopa_8024007C will be placed at 80243204 (length = 13C bytes)
$Function_NEW114E0 will be placed at 80243340 (length = 134 bytes)
$Function_NEW11D18 will be placed at 80243474 (length = 130 bytes)
$Function_NEW11A08 will be placed at 802435A4 (length = 124 bytes)
$Function_NEW1040C will be placed at 802436C8 (length = 124 bytes)
$MapTattle will be placed at 802437EC (length = 104 bytes)
$Function_Fuzzy_802407CC will be placed at 802438F0 (length = E0 bytes)
$Function_NEW10720 will be placed at 802439D0 (length = D4 bytes)
$Script_LightBlocks will be placed at 80243AA4 (length = C8 bytes)
$Function_NEW10348 will be placed at 80243B6C (length = C4 bytes)
$Function_Fuzzy_80240568 will be placed at 80243C30 (length = C0 bytes)
$Function_NEW10FF8 will be placed at 80243CF0 (length = C0 bytes)
$Script_Main will be placed at 80243DB0 (length = AC bytes)
$Function_Koopa_80240314 will be placed at 80243E5C (length = 80 bytes)
$Function_Koopa_80240000 will be placed at 80243EDC (length = 7C bytes)
$Function_NEW113FC will be placed at 80243F58 (length = 78 bytes)
$FloatTable_NEW12930 will be placed at 80243FD0 (length = 70 bytes)
$Function_NEW11474 will be placed at 80244040 (length = 6C bytes)
$Function_NEW11614 will be placed at 802440AC (length = 64 bytes)
$Script_SetupLightBlocks will be placed at 80244110 (length = 60 bytes)
$Function_NEW120C8 will be placed at 80244170 (length = 5C bytes)
$Script_NpcAI_Koopa will be placed at 802441CC (length = 54 bytes)
$Script_NpcAI_Koopatrol will be placed at 80244220 (length = 54 bytes)
$Script_NpcAI_Spiny will be placed at 80244274 (length = 54 bytes)
$JumpTable_Koopa_80245CF8 will be placed at 802442C8 (length = 54 bytes)
$JumpTable_NEW130F0 will be placed at 8024431C (length = 54 bytes)
$Script_NpcAI_Bubble will be placed at 80244370 (length = 54 bytes)
$Script_NpcAI_BonyBeetle will be placed at 802443C4 (length = 54 bytes)
$Script_NpcAI_BuzzyBeetle will be placed at 80244418 (length = 54 bytes)
$Script_Defeat will be placed at 8024446C (length = 50 bytes)
$Script_Exit0 will be placed at 802444BC (length = 4C bytes)
$Script_EnterMap will be placed at 80244508 (length = 48 bytes)
$Script_Idle_Boss will be placed at 80244550 (length = 48 bytes)
$Function_Fuzzy_80240BAC will be placed at 80244598 (length = 44 bytes)
$LavaResetList will be placed at 802445DC (length = 44 bytes)
$Header will be placed at 80244620 (length = 40 bytes)
$CheckWatt will be placed at 80244660 (length = 3C bytes)
$JumpTable_Fuzzy_802423B8 will be placed at 8024469C (length = 3C bytes)
$JumpTable_NEW130A8 will be placed at 802446D8 (length = 3C bytes)
$Script_MakeEntities will be placed at 80244714 (length = 34 bytes)
$AISettings_Spiny will be placed at 80244748 (length = 30 bytes)
$AISettings_BonyBeetle will be placed at 80244778 (length = 30 bytes)
$AISettings_BuzzyBeetle will be placed at 802447A8 (length = 30 bytes)
$AISettings_Koopa_802427BC will be placed at 802447D8 (length = 30 bytes)
$AISettings_Bubble will be placed at 80244808 (length = 30 bytes)
$AISettings_Koopatrol will be placed at 80244838 (length = 30 bytes)
$NpcGroupList will be placed at 80244868 (length = 30 bytes)
$AISettings_Fuzzy_802413E0 will be placed at 80244898 (length = 30 bytes)
$AISettings_Goomba will be placed at 802448C8 (length = 30 bytes)
$NpcSettings_Koopatrol will be placed at 802448F8 (length = 2C bytes)
$Function_NEW107F4 will be placed at 80244924 (length = 2C bytes)
$NpcSettings_Spiny will be placed at 80244950 (length = 2C bytes)
$Script_NpcAI_Fuzzy will be placed at 8024497C (length = 2C bytes)
$NpcSettings_Fuzzy will be placed at 802449A8 (length = 2C bytes)
$NpcSettings_Bubble will be placed at 802449D4 (length = 2C bytes)
$NpcSettings_BonyBeetle will be placed at 80244A00 (length = 2C bytes)
$NpcSettings_Koopa will be placed at 80244A2C (length = 2C bytes)
$NpcSettings_BuzzyBeetle will be placed at 80244A58 (length = 2C bytes)
$Function_Init will be placed at 80244A84 (length = 2C bytes)
$NpcSettings_Guy will be placed at 80244AB0 (length = 2C bytes)
$NpcSettings_Goomba will be placed at 80244ADC (length = 2C bytes)
$Script_Init_Boss will be placed at 80244B08 (length = 28 bytes)
$Script_SetupMusic will be placed at 80244B30 (length = 20 bytes)
$Script_CreateExitTriggers will be placed at 80244B50 (length = 20 bytes)
$FloatTable_NEW12B90 will be placed at 80244B70 (length = 18 bytes)
$Script_GoombaAI will be placed at 80244B88 (length = 14 bytes)
$Function_GetTattle will be placed at 80244B9C (length = 14 bytes)
$Script_BossSwitch will be placed at 80244BB0 (length = 14 bytes)
$EntryList will be placed at 80244BC4 (length = 10 bytes)
$ASCII_"tem_09"_Literal will be placed at 80244BD4 (length = C bytes)
$ASCII_"kpa_tex"_Literal will be placed at 80244BE0 (length = 8 bytes)
$???_NEW123E0 will be placed at 80244BE8 (length = 4 bytes)
Executing patches for: dro_01
Reading patch file: map/patch/dry dry desert and outpost/dro_01.mpat
Reading patch for $ShopInventory_8024B4FC
Reading patch for $Script_8024B7B0
Reading patch for $Script_Interact_802498E8
Reading patch for $Script_802468F8
Reading patch for $Function_80241DF8 (9C)
Creating struct: $Function_IsNextQuestionAvailable
Reading patch for $QuizRequirements
Reading patch for $QuizAnswers
Merged 14 regions to 13
$Function_IsNextQuestionAvailable will be placed at 80247534 (length = 80 bytes)
Executing patches for: dro_02
Reading patch file: map/patch/dry dry desert and outpost/dro_02.mpat
Reading patch for $ByteTable_802475DC
Reading patch for $ByteTable_802475E0
Reading patch for $Script_MakeEntities
Creating struct: $Script_SignPostA
Creating struct: $Script_SignPostB
Reading patch for $Function_80241394
Reading patch for $Script_802482F8
Reading patch for $Script_80246520
Reading patch for $Function_80240C88 (9C)
Creating struct: $Function_IsNextQuestionAvailable
Reading patch for $QuizRequirements
Reading patch for $QuizAnswers
Merged 13 regions to 11
$SpellInfo will be placed at 8024EF80 (length = 21C bytes)
$Script_SignPostB will be placed at 8024715C (length = D8 bytes)
$Script_SignPostA will be placed at 8024F19C (length = D8 bytes)
$SpellInfo2 will be placed at 8024F274 (length = BC bytes)
$Script_MakeEntities will be placed at 8024F330 (length = B0 bytes)
$Function_IsNextQuestionAvailable will be placed at 8024F3E0 (length = 80 bytes)
$Choices will be placed at 80243BC8 (length = 78 bytes)
$Attack will be placed at 8024146C (length = 10 bytes)
$Defense will be placed at 80247234 (length = 10 bytes)
Changing pointer 8024EFC0 to 8024F4A0 ($End[40])
Changing pointer 8024EFC4 to 8024F4A4 ($End[44])
Changing pointer 8024EFC8 to 8024F4A8 ($End[48])
Changing pointer 8024EFC0 to 8024F4A0 ($End[40])
Changing pointer 8024EFB8 to 8024F498 ($End[38])
Changing pointer 8024F248 to 8024F728 ($End[2C8])
Changing pointer 8024F248 to 8024F728 ($End[2C8])
Changing pointer 8024F248 to 8024F728 ($End[2C8])
Changing pointer 8024F080 to 8024F560 ($End[100])
Changing pointer 8024F080 to 8024F560 ($End[100])
Changing pointer 8024F080 to 8024F560 ($End[100])
Changing pointer 8024EFC8 to 8024F4A8 ($End[48])
Changing pointer 8024F010 to 8024F4F0 ($End[90])
Changing pointer 8024EFCC to 8024F4AC ($End[4C])
Changing pointer 8024F010 to 8024F4F0 ($End[90])
Changing pointer 8024EFCC to 8024F4AC ($End[4C])
Changing pointer 8024EFCC to 8024F4AC ($End[4C])
Changing pointer 8024F010 to 8024F4F0 ($End[90])
Changing pointer 8024EFA0 to 8024F480 ($End[20])
Changing pointer 8024EFC4 to 8024F4A4 ($End[44])
Changing pointer 8024EFC8 to 8024F4A8 ($End[48])
Changing pointer 8024EFC0 to 8024F4A0 ($End[40])
Changing pointer 8024EFA0 to 8024F480 ($End[20])
Changing pointer 8024EFC8 to 8024F4A8 ($End[48])
Changing pointer 8024EFCC to 8024F4AC ($End[4C])
Changing pointer 8024F010 to 8024F4F0 ($End[90])
Changing pointer 8024F010 to 8024F4F0 ($End[90])
Changing pointer 8024EFCC to 8024F4AC ($End[4C])
Changing pointer 8024F3B8 to 8024F898 ($End[438])
Changing pointer 8024EFCC to 8024F4AC ($End[4C])
Changing pointer 8024EFC0 to 8024F4A0 ($End[40])
Changing pointer 8024EFC0 to 8024F4A0 ($End[40])
Changing pointer 8024EFCC to 8024F4AC ($End[4C])
Changing pointer 8024EFCC to 8024F4AC ($End[4C])
Changing pointer 8024EF88 to 8024F468 ($End[8])
Changing pointer 8024F010 to 8024F4F0 ($End[90])
Changing pointer 8024F010 to 8024F4F0 ($End[90])
Changing pointer 8024EF88 to 8024F468 ($End[8])
Changing pointer 8024EFCC to 8024F4AC ($End[4C])
Changing pointer 8024F010 to 8024F4F0 ($End[90])
Changing pointer 8024F010 to 8024F4F0 ($End[90])
Changing pointer 8024EF88 to 8024F468 ($End[8])
Changing pointer 8024EFCC to 8024F4AC ($End[4C])
Changing pointer 8024EF88 to 8024F468 ($End[8])
Changing pointer 8024F010 to 8024F4F0 ($End[90])
Changing pointer 8024EFCC to 8024F4AC ($End[4C])
Changing pointer 8024F010 to 8024F4F0 ($End[90])
Changing pointer 8024EF88 to 8024F468 ($End[8])
Changing pointer 8024EFCC to 8024F4AC ($End[4C])
Changing pointer 8024F010 to 8024F4F0 ($End[90])
Changing pointer 8024EF88 to 8024F468 ($End[8])
Changing pointer 8024EFCC to 8024F4AC ($End[4C])
Changing pointer 8024F010 to 8024F4F0 ($End[90])
Changing pointer 8024EF88 to 8024F468 ($End[8])
Changing pointer 8024EFCC to 8024F4AC ($End[4C])
Changing pointer 8024F010 to 8024F4F0 ($End[90])
Changing pointer 8024EF88 to 8024F468 ($End[8])
Changing pointer 8024EFCC to 8024F4AC ($End[4C])
Changing pointer 8024F010 to 8024F4F0 ($End[90])
Changing pointer 8024EF88 to 8024F468 ($End[8])
Changing pointer 8024EFCC to 8024F4AC ($End[4C])
Changing pointer 8024F010 to 8024F4F0 ($End[90])
Changing pointer 8024EF90 to 8024F470 ($End[10])
Changing pointer 8024F010 to 8024F4F0 ($End[90])
Changing pointer 8024EFCC to 8024F4AC ($End[4C])
Changing pointer 8024EF88 to 8024F468 ($End[8])
Changing pointer 8024EF80 to 8024F460 ($End[0])
Changing pointer 8024EF84 to 8024F464 ($End[4])
Changing pointer 8024EF90 to 8024F470 ($End[10])
Changing pointer 8024F010 to 8024F4F0 ($End[90])
Changing pointer 8024EF80 to 8024F460 ($End[0])
Changing pointer 8024EF84 to 8024F464 ($End[4])
Changing pointer 8024EF88 to 8024F468 ($End[8])
Changing pointer 8024EFCC to 8024F4AC ($End[4C])
Changing pointer 8024EF90 to 8024F470 ($End[10])
Changing pointer 8024EFC8 to 8024F4A8 ($End[48])
Changing pointer 8024F3B8 to 8024F898 ($End[438])
Changing pointer 80243BD0 to 8024F330 ($Script_MakeEntities[0])
Changing pointer 8024EFA8 to 8024F488 ($End[28])
Changing pointer 8024EFD0 to 8024F4B0 ($End[50])
Changing pointer 8024F080 to 8024F560 ($End[100])
Changing pointer 8024F248 to 8024F728 ($End[2C8])
Changing pointer 8024F080 to 8024F560 ($End[100])
Executing patches for: sbk_01
Reading patch file: map/patch/dry dry desert and outpost/sbk_01.mpat
Reading patch for $EntryList
Reading patch for $NpcGroup_802403F8
Reading patch for $NpcGroup_802405E8
Merged 6 regions to 5
Executing patches for: sbk_02
Reading patch file: map/patch/dry dry desert and outpost/sbk_02.mpat
Reading patch for $Script_MakeEntities
Reading patch for $Script_Interact_80244DA8
Merged 9 regions to 7
$Script_MakeEntities will be placed at 80245070 (length = 6C bytes)
Changing pointer 80245580 to 80245070 ($Script_MakeEntities[0])
Executing patches for: sbk_03
Reading patch file: map/patch/dry dry desert and outpost/sbk_03.mpat
Reading patch for $EntryList
Reading patch for $Header
Reading patch for $NpcGroup_802409C8
Reading patch for $NpcGroup_802407D8
Reading patch for $NpcGroup_802405E8
Reading patch for $Script_802401F4
Creating struct: $Script_Entry4
Merged 8 regions to 6
$Script_802401F4 will be placed at 80240C18 (length = 68 bytes)
$EntryList will be placed at 802401F4 (length = 50 bytes)
$Script_Entry4 will be placed at 80240054 (length = 40 bytes)
$ASCII_"arn_22"_Literal will be placed at 80240BF4 (length = C bytes)
Changing pointer 80240060 to 802401F4 ($EntryList[0])
Changing pointer 802401F4 to 80240C18 ($Script_802401F4[0])
Executing patches for: sbk_11
Reading patch file: map/patch/dry dry desert and outpost/sbk_11.mpat
Reading patch for $EntryList
Merged 5 regions to 5
Executing patches for: sbk_14
Reading patch file: map/patch/dry dry desert and outpost/sbk_14.mpat
Reading patch for $EntryList
Reading patch for $Script_MakeEntities
Merged 6 regions to 4
Executing patches for: sbk_20
Reading patch file: map/patch/dry dry desert and outpost/sbk_20.mpat
Reading patch for $Script_80240460
Reading patch for $Script_MakeEntities
Merged 8 regions to 6
Executing patches for: sbk_22
Reading patch file: map/patch/dry dry desert and outpost/sbk_22.mpat
Reading patch for $Script_MakeEntities
Reading patch for $EntryList
Reading patch for $NpcGroup_802408D8
Reading patch for $NpcGroup_80240AC8
Merged 6 regions to 5
Executing patches for: sbk_23
Reading patch file: map/patch/dry dry desert and outpost/sbk_23.mpat
Reading patch for $TweesterPath_802403C0
Reading patch for $Script_MakeEntities
Reading patch for $EntryList
Merged 6 regions to 4
$Script_MakeEntities will be placed at 802404C8 (length = 58 bytes)
Changing pointer 8024044C to 802404C8 ($Script_MakeEntities[0])
Executing patches for: sbk_24
Reading patch file: map/patch/dry dry desert and outpost/sbk_24.mpat
Reading patch file: map/import/Pit_AI.mpat
Creating struct: $NpcSettings_Goomba
Creating struct: $NpcSettings_Koopa
Creating struct: $NpcSettings_Fuzzy
Creating struct: $Script_NpcAI_Fuzzy
Creating struct: $Script_GoombaAI
Creating struct: $AISettings_Goomba
Creating struct: $AISettings_Fuzzy_802413E0
Creating struct: $JumpTable_Fuzzy_802423B8
Creating struct: $Function_Fuzzy_80240000
Creating struct: $Function_Fuzzy_80240230
Creating struct: $Function_Fuzzy_80240568
Creating struct: $Function_Fuzzy_80240628
Creating struct: $Function_Fuzzy_802407CC
Creating struct: $Function_Fuzzy_802408AC
Creating struct: $Function_Fuzzy_80240BAC
Creating struct: $Function_Fuzzy_80240BF0
Creating struct: $JumpTable_Koopa_80245CF8
Creating struct: $Script_NpcAI_Koopa
Creating struct: $AISettings_Koopa_802427BC
Creating struct: $NpcSettings_BuzzyBeetle
Creating struct: $AISettings_BuzzyBeetle
Creating struct: $Script_NpcAI_BuzzyBeetle
Creating struct: $AISettings_Koopatrol
Creating struct: $Script_NpcAI_Koopatrol
Creating struct: $NpcSettings_Koopatrol
Creating struct: $AISettings_Spiny
Creating struct: $Script_NpcAI_Spiny
Creating struct: $NpcSettings_Spiny
Creating struct: $AISettings_BonyBeetle
Creating struct: $Script_NpcAI_BonyBeetle
Creating struct: $NpcSettings_BonyBeetle
Creating struct: $Function_DoAI_ShellEnemy
Creating struct: $Function_Koopa_80240000
Creating struct: $Function_Koopa_8024007C
Creating struct: $Function_Koopa_802401B0
Creating struct: $Function_Koopa_80240314
Creating struct: $NpcSettings_Bubble
Creating struct: $Script_NpcAI_Bubble
Creating struct: $AISettings_Bubble
Creating struct: $JumpTable_NEW130A8
Creating struct: $JumpTable_NEW130F0
Creating struct: $Function_NEW10000
Creating struct: $Function_NEW10348
Creating struct: $Function_NEW1040C
Creating struct: $Function_NEW10530
Creating struct: $Function_NEW10720
Creating struct: $Function_NEW107F4
Creating struct: $Function_NEW10820
Creating struct: $Function_NEW109D0
Creating struct: $Function_NEW10FF8
Creating struct: $Function_NEW110B8
Creating struct: $Function_NEW113FC
Creating struct: $Function_NEW11474
Creating struct: $Function_NEW114E0
Creating struct: $Function_NEW11614
Creating struct: $Function_NEW11678
Creating struct: $Function_NEW11A08
Creating struct: $Function_NEW11B2C
Creating struct: $Function_NEW11D18
Creating struct: $Function_NEW11E48
Creating struct: $Function_NEW120C8
Creating struct: $Function_NEW12124
Creating struct: $???_NEW123E0
Creating struct: $FloatTable_NEW12930
Creating struct: $FloatTable_NEW12B90
Reading patch for $EntryList
Reading patch for $Script_MakeEntities
Reading patch for $Script_Main
Creating struct: $NpcGroupList_Enemies
Creating struct: $NpcGroup_Bubble1
Creating struct: $NpcGroup_Bubble2
Merged 8 regions to 6
$Function_NEW109D0 will be placed at 80241650 (length = 638 bytes)
$Function_DoAI_ShellEnemy will be placed at 80241C88 (length = 440 bytes)
$Function_NEW11678 will be placed at 802420C8 (length = 390 bytes)
$Function_NEW10000 will be placed at 80242458 (length = 350 bytes)
$Function_NEW110B8 will be placed at 802427A8 (length = 344 bytes)
$Function_Fuzzy_80240230 will be placed at 80242AEC (length = 340 bytes)
$Function_Fuzzy_802408AC will be placed at 80242E2C (length = 300 bytes)
$Function_NEW11E48 will be placed at 8024312C (length = 288 bytes)
$Function_Fuzzy_80240000 will be placed at 802433B4 (length = 230 bytes)
$Function_Fuzzy_80240BF0 will be placed at 802435E4 (length = 224 bytes)
$NpcGroup_Bubble1 will be placed at 80243808 (length = 1F0 bytes)
$NpcGroup_Bubble2 will be placed at 802439F8 (length = 1F0 bytes)
$Function_NEW11B2C will be placed at 80243BE8 (length = 1EC bytes)
$Function_NEW12124 will be placed at 80243DD4 (length = 1E8 bytes)
$Function_NEW10530 will be placed at 80243FBC (length = 1E8 bytes)
$Function_NEW10820 will be placed at 802441A4 (length = 1B8 bytes)
$Function_Fuzzy_80240628 will be placed at 8024435C (length = 1A4 bytes)
$Function_Koopa_802401B0 will be placed at 80244500 (length = 164 bytes)
$Function_Koopa_8024007C will be placed at 80244664 (length = 13C bytes)
$Function_NEW114E0 will be placed at 802447A0 (length = 134 bytes)
$Function_NEW11D18 will be placed at 802448D4 (length = 130 bytes)
$Function_NEW11A08 will be placed at 80244A04 (length = 124 bytes)
$Function_NEW1040C will be placed at 80244B28 (length = 124 bytes)
$Function_Fuzzy_802407CC will be placed at 80244C4C (length = E0 bytes)
$Function_NEW10720 will be placed at 80244D2C (length = D4 bytes)
$Function_NEW10348 will be placed at 80244E00 (length = C4 bytes)
$Function_Fuzzy_80240568 will be placed at 80244EC4 (length = C0 bytes)
$Function_NEW10FF8 will be placed at 80244F84 (length = C0 bytes)
$Function_Koopa_80240314 will be placed at 80245044 (length = 80 bytes)
$Function_Koopa_80240000 will be placed at 802450C4 (length = 7C bytes)
$Function_NEW113FC will be placed at 80245140 (length = 78 bytes)
$FloatTable_NEW12930 will be placed at 802451B8 (length = 70 bytes)
$Function_NEW11474 will be placed at 80245228 (length = 6C bytes)
$Function_NEW11614 will be placed at 80245294 (length = 64 bytes)
$Function_NEW120C8 will be placed at 802452F8 (length = 5C bytes)
$Script_NpcAI_Spiny will be placed at 80245354 (length = 54 bytes)
$JumpTable_Koopa_80245CF8 will be placed at 802453A8 (length = 54 bytes)
$JumpTable_NEW130F0 will be placed at 802453FC (length = 54 bytes)
$Script_NpcAI_BonyBeetle will be placed at 80245450 (length = 54 bytes)
$Script_NpcAI_BuzzyBeetle will be placed at 802454A4 (length = 54 bytes)
$Script_NpcAI_Koopa will be placed at 802454F8 (length = 54 bytes)
$Script_NpcAI_Koopatrol will be placed at 8024554C (length = 54 bytes)
$Script_NpcAI_Bubble will be placed at 802455A0 (length = 54 bytes)
$Function_Fuzzy_80240BAC will be placed at 802455F4 (length = 44 bytes)
$JumpTable_Fuzzy_802423B8 will be placed at 80240750 (length = 3C bytes)
$JumpTable_NEW130A8 will be placed at 80245638 (length = 3C bytes)
$AISettings_Spiny will be placed at 80245674 (length = 30 bytes)
$AISettings_BonyBeetle will be placed at 802456A4 (length = 30 bytes)
$AISettings_BuzzyBeetle will be placed at 802456D4 (length = 30 bytes)
$AISettings_Koopa_802427BC will be placed at 80245704 (length = 30 bytes)
$AISettings_Bubble will be placed at 80245734 (length = 30 bytes)
$AISettings_Koopatrol will be placed at 80245764 (length = 30 bytes)
$AISettings_Fuzzy_802413E0 will be placed at 80245794 (length = 30 bytes)
$AISettings_Goomba will be placed at 802457C4 (length = 30 bytes)
$Function_NEW107F4 will be placed at 802457F4 (length = 2C bytes)
$Script_NpcAI_Fuzzy will be placed at 80245820 (length = 2C bytes)
$NpcSettings_Fuzzy will be placed at 8024584C (length = 2C bytes)
$NpcSettings_Bubble will be placed at 80245878 (length = 2C bytes)
$NpcSettings_Koopa will be placed at 802458A4 (length = 2C bytes)
$NpcSettings_Koopatrol will be placed at 802458D0 (length = 2C bytes)
$NpcSettings_Spiny will be placed at 802458FC (length = 2C bytes)
$NpcSettings_BonyBeetle will be placed at 80245928 (length = 2C bytes)
$NpcSettings_BuzzyBeetle will be placed at 80245954 (length = 2C bytes)
$NpcSettings_Goomba will be placed at 80245980 (length = 2C bytes)
$NpcGroupList_Enemies will be placed at 802459AC (length = 24 bytes)
$FloatTable_NEW12B90 will be placed at 80240B28 (length = 18 bytes)
$Script_GoombaAI will be placed at 802459D0 (length = 14 bytes)
$???_NEW123E0 will be placed at 8024037C (length = 4 bytes)
Executing patches for: sbk_25
Reading patch file: map/patch/dry dry desert and outpost/sbk_25.mpat
Reading patch file: map/import/Pit_AI.mpat
Creating struct: $NpcSettings_Goomba
Creating struct: $NpcSettings_Koopa
Creating struct: $NpcSettings_Fuzzy
Creating struct: $Script_NpcAI_Fuzzy
Creating struct: $Script_GoombaAI
Creating struct: $AISettings_Goomba
Creating struct: $AISettings_Fuzzy_802413E0
Creating struct: $JumpTable_Fuzzy_802423B8
Creating struct: $Function_Fuzzy_80240000
Creating struct: $Function_Fuzzy_80240230
Creating struct: $Function_Fuzzy_80240568
Creating struct: $Function_Fuzzy_80240628
Creating struct: $Function_Fuzzy_802407CC
Creating struct: $Function_Fuzzy_802408AC
Creating struct: $Function_Fuzzy_80240BAC
Creating struct: $Function_Fuzzy_80240BF0
Creating struct: $JumpTable_Koopa_80245CF8
Creating struct: $Script_NpcAI_Koopa
Creating struct: $AISettings_Koopa_802427BC
Creating struct: $NpcSettings_BuzzyBeetle
Creating struct: $AISettings_BuzzyBeetle
Creating struct: $Script_NpcAI_BuzzyBeetle
Creating struct: $AISettings_Koopatrol
Creating struct: $Script_NpcAI_Koopatrol
Creating struct: $NpcSettings_Koopatrol
Creating struct: $AISettings_Spiny
Creating struct: $Script_NpcAI_Spiny
Creating struct: $NpcSettings_Spiny
Creating struct: $AISettings_BonyBeetle
Creating struct: $Script_NpcAI_BonyBeetle
Creating struct: $NpcSettings_BonyBeetle
Creating struct: $Function_DoAI_ShellEnemy
Creating struct: $Function_Koopa_80240000
Creating struct: $Function_Koopa_8024007C
Creating struct: $Function_Koopa_802401B0
Creating struct: $Function_Koopa_80240314
Creating struct: $NpcSettings_Bubble
Creating struct: $Script_NpcAI_Bubble
Creating struct: $AISettings_Bubble
Creating struct: $JumpTable_NEW130A8
Creating struct: $JumpTable_NEW130F0
Creating struct: $Function_NEW10000
Creating struct: $Function_NEW10348
Creating struct: $Function_NEW1040C
Creating struct: $Function_NEW10530
Creating struct: $Function_NEW10720
Creating struct: $Function_NEW107F4
Creating struct: $Function_NEW10820
Creating struct: $Function_NEW109D0
Creating struct: $Function_NEW10FF8
Creating struct: $Function_NEW110B8
Creating struct: $Function_NEW113FC
Creating struct: $Function_NEW11474
Creating struct: $Function_NEW114E0
Creating struct: $Function_NEW11614
Creating struct: $Function_NEW11678
Creating struct: $Function_NEW11A08
Creating struct: $Function_NEW11B2C
Creating struct: $Function_NEW11D18
Creating struct: $Function_NEW11E48
Creating struct: $Function_NEW120C8
Creating struct: $Function_NEW12124
Creating struct: $???_NEW123E0
Creating struct: $FloatTable_NEW12930
Creating struct: $FloatTable_NEW12B90
Reading patch for $EntryList
Reading patch for $Script_MakeEntities
Reading patch for $NpcGroupList_80240E60
Creating struct: $NpcGroup_Bubble1
Merged 9 regions to 7
$Function_NEW109D0 will be placed at 80241A50 (length = 638 bytes)
$Function_DoAI_ShellEnemy will be placed at 80242088 (length = 440 bytes)
$Function_NEW11678 will be placed at 802424C8 (length = 390 bytes)
$Function_NEW10000 will be placed at 80242858 (length = 350 bytes)
$Function_NEW110B8 will be placed at 80242BA8 (length = 344 bytes)
$Function_Fuzzy_80240230 will be placed at 80242EEC (length = 340 bytes)
$Function_Fuzzy_802408AC will be placed at 8024322C (length = 300 bytes)
$Function_NEW11E48 will be placed at 8024352C (length = 288 bytes)
$Function_Fuzzy_80240000 will be placed at 802437B4 (length = 230 bytes)
$Function_Fuzzy_80240BF0 will be placed at 802439E4 (length = 224 bytes)
$NpcGroup_Bubble1 will be placed at 80243C08 (length = 1F0 bytes)
$Function_NEW11B2C will be placed at 80243DF8 (length = 1EC bytes)
$Function_NEW12124 will be placed at 80243FE4 (length = 1E8 bytes)
$Function_NEW10530 will be placed at 802441CC (length = 1E8 bytes)
$Function_NEW10820 will be placed at 802443B4 (length = 1B8 bytes)
$Function_Fuzzy_80240628 will be placed at 8024456C (length = 1A4 bytes)
$Function_Koopa_802401B0 will be placed at 80244710 (length = 164 bytes)
$Function_Koopa_8024007C will be placed at 80244874 (length = 13C bytes)
$Function_NEW114E0 will be placed at 802449B0 (length = 134 bytes)
$Function_NEW11D18 will be placed at 80244AE4 (length = 130 bytes)
$Function_NEW11A08 will be placed at 80244C14 (length = 124 bytes)
$Function_NEW1040C will be placed at 80244D38 (length = 124 bytes)
$Function_Fuzzy_802407CC will be placed at 80244E5C (length = E0 bytes)
$Function_NEW10720 will be placed at 80244F3C (length = D4 bytes)
$Function_NEW10348 will be placed at 80245010 (length = C4 bytes)
$Function_Fuzzy_80240568 will be placed at 802450D4 (length = C0 bytes)
$Function_NEW10FF8 will be placed at 80245194 (length = C0 bytes)
$Function_Koopa_80240314 will be placed at 80245254 (length = 80 bytes)
$Function_Koopa_80240000 will be placed at 802452D4 (length = 7C bytes)
$Function_NEW113FC will be placed at 80245350 (length = 78 bytes)
$FloatTable_NEW12930 will be placed at 802453C8 (length = 70 bytes)
$Function_NEW11474 will be placed at 80245438 (length = 6C bytes)
$Function_NEW11614 will be placed at 802454A4 (length = 64 bytes)
$Function_NEW120C8 will be placed at 80245508 (length = 5C bytes)
$Script_NpcAI_Spiny will be placed at 80245564 (length = 54 bytes)
$JumpTable_Koopa_80245CF8 will be placed at 802455B8 (length = 54 bytes)
$JumpTable_NEW130F0 will be placed at 8024560C (length = 54 bytes)
$Script_NpcAI_BonyBeetle will be placed at 80245660 (length = 54 bytes)
$Script_NpcAI_BuzzyBeetle will be placed at 802456B4 (length = 54 bytes)
$Script_NpcAI_Koopa will be placed at 80245708 (length = 54 bytes)
$Script_NpcAI_Koopatrol will be placed at 8024575C (length = 54 bytes)
$Script_NpcAI_Bubble will be placed at 802457B0 (length = 54 bytes)
$Function_Fuzzy_80240BAC will be placed at 80245804 (length = 44 bytes)
$JumpTable_Fuzzy_802423B8 will be placed at 80245848 (length = 3C bytes)
$JumpTable_NEW130A8 will be placed at 80245884 (length = 3C bytes)
$AISettings_Spiny will be placed at 80240E60 (length = 30 bytes)
$AISettings_BonyBeetle will be placed at 80241A00 (length = 30 bytes)
$AISettings_BuzzyBeetle will be placed at 802458C0 (length = 30 bytes)
$AISettings_Koopa_802427BC will be placed at 802458F0 (length = 30 bytes)
$AISettings_Bubble will be placed at 80245920 (length = 30 bytes)
$AISettings_Koopatrol will be placed at 80245950 (length = 30 bytes)
$AISettings_Fuzzy_802413E0 will be placed at 80245980 (length = 30 bytes)
$NpcGroupList_80240E60 will be placed at 802459B0 (length = 30 bytes)
$AISettings_Goomba will be placed at 802459E0 (length = 30 bytes)
$Function_NEW107F4 will be placed at 80245A10 (length = 2C bytes)
$Script_NpcAI_Fuzzy will be placed at 80245A3C (length = 2C bytes)
$NpcSettings_Fuzzy will be placed at 80245A68 (length = 2C bytes)
$NpcSettings_Bubble will be placed at 80245A94 (length = 2C bytes)
$NpcSettings_Koopa will be placed at 80245AC0 (length = 2C bytes)
$NpcSettings_Koopatrol will be placed at 80245AEC (length = 2C bytes)
$NpcSettings_Spiny will be placed at 80245B18 (length = 2C bytes)
$NpcSettings_BonyBeetle will be placed at 80245B44 (length = 2C bytes)
$NpcSettings_BuzzyBeetle will be placed at 80245B70 (length = 2C bytes)
$NpcSettings_Goomba will be placed at 80245B9C (length = 2C bytes)
$FloatTable_NEW12B90 will be placed at 80245BC8 (length = 18 bytes)
$Script_GoombaAI will be placed at 80245BE0 (length = 14 bytes)
$???_NEW123E0 will be placed at 8024037C (length = 4 bytes)
Changing pointer 80240E60 to 802459B0 ($NpcGroupList_80240E60[0])
Executing patches for: sbk_35
Reading patch file: map/patch/dry dry desert and outpost/sbk_35.mpat
Reading patch for $Script_Main_EnterWalk
Creating struct: $NpcGroup_Bandito1
Creating struct: $NpcGroup_Bandito2
Creating struct: $NpcGroup_Bandito3
Creating struct: $NpcGroup_Bandito4
Creating struct: $NpcGroup_BanditLeader
Creating struct: $NpcGroup_Bandit2
Creating struct: $NpcGroup_Bandit3
Creating struct: $AISettings_Bandito
Creating struct: $Script_NpcAI_Bandito
Creating struct: $NpcSettings_Bandito
Creating struct: $AISettings_BanditoElito
Creating struct: $Script_NpcAI_BanditoElito
Creating struct: $NpcSettings_BanditoElito
Reading patch for $NpcGroupList_80240C60
Creating struct: $NpcGroupList_NoLeader
Merged 7 regions to 6
$NpcGroup_Bandito1 will be placed at 802417B0 (length = 1F0 bytes)
$NpcGroup_BanditLeader will be placed at 802419A0 (length = 1F0 bytes)
$NpcGroup_Bandito3 will be placed at 80241B90 (length = 1F0 bytes)
$NpcGroup_Bandito2 will be placed at 80241D80 (length = 1F0 bytes)
$NpcGroup_Bandito4 will be placed at 80241F70 (length = 1F0 bytes)
$NpcGroup_Bandit3 will be placed at 80242160 (length = 1F0 bytes)
$NpcGroup_Bandit2 will be placed at 80242350 (length = 1F0 bytes)
$Script_Main_EnterWalk will be placed at 80242540 (length = 164 bytes)
$NpcGroupList_80240C60 will be placed at 802405F0 (length = 6C bytes)
$NpcGroupList_NoLeader will be placed at 802426A4 (length = 54 bytes)
$AISettings_BanditoElito will be placed at 8024065C (length = 30 bytes)
$AISettings_Bandito will be placed at 802426F8 (length = 30 bytes)
$NpcSettings_BanditoElito will be placed at 8024068C (length = 2C bytes)
$NpcSettings_Bandito will be placed at 80242728 (length = 2C bytes)
$Script_NpcAI_Bandito will be placed at 80240C60 (length = 14 bytes)
$Script_NpcAI_BanditoElito will be placed at 802406B8 (length = 14 bytes)
Changing pointer 802405F0 to 80242540 ($Script_Main_EnterWalk[0])
Changing pointer 80240C60 to 802405F0 ($NpcGroupList_80240C60[0])
Executing patches for: sbk_36
Reading patch file: map/patch/dry dry desert and outpost/sbk_36.mpat
Reading patch file: map/import/Pit_AI.mpat
Creating struct: $NpcSettings_Goomba
Creating struct: $NpcSettings_Koopa
Creating struct: $NpcSettings_Fuzzy
Creating struct: $Script_NpcAI_Fuzzy
Creating struct: $Script_GoombaAI
Creating struct: $AISettings_Goomba
Creating struct: $AISettings_Fuzzy_802413E0
Creating struct: $JumpTable_Fuzzy_802423B8
Creating struct: $Function_Fuzzy_80240000
Creating struct: $Function_Fuzzy_80240230
Creating struct: $Function_Fuzzy_80240568
Creating struct: $Function_Fuzzy_80240628
Creating struct: $Function_Fuzzy_802407CC
Creating struct: $Function_Fuzzy_802408AC
Creating struct: $Function_Fuzzy_80240BAC
Creating struct: $Function_Fuzzy_80240BF0
Creating struct: $JumpTable_Koopa_80245CF8
Creating struct: $Script_NpcAI_Koopa
Creating struct: $AISettings_Koopa_802427BC
Creating struct: $NpcSettings_BuzzyBeetle
Creating struct: $AISettings_BuzzyBeetle
Creating struct: $Script_NpcAI_BuzzyBeetle
Creating struct: $AISettings_Koopatrol
Creating struct: $Script_NpcAI_Koopatrol
Creating struct: $NpcSettings_Koopatrol
Creating struct: $AISettings_Spiny
Creating struct: $Script_NpcAI_Spiny
Creating struct: $NpcSettings_Spiny
Creating struct: $AISettings_BonyBeetle
Creating struct: $Script_NpcAI_BonyBeetle
Creating struct: $NpcSettings_BonyBeetle
Creating struct: $Function_DoAI_ShellEnemy
Creating struct: $Function_Koopa_80240000
Creating struct: $Function_Koopa_8024007C
Creating struct: $Function_Koopa_802401B0
Creating struct: $Function_Koopa_80240314
Creating struct: $NpcSettings_Bubble
Creating struct: $Script_NpcAI_Bubble
Creating struct: $AISettings_Bubble
Creating struct: $JumpTable_NEW130A8
Creating struct: $JumpTable_NEW130F0
Creating struct: $Function_NEW10000
Creating struct: $Function_NEW10348
Creating struct: $Function_NEW1040C
Creating struct: $Function_NEW10530
Creating struct: $Function_NEW10720
Creating struct: $Function_NEW107F4
Creating struct: $Function_NEW10820
Creating struct: $Function_NEW109D0
Creating struct: $Function_NEW10FF8
Creating struct: $Function_NEW110B8
Creating struct: $Function_NEW113FC
Creating struct: $Function_NEW11474
Creating struct: $Function_NEW114E0
Creating struct: $Function_NEW11614
Creating struct: $Function_NEW11678
Creating struct: $Function_NEW11A08
Creating struct: $Function_NEW11B2C
Creating struct: $Function_NEW11D18
Creating struct: $Function_NEW11E48
Creating struct: $Function_NEW120C8
Creating struct: $Function_NEW12124
Creating struct: $???_NEW123E0
Creating struct: $FloatTable_NEW12930
Creating struct: $FloatTable_NEW12B90
Reading patch for $EntryList
Reading patch for $Script_Main_EnterWalk
Creating struct: $NpcGroupList_Enemies
Creating struct: $NpcGroup_Bubble1
Creating struct: $NpcGroup_Bubble2
Merged 6 regions to 5
$Function_NEW109D0 will be placed at 80241540 (length = 638 bytes)
$Function_DoAI_ShellEnemy will be placed at 80241B78 (length = 440 bytes)
$Function_NEW11678 will be placed at 80241FB8 (length = 390 bytes)
$Function_NEW10000 will be placed at 80242348 (length = 350 bytes)
$Function_NEW110B8 will be placed at 80242698 (length = 344 bytes)
$Function_Fuzzy_80240230 will be placed at 802429DC (length = 340 bytes)
$Function_Fuzzy_802408AC will be placed at 80242D1C (length = 300 bytes)
$Function_NEW11E48 will be placed at 8024301C (length = 288 bytes)
$Function_Fuzzy_80240000 will be placed at 802432A4 (length = 230 bytes)
$Function_Fuzzy_80240BF0 will be placed at 802434D4 (length = 224 bytes)
$NpcGroup_Bubble1 will be placed at 802436F8 (length = 1F0 bytes)
$NpcGroup_Bubble2 will be placed at 802438E8 (length = 1F0 bytes)
$Function_NEW11B2C will be placed at 80243AD8 (length = 1EC bytes)
$Function_NEW12124 will be placed at 80243CC4 (length = 1E8 bytes)
$Function_NEW10530 will be placed at 80243EAC (length = 1E8 bytes)
$Function_NEW10820 will be placed at 80244094 (length = 1B8 bytes)
$Function_Fuzzy_80240628 will be placed at 8024424C (length = 1A4 bytes)
$Function_Koopa_802401B0 will be placed at 802443F0 (length = 164 bytes)
$Function_Koopa_8024007C will be placed at 80244554 (length = 13C bytes)
$Function_NEW114E0 will be placed at 80244690 (length = 134 bytes)
$Function_NEW11D18 will be placed at 802447C4 (length = 130 bytes)
$Function_NEW11A08 will be placed at 802448F4 (length = 124 bytes)
$Function_NEW1040C will be placed at 80244A18 (length = 124 bytes)
$Function_Fuzzy_802407CC will be placed at 80244B3C (length = E0 bytes)
$Function_NEW10720 will be placed at 80244C1C (length = D4 bytes)
$Function_NEW10348 will be placed at 80244CF0 (length = C4 bytes)
$Function_Fuzzy_80240568 will be placed at 80244DB4 (length = C0 bytes)
$Function_NEW10FF8 will be placed at 80244E74 (length = C0 bytes)
$Function_Koopa_80240314 will be placed at 80244F34 (length = 80 bytes)
$Function_Koopa_80240000 will be placed at 80244FB4 (length = 7C bytes)
$Function_NEW113FC will be placed at 80245030 (length = 78 bytes)
$FloatTable_NEW12930 will be placed at 802450A8 (length = 70 bytes)
$Function_NEW11474 will be placed at 80245118 (length = 6C bytes)
$Function_NEW11614 will be placed at 80245184 (length = 64 bytes)
$Function_NEW120C8 will be placed at 802451E8 (length = 5C bytes)
$Script_NpcAI_Spiny will be placed at 80245244 (length = 54 bytes)
$JumpTable_Koopa_80245CF8 will be placed at 80245298 (length = 54 bytes)
$JumpTable_NEW130F0 will be placed at 802452EC (length = 54 bytes)
$Script_NpcAI_BonyBeetle will be placed at 80245340 (length = 54 bytes)
$Script_NpcAI_BuzzyBeetle will be placed at 80245394 (length = 54 bytes)
$Script_NpcAI_Koopa will be placed at 802453E8 (length = 54 bytes)
$Script_NpcAI_Koopatrol will be placed at 8024543C (length = 54 bytes)
$Script_NpcAI_Bubble will be placed at 80245490 (length = 54 bytes)
$Function_Fuzzy_80240BAC will be placed at 802454E4 (length = 44 bytes)
$JumpTable_Fuzzy_802423B8 will be placed at 802405D4 (length = 3C bytes)
$JumpTable_NEW130A8 will be placed at 80245528 (length = 3C bytes)
$AISettings_Spiny will be placed at 80245564 (length = 30 bytes)
$AISettings_BonyBeetle will be placed at 80245594 (length = 30 bytes)
$AISettings_BuzzyBeetle will be placed at 802455C4 (length = 30 bytes)
$AISettings_Koopa_802427BC will be placed at 802455F4 (length = 30 bytes)
$AISettings_Bubble will be placed at 80245624 (length = 30 bytes)
$AISettings_Koopatrol will be placed at 80245654 (length = 30 bytes)
$AISettings_Fuzzy_802413E0 will be placed at 80245684 (length = 30 bytes)
$AISettings_Goomba will be placed at 802456B4 (length = 30 bytes)
$Function_NEW107F4 will be placed at 802456E4 (length = 2C bytes)
$Script_NpcAI_Fuzzy will be placed at 80245710 (length = 2C bytes)
$NpcSettings_Fuzzy will be placed at 8024573C (length = 2C bytes)
$NpcSettings_Bubble will be placed at 80245768 (length = 2C bytes)
$NpcSettings_Koopa will be placed at 80245794 (length = 2C bytes)
$NpcSettings_Koopatrol will be placed at 802457C0 (length = 2C bytes)
$NpcSettings_Spiny will be placed at 802457EC (length = 2C bytes)
$NpcSettings_BonyBeetle will be placed at 80245818 (length = 2C bytes)
$NpcSettings_BuzzyBeetle will be placed at 80245844 (length = 2C bytes)
$NpcSettings_Goomba will be placed at 80245870 (length = 2C bytes)
$NpcGroupList_Enemies will be placed at 8024589C (length = 24 bytes)
$FloatTable_NEW12B90 will be placed at 802458C0 (length = 18 bytes)
$Script_GoombaAI will be placed at 802458D8 (length = 14 bytes)
$???_NEW123E0 will be placed at 8024027C (length = 4 bytes)
Executing patches for: sbk_45
Reading patch file: map/patch/dry dry desert and outpost/sbk_45.mpat
Reading patch for $Script_MakeEntities
Reading patch for $EntryList
Merged 4 regions to 4
Executing patches for: sbk_46
Reading patch file: map/patch/dry dry desert and outpost/sbk_46.mpat
Reading patch file: map/import/TexturePanner.mpat
Creating struct: $TexturePanner:Script
Creating struct: $TexturePanner:SetTexturePanner_Function_A
Creating struct: $TexturePanner:SetTexturePanner_Function_B
Reading patch for $EntryList
Reading patch for $Script_Main_EnterWalk
Merged 9 regions to 7
$TexturePanner:SetTexturePanner_Function_B will be placed at 80241C68 (length = 1E8 bytes)
$Script_Main_EnterWalk will be placed at 80241E50 (length = 1B0 bytes)
$TexturePanner:SetTexturePanner_Function_A will be placed at 80240598 (length = 124 bytes)
$TexturePanner:Script will be placed at 80242000 (length = 64 bytes)
Changing pointer 80240598 to 80241E50 ($Script_Main_EnterWalk[0])
Executing patches for: sbk_56
Reading patch file: map/patch/dry dry desert and outpost/sbk_56.mpat
Reading patch for $Function_8024024C
Reading patch for $???_80241438
Reading patch for $???_80241448
Merged 8 regions to 6
$???_80241448 will be placed at 80241438 (length = 48 bytes)
$???_80241438 will be placed at 80242A28 (length = 14 bytes)
Changing pointer 80241438 to 80242A28 ($???_80241438[0])
Changing pointer 80241448 to 80241438 ($???_80241448[0])
Executing patches for: sbk_64
Reading patch file: map/patch/dry dry desert and outpost/sbk_64.mpat
Reading patch file: map/import/NPC_Bandit.mpat
Creating struct: $NpcSettings_Bandit
Creating struct: $AISettings_Bandit
Creating struct: $Script_NpcAI_Bandit
Creating struct: $Script_802407F8_Bandit
Creating struct: $Script_80240710_Bandit
Creating struct: $Function_80240040_Bandit
Reading patch for $EntryList
Reading patch for $Script_Main_EnterWalk
Reading patch for $Script_MakeEntities
Creating struct: $NpcGroup_Bandito1
Creating struct: $NpcGroup_Bandito2
Creating struct: $NpcGroup_Bandito3
Creating struct: $AISettings_Bandito
Creating struct: $Script_NpcAI_Bandito
Creating struct: $NpcSettings_Bandito
Creating struct: $NpcGroupList
Merged 7 regions to 4
$NpcGroup_Bandito1 will be placed at 802403B8 (length = 1F0 bytes)
$NpcGroup_Bandito3 will be placed at 802405A8 (length = 1F0 bytes)
$NpcGroup_Bandito2 will be placed at 80240798 (length = 1F0 bytes)
$Script_802407F8_Bandit will be placed at 80240988 (length = 1C4 bytes)
$Function_80240040_Bandit will be placed at 80240B4C (length = 100 bytes)
$Script_80240710_Bandit will be placed at 80240C4C (length = 78 bytes)
$AISettings_Bandit will be placed at 80240314 (length = 30 bytes)
$NpcGroupList will be placed at 80240CC4 (length = 30 bytes)
$AISettings_Bandito will be placed at 80240CF4 (length = 30 bytes)
$NpcSettings_Bandito will be placed at 80240D24 (length = 2C bytes)
$NpcSettings_Bandit will be placed at 80240D50 (length = 2C bytes)
$Script_NpcAI_Bandit will be placed at 80240388 (length = 14 bytes)
$Script_NpcAI_Bandito will be placed at 80240D7C (length = 14 bytes)
Executing patches for: isk_02
Reading patch file: map/patch/dry dry ruins/isk_02.mpat
Reading patch file: map/import/NPC_DryBones.mpat
Creating struct: $AISettings_DryBones
Creating struct: $Script_NpcAI_DryBones
Creating struct: $NpcSettings_DryBones
Creating struct: $AISettings_DryBone
Creating struct: $Script_NpcAI_DryBone
Creating struct: $Script_80241DC0
Creating struct: $Script_NpcAI_80241FFC
Creating struct: $Script_8024200C
Creating struct: $NpcSettings_DryBone
Creating struct: $ConstDouble_80243240_DryBones
Creating struct: $ConstDouble_80243248_DryBones
Creating struct: $ConstDouble_80243250_DryBones
Creating struct: $ConstDouble_80243258_DryBones
Creating struct: $ConstDouble_80243260_DryBones
Creating struct: $JumpTable_80243268_DryBones
Creating struct: $Function_80241064_DryBones
Creating struct: $Function_80240000_DryBones
Creating struct: $Function_802400BC_DryBones
Creating struct: $Function_80240170_DryBones
Creating struct: $Function_80240360_DryBones
Creating struct: $Function_802404A4_DryBones
Creating struct: $Function_802405A4_DryBones
Creating struct: $Function_802405E8_DryBones
Creating struct: $Function_80240688_DryBones
Creating struct: $Function_802406CC_DryBones
Creating struct: $Function_80240C08_DryBones
Creating struct: $Function_80241384_DryBones
Reading patch for $NpcGroupList_802416F8
Creating struct: $NpcGroup_DullBones
Merged 10 regions to 9
$NpcGroup_DullBones will be placed at 80241740 (length = 7C0 bytes)
$Function_802406CC_DryBones will be placed at 80241F00 (length = 53C bytes)
$Function_80240C08_DryBones will be placed at 8024243C (length = 45C bytes)
$Function_80241064_DryBones will be placed at 80242898 (length = 320 bytes)
$Function_80240170_DryBones will be placed at 80242BB8 (length = 1F0 bytes)
$JumpTable_80243268_DryBones will be placed at 80242DA8 (length = 190 bytes)
$Script_8024200C will be placed at 80242F38 (length = 150 bytes)
$Function_80240360_DryBones will be placed at 80243088 (length = 144 bytes)
$Function_802404A4_DryBones will be placed at 802431CC (length = 100 bytes)
$Function_80240000_DryBones will be placed at 802432CC (length = BC bytes)
$Function_802400BC_DryBones will be placed at 80243388 (length = B4 bytes)
$Function_802405E8_DryBones will be placed at 8024343C (length = A0 bytes)
$Script_80241DC0 will be placed at 802434DC (length = 98 bytes)
$Script_NpcAI_DryBones will be placed at 80243574 (length = 54 bytes)
$Script_NpcAI_DryBone will be placed at 802435C8 (length = 54 bytes)
$Function_80240688_DryBones will be placed at 8024361C (length = 44 bytes)
$Function_802405A4_DryBones will be placed at 80243660 (length = 44 bytes)
$NpcGroupList_802416F8 will be placed at 802436A4 (length = 3C bytes)
$Function_80241384_DryBones will be placed at 802416F8 (length = 38 bytes)
$AISettings_DryBone will be placed at 802436E0 (length = 30 bytes)
$AISettings_DryBones will be placed at 80243710 (length = 30 bytes)
$NpcSettings_DryBones will be placed at 80243740 (length = 2C bytes)
$NpcSettings_DryBone will be placed at 8024376C (length = 2C bytes)
$ConstDouble_80243258_DryBones will be placed at 802400E8 (length = 8 bytes)
$ConstDouble_80243240_DryBones will be placed at 80240038 (length = 8 bytes)
$Script_NpcAI_80241FFC will be placed at 80240104 (length = 8 bytes)
$ConstDouble_80243260_DryBones will be placed at 80243798 (length = 8 bytes)
$ConstDouble_80243250_DryBones will be placed at 802437A0 (length = 8 bytes)
$ConstDouble_80243248_DryBones will be placed at 802437A8 (length = 8 bytes)
Changing pointer 802416F8 to 802436A4 ($NpcGroupList_802416F8[0])
Executing patches for: isk_04
Reading patch file: map/patch/dry dry ruins/isk_04.mpat
Reading patch file: map/import/NPC_DryBones.mpat
Creating struct: $AISettings_DryBones
Creating struct: $Script_NpcAI_DryBones
Creating struct: $NpcSettings_DryBones
Creating struct: $AISettings_DryBone
Creating struct: $Script_NpcAI_DryBone
Creating struct: $Script_80241DC0
Creating struct: $Script_NpcAI_80241FFC
Creating struct: $Script_8024200C
Creating struct: $NpcSettings_DryBone
Creating struct: $ConstDouble_80243240_DryBones
Creating struct: $ConstDouble_80243248_DryBones
Creating struct: $ConstDouble_80243250_DryBones
Creating struct: $ConstDouble_80243258_DryBones
Creating struct: $ConstDouble_80243260_DryBones
Creating struct: $JumpTable_80243268_DryBones
Creating struct: $Function_80241064_DryBones
Creating struct: $Function_80240000_DryBones
Creating struct: $Function_802400BC_DryBones
Creating struct: $Function_80240170_DryBones
Creating struct: $Function_80240360_DryBones
Creating struct: $Function_802404A4_DryBones
Creating struct: $Function_802405A4_DryBones
Creating struct: $Function_802405E8_DryBones
Creating struct: $Function_80240688_DryBones
Creating struct: $Function_802406CC_DryBones
Creating struct: $Function_80240C08_DryBones
Creating struct: $Function_80241384_DryBones
Reading patch for $NpcGroupList_80241C94
Creating struct: $NpcGroup_DullBones
Merged 12 regions to 10
$NpcGroup_DullBones will be placed at 80242498 (length = 7C0 bytes)
$Function_802406CC_DryBones will be placed at 80242C58 (length = 53C bytes)
$Function_80240C08_DryBones will be placed at 80243194 (length = 45C bytes)
$Function_80241064_DryBones will be placed at 802435F0 (length = 320 bytes)
$Function_80240170_DryBones will be placed at 80243910 (length = 1F0 bytes)
$JumpTable_80243268_DryBones will be placed at 80243B00 (length = 190 bytes)
$Script_8024200C will be placed at 80243C90 (length = 150 bytes)
$Function_80240360_DryBones will be placed at 80243DE0 (length = 144 bytes)
$Function_802404A4_DryBones will be placed at 80243F24 (length = 100 bytes)
$Function_80240000_DryBones will be placed at 80244024 (length = BC bytes)
$Function_802400BC_DryBones will be placed at 802440E0 (length = B4 bytes)
$Function_802405E8_DryBones will be placed at 80244194 (length = A0 bytes)
$Script_80241DC0 will be placed at 80244234 (length = 98 bytes)
$Script_NpcAI_DryBones will be placed at 802442CC (length = 54 bytes)
$Script_NpcAI_DryBone will be placed at 80244320 (length = 54 bytes)
$Function_80240688_DryBones will be placed at 80244374 (length = 44 bytes)
$Function_802405A4_DryBones will be placed at 802443B8 (length = 44 bytes)
$Function_80241384_DryBones will be placed at 802443FC (length = 38 bytes)
$AISettings_DryBone will be placed at 80244434 (length = 30 bytes)
$AISettings_DryBones will be placed at 80244464 (length = 30 bytes)
$NpcGroupList_80241C94 will be placed at 80244494 (length = 30 bytes)
$NpcSettings_DryBones will be placed at 80241C94 (length = 2C bytes)
$NpcSettings_DryBone will be placed at 802444C4 (length = 2C bytes)
$ConstDouble_80243258_DryBones will be placed at 80240928 (length = 8 bytes)
$ConstDouble_80243240_DryBones will be placed at 80242408 (length = 8 bytes)
$Script_NpcAI_80241FFC will be placed at 80240034 (length = 8 bytes)
$ConstDouble_80243260_DryBones will be placed at 80241528 (length = 8 bytes)
$ConstDouble_80243250_DryBones will be placed at 802444F0 (length = 8 bytes)
$ConstDouble_80243248_DryBones will be placed at 802444F8 (length = 8 bytes)
Changing pointer 80241C94 to 80244494 ($NpcGroupList_80241C94[0])
Executing patches for: isk_09
Reading patch file: map/patch/dry dry ruins/isk_09.mpat
Reading patch for $Script_80240A5C
Reading patch for $Script_MakeEntities
Merged 9 regions to 8
Executing patches for: isk_10
Reading patch file: map/patch/dry dry ruins/isk_10.mpat
Reading patch for $Script_MakeEntities
Reading patch for $Function_802401CC
Reading patch for $???_80241108
Reading patch for $???_80241118
Merged 7 regions to 5
$???_80241118 will be placed at 80241108 (length = 48 bytes)
$???_80241108 will be placed at 80241A08 (length = 14 bytes)
Changing pointer 80241108 to 80241A08 ($???_80241108[0])
Changing pointer 80241118 to 80241108 ($???_80241118[0])
Executing patches for: isk_18
Reading patch file: map/patch/dry dry ruins/isk_18.mpat
Reading patch file: map/import/NPC_DryBones.mpat
Creating struct: $AISettings_DryBones
Creating struct: $Script_NpcAI_DryBones
Creating struct: $NpcSettings_DryBones
Creating struct: $AISettings_DryBone
Creating struct: $Script_NpcAI_DryBone
Creating struct: $Script_80241DC0
Creating struct: $Script_NpcAI_80241FFC
Creating struct: $Script_8024200C
Creating struct: $NpcSettings_DryBone
Creating struct: $ConstDouble_80243240_DryBones
Creating struct: $ConstDouble_80243248_DryBones
Creating struct: $ConstDouble_80243250_DryBones
Creating struct: $ConstDouble_80243258_DryBones
Creating struct: $ConstDouble_80243260_DryBones
Creating struct: $JumpTable_80243268_DryBones
Creating struct: $Function_80241064_DryBones
Creating struct: $Function_80240000_DryBones
Creating struct: $Function_802400BC_DryBones
Creating struct: $Function_80240170_DryBones
Creating struct: $Function_80240360_DryBones
Creating struct: $Function_802404A4_DryBones
Creating struct: $Function_802405A4_DryBones
Creating struct: $Function_802405E8_DryBones
Creating struct: $Function_80240688_DryBones
Creating struct: $Function_802406CC_DryBones
Creating struct: $Function_80240C08_DryBones
Creating struct: $Function_80241384_DryBones
Reading patch for $NpcGroupList_80241574
Creating struct: $NpcGroup_DullBones
Merged 7 regions to 5
$NpcGroup_DullBones will be placed at 802417CC (length = 7C0 bytes)
$Function_802406CC_DryBones will be placed at 80241F8C (length = 53C bytes)
$Function_80240C08_DryBones will be placed at 802424C8 (length = 45C bytes)
$Function_80241064_DryBones will be placed at 80242924 (length = 320 bytes)
$Function_80240170_DryBones will be placed at 80242C44 (length = 1F0 bytes)
$JumpTable_80243268_DryBones will be placed at 80242E34 (length = 190 bytes)
$Script_8024200C will be placed at 80242FC4 (length = 150 bytes)
$Function_80240360_DryBones will be placed at 80243114 (length = 144 bytes)
$Function_802404A4_DryBones will be placed at 80243258 (length = 100 bytes)
$Function_80240000_DryBones will be placed at 80243358 (length = BC bytes)
$Function_802400BC_DryBones will be placed at 80243414 (length = B4 bytes)
$Function_802405E8_DryBones will be placed at 802434C8 (length = A0 bytes)
$Script_80241DC0 will be placed at 80243568 (length = 98 bytes)
$Script_NpcAI_DryBones will be placed at 80243600 (length = 54 bytes)
$Script_NpcAI_DryBone will be placed at 80243654 (length = 54 bytes)
$Function_80240688_DryBones will be placed at 802436A8 (length = 44 bytes)
$Function_802405A4_DryBones will be placed at 802436EC (length = 44 bytes)
$NpcGroupList_80241574 will be placed at 80241574 (length = 3C bytes)
$Function_80241384_DryBones will be placed at 80243730 (length = 38 bytes)
$AISettings_DryBone will be placed at 80243768 (length = 30 bytes)
$AISettings_DryBones will be placed at 80243798 (length = 30 bytes)
$NpcSettings_DryBones will be placed at 802437C8 (length = 2C bytes)
$NpcSettings_DryBone will be placed at 802437F4 (length = 2C bytes)
$ConstDouble_80243258_DryBones will be placed at 802408E8 (length = 8 bytes)
$ConstDouble_80243240_DryBones will be placed at 80240C18 (length = 8 bytes)
$Script_NpcAI_80241FFC will be placed at 80241758 (length = 8 bytes)
$ConstDouble_80243260_DryBones will be placed at 80243820 (length = 8 bytes)
$ConstDouble_80243250_DryBones will be placed at 80243828 (length = 8 bytes)
$ConstDouble_80243248_DryBones will be placed at 80243830 (length = 8 bytes)
Executing patches for: sbk_54
Reading patch file: map/patch/dry dry ruins/sbk_54.mpat
Reading patch for $EntryList
Reading patch for $TweesterPath_802403C0
Reading patch for $TweesterPathList_802403F4
Reading patch for $Script_MakeEntities
Merged 6 regions to 4
Executing patches for: end_00
Reading patch file: map/patch/end_00.mpat
Reading patch for $Function_80242744
Reading patch for $Function_802427A4
Reading patch file: map/patch/end/end_00.mpat
Reading patch for $Function_80242744
Reading patch for $Function_802427A4
Reading patch for $Script_80245614
Reading patch for $???_80244D74
Merged 12 regions to 12
$???_80244D74 will be placed at 8024E960 (length = 8B8 bytes)
Changing pointer 8024F7E4 to 802500A4 ($End[E84])
Changing pointer 8024F7F0 to 802500B0 ($End[E90])
Changing pointer 8024E960 to 8024F220 ($End[0])
Changing pointer 8024F7E4 to 802500A4 ($End[E84])
Changing pointer 80250EF0 to 802517B0 ($End[2590])
Changing pointer 8024F7E4 to 802500A4 ($End[E84])
Changing pointer 80244D74 to 8024E960 ($???_80244D74[0])
Executing patches for: end_01
Reading patch file: map/patch/end_01.mpat
Reading patch for $Function_80242754
Reading patch for $Function_802427B4
Reading patch file: map/patch/end/end_01.mpat
Reading patch for $Function_80242754
Reading patch for $Function_802427B4
Merged 10 regions to 10
Executing patches for: gv_01
Reading patch file: map/patch/extra/gv_01.mpat
Creating struct: $Function_Init
Merged 3 regions to 2
$Function_Init will be placed at 80241CA4 (length = 20 bytes)
Executing patches for: machi
Reading patch file: map/patch/extra/machi.mpat
Reading patch file: map/import/LightBlocks.mpat
Creating struct: $CheckWatt
Creating struct: $Script_LightBlocks
Reading patch for $Script_Main
Creating struct: $Script_SetupLightBlocks1
Creating struct: $Script_SetupLightBlocks2
Merged 74 regions to 9
$Script_LightBlocks will be placed at 802436AC (length = C8 bytes)
$CheckWatt will be placed at 80241B58 (length = 3C bytes)
$Script_SetupLightBlocks1 will be placed at 80240DEC (length = 34 bytes)
$Script_SetupLightBlocks2 will be placed at 80243968 (length = 34 bytes)
Executing patches for: mgm_01
Reading patch file: map/patch/extra/mgm_01.mpat
Reading patch for $Script_80241C4C
Creating struct: $Function_GetScore
Creating struct: $Function_GetTotalScore
Merged 7 regions to 6
$TooMuchCheating will be placed at 8024361C (length = 198 bytes)
$PerfectScore will be placed at 802437B4 (length = 158 bytes)
$CheatQuote will be placed at 8024390C (length = 14C bytes)
$MyCodeDoesntWorkWellEnough will be placed at 80243A58 (length = C4 bytes)
$Function_GetScore will be placed at 80242260 (length = 50 bytes)
$Function_GetTotalScore will be placed at 80243B1C (length = 30 bytes)
$DontComeBack will be placed at 802422B0 (length = 14 bytes)
Executing patches for: tst_21
Reading patch file: map/patch/extra/tst_21.mpat
Reading patch file: map/import/EnterViaPipe.mpat
Creating struct: $Script_EnterVerticalPipe
Creating struct: $Function_WarpPipeEntry_80240020
Creating struct: $Function_WarpPipeEntry_802400F0
Creating struct: $Function_WarpPipeEntry_8024023C
Creating struct: $Script_EnterHorizontalPipe
Reading patch file: map/import/ExitViaPipe.mpat
Creating struct: $Function_80240000
Creating struct: $Function_80240034
Creating struct: $Function_802400F0
Creating struct: $Function_802401D0
Creating struct: $Function_8024023C
Creating struct: $Script_VerticalPipe
Creating struct: $Script_HorizontalPipe
Creating struct: $Script_80243E50
Creating struct: $Script_EnterCeilingPipe
Creating struct: $CeilingPipe_Function1
Creating struct: $CeilingPipe_Function2
Reading patch file: map/import/NPC_Bzzap.mpat
Creating struct: $AISettings_Bzzap
Creating struct: $Script_NpcAI_Bzzap
Creating struct: $NpcSettings_Bzzap
Creating struct: $Function_8024162C_Bzzap
Creating struct: $JumpTable_802441B8_Bzzap
Creating struct: $Function_80240320_Bzzap
Creating struct: $Function_802404D0_Bzzap
Creating struct: $ConstDouble_802441A0_Bzzap
Creating struct: $ConstDouble_802441A8_Bzzap
Creating struct: $ConstDouble_802441B0_Bzzap
Creating struct: $Function_80240AF8_Bzzap
Creating struct: $Function_80240BB8_Bzzap
Creating struct: $Function_80240EFC_Bzzap
Creating struct: $Function_80240F74_Bzzap
Creating struct: $FloatTable_8024362C_Bzzap
Creating struct: $Function_80240FE0_Bzzap
Creating struct: $Function_80241114_Bzzap
Creating struct: $Function_80241178_Bzzap
Creating struct: $Function_80241508_Bzzap
Reading patch file: map/import/NPC_Clubba.mpat
Creating struct: $ExtraAnimationList_ClubbaA
Creating struct: $ExtraAnimationList_ClubbaB
Creating struct: $AISettings_Clubba
Creating struct: $Script_NpcAI_ClubbaA
Creating struct: $NpcSettings_ClubbaA
Creating struct: $Script_NpcAI_ClubbaB
Creating struct: $NpcSettings_ClubbaB
Creating struct: $Script_80241AB0_Clubba
Creating struct: $Function_802403BC_Clubba
Creating struct: $Function_80240000_Clubba
Creating struct: $Function_8024006C_Clubba
Creating struct: $Function_802400DC_Clubba
Creating struct: $Function_802401B4_Clubba
Creating struct: $Function_80240208_Clubba
Creating struct: $Function_8024061C_Clubba
Creating struct: $JumpTable_80242618_Clubba
Reading patch file: map/import/NPC_Gulpit.mpat
Creating struct: $Script_802418F0_Gulpit
Creating struct: $AISettings_Gulpit
Creating struct: $Script_NpcAI_GulpitA
Creating struct: $NpcSettings_GulpitA
Creating struct: $Script_NpcAI_GulpitB
Creating struct: $NpcSettings_GulpitB
Creating struct: $ExtraAnimationList_GulpitB
Creating struct: $ExtraAnimationList_GulpitA
Creating struct: $Function_8024040C_Gulpit
Creating struct: $Function_DoAI_Gulpit
Creating struct: $JumpTable_80242378_Gulpit
Creating struct: $Function_80240050_Gulpit
Creating struct: $Function_802400BC_Gulpit
Creating struct: $Function_8024012C_Gulpit
Creating struct: $Function_80240204_Gulpit
Creating struct: $Function_80240258_Gulpit
Creating struct: $ConstDouble_80242370_Gulpit
Reading patch file: map/import/NPC_DryBones.mpat
Creating struct: $AISettings_DryBones
Creating struct: $Script_NpcAI_DryBones
Creating struct: $NpcSettings_DryBones
Creating struct: $AISettings_DryBone
Creating struct: $Script_NpcAI_DryBone
Creating struct: $Script_80241DC0
Creating struct: $Script_NpcAI_80241FFC
Creating struct: $Script_8024200C
Creating struct: $NpcSettings_DryBone
Creating struct: $ConstDouble_80243240_DryBones
Creating struct: $ConstDouble_80243248_DryBones
Creating struct: $ConstDouble_80243250_DryBones
Creating struct: $ConstDouble_80243258_DryBones
Creating struct: $ConstDouble_80243260_DryBones
Creating struct: $JumpTable_80243268_DryBones
Creating struct: $Function_80241064_DryBones
Creating struct: $Function_80240000_DryBones
Creating struct: $Function_802400BC_DryBones
Creating struct: $Function_80240170_DryBones
Creating struct: $Function_80240360_DryBones
Creating struct: $Function_802404A4_DryBones
Creating struct: $Function_802405A4_DryBones
Creating struct: $Function_802405E8_DryBones
Creating struct: $Function_80240688_DryBones
Creating struct: $Function_802406CC_DryBones
Creating struct: $Function_80240C08_DryBones
Creating struct: $Function_80241384_DryBones
Reading patch file: map/import/Pit_AI.mpat
Creating struct: $NpcSettings_Goomba
Creating struct: $NpcSettings_Koopa
Creating struct: $NpcSettings_Fuzzy
Creating struct: $Script_NpcAI_Fuzzy
Creating struct: $Script_GoombaAI
Creating struct: $AISettings_Goomba
Creating struct: $AISettings_Fuzzy_802413E0
Creating struct: $JumpTable_Fuzzy_802423B8
Creating struct: $Function_Fuzzy_80240000
Creating struct: $Function_Fuzzy_80240230
Creating struct: $Function_Fuzzy_80240568
Creating struct: $Function_Fuzzy_80240628
Creating struct: $Function_Fuzzy_802407CC
Creating struct: $Function_Fuzzy_802408AC
Creating struct: $Function_Fuzzy_80240BAC
Creating struct: $Function_Fuzzy_80240BF0
Creating struct: $JumpTable_Koopa_80245CF8
Creating struct: $Script_NpcAI_Koopa
Creating struct: $AISettings_Koopa_802427BC
Creating struct: $NpcSettings_BuzzyBeetle
Creating struct: $AISettings_BuzzyBeetle
Creating struct: $Script_NpcAI_BuzzyBeetle
Creating struct: $AISettings_Koopatrol
Creating struct: $Script_NpcAI_Koopatrol
Creating struct: $NpcSettings_Koopatrol
Creating struct: $AISettings_Spiny
Creating struct: $Script_NpcAI_Spiny
Creating struct: $NpcSettings_Spiny
Creating struct: $AISettings_BonyBeetle
Creating struct: $Script_NpcAI_BonyBeetle
Creating struct: $NpcSettings_BonyBeetle
Creating struct: $Function_DoAI_ShellEnemy
Creating struct: $Function_Koopa_80240000
Creating struct: $Function_Koopa_8024007C
Creating struct: $Function_Koopa_802401B0
Creating struct: $Function_Koopa_80240314
Creating struct: $NpcSettings_Bubble
Creating struct: $Script_NpcAI_Bubble
Creating struct: $AISettings_Bubble
Creating struct: $JumpTable_NEW130A8
Creating struct: $JumpTable_NEW130F0
Creating struct: $Function_NEW10000
Creating struct: $Function_NEW10348
Creating struct: $Function_NEW1040C
Creating struct: $Function_NEW10530
Creating struct: $Function_NEW10720
Creating struct: $Function_NEW107F4
Creating struct: $Function_NEW10820
Creating struct: $Function_NEW109D0
Creating struct: $Function_NEW10FF8
Creating struct: $Function_NEW110B8
Creating struct: $Function_NEW113FC
Creating struct: $Function_NEW11474
Creating struct: $Function_NEW114E0
Creating struct: $Function_NEW11614
Creating struct: $Function_NEW11678
Creating struct: $Function_NEW11A08
Creating struct: $Function_NEW11B2C
Creating struct: $Function_NEW11D18
Creating struct: $Function_NEW11E48
Creating struct: $Function_NEW120C8
Creating struct: $Function_NEW12124
Creating struct: $???_NEW123E0
Creating struct: $FloatTable_NEW12930
Creating struct: $FloatTable_NEW12B90
Creating struct: $Header
Creating struct: $Function_GetTattle
Creating struct: $EntryList
Creating struct: $Script_SetMusic
Creating struct: $Script_Main
Creating struct: $Script_SwitchTrigger1
Creating struct: $Script_SwitchTrigger2
Creating struct: $Script_SwitchTrigger3
Creating struct: $Script_Init_Enemy
Creating struct: $NpcGroup_Bzzrk
Creating struct: $NpcGroup_DarkBubble
Creating struct: $NpcGroup_Koopatrol
Creating struct: $NpcGroup_DarkClubba
Creating struct: $NpcGroup_Gulpit
Creating struct: $NpcGroup_DryBones
Reading patch for $Script_NpcAI_ClubbaA
Reading patch for $Script_NpcAI_Bzzap
Reading patch for $Script_NpcAI_Koopatrol
Reading patch for $Script_NpcAI_Bubble
Reading patch for $Script_NpcAI_GulpitA
Reading patch for $Script_NpcAI_DryBones
Reading patch for $Script_NpcAI_DryBone
Creating struct: $NpcGroup_Enemies
Creating struct: $Script_MakeExits
Creating struct: $Script_ExitViaPipe
Creating struct: $Script_Entry0
Creating struct: $Script_Entry1
Merged 1 regions to 1
$NpcGroup_DryBones will be placed at 80240000 (length = 7C0 bytes)
$Function_NEW109D0 will be placed at 802407C0 (length = 638 bytes)
$Function_802404D0_Bzzap will be placed at 80240DF8 (length = 628 bytes)
$Function_802406CC_DryBones will be placed at 80241420 (length = 53C bytes)
$Function_80240C08_DryBones will be placed at 8024195C (length = 45C bytes)
$Function_DoAI_ShellEnemy will be placed at 80241DB8 (length = 440 bytes)
$NpcGroup_Gulpit will be placed at 802421F8 (length = 3E0 bytes)
$NpcGroup_DarkClubba will be placed at 802425D8 (length = 3E0 bytes)
$Function_80241178_Bzzap will be placed at 802429B8 (length = 390 bytes)
$Function_NEW11678 will be placed at 80242D48 (length = 390 bytes)
$Function_NEW10000 will be placed at 802430D8 (length = 350 bytes)
$Function_NEW110B8 will be placed at 80243428 (length = 344 bytes)
$Function_80240BB8_Bzzap will be placed at 8024376C (length = 344 bytes)
$Function_Fuzzy_80240230 will be placed at 80243AB0 (length = 340 bytes)
$Function_80241064_DryBones will be placed at 80243DF0 (length = 320 bytes)
$Script_EnterHorizontalPipe will be placed at 80244110 (length = 300 bytes)
$Function_Fuzzy_802408AC will be placed at 80244410 (length = 300 bytes)
$Function_DoAI_Gulpit will be placed at 80244710 (length = 2B4 bytes)
$Function_8024061C_Clubba will be placed at 802449C4 (length = 2B4 bytes)
$Function_NEW11E48 will be placed at 80244C78 (length = 288 bytes)
$Script_EnterVerticalPipe will be placed at 80244F00 (length = 280 bytes)
$Function_802403BC_Clubba will be placed at 80245180 (length = 260 bytes)
$Function_8024040C_Gulpit will be placed at 802453E0 (length = 260 bytes)
$Script_HorizontalPipe will be placed at 80245640 (length = 248 bytes)
$Script_EnterCeilingPipe will be placed at 80245888 (length = 23C bytes)
$Function_Fuzzy_80240000 will be placed at 80245AC4 (length = 230 bytes)
$Function_Fuzzy_80240BF0 will be placed at 80245CF4 (length = 224 bytes)
$Script_Main will be placed at 80245F18 (length = 20C bytes)
$NpcGroup_Bzzrk will be placed at 80246124 (length = 1F0 bytes)
$Function_80240170_DryBones will be placed at 80246314 (length = 1F0 bytes)
$NpcGroup_DarkBubble will be placed at 80246504 (length = 1F0 bytes)
$NpcGroup_Koopatrol will be placed at 802466F4 (length = 1F0 bytes)
$Function_8024162C_Bzzap will be placed at 802468E4 (length = 1EC bytes)
$Function_NEW11B2C will be placed at 80246AD0 (length = 1EC bytes)
$Function_NEW12124 will be placed at 80246CBC (length = 1E8 bytes)
$Function_NEW10530 will be placed at 80246EA4 (length = 1E8 bytes)
$Function_80240258_Gulpit will be placed at 8024708C (length = 1B8 bytes)
$Function_NEW10820 will be placed at 80247244 (length = 1B8 bytes)
$Function_80240208_Clubba will be placed at 802473FC (length = 1B8 bytes)
$Function_80240320_Bzzap will be placed at 802475B4 (length = 1B0 bytes)
$Function_Fuzzy_80240628 will be placed at 80247764 (length = 1A4 bytes)
$JumpTable_80242618_Clubba will be placed at 80247908 (length = 190 bytes)
$JumpTable_80242378_Gulpit will be placed at 80247A98 (length = 190 bytes)
$JumpTable_80243268_DryBones will be placed at 80247C28 (length = 190 bytes)
$Function_Koopa_802401B0 will be placed at 80247DB8 (length = 164 bytes)
$Script_80243E50 will be placed at 80247F1C (length = 160 bytes)
$Script_8024200C will be placed at 8024807C (length = 150 bytes)
$Function_80240360_DryBones will be placed at 802481CC (length = 144 bytes)
$Function_Koopa_8024007C will be placed at 80248310 (length = 13C bytes)
$Function_NEW114E0 will be placed at 8024844C (length = 134 bytes)
$Function_80240FE0_Bzzap will be placed at 80248580 (length = 134 bytes)
$Function_NEW11D18 will be placed at 802486B4 (length = 130 bytes)
$Function_80241508_Bzzap will be placed at 802487E4 (length = 124 bytes)
$MapTattle will be placed at 80248908 (length = 124 bytes)
$Function_NEW11A08 will be placed at 80248A2C (length = 124 bytes)
$Function_NEW1040C will be placed at 80248B50 (length = 124 bytes)
$Function_802404A4_DryBones will be placed at 80248C74 (length = 100 bytes)
$Function_802400F0 will be placed at 80248D74 (length = E0 bytes)
$CeilingPipe_Function1 will be placed at 80248E54 (length = E0 bytes)
$Function_WarpPipeEntry_802400F0 will be placed at 80248F34 (length = E0 bytes)
$Function_Fuzzy_802407CC will be placed at 80249014 (length = E0 bytes)
$Function_8024012C_Gulpit will be placed at 802490F4 (length = D8 bytes)
$Function_802400DC_Clubba will be placed at 802491CC (length = D8 bytes)
$Function_NEW10720 will be placed at 802492A4 (length = D4 bytes)
$Function_NEW10348 will be placed at 80249378 (length = C4 bytes)
$Function_Fuzzy_80240568 will be placed at 8024943C (length = C0 bytes)
$Function_80240AF8_Bzzap will be placed at 802494FC (length = C0 bytes)
$Function_NEW10FF8 will be placed at 802495BC (length = C0 bytes)
$Function_80240034 will be placed at 8024967C (length = BC bytes)
$Function_80240000_DryBones will be placed at 80249738 (length = BC bytes)
$Script_NpcAI_Bzzap will be placed at 802497F4 (length = B4 bytes)
$Function_802400BC_DryBones will be placed at 802498A8 (length = B4 bytes)
$Function_8024023C will be placed at 8024995C (length = A4 bytes)
$Function_WarpPipeEntry_8024023C will be placed at 80249A00 (length = A4 bytes)
$Function_802405E8_DryBones will be placed at 80249AA4 (length = A0 bytes)
$Script_80241DC0 will be placed at 80249B44 (length = 98 bytes)
$Script_VerticalPipe will be placed at 80249BDC (length = 90 bytes)
$Script_80241AB0_Clubba will be placed at 80249C6C (length = 88 bytes)
$Script_802418F0_Gulpit will be placed at 80249CF4 (length = 88 bytes)
$Script_NpcAI_ClubbaB will be placed at 80249D7C (length = 80 bytes)
$Function_Koopa_80240314 will be placed at 80249DFC (length = 80 bytes)
$Script_NpcAI_GulpitB will be placed at 80249E7C (length = 80 bytes)
$Function_Koopa_80240000 will be placed at 80249EFC (length = 7C bytes)
$Function_80240EFC_Bzzap will be placed at 80249F78 (length = 78 bytes)
$Function_NEW113FC will be placed at 80249FF0 (length = 78 bytes)
$Function_802400BC_Gulpit will be placed at 8024A068 (length = 70 bytes)
$FloatTable_NEW12930 will be placed at 8024A0D8 (length = 70 bytes)
$Function_8024006C_Clubba will be placed at 8024A148 (length = 70 bytes)
$CeilingPipe_Function2 will be placed at 8024A1B8 (length = 6C bytes)
$Function_802401D0 will be placed at 8024A224 (length = 6C bytes)
$Function_80240050_Gulpit will be placed at 8024A290 (length = 6C bytes)
$Function_NEW11474 will be placed at 8024A2FC (length = 6C bytes)
$Function_80240000_Clubba will be placed at 8024A368 (length = 6C bytes)
$Function_80240F74_Bzzap will be placed at 8024A3D4 (length = 6C bytes)
$Function_NEW11614 will be placed at 8024A440 (length = 64 bytes)
$Function_80241114_Bzzap will be placed at 8024A4A4 (length = 64 bytes)
$Function_NEW120C8 will be placed at 8024A508 (length = 5C bytes)
$Script_NpcAI_Spiny will be placed at 8024A564 (length = 54 bytes)
$JumpTable_Koopa_80245CF8 will be placed at 8024A5B8 (length = 54 bytes)
$Script_NpcAI_DryBones will be placed at 8024A60C (length = 54 bytes)
$JumpTable_NEW130F0 will be placed at 8024A660 (length = 54 bytes)
$Function_802401B4_Clubba will be placed at 8024A6B4 (length = 54 bytes)
$NpcGroup_Enemies will be placed at 8024A708 (length = 54 bytes)
$Script_NpcAI_BonyBeetle will be placed at 8024A75C (length = 54 bytes)
$Script_NpcAI_BuzzyBeetle will be placed at 8024A7B0 (length = 54 bytes)
$Script_NpcAI_DryBone will be placed at 8024A804 (length = 54 bytes)
$Script_NpcAI_ClubbaA will be placed at 8024A858 (length = 54 bytes)
$Script_NpcAI_Koopa will be placed at 8024A8AC (length = 54 bytes)
$Function_80240204_Gulpit will be placed at 8024A900 (length = 54 bytes)
$Script_NpcAI_Koopatrol will be placed at 8024A954 (length = 54 bytes)
$Script_NpcAI_GulpitA will be placed at 8024A9A8 (length = 54 bytes)
$Script_NpcAI_Bubble will be placed at 8024A9FC (length = 54 bytes)
$Function_80240688_DryBones will be placed at 8024AA50 (length = 44 bytes)
$Function_Fuzzy_80240BAC will be placed at 8024AA94 (length = 44 bytes)
$Function_802405A4_DryBones will be placed at 8024AAD8 (length = 44 bytes)
$Header will be placed at 8024AB1C (length = 40 bytes)
$Script_Entry1 will be placed at 8024AB5C (length = 40 bytes)
$JumpTable_802441B8_Bzzap will be placed at 8024AB9C (length = 3C bytes)
$JumpTable_Fuzzy_802423B8 will be placed at 8024ABD8 (length = 3C bytes)
$JumpTable_NEW130A8 will be placed at 8024AC14 (length = 3C bytes)
$Script_ExitViaPipe will be placed at 8024AC50 (length = 3C bytes)
$Script_MakeExits will be placed at 8024AC8C (length = 38 bytes)
$Function_80241384_DryBones will be placed at 8024ACC4 (length = 38 bytes)
$AISettings_Spiny will be placed at 8024ACFC (length = 30 bytes)
$AISettings_BonyBeetle will be placed at 8024AD2C (length = 30 bytes)
$AISettings_BuzzyBeetle will be placed at 8024AD5C (length = 30 bytes)
$AISettings_Koopa_802427BC will be placed at 8024AD8C (length = 30 bytes)
$AISettings_Bubble will be placed at 8024ADBC (length = 30 bytes)
$AISettings_Koopatrol will be placed at 8024ADEC (length = 30 bytes)
$AISettings_Fuzzy_802413E0 will be placed at 8024AE1C (length = 30 bytes)
$AISettings_DryBones will be placed at 8024AE4C (length = 30 bytes)
$AISettings_Gulpit will be placed at 8024AE7C (length = 30 bytes)
$AISettings_DryBone will be placed at 8024AEAC (length = 30 bytes)
$AISettings_Bzzap will be placed at 8024AEDC (length = 30 bytes)
$AISettings_Goomba will be placed at 8024AF0C (length = 30 bytes)
$AISettings_Clubba will be placed at 8024AF3C (length = 30 bytes)
$Function_NEW107F4 will be placed at 8024AF6C (length = 2C bytes)
$NpcSettings_DryBones will be placed at 8024AF98 (length = 2C bytes)
$Script_NpcAI_Fuzzy will be placed at 8024AFC4 (length = 2C bytes)
$NpcSettings_Fuzzy will be placed at 8024AFF0 (length = 2C bytes)
$NpcSettings_Bubble will be placed at 8024B01C (length = 2C bytes)
$NpcSettings_Bzzap will be placed at 8024B048 (length = 2C bytes)
$NpcSettings_DryBone will be placed at 8024B074 (length = 2C bytes)
$NpcSettings_Koopa will be placed at 8024B0A0 (length = 2C bytes)
$NpcSettings_ClubbaA will be placed at 8024B0CC (length = 2C bytes)
$NpcSettings_ClubbaB will be placed at 8024B0F8 (length = 2C bytes)
$NpcSettings_Koopatrol will be placed at 8024B124 (length = 2C bytes)
$NpcSettings_Spiny will be placed at 8024B150 (length = 2C bytes)
$NpcSettings_GulpitA will be placed at 8024B17C (length = 2C bytes)
$NpcSettings_GulpitB will be placed at 8024B1A8 (length = 2C bytes)
$NpcSettings_BonyBeetle will be placed at 8024B1D4 (length = 2C bytes)
$NpcSettings_BuzzyBeetle will be placed at 8024B200 (length = 2C bytes)
$NpcSettings_Goomba will be placed at 8024B22C (length = 2C bytes)
$ExtraAnimationList_ClubbaA will be placed at 8024B258 (length = 28 bytes)
$EntryList will be placed at 8024B280 (length = 20 bytes)
$Function_80240000 will be placed at 8024B2A0 (length = 20 bytes)
$Script_Entry0 will be placed at 8024B2C0 (length = 20 bytes)
$Script_SetMusic will be placed at 8024B2E0 (length = 20 bytes)
$ExtraAnimationList_GulpitA will be placed at 8024B300 (length = 1C bytes)
$FloatTable_8024362C_Bzzap will be placed at 8024B31C (length = 18 bytes)
$FloatTable_NEW12B90 will be placed at 8024B334 (length = 18 bytes)
$Function_WarpPipeEntry_80240020 will be placed at 8024B34C (length = 14 bytes)
$Script_GoombaAI will be placed at 8024B360 (length = 14 bytes)
$Function_GetTattle will be placed at 8024B374 (length = 14 bytes)
$Script_SwitchTrigger2 will be placed at 8024B388 (length = 10 bytes)
$Script_SwitchTrigger3 will be placed at 8024B398 (length = 10 bytes)
$Script_SwitchTrigger1 will be placed at 8024B3A8 (length = 10 bytes)
$ASCII_"tik_26"_Literal will be placed at 8024B3B8 (length = C bytes)
$ASCII_"cav_01"_Literal will be placed at 8024B3C4 (length = C bytes)
$ExtraAnimationList_GulpitB will be placed at 8024B3D0 (length = 8 bytes)
$ConstDouble_802441A8_Bzzap will be placed at 8024B3D8 (length = 8 bytes)
$ConstDouble_802441B0_Bzzap will be placed at 8024B3E0 (length = 8 bytes)
$ConstDouble_80243240_DryBones will be placed at 8024B3E8 (length = 8 bytes)
$Script_Init_Enemy will be placed at 8024B3F0 (length = 8 bytes)
$ConstDouble_80243250_DryBones will be placed at 8024B3F8 (length = 8 bytes)
$ConstDouble_80242370_Gulpit will be placed at 8024B400 (length = 8 bytes)
$ConstDouble_80243258_DryBones will be placed at 8024B408 (length = 8 bytes)
$ExtraAnimationList_ClubbaB will be placed at 8024B410 (length = 8 bytes)
$Script_NpcAI_80241FFC will be placed at 8024B418 (length = 8 bytes)
$ConstDouble_80243260_DryBones will be placed at 8024B420 (length = 8 bytes)
$ConstDouble_80243248_DryBones will be placed at 8024B428 (length = 8 bytes)
$ConstDouble_802441A0_Bzzap will be placed at 8024B430 (length = 8 bytes)
$???_NEW123E0 will be placed at 8024B438 (length = 4 bytes)
Executing patches for: tst_22
Reading patch file: map/patch/extra/tst_22.mpat
Creating struct: $Header
Creating struct: $Function_Init
Creating struct: $Function_GetTattle
Creating struct: $NpcGroupList_Clefts
Creating struct: $NpcGroup_Cleft1
Creating struct: $NpcGroup_Cleft2
Creating struct: $NpcGroup_Cleft3
Creating struct: $AISettings_80241CEC
Creating struct: $Script_NpcAI_80241D1C
Creating struct: $NpcSettings_Cleft
Creating struct: $EntryList
Creating struct: $Script_SetMusic
Creating struct: $Script_MakeEntities
Creating struct: $Script_Spring
Creating struct: $Script_80241420
Creating struct: $Script_Main
Creating struct: $Script_MakeExits
Creating struct: $Script_Entry0
Creating struct: $Script_Entry1
Creating struct: $Function_80240C90
Creating struct: $Function_80240000
Creating struct: $Function_80240160
Creating struct: $Function_802401D4
Creating struct: $Function_80240304
Creating struct: $Function_802403A0
Creating struct: $Function_80240428
Creating struct: $Function_802404D0
Creating struct: $Function_80240644
Creating struct: $Function_80240694
Creating struct: $Function_80240834
Creating struct: $Function_80240984
Creating struct: $Function_80240A30
Creating struct: $Function_80240B68
Creating struct: $Function_80240BE4
Creating struct: $Function_80240C4C
Creating struct: $ConstDouble_80242D40
Creating struct: $ConstDouble_80242D48
Creating struct: $ConstDouble_80242D50
Creating struct: $ConstDouble_80242D58
Creating struct: $ConstDouble_80242D60
Creating struct: $JumpTable_80242D68
Merged 1 regions to 1
$Function_80240C90 will be placed at 80240000 (length = 350 bytes)
$NpcGroup_Cleft3 will be placed at 80240350 (length = 1F0 bytes)
$NpcGroup_Cleft1 will be placed at 80240540 (length = 1F0 bytes)
$NpcGroup_Cleft2 will be placed at 80240730 (length = 1F0 bytes)
$Function_80240694 will be placed at 80240920 (length = 1A0 bytes)
$Function_802404D0 will be placed at 80240AC0 (length = 174 bytes)
$Function_80240000 will be placed at 80240C34 (length = 160 bytes)
$Function_80240834 will be placed at 80240D94 (length = 150 bytes)
$Function_80240A30 will be placed at 80240EE4 (length = 138 bytes)
$Function_802401D4 will be placed at 8024101C (length = 130 bytes)
$Script_Spring will be placed at 8024114C (length = F8 bytes)
$JumpTable_80242D68 will be placed at 80241244 (length = D4 bytes)
$Script_Main will be placed at 80241318 (length = B4 bytes)
$Function_80240984 will be placed at 802413CC (length = AC bytes)
$Function_80240428 will be placed at 80241478 (length = A8 bytes)
$Function_80240304 will be placed at 80241520 (length = 9C bytes)
$Function_802403A0 will be placed at 802415BC (length = 88 bytes)
$Script_MakeEntities will be placed at 80241644 (length = 84 bytes)
$Function_80240B68 will be placed at 802416C8 (length = 7C bytes)
$MapTattle will be placed at 80241744 (length = 78 bytes)
$Function_80240160 will be placed at 802417BC (length = 74 bytes)
$Function_80240BE4 will be placed at 80241830 (length = 68 bytes)
$Function_80240644 will be placed at 80241898 (length = 50 bytes)
$Script_80241420 will be placed at 802418E8 (length = 48 bytes)
$Function_80240C4C will be placed at 80241930 (length = 44 bytes)
$Script_Entry1 will be placed at 80241974 (length = 40 bytes)
$Script_Entry0 will be placed at 802419B4 (length = 40 bytes)
$Header will be placed at 802419F4 (length = 40 bytes)
$Script_MakeExits will be placed at 80241A34 (length = 38 bytes)
$NpcGroupList_Clefts will be placed at 80241A6C (length = 30 bytes)
$AISettings_80241CEC will be placed at 80241A9C (length = 30 bytes)
$Function_Init will be placed at 80241ACC (length = 2C bytes)
$NpcSettings_Cleft will be placed at 80241AF8 (length = 2C bytes)
$EntryList will be placed at 80241B24 (length = 20 bytes)
$Script_NpcAI_80241D1C will be placed at 80241B44 (length = 18 bytes)
$Function_GetTattle will be placed at 80241B5C (length = 14 bytes)
$ASCII_"cav_00"_Literal will be placed at 80241B70 (length = C bytes)
$ASCII_"cav_02"_Literal will be placed at 80241B7C (length = C bytes)
$ConstDouble_80242D58 will be placed at 80241B88 (length = 8 bytes)
$ConstDouble_80242D50 will be placed at 80241B90 (length = 8 bytes)
$ConstDouble_80242D48 will be placed at 80241B98 (length = 8 bytes)
$Script_SetMusic will be placed at 80241BA0 (length = 8 bytes)
$ConstDouble_80242D60 will be placed at 80241BA8 (length = 8 bytes)
$ConstDouble_80242D40 will be placed at 80241BB0 (length = 8 bytes)
$ASCII_"kpa_tex"_Literal will be placed at 80241BB8 (length = 8 bytes)
Executing patches for: tst_23
Reading patch file: map/patch/extra/tst_23.mpat
Creating struct: $Header
Creating struct: $Function_GetTattle
Creating struct: $Function_Init
Creating struct: $NpcGroupList_Cave
Creating struct: $NpcGroup_Puff1
Creating struct: $NpcGroup_Puff2
Creating struct: $NpcGroup_Cleft1
Creating struct: $NpcGroup_Cleft2
Creating struct: $NpcGroup_Cleft3
Creating struct: $NpcGroup_Rocks
Creating struct: $AISettings_80241CEC
Creating struct: $Script_NpcAI_80241D1C
Creating struct: $NpcSettings_Cleft
Creating struct: $RockData
Creating struct: $AISettings_Puff
Creating struct: $Script_NpcAI_Puff
Creating struct: $NpcSettings_Puff
Creating struct: $EntryList
Creating struct: $Script_SetMusic
Creating struct: $Script_MakeEntities
Creating struct: $Script_Main
Creating struct: $Script_MakeExits
Creating struct: $Script_Entry0
Creating struct: $Script_Entry1
Creating struct: $Script_Entry2
Creating struct: $Function_80240C90
Creating struct: $Function_80240000
Creating struct: $Function_80240160
Creating struct: $Function_802401D4
Creating struct: $Function_80240304
Creating struct: $Function_802403A0
Creating struct: $Function_80240428
Creating struct: $Function_802404D0
Creating struct: $Function_80240644
Creating struct: $Function_80240694
Creating struct: $Function_80240834
Creating struct: $Function_80240984
Creating struct: $Function_80240A30
Creating struct: $Function_80240B68
Creating struct: $Function_80240BE4
Creating struct: $Function_80240C4C
Creating struct: $ConstDouble_80242D40
Creating struct: $ConstDouble_80242D48
Creating struct: $ConstDouble_80242D58
Creating struct: $ConstDouble_80242D60
Creating struct: $JumpTable_80242D68
Creating struct: $JumpTable_80245450_PoisonPuff
Creating struct: $Function_80240E50_PoisonPuff
Creating struct: $Function_80241000_PoisonPuff
Creating struct: $Function_80241628_PoisonPuff
Creating struct: $Function_802416E8_PoisonPuff
Creating struct: $Function_80241A2C_PoisonPuff
Creating struct: $Function_80241AA4_PoisonPuff
Creating struct: $Function_80241B10_PoisonPuff
Creating struct: $Function_80241C44_PoisonPuff
Creating struct: $Function_80241CA8_PoisonPuff
Creating struct: $Function_80242038_PoisonPuff
Creating struct: $Function_80242754_PoisonPuff
Creating struct: $Function_80242348_PoisonPuff
Creating struct: $Function_80242478_PoisonPuff
Creating struct: $Function_802426F8_PoisonPuff
Creating struct: $FloatTable_80244010_PoisonPuff
Creating struct: $ConstDouble_802453F0_PoisonPuff
Creating struct: $ConstDouble_80245448_PoisonPuff
Creating struct: $ConstDouble_802453F8_PoisonPuff
Creating struct: $ConstDouble_80245400_PoisonPuff
Merged 1 regions to 1
$NpcGroup_Rocks will be placed at 80240000 (length = 9B0 bytes)
$Function_80241000_PoisonPuff will be placed at 802409B0 (length = 630 bytes)
$Function_80241CA8_PoisonPuff will be placed at 80240FE0 (length = 390 bytes)
$Function_80240C90 will be placed at 80241370 (length = 350 bytes)
$Function_802416E8_PoisonPuff will be placed at 802416C0 (length = 344 bytes)
$Function_80242478_PoisonPuff will be placed at 80241A04 (length = 288 bytes)
$NpcGroup_Cleft3 will be placed at 80241C8C (length = 1F0 bytes)
$NpcGroup_Cleft1 will be placed at 80241E7C (length = 1F0 bytes)
$NpcGroup_Cleft2 will be placed at 8024206C (length = 1F0 bytes)
$NpcGroup_Puff1 will be placed at 8024225C (length = 1F0 bytes)
$NpcGroup_Puff2 will be placed at 8024244C (length = 1F0 bytes)
$Function_80242754_PoisonPuff will be placed at 8024263C (length = 1E8 bytes)
$Function_80240E50_PoisonPuff will be placed at 80242824 (length = 1B0 bytes)
$Function_80240694 will be placed at 802429D4 (length = 1A0 bytes)
$Function_802404D0 will be placed at 80242B74 (length = 174 bytes)
$Function_80240000 will be placed at 80242CE8 (length = 160 bytes)
$Function_80240834 will be placed at 80242E48 (length = 150 bytes)
$Function_80240A30 will be placed at 80242F98 (length = 138 bytes)
$Function_802401D4 will be placed at 802430D0 (length = 138 bytes)
$Function_80241B10_PoisonPuff will be placed at 80243208 (length = 134 bytes)
$Function_80242348_PoisonPuff will be placed at 8024333C (length = 130 bytes)
$Function_80242038_PoisonPuff will be placed at 8024346C (length = 124 bytes)
$MapTattle will be placed at 80243590 (length = 120 bytes)
$JumpTable_80242D68 will be placed at 802436B0 (length = D4 bytes)
$Function_80241628_PoisonPuff will be placed at 80243784 (length = C0 bytes)
$Script_Main will be placed at 80243844 (length = B4 bytes)
$Function_80240984 will be placed at 802438F8 (length = AC bytes)
$Function_80240428 will be placed at 802439A4 (length = A8 bytes)
$Function_80240304 will be placed at 80243A4C (length = 9C bytes)
$Function_802403A0 will be placed at 80243AE8 (length = 88 bytes)
$Function_80240B68 will be placed at 80243B70 (length = 7C bytes)
$Function_80241A2C_PoisonPuff will be placed at 80243BEC (length = 78 bytes)
$Function_80240160 will be placed at 80243C64 (length = 74 bytes)
$Function_80241AA4_PoisonPuff will be placed at 80243CD8 (length = 6C bytes)
$Function_80240BE4 will be placed at 80243D44 (length = 68 bytes)
$Function_80241C44_PoisonPuff will be placed at 80243DAC (length = 64 bytes)
$Function_802426F8_PoisonPuff will be placed at 80243E10 (length = 5C bytes)
$Script_NpcAI_Puff will be placed at 80243E6C (length = 54 bytes)
$NpcGroupList_Cave will be placed at 80243EC0 (length = 54 bytes)
$JumpTable_80245450_PoisonPuff will be placed at 80243F14 (length = 54 bytes)
$Function_80240644 will be placed at 80243F68 (length = 50 bytes)
$Script_MakeExits will be placed at 80243FB8 (length = 50 bytes)
$Function_80240C4C will be placed at 80244008 (length = 44 bytes)
$Script_Entry1 will be placed at 8024404C (length = 40 bytes)
$Script_Entry0 will be placed at 8024408C (length = 40 bytes)
$Script_Entry2 will be placed at 802440CC (length = 40 bytes)
$Header will be placed at 8024410C (length = 40 bytes)
$EntryList will be placed at 8024414C (length = 30 bytes)
$AISettings_Puff will be placed at 8024417C (length = 30 bytes)
$AISettings_80241CEC will be placed at 802441AC (length = 30 bytes)
$NpcSettings_Puff will be placed at 802441DC (length = 2C bytes)
$NpcSettings_Cleft will be placed at 80244208 (length = 2C bytes)
$Function_Init will be placed at 80244234 (length = 2C bytes)
$RockData will be placed at 80244260 (length = 2C bytes)
$Script_MakeEntities will be placed at 8024428C (length = 28 bytes)
$Script_SetMusic will be placed at 802442B4 (length = 20 bytes)
$FloatTable_80244010_PoisonPuff will be placed at 802442D4 (length = 18 bytes)
$Script_NpcAI_80241D1C will be placed at 802442EC (length = 18 bytes)
$Function_GetTattle will be placed at 80244304 (length = 14 bytes)
$ASCII_"cav_03"_Literal will be placed at 80244318 (length = C bytes)
$ASCII_"cav_04"_Literal will be placed at 80244324 (length = C bytes)
$ASCII_"cav_01"_Literal will be placed at 80244330 (length = C bytes)
$ConstDouble_80242D58 will be placed at 80244340 (length = 8 bytes)
$ConstDouble_80245400_PoisonPuff will be placed at 80244348 (length = 8 bytes)
$ConstDouble_80242D48 will be placed at 80244350 (length = 8 bytes)
$ConstDouble_80242D40 will be placed at 80244358 (length = 8 bytes)
$ConstDouble_80245448_PoisonPuff will be placed at 80244360 (length = 8 bytes)
$ConstDouble_802453F8_PoisonPuff will be placed at 80244368 (length = 8 bytes)
$ConstDouble_80242D60 will be placed at 80244370 (length = 8 bytes)
$ConstDouble_802453F0_PoisonPuff will be placed at 80244378 (length = 8 bytes)
$ASCII_"kpa_tex"_Literal will be placed at 80244380 (length = 8 bytes)
Executing patches for: tst_24
Reading patch file: map/patch/extra/tst_24.mpat
Reading patch file: map/import/EnterViaPipe.mpat
Creating struct: $Script_EnterVerticalPipe
Creating struct: $Function_WarpPipeEntry_80240020
Creating struct: $Function_WarpPipeEntry_802400F0
Creating struct: $Function_WarpPipeEntry_8024023C
Creating struct: $Script_EnterHorizontalPipe
Reading patch file: map/import/ExitViaPipe.mpat
Creating struct: $Function_80240000
Creating struct: $Function_80240034
Creating struct: $Function_802400F0
Creating struct: $Function_802401D0
Creating struct: $Function_8024023C
Creating struct: $Script_VerticalPipe
Creating struct: $Script_HorizontalPipe
Creating struct: $Script_80243E50
Creating struct: $Script_EnterCeilingPipe
Creating struct: $CeilingPipe_Function1
Creating struct: $CeilingPipe_Function2
Creating struct: $Header
Creating struct: $Function_GetTattle
Creating struct: $Function_Init
Creating struct: $EntryList
Creating struct: $Script_SetMusic
Creating struct: $Script_Main
Creating struct: $Script_SignPost
Creating struct: $Script_RaisePipe
Creating struct: $Script_UseBluePipe
Creating struct: $Script_MakeExits
Creating struct: $Script_Entry0
Merged 1 regions to 1
$Script_EnterHorizontalPipe will be placed at 80240000 (length = 300 bytes)
$Script_EnterVerticalPipe will be placed at 80240300 (length = 280 bytes)
$Script_HorizontalPipe will be placed at 80240580 (length = 248 bytes)
$Script_EnterCeilingPipe will be placed at 802407C8 (length = 23C bytes)
$Script_Main will be placed at 80240A04 (length = 1EC bytes)
$Script_80243E50 will be placed at 80240BF0 (length = 160 bytes)
$CeilingPipe_Function1 will be placed at 80240D50 (length = E0 bytes)
$Function_802400F0 will be placed at 80240E30 (length = E0 bytes)
$Function_WarpPipeEntry_802400F0 will be placed at 80240F10 (length = E0 bytes)
$MapTattle will be placed at 80240FF0 (length = DC bytes)
$Function_80240034 will be placed at 802410CC (length = BC bytes)
$Function_8024023C will be placed at 80241188 (length = A4 bytes)
$Function_WarpPipeEntry_8024023C will be placed at 8024122C (length = A4 bytes)
$Script_VerticalPipe will be placed at 802412D0 (length = 90 bytes)
$CeilingPipe_Function2 will be placed at 80241360 (length = 6C bytes)
$Function_802401D0 will be placed at 802413CC (length = 6C bytes)
$Script_Entry0 will be placed at 80241438 (length = 40 bytes)
$Header will be placed at 80241478 (length = 40 bytes)
$SignText will be placed at 802414B8 (length = 38 bytes)
$Script_SignPost will be placed at 802414F0 (length = 34 bytes)
$Script_UseBluePipe will be placed at 80241524 (length = 2C bytes)
$Function_Init will be placed at 80241550 (length = 2C bytes)
$Script_RaisePipe will be placed at 8024157C (length = 2C bytes)
$EntryList will be placed at 802415A8 (length = 20 bytes)
$Function_80240000 will be placed at 802415C8 (length = 20 bytes)
$Script_MakeExits will be placed at 802415E8 (length = 20 bytes)
$Script_SetMusic will be placed at 80241608 (length = 20 bytes)
$Function_GetTattle will be placed at 80241628 (length = 14 bytes)
$Function_WarpPipeEntry_80240020 will be placed at 8024163C (length = 14 bytes)
$ASCII_"pit_01"_Literal will be placed at 80241650 (length = C bytes)
$ASCII_"cav_02"_Literal will be placed at 8024165C (length = C bytes)
$ASCII_"kpa_tex"_Literal will be placed at 80241668 (length = 8 bytes)
Executing patches for: tst_25
Reading patch file: map/patch/extra/tst_25.mpat
Reading patch file: map/import/NPC_Cleft.mpat
Creating struct: $AISettings_Cleft
Creating struct: $Script_NpcAI_Cleft
Creating struct: $NpcSettings_Cleft
Creating struct: $Function_DoAI_Cleft
Creating struct: $Function_80240000
Creating struct: $Function_80240160
Creating struct: $Function_802401D4
Creating struct: $Function_80240304
Creating struct: $Function_802403A0
Creating struct: $Function_80240428
Creating struct: $Function_802404D0
Creating struct: $Function_80240644
Creating struct: $Function_80240694
Creating struct: $Function_80240834
Creating struct: $Function_80240984
Creating struct: $Function_80240A30
Creating struct: $Function_80240B68
Creating struct: $Function_80240BE4
Creating struct: $Function_80240C4C
Creating struct: $JumpTable_80242D68
Reading patch file: map/import/NPC_Boo.mpat
Creating struct: $Function_802404E0_BooEnemy
Creating struct: $Function_80240690_BooEnemy
Creating struct: $Function_80240CB8_BooEnemy
Creating struct: $Function_80240D78_BooEnemy
Creating struct: $Function_802410BC_BooEnemy
Creating struct: $Function_80241134_BooEnemy
Creating struct: $Function_802416C8_BooEnemy
Creating struct: $Function_802419D8_BooEnemy
Creating struct: $Function_80241B08_BooEnemy
Creating struct: $Function_80241D88_BooEnemy
Creating struct: $Function_AI_BooEnemy
Creating struct: $FloatTable_BooEnemy
Creating struct: $JumpTable_BooEnemy
Creating struct: $AISettings_BooEnemy
Creating struct: $Script_NpcAI_BooEnemy
Creating struct: $NpcSettings_BooEnemy
Creating struct: $Function_ChooseAlpha
Creating struct: $Script_Boo_Aux
Creating struct: $Header
Creating struct: $Function_GetTattle
Creating struct: $Function_Init
Creating struct: $NpcGroupList_Cave
Creating struct: $NpcGroup_Cleft1
Creating struct: $NpcGroup_Cleft2
Creating struct: $NpcGroup_Rocks
Creating struct: $RockData
Creating struct: $NpcGroup_Boo1
Creating struct: $NpcGroup_Boo2
Reading patch for $Script_NpcAI_Cleft
Creating struct: $EntryList
Creating struct: $Script_SetMusic
Creating struct: $Script_MakeEntities
Creating struct: $Script_Spring
Creating struct: $Script_80241420
Creating struct: $Script_Main
Creating struct: $LavaResetList
Creating struct: $Script_MakeExits
Creating struct: $Script_Entry0
Creating struct: $Script_Entry1
Creating struct: $Script_Entry2
Merged 1 regions to 1
$Function_80240690_BooEnemy will be placed at 80240000 (length = 638 bytes)
$Function_DoAI_Cleft will be placed at 80240638 (length = 350 bytes)
$Function_80240D78_BooEnemy will be placed at 80240988 (length = 344 bytes)
$Function_80241B08_BooEnemy will be placed at 80240CCC (length = 288 bytes)
$NpcGroup_Cleft1 will be placed at 80240F54 (length = 1F0 bytes)
$NpcGroup_Cleft2 will be placed at 80241144 (length = 1F0 bytes)
$NpcGroup_Rocks will be placed at 80241334 (length = 1F0 bytes)
$NpcGroup_Boo1 will be placed at 80241524 (length = 1F0 bytes)
$NpcGroup_Boo2 will be placed at 80241714 (length = 1F0 bytes)
$Function_AI_BooEnemy will be placed at 80241904 (length = 1E8 bytes)
$Function_802404E0_BooEnemy will be placed at 80241AEC (length = 1B8 bytes)
$Function_80240694 will be placed at 80241CA4 (length = 1A8 bytes)
$Function_802404D0 will be placed at 80241E4C (length = 174 bytes)
$Function_80240000 will be placed at 80241FC0 (length = 168 bytes)
$Function_80240834 will be placed at 80242128 (length = 150 bytes)
$Function_80240A30 will be placed at 80242278 (length = 138 bytes)
$Function_802401D4 will be placed at 802423B0 (length = 138 bytes)
$Function_802419D8_BooEnemy will be placed at 802424E8 (length = 130 bytes)
$Function_802416C8_BooEnemy will be placed at 80242618 (length = 124 bytes)
$JumpTable_80242D68 will be placed at 8024273C (length = D4 bytes)
$Script_Boo_Aux will be placed at 80242810 (length = CC bytes)
$Script_Spring will be placed at 802428DC (length = C8 bytes)
$Script_Main will be placed at 802429A4 (length = C8 bytes)
$Function_80240CB8_BooEnemy will be placed at 80242A6C (length = C0 bytes)
$Function_80240984 will be placed at 80242B2C (length = B4 bytes)
$Function_80240428 will be placed at 80242BE0 (length = A8 bytes)
$Function_80240304 will be placed at 80242C88 (length = 9C bytes)
$Function_ChooseAlpha will be placed at 80242D24 (length = 98 bytes)
$Function_802403A0 will be placed at 80242DBC (length = 88 bytes)
$Function_80240B68 will be placed at 80242E44 (length = 7C bytes)
$Function_802410BC_BooEnemy will be placed at 80242EC0 (length = 78 bytes)
$Function_80240160 will be placed at 80242F38 (length = 74 bytes)
$MapTattle will be placed at 80242FAC (length = 6C bytes)
$Function_80241134_BooEnemy will be placed at 80243018 (length = 6C bytes)
$Function_80240BE4 will be placed at 80243084 (length = 68 bytes)
$Function_80241D88_BooEnemy will be placed at 802430EC (length = 5C bytes)
$JumpTable_BooEnemy will be placed at 80243148 (length = 54 bytes)
$Script_MakeEntities will be placed at 8024319C (length = 54 bytes)
$Script_NpcAI_BooEnemy will be placed at 802431F0 (length = 54 bytes)
$Function_80240644 will be placed at 80243244 (length = 50 bytes)
$Script_MakeExits will be placed at 80243294 (length = 50 bytes)
$Script_80241420 will be placed at 802432E4 (length = 48 bytes)
$NpcGroupList_Cave will be placed at 8024332C (length = 48 bytes)
$Function_80240C4C will be placed at 80243374 (length = 44 bytes)
$LavaResetList will be placed at 802433B8 (length = 44 bytes)
$Script_Entry1 will be placed at 802433FC (length = 40 bytes)
$Script_Entry0 will be placed at 8024343C (length = 40 bytes)
$Script_Entry2 will be placed at 8024347C (length = 40 bytes)
$Header will be placed at 802434BC (length = 40 bytes)
$EntryList will be placed at 802434FC (length = 30 bytes)
$AISettings_BooEnemy will be placed at 8024352C (length = 30 bytes)
$AISettings_Cleft will be placed at 8024355C (length = 30 bytes)
$NpcSettings_BooEnemy will be placed at 8024358C (length = 2C bytes)
$NpcSettings_Cleft will be placed at 802435B8 (length = 2C bytes)
$Function_Init will be placed at 802435E4 (length = 2C bytes)
$RockData will be placed at 80243610 (length = 2C bytes)
$Script_SetMusic will be placed at 8024363C (length = 20 bytes)
$FloatTable_BooEnemy will be placed at 8024365C (length = 18 bytes)
$Script_NpcAI_Cleft will be placed at 80243674 (length = 18 bytes)
$Function_GetTattle will be placed at 8024368C (length = 14 bytes)
$ASCII_"cav_05"_Literal will be placed at 802436A0 (length = C bytes)
$ASCII_"cav_13"_Literal will be placed at 802436AC (length = C bytes)
$ASCII_"cav_02"_Literal will be placed at 802436B8 (length = C bytes)
$ASCII_"kpa_tex"_Literal will be placed at 802436C4 (length = 8 bytes)
Executing patches for: flo_00
Reading patch file: map/patch/flower fields/flo_00.mpat
Reading patch for $Script_MakeEntities
Reading patch for $Script_80242FCC
Reading patch for $Script_Interact_80243C4C
Merged 14 regions to 12
$NeedTheBean1 will be placed at 80249380 (length = 1B4 bytes)
$WheresCovertGuy will be placed at 80249534 (length = F8 bytes)
$NeedTheBean2 will be placed at 8024329C (length = 6C bytes)
$Script_MakeEntities will be placed at 80249128 (length = 58 bytes)
Changing pointer 80249130 to 80249128 ($Script_MakeEntities[0])
Executing patches for: flo_03
Reading patch file: map/patch/flower fields/flo_03.mpat
Reading patch for $NpcGroup_80243A7C
Reading patch for $NpcGroupList_8024442C
Reading patch for $Script_Idle_8024219C
Reading patch for $Script_Idle_80242618
Reading patch for $Script_Idle_80242A94
Reading patch for $Script_Idle_80242F10
Reading patch for $Script_Interact_802412BC
Merged 7 regions to 7
$NoBean will be placed at 80241BC0 (length = D0 bytes)
$GetTheBean will be placed at 80244F50 (length = 60 bytes)
$Hmm will be placed at 80240034 (length = C bytes)
Executing patches for: flo_07
Reading patch file: map/patch/flower fields/flo_07.mpat
Creating struct: $NpcGroup_DarkMario
Creating struct: $Script_Init_Invis
Creating struct: $Script_Nothing
Reading patch for $NpcGroupList_80242B0C
Reading patch for $Script_Main_EnterWalk
Creating struct: $Script_SpawnItem
Reading patch for $Script_Tree1_Callback
Reading patch for $Script_802424F4
Creating struct: $ItemSmallJump
Creating struct: $ItemBigJump
Merged 11 regions to 7
$Script_Tree1_Callback will be placed at 80242B48 (length = 338 bytes)
$ItemSmallJump will be placed at 802425E8 (length = 220 bytes)
$NpcGroup_DarkMario will be placed at 80242E80 (length = 1F0 bytes)
$NoBadgeBanned will be placed at 802410BC (length = 12C bytes)
$ItemBigJump will be placed at 80243070 (length = 10C bytes)
$NoBadgeAnymore will be placed at 8024317C (length = FC bytes)
$GetTheBadge will be placed at 80243278 (length = CC bytes)
$Script_SpawnItem will be placed at 80242808 (length = 50 bytes)
$Script_Init_Invis will be placed at 802411E8 (length = 28 bytes)
$NpcGroupList_80242B0C will be placed at 80242B0C (length = 24 bytes)
$Script_Nothing will be placed at 802403D8 (length = 8 bytes)
Changing pointer 802425F8 to 80242B48 ($Script_Tree1_Callback[0])
Executing patches for: flo_08
Reading patch file: map/patch/flower fields/flo_08.mpat
Creating struct: $NpcGroupList_OneKill
Creating struct: $NpcGroupList_TwoKills
Reading patch for $Script_Main_EnterWalk
Reading patch for $Function_802401CC
Reading patch for $???_80241FB8
Reading patch for $???_80241FC8
Merged 12 regions to 10
$NpcGroupList_OneKill will be placed at 80242DE0 (length = 78 bytes)
$NpcGroupList_TwoKills will be placed at 802462C0 (length = 78 bytes)
$???_80241FC8 will be placed at 80241FB8 (length = 48 bytes)
$???_80241FB8 will be placed at 80242E58 (length = 14 bytes)
Changing pointer 80241FB8 to 80242E58 ($???_80241FB8[0])
Changing pointer 80241FC8 to 80241FB8 ($???_80241FC8[0])
Changing pointer 802462C0 to 80246340 ($End[0])
Changing pointer 802462C0 to 80246340 ($End[0])
Changing pointer 802462C0 to 80246340 ($End[0])
Changing pointer 80246598 to 80246618 ($End[2D8])
Changing pointer 8024659C to 8024661C ($End[2DC])
Changing pointer 802462C0 to 80246340 ($End[0])
Changing pointer 80246430 to 802464B0 ($End[170])
Executing patches for: flo_09
Reading patch file: map/patch/flower fields/flo_09.mpat
Reading patch for $NpcGroup_80243D6C
Reading patch for $NpcGroup_80243F5C
Creating struct: $NpcSettings_80244578
Creating struct: $NpcGroup_Bzzrk
Reading patch for $NpcGroupList_8024414C
Merged 10 regions to 8
$NpcGroup_Bzzrk will be placed at 802441F4 (length = 1F0 bytes)
$NpcGroupList_8024414C will be placed at 802443E4 (length = 48 bytes)
$NpcSettings_80244578 will be placed at 8024414C (length = 2C bytes)
Changing pointer 8024414C to 802443E4 ($NpcGroupList_8024414C[0])
Executing patches for: flo_11
Reading patch file: map/patch/flower fields/flo_11.mpat
Reading patch for $NpcGroupList_802430D4
Creating struct: $NpcGroupList_NoCovert
Creating struct: $NpcSettings_CovertGuy
Creating struct: $NpcGroup_CovertGuy
Reading patch for $Script_Main_EnterWalk
Creating struct: $Script_CovertFight
Creating struct: $Script_CovertDefeat
Creating struct: $Script_Init_CovertGuy
Merged 8 regions to 5
$NpcGroup_CovertGuy will be placed at 80243158 (length = 1F0 bytes)
$Script_CovertDefeat will be placed at 80243348 (length = 114 bytes)
$Script_CovertFight will be placed at 8024345C (length = D0 bytes)
$FoundMe3 will be placed at 8024352C (length = 88 bytes)
$BeanGet1 will be placed at 802435B4 (length = 7C bytes)
$FoundMe1 will be placed at 80243630 (length = 6C bytes)
$FoundMe2 will be placed at 8024369C (length = 6C bytes)
$NpcSettings_CovertGuy will be placed at 80241A5C (length = 2C bytes)
$Script_Init_CovertGuy will be placed at 80243708 (length = 28 bytes)
$NpcGroupList_802430D4 will be placed at 80241A88 (length = 24 bytes)
$NpcGroupList_NoCovert will be placed at 802430D4 (length = 18 bytes)
Changing pointer 802430D4 to 80241A88 ($NpcGroupList_802430D4[0])
Executing patches for: flo_12
Reading patch file: map/patch/flower fields/flo_12.mpat
Reading patch for $Script_Main_EnterWalk
Reading patch for $Script_802419F4
Reading patch for $Script_Init_802423D0
Reading patch for $Script_Interact_80241C8C
Creating struct: $ItemList_80240E10
Creating struct: $Script_GiveItemSetup
Creating struct: $Script_GiveItem
Creating struct: $Function_802419C4
Creating struct: $Function_80241BCC
Creating struct: $Function_802417A0
Creating struct: $Function_802419FC
Creating struct: $Function_80241970
Creating struct: $???_80243088
Creating struct: $???_8024308C
Merged 9 regions to 7
$Script_Interact_80241C8C will be placed at 80241C8C (length = 764 bytes)
$Script_Init_802423D0 will be placed at 802429E0 (length = 2D4 bytes)
$Function_802417A0 will be placed at 802423F0 (length = 1D0 bytes)
$YouWantIt will be placed at 80242CB4 (length = 190 bytes)
$WrongItem will be placed at 80242E44 (length = FC bytes)
$Script_GiveItem will be placed at 80242F40 (length = E0 bytes)
$CoolBadge will be placed at 80243020 (length = BC bytes)
$ShroomGet will be placed at 802430DC (length = B4 bytes)
$Function_802419FC will be placed at 80243190 (length = 9C bytes)
$FoundIt will be placed at 80240DB4 (length = 7C bytes)
$Function_80241970 will be placed at 8024322C (length = 54 bytes)
$Script_GiveItemSetup will be placed at 80243280 (length = 3C bytes)
$Function_802419C4 will be placed at 802432BC (length = 38 bytes)
$Function_80241BCC will be placed at 802432F4 (length = 34 bytes)
$DidYouFindIt will be placed at 80241B40 (length = 1C bytes)
$ItemList_80240E10 will be placed at 802406E8 (length = 8 bytes)
$???_80243088 will be placed at 8024086C (length = 4 bytes)
$???_8024308C will be placed at 80240034 (length = 4 bytes)
Changing pointer 802429E0 to 80243330 ($End[0])
Changing pointer 802429E0 to 80243330 ($End[0])
Changing pointer 802429E0 to 80243330 ($End[0])
Changing pointer 802429E0 to 80243330 ($End[0])
Changing pointer 802423D0 to 802429E0 ($Script_Init_802423D0[0])
Executing patches for: flo_13
Reading patch file: map/patch/flower fields/flo_13.mpat
Reading patch for $Script_MakeEntities
Creating struct: $Script_Init_Lakilulu
Creating struct: $Script_IdleAILakilulu
Creating struct: $Script_802421A8
Reading patch for $NpcGroupList_80247984
Creating struct: $GroupLakilulu
Creating struct: $BlankSettings
Reading patch for $Script_80245444
Reading patch for $Script_80245014
Creating struct: $Script_Interact
Merged 13 regions to 11
$GroupLakilulu will be placed at 80245DF4 (length = 1F0 bytes)
$NpcGroupList_80247984 will be placed at 80247984 (length = 9C bytes)
$Script_802421A8 will be placed at 802439F4 (length = 40 bytes)
$Script_IdleAILakilulu will be placed at 80245348 (length = 38 bytes)
$Script_Init_Lakilulu will be placed at 80247B00 (length = 38 bytes)
$BlankSettings will be placed at 80245FE4 (length = 2C bytes)
$Script_Interact will be placed at 80240034 (length = 8 bytes)
Changing pointer 80247B00 to 80247B40 ($End[0])
Changing pointer 8024BA90 to 8024BAD0 ($End[3F90])
Changing pointer 80247D00 to 80247D40 ($End[200])
Executing patches for: flo_14
Reading patch file: map/patch/flower fields/flo_14.mpat
Reading patch file: map/import/Pit_AI.mpat
Creating struct: $NpcSettings_Goomba
Creating struct: $NpcSettings_Koopa
Creating struct: $NpcSettings_Fuzzy
Creating struct: $Script_NpcAI_Fuzzy
Creating struct: $Script_GoombaAI
Creating struct: $AISettings_Goomba
Creating struct: $AISettings_Fuzzy_802413E0
Creating struct: $JumpTable_Fuzzy_802423B8
Creating struct: $Function_Fuzzy_80240000
Creating struct: $Function_Fuzzy_80240230
Creating struct: $Function_Fuzzy_80240568
Creating struct: $Function_Fuzzy_80240628
Creating struct: $Function_Fuzzy_802407CC
Creating struct: $Function_Fuzzy_802408AC
Creating struct: $Function_Fuzzy_80240BAC
Creating struct: $Function_Fuzzy_80240BF0
Creating struct: $JumpTable_Koopa_80245CF8
Creating struct: $Script_NpcAI_Koopa
Creating struct: $AISettings_Koopa_802427BC
Creating struct: $NpcSettings_BuzzyBeetle
Creating struct: $AISettings_BuzzyBeetle
Creating struct: $Script_NpcAI_BuzzyBeetle
Creating struct: $AISettings_Koopatrol
Creating struct: $Script_NpcAI_Koopatrol
Creating struct: $NpcSettings_Koopatrol
Creating struct: $AISettings_Spiny
Creating struct: $Script_NpcAI_Spiny
Creating struct: $NpcSettings_Spiny
Creating struct: $AISettings_BonyBeetle
Creating struct: $Script_NpcAI_BonyBeetle
Creating struct: $NpcSettings_BonyBeetle
Creating struct: $Function_DoAI_ShellEnemy
Creating struct: $Function_Koopa_80240000
Creating struct: $Function_Koopa_8024007C
Creating struct: $Function_Koopa_802401B0
Creating struct: $Function_Koopa_80240314
Creating struct: $NpcSettings_Bubble
Creating struct: $Script_NpcAI_Bubble
Creating struct: $AISettings_Bubble
Creating struct: $JumpTable_NEW130A8
Creating struct: $JumpTable_NEW130F0
Creating struct: $Function_NEW10000
Creating struct: $Function_NEW10348
Creating struct: $Function_NEW1040C
Creating struct: $Function_NEW10530
Creating struct: $Function_NEW10720
Creating struct: $Function_NEW107F4
Creating struct: $Function_NEW10820
Creating struct: $Function_NEW109D0
Creating struct: $Function_NEW10FF8
Creating struct: $Function_NEW110B8
Creating struct: $Function_NEW113FC
Creating struct: $Function_NEW11474
Creating struct: $Function_NEW114E0
Creating struct: $Function_NEW11614
Creating struct: $Function_NEW11678
Creating struct: $Function_NEW11A08
Creating struct: $Function_NEW11B2C
Creating struct: $Function_NEW11D18
Creating struct: $Function_NEW11E48
Creating struct: $Function_NEW120C8
Creating struct: $Function_NEW12124
Creating struct: $???_NEW123E0
Creating struct: $FloatTable_NEW12930
Creating struct: $FloatTable_NEW12B90
Reading patch for $NpcGroup_80244D10
Reading patch for $NpcSettings_Goomba
Creating struct: $NpcGroup_RBush
Creating struct: $NpcGroup_RBush2
Reading patch for $NpcGroupList_80244F00
Merged 11 regions to 9
$Function_NEW109D0 will be placed at 802453A4 (length = 638 bytes)
$Function_DoAI_ShellEnemy will be placed at 802459DC (length = 440 bytes)
$Function_NEW11678 will be placed at 80245E1C (length = 390 bytes)
$Function_NEW10000 will be placed at 802461AC (length = 350 bytes)
$Function_NEW110B8 will be placed at 802464FC (length = 344 bytes)
$Function_Fuzzy_80240230 will be placed at 80246840 (length = 340 bytes)
$Function_Fuzzy_802408AC will be placed at 80246B80 (length = 300 bytes)
$Function_NEW11E48 will be placed at 80246E80 (length = 288 bytes)
$Function_Fuzzy_80240000 will be placed at 80247108 (length = 230 bytes)
$Function_Fuzzy_80240BF0 will be placed at 80247338 (length = 224 bytes)
$NpcGroup_RBush2 will be placed at 8024755C (length = 1F0 bytes)
$NpcGroup_RBush will be placed at 8024774C (length = 1F0 bytes)
$Function_NEW11B2C will be placed at 8024793C (length = 1EC bytes)
$Function_NEW12124 will be placed at 80247B28 (length = 1E8 bytes)
$Function_NEW10530 will be placed at 80247D10 (length = 1E8 bytes)
$Function_NEW10820 will be placed at 80247EF8 (length = 1B8 bytes)
$Function_Fuzzy_80240628 will be placed at 802480B0 (length = 1A4 bytes)
$Function_Koopa_802401B0 will be placed at 80248254 (length = 164 bytes)
$Function_Koopa_8024007C will be placed at 802483B8 (length = 13C bytes)
$Function_NEW114E0 will be placed at 802484F4 (length = 134 bytes)
$Function_NEW11D18 will be placed at 80248628 (length = 130 bytes)
$Function_NEW11A08 will be placed at 80248758 (length = 124 bytes)
$Function_NEW1040C will be placed at 8024887C (length = 124 bytes)
$Function_Fuzzy_802407CC will be placed at 802489A0 (length = E0 bytes)
$Function_NEW10720 will be placed at 80248A80 (length = D4 bytes)
$Function_NEW10348 will be placed at 80248B54 (length = C4 bytes)
$Function_Fuzzy_80240568 will be placed at 80248C18 (length = C0 bytes)
$Function_NEW10FF8 will be placed at 80248CD8 (length = C0 bytes)
$Function_Koopa_80240314 will be placed at 80248D98 (length = 80 bytes)
$Function_Koopa_80240000 will be placed at 80248E18 (length = 7C bytes)
$Function_NEW113FC will be placed at 80248E94 (length = 78 bytes)
$FloatTable_NEW12930 will be placed at 80248F0C (length = 70 bytes)
$Function_NEW11474 will be placed at 80248F7C (length = 6C bytes)
$Function_NEW11614 will be placed at 80248FE8 (length = 64 bytes)
$Function_NEW120C8 will be placed at 8024904C (length = 5C bytes)
$Script_NpcAI_Spiny will be placed at 802490A8 (length = 54 bytes)
$JumpTable_Koopa_80245CF8 will be placed at 802490FC (length = 54 bytes)
$JumpTable_NEW130F0 will be placed at 80249150 (length = 54 bytes)
$Script_NpcAI_BonyBeetle will be placed at 802491A4 (length = 54 bytes)
$Script_NpcAI_BuzzyBeetle will be placed at 802491F8 (length = 54 bytes)
$Script_NpcAI_Koopa will be placed at 8024924C (length = 54 bytes)
$Script_NpcAI_Koopatrol will be placed at 802492A0 (length = 54 bytes)
$Script_NpcAI_Bubble will be placed at 802492F4 (length = 54 bytes)
$Function_Fuzzy_80240BAC will be placed at 80249348 (length = 44 bytes)
$NpcGroupList_80244F00 will be placed at 8024938C (length = 3C bytes)
$JumpTable_Fuzzy_802423B8 will be placed at 802493C8 (length = 3C bytes)
$JumpTable_NEW130A8 will be placed at 80249404 (length = 3C bytes)
$AISettings_Spiny will be placed at 80244F00 (length = 30 bytes)
$AISettings_BonyBeetle will be placed at 80249440 (length = 30 bytes)
$AISettings_BuzzyBeetle will be placed at 80249470 (length = 30 bytes)
$AISettings_Koopa_802427BC will be placed at 802494A0 (length = 30 bytes)
$AISettings_Bubble will be placed at 802494D0 (length = 30 bytes)
$AISettings_Koopatrol will be placed at 80249500 (length = 30 bytes)
$AISettings_Fuzzy_802413E0 will be placed at 80249530 (length = 30 bytes)
$AISettings_Goomba will be placed at 80249560 (length = 30 bytes)
$Function_NEW107F4 will be placed at 80249590 (length = 2C bytes)
$Script_NpcAI_Fuzzy will be placed at 802495BC (length = 2C bytes)
$NpcSettings_Fuzzy will be placed at 802495E8 (length = 2C bytes)
$NpcSettings_Bubble will be placed at 80249614 (length = 2C bytes)
$NpcSettings_Koopa will be placed at 80249640 (length = 2C bytes)
$NpcSettings_Koopatrol will be placed at 8024966C (length = 2C bytes)
$NpcSettings_Spiny will be placed at 80249698 (length = 2C bytes)
$NpcSettings_BonyBeetle will be placed at 802496C4 (length = 2C bytes)
$NpcSettings_BuzzyBeetle will be placed at 802496F0 (length = 2C bytes)
$NpcSettings_Goomba will be placed at 8024971C (length = 2C bytes)
$FloatTable_NEW12B90 will be placed at 80249748 (length = 18 bytes)
$Script_GoombaAI will be placed at 80249760 (length = 14 bytes)
$???_NEW123E0 will be placed at 8024235C (length = 4 bytes)
Changing pointer 802453B0 to 80249780 ($End[0])
Changing pointer 802453B0 to 80249780 ($End[0])
Changing pointer 802453B0 to 80249780 ($End[0])
Changing pointer 80244F00 to 8024938C ($NpcGroupList_80244F00[0])
Changing pointer 802453B0 to 80249780 ($End[0])
Executing patches for: flo_16
Reading patch file: map/patch/flower fields/flo_16.mpat
Reading patch for $NpcGroup_802440F4
Reading patch for $NpcGroup_802442E4
Reading patch for $Function_802402AC
Reading patch for $???_80243708
Reading patch for $???_80243718
Reading patch for $Script_MakeEntities
Merged 13 regions to 10
$Script_MakeEntities will be placed at 80243F44 (length = CC bytes)
$???_80243718 will be placed at 80243708 (length = 48 bytes)
$???_80243708 will be placed at 802454A4 (length = 14 bytes)
Changing pointer 80243708 to 802454A4 ($???_80243708[0])
Changing pointer 80243718 to 80243708 ($???_80243718[0])
Executing patches for: flo_17
Reading patch file: map/patch/flower fields/flo_17.mpat
Reading patch file: map/import/Pit_AI.mpat
Creating struct: $NpcSettings_Goomba
Creating struct: $NpcSettings_Koopa
Creating struct: $NpcSettings_Fuzzy
Creating struct: $Script_NpcAI_Fuzzy
Creating struct: $Script_GoombaAI
Creating struct: $AISettings_Goomba
Creating struct: $AISettings_Fuzzy_802413E0
Creating struct: $JumpTable_Fuzzy_802423B8
Creating struct: $Function_Fuzzy_80240000
Creating struct: $Function_Fuzzy_80240230
Creating struct: $Function_Fuzzy_80240568
Creating struct: $Function_Fuzzy_80240628
Creating struct: $Function_Fuzzy_802407CC
Creating struct: $Function_Fuzzy_802408AC
Creating struct: $Function_Fuzzy_80240BAC
Creating struct: $Function_Fuzzy_80240BF0
Creating struct: $JumpTable_Koopa_80245CF8
Creating struct: $Script_NpcAI_Koopa
Creating struct: $AISettings_Koopa_802427BC
Creating struct: $NpcSettings_BuzzyBeetle
Creating struct: $AISettings_BuzzyBeetle
Creating struct: $Script_NpcAI_BuzzyBeetle
Creating struct: $AISettings_Koopatrol
Creating struct: $Script_NpcAI_Koopatrol
Creating struct: $NpcSettings_Koopatrol
Creating struct: $AISettings_Spiny
Creating struct: $Script_NpcAI_Spiny
Creating struct: $NpcSettings_Spiny
Creating struct: $AISettings_BonyBeetle
Creating struct: $Script_NpcAI_BonyBeetle
Creating struct: $NpcSettings_BonyBeetle
Creating struct: $Function_DoAI_ShellEnemy
Creating struct: $Function_Koopa_80240000
Creating struct: $Function_Koopa_8024007C
Creating struct: $Function_Koopa_802401B0
Creating struct: $Function_Koopa_80240314
Creating struct: $NpcSettings_Bubble
Creating struct: $Script_NpcAI_Bubble
Creating struct: $AISettings_Bubble
Creating struct: $JumpTable_NEW130A8
Creating struct: $JumpTable_NEW130F0
Creating struct: $Function_NEW10000
Creating struct: $Function_NEW10348
Creating struct: $Function_NEW1040C
Creating struct: $Function_NEW10530
Creating struct: $Function_NEW10720
Creating struct: $Function_NEW107F4
Creating struct: $Function_NEW10820
Creating struct: $Function_NEW109D0
Creating struct: $Function_NEW10FF8
Creating struct: $Function_NEW110B8
Creating struct: $Function_NEW113FC
Creating struct: $Function_NEW11474
Creating struct: $Function_NEW114E0
Creating struct: $Function_NEW11614
Creating struct: $Function_NEW11678
Creating struct: $Function_NEW11A08
Creating struct: $Function_NEW11B2C
Creating struct: $Function_NEW11D18
Creating struct: $Function_NEW11E48
Creating struct: $Function_NEW120C8
Creating struct: $Function_NEW12124
Creating struct: $???_NEW123E0
Creating struct: $FloatTable_NEW12930
Creating struct: $FloatTable_NEW12B90
Reading patch for $NpcGroupList_80245228
Reading patch for $NpcSettings_Goomba
Creating struct: $NpcGroup_RBush
Reading patch for $Script_MakeEntities
Merged 11 regions to 9
$Function_NEW109D0 will be placed at 802453C0 (length = 638 bytes)
$Function_DoAI_ShellEnemy will be placed at 802459F8 (length = 440 bytes)
$Function_NEW11678 will be placed at 80245E38 (length = 390 bytes)
$Function_NEW10000 will be placed at 802461C8 (length = 350 bytes)
$Function_NEW110B8 will be placed at 80246518 (length = 344 bytes)
$Function_Fuzzy_80240230 will be placed at 8024685C (length = 340 bytes)
$Function_Fuzzy_802408AC will be placed at 80246B9C (length = 300 bytes)
$Function_NEW11E48 will be placed at 80246E9C (length = 288 bytes)
$Function_Fuzzy_80240000 will be placed at 80247124 (length = 230 bytes)
$Function_Fuzzy_80240BF0 will be placed at 80247354 (length = 224 bytes)
$NpcGroup_RBush will be placed at 80247578 (length = 1F0 bytes)
$Function_NEW11B2C will be placed at 80247768 (length = 1EC bytes)
$Function_NEW12124 will be placed at 80247954 (length = 1E8 bytes)
$Function_NEW10530 will be placed at 80247B3C (length = 1E8 bytes)
$Function_NEW10820 will be placed at 80247D24 (length = 1B8 bytes)
$Function_Fuzzy_80240628 will be placed at 80247EDC (length = 1A4 bytes)
$Function_Koopa_802401B0 will be placed at 80248080 (length = 164 bytes)
$Function_Koopa_8024007C will be placed at 802481E4 (length = 13C bytes)
$Function_NEW114E0 will be placed at 80248320 (length = 134 bytes)
$Function_NEW11D18 will be placed at 80248454 (length = 130 bytes)
$Function_NEW11A08 will be placed at 80248584 (length = 124 bytes)
$Function_NEW1040C will be placed at 802486A8 (length = 124 bytes)
$Function_Fuzzy_802407CC will be placed at 802487CC (length = E0 bytes)
$Function_NEW10720 will be placed at 802488AC (length = D4 bytes)
$Function_NEW10348 will be placed at 80248980 (length = C4 bytes)
$Function_Fuzzy_80240568 will be placed at 80248A44 (length = C0 bytes)
$Function_NEW10FF8 will be placed at 80248B04 (length = C0 bytes)
$Function_Koopa_80240314 will be placed at 80248BC4 (length = 80 bytes)
$Function_Koopa_80240000 will be placed at 80248C44 (length = 7C bytes)
$Function_NEW113FC will be placed at 80248CC0 (length = 78 bytes)
$FloatTable_NEW12930 will be placed at 80248D38 (length = 70 bytes)
$Function_NEW11474 will be placed at 80248DA8 (length = 6C bytes)
$Function_NEW11614 will be placed at 80248E14 (length = 64 bytes)
$NpcGroupList_80245228 will be placed at 80248E78 (length = 60 bytes)
$Function_NEW120C8 will be placed at 80248ED8 (length = 5C bytes)
$Script_NpcAI_Spiny will be placed at 80245228 (length = 54 bytes)
$JumpTable_Koopa_80245CF8 will be placed at 80248F34 (length = 54 bytes)
$JumpTable_NEW130F0 will be placed at 80248F88 (length = 54 bytes)
$Script_NpcAI_BonyBeetle will be placed at 80248FDC (length = 54 bytes)
$Script_NpcAI_BuzzyBeetle will be placed at 80249030 (length = 54 bytes)
$Script_NpcAI_Koopa will be placed at 80249084 (length = 54 bytes)
$Script_NpcAI_Koopatrol will be placed at 802490D8 (length = 54 bytes)
$Script_NpcAI_Bubble will be placed at 8024912C (length = 54 bytes)
$Function_Fuzzy_80240BAC will be placed at 80249180 (length = 44 bytes)
$JumpTable_Fuzzy_802423B8 will be placed at 802491C4 (length = 3C bytes)
$JumpTable_NEW130A8 will be placed at 80249200 (length = 3C bytes)
$AISettings_Spiny will be placed at 8024923C (length = 30 bytes)
$AISettings_BonyBeetle will be placed at 8024926C (length = 30 bytes)
$AISettings_BuzzyBeetle will be placed at 8024929C (length = 30 bytes)
$AISettings_Koopa_802427BC will be placed at 802492CC (length = 30 bytes)
$AISettings_Bubble will be placed at 802492FC (length = 30 bytes)
$AISettings_Koopatrol will be placed at 8024932C (length = 30 bytes)
$AISettings_Fuzzy_802413E0 will be placed at 8024935C (length = 30 bytes)
$AISettings_Goomba will be placed at 8024938C (length = 30 bytes)
$Function_NEW107F4 will be placed at 802493BC (length = 2C bytes)
$Script_NpcAI_Fuzzy will be placed at 802493E8 (length = 2C bytes)
$NpcSettings_Fuzzy will be placed at 80249414 (length = 2C bytes)
$NpcSettings_Bubble will be placed at 80249440 (length = 2C bytes)
$NpcSettings_Koopa will be placed at 8024946C (length = 2C bytes)
$NpcSettings_Koopatrol will be placed at 80249498 (length = 2C bytes)
$NpcSettings_Spiny will be placed at 802494C4 (length = 2C bytes)
$NpcSettings_BonyBeetle will be placed at 802494F0 (length = 2C bytes)
$NpcSettings_BuzzyBeetle will be placed at 8024951C (length = 2C bytes)
$NpcSettings_Goomba will be placed at 80249548 (length = 2C bytes)
$FloatTable_NEW12B90 will be placed at 802452D8 (length = 18 bytes)
$Script_GoombaAI will be placed at 80249574 (length = 14 bytes)
$???_NEW123E0 will be placed at 8024006C (length = 4 bytes)
Changing pointer 80245228 to 80248E78 ($NpcGroupList_80245228[0])
Executing patches for: flo_18
Reading patch file: map/patch/flower fields/flo_18.mpat
Reading patch for $Script_80244774
Reading patch for $Script_80244ED0
Reading patch for $Script_80245004
Reading patch for $Script_Interact_802457D4
Reading patch for $NpcGroup_80245CEC
Merged 11 regions to 11
Executing patches for: flo_21
Reading patch file: map/patch/flower fields/flo_21.mpat
Reading patch for $NpcGroup_80243DDC
Reading patch for $ExtraAnimationList_80243DD4
Reading patch for $Script_Init_802437A8
Merged 5 regions to 4
Executing patches for: flo_22
Reading patch file: map/patch/flower fields/flo_22.mpat
Reading patch for $NpcGroup_80240A04
Reading patch for $Script_80241528
Reading patch for $Script_80241028
Reading patch for $Script_Defeat_802405E4
Merged 10 regions to 8
Executing patches for: flo_24
Reading patch file: map/patch/flower fields/flo_24.mpat
Reading patch for $EntryList
Reading patch for $Header
Creating struct: $Script_Entry3
Creating struct: $Script_Entry4
Reading patch for $Script_80241728
Reading patch for $Script_802409F4
Reading patch for $Script_Main_EnterWalk
Reading patch for $Script_80241ABC
Reading patch for $Script_MakeEntities
Merged 13 regions to 9
$Script_802409F4 will be placed at 80240C80 (length = 7C bytes)
$EntryList will be placed at 80242288 (length = 50 bytes)
$Script_Entry3 will be placed at 802409F4 (length = 40 bytes)
$Script_Entry4 will be placed at 80240CFC (length = 40 bytes)
$ASCII_"flo_26"_Literal will be placed at 80240034 (length = C bytes)
Changing pointer 80240590 to 80242288 ($EntryList[0])
Changing pointer 802409F4 to 80240C80 ($Script_802409F4[0])
Changing pointer 802409F4 to 80240C80 ($Script_802409F4[0])
Executing patches for: flo_25
Reading patch file: map/patch/flower fields/flo_25.mpat
Reading patch for $NpcGroup_8024387C
Reading patch for $NpcGroup_80243A6C
Merged 11 regions to 10
Executing patches for: flo_26
Reading patch file: map/patch/flower fields/flo_26.mpat
Reading patch file: map/import/TexturePanner.mpat
Creating struct: $TexturePanner:Script
Creating struct: $TexturePanner:SetTexturePanner_Function_A
Creating struct: $TexturePanner:SetTexturePanner_Function_B
Creating struct: $Header
Creating struct: $EntryList
Creating struct: $Function_GetTattle
Creating struct: $Function_80240040
Creating struct: $Function_802400B0
Creating struct: $Script_ShakeTree
Creating struct: $TreeModelList_Leaves
Creating struct: $TreeModelList_Trunk
Creating struct: $TreeDropList
Creating struct: $ShakeTreeEvent
Creating struct: $TriggerCoord
Creating struct: $Script_SetupTree
Creating struct: $Script_MakeEntities
Creating struct: $Script_BindColliders
Creating struct: $Script_Entry0
Creating struct: $Script_Entry1
Creating struct: $Script_Entry2
Creating struct: $Script_Waterfall
Creating struct: $Script_Spring
Creating struct: $Script_80241420
Creating struct: $Script_SetupTexturePanning
Creating struct: $Script_SetupMusic
Creating struct: $Script_Main
Merged 1 regions to 1
$Script_ShakeTree will be placed at 80240000 (length = 454 bytes)
$TexturePanner:SetTexturePanner_Function_B will be placed at 80240454 (length = 1E8 bytes)
$Function_802400B0 will be placed at 8024063C (length = 1CC bytes)
$Script_SetupMusic will be placed at 80240808 (length = 1BC bytes)
$Script_SetupTexturePanning will be placed at 802409C4 (length = 12C bytes)
$TexturePanner:SetTexturePanner_Function_A will be placed at 80240AF0 (length = 124 bytes)
$Script_Spring will be placed at 80240C14 (length = C8 bytes)
$Script_Waterfall will be placed at 80240CDC (length = B8 bytes)
$Script_Main will be placed at 80240D94 (length = A8 bytes)
$MapTattleA will be placed at 80240E3C (length = 94 bytes)
$Script_BindColliders will be placed at 80240ED0 (length = 7C bytes)
$Function_80240040 will be placed at 80240F4C (length = 70 bytes)
$MapTattleB will be placed at 80240FBC (length = 70 bytes)
$TexturePanner:Script will be placed at 8024102C (length = 64 bytes)
$Script_MakeEntities will be placed at 80241090 (length = 60 bytes)
$Script_SetupTree will be placed at 802410F0 (length = 5C bytes)
$Function_GetTattle will be placed at 8024114C (length = 4C bytes)
$Script_80241420 will be placed at 80241198 (length = 48 bytes)
$Script_Entry1 will be placed at 802411E0 (length = 40 bytes)
$Script_Entry0 will be placed at 80241220 (length = 40 bytes)
$Script_Entry2 will be placed at 80241260 (length = 40 bytes)
$Header will be placed at 802412A0 (length = 40 bytes)
$EntryList will be placed at 802412E0 (length = 30 bytes)
$TreeDropList will be placed at 80241310 (length = 20 bytes)
$ShakeTreeEvent will be placed at 80241330 (length = 14 bytes)
$TreeModelList_Leaves will be placed at 80241344 (length = 10 bytes)
$ASCII_"kmr_12"_Literal will be placed at 80241354 (length = C bytes)
$ASCII_"flo_24"_Literal will be placed at 80241360 (length = C bytes)
$TriggerCoord will be placed at 8024136C (length = C bytes)
$TreeModelList_Trunk will be placed at 80241378 (length = 8 bytes)
Executing patches for: mim_09
Reading patch file: map/patch/forever forest and mansion/mim_09.mpat
Reading patch for $Script_MakeEntities
Reading patch for $Script_Main_EnterWalk
Creating struct: $NpcGroupList_Tubba
Creating struct: $NpcGroup_Tubba
Creating struct: $ExtraAnimationList_Tubba
Creating struct: $NpcSettings_Tubba
Creating struct: $Script_Init_Tubba
Reading patch for $Script_8024255C
Creating struct: $Script_TubbaAI
Creating struct: $Script_Cutscene
Creating struct: $Script_EndBattle
Merged 11 regions to 8
$Script_Cutscene will be placed at 80242BD4 (length = 27C bytes)
$NpcGroup_Tubba will be placed at 80242E50 (length = 1F0 bytes)
$Script_EndBattle will be placed at 80243040 (length = E0 bytes)
$FightMe2 will be placed at 80243120 (length = 90 bytes)
$Script_8024255C will be placed at 802431B0 (length = 84 bytes)
$Script_Init_Tubba will be placed at 8024255C (length = 64 bytes)
$ResponseA will be placed at 80243234 (length = 64 bytes)
$ResponseD will be placed at 802412D4 (length = 5C bytes)
$ResponseC will be placed at 80243298 (length = 54 bytes)
$ResponseH will be placed at 802432EC (length = 50 bytes)
$Script_TubbaAI will be placed at 8024333C (length = 4C bytes)
$ResponseG will be placed at 80243388 (length = 3C bytes)
$ResponseI will be placed at 802433C4 (length = 3C bytes)
$ResponseB will be placed at 80243400 (length = 3C bytes)
$ResponseF will be placed at 8024343C (length = 38 bytes)
$ResponseE will be placed at 80243474 (length = 38 bytes)
$GGNoRe will be placed at 802434AC (length = 34 bytes)
$FightMe1 will be placed at 802434E0 (length = 30 bytes)
$NpcSettings_Tubba will be placed at 80243510 (length = 2C bytes)
$ExtraAnimationList_Tubba will be placed at 8024353C (length = 28 bytes)
$NpcGroupList_Tubba will be placed at 80240EB4 (length = C bytes)
Changing pointer 8024255C to 802431B0 ($Script_8024255C[0])
Executing patches for: obk_01
Reading patch file: map/patch/forever forest and mansion/obk_01.mpat
Reading patch for $NpcGroupList_80245804
Reading patch for $Script_Interact_80244C28
Reading patch for $NpcGroup_80244E54
Creating struct: $Script_Init_DoorBoo
Creating struct: $Script_EndBattle
Creating struct: $Script_DoorBooAI
Reading patch for $Script_80243D70
Reading patch for $Script_8024218C
Reading patch for $ItemList_80241C50
Reading patch for $Script_80242CE8
Reading patch for $Script_80243094
Reading patch for $ItemList_80243B00
Merged 8 regions to 7
$Script_EndBattle will be placed at 80243F24 (length = 48 bytes)
$Script_Init_DoorBoo will be placed at 802458F0 (length = 3C bytes)
$Script_DoorBooAI will be placed at 80243F6C (length = 38 bytes)
Changing pointer 802458F0 to 80245930 ($End[0])
Changing pointer 802458F0 to 80245930 ($End[0])
Changing pointer 802458F0 to 80245930 ($End[0])
Changing pointer 80245AB4 to 80245AF4 ($End[1C4])
Changing pointer 80245AB4 to 80245AF4 ($End[1C4])
Changing pointer 802458F0 to 80245930 ($End[0])
Changing pointer 802458F0 to 80245930 ($End[0])
Executing patches for: obk_03
Reading patch file: map/patch/forever forest and mansion/obk_03.mpat
Reading patch for $ShopInventory_8024154C
Reading patch for $ShopPriceList_802415A0
Merged 12 regions to 12
$ShopPriceList_802415A0 will be placed at 80243BE0 (length = 54 bytes)
Changing pointer 80243BE0 to 80243C40 ($End[0])
Changing pointer 80243BE0 to 80243C40 ($End[0])
Changing pointer 80243BE0 to 80243C40 ($End[0])
Changing pointer 80243DA4 to 80243E04 ($End[1C4])
Changing pointer 80243DA4 to 80243E04 ($End[1C4])
Changing pointer 802415A0 to 80243BE0 ($ShopPriceList_802415A0[0])
Changing pointer 80243BE0 to 80243C40 ($End[0])
Changing pointer 80243BE0 to 80243C40 ($End[0])
Executing patches for: obk_04
Reading patch file: map/patch/forever forest and mansion/obk_04.mpat
Reading patch for $Script_80243ED4
Merged 9 regions to 8
Executing patches for: obk_05
Reading patch file: map/patch/forever forest and mansion/obk_05.mpat
Reading patch for $Script_MakeEntities
Merged 8 regions to 7
Executing patches for: obk_06
Reading patch file: map/patch/forever forest and mansion/obk_06.mpat
Reading patch for $Script_MakeEntities
Merged 5 regions to 4
Executing patches for: obk_07
Reading patch file: map/patch/forever forest and mansion/obk_07.mpat
Reading patch for $Script_802420FC
Reading patch for $ItemList_80243090
Merged 11 regions to 10
Executing patches for: obk_08
Reading patch file: map/patch/forever forest and mansion/obk_08.mpat
Reading patch for $Script_MakeEntities
Reading patch for $Script_80245C34
Merged 9 regions to 8
Executing patches for: kmr_00
Reading patch file: map/patch/goomba road/kmr_00.mpat
Reading patch for $Script_MakeEntities
Merged 8 regions to 6
$Script_MakeEntities will be placed at 802440E0 (length = 68 bytes)
Changing pointer 802440E0 to 80244150 ($End[0])
Changing pointer 802440E1 to 80244151 ($End[1])
Changing pointer 802440E2 to 80244152 ($End[2])
Changing pointer 802440E3 to 80244153 ($End[3])
Changing pointer 802440E4 to 80244154 ($End[4])
Changing pointer 802440E5 to 80244155 ($End[5])
Changing pointer 802440E8 to 80244158 ($End[8])
Changing pointer 802440EC to 8024415C ($End[C])
Changing pointer 802440F0 to 80244160 ($End[10])
Changing pointer 802440F4 to 80244164 ($End[14])
Changing pointer 802440F8 to 80244168 ($End[18])
Changing pointer 802440FC to 8024416C ($End[1C])
Changing pointer 80244100 to 80244170 ($End[20])
Changing pointer 80244104 to 80244174 ($End[24])
Changing pointer 80244100 to 80244170 ($End[20])
Changing pointer 80244104 to 80244174 ($End[24])
Changing pointer 802440E0 to 80244150 ($End[0])
Changing pointer 802440E8 to 80244158 ($End[8])
Changing pointer 802440E1 to 80244151 ($End[1])
Changing pointer 802440EC to 8024415C ($End[C])
Changing pointer 802440E2 to 80244152 ($End[2])
Changing pointer 802440F0 to 80244160 ($End[10])
Changing pointer 802440E3 to 80244153 ($End[3])
Changing pointer 802440F4 to 80244164 ($End[14])
Changing pointer 802440E4 to 80244154 ($End[4])
Changing pointer 802440F8 to 80244168 ($End[18])
Changing pointer 802440E5 to 80244155 ($End[5])
Changing pointer 802440FC to 8024416C ($End[1C])
Changing pointer 802440FB to 8024416B ($End[1B])
Changing pointer 802440EB to 8024415B ($End[B])
Changing pointer 802440EF to 8024415F ($End[F])
Changing pointer 802440F3 to 80244163 ($End[13])
Changing pointer 802440F7 to 80244167 ($End[17])
Changing pointer 802440FF to 8024416F ($End[1F])
Changing pointer 80244080 to 802440E0 ($Script_MakeEntities[0])
Executing patches for: kmr_02
Reading patch file: map/patch/goomba road/kmr_02.mpat
Reading patch for $Script_80248910
Reading patch for $Script_8024B398
Creating struct: $Function_has20Coins
Creating struct: $Function_hasInventorySpace
Reading patch for $Script_Interact_8024CE80
Reading patch for $Script_80246D10
Reading patch for $Function_80240D18 (9C)
Creating struct: $Function_IsNextQuestionAvailable
Reading patch for $QuizRequirements
Reading patch for $QuizAnswers
Merged 18 regions to 17
$Script_Interact_8024CE80 will be placed at 80257F1C (length = 338 bytes)
$Function_IsNextQuestionAvailable will be placed at 8024794C (length = 80 bytes)
$MushroomVendor1 will be placed at 8024CE80 (length = 78 bytes)
$MushroomVendorFull will be placed at 80258254 (length = 64 bytes)
$MushroomVendorPoor will be placed at 802479CC (length = 60 bytes)
$MushroomVendorThanks will be placed at 8024CEF8 (length = 50 bytes)
$MushroomVendorDecline will be placed at 802582B8 (length = 4C bytes)
$Function_has20Coins will be placed at 8024CF48 (length = 34 bytes)
$Function_hasInventorySpace will be placed at 80258304 (length = 2C bytes)
Changing pointer 80257F24 to 80258334 ($End[4])
Changing pointer 80257F25 to 80258335 ($End[5])
Changing pointer 80257F26 to 80258336 ($End[6])
Changing pointer 80257F27 to 80258337 ($End[7])
Changing pointer 80257F28 to 80258338 ($End[8])
Changing pointer 80257F29 to 80258339 ($End[9])
Changing pointer 80257F24 to 80258334 ($End[4])
Changing pointer 80257F25 to 80258335 ($End[5])
Changing pointer 80257F26 to 80258336 ($End[6])
Changing pointer 80257F28 to 80258338 ($End[8])
Changing pointer 80257F27 to 80258337 ($End[7])
Changing pointer 80257F29 to 80258339 ($End[9])
Changing pointer 80257F40 to 80258350 ($End[20])
Changing pointer 80258140 to 80258550 ($End[220])
Changing pointer 8025C0D0 to 8025C4E0 ($End[41B0])
Changing pointer 80258340 to 80258750 ($End[420])
Changing pointer 80257F58 to 80258368 ($End[38])
Changing pointer 80257F58 to 80258368 ($End[38])
Changing pointer 80257F58 to 80258368 ($End[38])
Changing pointer 80257F48 to 80258358 ($End[28])
Changing pointer 80257F2C to 8025833C ($End[C])
Changing pointer 80257F48 to 80258358 ($End[28])
Changing pointer 80257F4C to 8025835C ($End[2C])
Changing pointer 80257F50 to 80258360 ($End[30])
Changing pointer 80257F48 to 80258358 ($End[28])
Changing pointer 80257F50 to 80258360 ($End[30])
Changing pointer 8025811C to 8025852C ($End[1FC])
Changing pointer 80257F50 to 80258360 ($End[30])
Changing pointer 80257F4C to 8025835C ($End[2C])
Changing pointer 80257F50 to 80258360 ($End[30])
Changing pointer 80257F48 to 80258358 ($End[28])
Changing pointer 80257F2C to 8025833C ($End[C])
Changing pointer 80257F20 to 80258330 ($End[0])
Changing pointer 80257F21 to 80258331 ($End[1])
Changing pointer 80257F22 to 80258332 ($End[2])
Changing pointer 80257F23 to 80258333 ($End[3])
Changing pointer 80257F20 to 80258330 ($End[0])
Changing pointer 80257F21 to 80258331 ($End[1])
Changing pointer 80257F22 to 80258332 ($End[2])
Changing pointer 80257F23 to 80258333 ($End[3])
Changing pointer 80257F50 to 80258360 ($End[30])
Changing pointer 80257F48 to 80258358 ($End[28])
Changing pointer 80258120 to 80258530 ($End[200])
Changing pointer 8025811C to 8025852C ($End[1FC])
Changing pointer 80257F30 to 80258340 ($End[10])
Changing pointer 80257F58 to 80258368 ($End[38])
Changing pointer 80257F58 to 80258368 ($End[38])
Changing pointer 8024CE80 to 80257F1C ($Script_Interact_8024CE80[0])
Executing patches for: kmr_04
Reading patch file: map/patch/goomba road/kmr_04.mpat
Reading patch for $NpcGroupList_80241A5C
Creating struct: $NpcGroup_JrTroopa
Creating struct: $BlankSettings
Creating struct: $Script_Init_JrTroopa
Creating struct: $Script_Interact
Creating struct: $Script_IdleAI
Creating struct: $Script_PostBattle
Reading patch for $Script_80242A58
Merged 11 regions to 9
$Script_PostBattle will be placed at 80243768 (length = 2C0 bytes)
$NpcGroup_JrTroopa will be placed at 80243A28 (length = 1F0 bytes)
$JrTroopaTattle will be placed at 80243C18 (length = 188 bytes)
$AcceptString will be placed at 80243DA0 (length = F0 bytes)
$Script_Interact will be placed at 802419A8 (length = C4 bytes)
$DefeatString2 will be placed at 80243E90 (length = B4 bytes)
$Script_Init_JrTroopa will be placed at 80242C6C (length = 70 bytes)
$TauntString will be placed at 80243F44 (length = 64 bytes)
$DefeatString1 will be placed at 80243FA8 (length = 40 bytes)
$Script_IdleAI will be placed at 80243FE8 (length = 38 bytes)
$DeclineString will be placed at 80244020 (length = 34 bytes)
$NpcGroupList_80241A5C will be placed at 80244054 (length = 30 bytes)
$BlankSettings will be placed at 80244084 (length = 2C bytes)
Changing pointer 80243770 to 802440B0 ($End[0])
Changing pointer 80241A5C to 80244054 ($NpcGroupList_80241A5C[0])
Executing patches for: kmr_11
Reading patch file: map/patch/goomba road/kmr_11.mpat
Reading patch for $TreeDropList_Tree2
Merged 16 regions to 15
Executing patches for: kmr_12
Reading patch file: map/patch/goomba road/kmr_12.mpat
Reading patch for $EntryList
Reading patch for $Header
Reading patch for $Script_MakeEntities
Creating struct: $Script_Spring
Creating struct: $Script_80241420
Creating struct: $Script_Entry2
Reading patch for $Script_80240178
Merged 6 regions to 5
$Script_Spring will be placed at 80240AC0 (length = C8 bytes)
$Script_MakeEntities will be placed at 80240B88 (length = 60 bytes)
$Script_80240178 will be placed at 80240BE8 (length = 50 bytes)
$Script_80241420 will be placed at 80240178 (length = 48 bytes)
$Script_Entry2 will be placed at 80240A64 (length = 40 bytes)
$EntryList will be placed at 80240C38 (length = 30 bytes)
$ASCII_"flo_26"_Literal will be placed at 80240030 (length = C bytes)
Changing pointer 80240030 to 80240C38 ($EntryList[0])
Changing pointer 80240A64 to 80240B88 ($Script_MakeEntities[0])
Changing pointer 80240178 to 80240BE8 ($Script_80240178[0])
Executing patches for: kmr_20
Reading patch file: map/patch/goomba road/kmr_20.mpat
Creating struct: $Script_FileNameChecks
Creating struct: $Function_SetLevel27
Creating struct: $Function_SetCheatFlag
Creating struct: $Function_FlipSuperguardFlag
Reading patch for $Script_8024FD70
Reading patch for $Script_80250C5C
Reading patch for $Script_8024A9B4
Creating struct: $Function_ActionCommands
Reading patch for $Function_802421A0
Reading patch for $DiaryStoryRequirements
Reading patch for $DataTable_80252DC0
Merged 27 regions to 25
$Script_FileNameChecks will be placed at 80253054 (length = 788 bytes)
$Function_802421A0 will be placed at 80242194 (length = 6D4 bytes)
$NewGamePlusThree will be placed at 8025094C (length = 1C0 bytes)
$NewGamePlusTwo will be placed at 802537DC (length = 168 bytes)
$AntiGuy will be placed at 80253944 (length = 168 bytes)
$Sandbox will be placed at 80253AAC (length = 154 bytes)
$Berserker2 will be placed at 80250B0C (length = 13C bytes)
$NewGamePlus will be placed at 80253C00 (length = 134 bytes)
$DataTable_80252DC0 will be placed at 80253D34 (length = 134 bytes)
$Easier will be placed at 80253E68 (length = F4 bytes)
$Berserker will be placed at 80253F5C (length = F4 bytes)
$EasyMode will be placed at 80252DC0 (length = B8 bytes)
$Biscuit will be placed at 80254050 (length = AC bytes)
$ShyGuys will be placed at 802540FC (length = 7C bytes)
$Function_SetLevel27 will be placed at 80254178 (length = 6C bytes)
$Toads will be placed at 802541E4 (length = 68 bytes)
$Anarchy will be placed at 8025424C (length = 64 bytes)
$FastMode will be placed at 802542B0 (length = 5C bytes)
$Cheater will be placed at 8025430C (length = 58 bytes)
$Function_SetCheatFlag will be placed at 80254364 (length = 2C bytes)
$Function_FlipSuperguardFlag will be placed at 80254390 (length = 24 bytes)
$Function_ActionCommands will be placed at 802543B4 (length = 18 bytes)
Changing pointer 80242284 to 80242278 ($Function_802421A0[E4])
Changing pointer 802424DC to 802424D0 ($Function_802421A0[33C])
Changing pointer 802425F0 to 802425E4 ($Function_802421A0[450])
Changing pointer 80242598 to 8024258C ($Function_802421A0[3F8])
Changing pointer 802426CC to 802426C0 ($Function_802421A0[52C])
Changing pointer 80242848 to 8024283C ($Function_802421A0[6A8])
Changing pointer 80253060 to 802543D0 ($End[0])
Changing pointer 80253378 to 802546E8 ($End[318])
Changing pointer 80253384 to 802546F4 ($End[324])
Changing pointer 80253060 to 802543D0 ($End[0])
Changing pointer 8025338C to 802546FC ($End[32C])
Changing pointer 80253060 to 802543D0 ($End[0])
Changing pointer 80253390 to 80254700 ($End[330])
Changing pointer 80257118 to 80258488 ($End[40B8])
Changing pointer 8025B2B0 to 8025C620 ($End[8250])
Changing pointer 80257320 to 80258690 ($End[42C0])
Changing pointer 8025B0A8 to 8025C418 ($End[8048])
Changing pointer 8025B2A8 to 8025C618 ($End[8248])
Changing pointer 8025B2AC to 8025C61C ($End[824C])
Changing pointer 80252DC0 to 80253D34 ($DataTable_80252DC0[0])
Changing pointer 80253060 to 802543D0 ($End[0])
Changing pointer 802421A0 to 80242194 ($Function_802421A0[0])
Changing pointer 8025B2A8 to 8025C618 ($End[8248])
Changing pointer 8025B2AC to 8025C61C ($End[824C])
Changing pointer 8025B2B0 to 8025C620 ($End[8250])
Executing patches for: arn_02
Reading patch file: map/patch/gusty gulch and tubbas castle/arn_02.mpat
Reading patch file: map/import/Pit_AI.mpat
Creating struct: $NpcSettings_Goomba
Creating struct: $NpcSettings_Koopa
Creating struct: $NpcSettings_Fuzzy
Creating struct: $Script_NpcAI_Fuzzy
Creating struct: $Script_GoombaAI
Creating struct: $AISettings_Goomba
Creating struct: $AISettings_Fuzzy_802413E0
Creating struct: $JumpTable_Fuzzy_802423B8
Creating struct: $Function_Fuzzy_80240000
Creating struct: $Function_Fuzzy_80240230
Creating struct: $Function_Fuzzy_80240568
Creating struct: $Function_Fuzzy_80240628
Creating struct: $Function_Fuzzy_802407CC
Creating struct: $Function_Fuzzy_802408AC
Creating struct: $Function_Fuzzy_80240BAC
Creating struct: $Function_Fuzzy_80240BF0
Creating struct: $JumpTable_Koopa_80245CF8
Creating struct: $Script_NpcAI_Koopa
Creating struct: $AISettings_Koopa_802427BC
Creating struct: $NpcSettings_BuzzyBeetle
Creating struct: $AISettings_BuzzyBeetle
Creating struct: $Script_NpcAI_BuzzyBeetle
Creating struct: $AISettings_Koopatrol
Creating struct: $Script_NpcAI_Koopatrol
Creating struct: $NpcSettings_Koopatrol
Creating struct: $AISettings_Spiny
Creating struct: $Script_NpcAI_Spiny
Creating struct: $NpcSettings_Spiny
Creating struct: $AISettings_BonyBeetle
Creating struct: $Script_NpcAI_BonyBeetle
Creating struct: $NpcSettings_BonyBeetle
Creating struct: $Function_DoAI_ShellEnemy
Creating struct: $Function_Koopa_80240000
Creating struct: $Function_Koopa_8024007C
Creating struct: $Function_Koopa_802401B0
Creating struct: $Function_Koopa_80240314
Creating struct: $NpcSettings_Bubble
Creating struct: $Script_NpcAI_Bubble
Creating struct: $AISettings_Bubble
Creating struct: $JumpTable_NEW130A8
Creating struct: $JumpTable_NEW130F0
Creating struct: $Function_NEW10000
Creating struct: $Function_NEW10348
Creating struct: $Function_NEW1040C
Creating struct: $Function_NEW10530
Creating struct: $Function_NEW10720
Creating struct: $Function_NEW107F4
Creating struct: $Function_NEW10820
Creating struct: $Function_NEW109D0
Creating struct: $Function_NEW10FF8
Creating struct: $Function_NEW110B8
Creating struct: $Function_NEW113FC
Creating struct: $Function_NEW11474
Creating struct: $Function_NEW114E0
Creating struct: $Function_NEW11614
Creating struct: $Function_NEW11678
Creating struct: $Function_NEW11A08
Creating struct: $Function_NEW11B2C
Creating struct: $Function_NEW11D18
Creating struct: $Function_NEW11E48
Creating struct: $Function_NEW120C8
Creating struct: $Function_NEW12124
Creating struct: $???_NEW123E0
Creating struct: $FloatTable_NEW12930
Creating struct: $FloatTable_NEW12B90
Reading patch for $Script_MakeEntities
Reading patch for $NpcGroupList_80241A9C
Creating struct: $NpcGroup_BooGuy
Creating struct: $BlankSettings
Creating struct: $NpcGroup_BonyBeetle1
Creating struct: $NpcGroup_BonyBeetle2
Creating struct: $Script_Init_Boo
Creating struct: $Function_802419E4
Creating struct: $Function_80241BB8
Creating struct: $Script_Interact_80249184
Creating struct: $Function_SetEffectPalette
Creating struct: $Function_AddMaxHP4
Creating struct: $Function_SubMaxHP4
Creating struct: $Function_AddMaxHP
Creating struct: $Function_AddMaxFP
Creating struct: $Function_AddMaxBP
Creating struct: $Function_SubMaxHP
Creating struct: $Function_SubMaxFP
Creating struct: $Function_SubMaxBP
Creating struct: $Function_EnforceStatMaximums
Creating struct: $Function_80241C20
Creating struct: $Function_80241C40
Creating struct: $Function_80241C60
Creating struct: $Function_802419D0
Creating struct: $Function_80241B90
Creating struct: $Function_802418AC
Creating struct: $Function_80241848
Merged 7 regions to 5
$Script_Interact_80249184 will be placed at 80241BDC (length = FB0 bytes)
$Function_NEW109D0 will be placed at 80242B8C (length = 638 bytes)
$Function_DoAI_ShellEnemy will be placed at 802431C4 (length = 440 bytes)
$Function_NEW11678 will be placed at 80243604 (length = 390 bytes)
$Function_NEW10000 will be placed at 80243994 (length = 350 bytes)
$Function_NEW110B8 will be placed at 80243CE4 (length = 344 bytes)
$Function_Fuzzy_80240230 will be placed at 80244028 (length = 340 bytes)
$Function_Fuzzy_802408AC will be placed at 80244368 (length = 300 bytes)
$Function_NEW11E48 will be placed at 80244668 (length = 288 bytes)
$Function_Fuzzy_80240000 will be placed at 802448F0 (length = 230 bytes)
$Function_Fuzzy_80240BF0 will be placed at 80244B20 (length = 224 bytes)
$NpcGroup_BonyBeetle2 will be placed at 80244D44 (length = 1F0 bytes)
$NpcGroup_BonyBeetle1 will be placed at 80244F34 (length = 1F0 bytes)
$NpcGroup_BooGuy will be placed at 80245124 (length = 1F0 bytes)
$Function_NEW11B2C will be placed at 80245314 (length = 1EC bytes)
$Function_NEW12124 will be placed at 80245500 (length = 1E8 bytes)
$Function_NEW10530 will be placed at 802456E8 (length = 1E8 bytes)
$Function_NEW10820 will be placed at 802458D0 (length = 1B8 bytes)
$Function_Fuzzy_80240628 will be placed at 80245A88 (length = 1A4 bytes)
$Function_Koopa_802401B0 will be placed at 80245C2C (length = 164 bytes)
$String_ChetRippoFirst will be placed at 80245D90 (length = 15C bytes)
$Function_Koopa_8024007C will be placed at 80245EEC (length = 13C bytes)
$Function_NEW114E0 will be placed at 80246028 (length = 134 bytes)
$Function_NEW11D18 will be placed at 8024615C (length = 130 bytes)
$String_ChetRippoStart will be placed at 8024628C (length = 12C bytes)
$String_BowEncounter will be placed at 802463B8 (length = 12C bytes)
$Function_NEW11A08 will be placed at 802464E4 (length = 124 bytes)
$Function_NEW1040C will be placed at 80246608 (length = 124 bytes)
$String_ChetRippoStartShort will be placed at 8024672C (length = F0 bytes)
$Script_Init_Boo will be placed at 8024681C (length = E8 bytes)
$Function_Fuzzy_802407CC will be placed at 80246904 (length = E0 bytes)
$Function_NEW10720 will be placed at 802469E4 (length = D4 bytes)
$BooTattle will be placed at 80246AB8 (length = D4 bytes)
$String_DowngradeSuccessBP will be placed at 80246B8C (length = C8 bytes)
$Function_NEW10348 will be placed at 80246C54 (length = C4 bytes)
$Function_Fuzzy_80240568 will be placed at 80246D18 (length = C0 bytes)
$Function_NEW10FF8 will be placed at 80246DD8 (length = C0 bytes)
$Function_802418AC will be placed at 80246E98 (length = 98 bytes)
$String_LowerMenu will be placed at 80246F30 (length = 88 bytes)
$String_RaiseMenu will be placed at 80246FB8 (length = 88 bytes)
$Function_802419E4 will be placed at 80247040 (length = 80 bytes)
$Function_Koopa_80240314 will be placed at 802470C0 (length = 80 bytes)
$String_DowngradeSuccess will be placed at 80247140 (length = 80 bytes)
$Function_Koopa_80240000 will be placed at 802471C0 (length = 7C bytes)
$String_BadgeCurse will be placed at 8024723C (length = 78 bytes)
$Function_NEW113FC will be placed at 802472B4 (length = 78 bytes)
$FloatTable_NEW12930 will be placed at 8024732C (length = 70 bytes)
$Function_EnforceStatMaximums will be placed at 8024739C (length = 70 bytes)
$Function_NEW11474 will be placed at 8024740C (length = 6C bytes)
$String_GreedCurse will be placed at 80247478 (length = 68 bytes)
$Function_80241BB8 will be placed at 802474E0 (length = 68 bytes)
$Function_NEW11614 will be placed at 80247548 (length = 64 bytes)
$Function_80241848 will be placed at 802475AC (length = 64 bytes)
$String_ChetRippoNoStarTokens will be placed at 80247610 (length = 64 bytes)
$String_ChetRippoTooPoor will be placed at 80247674 (length = 60 bytes)
$Function_NEW120C8 will be placed at 802476D4 (length = 5C bytes)
$Function_SubMaxHP will be placed at 80247730 (length = 58 bytes)
$Function_AddMaxHP will be placed at 80247788 (length = 58 bytes)
$Function_SetEffectPalette will be placed at 802477E0 (length = 58 bytes)
$Function_SubMaxFP will be placed at 80247838 (length = 58 bytes)
$String_ChetRippoNoLower will be placed at 80247890 (length = 58 bytes)
$Function_AddMaxFP will be placed at 802478E8 (length = 58 bytes)
$Function_AddMaxHP4 will be placed at 80247940 (length = 58 bytes)
$String_ChetRippoNormalOptions will be placed at 80247998 (length = 58 bytes)
$Function_SubMaxHP4 will be placed at 802479F0 (length = 58 bytes)
$Script_NpcAI_Spiny will be placed at 80247A48 (length = 54 bytes)
$JumpTable_Koopa_80245CF8 will be placed at 80247A9C (length = 54 bytes)
$JumpTable_NEW130F0 will be placed at 80247AF0 (length = 54 bytes)
$String_ChetRippoNoRaise will be placed at 80247B44 (length = 54 bytes)
$NpcGroupList_80241A9C will be placed at 80247B98 (length = 54 bytes)
$Script_NpcAI_BonyBeetle will be placed at 80247BEC (length = 54 bytes)
$Script_NpcAI_BuzzyBeetle will be placed at 80247C40 (length = 54 bytes)
$Script_NpcAI_Koopa will be placed at 80247C94 (length = 54 bytes)
$Script_NpcAI_Koopatrol will be placed at 80247CE8 (length = 54 bytes)
$Script_NpcAI_Bubble will be placed at 80247D3C (length = 54 bytes)
$String_CantDowngradeThat will be placed at 80247D90 (length = 4C bytes)
$Function_AddMaxBP will be placed at 80247DDC (length = 4C bytes)
$String_ChetRippoNoLowerError will be placed at 80247E28 (length = 4C bytes)
$Function_SubMaxBP will be placed at 80247E74 (length = 4C bytes)
$Function_Fuzzy_80240BAC will be placed at 80247EC0 (length = 44 bytes)
$String_Paradox will be placed at 80247F04 (length = 44 bytes)
$String_UpgradeStat will be placed at 80247F48 (length = 3C bytes)
$JumpTable_Fuzzy_802423B8 will be placed at 80247F84 (length = 3C bytes)
$JumpTable_NEW130A8 will be placed at 80247FC0 (length = 3C bytes)
$String_DowngradeStat will be placed at 80247FFC (length = 3C bytes)
$String_UpgradeSuccess will be placed at 80241A9C (length = 34 bytes)
$AISettings_Spiny will be placed at 80248038 (length = 30 bytes)
$AISettings_BonyBeetle will be placed at 80248068 (length = 30 bytes)
$AISettings_BuzzyBeetle will be placed at 80248098 (length = 30 bytes)
$AISettings_Koopa_802427BC will be placed at 802480C8 (length = 30 bytes)
$AISettings_Bubble will be placed at 802480F8 (length = 30 bytes)
$AISettings_Koopatrol will be placed at 80248128 (length = 30 bytes)
$AISettings_Fuzzy_802413E0 will be placed at 80248158 (length = 30 bytes)
$AISettings_Goomba will be placed at 80248188 (length = 30 bytes)
$Function_NEW107F4 will be placed at 802481B8 (length = 2C bytes)
$Script_NpcAI_Fuzzy will be placed at 802481E4 (length = 2C bytes)
$NpcSettings_Fuzzy will be placed at 80248210 (length = 2C bytes)
$NpcSettings_Bubble will be placed at 8024823C (length = 2C bytes)
$NpcSettings_Koopa will be placed at 80248268 (length = 2C bytes)
$NpcSettings_Koopatrol will be placed at 80248294 (length = 2C bytes)
$NpcSettings_Spiny will be placed at 802482C0 (length = 2C bytes)
$BlankSettings will be placed at 802482EC (length = 2C bytes)
$NpcSettings_BonyBeetle will be placed at 80248318 (length = 2C bytes)
$NpcSettings_BuzzyBeetle will be placed at 80248344 (length = 2C bytes)
$String_CantUpgradeThat will be placed at 80248370 (length = 2C bytes)
$NpcSettings_Goomba will be placed at 8024839C (length = 2C bytes)
$Function_80241B90 will be placed at 802413A8 (length = 28 bytes)
$Function_80241C60 will be placed at 802483C8 (length = 28 bytes)
$Function_80241C20 will be placed at 802483F0 (length = 20 bytes)
$Function_80241C40 will be placed at 80248410 (length = 20 bytes)
$FloatTable_NEW12B90 will be placed at 80248430 (length = 18 bytes)
$Function_802419D0 will be placed at 80248448 (length = 14 bytes)
$Script_GoombaAI will be placed at 8024845C (length = 14 bytes)
$???_NEW123E0 will be placed at 802410E8 (length = 4 bytes)
Changing pointer 80241A9C to 80247B98 ($NpcGroupList_80241A9C[0])
Executing patches for: arn_03
Reading patch file: map/patch/gusty gulch and tubbas castle/arn_03.mpat
Reading patch for $Script_Interact_8024254C
Merged 7 regions to 6
Executing patches for: arn_04
Reading patch file: map/patch/gusty gulch and tubbas castle/arn_04.mpat
Reading patch file: map/import/Pit_AI.mpat
Creating struct: $NpcSettings_Goomba
Creating struct: $NpcSettings_Koopa
Creating struct: $NpcSettings_Fuzzy
Creating struct: $Script_NpcAI_Fuzzy
Creating struct: $Script_GoombaAI
Creating struct: $AISettings_Goomba
Creating struct: $AISettings_Fuzzy_802413E0
Creating struct: $JumpTable_Fuzzy_802423B8
Creating struct: $Function_Fuzzy_80240000
Creating struct: $Function_Fuzzy_80240230
Creating struct: $Function_Fuzzy_80240568
Creating struct: $Function_Fuzzy_80240628
Creating struct: $Function_Fuzzy_802407CC
Creating struct: $Function_Fuzzy_802408AC
Creating struct: $Function_Fuzzy_80240BAC
Creating struct: $Function_Fuzzy_80240BF0
Creating struct: $JumpTable_Koopa_80245CF8
Creating struct: $Script_NpcAI_Koopa
Creating struct: $AISettings_Koopa_802427BC
Creating struct: $NpcSettings_BuzzyBeetle
Creating struct: $AISettings_BuzzyBeetle
Creating struct: $Script_NpcAI_BuzzyBeetle
Creating struct: $AISettings_Koopatrol
Creating struct: $Script_NpcAI_Koopatrol
Creating struct: $NpcSettings_Koopatrol
Creating struct: $AISettings_Spiny
Creating struct: $Script_NpcAI_Spiny
Creating struct: $NpcSettings_Spiny
Creating struct: $AISettings_BonyBeetle
Creating struct: $Script_NpcAI_BonyBeetle
Creating struct: $NpcSettings_BonyBeetle
Creating struct: $Function_DoAI_ShellEnemy
Creating struct: $Function_Koopa_80240000
Creating struct: $Function_Koopa_8024007C
Creating struct: $Function_Koopa_802401B0
Creating struct: $Function_Koopa_80240314
Creating struct: $NpcSettings_Bubble
Creating struct: $Script_NpcAI_Bubble
Creating struct: $AISettings_Bubble
Creating struct: $JumpTable_NEW130A8
Creating struct: $JumpTable_NEW130F0
Creating struct: $Function_NEW10000
Creating struct: $Function_NEW10348
Creating struct: $Function_NEW1040C
Creating struct: $Function_NEW10530
Creating struct: $Function_NEW10720
Creating struct: $Function_NEW107F4
Creating struct: $Function_NEW10820
Creating struct: $Function_NEW109D0
Creating struct: $Function_NEW10FF8
Creating struct: $Function_NEW110B8
Creating struct: $Function_NEW113FC
Creating struct: $Function_NEW11474
Creating struct: $Function_NEW114E0
Creating struct: $Function_NEW11614
Creating struct: $Function_NEW11678
Creating struct: $Function_NEW11A08
Creating struct: $Function_NEW11B2C
Creating struct: $Function_NEW11D18
Creating struct: $Function_NEW11E48
Creating struct: $Function_NEW120C8
Creating struct: $Function_NEW12124
Creating struct: $???_NEW123E0
Creating struct: $FloatTable_NEW12930
Creating struct: $FloatTable_NEW12B90
Reading patch file: map/import/NPC_DryBones.mpat
Creating struct: $AISettings_DryBones
Creating struct: $Script_NpcAI_DryBones
Creating struct: $NpcSettings_DryBones
Creating struct: $AISettings_DryBone
Creating struct: $Script_NpcAI_DryBone
Creating struct: $Script_80241DC0
Creating struct: $Script_NpcAI_80241FFC
Creating struct: $Script_8024200C
Creating struct: $NpcSettings_DryBone
Creating struct: $ConstDouble_80243240_DryBones
Creating struct: $ConstDouble_80243248_DryBones
Creating struct: $ConstDouble_80243250_DryBones
Creating struct: $ConstDouble_80243258_DryBones
Creating struct: $ConstDouble_80243260_DryBones
Creating struct: $JumpTable_80243268_DryBones
Creating struct: $Function_80241064_DryBones
Creating struct: $Function_80240000_DryBones
Creating struct: $Function_802400BC_DryBones
Creating struct: $Function_80240170_DryBones
Creating struct: $Function_80240360_DryBones
Creating struct: $Function_802404A4_DryBones
Creating struct: $Function_802405A4_DryBones
Creating struct: $Function_802405E8_DryBones
Creating struct: $Function_80240688_DryBones
Creating struct: $Function_802406CC_DryBones
Creating struct: $Function_80240C08_DryBones
Creating struct: $Function_80241384_DryBones
Reading patch for $NpcGroupList_80244000
Reading patch for $Script_MakeEntities
Creating struct: $NpcGroup_DryBones
Creating struct: $NpcGroup_BonyBeetle
Merged 10 regions to 7
$NpcGroup_DryBones will be placed at 80244424 (length = 7C0 bytes)
$Function_NEW109D0 will be placed at 80244BE4 (length = 638 bytes)
$Function_802406CC_DryBones will be placed at 8024521C (length = 53C bytes)
$Function_80240C08_DryBones will be placed at 80245758 (length = 45C bytes)
$Function_DoAI_ShellEnemy will be placed at 80245BB4 (length = 440 bytes)
$Function_NEW11678 will be placed at 80245FF4 (length = 390 bytes)
$Function_NEW10000 will be placed at 80246384 (length = 350 bytes)
$Function_NEW110B8 will be placed at 802466D4 (length = 344 bytes)
$Function_Fuzzy_80240230 will be placed at 80246A18 (length = 340 bytes)
$Function_80241064_DryBones will be placed at 80246D58 (length = 320 bytes)
$Function_Fuzzy_802408AC will be placed at 80247078 (length = 300 bytes)
$Function_NEW11E48 will be placed at 80247378 (length = 288 bytes)
$Function_Fuzzy_80240000 will be placed at 80247600 (length = 230 bytes)
$Function_Fuzzy_80240BF0 will be placed at 80247830 (length = 224 bytes)
$Function_80240170_DryBones will be placed at 80247A54 (length = 1F0 bytes)
$NpcGroup_BonyBeetle will be placed at 80247C44 (length = 1F0 bytes)
$Function_NEW11B2C will be placed at 80247E34 (length = 1EC bytes)
$Function_NEW12124 will be placed at 80248020 (length = 1E8 bytes)
$Function_NEW10530 will be placed at 80248208 (length = 1E8 bytes)
$Function_NEW10820 will be placed at 802483F0 (length = 1B8 bytes)
$Function_Fuzzy_80240628 will be placed at 802485A8 (length = 1A4 bytes)
$JumpTable_80243268_DryBones will be placed at 8024874C (length = 190 bytes)
$Function_Koopa_802401B0 will be placed at 802488DC (length = 164 bytes)
$Script_8024200C will be placed at 80248A40 (length = 150 bytes)
$Function_80240360_DryBones will be placed at 80248B90 (length = 144 bytes)
$Function_Koopa_8024007C will be placed at 80248CD4 (length = 13C bytes)
$Function_NEW114E0 will be placed at 80248E10 (length = 134 bytes)
$Function_NEW11D18 will be placed at 80248F44 (length = 130 bytes)
$Function_NEW11A08 will be placed at 80249074 (length = 124 bytes)
$Function_NEW1040C will be placed at 80249198 (length = 124 bytes)
$Function_802404A4_DryBones will be placed at 802492BC (length = 100 bytes)
$Function_Fuzzy_802407CC will be placed at 802493BC (length = E0 bytes)
$Function_NEW10720 will be placed at 8024949C (length = D4 bytes)
$Function_NEW10348 will be placed at 80249570 (length = C4 bytes)
$Function_Fuzzy_80240568 will be placed at 80249634 (length = C0 bytes)
$Function_NEW10FF8 will be placed at 802496F4 (length = C0 bytes)
$Function_80240000_DryBones will be placed at 802497B4 (length = BC bytes)
$Function_802400BC_DryBones will be placed at 80249870 (length = B4 bytes)
$Function_802405E8_DryBones will be placed at 80249924 (length = A0 bytes)
$Script_80241DC0 will be placed at 802499C4 (length = 98 bytes)
$Function_Koopa_80240314 will be placed at 80249A5C (length = 80 bytes)
$Function_Koopa_80240000 will be placed at 80249ADC (length = 7C bytes)
$Function_NEW113FC will be placed at 80249B58 (length = 78 bytes)
$FloatTable_NEW12930 will be placed at 80249BD0 (length = 70 bytes)
$Function_NEW11474 will be placed at 80249C40 (length = 6C bytes)
$Function_NEW11614 will be placed at 80249CAC (length = 64 bytes)
$Function_NEW120C8 will be placed at 80249D10 (length = 5C bytes)
$Script_NpcAI_Spiny will be placed at 80249D6C (length = 54 bytes)
$JumpTable_Koopa_80245CF8 will be placed at 80249DC0 (length = 54 bytes)
$Script_NpcAI_DryBones will be placed at 80249E14 (length = 54 bytes)
$NpcGroupList_80244000 will be placed at 80249E68 (length = 54 bytes)
$JumpTable_NEW130F0 will be placed at 80249EBC (length = 54 bytes)
$Script_NpcAI_BonyBeetle will be placed at 80249F10 (length = 54 bytes)
$Script_NpcAI_BuzzyBeetle will be placed at 80249F64 (length = 54 bytes)
$Script_NpcAI_DryBone will be placed at 80249FB8 (length = 54 bytes)
$Script_NpcAI_Koopa will be placed at 8024A00C (length = 54 bytes)
$Script_NpcAI_Koopatrol will be placed at 8024A060 (length = 54 bytes)
$Script_NpcAI_Bubble will be placed at 8024A0B4 (length = 54 bytes)
$Function_80240688_DryBones will be placed at 8024A108 (length = 44 bytes)
$Function_Fuzzy_80240BAC will be placed at 8024A14C (length = 44 bytes)
$Function_802405A4_DryBones will be placed at 8024A190 (length = 44 bytes)
$JumpTable_Fuzzy_802423B8 will be placed at 80244000 (length = 3C bytes)
$JumpTable_NEW130A8 will be placed at 8024A1D4 (length = 3C bytes)
$Function_80241384_DryBones will be placed at 8024A210 (length = 38 bytes)
$AISettings_Spiny will be placed at 8024A248 (length = 30 bytes)
$AISettings_BonyBeetle will be placed at 8024A278 (length = 30 bytes)
$AISettings_BuzzyBeetle will be placed at 8024A2A8 (length = 30 bytes)
$AISettings_Koopa_802427BC will be placed at 8024A2D8 (length = 30 bytes)
$AISettings_Bubble will be placed at 8024A308 (length = 30 bytes)
$AISettings_Koopatrol will be placed at 8024A338 (length = 30 bytes)
$AISettings_Fuzzy_802413E0 will be placed at 8024A368 (length = 30 bytes)
$AISettings_DryBones will be placed at 8024A398 (length = 30 bytes)
$AISettings_DryBone will be placed at 8024A3C8 (length = 30 bytes)
$AISettings_Goomba will be placed at 8024A3F8 (length = 30 bytes)
$Function_NEW107F4 will be placed at 802440F4 (length = 2C bytes)
$NpcSettings_DryBones will be placed at 8024A428 (length = 2C bytes)
$Script_NpcAI_Fuzzy will be placed at 8024A454 (length = 2C bytes)
$NpcSettings_Fuzzy will be placed at 8024A480 (length = 2C bytes)
$NpcSettings_Bubble will be placed at 8024A4AC (length = 2C bytes)
$NpcSettings_DryBone will be placed at 8024A4D8 (length = 2C bytes)
$NpcSettings_Koopa will be placed at 8024A504 (length = 2C bytes)
$NpcSettings_Koopatrol will be placed at 8024A530 (length = 2C bytes)
$NpcSettings_Spiny will be placed at 8024A55C (length = 2C bytes)
$NpcSettings_BonyBeetle will be placed at 8024A588 (length = 2C bytes)
$NpcSettings_BuzzyBeetle will be placed at 8024A5B4 (length = 2C bytes)
$NpcSettings_Goomba will be placed at 8024A5E0 (length = 2C bytes)
$FloatTable_NEW12B90 will be placed at 8024A60C (length = 18 bytes)
$Script_GoombaAI will be placed at 8024A624 (length = 14 bytes)
$ConstDouble_80243240_DryBones will be placed at 80243368 (length = 8 bytes)
$ConstDouble_80243250_DryBones will be placed at 80243478 (length = 8 bytes)
$ConstDouble_80243258_DryBones will be placed at 80243658 (length = 8 bytes)
$Script_NpcAI_80241FFC will be placed at 8024A638 (length = 8 bytes)
$ConstDouble_80243260_DryBones will be placed at 8024A640 (length = 8 bytes)
$ConstDouble_80243248_DryBones will be placed at 8024A648 (length = 8 bytes)
$???_NEW123E0 will be placed at 80244324 (length = 4 bytes)
Changing pointer 80244000 to 80249E68 ($NpcGroupList_80244000[0])
Executing patches for: arn_05
Reading patch file: map/patch/gusty gulch and tubbas castle/arn_05.mpat
Reading patch for $Header
Reading patch for $EntryList
Reading patch for $Script_802414E8
Creating struct: $Script_80241430
Creating struct: $Script_8024148C
Creating struct: $Script_Entry2
Merged 8 regions to 6
$Script_802414E8 will be placed at 80245204 (length = 50 bytes)
$Script_Entry2 will be placed at 802414E8 (length = 40 bytes)
$Script_80241430 will be placed at 80245254 (length = 40 bytes)
$Script_8024148C will be placed at 80245294 (length = 40 bytes)
$EntryList will be placed at 802452D4 (length = 30 bytes)
$ASCII_"arn_21"_Literal will be placed at 80245034 (length = C bytes)
Changing pointer 80241300 to 802452D4 ($EntryList[0])
Changing pointer 802414E8 to 80245204 ($Script_802414E8[0])
Changing pointer 802414E8 to 80245204 ($Script_802414E8[0])
Executing patches for: arn_21
Reading patch file: map/patch/gusty gulch and tubbas castle/arn_21.mpat
Creating struct: $Header
Creating struct: $Function_GetTattle
Creating struct: $EntryList
Creating struct: $Script_Main
Creating struct: $Script_RockDestroyed
Creating struct: $Script_MakeEntities
Creating struct: $Script_MakeExits
Creating struct: $Script_Entry0
Creating struct: $Script_Entry1
Creating struct: $Script_Init_802421EC
Creating struct: $Script_IdleAI
Creating struct: $Script_Interact
Creating struct: $NpcGroupList_YouDidntBeatJrTroopa
Creating struct: $NpcGroupList_YouBeatJrTroopa
Creating struct: $NpcGroup_BooBoss
Creating struct: $BlankSettings
Creating struct: $NpcGroup_ExtraCleft1
Creating struct: $NpcGroup_ExtraCleft2
Creating struct: $NpcSettings_80243814
Creating struct: $Script_NpcAI_802437F0
Creating struct: $AISettings_802437C0
Creating struct: $Function_80240000
Creating struct: $Function_80240158
Creating struct: $Function_80240400
Creating struct: $Function_802404C0
Creating struct: $Function_8024067C
Creating struct: $Function_80240730
Creating struct: $Function_802407A4
Creating struct: $Function_8024081C
Creating struct: $Function_8024094C
Creating struct: $Function_80240A6C
Creating struct: $Function_80240AD4
Creating struct: $Function_80240B94
Creating struct: $Function_80240E90
Creating struct: $Function_80241040
Creating struct: $Function_80241668
Creating struct: $Function_80241728
Creating struct: $Function_80241A6C
Creating struct: $Function_80241AE4
Creating struct: $Function_80241B50
Creating struct: $Function_80241C84
Creating struct: $Function_80241CE8
Creating struct: $Function_80242078
Creating struct: $Function_8024219C
Creating struct: $Function_80242388
Creating struct: $Function_802424E8
Creating struct: $Function_8024255C
Creating struct: $Function_8024268C
Creating struct: $Function_80242728
Creating struct: $Function_802427B0
Creating struct: $Function_80242858
Creating struct: $Function_802429CC
Creating struct: $Function_80242A1C
Creating struct: $Function_80242BBC
Creating struct: $Function_80242D0C
Creating struct: $Function_80242DB8
Creating struct: $Function_80242EF0
Creating struct: $Function_80242F6C
Creating struct: $Function_80242FD4
Creating struct: $Function_80243018
Creating struct: $ConstDouble_80244130
Creating struct: $ConstDouble_80244138
Creating struct: $ConstDouble_802442D0
Creating struct: $ConstDouble_802442D8
Creating struct: $ConstDouble_802442E0
Creating struct: $ConstDouble_80244328
Creating struct: $ConstDouble_80244330
Creating struct: $ConstDouble_80244338
Creating struct: $ConstDouble_80244340
Creating struct: $ConstDouble_80244348
Creating struct: $JumpTable_80244350
Creating struct: $JumpTable_80244140
Creating struct: $JumpTable_802442E8
Creating struct: $FloatTable_802436DC
Reading patch for $Function_80242D0C
Reading patch for $Function_80242DB8
Reading patch for $Function_80242EF0
Reading patch for $Function_80242F6C
Reading patch for $Function_80242FD4
Reading patch for $Function_80242388
Reading patch for $ConstDouble_80244328
Reading patch for $ConstDouble_80244330
Reading patch for $JumpTable_80244350
Reading patch for $Function_802424E8
Reading patch for $Function_8024255C
Merged 1 regions to 1
$Function_80241040 will be placed at 80240000 (length = 628 bytes)
$Function_80241CE8 will be placed at 80240628 (length = 390 bytes)
$Function_80243018 will be placed at 802409B8 (length = 350 bytes)
$Function_80241728 will be placed at 80240D08 (length = 344 bytes)
$Function_80240B94 will be placed at 8024104C (length = 2FC bytes)
$Function_80240158 will be placed at 80241348 (length = 2A8 bytes)
$NpcGroup_BooBoss will be placed at 802415F0 (length = 1F0 bytes)
$NpcGroup_ExtraCleft2 will be placed at 802417E0 (length = 1F0 bytes)
$NpcGroup_ExtraCleft1 will be placed at 802419D0 (length = 1F0 bytes)
$Function_8024219C will be placed at 80241BC0 (length = 1EC bytes)
$Function_802404C0 will be placed at 80241DAC (length = 1BC bytes)
$Function_80240E90 will be placed at 80241F68 (length = 1B0 bytes)
$Function_80242A1C will be placed at 80242118 (length = 1A0 bytes)
$JumpTable_80244140 will be placed at 802422B8 (length = 190 bytes)
$Function_80242858 will be placed at 80242448 (length = 174 bytes)
$Function_80242388 will be placed at 802425BC (length = 160 bytes)
$Script_MakeEntities will be placed at 8024271C (length = 15C bytes)
$Function_80240000 will be placed at 80242878 (length = 158 bytes)
$Function_80242BBC will be placed at 802429D0 (length = 150 bytes)
$Function_80242DB8 will be placed at 80242B20 (length = 138 bytes)
$Function_80241B50 will be placed at 80242C58 (length = 134 bytes)
$Function_8024081C will be placed at 80242D8C (length = 130 bytes)
$Function_8024255C will be placed at 80242EBC (length = 130 bytes)
$Function_80242078 will be placed at 80242FEC (length = 124 bytes)
$Function_8024094C will be placed at 80243110 (length = 120 bytes)
$Script_Main will be placed at 80243230 (length = F0 bytes)
$JumpTable_80244350 will be placed at 80243320 (length = D4 bytes)
$Function_80240AD4 will be placed at 802433F4 (length = C0 bytes)
$Function_80241668 will be placed at 802434B4 (length = C0 bytes)
$Function_80240400 will be placed at 80243574 (length = C0 bytes)
$MapTattle will be placed at 80243634 (length = C0 bytes)
$Function_8024067C will be placed at 802436F4 (length = B4 bytes)
$Function_80242D0C will be placed at 802437A8 (length = AC bytes)
$Function_802427B0 will be placed at 80243854 (length = A8 bytes)
$Function_8024268C will be placed at 802438FC (length = 9C bytes)
$Function_80242728 will be placed at 80243998 (length = 88 bytes)
$Function_80242EF0 will be placed at 80243A20 (length = 7C bytes)
$TalkString will be placed at 80243A9C (length = 7C bytes)
$Function_80241A6C will be placed at 80243B18 (length = 78 bytes)
$Function_802407A4 will be placed at 80243B90 (length = 78 bytes)
$Function_80240730 will be placed at 80243C08 (length = 74 bytes)
$Function_802424E8 will be placed at 80243C7C (length = 74 bytes)
$Function_80241AE4 will be placed at 80243CF0 (length = 6C bytes)
$Function_80240A6C will be placed at 80243D5C (length = 68 bytes)
$Function_80242F6C will be placed at 80243DC4 (length = 68 bytes)
$Function_80241C84 will be placed at 80243E2C (length = 64 bytes)
$Function_802429CC will be placed at 80243E90 (length = 50 bytes)
$Function_80242FD4 will be placed at 80243EE0 (length = 44 bytes)
$Script_Entry1 will be placed at 80243F24 (length = 40 bytes)
$Script_Entry0 will be placed at 80243F64 (length = 40 bytes)
$Header will be placed at 80243FA4 (length = 40 bytes)
$Script_Interact will be placed at 80243FE4 (length = 3C bytes)
$JumpTable_802442E8 will be placed at 80244020 (length = 3C bytes)
$Script_MakeExits will be placed at 8024405C (length = 38 bytes)
$AISettings_802437C0 will be placed at 80244094 (length = 30 bytes)
$BlankSettings will be placed at 802440C4 (length = 2C bytes)
$NpcSettings_80243814 will be placed at 802440F0 (length = 2C bytes)
$Script_Init_802421EC will be placed at 8024411C (length = 28 bytes)
$NpcGroupList_YouBeatJrTroopa will be placed at 80244144 (length = 24 bytes)
$EntryList will be placed at 80244168 (length = 20 bytes)
$NpcGroupList_YouDidntBeatJrTroopa will be placed at 80244188 (length = 18 bytes)
$FloatTable_802436DC will be placed at 802441A0 (length = 18 bytes)
$Script_NpcAI_802437F0 will be placed at 802441B8 (length = 18 bytes)
$Function_GetTattle will be placed at 802441D0 (length = 14 bytes)
$Script_RockDestroyed will be placed at 802441E4 (length = 14 bytes)
$ASCII_"arn_22"_Literal will be placed at 802441F8 (length = C bytes)
$ASCII_"arn_05"_Literal will be placed at 80244204 (length = C bytes)
$ConstDouble_802442D8 will be placed at 80244210 (length = 8 bytes)
$ConstDouble_802442D0 will be placed at 80244218 (length = 8 bytes)
$ConstDouble_80244348 will be placed at 80244220 (length = 8 bytes)
$ConstDouble_80244340 will be placed at 80244228 (length = 8 bytes)
$Script_IdleAI will be placed at 80244230 (length = 8 bytes)
$ConstDouble_80244138 will be placed at 80244238 (length = 8 bytes)
$ConstDouble_80244338 will be placed at 80244240 (length = 8 bytes)
$ConstDouble_80244130 will be placed at 80244248 (length = 8 bytes)
$ConstDouble_80244330 will be placed at 80244250 (length = 8 bytes)
$ConstDouble_802442E0 will be placed at 80244258 (length = 8 bytes)
$ConstDouble_80244328 will be placed at 80244260 (length = 8 bytes)
Executing patches for: arn_22
Reading patch file: map/patch/gusty gulch and tubbas castle/arn_22.mpat
Creating struct: $Header
Creating struct: $Function_GetTattle
Creating struct: $EntryList
Creating struct: $Script_Main
Creating struct: $Script_MakeEntities
Creating struct: $Script_MakeExits
Creating struct: $Script_Entry1
Creating struct: $Script_Entry2
Merged 1 regions to 1
$Script_Main will be placed at 80240000 (length = C8 bytes)
$MapTattle will be placed at 802400C8 (length = 6C bytes)
$Header will be placed at 80240134 (length = 40 bytes)
$Script_Entry1 will be placed at 80240174 (length = 40 bytes)
$Script_Entry2 will be placed at 802401B4 (length = 40 bytes)
$Script_MakeEntities will be placed at 802401F4 (length = 38 bytes)
$Script_MakeExits will be placed at 8024022C (length = 38 bytes)
$EntryList will be placed at 80240264 (length = 20 bytes)
$Function_GetTattle will be placed at 80240284 (length = 14 bytes)
$ASCII_"arn_21"_Literal will be placed at 80240298 (length = C bytes)
$ASCII_"sbk_03"_Literal will be placed at 802402A4 (length = C bytes)
Executing patches for: dgb_02
Reading patch file: map/patch/gusty gulch and tubbas castle/dgb_02.mpat
Reading patch file: map/import/NPC_Clubba.mpat
Creating struct: $ExtraAnimationList_ClubbaA
Creating struct: $ExtraAnimationList_ClubbaB
Creating struct: $AISettings_Clubba
Creating struct: $Script_NpcAI_ClubbaA
Creating struct: $NpcSettings_ClubbaA
Creating struct: $Script_NpcAI_ClubbaB
Creating struct: $NpcSettings_ClubbaB
Creating struct: $Script_80241AB0_Clubba
Creating struct: $Function_802403BC_Clubba
Creating struct: $Function_80240000_Clubba
Creating struct: $Function_8024006C_Clubba
Creating struct: $Function_802400DC_Clubba
Creating struct: $Function_802401B4_Clubba
Creating struct: $Function_80240208_Clubba
Creating struct: $Function_8024061C_Clubba
Creating struct: $JumpTable_80242618_Clubba
Reading patch for $NpcGroupList_802425C8
Creating struct: $NpcGroup_RedClubba
Creating struct: $NpcSettings_RedClubba
Creating struct: $ClubbaDefeat
Creating struct: $AISettings_RedClubba
Creating struct: $Script_NpcAI_RedClubba
Merged 6 regions to 5
$NpcGroup_RedClubba will be placed at 80242940 (length = 3E0 bytes)
$Function_8024061C_Clubba will be placed at 80242D20 (length = 2B4 bytes)
$Function_802403BC_Clubba will be placed at 80242FD4 (length = 260 bytes)
$Function_80240208_Clubba will be placed at 80243234 (length = 1B8 bytes)
$JumpTable_80242618_Clubba will be placed at 802433EC (length = 190 bytes)
$Function_802400DC_Clubba will be placed at 8024357C (length = D8 bytes)
$Script_80241AB0_Clubba will be placed at 80243654 (length = 88 bytes)
$ClubbaDefeat will be placed at 802436DC (length = 84 bytes)
$Script_NpcAI_ClubbaB will be placed at 80243760 (length = 80 bytes)
$Function_8024006C_Clubba will be placed at 802437E0 (length = 70 bytes)
$Function_80240000_Clubba will be placed at 80243850 (length = 6C bytes)
$Script_NpcAI_ClubbaA will be placed at 802438BC (length = 54 bytes)
$Script_NpcAI_RedClubba will be placed at 80243910 (length = 54 bytes)
$Function_802401B4_Clubba will be placed at 80243964 (length = 54 bytes)
$NpcGroupList_802425C8 will be placed at 802439B8 (length = 30 bytes)
$AISettings_RedClubba will be placed at 802439E8 (length = 30 bytes)
$AISettings_Clubba will be placed at 80243A18 (length = 30 bytes)
$NpcSettings_ClubbaA will be placed at 80243A48 (length = 2C bytes)
$NpcSettings_RedClubba will be placed at 80243A74 (length = 2C bytes)
$NpcSettings_ClubbaB will be placed at 80243AA0 (length = 2C bytes)
$ExtraAnimationList_ClubbaA will be placed at 802425C8 (length = 28 bytes)
$ExtraAnimationList_ClubbaB will be placed at 80241548 (length = 8 bytes)
Changing pointer 802425C8 to 802439B8 ($NpcGroupList_802425C8[0])
Executing patches for: dgb_03
Reading patch file: map/patch/gusty gulch and tubbas castle/dgb_03.mpat
Reading patch file: map/import/NPC_Clubba.mpat
Creating struct: $ExtraAnimationList_ClubbaA
Creating struct: $ExtraAnimationList_ClubbaB
Creating struct: $AISettings_Clubba
Creating struct: $Script_NpcAI_ClubbaA
Creating struct: $NpcSettings_ClubbaA
Creating struct: $Script_NpcAI_ClubbaB
Creating struct: $NpcSettings_ClubbaB
Creating struct: $Script_80241AB0_Clubba
Creating struct: $Function_802403BC_Clubba
Creating struct: $Function_80240000_Clubba
Creating struct: $Function_8024006C_Clubba
Creating struct: $Function_802400DC_Clubba
Creating struct: $Function_802401B4_Clubba
Creating struct: $Function_80240208_Clubba
Creating struct: $Function_8024061C_Clubba
Creating struct: $JumpTable_80242618_Clubba
Reading patch for $NpcGroupList_80244988
Creating struct: $NpcGroup_RedClubba1
Creating struct: $NpcGroup_RedClubba2
Creating struct: $ClubbaDefeat
Creating struct: $NpcSettings_RedClubba
Creating struct: $AISettings_RedClubba
Creating struct: $Script_NpcAI_RedClubba
Merged 8 regions to 7
$NpcGroup_RedClubba2 will be placed at 80245050 (length = 3E0 bytes)
$NpcGroup_RedClubba1 will be placed at 80245430 (length = 3E0 bytes)
$Function_8024061C_Clubba will be placed at 80245810 (length = 2B4 bytes)
$Function_802403BC_Clubba will be placed at 80245AC4 (length = 260 bytes)
$Function_80240208_Clubba will be placed at 80245D24 (length = 1B8 bytes)
$JumpTable_80242618_Clubba will be placed at 80245EDC (length = 190 bytes)
$Function_802400DC_Clubba will be placed at 8024606C (length = D8 bytes)
$Script_80241AB0_Clubba will be placed at 80246144 (length = 88 bytes)
$ClubbaDefeat will be placed at 802461CC (length = 84 bytes)
$Script_NpcAI_ClubbaB will be placed at 80246250 (length = 80 bytes)
$Function_8024006C_Clubba will be placed at 802462D0 (length = 70 bytes)
$Function_80240000_Clubba will be placed at 80246340 (length = 6C bytes)
$Function_802401B4_Clubba will be placed at 802463AC (length = 54 bytes)
$Script_NpcAI_ClubbaA will be placed at 80246400 (length = 54 bytes)
$Script_NpcAI_RedClubba will be placed at 80246454 (length = 54 bytes)
$NpcGroupList_80244988 will be placed at 802464A8 (length = 48 bytes)
$AISettings_RedClubba will be placed at 80244988 (length = 30 bytes)
$AISettings_Clubba will be placed at 802464F0 (length = 30 bytes)
$NpcSettings_ClubbaA will be placed at 80246520 (length = 2C bytes)
$NpcSettings_ClubbaB will be placed at 8024654C (length = 2C bytes)
$NpcSettings_RedClubba will be placed at 80246578 (length = 2C bytes)
$ExtraAnimationList_ClubbaA will be placed at 802465A4 (length = 28 bytes)
$ExtraAnimationList_ClubbaB will be placed at 80242908 (length = 8 bytes)
Changing pointer 80244988 to 802464A8 ($NpcGroupList_80244988[0])
Executing patches for: dgb_04
Reading patch file: map/patch/gusty gulch and tubbas castle/dgb_04.mpat
Reading patch for $Function_8024259C
Reading patch for $???_80243D38
Reading patch for $???_80243D48
Merged 8 regions to 7
$???_80243D48 will be placed at 80243D38 (length = 48 bytes)
$???_80243D38 will be placed at 802444E0 (length = 14 bytes)
Changing pointer 80243D38 to 802444E0 ($???_80243D38[0])
Changing pointer 80243D48 to 80243D38 ($???_80243D48[0])
Executing patches for: dgb_05
Reading patch file: map/patch/gusty gulch and tubbas castle/dgb_05.mpat
Reading patch file: map/import/Pit_AI.mpat
Creating struct: $NpcSettings_Goomba
Creating struct: $NpcSettings_Koopa
Creating struct: $NpcSettings_Fuzzy
Creating struct: $Script_NpcAI_Fuzzy
Creating struct: $Script_GoombaAI
Creating struct: $AISettings_Goomba
Creating struct: $AISettings_Fuzzy_802413E0
Creating struct: $JumpTable_Fuzzy_802423B8
Creating struct: $Function_Fuzzy_80240000
Creating struct: $Function_Fuzzy_80240230
Creating struct: $Function_Fuzzy_80240568
Creating struct: $Function_Fuzzy_80240628
Creating struct: $Function_Fuzzy_802407CC
Creating struct: $Function_Fuzzy_802408AC
Creating struct: $Function_Fuzzy_80240BAC
Creating struct: $Function_Fuzzy_80240BF0
Creating struct: $JumpTable_Koopa_80245CF8
Creating struct: $Script_NpcAI_Koopa
Creating struct: $AISettings_Koopa_802427BC
Creating struct: $NpcSettings_BuzzyBeetle
Creating struct: $AISettings_BuzzyBeetle
Creating struct: $Script_NpcAI_BuzzyBeetle
Creating struct: $AISettings_Koopatrol
Creating struct: $Script_NpcAI_Koopatrol
Creating struct: $NpcSettings_Koopatrol
Creating struct: $AISettings_Spiny
Creating struct: $Script_NpcAI_Spiny
Creating struct: $NpcSettings_Spiny
Creating struct: $AISettings_BonyBeetle
Creating struct: $Script_NpcAI_BonyBeetle
Creating struct: $NpcSettings_BonyBeetle
Creating struct: $Function_DoAI_ShellEnemy
Creating struct: $Function_Koopa_80240000
Creating struct: $Function_Koopa_8024007C
Creating struct: $Function_Koopa_802401B0
Creating struct: $Function_Koopa_80240314
Creating struct: $NpcSettings_Bubble
Creating struct: $Script_NpcAI_Bubble
Creating struct: $AISettings_Bubble
Creating struct: $JumpTable_NEW130A8
Creating struct: $JumpTable_NEW130F0
Creating struct: $Function_NEW10000
Creating struct: $Function_NEW10348
Creating struct: $Function_NEW1040C
Creating struct: $Function_NEW10530
Creating struct: $Function_NEW10720
Creating struct: $Function_NEW107F4
Creating struct: $Function_NEW10820
Creating struct: $Function_NEW109D0
Creating struct: $Function_NEW10FF8
Creating struct: $Function_NEW110B8
Creating struct: $Function_NEW113FC
Creating struct: $Function_NEW11474
Creating struct: $Function_NEW114E0
Creating struct: $Function_NEW11614
Creating struct: $Function_NEW11678
Creating struct: $Function_NEW11A08
Creating struct: $Function_NEW11B2C
Creating struct: $Function_NEW11D18
Creating struct: $Function_NEW11E48
Creating struct: $Function_NEW120C8
Creating struct: $Function_NEW12124
Creating struct: $???_NEW123E0
Creating struct: $FloatTable_NEW12930
Creating struct: $FloatTable_NEW12B90
Reading patch for $NpcGroupList_8024230C
Creating struct: $NpcGroup_PoisonFuzzy1
Merged 7 regions to 7
$Function_NEW109D0 will be placed at 80242670 (length = 638 bytes)
$Function_DoAI_ShellEnemy will be placed at 80242CA8 (length = 440 bytes)
$Function_NEW11678 will be placed at 802430E8 (length = 390 bytes)
$Function_NEW10000 will be placed at 80243478 (length = 350 bytes)
$Function_NEW110B8 will be placed at 802437C8 (length = 344 bytes)
$Function_Fuzzy_80240230 will be placed at 80243B0C (length = 340 bytes)
$Function_Fuzzy_802408AC will be placed at 80243E4C (length = 300 bytes)
$Function_NEW11E48 will be placed at 8024414C (length = 288 bytes)
$Function_Fuzzy_80240000 will be placed at 802443D4 (length = 230 bytes)
$Function_Fuzzy_80240BF0 will be placed at 80244604 (length = 224 bytes)
$NpcGroup_PoisonFuzzy1 will be placed at 80244828 (length = 1F0 bytes)
$Function_NEW11B2C will be placed at 80244A18 (length = 1EC bytes)
$Function_NEW12124 will be placed at 80244C04 (length = 1E8 bytes)
$Function_NEW10530 will be placed at 80244DEC (length = 1E8 bytes)
$Function_NEW10820 will be placed at 80244FD4 (length = 1B8 bytes)
$Function_Fuzzy_80240628 will be placed at 8024518C (length = 1A4 bytes)
$Function_Koopa_802401B0 will be placed at 80245330 (length = 164 bytes)
$Function_Koopa_8024007C will be placed at 80245494 (length = 13C bytes)
$Function_NEW114E0 will be placed at 802455D0 (length = 134 bytes)
$Function_NEW11D18 will be placed at 80245704 (length = 130 bytes)
$Function_NEW11A08 will be placed at 80245834 (length = 124 bytes)
$Function_NEW1040C will be placed at 80245958 (length = 124 bytes)
$Function_Fuzzy_802407CC will be placed at 80245A7C (length = E0 bytes)
$Function_NEW10720 will be placed at 80245B5C (length = D4 bytes)
$Function_NEW10348 will be placed at 80245C30 (length = C4 bytes)
$Function_Fuzzy_80240568 will be placed at 80245CF4 (length = C0 bytes)
$Function_NEW10FF8 will be placed at 80245DB4 (length = C0 bytes)
$Function_Koopa_80240314 will be placed at 80245E74 (length = 80 bytes)
$Function_Koopa_80240000 will be placed at 80245EF4 (length = 7C bytes)
$Function_NEW113FC will be placed at 80245F70 (length = 78 bytes)
$FloatTable_NEW12930 will be placed at 80245FE8 (length = 70 bytes)
$Function_NEW11474 will be placed at 80246058 (length = 6C bytes)
$Function_NEW11614 will be placed at 802460C4 (length = 64 bytes)
$Function_NEW120C8 will be placed at 80246128 (length = 5C bytes)
$Script_NpcAI_Spiny will be placed at 80246184 (length = 54 bytes)
$JumpTable_Koopa_80245CF8 will be placed at 802461D8 (length = 54 bytes)
$JumpTable_NEW130F0 will be placed at 8024622C (length = 54 bytes)
$Script_NpcAI_BonyBeetle will be placed at 80246280 (length = 54 bytes)
$Script_NpcAI_BuzzyBeetle will be placed at 802462D4 (length = 54 bytes)
$Script_NpcAI_Koopa will be placed at 80246328 (length = 54 bytes)
$Script_NpcAI_Koopatrol will be placed at 8024637C (length = 54 bytes)
$Script_NpcAI_Bubble will be placed at 802463D0 (length = 54 bytes)
$Function_Fuzzy_80240BAC will be placed at 80246424 (length = 44 bytes)
$JumpTable_Fuzzy_802423B8 will be placed at 80246468 (length = 3C bytes)
$JumpTable_NEW130A8 will be placed at 802464A4 (length = 3C bytes)
$AISettings_Spiny will be placed at 802464E0 (length = 30 bytes)
$AISettings_BonyBeetle will be placed at 80246510 (length = 30 bytes)
$AISettings_BuzzyBeetle will be placed at 80246540 (length = 30 bytes)
$AISettings_Koopa_802427BC will be placed at 80246570 (length = 30 bytes)
$AISettings_Bubble will be placed at 802465A0 (length = 30 bytes)
$AISettings_Koopatrol will be placed at 802465D0 (length = 30 bytes)
$NpcGroupList_8024230C will be placed at 80246600 (length = 30 bytes)
$AISettings_Fuzzy_802413E0 will be placed at 80246630 (length = 30 bytes)
$AISettings_Goomba will be placed at 80246660 (length = 30 bytes)
$Function_NEW107F4 will be placed at 80246690 (length = 2C bytes)
$Script_NpcAI_Fuzzy will be placed at 802466BC (length = 2C bytes)
$NpcSettings_Fuzzy will be placed at 802466E8 (length = 2C bytes)
$NpcSettings_Bubble will be placed at 80246714 (length = 2C bytes)
$NpcSettings_Koopa will be placed at 80246740 (length = 2C bytes)
$NpcSettings_Koopatrol will be placed at 8024676C (length = 2C bytes)
$NpcSettings_Spiny will be placed at 80246798 (length = 2C bytes)
$NpcSettings_BonyBeetle will be placed at 802467C4 (length = 2C bytes)
$NpcSettings_BuzzyBeetle will be placed at 802467F0 (length = 2C bytes)
$NpcSettings_Goomba will be placed at 8024681C (length = 2C bytes)
$FloatTable_NEW12B90 will be placed at 8024230C (length = 18 bytes)
$Script_GoombaAI will be placed at 80246848 (length = 14 bytes)
$???_NEW123E0 will be placed at 802418BC (length = 4 bytes)
Changing pointer 8024230C to 80246600 ($NpcGroupList_8024230C[0])
Executing patches for: dgb_06
Reading patch file: map/patch/gusty gulch and tubbas castle/dgb_06.mpat
Reading patch file: map/import/Pit_AI.mpat
Creating struct: $NpcSettings_Goomba
Creating struct: $NpcSettings_Koopa
Creating struct: $NpcSettings_Fuzzy
Creating struct: $Script_NpcAI_Fuzzy
Creating struct: $Script_GoombaAI
Creating struct: $AISettings_Goomba
Creating struct: $AISettings_Fuzzy_802413E0
Creating struct: $JumpTable_Fuzzy_802423B8
Creating struct: $Function_Fuzzy_80240000
Creating struct: $Function_Fuzzy_80240230
Creating struct: $Function_Fuzzy_80240568
Creating struct: $Function_Fuzzy_80240628
Creating struct: $Function_Fuzzy_802407CC
Creating struct: $Function_Fuzzy_802408AC
Creating struct: $Function_Fuzzy_80240BAC
Creating struct: $Function_Fuzzy_80240BF0
Creating struct: $JumpTable_Koopa_80245CF8
Creating struct: $Script_NpcAI_Koopa
Creating struct: $AISettings_Koopa_802427BC
Creating struct: $NpcSettings_BuzzyBeetle
Creating struct: $AISettings_BuzzyBeetle
Creating struct: $Script_NpcAI_BuzzyBeetle
Creating struct: $AISettings_Koopatrol
Creating struct: $Script_NpcAI_Koopatrol
Creating struct: $NpcSettings_Koopatrol
Creating struct: $AISettings_Spiny
Creating struct: $Script_NpcAI_Spiny
Creating struct: $NpcSettings_Spiny
Creating struct: $AISettings_BonyBeetle
Creating struct: $Script_NpcAI_BonyBeetle
Creating struct: $NpcSettings_BonyBeetle
Creating struct: $Function_DoAI_ShellEnemy
Creating struct: $Function_Koopa_80240000
Creating struct: $Function_Koopa_8024007C
Creating struct: $Function_Koopa_802401B0
Creating struct: $Function_Koopa_80240314
Creating struct: $NpcSettings_Bubble
Creating struct: $Script_NpcAI_Bubble
Creating struct: $AISettings_Bubble
Creating struct: $JumpTable_NEW130A8
Creating struct: $JumpTable_NEW130F0
Creating struct: $Function_NEW10000
Creating struct: $Function_NEW10348
Creating struct: $Function_NEW1040C
Creating struct: $Function_NEW10530
Creating struct: $Function_NEW10720
Creating struct: $Function_NEW107F4
Creating struct: $Function_NEW10820
Creating struct: $Function_NEW109D0
Creating struct: $Function_NEW10FF8
Creating struct: $Function_NEW110B8
Creating struct: $Function_NEW113FC
Creating struct: $Function_NEW11474
Creating struct: $Function_NEW114E0
Creating struct: $Function_NEW11614
Creating struct: $Function_NEW11678
Creating struct: $Function_NEW11A08
Creating struct: $Function_NEW11B2C
Creating struct: $Function_NEW11D18
Creating struct: $Function_NEW11E48
Creating struct: $Function_NEW120C8
Creating struct: $Function_NEW12124
Creating struct: $???_NEW123E0
Creating struct: $FloatTable_NEW12930
Creating struct: $FloatTable_NEW12B90
Reading patch file: map/import/NPC_Clubba.mpat
Creating struct: $ExtraAnimationList_ClubbaA
Creating struct: $ExtraAnimationList_ClubbaB
Creating struct: $AISettings_Clubba
Creating struct: $Script_NpcAI_ClubbaA
Creating struct: $NpcSettings_ClubbaA
Creating struct: $Script_NpcAI_ClubbaB
Creating struct: $NpcSettings_ClubbaB
Creating struct: $Script_80241AB0_Clubba
Creating struct: $Function_802403BC_Clubba
Creating struct: $Function_80240000_Clubba
Creating struct: $Function_8024006C_Clubba
Creating struct: $Function_802400DC_Clubba
Creating struct: $Function_802401B4_Clubba
Creating struct: $Function_80240208_Clubba
Creating struct: $Function_8024061C_Clubba
Creating struct: $JumpTable_80242618_Clubba
Reading patch for $NpcGroupList_80240B44
Creating struct: $NpcGroup_RedClubba1
Creating struct: $NpcSettings_RedClubba
Creating struct: $ClubbaDefeat
Creating struct: $AISettings_RedClubba
Creating struct: $Script_NpcAI_RedClubba
Creating struct: $NpcGroup_PoisonFuzzy1
Creating struct: $NpcGroup_PoisonFuzzy2
Merged 7 regions to 5
$Function_NEW109D0 will be placed at 80240B68 (length = 638 bytes)
$Function_DoAI_ShellEnemy will be placed at 802411A0 (length = 440 bytes)
$NpcGroup_RedClubba1 will be placed at 802415E0 (length = 3E0 bytes)
$Function_NEW11678 will be placed at 802419C0 (length = 390 bytes)
$Function_NEW10000 will be placed at 80241D50 (length = 350 bytes)
$Function_NEW110B8 will be placed at 802420A0 (length = 344 bytes)
$Function_Fuzzy_80240230 will be placed at 802423E4 (length = 340 bytes)
$Function_Fuzzy_802408AC will be placed at 80242724 (length = 300 bytes)
$Function_8024061C_Clubba will be placed at 80242A24 (length = 2B4 bytes)
$Function_NEW11E48 will be placed at 80242CD8 (length = 288 bytes)
$Function_802403BC_Clubba will be placed at 80242F60 (length = 260 bytes)
$Function_Fuzzy_80240000 will be placed at 802431C0 (length = 230 bytes)
$Function_Fuzzy_80240BF0 will be placed at 802433F0 (length = 224 bytes)
$NpcGroup_PoisonFuzzy2 will be placed at 80243614 (length = 1F0 bytes)
$NpcGroup_PoisonFuzzy1 will be placed at 80243804 (length = 1F0 bytes)
$Function_NEW11B2C will be placed at 802439F4 (length = 1EC bytes)
$Function_NEW12124 will be placed at 80243BE0 (length = 1E8 bytes)
$Function_NEW10530 will be placed at 80243DC8 (length = 1E8 bytes)
$Function_NEW10820 will be placed at 80243FB0 (length = 1B8 bytes)
$Function_80240208_Clubba will be placed at 80244168 (length = 1B8 bytes)
$Function_Fuzzy_80240628 will be placed at 80244320 (length = 1A4 bytes)
$JumpTable_80242618_Clubba will be placed at 802444C4 (length = 190 bytes)
$Function_Koopa_802401B0 will be placed at 80244654 (length = 164 bytes)
$Function_Koopa_8024007C will be placed at 802447B8 (length = 13C bytes)
$Function_NEW114E0 will be placed at 802448F4 (length = 134 bytes)
$Function_NEW11D18 will be placed at 80244A28 (length = 130 bytes)
$Function_NEW11A08 will be placed at 80244B58 (length = 124 bytes)
$Function_NEW1040C will be placed at 80244C7C (length = 124 bytes)
$Function_Fuzzy_802407CC will be placed at 80244DA0 (length = E0 bytes)
$Function_802400DC_Clubba will be placed at 80244E80 (length = D8 bytes)
$Function_NEW10720 will be placed at 80244F58 (length = D4 bytes)
$Function_NEW10348 will be placed at 8024502C (length = C4 bytes)
$Function_Fuzzy_80240568 will be placed at 802450F0 (length = C0 bytes)
$Function_NEW10FF8 will be placed at 802451B0 (length = C0 bytes)
$Script_80241AB0_Clubba will be placed at 80245270 (length = 88 bytes)
$ClubbaDefeat will be placed at 802452F8 (length = 84 bytes)
$Script_NpcAI_ClubbaB will be placed at 8024537C (length = 80 bytes)
$Function_Koopa_80240314 will be placed at 802453FC (length = 80 bytes)
$Function_Koopa_80240000 will be placed at 8024547C (length = 7C bytes)
$Function_NEW113FC will be placed at 802454F8 (length = 78 bytes)
$FloatTable_NEW12930 will be placed at 80245570 (length = 70 bytes)
$Function_8024006C_Clubba will be placed at 802455E0 (length = 70 bytes)
$Function_NEW11474 will be placed at 80245650 (length = 6C bytes)
$Function_80240000_Clubba will be placed at 802456BC (length = 6C bytes)
$Function_NEW11614 will be placed at 80245728 (length = 64 bytes)
$Function_NEW120C8 will be placed at 8024578C (length = 5C bytes)
$Script_NpcAI_Spiny will be placed at 802457E8 (length = 54 bytes)
$JumpTable_Koopa_80245CF8 will be placed at 8024583C (length = 54 bytes)
$JumpTable_NEW130F0 will be placed at 80245890 (length = 54 bytes)
$Function_802401B4_Clubba will be placed at 802458E4 (length = 54 bytes)
$Script_NpcAI_BonyBeetle will be placed at 80245938 (length = 54 bytes)
$Script_NpcAI_BuzzyBeetle will be placed at 8024598C (length = 54 bytes)
$Script_NpcAI_ClubbaA will be placed at 802459E0 (length = 54 bytes)
$Script_NpcAI_Koopa will be placed at 80245A34 (length = 54 bytes)
$Script_NpcAI_Koopatrol will be placed at 80245A88 (length = 54 bytes)
$Script_NpcAI_RedClubba will be placed at 80245ADC (length = 54 bytes)
$Script_NpcAI_Bubble will be placed at 80245B30 (length = 54 bytes)
$Function_Fuzzy_80240BAC will be placed at 80245B84 (length = 44 bytes)
$NpcGroupList_80240B44 will be placed at 80245BC8 (length = 3C bytes)
$JumpTable_Fuzzy_802423B8 will be placed at 80245C04 (length = 3C bytes)
$JumpTable_NEW130A8 will be placed at 80245C40 (length = 3C bytes)
$AISettings_Spiny will be placed at 80245C7C (length = 30 bytes)
$AISettings_BonyBeetle will be placed at 80245CAC (length = 30 bytes)
$AISettings_BuzzyBeetle will be placed at 80245CDC (length = 30 bytes)
$AISettings_Koopa_802427BC will be placed at 80245D0C (length = 30 bytes)
$AISettings_Bubble will be placed at 80245D3C (length = 30 bytes)
$AISettings_Koopatrol will be placed at 80245D6C (length = 30 bytes)
$AISettings_Fuzzy_802413E0 will be placed at 80245D9C (length = 30 bytes)
$AISettings_RedClubba will be placed at 80245DCC (length = 30 bytes)
$AISettings_Goomba will be placed at 80245DFC (length = 30 bytes)
$AISettings_Clubba will be placed at 80245E2C (length = 30 bytes)
$Function_NEW107F4 will be placed at 80245E5C (length = 2C bytes)
$Script_NpcAI_Fuzzy will be placed at 80245E88 (length = 2C bytes)
$NpcSettings_Fuzzy will be placed at 80245EB4 (length = 2C bytes)
$NpcSettings_Bubble will be placed at 80245EE0 (length = 2C bytes)
$NpcSettings_Koopa will be placed at 80245F0C (length = 2C bytes)
$NpcSettings_ClubbaA will be placed at 80245F38 (length = 2C bytes)
$NpcSettings_ClubbaB will be placed at 80245F64 (length = 2C bytes)
$NpcSettings_Koopatrol will be placed at 80245F90 (length = 2C bytes)
$NpcSettings_Spiny will be placed at 80245FBC (length = 2C bytes)
$NpcSettings_BonyBeetle will be placed at 80245FE8 (length = 2C bytes)
$NpcSettings_BuzzyBeetle will be placed at 80246014 (length = 2C bytes)
$NpcSettings_Goomba will be placed at 80246040 (length = 2C bytes)
$NpcSettings_RedClubba will be placed at 8024606C (length = 2C bytes)
$ExtraAnimationList_ClubbaA will be placed at 80246098 (length = 28 bytes)
$FloatTable_NEW12B90 will be placed at 80240B44 (length = 18 bytes)
$Script_GoombaAI will be placed at 802460C0 (length = 14 bytes)
$ExtraAnimationList_ClubbaB will be placed at 802403B8 (length = 8 bytes)
$???_NEW123E0 will be placed at 802402BC (length = 4 bytes)
Changing pointer 80240B44 to 80245BC8 ($NpcGroupList_80240B44[0])
Executing patches for: dgb_08
Reading patch file: map/patch/gusty gulch and tubbas castle/dgb_08.mpat
Reading patch for $???_80244100
Merged 7 regions to 7
Executing patches for: dgb_09
Reading patch file: map/patch/gusty gulch and tubbas castle/dgb_09.mpat
Reading patch for $NpcGroupList_8024533C
Reading patch for $ExtraAnimationList_802440BC
Reading patch for $AISettings_802441B8
Reading patch for $Script_NpcAI_802441E8
Reading patch for $Script_NpcAI_8024411C
Reading patch for $AISettings_802443AC
Reading patch for $NpcGroup_80244D6C
Reading patch for $NpcGroup_80244920
Merged 9 regions to 9
Executing patches for: dgb_13
Reading patch file: map/patch/gusty gulch and tubbas castle/dgb_13.mpat
Reading patch for $Script_80240270
Reading patch for $Script_Main_EnterWalk
Creating struct: $NpcGroupList_PFuzzy
Creating struct: $AISettings_Fuzzy
Creating struct: $Script_NpcAI_PFuzzy
Creating struct: $NpcSettings_PFuzzy
Creating struct: $NpcGroup_PFuzzy
Creating struct: $Function_80240C90_PF
Creating struct: $Function_802400A0_PF
Creating struct: $Function_802402D0_PF
Creating struct: $Function_80240608_PF
Creating struct: $Function_802406C8_PF
Creating struct: $Function_8024086C_PF
Creating struct: $Function_8024094C_PF
Creating struct: $Function_80240C4C_PF
Creating struct: $ConstDouble_PF
Creating struct: $JumpTable_80242B98_PF
Merged 6 regions to 4
$Function_802402D0_PF will be placed at 802406C8 (length = 338 bytes)
$Function_8024094C_PF will be placed at 80240A00 (length = 300 bytes)
$Function_802400A0_PF will be placed at 80240D00 (length = 230 bytes)
$Function_80240C90_PF will be placed at 80240F30 (length = 224 bytes)
$NpcGroup_PFuzzy will be placed at 80241154 (length = 1F0 bytes)
$Function_802406C8_PF will be placed at 80241344 (length = 1A4 bytes)
$Function_8024086C_PF will be placed at 802414E8 (length = E0 bytes)
$Function_80240608_PF will be placed at 802415C8 (length = C0 bytes)
$Function_80240C4C_PF will be placed at 80241688 (length = 44 bytes)
$JumpTable_80242B98_PF will be placed at 802416CC (length = 3C bytes)
$AISettings_Fuzzy will be placed at 80241708 (length = 30 bytes)
$Script_NpcAI_PFuzzy will be placed at 80240244 (length = 2C bytes)
$NpcSettings_PFuzzy will be placed at 80241738 (length = 2C bytes)
$NpcGroupList_PFuzzy will be placed at 80240358 (length = 18 bytes)
$ConstDouble_PF will be placed at 802400E8 (length = 8 bytes)
Executing patches for: dgb_15
Reading patch file: map/patch/gusty gulch and tubbas castle/dgb_15.mpat
Reading patch for $AISettings_8024271C
Merged 7 regions to 7
Executing patches for: dgb_16
Reading patch file: map/patch/gusty gulch and tubbas castle/dgb_16.mpat
Reading patch for $NpcGroupList_8024318C
Creating struct: $NpcGroup_RedClubba
Creating struct: $ExtraAnimationList_RedClubba
Creating struct: $ExtraAnimationList_RedClubba2
Creating struct: $Script_NpcAI_RedClubba
Creating struct: $NpcSettings_RedClubba
Merged 7 regions to 7
$NpcGroup_RedClubba will be placed at 80243520 (length = 3E0 bytes)
$NpcGroupList_8024318C will be placed at 80243900 (length = 60 bytes)
$Script_NpcAI_RedClubba will be placed at 8024318C (length = 54 bytes)
$NpcSettings_RedClubba will be placed at 80243960 (length = 2C bytes)
$ExtraAnimationList_RedClubba will be placed at 8024398C (length = 28 bytes)
$ExtraAnimationList_RedClubba2 will be placed at 80241518 (length = 8 bytes)
Changing pointer 8024318C to 80243900 ($NpcGroupList_8024318C[0])
Executing patches for: hos_06
Reading patch file: map/patch/hos_06.mpat
Reading patch for $EntryList
Creating struct: $Function_80241960
Reading patch for $Function_80240AD0
Reading patch for $Function_8024228C
Creating struct: $Script_8024793C
Creating struct: $Script_8024792C
Reading patch for $Script_MakeEntities
Creating struct: $ASCII_802732B0
Merged 10 regions to 8
$Function_80241960 will be placed at 80246258 (length = C4 bytes)
$Script_MakeEntities will be placed at 8024631C (length = BC bytes)
$Script_8024793C will be placed at 802425B0 (length = 2C bytes)
$Script_8024792C will be placed at 802463D8 (length = 20 bytes)
$EntryList will be placed at 802425DC (length = 20 bytes)
$ASCII_802732B0 will be placed at 80242BA4 (length = C bytes)
Changing pointer 80246424 to 802465C4 ($End[1C4])
Changing pointer 80246260 to 80246400 ($End[0])
Changing pointer 80246260 to 80246400 ($End[0])
Changing pointer 80246260 to 80246400 ($End[0])
Changing pointer 80246424 to 802465C4 ($End[1C4])
Changing pointer 80246430 to 802465D0 ($End[1D0])
Changing pointer 80246430 to 802465D0 ($End[1D0])
Changing pointer 80246430 to 802465D0 ($End[1D0])
Changing pointer 80242560 to 802425DC ($EntryList[0])
Changing pointer 802425B0 to 8024631C ($Script_MakeEntities[0])
Changing pointer 80246260 to 80246400 ($End[0])
Changing pointer 80246260 to 80246400 ($End[0])
Changing pointer 80246430 to 802465D0 ($End[1D0])
Executing patches for: jan_01
Reading patch file: map/patch/jade jungle/jan_01.mpat
Reading patch for $Script_MakeEntities
Merged 10 regions to 8
Executing patches for: jan_02
Reading patch file: map/patch/jade jungle/jan_02.mpat
Reading patch for $Script_80244924
Reading patch for $Function_80241F9C (9C)
Creating struct: $Function_IsNextQuestionAvailable
Reading patch for $QuizRequirements
Reading patch for $QuizAnswers
Merged 11 regions to 11
$Function_IsNextQuestionAvailable will be placed at 80245560 (length = 80 bytes)
Executing patches for: jan_03
Reading patch file: map/patch/jade jungle/jan_03.mpat
Reading patch for $ShopInventory_802449BC
Reading patch for $ShopPriceList_80244A10
Reading patch for $Script_Interact_8024AFC8
Reading patch for $Function_80242F1C
Reading patch for $???_8024A5AC
Reading patch for $Script_80248EA4
Reading patch for $Function_80242524 (9C)
Creating struct: $Function_IsNextQuestionAvailable
Reading patch for $QuizRequirements
Reading patch for $QuizAnswers
Merged 14 regions to 13
$???_8024A5AC will be placed at 80249AE0 (length = C0 bytes)
$Function_IsNextQuestionAvailable will be placed at 8024A5AC (length = 80 bytes)
$ShopPriceList_80244A10 will be placed at 8024FB98 (length = 54 bytes)
Changing pointer 8024FBA0 to 8024FBF0 ($End[0])
Changing pointer 8024FBA0 to 8024FBF0 ($End[0])
Changing pointer 8024FBA0 to 8024FBF0 ($End[0])
Changing pointer 8024FF04 to 8024FF54 ($End[364])
Changing pointer 8024FEF8 to 8024FF48 ($End[358])
Changing pointer 8024FEFC to 8024FF4C ($End[35C])
Changing pointer 8024FF00 to 8024FF50 ($End[360])
Changing pointer 8024FEF8 to 8024FF48 ($End[358])
Changing pointer 8024FED8 to 8024FF28 ($End[338])
Changing pointer 8024FF00 to 8024FF50 ($End[360])
Changing pointer 8024FF04 to 8024FF54 ($End[364])
Changing pointer 8024FF00 to 8024FF50 ($End[360])
Changing pointer 8024A5AC to 80249AE0 ($???_8024A5AC[0])
Changing pointer 8024FEF8 to 8024FF48 ($End[358])
Changing pointer 8024FD68 to 8024FDB8 ($End[1C8])
Changing pointer 8024FD68 to 8024FDB8 ($End[1C8])
Changing pointer 8024FD68 to 8024FDB8 ($End[1C8])
Changing pointer 8024FEFC to 8024FF4C ($End[35C])
Changing pointer 8024FF00 to 8024FF50 ($End[360])
Changing pointer 8024FEF8 to 8024FF48 ($End[358])
Changing pointer 8024FED8 to 8024FF28 ($End[338])
Changing pointer 8024FEF0 to 8024FF40 ($End[350])
Changing pointer 8024FEF8 to 8024FF48 ($End[358])
Changing pointer 8024FF00 to 8024FF50 ($End[360])
Changing pointer 80244A10 to 8024FB98 ($ShopPriceList_80244A10[0])
Changing pointer 8024FBA0 to 8024FBF0 ($End[0])
Changing pointer 8024FD68 to 8024FDB8 ($End[1C8])
Changing pointer 8024FEE0 to 8024FF30 ($End[340])
Changing pointer 8024FBA0 to 8024FBF0 ($End[0])
Changing pointer 8024A5AC to 80249AE0 ($???_8024A5AC[0])
Executing patches for: jan_05
Reading patch file: map/patch/jade jungle/jan_05.mpat
Reading patch file: map/import/NPC_Paragoomba.mpat
Creating struct: $NpcSettings_Paragoomba
Creating struct: $AISettings_Paragoomba
Creating struct: $Script_NpcAI_Paragoomba
Creating struct: $JumpTable_80243458_Paragoomba
Creating struct: $FloatTable_80241B2C_Paragoomba
Creating struct: $ConstDouble_80243440_Paragoomba
Creating struct: $ConstDouble_80243448_Paragoomba
Creating struct: $ConstDouble_80243450_Paragoomba
Creating struct: $Function_8024130C_Paragoomba
Creating struct: $Function_802411E8_Paragoomba
Creating struct: $Function_80240000_Paragoomba
Creating struct: $Function_802401B0_Paragoomba
Creating struct: $Function_802407D8_Paragoomba
Creating struct: $Function_80240898_Paragoomba
Creating struct: $Function_80240BDC_Paragoomba
Creating struct: $Function_80240C54_Paragoomba
Creating struct: $Function_80240CC0_Paragoomba
Creating struct: $Function_80240DF4_Paragoomba
Creating struct: $Function_80240E58_Paragoomba
Creating struct: $NpcGroup_Swoopix1
Creating struct: $NpcGroup_Swoopix2
Reading patch for $Script_NpcAI_Paragoomba
Reading patch for $NpcGroupList_80246D28
Merged 16 regions to 14
$Function_802401B0_Paragoomba will be placed at 80247DB8 (length = 628 bytes)
$Function_80240E58_Paragoomba will be placed at 802483E0 (length = 390 bytes)
$Function_80240898_Paragoomba will be placed at 80248770 (length = 344 bytes)
$NpcGroup_Swoopix1 will be placed at 80248AB4 (length = 1F0 bytes)
$NpcGroup_Swoopix2 will be placed at 80248CA4 (length = 1F0 bytes)
$Function_8024130C_Paragoomba will be placed at 80248E94 (length = 1EC bytes)
$Function_80240000_Paragoomba will be placed at 80249080 (length = 1B0 bytes)
$Function_80240CC0_Paragoomba will be placed at 80249230 (length = 134 bytes)
$Function_802411E8_Paragoomba will be placed at 80249364 (length = 124 bytes)
$Function_802407D8_Paragoomba will be placed at 80249488 (length = C0 bytes)
$Function_80240BDC_Paragoomba will be placed at 80249548 (length = 78 bytes)
$NpcGroupList_80246D28 will be placed at 802495C0 (length = 6C bytes)
$Function_80240C54_Paragoomba will be placed at 8024962C (length = 6C bytes)
$Function_80240DF4_Paragoomba will be placed at 80249698 (length = 64 bytes)
$Script_NpcAI_Paragoomba will be placed at 80246D28 (length = 54 bytes)
$JumpTable_80243458_Paragoomba will be placed at 802496FC (length = 3C bytes)
$AISettings_Paragoomba will be placed at 80249738 (length = 30 bytes)
$NpcSettings_Paragoomba will be placed at 80249768 (length = 2C bytes)
$FloatTable_80241B2C_Paragoomba will be placed at 80249794 (length = 18 bytes)
$ConstDouble_80243450_Paragoomba will be placed at 80242D28 (length = 8 bytes)
$ConstDouble_80243440_Paragoomba will be placed at 802435D8 (length = 8 bytes)
$ConstDouble_80243448_Paragoomba will be placed at 802446F8 (length = 8 bytes)
Changing pointer 80246D28 to 802495C0 ($NpcGroupList_80246D28[0])
Executing patches for: jan_06
Reading patch file: map/patch/jade jungle/jan_06.mpat
Reading patch file: map/import/NPC_Paragoomba.mpat
Creating struct: $NpcSettings_Paragoomba
Creating struct: $AISettings_Paragoomba
Creating struct: $Script_NpcAI_Paragoomba
Creating struct: $JumpTable_80243458_Paragoomba
Creating struct: $FloatTable_80241B2C_Paragoomba
Creating struct: $ConstDouble_80243440_Paragoomba
Creating struct: $ConstDouble_80243448_Paragoomba
Creating struct: $ConstDouble_80243450_Paragoomba
Creating struct: $Function_8024130C_Paragoomba
Creating struct: $Function_802411E8_Paragoomba
Creating struct: $Function_80240000_Paragoomba
Creating struct: $Function_802401B0_Paragoomba
Creating struct: $Function_802407D8_Paragoomba
Creating struct: $Function_80240898_Paragoomba
Creating struct: $Function_80240BDC_Paragoomba
Creating struct: $Function_80240C54_Paragoomba
Creating struct: $Function_80240CC0_Paragoomba
Creating struct: $Function_80240DF4_Paragoomba
Creating struct: $Function_80240E58_Paragoomba
Reading patch for $NpcGroupList_80245E30
Reading patch for $NpcSettings_Paragoomba
Creating struct: $NpcGroup_RemedyGuy
Merged 16 regions to 14
$Function_802401B0_Paragoomba will be placed at 80247038 (length = 628 bytes)
$Function_80240E58_Paragoomba will be placed at 80247660 (length = 390 bytes)
$Function_80240898_Paragoomba will be placed at 802479F0 (length = 344 bytes)
$NpcGroup_RemedyGuy will be placed at 80247D34 (length = 1F0 bytes)
$Function_8024130C_Paragoomba will be placed at 80247F24 (length = 1EC bytes)
$Function_80240000_Paragoomba will be placed at 80248110 (length = 1B0 bytes)
$Function_80240CC0_Paragoomba will be placed at 802482C0 (length = 134 bytes)
$Function_802411E8_Paragoomba will be placed at 802483F4 (length = 124 bytes)
$Function_802407D8_Paragoomba will be placed at 80248518 (length = C0 bytes)
$Function_80240BDC_Paragoomba will be placed at 802485D8 (length = 78 bytes)
$Function_80240C54_Paragoomba will be placed at 80248650 (length = 6C bytes)
$Function_80240DF4_Paragoomba will be placed at 802486BC (length = 64 bytes)
$NpcGroupList_80245E30 will be placed at 80248720 (length = 54 bytes)
$Script_NpcAI_Paragoomba will be placed at 80248774 (length = 54 bytes)
$JumpTable_80243458_Paragoomba will be placed at 80245E30 (length = 3C bytes)
$AISettings_Paragoomba will be placed at 802487C8 (length = 30 bytes)
$NpcSettings_Paragoomba will be placed at 802487F8 (length = 2C bytes)
$FloatTable_80241B2C_Paragoomba will be placed at 80248824 (length = 18 bytes)
$ConstDouble_80243450_Paragoomba will be placed at 802403A8 (length = 8 bytes)
$ConstDouble_80243440_Paragoomba will be placed at 80243FB8 (length = 8 bytes)
$ConstDouble_80243448_Paragoomba will be placed at 80244AE8 (length = 8 bytes)
Changing pointer 80245E30 to 80248720 ($NpcGroupList_80245E30[0])
Executing patches for: jan_08
Reading patch file: map/patch/jade jungle/jan_08.mpat
Reading patch for $Function_8024082C
Reading patch for $???_80243E08
Reading patch for $???_80243E18
Reading patch for $Script_MakeEntities
Merged 16 regions to 14
$???_80243E18 will be placed at 80243E08 (length = 48 bytes)
$???_80243E08 will be placed at 80244564 (length = 14 bytes)
Changing pointer 80243E08 to 80244564 ($???_80243E08[0])
Changing pointer 80243E18 to 80243E08 ($???_80243E18[0])
Executing patches for: jan_09
Reading patch file: map/patch/jade jungle/jan_09.mpat
Reading patch file: map/import/NPC_Paragoomba.mpat
Creating struct: $NpcSettings_Paragoomba
Creating struct: $AISettings_Paragoomba
Creating struct: $Script_NpcAI_Paragoomba
Creating struct: $JumpTable_80243458_Paragoomba
Creating struct: $FloatTable_80241B2C_Paragoomba
Creating struct: $ConstDouble_80243440_Paragoomba
Creating struct: $ConstDouble_80243448_Paragoomba
Creating struct: $ConstDouble_80243450_Paragoomba
Creating struct: $Function_8024130C_Paragoomba
Creating struct: $Function_802411E8_Paragoomba
Creating struct: $Function_80240000_Paragoomba
Creating struct: $Function_802401B0_Paragoomba
Creating struct: $Function_802407D8_Paragoomba
Creating struct: $Function_80240898_Paragoomba
Creating struct: $Function_80240BDC_Paragoomba
Creating struct: $Function_80240C54_Paragoomba
Creating struct: $Function_80240CC0_Paragoomba
Creating struct: $Function_80240DF4_Paragoomba
Creating struct: $Function_80240E58_Paragoomba
Reading patch for $NpcGroupList_80245918
Reading patch for $NpcSettings_Paragoomba
Creating struct: $NpcGroup_RemedyGuy
Merged 11 regions to 10
$Function_802401B0_Paragoomba will be placed at 802468E0 (length = 628 bytes)
$Function_80240E58_Paragoomba will be placed at 80246F08 (length = 390 bytes)
$Function_80240898_Paragoomba will be placed at 80247298 (length = 344 bytes)
$NpcGroup_RemedyGuy will be placed at 802475DC (length = 1F0 bytes)
$Function_8024130C_Paragoomba will be placed at 802477CC (length = 1EC bytes)
$Function_80240000_Paragoomba will be placed at 802479B8 (length = 1B0 bytes)
$Function_80240CC0_Paragoomba will be placed at 80247B68 (length = 134 bytes)
$Function_802411E8_Paragoomba will be placed at 80247C9C (length = 124 bytes)
$Function_802407D8_Paragoomba will be placed at 80247DC0 (length = C0 bytes)
$Function_80240BDC_Paragoomba will be placed at 80247E80 (length = 78 bytes)
$Function_80240C54_Paragoomba will be placed at 80247EF8 (length = 6C bytes)
$Function_80240DF4_Paragoomba will be placed at 80247F64 (length = 64 bytes)
$Script_NpcAI_Paragoomba will be placed at 80247FC8 (length = 54 bytes)
$JumpTable_80243458_Paragoomba will be placed at 8024801C (length = 3C bytes)
$NpcGroupList_80245918 will be placed at 80248058 (length = 3C bytes)
$AISettings_Paragoomba will be placed at 80245918 (length = 30 bytes)
$NpcSettings_Paragoomba will be placed at 80248094 (length = 2C bytes)
$FloatTable_80241B2C_Paragoomba will be placed at 802480C0 (length = 18 bytes)
$ConstDouble_80243450_Paragoomba will be placed at 802416D8 (length = 8 bytes)
$ConstDouble_80243440_Paragoomba will be placed at 80246598 (length = 8 bytes)
$ConstDouble_80243448_Paragoomba will be placed at 80242D18 (length = 8 bytes)
Changing pointer 80245918 to 80248058 ($NpcGroupList_80245918[0])
Executing patches for: jan_13
Reading patch file: map/patch/jade jungle/jan_13.mpat
Reading patch for $Script_MakeEntities
Merged 7 regions to 6
Executing patches for: jan_15
Reading patch file: map/patch/jade jungle/jan_15.mpat
Reading patch for $NpcGroup_80241194
Reading patch for $NpcGroupList_80241B44
Reading patch for $Script_Idle_802409F4
Creating struct: $Script_PhalanxDefeat
Reading patch for $Script_Init_802410E8
Merged 10 regions to 10
$PhalanxFight will be placed at 80241384 (length = 84 bytes)
$PhalanxLose will be placed at 80240AEC (length = 78 bytes)
$Script_PhalanxDefeat will be placed at 802426E0 (length = 74 bytes)
$PhalanxFar will be placed at 8024114C (length = 1C bytes)
Executing patches for: kkj_17
Reading patch file: map/patch/kkj_17.mpat
Reading patch for $Function_802402BC
Reading patch file: map/patch/peach's castle/kkj_17.mpat
Reading patch for $Script_Main
Reading patch for $Function_802402BC
Merged 7 regions to 5
Executing patches for: kmr_06
Reading patch file: map/patch/kmr_06.mpat
Reading patch for $Function_802417E0
Merged 8 regions to 7
Executing patches for: trd_00
Reading patch file: map/patch/koopa bros fortress/trd_00.mpat
Reading patch for $Header
Reading patch for $EntryList
Reading patch for $Script_MakeEntities
Reading patch for $Script_EnterWalk_80240D8C
Reading patch for $Script_80240A98
Creating struct: $Script_ExitWalk_Entry6
Merged 13 regions to 10
$Script_MakeEntities will be placed at 80242D18 (length = 120 bytes)
$EntryList will be placed at 80240F04 (length = 70 bytes)
$Script_ExitWalk_Entry6 will be placed at 8024062C (length = 40 bytes)
$ASCII_"nok_16"_Literal will be placed at 80241524 (length = C bytes)
Changing pointer 80240630 to 80240F04 ($EntryList[0])
Changing pointer 80241524 to 80242D18 ($Script_MakeEntities[0])
Executing patches for: trd_01
Reading patch file: map/patch/koopa bros fortress/trd_01.mpat
Reading patch for $NpcGroupList_802443D8
Reading patch for $NpcGroup_802441E8
Merged 10 regions to 9
Executing patches for: trd_06
Reading patch file: map/patch/koopa bros fortress/trd_06.mpat
Reading patch for $Script_Idle_80242D40
Reading patch for $NpcGroup_80243A6C
Merged 9 regions to 9
Executing patches for: trd_09
Reading patch file: map/patch/koopa bros fortress/trd_09.mpat
Reading patch for $Script_MakeEntities
Reading patch for $Script_NpcAI_80241B6C
Merged 8 regions to 6
Executing patches for: mac_01
Reading patch file: map/patch/mac_01.mpat
Reading patch for $Function_8024522C
Reading patch file: map/patch/toad town/mac_01.mpat
Reading patch for $Function_8024522C
Reading patch for $RowfBadgeInventory
Reading patch for $Script_Interact_802546EC
Creating struct: $Function_HasBadge
Reading patch for $Function_802400C8
Reading patch for $Function_80244984
Reading patch for $Script_80248070
Reading patch for $Function_80240044
Reading patch for $Script_8024A370
Reading patch for $Function_80242898 (9C)
Creating struct: $Function_IsNextQuestionAvailable
Reading patch for $QuizRequirements
Reading patch for $QuizAnswers
Reading patch for $Script_Interact_8025FC84
Merged 24 regions to 22
$KoopaKootReallyMadAnarchy2 will be placed at 80262A38 (length = 288 bytes)
$KoopaKootReallyMadSpeed will be placed at 802481C0 (length = 250 bytes)
$KoopaKootReallyMadAnarchy will be placed at 80262CC0 (length = 228 bytes)
$KoopaKootReallyMadBiscuit will be placed at 80262EE8 (length = 1FC bytes)
$Script_Interact_8025FC84 will be placed at 802630E4 (length = 1F4 bytes)
$KoopaKootMad will be placed at 802632D8 (length = 1D0 bytes)
$RowfBadgeInventory will be placed at 802634A8 (length = 1C0 bytes)
$Script_Interact_802546EC will be placed at 80263668 (length = 1A4 bytes)
$KoopaKootReallyMadEasy will be placed at 802546EC (length = 140 bytes)
$KoopaKootImpressed will be placed at 8026380C (length = 138 bytes)
$KoopaKootReallyMad will be placed at 80263944 (length = 12C bytes)
$GotEverything will be placed at 8024AFAC (length = F0 bytes)
$Function_IsNextQuestionAvailable will be placed at 80240334 (length = 80 bytes)
$Function_HasBadge will be placed at 8025FC84 (length = 2C bytes)
Changing pointer 80262A68 to 80263A98 ($End[28])
Changing pointer 80262A68 to 80263A98 ($End[28])
Changing pointer 80262A70 to 80263AA0 ($End[30])
Changing pointer 80262A70 to 80263AA0 ($End[30])
Changing pointer 80262A70 to 80263AA0 ($End[30])
Changing pointer 80262A68 to 80263A98 ($End[28])
Changing pointer 80262A60 to 80263A90 ($End[20])
Changing pointer 80262A64 to 80263A94 ($End[24])
Changing pointer 80262A68 to 80263A98 ($End[28])
Changing pointer 80262A60 to 80263A90 ($End[20])
Changing pointer 80262A40 to 80263A70 ($End[0])
Changing pointer 80262C34 to 80263C64 ($End[1F4])
Changing pointer 80262A64 to 80263A94 ($End[24])
Changing pointer 80262A68 to 80263A98 ($End[28])
Changing pointer 80262A60 to 80263A90 ($End[20])
Changing pointer 80262A40 to 80263A70 ($End[0])
Changing pointer 80262A60 to 80263A90 ($End[20])
Changing pointer 80262A60 to 80263A90 ($End[20])
Changing pointer 80262A58 to 80263A88 ($End[18])
Changing pointer 80262C38 to 80263C68 ($End[1F8])
Changing pointer 80262F68 to 80263F98 ($End[528])
Changing pointer 80262F68 to 80263F98 ($End[528])
Changing pointer 80262C34 to 80263C64 ($End[1F4])
Changing pointer 80247F88 to 802634A8 ($RowfBadgeInventory[0])
Changing pointer 80247F88 to 802634A8 ($RowfBadgeInventory[0])
Changing pointer 80262C38 to 80263C68 ($End[1F8])
Changing pointer 80262F68 to 80263F98 ($End[528])
Changing pointer 80262A48 to 80263A78 ($End[8])
Changing pointer 80262A70 to 80263AA0 ($End[30])
Changing pointer 80262A70 to 80263AA0 ($End[30])
Changing pointer 802546EC to 80263668 ($Script_Interact_802546EC[0])
Changing pointer 802546EC to 80263668 ($Script_Interact_802546EC[0])
Changing pointer 8025FC84 to 802630E4 ($Script_Interact_8025FC84[0])
Executing patches for: kzn_02
Reading patch file: map/patch/mt lavalava/kzn_02.mpat
Reading patch file: map/import/NPC_Paragoomba.mpat
Creating struct: $NpcSettings_Paragoomba
Creating struct: $AISettings_Paragoomba
Creating struct: $Script_NpcAI_Paragoomba
Creating struct: $JumpTable_80243458_Paragoomba
Creating struct: $FloatTable_80241B2C_Paragoomba
Creating struct: $ConstDouble_80243440_Paragoomba
Creating struct: $ConstDouble_80243448_Paragoomba
Creating struct: $ConstDouble_80243450_Paragoomba
Creating struct: $Function_8024130C_Paragoomba
Creating struct: $Function_802411E8_Paragoomba
Creating struct: $Function_80240000_Paragoomba
Creating struct: $Function_802401B0_Paragoomba
Creating struct: $Function_802407D8_Paragoomba
Creating struct: $Function_80240898_Paragoomba
Creating struct: $Function_80240BDC_Paragoomba
Creating struct: $Function_80240C54_Paragoomba
Creating struct: $Function_80240CC0_Paragoomba
Creating struct: $Function_80240DF4_Paragoomba
Creating struct: $Function_80240E58_Paragoomba
Creating struct: $NpcGroup_Swoopix1
Reading patch for $Script_NpcAI_Paragoomba
Reading patch for $NpcGroupList_80246254
Merged 11 regions to 9
$Function_802401B0_Paragoomba will be placed at 802465C8 (length = 628 bytes)
$Function_80240E58_Paragoomba will be placed at 80246BF0 (length = 390 bytes)
$Function_80240898_Paragoomba will be placed at 80246F80 (length = 344 bytes)
$NpcGroup_Swoopix1 will be placed at 802472C4 (length = 1F0 bytes)
$Function_8024130C_Paragoomba will be placed at 802474B4 (length = 1EC bytes)
$Function_80240000_Paragoomba will be placed at 802476A0 (length = 1B0 bytes)
$Function_80240CC0_Paragoomba will be placed at 80247850 (length = 134 bytes)
$Function_802411E8_Paragoomba will be placed at 80247984 (length = 124 bytes)
$Function_802407D8_Paragoomba will be placed at 80247AA8 (length = C0 bytes)
$Function_80240BDC_Paragoomba will be placed at 80247B68 (length = 78 bytes)
$Function_80240C54_Paragoomba will be placed at 80247BE0 (length = 6C bytes)
$Function_80240DF4_Paragoomba will be placed at 80247C4C (length = 64 bytes)
$Script_NpcAI_Paragoomba will be placed at 80247CB0 (length = 54 bytes)
$JumpTable_80243458_Paragoomba will be placed at 80247D04 (length = 3C bytes)
$NpcGroupList_80246254 will be placed at 80247D40 (length = 30 bytes)
$AISettings_Paragoomba will be placed at 80247D70 (length = 30 bytes)
$NpcSettings_Paragoomba will be placed at 80246254 (length = 2C bytes)
$FloatTable_80241B2C_Paragoomba will be placed at 80247DA0 (length = 18 bytes)
$ConstDouble_80243450_Paragoomba will be placed at 80243268 (length = 8 bytes)
$ConstDouble_80243440_Paragoomba will be placed at 802404D8 (length = 8 bytes)
$ConstDouble_80243448_Paragoomba will be placed at 80242728 (length = 8 bytes)
Changing pointer 80246794 to 80247F84 ($End[1C4])
Changing pointer 802465D0 to 80247DC0 ($End[0])
Changing pointer 802465D0 to 80247DC0 ($End[0])
Changing pointer 802465D0 to 80247DC0 ($End[0])
Changing pointer 80246794 to 80247F84 ($End[1C4])
Changing pointer 80246254 to 80247D40 ($NpcGroupList_80246254[0])
Changing pointer 802465D0 to 80247DC0 ($End[0])
Changing pointer 802465D0 to 80247DC0 ($End[0])
Executing patches for: kzn_03
Reading patch file: map/patch/mt lavalava/kzn_03.mpat
Reading patch file: map/import/NPC_Paragoomba.mpat
Creating struct: $NpcSettings_Paragoomba
Creating struct: $AISettings_Paragoomba
Creating struct: $Script_NpcAI_Paragoomba
Creating struct: $JumpTable_80243458_Paragoomba
Creating struct: $FloatTable_80241B2C_Paragoomba
Creating struct: $ConstDouble_80243440_Paragoomba
Creating struct: $ConstDouble_80243448_Paragoomba
Creating struct: $ConstDouble_80243450_Paragoomba
Creating struct: $Function_8024130C_Paragoomba
Creating struct: $Function_802411E8_Paragoomba
Creating struct: $Function_80240000_Paragoomba
Creating struct: $Function_802401B0_Paragoomba
Creating struct: $Function_802407D8_Paragoomba
Creating struct: $Function_80240898_Paragoomba
Creating struct: $Function_80240BDC_Paragoomba
Creating struct: $Function_80240C54_Paragoomba
Creating struct: $Function_80240CC0_Paragoomba
Creating struct: $Function_80240DF4_Paragoomba
Creating struct: $Function_80240E58_Paragoomba
Creating struct: $NpcGroup_FirePiranha
Creating struct: $NpcGroup_Swoopix1
Reading patch for $Script_NpcAI_Paragoomba
Reading patch for $NpcGroupList_80246260
Merged 12 regions to 10
$Function_802401B0_Paragoomba will be placed at 80247418 (length = 628 bytes)
$NpcGroup_FirePiranha will be placed at 80247A40 (length = 3E0 bytes)
$Function_80240E58_Paragoomba will be placed at 80247E20 (length = 390 bytes)
$Function_80240898_Paragoomba will be placed at 802481B0 (length = 344 bytes)
$NpcGroup_Swoopix1 will be placed at 802484F4 (length = 1F0 bytes)
$Function_8024130C_Paragoomba will be placed at 802486E4 (length = 1EC bytes)
$Function_80240000_Paragoomba will be placed at 802488D0 (length = 1B0 bytes)
$Function_80240CC0_Paragoomba will be placed at 80248A80 (length = 134 bytes)
$Function_802411E8_Paragoomba will be placed at 80248BB4 (length = 124 bytes)
$Function_802407D8_Paragoomba will be placed at 80248CD8 (length = C0 bytes)
$Function_80240BDC_Paragoomba will be placed at 80248D98 (length = 78 bytes)
$Function_80240C54_Paragoomba will be placed at 80248E10 (length = 6C bytes)
$Function_80240DF4_Paragoomba will be placed at 80248E7C (length = 64 bytes)
$NpcGroupList_80246260 will be placed at 80248EE0 (length = 60 bytes)
$Script_NpcAI_Paragoomba will be placed at 80248F40 (length = 54 bytes)
$JumpTable_80243458_Paragoomba will be placed at 80246260 (length = 3C bytes)
$AISettings_Paragoomba will be placed at 80248F94 (length = 30 bytes)
$NpcSettings_Paragoomba will be placed at 80248FC4 (length = 2C bytes)
$FloatTable_80241B2C_Paragoomba will be placed at 80248FF0 (length = 18 bytes)
$ConstDouble_80243450_Paragoomba will be placed at 80243A98 (length = 8 bytes)
$ConstDouble_80243440_Paragoomba will be placed at 80247408 (length = 8 bytes)
$ConstDouble_80243448_Paragoomba will be placed at 80242CF8 (length = 8 bytes)
Changing pointer 802475E4 to 802491D4 ($End[1C4])
Changing pointer 802475E4 to 802491D4 ($End[1C4])
Changing pointer 80247420 to 80249010 ($End[0])
Changing pointer 80247420 to 80249010 ($End[0])
Changing pointer 80247420 to 80249010 ($End[0])
Changing pointer 80246260 to 80248EE0 ($NpcGroupList_80246260[0])
Changing pointer 80247420 to 80249010 ($End[0])
Changing pointer 80247420 to 80249010 ($End[0])
Executing patches for: kzn_04
Reading patch file: map/patch/mt lavalava/kzn_04.mpat
Reading patch for $Function_802404DC
Reading patch for $???_80241C48
Reading patch for $???_80241C58
Merged 9 regions to 7
$???_80241C58 will be placed at 80241C48 (length = 48 bytes)
$???_80241C48 will be placed at 80243F98 (length = 14 bytes)
Changing pointer 80241C48 to 80243F98 ($???_80241C48[0])
Changing pointer 80241C58 to 80241C48 ($???_80241C58[0])
Executing patches for: kzn_07
Reading patch file: map/patch/mt lavalava/kzn_07.mpat
Reading patch for $Script_MakeEntities
Merged 9 regions to 8
Executing patches for: kzn_08
Reading patch file: map/patch/mt lavalava/kzn_08.mpat
Reading patch for $Script_80244CFC
Merged 9 regions to 9
Executing patches for: kzn_09
Reading patch file: map/patch/mt lavalava/kzn_09.mpat
Reading patch for $Function_802401CC
Reading patch for $???_80243D08
Reading patch for $???_80243D18
Merged 10 regions to 8
$???_80243D18 will be placed at 80243D08 (length = 48 bytes)
$???_80243D08 will be placed at 80247494 (length = 14 bytes)
Changing pointer 802474A0 to 802474B0 ($End[0])
Changing pointer 802474A0 to 802474B0 ($End[0])
Changing pointer 802474A0 to 802474B0 ($End[0])
Changing pointer 80247664 to 80247674 ($End[1C4])
Changing pointer 80243D08 to 80247494 ($???_80243D08[0])
Changing pointer 80243D18 to 80243D08 ($???_80243D18[0])
Changing pointer 80247664 to 80247674 ($End[1C4])
Changing pointer 802474A0 to 802474B0 ($End[0])
Changing pointer 802474A0 to 802474B0 ($End[0])
Executing patches for: kzn_10
Reading patch file: map/patch/mt lavalava/kzn_10.mpat
Reading patch for $Function_80240330
Reading patch for $Script_80241464
Merged 4 regions to 3
Executing patches for: kzn_11
Reading patch file: map/patch/mt lavalava/kzn_11.mpat
Reading patch file: map/import/NPC_Paragoomba.mpat
Creating struct: $NpcSettings_Paragoomba
Creating struct: $AISettings_Paragoomba
Creating struct: $Script_NpcAI_Paragoomba
Creating struct: $JumpTable_80243458_Paragoomba
Creating struct: $FloatTable_80241B2C_Paragoomba
Creating struct: $ConstDouble_80243440_Paragoomba
Creating struct: $ConstDouble_80243448_Paragoomba
Creating struct: $ConstDouble_80243450_Paragoomba
Creating struct: $Function_8024130C_Paragoomba
Creating struct: $Function_802411E8_Paragoomba
Creating struct: $Function_80240000_Paragoomba
Creating struct: $Function_802401B0_Paragoomba
Creating struct: $Function_802407D8_Paragoomba
Creating struct: $Function_80240898_Paragoomba
Creating struct: $Function_80240BDC_Paragoomba
Creating struct: $Function_80240C54_Paragoomba
Creating struct: $Function_80240CC0_Paragoomba
Creating struct: $Function_80240DF4_Paragoomba
Creating struct: $Function_80240E58_Paragoomba
Reading patch for $NpcGroupList_802457F8
Creating struct: $NpcGroup_Swoopix1
Reading patch for $Script_NpcAI_Paragoomba
Reading patch for $NpcGroupList_802457F8
Merged 9 regions to 8
$Function_802401B0_Paragoomba will be placed at 80245904 (length = 628 bytes)
$Function_80240E58_Paragoomba will be placed at 80245F2C (length = 390 bytes)
$Function_80240898_Paragoomba will be placed at 802462BC (length = 344 bytes)
$NpcGroup_Swoopix1 will be placed at 80246600 (length = 1F0 bytes)
$Function_8024130C_Paragoomba will be placed at 802467F0 (length = 1EC bytes)
$Function_80240000_Paragoomba will be placed at 802469DC (length = 1B0 bytes)
$Function_80240CC0_Paragoomba will be placed at 80246B8C (length = 134 bytes)
$Function_802411E8_Paragoomba will be placed at 80246CC0 (length = 124 bytes)
$Function_802407D8_Paragoomba will be placed at 80246DE4 (length = C0 bytes)
$Function_80240BDC_Paragoomba will be placed at 80246EA4 (length = 78 bytes)
$Function_80240C54_Paragoomba will be placed at 80246F1C (length = 6C bytes)
$Function_80240DF4_Paragoomba will be placed at 80246F88 (length = 64 bytes)
$Script_NpcAI_Paragoomba will be placed at 80246FEC (length = 54 bytes)
$NpcGroupList_802457F8 will be placed at 80247040 (length = 54 bytes)
$JumpTable_80243458_Paragoomba will be placed at 802457F8 (length = 3C bytes)
$AISettings_Paragoomba will be placed at 80247094 (length = 30 bytes)
$NpcSettings_Paragoomba will be placed at 802470C4 (length = 2C bytes)
$FloatTable_80241B2C_Paragoomba will be placed at 802470F0 (length = 18 bytes)
$ConstDouble_80243448_Paragoomba will be placed at 80240458 (length = 8 bytes)
$ConstDouble_80243450_Paragoomba will be placed at 802436C8 (length = 8 bytes)
$ConstDouble_80243440_Paragoomba will be placed at 80242FD8 (length = 8 bytes)
Changing pointer 802457F8 to 80247040 ($NpcGroupList_802457F8[0])
Executing patches for: kzn_17
Reading patch file: map/patch/mt lavalava/kzn_17.mpat
Reading patch for $Function_80242D00
Reading patch for $Script_80245CE8
Reading patch for $NpcGroupList_80245810
Creating struct: $NpcGroup_FirePiranha
Merged 7 regions to 7
$NpcGroup_FirePiranha will be placed at 802465F0 (length = 3E0 bytes)
$NpcGroupList_80245810 will be placed at 802469D0 (length = 3C bytes)
Changing pointer 802467B4 to 80246BD4 ($End[1C4])
Changing pointer 802467B4 to 80246BD4 ($End[1C4])
Changing pointer 802465F0 to 80246A10 ($End[0])
Changing pointer 802465F0 to 80246A10 ($End[0])
Changing pointer 802465F0 to 80246A10 ($End[0])
Changing pointer 80245810 to 802469D0 ($NpcGroupList_80245810[0])
Changing pointer 802465F0 to 80246A10 ($End[0])
Changing pointer 802465F0 to 80246A10 ($End[0])
Executing patches for: kzn_18
Reading patch file: map/patch/mt lavalava/kzn_18.mpat
Reading patch for $Script_Idle_80240E44
Merged 5 regions to 5
Executing patches for: kzn_19
Reading patch file: map/patch/mt lavalava/kzn_19.mpat
Reading patch for $Script_MakeEntities
Merged 13 regions to 12
Executing patches for: iwa_00
Reading patch file: map/patch/mt rugged/iwa_00.mpat
Reading patch file: map/import/NPC_Paragoomba.mpat
Creating struct: $NpcSettings_Paragoomba
Creating struct: $AISettings_Paragoomba
Creating struct: $Script_NpcAI_Paragoomba
Creating struct: $JumpTable_80243458_Paragoomba
Creating struct: $FloatTable_80241B2C_Paragoomba
Creating struct: $ConstDouble_80243440_Paragoomba
Creating struct: $ConstDouble_80243448_Paragoomba
Creating struct: $ConstDouble_80243450_Paragoomba
Creating struct: $Function_8024130C_Paragoomba
Creating struct: $Function_802411E8_Paragoomba
Creating struct: $Function_80240000_Paragoomba
Creating struct: $Function_802401B0_Paragoomba
Creating struct: $Function_802407D8_Paragoomba
Creating struct: $Function_80240898_Paragoomba
Creating struct: $Function_80240BDC_Paragoomba
Creating struct: $Function_80240C54_Paragoomba
Creating struct: $Function_80240CC0_Paragoomba
Creating struct: $Function_80240DF4_Paragoomba
Creating struct: $Function_80240E58_Paragoomba
Reading patch for $NpcGroupList_80242780
Creating struct: $NpcGroupList_FinalWhacka
Creating struct: $NpcGroup_Paragoomba
Reading patch for $Script_NpcAI_Paragoomba
Reading patch for $Script_Main_EnterWalk
Creating struct: $Koopa_Data
Creating struct: $NpcGroup_DeadKoopa
Reading patch for $NpcGroup_802423A0
Reading patch for $Script_Init_8024228C
Reading patch for $Script_Init_80242338
Reading patch for $Script_Interact_8024181C
Reading patch for $Script_Hit_80241C6C
Creating struct: $Script_DummyPostBattle
Creating struct: $Script_PostBattle
Merged 10 regions to 10
$Function_802401B0_Paragoomba will be placed at 80242A70 (length = 628 bytes)
$Function_80240E58_Paragoomba will be placed at 80241E68 (length = 390 bytes)
$Function_80240898_Paragoomba will be placed at 80243098 (length = 344 bytes)
$Script_PostBattle will be placed at 802433DC (length = 1F8 bytes)
$NpcGroup_DeadKoopa will be placed at 802435D4 (length = 1F0 bytes)
$NpcGroup_Paragoomba will be placed at 802437C4 (length = 1F0 bytes)
$Function_8024130C_Paragoomba will be placed at 802439B4 (length = 1EC bytes)
$Function_80240000_Paragoomba will be placed at 80243BA0 (length = 1B0 bytes)
$Function_80240CC0_Paragoomba will be placed at 80243D50 (length = 134 bytes)
$Function_802411E8_Paragoomba will be placed at 80243E84 (length = 124 bytes)
$Function_802407D8_Paragoomba will be placed at 80243FA8 (length = C0 bytes)
$Warning will be placed at 802421F8 (length = 80 bytes)
$Function_80240BDC_Paragoomba will be placed at 80244068 (length = 78 bytes)
$Function_80240C54_Paragoomba will be placed at 802440E0 (length = 6C bytes)
$Function_80240DF4_Paragoomba will be placed at 8024414C (length = 64 bytes)
$WhackaAngryString will be placed at 802441B0 (length = 64 bytes)
$FinalWhackaString will be placed at 80244214 (length = 60 bytes)
$Script_NpcAI_Paragoomba will be placed at 80244274 (length = 54 bytes)
$NpcGroupList_FinalWhacka will be placed at 802442C8 (length = 48 bytes)
$NpcGroupList_80242780 will be placed at 802419A8 (length = 3C bytes)
$JumpTable_80243458_Paragoomba will be placed at 80244310 (length = 3C bytes)
$AISettings_Paragoomba will be placed at 80242780 (length = 30 bytes)
$Koopa_Data will be placed at 8024434C (length = 2C bytes)
$NpcSettings_Paragoomba will be placed at 80244378 (length = 2C bytes)
$FloatTable_80241B2C_Paragoomba will be placed at 8024231C (length = 18 bytes)
$Script_DummyPostBattle will be placed at 802402A8 (length = 8 bytes)
$ConstDouble_80243448_Paragoomba will be placed at 80242A58 (length = 8 bytes)
$ConstDouble_80243450_Paragoomba will be placed at 802402D8 (length = 8 bytes)
$ConstDouble_80243440_Paragoomba will be placed at 80242390 (length = 8 bytes)
Changing pointer 80242780 to 802419A8 ($NpcGroupList_80242780[0])
Executing patches for: iwa_01
Reading patch file: map/patch/mt rugged/iwa_01.mpat
Reading patch file: map/import/NPC_Paragoomba.mpat
Creating struct: $NpcSettings_Paragoomba
Creating struct: $AISettings_Paragoomba
Creating struct: $Script_NpcAI_Paragoomba
Creating struct: $JumpTable_80243458_Paragoomba
Creating struct: $FloatTable_80241B2C_Paragoomba
Creating struct: $ConstDouble_80243440_Paragoomba
Creating struct: $ConstDouble_80243448_Paragoomba
Creating struct: $ConstDouble_80243450_Paragoomba
Creating struct: $Function_8024130C_Paragoomba
Creating struct: $Function_802411E8_Paragoomba
Creating struct: $Function_80240000_Paragoomba
Creating struct: $Function_802401B0_Paragoomba
Creating struct: $Function_802407D8_Paragoomba
Creating struct: $Function_80240898_Paragoomba
Creating struct: $Function_80240BDC_Paragoomba
Creating struct: $Function_80240C54_Paragoomba
Creating struct: $Function_80240CC0_Paragoomba
Creating struct: $Function_80240DF4_Paragoomba
Creating struct: $Function_80240E58_Paragoomba
Reading patch for $AISettings_80244BC0
Reading patch for $NpcGroupList_80245DB0
Creating struct: $NpcGroup_Paragoomba1
Creating struct: $NpcGroup_Paragoomba2
Reading patch for $Script_NpcAI_Paragoomba
Merged 11 regions to 9
$Function_802401B0_Paragoomba will be placed at 802466BC (length = 628 bytes)
$Function_80240E58_Paragoomba will be placed at 80246CE4 (length = 390 bytes)
$Function_80240898_Paragoomba will be placed at 80247074 (length = 344 bytes)
$NpcGroup_Paragoomba1 will be placed at 802473B8 (length = 1F0 bytes)
$NpcGroup_Paragoomba2 will be placed at 802475A8 (length = 1F0 bytes)
$Function_8024130C_Paragoomba will be placed at 80247798 (length = 1EC bytes)
$Function_80240000_Paragoomba will be placed at 80247984 (length = 1B0 bytes)
$Function_80240CC0_Paragoomba will be placed at 80247B34 (length = 134 bytes)
$Function_802411E8_Paragoomba will be placed at 80247C68 (length = 124 bytes)
$Function_802407D8_Paragoomba will be placed at 80247D8C (length = C0 bytes)
$Function_80240BDC_Paragoomba will be placed at 80247E4C (length = 78 bytes)
$Function_80240C54_Paragoomba will be placed at 80247EC4 (length = 6C bytes)
$Function_80240DF4_Paragoomba will be placed at 80247F30 (length = 64 bytes)
$NpcGroupList_80245DB0 will be placed at 80247F94 (length = 60 bytes)
$Script_NpcAI_Paragoomba will be placed at 80247FF4 (length = 54 bytes)
$JumpTable_80243458_Paragoomba will be placed at 80245DB0 (length = 3C bytes)
$AISettings_Paragoomba will be placed at 80248048 (length = 30 bytes)
$NpcSettings_Paragoomba will be placed at 80248078 (length = 2C bytes)
$FloatTable_80241B2C_Paragoomba will be placed at 802480A4 (length = 18 bytes)
$ConstDouble_80243450_Paragoomba will be placed at 80246368 (length = 8 bytes)
$ConstDouble_80243440_Paragoomba will be placed at 80246388 (length = 8 bytes)
$ConstDouble_80243448_Paragoomba will be placed at 80240518 (length = 8 bytes)
Changing pointer 80245DB0 to 80247F94 ($NpcGroupList_80245DB0[0])
Executing patches for: iwa_02
Reading patch file: map/patch/mt rugged/iwa_02.mpat
Reading patch for $AISettings_80241CEC
Merged 6 regions to 5
Executing patches for: iwa_03
Reading patch file: map/patch/mt rugged/iwa_03.mpat
Reading patch for $AISettings_80241C1C
Reading patch for $Script_MakeEntities
Merged 8 regions to 7
Executing patches for: iwa_04
Reading patch file: map/patch/mt rugged/iwa_04.mpat
Reading patch for $Script_NpcAI_802418EC
Reading patch for $Script_MakeEntities
Merged 6 regions to 4
Executing patches for: iwa_10
Reading patch file: map/patch/mt rugged/iwa_10.mpat
Reading patch file: map/import/NPC_Paragoomba.mpat
Creating struct: $NpcSettings_Paragoomba
Creating struct: $AISettings_Paragoomba
Creating struct: $Script_NpcAI_Paragoomba
Creating struct: $JumpTable_80243458_Paragoomba
Creating struct: $FloatTable_80241B2C_Paragoomba
Creating struct: $ConstDouble_80243440_Paragoomba
Creating struct: $ConstDouble_80243448_Paragoomba
Creating struct: $ConstDouble_80243450_Paragoomba
Creating struct: $Function_8024130C_Paragoomba
Creating struct: $Function_802411E8_Paragoomba
Creating struct: $Function_80240000_Paragoomba
Creating struct: $Function_802401B0_Paragoomba
Creating struct: $Function_802407D8_Paragoomba
Creating struct: $Function_80240898_Paragoomba
Creating struct: $Function_80240BDC_Paragoomba
Creating struct: $Function_80240C54_Paragoomba
Creating struct: $Function_80240CC0_Paragoomba
Creating struct: $Function_80240DF4_Paragoomba
Creating struct: $Function_80240E58_Paragoomba
Reading patch for $NpcGroupList_80243270
Creating struct: $NpcGroup_Paragoomba1
Creating struct: $NpcGroup_Paragoomba2
Reading patch for $Script_NpcAI_Paragoomba
Reading patch for $Function_802404BC
Reading patch for $???_80245A68
Reading patch for $???_80245A78
Reading patch for $Script_Interact_80246E90
Merged 17 regions to 15
$Function_802401B0_Paragoomba will be placed at 80248480 (length = 628 bytes)
$Function_80240E58_Paragoomba will be placed at 80248AA8 (length = 390 bytes)
$Function_80240898_Paragoomba will be placed at 80248E38 (length = 344 bytes)
$NpcGroup_Paragoomba1 will be placed at 8024917C (length = 1F0 bytes)
$NpcGroup_Paragoomba2 will be placed at 8024936C (length = 1F0 bytes)
$Function_8024130C_Paragoomba will be placed at 8024955C (length = 1EC bytes)
$Function_80240000_Paragoomba will be placed at 80249748 (length = 1B0 bytes)
$Function_80240CC0_Paragoomba will be placed at 80247360 (length = 134 bytes)
$Function_802411E8_Paragoomba will be placed at 802498F8 (length = 124 bytes)
$Function_802407D8_Paragoomba will be placed at 80249A1C (length = C0 bytes)
$Function_80240BDC_Paragoomba will be placed at 80249ADC (length = 78 bytes)
$Function_80240C54_Paragoomba will be placed at 80249B54 (length = 6C bytes)
$Function_80240DF4_Paragoomba will be placed at 80247494 (length = 64 bytes)
$NpcGroupList_80243270 will be placed at 80249BC0 (length = 60 bytes)
$Script_NpcAI_Paragoomba will be placed at 80249C20 (length = 54 bytes)
$???_80245A78 will be placed at 80243270 (length = 48 bytes)
$JumpTable_80243458_Paragoomba will be placed at 80245A68 (length = 3C bytes)
$AISettings_Paragoomba will be placed at 80249C74 (length = 30 bytes)
$NpcSettings_Paragoomba will be placed at 80249CA4 (length = 2C bytes)
$FloatTable_80241B2C_Paragoomba will be placed at 80249CD0 (length = 18 bytes)
$???_80245A68 will be placed at 80245AA4 (length = 14 bytes)
$ConstDouble_80243450_Paragoomba will be placed at 80240158 (length = 8 bytes)
$ConstDouble_80243440_Paragoomba will be placed at 80241028 (length = 8 bytes)
$ConstDouble_80243448_Paragoomba will be placed at 80241508 (length = 8 bytes)
Changing pointer 80248480 to 80249CF0 ($End[0])
Changing pointer 80248480 to 80249CF0 ($End[0])
Changing pointer 80248480 to 80249CF0 ($End[0])
Changing pointer 80248650 to 80249EC0 ($End[1D0])
Changing pointer 8024C5E0 to 8024DE50 ($End[4160])
Changing pointer 80248850 to 8024A0C0 ($End[3D0])
Changing pointer 80245A68 to 80245AA4 ($???_80245A68[0])
Changing pointer 80245A78 to 80243270 ($???_80245A78[0])
Changing pointer 80243270 to 80249BC0 ($NpcGroupList_80243270[0])
Changing pointer 80248480 to 80249CF0 ($End[0])
Executing patches for: kkj_00
Reading patch file: map/patch/peach's castle/kkj_00.mpat
Reading patch for $Script_Interact_80241DD8
Creating struct: $NpcGroup_Yoshi
Reading patch for $NpcGroupList_802439C4
Creating struct: $YoshiSettings
Creating struct: $Script_Init_Yoshi
Creating struct: $Script_IdleAI
Creating struct: $Script_Interact
Creating struct: $Function_GreedStoneMode
Reading patch for $Script_Main
Creating struct: $NpcGroupList_Buzzatrice
Creating struct: $NpcGroup_Buzzatrice
Creating struct: $Script_Init_Buzzatrice
Creating struct: $Script_IdleAI_Buzzatrice
Creating struct: $Script_Interact_Buzzatrice
Reading patch for $Script_80249178
Merged 13 regions to 10
$Script_Interact will be placed at 80249B14 (length = 208 bytes)
$NpcGroup_Buzzatrice will be placed at 80249ED8 (length = 1F0 bytes)
$NpcGroup_Yoshi will be placed at 8024A0C8 (length = 1F0 bytes)
$Script_Interact_80241DD8 will be placed at 8024A2B8 (length = 1CC bytes)
$GreedStoneAccept will be placed at 8024A484 (length = C0 bytes)
$LuigiChallenge2 will be placed at 8024A544 (length = AC bytes)
$NpcGroupList_Buzzatrice will be placed at 80241DD8 (length = 84 bytes)
$LuigiChallenge3 will be placed at 8024A5F0 (length = 7C bytes)
$GreedStone2 will be placed at 8024A66C (length = 78 bytes)
$Script_Init_Yoshi will be placed at 8024A6E4 (length = 5C bytes)
$Function_GreedStoneMode will be placed at 8024A740 (length = 54 bytes)
$GreedStoneAfterAccept will be placed at 8024A794 (length = 50 bytes)
$LuigiChallenge1 will be placed at 802417DC (length = 44 bytes)
$GreedStone1 will be placed at 8024A7E4 (length = 38 bytes)
$Everyone will be placed at 8024A81C (length = 34 bytes)
$DeclineMessage will be placed at 8024A850 (length = 30 bytes)
$YoshiSettings will be placed at 8024A880 (length = 2C bytes)
$Script_Init_Buzzatrice will be placed at 8024A8AC (length = 28 bytes)
$NpcGroupList_802439C4 will be placed at 8024A8D4 (length = 24 bytes)
$LuigiChallengeDeclined will be placed at 8024A8F8 (length = 24 bytes)
$TimelineAnomaly will be placed at 8024A91C (length = 20 bytes)
$EverythingIsFine will be placed at 8024A93C (length = 20 bytes)
$LuigiChallengeAccepted will be placed at 802439C4 (length = 14 bytes)
$Script_IdleAI will be placed at 802400A8 (length = 8 bytes)
$Script_IdleAI_Buzzatrice will be placed at 80243C84 (length = 8 bytes)
$Script_Interact_Buzzatrice will be placed at 80241E5C (length = 8 bytes)
Changing pointer 802439C4 to 8024A8D4 ($NpcGroupList_802439C4[0])
Changing pointer 80241DD8 to 8024A2B8 ($Script_Interact_80241DD8[0])
Executing patches for: kkj_02
Reading patch file: map/patch/peach's castle/kkj_02.mpat
Reading patch for $Script_Interact_80240540
Reading patch for $Script_ExitDoubleDoor_80240120
Reading patch for $Script_ExitDoubleDoor_802401C4
Merged 4 regions to 4
$Script_Interact_80240540 will be placed at 802409F0 (length = DC bytes)
$LuigiChallenge1 will be placed at 80240ACC (length = C4 bytes)
$LuigiChallenge3 will be placed at 80240B90 (length = 74 bytes)
$LuigiChallenge2 will be placed at 80240C04 (length = 74 bytes)
$ASCII_"kmr_00"_Literal will be placed at 80240540 (length = C bytes)
Changing pointer 80240540 to 802409F0 ($Script_Interact_80240540[0])
Executing patches for: kkj_10
Reading patch file: map/patch/peach's castle/kkj_10.mpat
Reading patch for $NpcGroup_80242358
Reading patch for $Script_Init_8024229C
Reading patch for $Script_Init_802422F0
Creating struct: $ExtraAnimationList_DarkKoopatrol
Reading patch for $Script_Idle_80241E14
Reading patch for $Script_Idle_80242058
Creating struct: $Script_NpcAI_Discover_DarkKoopatrol
Merged 10 regions to 10
$Script_NpcAI_Discover_DarkKoopatrol will be placed at 80243620 (length = 19C bytes)
$ExtraAnimationList_DarkKoopatrol will be placed at 802422DC (length = 14 bytes)
Executing patches for: kkj_14
Reading patch file: map/patch/peach's castle/kkj_14.mpat
Reading patch for $Script_80244E54
Reading patch for $Script_802497B4
Merged 18 regions to 17
$String_SpeedySpin will be placed at 8024A3D8 (length = 8C bytes)
Executing patches for: kkj_16
Reading patch file: map/patch/peach's castle/kkj_16.mpat
Reading patch for $NpcGroup_80241D28
Creating struct: $ExtraAnimationList_GoldKoopatrol
Creating struct: $Script_NpcAI_GoldKoopatrolDiscover
Reading patch for $Script_Idle_802417CC
Reading patch for $Script_8024476C
Merged 7 regions to 7
$Script_NpcAI_GoldKoopatrolDiscover will be placed at 80244850 (length = 190 bytes)
$ExtraAnimationList_GoldKoopatrol will be placed at 802447DC (length = 20 bytes)
Executing patches for: kkj_19
Reading patch file: map/patch/peach's castle/kkj_19.mpat
Reading patch for $Script_80242A18
Reading patch for $Script_Main
Creating struct: $Script_MakeEntities
Creating struct: $NpcGroupList_Shopkeeper
Creating struct: $NpcGroup_Rowf
Creating struct: $InitRowf
Creating struct: $RowfInteraction
Creating struct: $RowfInventory
Creating struct: $InventoryAvailability
Creating struct: $GotItem
Creating struct: $LoadCoins
Creating struct: $LoadInventory
Merged 10 regions to 8
$RowfInteraction will be placed at 802461EC (length = 3C8 bytes)
$LoadInventory will be placed at 802465B4 (length = 254 bytes)
$NpcGroup_Rowf will be placed at 80246808 (length = 1F0 bytes)
$ShopkeeperTattle will be placed at 802469F8 (length = 154 bytes)
$GetStuff will be placed at 80246B4C (length = 150 bytes)
$RowfInventory will be placed at 80242DA8 (length = 78 bytes)
$YouArePoor will be placed at 80246C9C (length = 54 bytes)
$Thanks will be placed at 80242E20 (length = 38 bytes)
$BuyOneCoin will be placed at 80246CF0 (length = 38 bytes)
$BuyManyCoins will be placed at 80242E58 (length = 38 bytes)
$NoSpace will be placed at 80246D28 (length = 34 bytes)
$GetMore will be placed at 80242E90 (length = 2C bytes)
$InventoryAvailability will be placed at 80246D5C (length = 2C bytes)
$Decline will be placed at 80246D88 (length = 2C bytes)
$LoadCoins will be placed at 80246DB4 (length = 2C bytes)
$InitRowf will be placed at 802411CC (length = 24 bytes)
$GotItem will be placed at 80246DE0 (length = 20 bytes)
$WhatDoYouWant will be placed at 80246E00 (length = 1C bytes)
$NpcGroupList_Shopkeeper will be placed at 80246E1C (length = 18 bytes)
$ThanksCantBuyMore will be placed at 80246E34 (length = 14 bytes)
$Goodbye will be placed at 80246E48 (length = 14 bytes)
$Goodbye2 will be placed at 80246E5C (length = 14 bytes)
$ThanksGoodbye will be placed at 80246E70 (length = 14 bytes)
$Script_MakeEntities will be placed at 80242EBC (length = 8 bytes)
Changing pointer 80246568 to 80247208 ($End[378])
Changing pointer 802461F0 to 80246E90 ($End[0])
Changing pointer 802461F0 to 80246E90 ($End[0])
Changing pointer 802461F0 to 80246E90 ($End[0])
Changing pointer 802463B8 to 80247058 ($End[1C8])
Changing pointer 802463B8 to 80247058 ($End[1C8])
Changing pointer 802463B8 to 80247058 ($End[1C8])
Changing pointer 80246558 to 802471F8 ($End[368])
Changing pointer 80246558 to 802471F8 ($End[368])
Changing pointer 80246534 to 802471D4 ($End[344])
Changing pointer 8024659C to 8024723C ($End[3AC])
Changing pointer 80246554 to 802471F4 ($End[364])
Changing pointer 80246528 to 802471C8 ($End[338])
Changing pointer 80246530 to 802471D0 ($End[340])
Changing pointer 80246538 to 802471D8 ($End[348])
Changing pointer 8024655C to 802471FC ($End[36C])
Changing pointer 80246550 to 802471F0 ($End[360])
Changing pointer 80246560 to 80247200 ($End[370])
Changing pointer 802465A0 to 80247240 ($End[3B0])
Changing pointer 80246568 to 80247208 ($End[378])
Changing pointer 80246558 to 802471F8 ($End[368])
Changing pointer 8024655C to 802471FC ($End[36C])
Changing pointer 80246568 to 80247208 ($End[378])
Changing pointer 80246560 to 80247200 ($End[370])
Changing pointer 80246558 to 802471F8 ($End[368])
Changing pointer 80246568 to 80247208 ($End[378])
Changing pointer 80246528 to 802471C8 ($End[338])
Changing pointer 8024652C to 802471CC ($End[33C])
Changing pointer 80246558 to 802471F8 ($End[368])
Changing pointer 80246550 to 802471F0 ($End[360])
Changing pointer 80246538 to 802471D8 ($End[348])
Changing pointer 80246528 to 802471C8 ($End[338])
Changing pointer 80246528 to 802471C8 ($End[338])
Changing pointer 8024652C to 802471CC ($End[33C])
Changing pointer 80246578 to 80247218 ($End[388])
Changing pointer 8024652C to 802471CC ($End[33C])
Changing pointer 8024652C to 802471CC ($End[33C])
Changing pointer 80246534 to 802471D4 ($End[344])
Changing pointer 80246558 to 802471F8 ($End[368])
Changing pointer 80246534 to 802471D4 ($End[344])
Changing pointer 80246528 to 802471C8 ($End[338])
Changing pointer 80246568 to 80247208 ($End[378])
Changing pointer 80246554 to 802471F4 ($End[364])
Changing pointer 802465A0 to 80247240 ($End[3B0])
Changing pointer 80246578 to 80247218 ($End[388])
Changing pointer 8024652C to 802471CC ($End[33C])
Changing pointer 802461F0 to 80246E90 ($End[0])
Changing pointer 802463B8 to 80247058 ($End[1C8])
Executing patches for: kkj_23
Reading patch file: map/patch/peach's castle/kkj_23.mpat
Reading patch for $NpcGroup_80242144
Reading patch for $ExtraAnimationList_80241BF8
Reading patch for $Script_Interact_80241C2C
Reading patch for $Script_NpcAI_80241D10
Reading patch for $Script_Init_80242060
Reading patch for $Script_Init_802420DC
Reading patch for $Script_80242730
Reading patch for $Script_80242984
Reading patch for $Script_80242BA8
Reading patch for $Script_80243010
Merged 17 regions to 17
Executing patches for: kkj_25
Reading patch file: map/patch/peach's castle/kkj_25.mpat
Creating struct: $Script_TriggerNextCutscene
Reading patch for $Script_Idle_80241A3C
Reading patch for $Script_80247AAC
Reading patch for $Script_8024B254
Merged 13 regions to 12
$Script_TriggerNextCutscene will be placed at 80241B30 (length = 40 bytes)
Executing patches for: kkj_29
Reading patch file: map/patch/peach's castle/kkj_29.mpat
Reading patch for $Script_80243C40
Merged 6 regions to 6
Executing patches for: osr_00
Reading patch file: map/patch/peach's castle/osr_00.mpat
Reading patch for $Script_80243470
Reading patch for $Script_Main
Reading patch for $NpcGroupList_80243428
Creating struct: $NpcGroupList_WithYoshi
Creating struct: $NpcGroup_Yoshi
Creating struct: $YoshiSettings
Creating struct: $Script_Init_Yoshi
Creating struct: $Script_IdleAI
Creating struct: $Script_Interact
Merged 7 regions to 6
$NpcGroup_Yoshi will be placed at 802437C0 (length = 1F0 bytes)
$ShyLetter will be placed at 802439B0 (length = 1A0 bytes)
$Script_80243470 will be placed at 80243B50 (length = 19C bytes)
$GoodJob will be placed at 80243CEC (length = 18C bytes)
$ToadsLetter will be placed at 80243470 (length = 130 bytes)
$NpcGroupList_WithYoshi will be placed at 80243E78 (length = 54 bytes)
$YoshiSettings will be placed at 80240F28 (length = 2C bytes)
$Script_Interact will be placed at 802435A0 (length = 24 bytes)
$Script_Init_Yoshi will be placed at 80243ECC (length = 18 bytes)
$Script_IdleAI will be placed at 80240788 (length = 8 bytes)
Changing pointer 802437C0 to 80243EF0 ($End[0])
Changing pointer 80247548 to 80247C78 ($End[3D88])
Changing pointer 80247750 to 80247E80 ($End[3F90])
Changing pointer 80243470 to 80243B50 ($Script_80243470[0])
Executing patches for: osr_01
Reading patch file: map/patch/peach's castle/osr_01.mpat
Reading patch file: map/import/EnterViaPipe.mpat
Creating struct: $Script_EnterVerticalPipe
Creating struct: $Function_WarpPipeEntry_80240020
Creating struct: $Function_WarpPipeEntry_802400F0
Creating struct: $Function_WarpPipeEntry_8024023C
Creating struct: $Script_EnterHorizontalPipe
Reading patch for $EntryList
Reading patch for $Header
Creating struct: $Script_UseBluePipe
Reading patch for $Script_Main_EnterWalk
Merged 9 regions to 7
$Script_EnterHorizontalPipe will be placed at 80242180 (length = 300 bytes)
$Script_EnterVerticalPipe will be placed at 80242480 (length = 280 bytes)
$Script_Main_EnterWalk will be placed at 80242700 (length = 248 bytes)
$Function_WarpPipeEntry_802400F0 will be placed at 80240FD8 (length = E0 bytes)
$Function_WarpPipeEntry_8024023C will be placed at 80242948 (length = A4 bytes)
$EntryList will be placed at 802410B8 (length = 50 bytes)
$Script_UseBluePipe will be placed at 80240AB8 (length = 20 bytes)
$Function_WarpPipeEntry_80240020 will be placed at 802429EC (length = 14 bytes)
$ASCII_"osr_02"_Literal will be placed at 80240044 (length = C bytes)
Changing pointer 80242180 to 80242A00 ($End[0])
Changing pointer 80242180 to 80242A00 ($End[0])
Changing pointer 80242180 to 80242A00 ($End[0])
Changing pointer 80242344 to 80242BC4 ($End[1C4])
Changing pointer 80242344 to 80242BC4 ($End[1C4])
Changing pointer 80240FD8 to 80242700 ($Script_Main_EnterWalk[0])
Changing pointer 80240AC0 to 802410B8 ($EntryList[0])
Changing pointer 80242180 to 80242A00 ($End[0])
Changing pointer 80242180 to 80242A00 ($End[0])
Executing patches for: osr_02
Reading patch file: map/patch/peach's castle/osr_02.mpat
Reading patch file: map/import/EnterViaPipe.mpat
Creating struct: $Script_EnterVerticalPipe
Creating struct: $Function_WarpPipeEntry_80240020
Creating struct: $Function_WarpPipeEntry_802400F0
Creating struct: $Function_WarpPipeEntry_8024023C
Creating struct: $Script_EnterHorizontalPipe
Reading patch for $EntryList
Reading patch for $Header
Reading patch for $Script_MakeEntities
Reading patch for $Script_EnterDoubleDoor_80240408
Creating struct: $Script_RaisePipe
Creating struct: $Script_UseBluePipe
Merged 12 regions to 8
$Script_EnterHorizontalPipe will be placed at 80244118 (length = 300 bytes)
$Script_EnterVerticalPipe will be placed at 80244418 (length = 280 bytes)
$Script_MakeEntities will be placed at 80244698 (length = 10C bytes)
$Function_WarpPipeEntry_802400F0 will be placed at 802447A4 (length = E0 bytes)
$Function_WarpPipeEntry_8024023C will be placed at 80240984 (length = A4 bytes)
$EntryList will be placed at 802404F8 (length = 40 bytes)
$Script_RaisePipe will be placed at 80244884 (length = 2C bytes)
$Script_UseBluePipe will be placed at 8024014C (length = 20 bytes)
$Function_WarpPipeEntry_80240020 will be placed at 80240A28 (length = 14 bytes)
$ASCII_"osr_01"_Literal will be placed at 802448B0 (length = C bytes)
Changing pointer 80240150 to 802404F8 ($EntryList[0])
Changing pointer 80240990 to 80244698 ($Script_MakeEntities[0])
Executing patches for: pit_01
Reading patch file: map/patch/pit of 100 trials/pit_01.mpat
Reading patch file: map/import/Pit_AI.mpat
Creating struct: $NpcSettings_Goomba
Creating struct: $NpcSettings_Koopa
Creating struct: $NpcSettings_Fuzzy
Creating struct: $Script_NpcAI_Fuzzy
Creating struct: $Script_GoombaAI
Creating struct: $AISettings_Goomba
Creating struct: $AISettings_Fuzzy_802413E0
Creating struct: $JumpTable_Fuzzy_802423B8
Creating struct: $Function_Fuzzy_80240000
Creating struct: $Function_Fuzzy_80240230
Creating struct: $Function_Fuzzy_80240568
Creating struct: $Function_Fuzzy_80240628
Creating struct: $Function_Fuzzy_802407CC
Creating struct: $Function_Fuzzy_802408AC
Creating struct: $Function_Fuzzy_80240BAC
Creating struct: $Function_Fuzzy_80240BF0
Creating struct: $JumpTable_Koopa_80245CF8
Creating struct: $Script_NpcAI_Koopa
Creating struct: $AISettings_Koopa_802427BC
Creating struct: $NpcSettings_BuzzyBeetle
Creating struct: $AISettings_BuzzyBeetle
Creating struct: $Script_NpcAI_BuzzyBeetle
Creating struct: $AISettings_Koopatrol
Creating struct: $Script_NpcAI_Koopatrol
Creating struct: $NpcSettings_Koopatrol
Creating struct: $AISettings_Spiny
Creating struct: $Script_NpcAI_Spiny
Creating struct: $NpcSettings_Spiny
Creating struct: $AISettings_BonyBeetle
Creating struct: $Script_NpcAI_BonyBeetle
Creating struct: $NpcSettings_BonyBeetle
Creating struct: $Function_DoAI_ShellEnemy
Creating struct: $Function_Koopa_80240000
Creating struct: $Function_Koopa_8024007C
Creating struct: $Function_Koopa_802401B0
Creating struct: $Function_Koopa_80240314
Creating struct: $NpcSettings_Bubble
Creating struct: $Script_NpcAI_Bubble
Creating struct: $AISettings_Bubble
Creating struct: $JumpTable_NEW130A8
Creating struct: $JumpTable_NEW130F0
Creating struct: $Function_NEW10000
Creating struct: $Function_NEW10348
Creating struct: $Function_NEW1040C
Creating struct: $Function_NEW10530
Creating struct: $Function_NEW10720
Creating struct: $Function_NEW107F4
Creating struct: $Function_NEW10820
Creating struct: $Function_NEW109D0
Creating struct: $Function_NEW10FF8
Creating struct: $Function_NEW110B8
Creating struct: $Function_NEW113FC
Creating struct: $Function_NEW11474
Creating struct: $Function_NEW114E0
Creating struct: $Function_NEW11614
Creating struct: $Function_NEW11678
Creating struct: $Function_NEW11A08
Creating struct: $Function_NEW11B2C
Creating struct: $Function_NEW11D18
Creating struct: $Function_NEW11E48
Creating struct: $Function_NEW120C8
Creating struct: $Function_NEW12124
Creating struct: $???_NEW123E0
Creating struct: $FloatTable_NEW12930
Creating struct: $FloatTable_NEW12B90
Creating struct: $Header
Creating struct: $Function_Init
Creating struct: $Function_GetTattle
Creating struct: $EntryList
Creating struct: $Script_RaisePipe
Creating struct: $Script_UseBluePipe
Creating struct: $Reset_Enemy_Flag
Creating struct: $Script_GetPipeWorking
Creating struct: $Script_Outcome
Creating struct: $Script_Init_Enemy
Creating struct: $Goomba
Creating struct: $SpikedGoomba
Creating struct: $Koopa
Creating struct: $Bobomb
Creating struct: $NpcGroup_1
Creating struct: $NpcGroup_2
Creating struct: $NpcGroup_3
Creating struct: $NpcGroup_4
Creating struct: $NpcGroup_5
Creating struct: $NpcGroup_6
Creating struct: $NpcGroup_7
Creating struct: $NpcGroup_8
Creating struct: $NpcGroup_9
Creating struct: $Script_Main
Creating struct: $Script_SignPost
Merged 1 regions to 1
$Function_NEW109D0 will be placed at 80240000 (length = 638 bytes)
$Function_DoAI_ShellEnemy will be placed at 80240638 (length = 440 bytes)
$Function_NEW11678 will be placed at 80240A78 (length = 390 bytes)
$Function_NEW10000 will be placed at 80240E08 (length = 350 bytes)
$Function_NEW110B8 will be placed at 80241158 (length = 344 bytes)
$Function_Fuzzy_80240230 will be placed at 8024149C (length = 340 bytes)
$Function_Fuzzy_802408AC will be placed at 802417DC (length = 300 bytes)
$Function_NEW11E48 will be placed at 80241ADC (length = 288 bytes)
$Function_Fuzzy_80240000 will be placed at 80241D64 (length = 230 bytes)
$Function_Fuzzy_80240BF0 will be placed at 80241F94 (length = 224 bytes)
$Goomba will be placed at 802421B8 (length = 1F0 bytes)
$Koopa will be placed at 802423A8 (length = 1F0 bytes)
$SpikedGoomba will be placed at 80242598 (length = 1F0 bytes)
$Bobomb will be placed at 80242788 (length = 1F0 bytes)
$Function_NEW11B2C will be placed at 80242978 (length = 1EC bytes)
$Function_NEW12124 will be placed at 80242B64 (length = 1E8 bytes)
$Function_NEW10530 will be placed at 80242D4C (length = 1E8 bytes)
$Script_Main will be placed at 80242F34 (length = 1C8 bytes)
$Function_NEW10820 will be placed at 802430FC (length = 1B8 bytes)
$Function_Fuzzy_80240628 will be placed at 802432B4 (length = 1A4 bytes)
$Function_Koopa_802401B0 will be placed at 80243458 (length = 164 bytes)
$Script_SignPost will be placed at 802435BC (length = 140 bytes)
$Function_Koopa_8024007C will be placed at 802436FC (length = 13C bytes)
$Function_NEW114E0 will be placed at 80243838 (length = 134 bytes)
$Function_NEW11D18 will be placed at 8024396C (length = 130 bytes)
$Function_NEW11A08 will be placed at 80243A9C (length = 124 bytes)
$Function_NEW1040C will be placed at 80243BC0 (length = 124 bytes)
$Function_Fuzzy_802407CC will be placed at 80243CE4 (length = E0 bytes)
$Function_NEW10720 will be placed at 80243DC4 (length = D4 bytes)
$Function_NEW10348 will be placed at 80243E98 (length = C4 bytes)
$Function_Fuzzy_80240568 will be placed at 80243F5C (length = C0 bytes)
$Function_NEW10FF8 will be placed at 8024401C (length = C0 bytes)
$MapTattle will be placed at 802440DC (length = 9C bytes)
$Function_Koopa_80240314 will be placed at 80244178 (length = 80 bytes)
$Function_Koopa_80240000 will be placed at 802441F8 (length = 7C bytes)
$Function_NEW113FC will be placed at 80244274 (length = 78 bytes)
$FloatTable_NEW12930 will be placed at 802442EC (length = 70 bytes)
$Function_NEW11474 will be placed at 8024435C (length = 6C bytes)
$Function_NEW11614 will be placed at 802443C8 (length = 64 bytes)
$Function_NEW120C8 will be placed at 8024442C (length = 5C bytes)
$Script_NpcAI_Spiny will be placed at 80244488 (length = 54 bytes)
$JumpTable_Koopa_80245CF8 will be placed at 802444DC (length = 54 bytes)
$JumpTable_NEW130F0 will be placed at 80244530 (length = 54 bytes)
$Script_NpcAI_BonyBeetle will be placed at 80244584 (length = 54 bytes)
$Script_NpcAI_BuzzyBeetle will be placed at 802445D8 (length = 54 bytes)
$Script_NpcAI_Koopa will be placed at 8024462C (length = 54 bytes)
$Script_NpcAI_Koopatrol will be placed at 80244680 (length = 54 bytes)
$Script_NpcAI_Bubble will be placed at 802446D4 (length = 54 bytes)
$Script_GetPipeWorking will be placed at 80244728 (length = 4C bytes)
$Error will be placed at 80244774 (length = 44 bytes)
$Script_Outcome will be placed at 802447B8 (length = 44 bytes)
$Function_Fuzzy_80240BAC will be placed at 802447FC (length = 44 bytes)
$Header will be placed at 80244840 (length = 40 bytes)
$JumpTable_Fuzzy_802423B8 will be placed at 80244880 (length = 3C bytes)
$JumpTable_NEW130A8 will be placed at 802448BC (length = 3C bytes)
$AISettings_Spiny will be placed at 802448F8 (length = 30 bytes)
$AISettings_BonyBeetle will be placed at 80244928 (length = 30 bytes)
$AISettings_BuzzyBeetle will be placed at 80244958 (length = 30 bytes)
$AISettings_Koopa_802427BC will be placed at 80244988 (length = 30 bytes)
$AISettings_Bubble will be placed at 802449B8 (length = 30 bytes)
$AISettings_Koopatrol will be placed at 802449E8 (length = 30 bytes)
$AISettings_Fuzzy_802413E0 will be placed at 80244A18 (length = 30 bytes)
$AISettings_Goomba will be placed at 80244A48 (length = 30 bytes)
$Function_NEW107F4 will be placed at 80244A78 (length = 2C bytes)
$Script_NpcAI_Fuzzy will be placed at 80244AA4 (length = 2C bytes)
$NpcSettings_Fuzzy will be placed at 80244AD0 (length = 2C bytes)
$NpcSettings_Bubble will be placed at 80244AFC (length = 2C bytes)
$NpcSettings_Koopa will be placed at 80244B28 (length = 2C bytes)
$Function_Init will be placed at 80244B54 (length = 2C bytes)
$NpcSettings_Koopatrol will be placed at 80244B80 (length = 2C bytes)
$NpcSettings_Spiny will be placed at 80244BAC (length = 2C bytes)
$Script_RaisePipe will be placed at 80244BD8 (length = 2C bytes)
$NpcSettings_BonyBeetle will be placed at 80244C04 (length = 2C bytes)
$NpcSettings_BuzzyBeetle will be placed at 80244C30 (length = 2C bytes)
$NpcSettings_Goomba will be placed at 80244C5C (length = 2C bytes)
$Script_UseBluePipe will be placed at 80244C88 (length = 28 bytes)
$EntryList will be placed at 80244CB0 (length = 20 bytes)
$Reset_Enemy_Flag will be placed at 80244CD0 (length = 20 bytes)
$Floor9 will be placed at 80244CF0 (length = 18 bytes)
$Floor8 will be placed at 80244D08 (length = 18 bytes)
$Floor1 will be placed at 80244D20 (length = 18 bytes)
$Floor3 will be placed at 80244D38 (length = 18 bytes)
$Floor2 will be placed at 80244D50 (length = 18 bytes)
$Floor5 will be placed at 80244D68 (length = 18 bytes)
$Floor4 will be placed at 80244D80 (length = 18 bytes)
$Floor7 will be placed at 80244D98 (length = 18 bytes)
$Floor6 will be placed at 80244DB0 (length = 18 bytes)
$Script_Init_Enemy will be placed at 80244DC8 (length = 18 bytes)
$FloatTable_NEW12B90 will be placed at 80244DE0 (length = 18 bytes)
$NpcGroup_1 will be placed at 80244DF8 (length = 18 bytes)
$NpcGroup_2 will be placed at 80244E10 (length = 18 bytes)
$NpcGroup_3 will be placed at 80244E28 (length = 18 bytes)
$NpcGroup_4 will be placed at 80244E40 (length = 18 bytes)
$NpcGroup_9 will be placed at 80244E58 (length = 18 bytes)
$NpcGroup_5 will be placed at 80244E70 (length = 18 bytes)
$NpcGroup_6 will be placed at 80244E88 (length = 18 bytes)
$NpcGroup_7 will be placed at 80244EA0 (length = 18 bytes)
$NpcGroup_8 will be placed at 80244EB8 (length = 18 bytes)
$Script_GoombaAI will be placed at 80244ED0 (length = 14 bytes)
$Function_GetTattle will be placed at 80244EE4 (length = 14 bytes)
$ASCII_"pit_01"_Literal will be placed at 80244EF8 (length = C bytes)
$ASCII_"pit_11"_Literal will be placed at 80244F04 (length = C bytes)
$ASCII_"kpa_tex"_Literal will be placed at 80244F10 (length = 8 bytes)
$???_NEW123E0 will be placed at 80244F18 (length = 4 bytes)
Executing patches for: pit_02
Reading patch file: map/patch/pit of 100 trials/pit_02.mpat
Reading patch file: map/import/NPC_MontyMole.mpat
Creating struct: $NpcSettings_MontyMole
Creating struct: $NpcSettings_MontyMoleRock
Creating struct: $Script_802418A0_MontyMole
Creating struct: $Script_80241B9C_MontyMole
Creating struct: $AISettings_Mole
Creating struct: $Script_NpcAI_MontyMole
Reading patch file: map/import/NPC_Cleft.mpat
Creating struct: $AISettings_Cleft
Creating struct: $Script_NpcAI_Cleft
Creating struct: $NpcSettings_Cleft
Creating struct: $Function_DoAI_Cleft
Creating struct: $Function_80240000
Creating struct: $Function_80240160
Creating struct: $Function_802401D4
Creating struct: $Function_80240304
Creating struct: $Function_802403A0
Creating struct: $Function_80240428
Creating struct: $Function_802404D0
Creating struct: $Function_80240644
Creating struct: $Function_80240694
Creating struct: $Function_80240834
Creating struct: $Function_80240984
Creating struct: $Function_80240A30
Creating struct: $Function_80240B68
Creating struct: $Function_80240BE4
Creating struct: $Function_80240C4C
Creating struct: $JumpTable_80242D68
Reading patch file: map/import/NPC_Bandit.mpat
Creating struct: $NpcSettings_Bandit
Creating struct: $AISettings_Bandit
Creating struct: $Script_NpcAI_Bandit
Creating struct: $Script_802407F8_Bandit
Creating struct: $Script_80240710_Bandit
Creating struct: $Function_80240040_Bandit
Reading patch file: map/import/NPC_Pokey.mpat
Creating struct: $NpcSettings_Pokey
Creating struct: $AISettings_Pokey
Creating struct: $Script_NpcAI_Pokey
Creating struct: $Function_80240040_Pokey
Reading patch file: map/import/Pit_AI.mpat
Creating struct: $NpcSettings_Goomba
Creating struct: $NpcSettings_Koopa
Creating struct: $NpcSettings_Fuzzy
Creating struct: $Script_NpcAI_Fuzzy
Creating struct: $Script_GoombaAI
Creating struct: $AISettings_Goomba
Creating struct: $AISettings_Fuzzy_802413E0
Creating struct: $JumpTable_Fuzzy_802423B8
Creating struct: $Function_Fuzzy_80240000
Creating struct: $Function_Fuzzy_80240230
Creating struct: $Function_Fuzzy_80240568
Creating struct: $Function_Fuzzy_80240628
Creating struct: $Function_Fuzzy_802407CC
Creating struct: $Function_Fuzzy_802408AC
Creating struct: $Function_Fuzzy_80240BAC
Creating struct: $Function_Fuzzy_80240BF0
Creating struct: $JumpTable_Koopa_80245CF8
Creating struct: $Script_NpcAI_Koopa
Creating struct: $AISettings_Koopa_802427BC
Creating struct: $NpcSettings_BuzzyBeetle
Creating struct: $AISettings_BuzzyBeetle
Creating struct: $Script_NpcAI_BuzzyBeetle
Creating struct: $AISettings_Koopatrol
Creating struct: $Script_NpcAI_Koopatrol
Creating struct: $NpcSettings_Koopatrol
Creating struct: $AISettings_Spiny
Creating struct: $Script_NpcAI_Spiny
Creating struct: $NpcSettings_Spiny
Creating struct: $AISettings_BonyBeetle
Creating struct: $Script_NpcAI_BonyBeetle
Creating struct: $NpcSettings_BonyBeetle
Creating struct: $Function_DoAI_ShellEnemy
Creating struct: $Function_Koopa_80240000
Creating struct: $Function_Koopa_8024007C
Creating struct: $Function_Koopa_802401B0
Creating struct: $Function_Koopa_80240314
Creating struct: $NpcSettings_Bubble
Creating struct: $Script_NpcAI_Bubble
Creating struct: $AISettings_Bubble
Creating struct: $JumpTable_NEW130A8
Creating struct: $JumpTable_NEW130F0
Creating struct: $Function_NEW10000
Creating struct: $Function_NEW10348
Creating struct: $Function_NEW1040C
Creating struct: $Function_NEW10530
Creating struct: $Function_NEW10720
Creating struct: $Function_NEW107F4
Creating struct: $Function_NEW10820
Creating struct: $Function_NEW109D0
Creating struct: $Function_NEW10FF8
Creating struct: $Function_NEW110B8
Creating struct: $Function_NEW113FC
Creating struct: $Function_NEW11474
Creating struct: $Function_NEW114E0
Creating struct: $Function_NEW11614
Creating struct: $Function_NEW11678
Creating struct: $Function_NEW11A08
Creating struct: $Function_NEW11B2C
Creating struct: $Function_NEW11D18
Creating struct: $Function_NEW11E48
Creating struct: $Function_NEW120C8
Creating struct: $Function_NEW12124
Creating struct: $???_NEW123E0
Creating struct: $FloatTable_NEW12930
Creating struct: $FloatTable_NEW12B90
Creating struct: $Header
Creating struct: $Function_GetTattle
Creating struct: $Function_Init
Creating struct: $EntryList
Creating struct: $Script_RaisePipe
Creating struct: $Script_UseBluePipe
Creating struct: $Reset_Enemy_Flag
Creating struct: $Script_GetPipeWorking
Creating struct: $Script_Outcome
Creating struct: $Script_Init_Enemy
Reading patch for $AISettings_Cleft
Creating struct: $NpcGroup_Goomba
Creating struct: $NpcGroup_Cleft
Creating struct: $NpcGroup_Bandit
Creating struct: $NpcGroup_Pokey
Creating struct: $NpcGroup_PokeyMummy
Creating struct: $NpcGroup_BuzzyBeetle
Creating struct: $NpcGroup_1
Creating struct: $NpcGroup_2
Creating struct: $NpcGroup_3
Creating struct: $NpcGroup_4
Creating struct: $NpcGroup_5
Creating struct: $NpcGroup_6
Creating struct: $NpcGroup_7
Creating struct: $NpcGroup_8
Creating struct: $NpcGroup_9
Creating struct: $Script_Main
Creating struct: $Script_SignPost
Merged 1 regions to 1
$Function_NEW109D0 will be placed at 80240000 (length = 638 bytes)
$Function_DoAI_ShellEnemy will be placed at 80240638 (length = 440 bytes)
$Function_NEW11678 will be placed at 80240A78 (length = 390 bytes)
$Function_NEW10000 will be placed at 80240E08 (length = 350 bytes)
$Function_DoAI_Cleft will be placed at 80241158 (length = 350 bytes)
$Function_NEW110B8 will be placed at 802414A8 (length = 344 bytes)
$Function_Fuzzy_80240230 will be placed at 802417EC (length = 340 bytes)
$Function_Fuzzy_802408AC will be placed at 80241B2C (length = 300 bytes)
$Function_NEW11E48 will be placed at 80241E2C (length = 288 bytes)
$Function_Fuzzy_80240000 will be placed at 802420B4 (length = 230 bytes)
$Function_Fuzzy_80240BF0 will be placed at 802422E4 (length = 224 bytes)
$NpcGroup_Cleft will be placed at 80242508 (length = 1F0 bytes)
$NpcGroup_PokeyMummy will be placed at 802426F8 (length = 1F0 bytes)
$NpcGroup_Pokey will be placed at 802428E8 (length = 1F0 bytes)
$NpcGroup_BuzzyBeetle will be placed at 80242AD8 (length = 1F0 bytes)
$NpcGroup_Goomba will be placed at 80242CC8 (length = 1F0 bytes)
$NpcGroup_Bandit will be placed at 80242EB8 (length = 1F0 bytes)
$Function_NEW11B2C will be placed at 802430A8 (length = 1EC bytes)
$Function_NEW12124 will be placed at 80243294 (length = 1E8 bytes)
$Function_NEW10530 will be placed at 8024347C (length = 1E8 bytes)
$Script_NpcAI_MontyMole will be placed at 80243664 (length = 1D4 bytes)
$Script_Main will be placed at 80243838 (length = 1C8 bytes)
$Script_802407F8_Bandit will be placed at 80243A00 (length = 1C4 bytes)
$Function_NEW10820 will be placed at 80243BC4 (length = 1B8 bytes)
$Function_80240694 will be placed at 80243D7C (length = 1A8 bytes)
$Function_Fuzzy_80240628 will be placed at 80243F24 (length = 1A4 bytes)
$Function_802404D0 will be placed at 802440C8 (length = 174 bytes)
$Function_80240000 will be placed at 8024423C (length = 168 bytes)
$Function_Koopa_802401B0 will be placed at 802443A4 (length = 164 bytes)
$Function_80240834 will be placed at 80244508 (length = 150 bytes)
$Script_SignPost will be placed at 80244658 (length = 140 bytes)
$Function_Koopa_8024007C will be placed at 80244798 (length = 13C bytes)
$Function_80240A30 will be placed at 802448D4 (length = 138 bytes)
$Function_802401D4 will be placed at 80244A0C (length = 138 bytes)
$Function_NEW114E0 will be placed at 80244B44 (length = 134 bytes)
$Function_NEW11D18 will be placed at 80244C78 (length = 130 bytes)
$Function_NEW11A08 will be placed at 80244DA8 (length = 124 bytes)
$Function_NEW1040C will be placed at 80244ECC (length = 124 bytes)
$Function_80240040_Bandit will be placed at 80244FF0 (length = 100 bytes)
$Function_Fuzzy_802407CC will be placed at 802450F0 (length = E0 bytes)
$Function_NEW10720 will be placed at 802451D0 (length = D4 bytes)
$JumpTable_80242D68 will be placed at 802452A4 (length = D4 bytes)
$Function_NEW10348 will be placed at 80245378 (length = C4 bytes)
$Function_Fuzzy_80240568 will be placed at 8024543C (length = C0 bytes)
$Function_NEW10FF8 will be placed at 802454FC (length = C0 bytes)
$MapTattle will be placed at 802455BC (length = BC bytes)
$Function_80240984 will be placed at 80245678 (length = B4 bytes)
$Function_80240428 will be placed at 8024572C (length = A8 bytes)
$Function_80240304 will be placed at 802457D4 (length = 9C bytes)
$Function_802403A0 will be placed at 80245870 (length = 88 bytes)
$Function_Koopa_80240314 will be placed at 802458F8 (length = 80 bytes)
$Function_Koopa_80240000 will be placed at 80245978 (length = 7C bytes)
$Function_80240B68 will be placed at 802459F4 (length = 7C bytes)
$Script_80240710_Bandit will be placed at 80245A70 (length = 78 bytes)
$Function_NEW113FC will be placed at 80245AE8 (length = 78 bytes)
$Function_80240160 will be placed at 80245B60 (length = 74 bytes)
$FloatTable_NEW12930 will be placed at 80245BD4 (length = 70 bytes)
$Function_NEW11474 will be placed at 80245C44 (length = 6C bytes)
$Script_802418A0_MontyMole will be placed at 80245CB0 (length = 68 bytes)
$Function_80240BE4 will be placed at 80245D18 (length = 68 bytes)
$Function_NEW11614 will be placed at 80245D80 (length = 64 bytes)
$Script_80241B9C_MontyMole will be placed at 80245DE4 (length = 64 bytes)
$Function_NEW120C8 will be placed at 80245E48 (length = 5C bytes)
$Script_NpcAI_Spiny will be placed at 80245EA4 (length = 54 bytes)
$JumpTable_Koopa_80245CF8 will be placed at 80245EF8 (length = 54 bytes)
$JumpTable_NEW130F0 will be placed at 80245F4C (length = 54 bytes)
$Script_NpcAI_BonyBeetle will be placed at 80245FA0 (length = 54 bytes)
$Script_NpcAI_BuzzyBeetle will be placed at 80245FF4 (length = 54 bytes)
$Script_NpcAI_Koopa will be placed at 80246048 (length = 54 bytes)
$Script_NpcAI_Koopatrol will be placed at 8024609C (length = 54 bytes)
$Script_NpcAI_Bubble will be placed at 802460F0 (length = 54 bytes)
$Function_80240644 will be placed at 80246144 (length = 50 bytes)
$Script_GetPipeWorking will be placed at 80246194 (length = 4C bytes)
$Script_Outcome will be placed at 802461E0 (length = 44 bytes)
$Function_80240C4C will be placed at 80246224 (length = 44 bytes)
$Function_Fuzzy_80240BAC will be placed at 80246268 (length = 44 bytes)
$Header will be placed at 802462AC (length = 40 bytes)
$Error will be placed at 802462EC (length = 40 bytes)
$JumpTable_Fuzzy_802423B8 will be placed at 8024632C (length = 3C bytes)
$JumpTable_NEW130A8 will be placed at 80246368 (length = 3C bytes)
$AISettings_Spiny will be placed at 802463A4 (length = 30 bytes)
$AISettings_BonyBeetle will be placed at 802463D4 (length = 30 bytes)
$AISettings_BuzzyBeetle will be placed at 80246404 (length = 30 bytes)
$AISettings_Koopa_802427BC will be placed at 80246434 (length = 30 bytes)
$AISettings_Bubble will be placed at 80246464 (length = 30 bytes)
$AISettings_Koopatrol will be placed at 80246494 (length = 30 bytes)
$AISettings_Pokey will be placed at 802464C4 (length = 30 bytes)
$AISettings_Fuzzy_802413E0 will be placed at 802464F4 (length = 30 bytes)
$AISettings_Mole will be placed at 80246524 (length = 30 bytes)
$AISettings_Bandit will be placed at 80246554 (length = 30 bytes)
$AISettings_Cleft will be placed at 80246584 (length = 30 bytes)
$AISettings_Goomba will be placed at 802465B4 (length = 30 bytes)
$Function_NEW107F4 will be placed at 802465E4 (length = 2C bytes)
$NpcSettings_MontyMole will be placed at 80246610 (length = 2C bytes)
$NpcSettings_Cleft will be placed at 8024663C (length = 2C bytes)
$Script_NpcAI_Fuzzy will be placed at 80246668 (length = 2C bytes)
$NpcSettings_Fuzzy will be placed at 80246694 (length = 2C bytes)
$NpcSettings_MontyMoleRock will be placed at 802466C0 (length = 2C bytes)
$NpcSettings_Bubble will be placed at 802466EC (length = 2C bytes)
$NpcSettings_Koopa will be placed at 80246718 (length = 2C bytes)
$Function_Init will be placed at 80246744 (length = 2C bytes)
$NpcSettings_Koopatrol will be placed at 80246770 (length = 2C bytes)
$NpcSettings_Spiny will be placed at 8024679C (length = 2C bytes)
$Script_RaisePipe will be placed at 802467C8 (length = 2C bytes)
$NpcSettings_Pokey will be placed at 802467F4 (length = 2C bytes)
$NpcSettings_Bandit will be placed at 80246820 (length = 2C bytes)
$NpcSettings_BonyBeetle will be placed at 8024684C (length = 2C bytes)
$NpcSettings_BuzzyBeetle will be placed at 80246878 (length = 2C bytes)
$NpcSettings_Goomba will be placed at 802468A4 (length = 2C bytes)
$Script_UseBluePipe will be placed at 802468D0 (length = 28 bytes)
$EntryList will be placed at 802468F8 (length = 20 bytes)
$Reset_Enemy_Flag will be placed at 80246918 (length = 20 bytes)
$Script_NpcAI_Pokey will be placed at 80246938 (length = 1C bytes)
$Floor9 will be placed at 80246954 (length = 18 bytes)
$Floor8 will be placed at 8024696C (length = 18 bytes)
$Floor1 will be placed at 80246984 (length = 18 bytes)
$Floor3 will be placed at 8024699C (length = 18 bytes)
$Floor2 will be placed at 802469B4 (length = 18 bytes)
$Floor5 will be placed at 802469CC (length = 18 bytes)
$Floor4 will be placed at 802469E4 (length = 18 bytes)
$Floor7 will be placed at 802469FC (length = 18 bytes)
$Floor6 will be placed at 80246A14 (length = 18 bytes)
$Script_Init_Enemy will be placed at 80246A2C (length = 18 bytes)
$FloatTable_NEW12B90 will be placed at 80246A44 (length = 18 bytes)
$NpcGroup_1 will be placed at 80246A5C (length = 18 bytes)
$NpcGroup_2 will be placed at 80246A74 (length = 18 bytes)
$NpcGroup_3 will be placed at 80246A8C (length = 18 bytes)
$NpcGroup_4 will be placed at 80246AA4 (length = 18 bytes)
$Script_NpcAI_Cleft will be placed at 80246ABC (length = 18 bytes)
$NpcGroup_9 will be placed at 80246AD4 (length = 18 bytes)
$NpcGroup_5 will be placed at 80246AEC (length = 18 bytes)
$NpcGroup_6 will be placed at 80246B04 (length = 18 bytes)
$NpcGroup_7 will be placed at 80246B1C (length = 18 bytes)
$NpcGroup_8 will be placed at 80246B34 (length = 18 bytes)
$Script_NpcAI_Bandit will be placed at 80246B4C (length = 14 bytes)
$Script_GoombaAI will be placed at 80246B60 (length = 14 bytes)
$Function_GetTattle will be placed at 80246B74 (length = 14 bytes)
$Function_80240040_Pokey will be placed at 80246B88 (length = 14 bytes)
$ASCII_"pit_02"_Literal will be placed at 80246B9C (length = C bytes)
$ASCII_"pit_11"_Literal will be placed at 80246BA8 (length = C bytes)
$ASCII_"kpa_tex"_Literal will be placed at 80246BB4 (length = 8 bytes)
$???_NEW123E0 will be placed at 80246BBC (length = 4 bytes)
Executing patches for: pit_03
Reading patch file: map/patch/pit of 100 trials/pit_03.mpat
Reading patch file: map/import/Pit_AI.mpat
Creating struct: $NpcSettings_Goomba
Creating struct: $NpcSettings_Koopa
Creating struct: $NpcSettings_Fuzzy
Creating struct: $Script_NpcAI_Fuzzy
Creating struct: $Script_GoombaAI
Creating struct: $AISettings_Goomba
Creating struct: $AISettings_Fuzzy_802413E0
Creating struct: $JumpTable_Fuzzy_802423B8
Creating struct: $Function_Fuzzy_80240000
Creating struct: $Function_Fuzzy_80240230
Creating struct: $Function_Fuzzy_80240568
Creating struct: $Function_Fuzzy_80240628
Creating struct: $Function_Fuzzy_802407CC
Creating struct: $Function_Fuzzy_802408AC
Creating struct: $Function_Fuzzy_80240BAC
Creating struct: $Function_Fuzzy_80240BF0
Creating struct: $JumpTable_Koopa_80245CF8
Creating struct: $Script_NpcAI_Koopa
Creating struct: $AISettings_Koopa_802427BC
Creating struct: $NpcSettings_BuzzyBeetle
Creating struct: $AISettings_BuzzyBeetle
Creating struct: $Script_NpcAI_BuzzyBeetle
Creating struct: $AISettings_Koopatrol
Creating struct: $Script_NpcAI_Koopatrol
Creating struct: $NpcSettings_Koopatrol
Creating struct: $AISettings_Spiny
Creating struct: $Script_NpcAI_Spiny
Creating struct: $NpcSettings_Spiny
Creating struct: $AISettings_BonyBeetle
Creating struct: $Script_NpcAI_BonyBeetle
Creating struct: $NpcSettings_BonyBeetle
Creating struct: $Function_DoAI_ShellEnemy
Creating struct: $Function_Koopa_80240000
Creating struct: $Function_Koopa_8024007C
Creating struct: $Function_Koopa_802401B0
Creating struct: $Function_Koopa_80240314
Creating struct: $NpcSettings_Bubble
Creating struct: $Script_NpcAI_Bubble
Creating struct: $AISettings_Bubble
Creating struct: $JumpTable_NEW130A8
Creating struct: $JumpTable_NEW130F0
Creating struct: $Function_NEW10000
Creating struct: $Function_NEW10348
Creating struct: $Function_NEW1040C
Creating struct: $Function_NEW10530
Creating struct: $Function_NEW10720
Creating struct: $Function_NEW107F4
Creating struct: $Function_NEW10820
Creating struct: $Function_NEW109D0
Creating struct: $Function_NEW10FF8
Creating struct: $Function_NEW110B8
Creating struct: $Function_NEW113FC
Creating struct: $Function_NEW11474
Creating struct: $Function_NEW114E0
Creating struct: $Function_NEW11614
Creating struct: $Function_NEW11678
Creating struct: $Function_NEW11A08
Creating struct: $Function_NEW11B2C
Creating struct: $Function_NEW11D18
Creating struct: $Function_NEW11E48
Creating struct: $Function_NEW120C8
Creating struct: $Function_NEW12124
Creating struct: $???_NEW123E0
Creating struct: $FloatTable_NEW12930
Creating struct: $FloatTable_NEW12B90
Reading patch file: map/import/NPC_PiranhaPlant.mpat
Creating struct: $AISettings_PiranhaPlant
Creating struct: $Script_NpcAI_PiranhaPlant
Creating struct: $NpcSettings_PiranhaPlant
Creating struct: $Function_80240940_PiranhaPlant
Creating struct: $Function_802409AC_PiranhaPlant
Creating struct: $Function_80240AA8_PiranhaPlant
Creating struct: $Function_802414E8_PiranhaPlant
Creating struct: $Function_80241578_PiranhaPlant
Creating struct: $Function_80241678_PiranhaPlant
Creating struct: $Function_802416D8_PiranhaPlant
Creating struct: $Function_802417C4_PiranhaPlant
Creating struct: $ConstDouble_80244018_PiranhaPlant
Creating struct: $ConstDouble_80244020_PiranhaPlant
Creating struct: $ConstDouble_80244028_PiranhaPlant
Creating struct: $ConstDouble_80244030_PiranhaPlant
Creating struct: $ConstDouble_80244038_PiranhaPlant
Creating struct: $ConstDouble_80244040_PiranhaPlant
Reading patch file: map/import/NPC_Boo.mpat
Creating struct: $Function_802404E0_BooEnemy
Creating struct: $Function_80240690_BooEnemy
Creating struct: $Function_80240CB8_BooEnemy
Creating struct: $Function_80240D78_BooEnemy
Creating struct: $Function_802410BC_BooEnemy
Creating struct: $Function_80241134_BooEnemy
Creating struct: $Function_802416C8_BooEnemy
Creating struct: $Function_802419D8_BooEnemy
Creating struct: $Function_80241B08_BooEnemy
Creating struct: $Function_80241D88_BooEnemy
Creating struct: $Function_AI_BooEnemy
Creating struct: $FloatTable_BooEnemy
Creating struct: $JumpTable_BooEnemy
Creating struct: $AISettings_BooEnemy
Creating struct: $Script_NpcAI_BooEnemy
Creating struct: $NpcSettings_BooEnemy
Creating struct: $Function_ChooseAlpha
Creating struct: $Script_Boo_Aux
Reading patch file: map/import/NPC_Cleft.mpat
Creating struct: $AISettings_Cleft
Creating struct: $Script_NpcAI_Cleft
Creating struct: $NpcSettings_Cleft
Creating struct: $Function_DoAI_Cleft
Creating struct: $Function_80240000
Creating struct: $Function_80240160
Creating struct: $Function_802401D4
Creating struct: $Function_80240304
Creating struct: $Function_802403A0
Creating struct: $Function_80240428
Creating struct: $Function_802404D0
Creating struct: $Function_80240644
Creating struct: $Function_80240694
Creating struct: $Function_80240834
Creating struct: $Function_80240984
Creating struct: $Function_80240A30
Creating struct: $Function_80240B68
Creating struct: $Function_80240BE4
Creating struct: $Function_80240C4C
Creating struct: $JumpTable_80242D68
Reading patch file: map/import/NPC_Clubba.mpat
Creating struct: $ExtraAnimationList_ClubbaA
Creating struct: $ExtraAnimationList_ClubbaB
Creating struct: $AISettings_Clubba
Creating struct: $Script_NpcAI_ClubbaA
Creating struct: $NpcSettings_ClubbaA
Creating struct: $Script_NpcAI_ClubbaB
Creating struct: $NpcSettings_ClubbaB
Creating struct: $Script_80241AB0_Clubba
Creating struct: $Function_802403BC_Clubba
Creating struct: $Function_80240000_Clubba
Creating struct: $Function_8024006C_Clubba
Creating struct: $Function_802400DC_Clubba
Creating struct: $Function_802401B4_Clubba
Creating struct: $Function_80240208_Clubba
Creating struct: $Function_8024061C_Clubba
Creating struct: $JumpTable_80242618_Clubba
Creating struct: $Header
Creating struct: $Function_GetTattle
Creating struct: $Function_Init
Creating struct: $EntryList
Creating struct: $Script_RaisePipe
Creating struct: $Script_UseBluePipe
Creating struct: $Reset_Enemy_Flag
Creating struct: $Script_GetPipeWorking
Creating struct: $Script_Outcome
Creating struct: $Script_Init_Enemy
Creating struct: $NpcGroup_ForestFuzzy
Creating struct: $NpcGroup_Boo
Creating struct: $NpcGroup_Goomba
Creating struct: $NpcGroup_Cleft
Creating struct: $NpcGroup_PiranhaPlant
Creating struct: $NpcGroup_Clubba
Creating struct: $NpcGroup_RedClubba
Creating struct: $AISettings_RedClubba
Creating struct: $Script_NpcAI_RedClubba
Reading patch for $Script_NpcAI_Cleft
Reading patch for $NpcSettings_ClubbaA
Creating struct: $ClubbaDefeat
Creating struct: $NpcSettings_RedClubba
Creating struct: $NpcGroup_1
Creating struct: $NpcGroup_2
Creating struct: $NpcGroup_3
Creating struct: $NpcGroup_4
Creating struct: $NpcGroup_5
Creating struct: $NpcGroup_6
Creating struct: $NpcGroup_7
Creating struct: $NpcGroup_8
Creating struct: $NpcGroup_9
Creating struct: $Script_Main
Creating struct: $Script_SignPost
Merged 1 regions to 1
$Function_80240AA8_PiranhaPlant will be placed at 80240000 (length = A60 bytes)
$Function_80240690_BooEnemy will be placed at 80240A60 (length = 638 bytes)
$Function_NEW109D0 will be placed at 80241098 (length = 638 bytes)
$Function_DoAI_ShellEnemy will be placed at 802416D0 (length = 440 bytes)
$NpcGroup_RedClubba will be placed at 80241B10 (length = 3E0 bytes)
$NpcGroup_Clubba will be placed at 80241EF0 (length = 3E0 bytes)
$Function_NEW11678 will be placed at 802422D0 (length = 390 bytes)
$Function_NEW10000 will be placed at 80242660 (length = 350 bytes)
$Function_DoAI_Cleft will be placed at 802429B0 (length = 350 bytes)
$Function_80240D78_BooEnemy will be placed at 80242D00 (length = 344 bytes)
$Function_NEW110B8 will be placed at 80243044 (length = 344 bytes)
$Function_Fuzzy_80240230 will be placed at 80243388 (length = 340 bytes)
$Function_Fuzzy_802408AC will be placed at 802436C8 (length = 300 bytes)
$Function_8024061C_Clubba will be placed at 802439C8 (length = 2B4 bytes)
$Function_NEW11E48 will be placed at 80243C7C (length = 288 bytes)
$Function_80241B08_BooEnemy will be placed at 80243F04 (length = 288 bytes)
$Function_802403BC_Clubba will be placed at 8024418C (length = 260 bytes)
$Function_802417C4_PiranhaPlant will be placed at 802443EC (length = 250 bytes)
$Function_Fuzzy_80240000 will be placed at 8024463C (length = 230 bytes)
$Function_Fuzzy_80240BF0 will be placed at 8024486C (length = 224 bytes)
$NpcGroup_Cleft will be placed at 80244A90 (length = 1F0 bytes)
$NpcGroup_PiranhaPlant will be placed at 80244C80 (length = 1F0 bytes)
$NpcGroup_Boo will be placed at 80244E70 (length = 1F0 bytes)
$NpcGroup_Goomba will be placed at 80245060 (length = 1F0 bytes)
$NpcGroup_ForestFuzzy will be placed at 80245250 (length = 1F0 bytes)
$Function_NEW11B2C will be placed at 80245440 (length = 1EC bytes)
$Function_NEW12124 will be placed at 8024562C (length = 1E8 bytes)
$Function_AI_BooEnemy will be placed at 80245814 (length = 1E8 bytes)
$Function_NEW10530 will be placed at 802459FC (length = 1E8 bytes)
$Script_Main will be placed at 80245BE4 (length = 1C8 bytes)
$Function_802404E0_BooEnemy will be placed at 80245DAC (length = 1B8 bytes)
$Function_NEW10820 will be placed at 80245F64 (length = 1B8 bytes)
$Function_80240208_Clubba will be placed at 8024611C (length = 1B8 bytes)
$Function_80240694 will be placed at 802462D4 (length = 1A8 bytes)
$Function_Fuzzy_80240628 will be placed at 8024647C (length = 1A4 bytes)
$JumpTable_80242618_Clubba will be placed at 80246620 (length = 190 bytes)
$Function_802404D0 will be placed at 802467B0 (length = 174 bytes)
$Function_80240000 will be placed at 80246924 (length = 168 bytes)
$Function_Koopa_802401B0 will be placed at 80246A8C (length = 164 bytes)
$Function_80240834 will be placed at 80246BF0 (length = 150 bytes)
$Script_SignPost will be placed at 80246D40 (length = 140 bytes)
$Function_Koopa_8024007C will be placed at 80246E80 (length = 13C bytes)
$Function_80240A30 will be placed at 80246FBC (length = 138 bytes)
$Function_802401D4 will be placed at 802470F4 (length = 138 bytes)
$Function_NEW114E0 will be placed at 8024722C (length = 134 bytes)
$Function_NEW11D18 will be placed at 80247360 (length = 130 bytes)
$Function_802419D8_BooEnemy will be placed at 80247490 (length = 130 bytes)
$Function_802416C8_BooEnemy will be placed at 802475C0 (length = 124 bytes)
$Function_NEW11A08 will be placed at 802476E4 (length = 124 bytes)
$Function_NEW1040C will be placed at 80247808 (length = 124 bytes)
$Function_80241578_PiranhaPlant will be placed at 8024792C (length = 100 bytes)
$Function_802409AC_PiranhaPlant will be placed at 80247A2C (length = FC bytes)
$Function_802416D8_PiranhaPlant will be placed at 80247B28 (length = EC bytes)
$Function_Fuzzy_802407CC will be placed at 80247C14 (length = E0 bytes)
$Function_802400DC_Clubba will be placed at 80247CF4 (length = D8 bytes)
$Function_NEW10720 will be placed at 80247DCC (length = D4 bytes)
$JumpTable_80242D68 will be placed at 80247EA0 (length = D4 bytes)
$Script_Boo_Aux will be placed at 80247F74 (length = CC bytes)
$Function_NEW10348 will be placed at 80248040 (length = C4 bytes)
$Function_Fuzzy_80240568 will be placed at 80248104 (length = C0 bytes)
$Function_80240CB8_BooEnemy will be placed at 802481C4 (length = C0 bytes)
$Function_NEW10FF8 will be placed at 80248284 (length = C0 bytes)
$Function_80240984 will be placed at 80248344 (length = B4 bytes)
$MapTattle will be placed at 802483F8 (length = A8 bytes)
$Function_80240428 will be placed at 802484A0 (length = A8 bytes)
$Script_NpcAI_PiranhaPlant will be placed at 80248548 (length = A4 bytes)
$Function_80240304 will be placed at 802485EC (length = 9C bytes)
$ClubbaDefeat will be placed at 80248688 (length = 98 bytes)
$Function_ChooseAlpha will be placed at 80248720 (length = 98 bytes)
$Function_802414E8_PiranhaPlant will be placed at 802487B8 (length = 90 bytes)
$Script_80241AB0_Clubba will be placed at 80248848 (length = 88 bytes)
$Function_802403A0 will be placed at 802488D0 (length = 88 bytes)
$Script_NpcAI_ClubbaB will be placed at 80248958 (length = 80 bytes)
$Function_Koopa_80240314 will be placed at 802489D8 (length = 80 bytes)
$Function_Koopa_80240000 will be placed at 80248A58 (length = 7C bytes)
$Function_80240B68 will be placed at 80248AD4 (length = 7C bytes)
$Function_802410BC_BooEnemy will be placed at 80248B50 (length = 78 bytes)
$Function_NEW113FC will be placed at 80248BC8 (length = 78 bytes)
$Function_80240160 will be placed at 80248C40 (length = 74 bytes)
$FloatTable_NEW12930 will be placed at 80248CB4 (length = 70 bytes)
$Function_8024006C_Clubba will be placed at 80248D24 (length = 70 bytes)
$Function_80240940_PiranhaPlant will be placed at 80248D94 (length = 6C bytes)
$Function_NEW11474 will be placed at 80248E00 (length = 6C bytes)
$Function_80241134_BooEnemy will be placed at 80248E6C (length = 6C bytes)
$Function_80240000_Clubba will be placed at 80248ED8 (length = 6C bytes)
$Function_80240BE4 will be placed at 80248F44 (length = 68 bytes)
$Function_NEW11614 will be placed at 80248FAC (length = 64 bytes)
$Function_80241678_PiranhaPlant will be placed at 80249010 (length = 60 bytes)
$Function_80241D88_BooEnemy will be placed at 80249070 (length = 5C bytes)
$Function_NEW120C8 will be placed at 802490CC (length = 5C bytes)
$JumpTable_BooEnemy will be placed at 80249128 (length = 54 bytes)
$Script_NpcAI_Spiny will be placed at 8024917C (length = 54 bytes)
$JumpTable_Koopa_80245CF8 will be placed at 802491D0 (length = 54 bytes)
$JumpTable_NEW130F0 will be placed at 80249224 (length = 54 bytes)
$Function_802401B4_Clubba will be placed at 80249278 (length = 54 bytes)
$Script_NpcAI_BonyBeetle will be placed at 802492CC (length = 54 bytes)
$Script_NpcAI_BuzzyBeetle will be placed at 80249320 (length = 54 bytes)
$Script_NpcAI_ClubbaA will be placed at 80249374 (length = 54 bytes)
$Script_NpcAI_Koopa will be placed at 802493C8 (length = 54 bytes)
$Script_NpcAI_Koopatrol will be placed at 8024941C (length = 54 bytes)
$Script_NpcAI_RedClubba will be placed at 80249470 (length = 54 bytes)
$Script_NpcAI_BooEnemy will be placed at 802494C4 (length = 54 bytes)
$Script_NpcAI_Bubble will be placed at 80249518 (length = 54 bytes)
$Function_80240644 will be placed at 8024956C (length = 50 bytes)
$Script_GetPipeWorking will be placed at 802495BC (length = 4C bytes)
$Script_Outcome will be placed at 80249608 (length = 44 bytes)
$Function_80240C4C will be placed at 8024964C (length = 44 bytes)
$Function_Fuzzy_80240BAC will be placed at 80249690 (length = 44 bytes)
$Header will be placed at 802496D4 (length = 40 bytes)
$Error will be placed at 80249714 (length = 40 bytes)
$JumpTable_Fuzzy_802423B8 will be placed at 80249754 (length = 3C bytes)
$JumpTable_NEW130A8 will be placed at 80249790 (length = 3C bytes)
$AISettings_Spiny will be placed at 802497CC (length = 30 bytes)
$AISettings_BonyBeetle will be placed at 802497FC (length = 30 bytes)
$AISettings_BuzzyBeetle will be placed at 8024982C (length = 30 bytes)
$AISettings_Koopa_802427BC will be placed at 8024985C (length = 30 bytes)
$AISettings_Bubble will be placed at 8024988C (length = 30 bytes)
$AISettings_Koopatrol will be placed at 802498BC (length = 30 bytes)
$AISettings_Fuzzy_802413E0 will be placed at 802498EC (length = 30 bytes)
$AISettings_BooEnemy will be placed at 8024991C (length = 30 bytes)
$AISettings_RedClubba will be placed at 8024994C (length = 30 bytes)
$AISettings_PiranhaPlant will be placed at 8024997C (length = 30 bytes)
$AISettings_Cleft will be placed at 802499AC (length = 30 bytes)
$AISettings_Goomba will be placed at 802499DC (length = 30 bytes)
$AISettings_Clubba will be placed at 80249A0C (length = 30 bytes)
$Function_NEW107F4 will be placed at 80249A3C (length = 2C bytes)
$NpcSettings_BooEnemy will be placed at 80249A68 (length = 2C bytes)
$NpcSettings_Cleft will be placed at 80249A94 (length = 2C bytes)
$Script_NpcAI_Fuzzy will be placed at 80249AC0 (length = 2C bytes)
$NpcSettings_Fuzzy will be placed at 80249AEC (length = 2C bytes)
$NpcSettings_Bubble will be placed at 80249B18 (length = 2C bytes)
$NpcSettings_Koopa will be placed at 80249B44 (length = 2C bytes)
$Function_Init will be placed at 80249B70 (length = 2C bytes)
$NpcSettings_ClubbaA will be placed at 80249B9C (length = 2C bytes)
$NpcSettings_ClubbaB will be placed at 80249BC8 (length = 2C bytes)
$NpcSettings_Koopatrol will be placed at 80249BF4 (length = 2C bytes)
$NpcSettings_Spiny will be placed at 80249C20 (length = 2C bytes)
$Script_RaisePipe will be placed at 80249C4C (length = 2C bytes)
$NpcSettings_BonyBeetle will be placed at 80249C78 (length = 2C bytes)
$NpcSettings_BuzzyBeetle will be placed at 80249CA4 (length = 2C bytes)
$NpcSettings_PiranhaPlant will be placed at 80249CD0 (length = 2C bytes)
$NpcSettings_Goomba will be placed at 80249CFC (length = 2C bytes)
$NpcSettings_RedClubba will be placed at 80249D28 (length = 2C bytes)
$ExtraAnimationList_ClubbaA will be placed at 80249D54 (length = 28 bytes)
$Script_UseBluePipe will be placed at 80249D7C (length = 28 bytes)
$EntryList will be placed at 80249DA4 (length = 20 bytes)
$Reset_Enemy_Flag will be placed at 80249DC4 (length = 20 bytes)
$Floor9 will be placed at 80249DE4 (length = 18 bytes)
$Floor8 will be placed at 80249DFC (length = 18 bytes)
$Floor1 will be placed at 80249E14 (length = 18 bytes)
$Floor3 will be placed at 80249E2C (length = 18 bytes)
$Floor2 will be placed at 80249E44 (length = 18 bytes)
$Floor5 will be placed at 80249E5C (length = 18 bytes)
$Floor4 will be placed at 80249E74 (length = 18 bytes)
$Floor7 will be placed at 80249E8C (length = 18 bytes)
$Floor6 will be placed at 80249EA4 (length = 18 bytes)
$Script_Init_Enemy will be placed at 80249EBC (length = 18 bytes)
$FloatTable_BooEnemy will be placed at 80249ED4 (length = 18 bytes)
$FloatTable_NEW12B90 will be placed at 80249EEC (length = 18 bytes)
$NpcGroup_1 will be placed at 80249F04 (length = 18 bytes)
$NpcGroup_2 will be placed at 80249F1C (length = 18 bytes)
$NpcGroup_3 will be placed at 80249F34 (length = 18 bytes)
$NpcGroup_4 will be placed at 80249F4C (length = 18 bytes)
$Script_NpcAI_Cleft will be placed at 80249F64 (length = 18 bytes)
$NpcGroup_9 will be placed at 80249F7C (length = 18 bytes)
$NpcGroup_5 will be placed at 80249F94 (length = 18 bytes)
$NpcGroup_6 will be placed at 80249FAC (length = 18 bytes)
$NpcGroup_7 will be placed at 80249FC4 (length = 18 bytes)
$NpcGroup_8 will be placed at 80249FDC (length = 18 bytes)
$Script_GoombaAI will be placed at 80249FF4 (length = 14 bytes)
$Function_GetTattle will be placed at 8024A008 (length = 14 bytes)
$ASCII_"pit_03"_Literal will be placed at 8024A01C (length = C bytes)
$ASCII_"pit_11"_Literal will be placed at 8024A028 (length = C bytes)
$ConstDouble_80244038_PiranhaPlant will be placed at 8024A038 (length = 8 bytes)
$ConstDouble_80244030_PiranhaPlant will be placed at 8024A040 (length = 8 bytes)
$ConstDouble_80244018_PiranhaPlant will be placed at 8024A048 (length = 8 bytes)
$ConstDouble_80244028_PiranhaPlant will be placed at 8024A050 (length = 8 bytes)
$ConstDouble_80244020_PiranhaPlant will be placed at 8024A058 (length = 8 bytes)
$ConstDouble_80244040_PiranhaPlant will be placed at 8024A060 (length = 8 bytes)
$ExtraAnimationList_ClubbaB will be placed at 8024A068 (length = 8 bytes)
$ASCII_"kpa_tex"_Literal will be placed at 8024A070 (length = 8 bytes)
$???_NEW123E0 will be placed at 8024A034 (length = 4 bytes)
Executing patches for: pit_04
Reading patch file: map/patch/pit of 100 trials/pit_04.mpat
Reading patch file: map/import/NPC_ShyGuy.mpat
Creating struct: $AISettings_ShyGuy
Creating struct: $Script_NpcAI_ShyGuy
Creating struct: $NpcSettings_ShyGuy
Creating struct: $Function_DoAI_ShyGuy
Creating struct: $Function_80241898_ShyGuy
Creating struct: $Function_80241908_ShyGuy
Creating struct: $Function_802419D8_ShyGuy
Creating struct: $Function_80241A70_ShyGuy
Creating struct: $JumpTable_80244D18_ShyGuy
Reading patch file: map/import/NPC_SkyGuy.mpat
Creating struct: $AISettings_SkyGuy
Creating struct: $Script_NpcAI_SkyGuy
Creating struct: $NpcSettings_SkyGuy
Creating struct: $Function_DoAI_SkyGuy
Creating struct: $JumpTable_80244CC8
Creating struct: $Function_80241588_SkyGuy
Creating struct: $Function_802403A0_SkyGuy
Creating struct: $Function_80240550_SkyGuy
Creating struct: $Function_80240B78_SkyGuy
Creating struct: $Function_80240C38_SkyGuy
Creating struct: $Function_80240F7C_SkyGuy
Creating struct: $Function_80240FF4_SkyGuy
Creating struct: $FloatTable_80242EF0_SkyGuy
Creating struct: $Function_80241060_SkyGuy
Creating struct: $Function_80241194_SkyGuy
Creating struct: $Function_802411F8_SkyGuy
Creating struct: $Header
Creating struct: $Function_GetTattle
Creating struct: $Function_Init
Creating struct: $EntryList
Creating struct: $Script_RaisePipe
Creating struct: $Script_UseBluePipe
Creating struct: $Reset_Enemy_Flag
Creating struct: $Script_GetPipeWorking
Creating struct: $Script_Outcome
Creating struct: $Script_Init_Enemy
Creating struct: $NpcGroup_RedShyGuy
Creating struct: $NpcGroup_BlueShyGuy
Creating struct: $NpcGroup_GreenShyGuy
Creating struct: $NpcGroup_PinkShyGuy
Creating struct: $NpcGroup_YellowShyGuy
Creating struct: $NpcGroup_PyroGuy
Creating struct: $NpcGroup_SkyGuy
Creating struct: $NpcGroup_1
Creating struct: $NpcGroup_2
Creating struct: $NpcGroup_3
Creating struct: $NpcGroup_4
Creating struct: $NpcGroup_5
Creating struct: $NpcGroup_6
Creating struct: $NpcGroup_7
Creating struct: $NpcGroup_8
Creating struct: $NpcGroup_9
Creating struct: $Script_Main
Creating struct: $Script_SignPost
Merged 1 regions to 1
$Function_80240550_SkyGuy will be placed at 80240000 (length = 638 bytes)
$Function_802411F8_SkyGuy will be placed at 80240638 (length = 390 bytes)
$Function_80240C38_SkyGuy will be placed at 802409C8 (length = 344 bytes)
$Function_DoAI_ShyGuy will be placed at 80240D0C (length = 334 bytes)
$NpcGroup_PinkShyGuy will be placed at 80241040 (length = 1F0 bytes)
$NpcGroup_YellowShyGuy will be placed at 80241230 (length = 1F0 bytes)
$NpcGroup_PyroGuy will be placed at 80241420 (length = 1F0 bytes)
$NpcGroup_RedShyGuy will be placed at 80241610 (length = 1F0 bytes)
$NpcGroup_GreenShyGuy will be placed at 80241800 (length = 1F0 bytes)
$NpcGroup_BlueShyGuy will be placed at 802419F0 (length = 1F0 bytes)
$NpcGroup_SkyGuy will be placed at 80241BE0 (length = 1F0 bytes)
$Function_DoAI_SkyGuy will be placed at 80241DD0 (length = 1EC bytes)
$Script_Main will be placed at 80241FBC (length = 1C8 bytes)
$Function_802403A0_SkyGuy will be placed at 80242184 (length = 1B8 bytes)
$JumpTable_80244D18_ShyGuy will be placed at 8024233C (length = 190 bytes)
$Script_SignPost will be placed at 802424CC (length = 140 bytes)
$Function_80241060_SkyGuy will be placed at 8024260C (length = 134 bytes)
$Function_80241588_SkyGuy will be placed at 80242740 (length = 124 bytes)
$Function_80241908_ShyGuy will be placed at 80242864 (length = D8 bytes)
$Function_80240B78_SkyGuy will be placed at 8024293C (length = C0 bytes)
$Function_802419D8_ShyGuy will be placed at 802429FC (length = 98 bytes)
$MapTattle will be placed at 80242A94 (length = 84 bytes)
$Function_80240F7C_SkyGuy will be placed at 80242B18 (length = 78 bytes)
$Function_80241898_ShyGuy will be placed at 80242B90 (length = 78 bytes)
$Function_80240FF4_SkyGuy will be placed at 80242C08 (length = 6C bytes)
$Function_80241194_SkyGuy will be placed at 80242C74 (length = 64 bytes)
$Function_80241A70_ShyGuy will be placed at 80242CD8 (length = 60 bytes)
$Script_NpcAI_SkyGuy will be placed at 80242D38 (length = 54 bytes)
$Script_GetPipeWorking will be placed at 80242D8C (length = 4C bytes)
$Script_Outcome will be placed at 80242DD8 (length = 44 bytes)
$Header will be placed at 80242E1C (length = 40 bytes)
$JumpTable_80244CC8 will be placed at 80242E5C (length = 3C bytes)
$Error will be placed at 80242E98 (length = 3C bytes)
$AISettings_SkyGuy will be placed at 80242ED4 (length = 30 bytes)
$AISettings_ShyGuy will be placed at 80242F04 (length = 30 bytes)
$NpcSettings_SkyGuy will be placed at 80242F34 (length = 2C bytes)
$Script_RaisePipe will be placed at 80242F60 (length = 2C bytes)
$Function_Init will be placed at 80242F8C (length = 2C bytes)
$NpcSettings_ShyGuy will be placed at 80242FB8 (length = 2C bytes)
$Script_UseBluePipe will be placed at 80242FE4 (length = 28 bytes)
$EntryList will be placed at 8024300C (length = 20 bytes)
$Reset_Enemy_Flag will be placed at 8024302C (length = 20 bytes)
$Floor9 will be placed at 8024304C (length = 18 bytes)
$Floor8 will be placed at 80243064 (length = 18 bytes)
$Floor1 will be placed at 8024307C (length = 18 bytes)
$Floor3 will be placed at 80243094 (length = 18 bytes)
$Floor2 will be placed at 802430AC (length = 18 bytes)
$Floor5 will be placed at 802430C4 (length = 18 bytes)
$Floor4 will be placed at 802430DC (length = 18 bytes)
$Floor7 will be placed at 802430F4 (length = 18 bytes)
$Floor6 will be placed at 8024310C (length = 18 bytes)
$FloatTable_80242EF0_SkyGuy will be placed at 80243124 (length = 18 bytes)
$Script_Init_Enemy will be placed at 8024313C (length = 18 bytes)
$NpcGroup_1 will be placed at 80243154 (length = 18 bytes)
$NpcGroup_2 will be placed at 8024316C (length = 18 bytes)
$NpcGroup_3 will be placed at 80243184 (length = 18 bytes)
$NpcGroup_4 will be placed at 8024319C (length = 18 bytes)
$NpcGroup_9 will be placed at 802431B4 (length = 18 bytes)
$NpcGroup_5 will be placed at 802431CC (length = 18 bytes)
$NpcGroup_6 will be placed at 802431E4 (length = 18 bytes)
$NpcGroup_7 will be placed at 802431FC (length = 18 bytes)
$NpcGroup_8 will be placed at 80243214 (length = 18 bytes)
$Function_GetTattle will be placed at 8024322C (length = 14 bytes)
$Script_NpcAI_ShyGuy will be placed at 80243240 (length = 14 bytes)
$ASCII_"pit_04"_Literal will be placed at 80243254 (length = C bytes)
$ASCII_"pit_11"_Literal will be placed at 80243260 (length = C bytes)
$ASCII_"kpa_tex"_Literal will be placed at 8024326C (length = 8 bytes)
Executing patches for: pit_05
Reading patch file: map/patch/pit of 100 trials/pit_05.mpat
Reading patch file: map/import/Pit_AI.mpat
Creating struct: $NpcSettings_Goomba
Creating struct: $NpcSettings_Koopa
Creating struct: $NpcSettings_Fuzzy
Creating struct: $Script_NpcAI_Fuzzy
Creating struct: $Script_GoombaAI
Creating struct: $AISettings_Goomba
Creating struct: $AISettings_Fuzzy_802413E0
Creating struct: $JumpTable_Fuzzy_802423B8
Creating struct: $Function_Fuzzy_80240000
Creating struct: $Function_Fuzzy_80240230
Creating struct: $Function_Fuzzy_80240568
Creating struct: $Function_Fuzzy_80240628
Creating struct: $Function_Fuzzy_802407CC
Creating struct: $Function_Fuzzy_802408AC
Creating struct: $Function_Fuzzy_80240BAC
Creating struct: $Function_Fuzzy_80240BF0
Creating struct: $JumpTable_Koopa_80245CF8
Creating struct: $Script_NpcAI_Koopa
Creating struct: $AISettings_Koopa_802427BC
Creating struct: $NpcSettings_BuzzyBeetle
Creating struct: $AISettings_BuzzyBeetle
Creating struct: $Script_NpcAI_BuzzyBeetle
Creating struct: $AISettings_Koopatrol
Creating struct: $Script_NpcAI_Koopatrol
Creating struct: $NpcSettings_Koopatrol
Creating struct: $AISettings_Spiny
Creating struct: $Script_NpcAI_Spiny
Creating struct: $NpcSettings_Spiny
Creating struct: $AISettings_BonyBeetle
Creating struct: $Script_NpcAI_BonyBeetle
Creating struct: $NpcSettings_BonyBeetle
Creating struct: $Function_DoAI_ShellEnemy
Creating struct: $Function_Koopa_80240000
Creating struct: $Function_Koopa_8024007C
Creating struct: $Function_Koopa_802401B0
Creating struct: $Function_Koopa_80240314
Creating struct: $NpcSettings_Bubble
Creating struct: $Script_NpcAI_Bubble
Creating struct: $AISettings_Bubble
Creating struct: $JumpTable_NEW130A8
Creating struct: $JumpTable_NEW130F0
Creating struct: $Function_NEW10000
Creating struct: $Function_NEW10348
Creating struct: $Function_NEW1040C
Creating struct: $Function_NEW10530
Creating struct: $Function_NEW10720
Creating struct: $Function_NEW107F4
Creating struct: $Function_NEW10820
Creating struct: $Function_NEW109D0
Creating struct: $Function_NEW10FF8
Creating struct: $Function_NEW110B8
Creating struct: $Function_NEW113FC
Creating struct: $Function_NEW11474
Creating struct: $Function_NEW114E0
Creating struct: $Function_NEW11614
Creating struct: $Function_NEW11678
Creating struct: $Function_NEW11A08
Creating struct: $Function_NEW11B2C
Creating struct: $Function_NEW11D18
Creating struct: $Function_NEW11E48
Creating struct: $Function_NEW120C8
Creating struct: $Function_NEW12124
Creating struct: $???_NEW123E0
Creating struct: $FloatTable_NEW12930
Creating struct: $FloatTable_NEW12B90
Reading patch file: map/import/NPC_PutridPiranha.mpat
Creating struct: $AISettings_PutridPiranha
Creating struct: $Script_NpcAI_PutridPiranhaA
Creating struct: $NpcSettings_PutridPiranhaA
Creating struct: $Script_NpcAI_PutridPiranhaB
Creating struct: $Script_802439CC_PutridPiranha
Creating struct: $NpcSettings_PutridPiranhaB
Creating struct: $Function_802406CC_PutridPiranha
Creating struct: $Function_80241A64_PutridPiranha
Creating struct: $Function_80240BE0_PutridPiranha
Creating struct: $Function_80240C4C_PutridPiranha
Creating struct: $Function_80240D48_PutridPiranha
Creating struct: $Function_80241788_PutridPiranha
Creating struct: $Function_80241818_PutridPiranha
Creating struct: $Function_80241918_PutridPiranha
Creating struct: $Function_80241978_PutridPiranha
Creating struct: $ConstDouble_80246538_PutridPiranha
Creating struct: $ConstDouble_80246540_PutridPiranha
Creating struct: $ConstDouble_80246548_PutridPiranha
Creating struct: $ConstDouble_80246550_PutridPiranha
Creating struct: $ConstDouble_80246558_PutridPiranha
Creating struct: $ConstDouble_80246560_PutridPiranha
Reading patch file: map/import/NPC_SpearGuy.mpat
Creating struct: $ExtraAnimationList_SpearGuyA
Creating struct: $ExtraAnimationList_SpearGuyB
Creating struct: $AISettings_SpearGuy
Creating struct: $Script_NpcAI_SpearGuyA
Creating struct: $NpcSettings_SpearGuyA
Creating struct: $Script_NpcAI_SpearGuyB
Creating struct: $NpcSettings_SpearGuyB
Creating struct: $Script_80245154_SpearGuy
Creating struct: $Function_80241AD4_SpearGuy
Creating struct: $Function_80241C88_SpearGuy
Creating struct: $Function_DoAI_SpearGuy
Creating struct: $JumpTable_80247C28_SpearGuy
Creating struct: $Function_802416B8_SpearGuy
Creating struct: $JumpTable_80247A78_SpearGuy
Creating struct: $Function_80241708_SpearGuy
Creating struct: $Function_802418CC_SpearGuy
Creating struct: $Function_80241938_SpearGuy
Creating struct: $Function_802419A8_SpearGuy
Creating struct: $Function_80241A80_SpearGuy
Creating struct: $Header
Creating struct: $Function_GetTattle
Creating struct: $Function_Init
Creating struct: $EntryList
Creating struct: $Script_RaisePipe
Creating struct: $Script_UseBluePipe
Creating struct: $Reset_Enemy_Flag
Creating struct: $Script_GetPipeWorking
Creating struct: $Script_Outcome
Creating struct: $Script_Init_Enemy
Creating struct: $NpcGroup_DarkKoopa
Creating struct: $NpcGroup_JungleFuzzy
Creating struct: $NpcGroup_SpearGuy
Creating struct: $NpcGroup_PutridPiranha
Creating struct: $NpcGroup_LavaBubble
Creating struct: $NpcGroup_SpikeTop
Creating struct: $NpcGroup_1
Creating struct: $NpcGroup_2
Creating struct: $NpcGroup_3
Creating struct: $NpcGroup_4
Creating struct: $NpcGroup_5
Creating struct: $NpcGroup_6
Creating struct: $NpcGroup_7
Creating struct: $NpcGroup_8
Creating struct: $NpcGroup_9
Creating struct: $Script_Main
Creating struct: $Script_SignPost
Merged 1 regions to 1
$Function_80240D48_PutridPiranha will be placed at 80240000 (length = A40 bytes)
$Function_NEW109D0 will be placed at 80240A40 (length = 638 bytes)
$Function_DoAI_ShellEnemy will be placed at 80241078 (length = 440 bytes)
$NpcGroup_PutridPiranha will be placed at 802414B8 (length = 3E0 bytes)
$NpcGroup_SpearGuy will be placed at 80241898 (length = 3E0 bytes)
$Function_NEW11678 will be placed at 80241C78 (length = 390 bytes)
$Function_NEW10000 will be placed at 80242008 (length = 350 bytes)
$Function_NEW110B8 will be placed at 80242358 (length = 344 bytes)
$Function_Fuzzy_80240230 will be placed at 8024269C (length = 340 bytes)
$Function_Fuzzy_802408AC will be placed at 802429DC (length = 300 bytes)
$Function_DoAI_SpearGuy will be placed at 80242CDC (length = 2B4 bytes)
$Function_NEW11E48 will be placed at 80242F90 (length = 288 bytes)
$Function_802406CC_PutridPiranha will be placed at 80243218 (length = 260 bytes)
$Function_80241C88_SpearGuy will be placed at 80243478 (length = 260 bytes)
$Function_80241A64_PutridPiranha will be placed at 802436D8 (length = 250 bytes)
$Function_Fuzzy_80240000 will be placed at 80243928 (length = 230 bytes)
$Function_Fuzzy_80240BF0 will be placed at 80243B58 (length = 224 bytes)
$NpcGroup_JungleFuzzy will be placed at 80243D7C (length = 1F0 bytes)
$NpcGroup_SpikeTop will be placed at 80243F6C (length = 1F0 bytes)
$NpcGroup_DarkKoopa will be placed at 8024415C (length = 1F0 bytes)
$NpcGroup_LavaBubble will be placed at 8024434C (length = 1F0 bytes)
$Function_NEW11B2C will be placed at 8024453C (length = 1EC bytes)
$Function_NEW12124 will be placed at 80244728 (length = 1E8 bytes)
$Function_NEW10530 will be placed at 80244910 (length = 1E8 bytes)
$Script_Main will be placed at 80244AF8 (length = 1C8 bytes)
$Function_80241708_SpearGuy will be placed at 80244CC0 (length = 1C4 bytes)
$Function_NEW10820 will be placed at 80244E84 (length = 1B8 bytes)
$Function_80241AD4_SpearGuy will be placed at 8024503C (length = 1B8 bytes)
$Function_Fuzzy_80240628 will be placed at 802451F4 (length = 1A4 bytes)
$JumpTable_80247C28_SpearGuy will be placed at 80245398 (length = 190 bytes)
$Function_Koopa_802401B0 will be placed at 80245528 (length = 164 bytes)
$Script_SignPost will be placed at 8024568C (length = 140 bytes)
$Function_Koopa_8024007C will be placed at 802457CC (length = 13C bytes)
$Function_NEW114E0 will be placed at 80245908 (length = 134 bytes)
$Function_NEW11D18 will be placed at 80245A3C (length = 130 bytes)
$Function_NEW11A08 will be placed at 80245B6C (length = 124 bytes)
$Function_NEW1040C will be placed at 80245C90 (length = 124 bytes)
$Function_80241818_PutridPiranha will be placed at 80245DB4 (length = 100 bytes)
$Function_80240C4C_PutridPiranha will be placed at 80245EB4 (length = FC bytes)
$Function_80241978_PutridPiranha will be placed at 80245FB0 (length = EC bytes)
$Function_Fuzzy_802407CC will be placed at 8024609C (length = E0 bytes)
$Function_802419A8_SpearGuy will be placed at 8024617C (length = D8 bytes)
$Function_NEW10720 will be placed at 80246254 (length = D4 bytes)
$Function_NEW10348 will be placed at 80246328 (length = C4 bytes)
$Function_Fuzzy_80240568 will be placed at 802463EC (length = C0 bytes)
$Function_NEW10FF8 will be placed at 802464AC (length = C0 bytes)
$Script_NpcAI_PutridPiranhaA will be placed at 8024656C (length = A4 bytes)
$MapTattle will be placed at 80246610 (length = A0 bytes)
$Function_80241788_PutridPiranha will be placed at 802466B0 (length = 90 bytes)
$Script_802439CC_PutridPiranha will be placed at 80246740 (length = 88 bytes)
$Script_80245154_SpearGuy will be placed at 802467C8 (length = 88 bytes)
$Script_NpcAI_SpearGuyB will be placed at 80246850 (length = 80 bytes)
$Function_Koopa_80240314 will be placed at 802468D0 (length = 80 bytes)
$Function_Koopa_80240000 will be placed at 80246950 (length = 7C bytes)
$Function_NEW113FC will be placed at 802469CC (length = 78 bytes)
$FloatTable_NEW12930 will be placed at 80246A44 (length = 70 bytes)
$Function_80241938_SpearGuy will be placed at 80246AB4 (length = 70 bytes)
$Function_80240BE0_PutridPiranha will be placed at 80246B24 (length = 6C bytes)
$Function_NEW11474 will be placed at 80246B90 (length = 6C bytes)
$Function_802418CC_SpearGuy will be placed at 80246BFC (length = 6C bytes)
$Function_NEW11614 will be placed at 80246C68 (length = 64 bytes)
$Script_NpcAI_PutridPiranhaB will be placed at 80246CCC (length = 60 bytes)
$Function_80241918_PutridPiranha will be placed at 80246D2C (length = 60 bytes)
$Function_NEW120C8 will be placed at 80246D8C (length = 5C bytes)
$Script_NpcAI_Spiny will be placed at 80246DE8 (length = 54 bytes)
$JumpTable_Koopa_80245CF8 will be placed at 80246E3C (length = 54 bytes)
$JumpTable_NEW130F0 will be placed at 80246E90 (length = 54 bytes)
$Script_NpcAI_BonyBeetle will be placed at 80246EE4 (length = 54 bytes)
$Script_NpcAI_BuzzyBeetle will be placed at 80246F38 (length = 54 bytes)
$Script_NpcAI_Koopa will be placed at 80246F8C (length = 54 bytes)
$Script_NpcAI_SpearGuyA will be placed at 80246FE0 (length = 54 bytes)
$Script_NpcAI_Koopatrol will be placed at 80247034 (length = 54 bytes)
$Function_80241A80_SpearGuy will be placed at 80247088 (length = 54 bytes)
$Script_NpcAI_Bubble will be placed at 802470DC (length = 54 bytes)
$Function_802416B8_SpearGuy will be placed at 80247130 (length = 50 bytes)
$Script_GetPipeWorking will be placed at 80247180 (length = 4C bytes)
$Script_Outcome will be placed at 802471CC (length = 44 bytes)
$Function_Fuzzy_80240BAC will be placed at 80247210 (length = 44 bytes)
$Header will be placed at 80247254 (length = 40 bytes)
$Error will be placed at 80247294 (length = 3C bytes)
$JumpTable_Fuzzy_802423B8 will be placed at 802472D0 (length = 3C bytes)
$JumpTable_NEW130A8 will be placed at 8024730C (length = 3C bytes)
$AISettings_Spiny will be placed at 80247348 (length = 30 bytes)
$AISettings_BonyBeetle will be placed at 80247378 (length = 30 bytes)
$AISettings_BuzzyBeetle will be placed at 802473A8 (length = 30 bytes)
$AISettings_Koopa_802427BC will be placed at 802473D8 (length = 30 bytes)
$AISettings_Bubble will be placed at 80247408 (length = 30 bytes)
$AISettings_Koopatrol will be placed at 80247438 (length = 30 bytes)
$AISettings_Fuzzy_802413E0 will be placed at 80247468 (length = 30 bytes)
$AISettings_PutridPiranha will be placed at 80247498 (length = 30 bytes)
$AISettings_SpearGuy will be placed at 802474C8 (length = 30 bytes)
$AISettings_Goomba will be placed at 802474F8 (length = 30 bytes)
$Function_NEW107F4 will be placed at 80247528 (length = 2C bytes)
$Script_NpcAI_Fuzzy will be placed at 80247554 (length = 2C bytes)
$NpcSettings_Fuzzy will be placed at 80247580 (length = 2C bytes)
$NpcSettings_PutridPiranhaB will be placed at 802475AC (length = 2C bytes)
$NpcSettings_Bubble will be placed at 802475D8 (length = 2C bytes)
$NpcSettings_PutridPiranhaA will be placed at 80247604 (length = 2C bytes)
$NpcSettings_Koopa will be placed at 80247630 (length = 2C bytes)
$Function_Init will be placed at 8024765C (length = 2C bytes)
$NpcSettings_Koopatrol will be placed at 80247688 (length = 2C bytes)
$NpcSettings_Spiny will be placed at 802476B4 (length = 2C bytes)
$Script_RaisePipe will be placed at 802476E0 (length = 2C bytes)
$NpcSettings_SpearGuyB will be placed at 8024770C (length = 2C bytes)
$NpcSettings_SpearGuyA will be placed at 80247738 (length = 2C bytes)
$NpcSettings_BonyBeetle will be placed at 80247764 (length = 2C bytes)
$NpcSettings_BuzzyBeetle will be placed at 80247790 (length = 2C bytes)
$NpcSettings_Goomba will be placed at 802477BC (length = 2C bytes)
$ExtraAnimationList_SpearGuyA will be placed at 802477E8 (length = 28 bytes)
$Script_UseBluePipe will be placed at 80247810 (length = 28 bytes)
$EntryList will be placed at 80247838 (length = 20 bytes)
$Reset_Enemy_Flag will be placed at 80247858 (length = 20 bytes)
$Floor9 will be placed at 80247878 (length = 18 bytes)
$Floor8 will be placed at 80247890 (length = 18 bytes)
$Floor1 will be placed at 802478A8 (length = 18 bytes)
$Floor3 will be placed at 802478C0 (length = 18 bytes)
$Floor2 will be placed at 802478D8 (length = 18 bytes)
$Floor5 will be placed at 802478F0 (length = 18 bytes)
$Floor4 will be placed at 80247908 (length = 18 bytes)
$Floor7 will be placed at 80247920 (length = 18 bytes)
$Floor6 will be placed at 80247938 (length = 18 bytes)
$JumpTable_80247A78_SpearGuy will be placed at 80247950 (length = 18 bytes)
$Script_Init_Enemy will be placed at 80247968 (length = 18 bytes)
$FloatTable_NEW12B90 will be placed at 80247980 (length = 18 bytes)
$NpcGroup_1 will be placed at 80247998 (length = 18 bytes)
$NpcGroup_2 will be placed at 802479B0 (length = 18 bytes)
$NpcGroup_3 will be placed at 802479C8 (length = 18 bytes)
$NpcGroup_4 will be placed at 802479E0 (length = 18 bytes)
$NpcGroup_9 will be placed at 802479F8 (length = 18 bytes)
$NpcGroup_5 will be placed at 80247A10 (length = 18 bytes)
$NpcGroup_6 will be placed at 80247A28 (length = 18 bytes)
$NpcGroup_7 will be placed at 80247A40 (length = 18 bytes)
$NpcGroup_8 will be placed at 80247A58 (length = 18 bytes)
$Script_GoombaAI will be placed at 80247A70 (length = 14 bytes)
$Function_GetTattle will be placed at 80247A84 (length = 14 bytes)
$ASCII_"pit_11"_Literal will be placed at 80247A98 (length = C bytes)
$ASCII_"pit_05"_Literal will be placed at 80247AA4 (length = C bytes)
$ConstDouble_80246558_PutridPiranha will be placed at 80247AB0 (length = 8 bytes)
$ConstDouble_80246560_PutridPiranha will be placed at 80247AB8 (length = 8 bytes)
$ConstDouble_80246550_PutridPiranha will be placed at 80247AC0 (length = 8 bytes)
$ConstDouble_80246548_PutridPiranha will be placed at 80247AC8 (length = 8 bytes)
$ExtraAnimationList_SpearGuyB will be placed at 80247AD0 (length = 8 bytes)
$ConstDouble_80246538_PutridPiranha will be placed at 80247AD8 (length = 8 bytes)
$ConstDouble_80246540_PutridPiranha will be placed at 80247AE0 (length = 8 bytes)
$ASCII_"kpa_tex"_Literal will be placed at 80247AE8 (length = 8 bytes)
$???_NEW123E0 will be placed at 80247AF0 (length = 4 bytes)
Executing patches for: pit_06
Reading patch file: map/patch/pit of 100 trials/pit_06.mpat
Reading patch file: map/import/Pit_AI.mpat
Creating struct: $NpcSettings_Goomba
Creating struct: $NpcSettings_Koopa
Creating struct: $NpcSettings_Fuzzy
Creating struct: $Script_NpcAI_Fuzzy
Creating struct: $Script_GoombaAI
Creating struct: $AISettings_Goomba
Creating struct: $AISettings_Fuzzy_802413E0
Creating struct: $JumpTable_Fuzzy_802423B8
Creating struct: $Function_Fuzzy_80240000
Creating struct: $Function_Fuzzy_80240230
Creating struct: $Function_Fuzzy_80240568
Creating struct: $Function_Fuzzy_80240628
Creating struct: $Function_Fuzzy_802407CC
Creating struct: $Function_Fuzzy_802408AC
Creating struct: $Function_Fuzzy_80240BAC
Creating struct: $Function_Fuzzy_80240BF0
Creating struct: $JumpTable_Koopa_80245CF8
Creating struct: $Script_NpcAI_Koopa
Creating struct: $AISettings_Koopa_802427BC
Creating struct: $NpcSettings_BuzzyBeetle
Creating struct: $AISettings_BuzzyBeetle
Creating struct: $Script_NpcAI_BuzzyBeetle
Creating struct: $AISettings_Koopatrol
Creating struct: $Script_NpcAI_Koopatrol
Creating struct: $NpcSettings_Koopatrol
Creating struct: $AISettings_Spiny
Creating struct: $Script_NpcAI_Spiny
Creating struct: $NpcSettings_Spiny
Creating struct: $AISettings_BonyBeetle
Creating struct: $Script_NpcAI_BonyBeetle
Creating struct: $NpcSettings_BonyBeetle
Creating struct: $Function_DoAI_ShellEnemy
Creating struct: $Function_Koopa_80240000
Creating struct: $Function_Koopa_8024007C
Creating struct: $Function_Koopa_802401B0
Creating struct: $Function_Koopa_80240314
Creating struct: $NpcSettings_Bubble
Creating struct: $Script_NpcAI_Bubble
Creating struct: $AISettings_Bubble
Creating struct: $JumpTable_NEW130A8
Creating struct: $JumpTable_NEW130F0
Creating struct: $Function_NEW10000
Creating struct: $Function_NEW10348
Creating struct: $Function_NEW1040C
Creating struct: $Function_NEW10530
Creating struct: $Function_NEW10720
Creating struct: $Function_NEW107F4
Creating struct: $Function_NEW10820
Creating struct: $Function_NEW109D0
Creating struct: $Function_NEW10FF8
Creating struct: $Function_NEW110B8
Creating struct: $Function_NEW113FC
Creating struct: $Function_NEW11474
Creating struct: $Function_NEW114E0
Creating struct: $Function_NEW11614
Creating struct: $Function_NEW11678
Creating struct: $Function_NEW11A08
Creating struct: $Function_NEW11B2C
Creating struct: $Function_NEW11D18
Creating struct: $Function_NEW11E48
Creating struct: $Function_NEW120C8
Creating struct: $Function_NEW12124
Creating struct: $???_NEW123E0
Creating struct: $FloatTable_NEW12930
Creating struct: $FloatTable_NEW12B90
Reading patch file: map/import/NPC_Dayzee.mpat
Creating struct: $AISettings_Dayzee
Creating struct: $Script_NpcAI_Dayzee
Creating struct: $NpcSettings_Dayzee
Reading patch file: map/import/NPC_Bzzap.mpat
Creating struct: $AISettings_Bzzap
Creating struct: $Script_NpcAI_Bzzap
Creating struct: $NpcSettings_Bzzap
Creating struct: $Function_8024162C_Bzzap
Creating struct: $JumpTable_802441B8_Bzzap
Creating struct: $Function_80240320_Bzzap
Creating struct: $Function_802404D0_Bzzap
Creating struct: $ConstDouble_802441A0_Bzzap
Creating struct: $ConstDouble_802441A8_Bzzap
Creating struct: $ConstDouble_802441B0_Bzzap
Creating struct: $Function_80240AF8_Bzzap
Creating struct: $Function_80240BB8_Bzzap
Creating struct: $Function_80240EFC_Bzzap
Creating struct: $Function_80240F74_Bzzap
Creating struct: $FloatTable_8024362C_Bzzap
Creating struct: $Function_80240FE0_Bzzap
Creating struct: $Function_80241114_Bzzap
Creating struct: $Function_80241178_Bzzap
Creating struct: $Function_80241508_Bzzap
Reading patch file: map/import/NPC_Puff.mpat
Creating struct: $AISettings_Puff
Creating struct: $Script_NpcAI_Puff
Creating struct: $NpcSettings_Puff
Creating struct: $JumpTable_80245450_PoisonPuff
Creating struct: $Function_80240E50_PoisonPuff
Creating struct: $Function_80241000_PoisonPuff
Creating struct: $Function_80241628_PoisonPuff
Creating struct: $Function_802416E8_PoisonPuff
Creating struct: $Function_80241A2C_PoisonPuff
Creating struct: $Function_80241AA4_PoisonPuff
Creating struct: $Function_80241B10_PoisonPuff
Creating struct: $Function_80241C44_PoisonPuff
Creating struct: $Function_80241CA8_PoisonPuff
Creating struct: $Function_80242038_PoisonPuff
Creating struct: $Function_80242754_PoisonPuff
Creating struct: $Function_80242348_PoisonPuff
Creating struct: $Function_80242478_PoisonPuff
Creating struct: $Function_802426F8_PoisonPuff
Creating struct: $FloatTable_80244010_PoisonPuff
Creating struct: $Header
Creating struct: $Function_GetTattle
Creating struct: $Function_Init
Creating struct: $EntryList
Creating struct: $Script_RaisePipe
Creating struct: $Script_UseBluePipe
Creating struct: $Reset_Enemy_Flag
Creating struct: $Script_GetPipeWorking
Creating struct: $Script_Outcome
Creating struct: $Script_Init_Enemy
Creating struct: $NpcGroup_Dayzee
Creating struct: $NpcGroup_Bzzrk
Creating struct: $NpcGroup_Puff
Creating struct: $NpcGroup_Spiny
Creating struct: $NpcGroup_1
Creating struct: $NpcGroup_2
Creating struct: $NpcGroup_3
Creating struct: $NpcGroup_4
Creating struct: $NpcGroup_5
Creating struct: $NpcGroup_6
Creating struct: $NpcGroup_7
Creating struct: $NpcGroup_8
Creating struct: $NpcGroup_9
Creating struct: $Script_Main
Creating struct: $Script_SignPost
Merged 1 regions to 1
$Function_80241000_PoisonPuff will be placed at 80240000 (length = 638 bytes)
$Function_NEW109D0 will be placed at 80240638 (length = 638 bytes)
$Function_802404D0_Bzzap will be placed at 80240C70 (length = 628 bytes)
$Function_DoAI_ShellEnemy will be placed at 80241298 (length = 440 bytes)
$Function_80241CA8_PoisonPuff will be placed at 802416D8 (length = 390 bytes)
$Function_80241178_Bzzap will be placed at 80241A68 (length = 390 bytes)
$Function_NEW11678 will be placed at 80241DF8 (length = 390 bytes)
$Function_NEW10000 will be placed at 80242188 (length = 350 bytes)
$Function_802416E8_PoisonPuff will be placed at 802424D8 (length = 344 bytes)
$Function_NEW110B8 will be placed at 8024281C (length = 344 bytes)
$Function_80240BB8_Bzzap will be placed at 80242B60 (length = 344 bytes)
$Function_Fuzzy_80240230 will be placed at 80242EA4 (length = 340 bytes)
$Function_Fuzzy_802408AC will be placed at 802431E4 (length = 300 bytes)
$Function_80242478_PoisonPuff will be placed at 802434E4 (length = 288 bytes)
$Function_NEW11E48 will be placed at 8024376C (length = 288 bytes)
$Function_Fuzzy_80240000 will be placed at 802439F4 (length = 230 bytes)
$Function_Fuzzy_80240BF0 will be placed at 80243C24 (length = 224 bytes)
$NpcGroup_Puff will be placed at 80243E48 (length = 1F0 bytes)
$NpcGroup_Bzzrk will be placed at 80244038 (length = 1F0 bytes)
$NpcGroup_Dayzee will be placed at 80244228 (length = 1F0 bytes)
$NpcGroup_Spiny will be placed at 80244418 (length = 1F0 bytes)
$Function_8024162C_Bzzap will be placed at 80244608 (length = 1EC bytes)
$Function_NEW11B2C will be placed at 802447F4 (length = 1EC bytes)
$Function_NEW12124 will be placed at 802449E0 (length = 1E8 bytes)
$Function_80242754_PoisonPuff will be placed at 80244BC8 (length = 1E8 bytes)
$Function_NEW10530 will be placed at 80244DB0 (length = 1E8 bytes)
$Script_Main will be placed at 80244F98 (length = 1C8 bytes)
$Function_80240E50_PoisonPuff will be placed at 80245160 (length = 1B8 bytes)
$Function_NEW10820 will be placed at 80245318 (length = 1B8 bytes)
$Function_80240320_Bzzap will be placed at 802454D0 (length = 1B0 bytes)
$Function_Fuzzy_80240628 will be placed at 80245680 (length = 1A4 bytes)
$Function_Koopa_802401B0 will be placed at 80245824 (length = 164 bytes)
$Script_SignPost will be placed at 80245988 (length = 140 bytes)
$Function_Koopa_8024007C will be placed at 80245AC8 (length = 13C bytes)
$Function_80241B10_PoisonPuff will be placed at 80245C04 (length = 134 bytes)
$Function_NEW114E0 will be placed at 80245D38 (length = 134 bytes)
$Function_80240FE0_Bzzap will be placed at 80245E6C (length = 134 bytes)
$Function_NEW11D18 will be placed at 80245FA0 (length = 130 bytes)
$Function_80242348_PoisonPuff will be placed at 802460D0 (length = 130 bytes)
$Function_80241508_Bzzap will be placed at 80246200 (length = 124 bytes)
$Function_80242038_PoisonPuff will be placed at 80246324 (length = 124 bytes)
$Function_NEW11A08 will be placed at 80246448 (length = 124 bytes)
$Function_NEW1040C will be placed at 8024656C (length = 124 bytes)
$Function_Fuzzy_802407CC will be placed at 80246690 (length = E0 bytes)
$Function_NEW10720 will be placed at 80246770 (length = D4 bytes)
$Function_NEW10348 will be placed at 80246844 (length = C4 bytes)
$Function_Fuzzy_80240568 will be placed at 80246908 (length = C0 bytes)
$Function_80240AF8_Bzzap will be placed at 802469C8 (length = C0 bytes)
$Function_80241628_PoisonPuff will be placed at 80246A88 (length = C0 bytes)
$Function_NEW10FF8 will be placed at 80246B48 (length = C0 bytes)
$MapTattle will be placed at 80246C08 (length = B8 bytes)
$Function_Koopa_80240314 will be placed at 80246CC0 (length = 80 bytes)
$Function_Koopa_80240000 will be placed at 80246D40 (length = 7C bytes)
$Function_80241A2C_PoisonPuff will be placed at 80246DBC (length = 78 bytes)
$Function_80240EFC_Bzzap will be placed at 80246E34 (length = 78 bytes)
$Function_NEW113FC will be placed at 80246EAC (length = 78 bytes)
$FloatTable_NEW12930 will be placed at 80246F24 (length = 70 bytes)
$Function_80241AA4_PoisonPuff will be placed at 80246F94 (length = 6C bytes)
$Function_NEW11474 will be placed at 80247000 (length = 6C bytes)
$Function_80240F74_Bzzap will be placed at 8024706C (length = 6C bytes)
$Function_NEW11614 will be placed at 802470D8 (length = 64 bytes)
$Function_80241C44_PoisonPuff will be placed at 8024713C (length = 64 bytes)
$Function_80241114_Bzzap will be placed at 802471A0 (length = 64 bytes)
$Function_802426F8_PoisonPuff will be placed at 80247204 (length = 5C bytes)
$Function_NEW120C8 will be placed at 80247260 (length = 5C bytes)
$JumpTable_80245450_PoisonPuff will be placed at 802472BC (length = 54 bytes)
$Script_NpcAI_Bzzap will be placed at 80247310 (length = 54 bytes)
$Script_NpcAI_Spiny will be placed at 80247364 (length = 54 bytes)
$JumpTable_Koopa_80245CF8 will be placed at 802473B8 (length = 54 bytes)
$JumpTable_NEW130F0 will be placed at 8024740C (length = 54 bytes)
$Script_NpcAI_BonyBeetle will be placed at 80247460 (length = 54 bytes)
$Script_NpcAI_BuzzyBeetle will be placed at 802474B4 (length = 54 bytes)
$Script_NpcAI_Puff will be placed at 80247508 (length = 54 bytes)
$Script_NpcAI_Koopa will be placed at 8024755C (length = 54 bytes)
$Script_NpcAI_Koopatrol will be placed at 802475B0 (length = 54 bytes)
$Script_NpcAI_Bubble will be placed at 80247604 (length = 54 bytes)
$Script_GetPipeWorking will be placed at 80247658 (length = 4C bytes)
$Script_Outcome will be placed at 802476A4 (length = 44 bytes)
$Function_Fuzzy_80240BAC will be placed at 802476E8 (length = 44 bytes)
$Header will be placed at 8024772C (length = 40 bytes)
$Error will be placed at 8024776C (length = 3C bytes)
$JumpTable_802441B8_Bzzap will be placed at 802477A8 (length = 3C bytes)
$JumpTable_Fuzzy_802423B8 will be placed at 802477E4 (length = 3C bytes)
$JumpTable_NEW130A8 will be placed at 80247820 (length = 3C bytes)
$AISettings_Spiny will be placed at 8024785C (length = 30 bytes)
$AISettings_BonyBeetle will be placed at 8024788C (length = 30 bytes)
$AISettings_BuzzyBeetle will be placed at 802478BC (length = 30 bytes)
$AISettings_Koopa_802427BC will be placed at 802478EC (length = 30 bytes)
$AISettings_Bubble will be placed at 8024791C (length = 30 bytes)
$AISettings_Koopatrol will be placed at 8024794C (length = 30 bytes)
$AISettings_Puff will be placed at 8024797C (length = 30 bytes)
$AISettings_Fuzzy_802413E0 will be placed at 802479AC (length = 30 bytes)
$AISettings_Dayzee will be placed at 802479DC (length = 30 bytes)
$AISettings_Bzzap will be placed at 80247A0C (length = 30 bytes)
$AISettings_Goomba will be placed at 80247A3C (length = 30 bytes)
$Function_NEW107F4 will be placed at 80247A6C (length = 2C bytes)
$Script_NpcAI_Fuzzy will be placed at 80247A98 (length = 2C bytes)
$NpcSettings_Fuzzy will be placed at 80247AC4 (length = 2C bytes)
$NpcSettings_Bubble will be placed at 80247AF0 (length = 2C bytes)
$NpcSettings_Bzzap will be placed at 80247B1C (length = 2C bytes)
$NpcSettings_Koopa will be placed at 80247B48 (length = 2C bytes)
$Function_Init will be placed at 80247B74 (length = 2C bytes)
$NpcSettings_Puff will be placed at 80247BA0 (length = 2C bytes)
$NpcSettings_Koopatrol will be placed at 80247BCC (length = 2C bytes)
$NpcSettings_Spiny will be placed at 80247BF8 (length = 2C bytes)
$Script_RaisePipe will be placed at 80247C24 (length = 2C bytes)
$NpcSettings_BonyBeetle will be placed at 80247C50 (length = 2C bytes)
$NpcSettings_BuzzyBeetle will be placed at 80247C7C (length = 2C bytes)
$NpcSettings_Dayzee will be placed at 80247CA8 (length = 2C bytes)
$NpcSettings_Goomba will be placed at 80247CD4 (length = 2C bytes)
$Script_UseBluePipe will be placed at 80247D00 (length = 28 bytes)
$EntryList will be placed at 80247D28 (length = 20 bytes)
$Reset_Enemy_Flag will be placed at 80247D48 (length = 20 bytes)
$Floor9 will be placed at 80247D68 (length = 18 bytes)
$Floor8 will be placed at 80247D80 (length = 18 bytes)
$Floor1 will be placed at 80247D98 (length = 18 bytes)
$Floor3 will be placed at 80247DB0 (length = 18 bytes)
$Floor2 will be placed at 80247DC8 (length = 18 bytes)
$Floor5 will be placed at 80247DE0 (length = 18 bytes)
$Floor4 will be placed at 80247DF8 (length = 18 bytes)
$Floor7 will be placed at 80247E10 (length = 18 bytes)
$Floor6 will be placed at 80247E28 (length = 18 bytes)
$FloatTable_8024362C_Bzzap will be placed at 80247E40 (length = 18 bytes)
$Script_Init_Enemy will be placed at 80247E58 (length = 18 bytes)
$FloatTable_80244010_PoisonPuff will be placed at 80247E70 (length = 18 bytes)
$FloatTable_NEW12B90 will be placed at 80247E88 (length = 18 bytes)
$NpcGroup_1 will be placed at 80247EA0 (length = 18 bytes)
$NpcGroup_2 will be placed at 80247EB8 (length = 18 bytes)
$NpcGroup_3 will be placed at 80247ED0 (length = 18 bytes)
$NpcGroup_4 will be placed at 80247EE8 (length = 18 bytes)
$NpcGroup_9 will be placed at 80247F00 (length = 18 bytes)
$NpcGroup_5 will be placed at 80247F18 (length = 18 bytes)
$NpcGroup_6 will be placed at 80247F30 (length = 18 bytes)
$NpcGroup_7 will be placed at 80247F48 (length = 18 bytes)
$NpcGroup_8 will be placed at 80247F60 (length = 18 bytes)
$Script_NpcAI_Dayzee will be placed at 80247F78 (length = 14 bytes)
$Script_GoombaAI will be placed at 80247F8C (length = 14 bytes)
$Function_GetTattle will be placed at 80247FA0 (length = 14 bytes)
$ASCII_"pit_06"_Literal will be placed at 80247FB4 (length = C bytes)
$ASCII_"pit_11"_Literal will be placed at 80247FC0 (length = C bytes)
$ConstDouble_802441A8_Bzzap will be placed at 80247FD0 (length = 8 bytes)
$ConstDouble_802441B0_Bzzap will be placed at 80247FD8 (length = 8 bytes)
$ASCII_"kpa_tex"_Literal will be placed at 80247FE0 (length = 8 bytes)
$ConstDouble_802441A0_Bzzap will be placed at 80247FE8 (length = 8 bytes)
$???_NEW123E0 will be placed at 80247FCC (length = 4 bytes)
Executing patches for: pit_07
Reading patch file: map/patch/pit of 100 trials/pit_07.mpat
Reading patch file: map/import/Pit_AI.mpat
Creating struct: $NpcSettings_Goomba
Creating struct: $NpcSettings_Koopa
Creating struct: $NpcSettings_Fuzzy
Creating struct: $Script_NpcAI_Fuzzy
Creating struct: $Script_GoombaAI
Creating struct: $AISettings_Goomba
Creating struct: $AISettings_Fuzzy_802413E0
Creating struct: $JumpTable_Fuzzy_802423B8
Creating struct: $Function_Fuzzy_80240000
Creating struct: $Function_Fuzzy_80240230
Creating struct: $Function_Fuzzy_80240568
Creating struct: $Function_Fuzzy_80240628
Creating struct: $Function_Fuzzy_802407CC
Creating struct: $Function_Fuzzy_802408AC
Creating struct: $Function_Fuzzy_80240BAC
Creating struct: $Function_Fuzzy_80240BF0
Creating struct: $JumpTable_Koopa_80245CF8
Creating struct: $Script_NpcAI_Koopa
Creating struct: $AISettings_Koopa_802427BC
Creating struct: $NpcSettings_BuzzyBeetle
Creating struct: $AISettings_BuzzyBeetle
Creating struct: $Script_NpcAI_BuzzyBeetle
Creating struct: $AISettings_Koopatrol
Creating struct: $Script_NpcAI_Koopatrol
Creating struct: $NpcSettings_Koopatrol
Creating struct: $AISettings_Spiny
Creating struct: $Script_NpcAI_Spiny
Creating struct: $NpcSettings_Spiny
Creating struct: $AISettings_BonyBeetle
Creating struct: $Script_NpcAI_BonyBeetle
Creating struct: $NpcSettings_BonyBeetle
Creating struct: $Function_DoAI_ShellEnemy
Creating struct: $Function_Koopa_80240000
Creating struct: $Function_Koopa_8024007C
Creating struct: $Function_Koopa_802401B0
Creating struct: $Function_Koopa_80240314
Creating struct: $NpcSettings_Bubble
Creating struct: $Script_NpcAI_Bubble
Creating struct: $AISettings_Bubble
Creating struct: $JumpTable_NEW130A8
Creating struct: $JumpTable_NEW130F0
Creating struct: $Function_NEW10000
Creating struct: $Function_NEW10348
Creating struct: $Function_NEW1040C
Creating struct: $Function_NEW10530
Creating struct: $Function_NEW10720
Creating struct: $Function_NEW107F4
Creating struct: $Function_NEW10820
Creating struct: $Function_NEW109D0
Creating struct: $Function_NEW10FF8
Creating struct: $Function_NEW110B8
Creating struct: $Function_NEW113FC
Creating struct: $Function_NEW11474
Creating struct: $Function_NEW114E0
Creating struct: $Function_NEW11614
Creating struct: $Function_NEW11678
Creating struct: $Function_NEW11A08
Creating struct: $Function_NEW11B2C
Creating struct: $Function_NEW11D18
Creating struct: $Function_NEW11E48
Creating struct: $Function_NEW120C8
Creating struct: $Function_NEW12124
Creating struct: $???_NEW123E0
Creating struct: $FloatTable_NEW12930
Creating struct: $FloatTable_NEW12B90
Reading patch file: map/import/NPC_Gulpit.mpat
Creating struct: $Script_802418F0_Gulpit
Creating struct: $AISettings_Gulpit
Creating struct: $Script_NpcAI_GulpitA
Creating struct: $NpcSettings_GulpitA
Creating struct: $Script_NpcAI_GulpitB
Creating struct: $NpcSettings_GulpitB
Creating struct: $ExtraAnimationList_GulpitB
Creating struct: $ExtraAnimationList_GulpitA
Creating struct: $Function_8024040C_Gulpit
Creating struct: $Function_DoAI_Gulpit
Creating struct: $JumpTable_80242378_Gulpit
Creating struct: $Function_80240050_Gulpit
Creating struct: $Function_802400BC_Gulpit
Creating struct: $Function_8024012C_Gulpit
Creating struct: $Function_80240204_Gulpit
Creating struct: $Function_80240258_Gulpit
Creating struct: $ConstDouble_80242370_Gulpit
Reading patch file: map/import/NPC_PutridPiranha.mpat
Creating struct: $AISettings_PutridPiranha
Creating struct: $Script_NpcAI_PutridPiranhaA
Creating struct: $NpcSettings_PutridPiranhaA
Creating struct: $Script_NpcAI_PutridPiranhaB
Creating struct: $Script_802439CC_PutridPiranha
Creating struct: $NpcSettings_PutridPiranhaB
Creating struct: $Function_802406CC_PutridPiranha
Creating struct: $Function_80241A64_PutridPiranha
Creating struct: $Function_80240BE0_PutridPiranha
Creating struct: $Function_80240C4C_PutridPiranha
Creating struct: $Function_80240D48_PutridPiranha
Creating struct: $Function_80241788_PutridPiranha
Creating struct: $Function_80241818_PutridPiranha
Creating struct: $Function_80241918_PutridPiranha
Creating struct: $Function_80241978_PutridPiranha
Creating struct: $ConstDouble_80246538_PutridPiranha
Creating struct: $ConstDouble_80246540_PutridPiranha
Creating struct: $ConstDouble_80246548_PutridPiranha
Creating struct: $ConstDouble_80246550_PutridPiranha
Creating struct: $ConstDouble_80246558_PutridPiranha
Creating struct: $ConstDouble_80246560_PutridPiranha
Reading patch file: map/import/NPC_Clubba.mpat
Creating struct: $ExtraAnimationList_ClubbaA
Creating struct: $ExtraAnimationList_ClubbaB
Creating struct: $AISettings_Clubba
Creating struct: $Script_NpcAI_ClubbaA
Creating struct: $NpcSettings_ClubbaA
Creating struct: $Script_NpcAI_ClubbaB
Creating struct: $NpcSettings_ClubbaB
Creating struct: $Script_80241AB0_Clubba
Creating struct: $Function_802403BC_Clubba
Creating struct: $Function_80240000_Clubba
Creating struct: $Function_8024006C_Clubba
Creating struct: $Function_802400DC_Clubba
Creating struct: $Function_802401B4_Clubba
Creating struct: $Function_80240208_Clubba
Creating struct: $Function_8024061C_Clubba
Creating struct: $JumpTable_80242618_Clubba
Reading patch file: map/import/NPC_Duplighost.mpat
Creating struct: $AISettings_Duplighost
Creating struct: $Script_NpcAI_Duplighost
Creating struct: $NpcSettings_Duplighost
Creating struct: $Function_DoAI_Duplighost
Creating struct: $JumpTable_80243FF0_Duplighost
Creating struct: $Function_80240F20_Duplighost
Creating struct: $Function_80241078_Duplighost
Creating struct: $Function_80241320_Duplighost
Creating struct: $Function_802413E0_Duplighost
Creating struct: $Function_8024159C_Duplighost
Creating struct: $Function_80241650_Duplighost
Creating struct: $Function_802416C4_Duplighost
Creating struct: $Function_8024173C_Duplighost
Creating struct: $Function_8024186C_Duplighost
Creating struct: $Function_8024198C_Duplighost
Creating struct: $Function_802419F4_Duplighost
Creating struct: $Header
Creating struct: $Function_GetTattle
Creating struct: $Function_Init
Creating struct: $EntryList
Creating struct: $Script_RaisePipe
Creating struct: $Script_UseBluePipe
Creating struct: $Reset_Enemy_Flag
Creating struct: $Script_GetPipeWorking
Creating struct: $Script_Outcome
Creating struct: $Script_Init_Enemy
Creating struct: $NpcGroup_Gulpit
Creating struct: $NpcGroup_FrostPiranha
Creating struct: $NpcGroup_SpikeTop
Creating struct: $NpcGroup_Clubba
Creating struct: $NpcGroup_Duplighost
Reading patch for $AISettings_BuzzyBeetle
Creating struct: $NpcGroup_1
Creating struct: $NpcGroup_2
Creating struct: $NpcGroup_3
Creating struct: $NpcGroup_4
Creating struct: $NpcGroup_5
Creating struct: $NpcGroup_6
Creating struct: $NpcGroup_7
Creating struct: $NpcGroup_8
Creating struct: $NpcGroup_9
Creating struct: $Script_Main
Creating struct: $Script_SignPost
Merged 1 regions to 1
$Function_80240D48_PutridPiranha will be placed at 80240000 (length = A40 bytes)
$Function_NEW109D0 will be placed at 80240A40 (length = 638 bytes)
$Function_DoAI_ShellEnemy will be placed at 80241078 (length = 440 bytes)
$NpcGroup_Gulpit will be placed at 802414B8 (length = 3E0 bytes)
$NpcGroup_FrostPiranha will be placed at 80241898 (length = 3E0 bytes)
$NpcGroup_Clubba will be placed at 80241C78 (length = 3E0 bytes)
$Function_NEW11678 will be placed at 80242058 (length = 390 bytes)
$Function_NEW10000 will be placed at 802423E8 (length = 350 bytes)
$Function_NEW110B8 will be placed at 80242738 (length = 344 bytes)
$Function_Fuzzy_80240230 will be placed at 80242A7C (length = 340 bytes)
$Function_Fuzzy_802408AC will be placed at 80242DBC (length = 300 bytes)
$Function_DoAI_Duplighost will be placed at 802430BC (length = 2FC bytes)
$Function_DoAI_Gulpit will be placed at 802433B8 (length = 2B4 bytes)
$Function_8024061C_Clubba will be placed at 8024366C (length = 2B4 bytes)
$Function_80241078_Duplighost will be placed at 80243920 (length = 2A8 bytes)
$Function_NEW11E48 will be placed at 80243BC8 (length = 288 bytes)
$Function_802403BC_Clubba will be placed at 80243E50 (length = 260 bytes)
$Function_8024040C_Gulpit will be placed at 802440B0 (length = 260 bytes)
$Function_802406CC_PutridPiranha will be placed at 80244310 (length = 260 bytes)
$Function_80241A64_PutridPiranha will be placed at 80244570 (length = 250 bytes)
$Function_Fuzzy_80240000 will be placed at 802447C0 (length = 230 bytes)
$Function_Fuzzy_80240BF0 will be placed at 802449F0 (length = 224 bytes)
$NpcGroup_Duplighost will be placed at 80244C14 (length = 1F0 bytes)
$NpcGroup_SpikeTop will be placed at 80244E04 (length = 1F0 bytes)
$Function_NEW11B2C will be placed at 80244FF4 (length = 1EC bytes)
$Function_NEW12124 will be placed at 802451E0 (length = 1E8 bytes)
$Function_NEW10530 will be placed at 802453C8 (length = 1E8 bytes)
$Script_Main will be placed at 802455B0 (length = 1C8 bytes)
$Function_802413E0_Duplighost will be placed at 80245778 (length = 1BC bytes)
$Function_80240258_Gulpit will be placed at 80245934 (length = 1B8 bytes)
$Function_NEW10820 will be placed at 80245AEC (length = 1B8 bytes)
$Function_80240208_Clubba will be placed at 80245CA4 (length = 1B8 bytes)
$Function_Fuzzy_80240628 will be placed at 80245E5C (length = 1A4 bytes)
$JumpTable_80242618_Clubba will be placed at 80246000 (length = 190 bytes)
$JumpTable_80242378_Gulpit will be placed at 80246190 (length = 190 bytes)
$JumpTable_80243FF0_Duplighost will be placed at 80246320 (length = 190 bytes)
$Function_Koopa_802401B0 will be placed at 802464B0 (length = 164 bytes)
$Function_80240F20_Duplighost will be placed at 80246614 (length = 160 bytes)
$Script_SignPost will be placed at 80246774 (length = 140 bytes)
$Function_Koopa_8024007C will be placed at 802468B4 (length = 13C bytes)
$Function_NEW114E0 will be placed at 802469F0 (length = 134 bytes)
$Function_8024173C_Duplighost will be placed at 80246B24 (length = 130 bytes)
$Function_NEW11D18 will be placed at 80246C54 (length = 130 bytes)
$Function_NEW11A08 will be placed at 80246D84 (length = 124 bytes)
$Function_NEW1040C will be placed at 80246EA8 (length = 124 bytes)
$Function_8024186C_Duplighost will be placed at 80246FCC (length = 120 bytes)
$Function_80241818_PutridPiranha will be placed at 802470EC (length = 100 bytes)
$Function_80240C4C_PutridPiranha will be placed at 802471EC (length = FC bytes)
$Function_80241978_PutridPiranha will be placed at 802472E8 (length = EC bytes)
$MapTattle will be placed at 802473D4 (length = E0 bytes)
$Function_Fuzzy_802407CC will be placed at 802474B4 (length = E0 bytes)
$Function_8024012C_Gulpit will be placed at 80247594 (length = D8 bytes)
$Function_802400DC_Clubba will be placed at 8024766C (length = D8 bytes)
$Function_NEW10720 will be placed at 80247744 (length = D4 bytes)
$Function_NEW10348 will be placed at 80247818 (length = C4 bytes)
$Function_802419F4_Duplighost will be placed at 802478DC (length = C0 bytes)
$Function_Fuzzy_80240568 will be placed at 8024799C (length = C0 bytes)
$Function_80241320_Duplighost will be placed at 80247A5C (length = C0 bytes)
$Function_NEW10FF8 will be placed at 80247B1C (length = C0 bytes)
$Function_8024159C_Duplighost will be placed at 80247BDC (length = BC bytes)
$Script_NpcAI_PutridPiranhaA will be placed at 80247C98 (length = A4 bytes)
$Function_80241788_PutridPiranha will be placed at 80247D3C (length = 90 bytes)
$Script_80241AB0_Clubba will be placed at 80247DCC (length = 88 bytes)
$Script_802439CC_PutridPiranha will be placed at 80247E54 (length = 88 bytes)
$Script_802418F0_Gulpit will be placed at 80247EDC (length = 88 bytes)
$Script_NpcAI_ClubbaB will be placed at 80247F64 (length = 80 bytes)
$Function_Koopa_80240314 will be placed at 80247FE4 (length = 80 bytes)
$Script_NpcAI_GulpitB will be placed at 80248064 (length = 80 bytes)
$Function_Koopa_80240000 will be placed at 802480E4 (length = 7C bytes)
$Function_NEW113FC will be placed at 80248160 (length = 78 bytes)
$Function_802416C4_Duplighost will be placed at 802481D8 (length = 78 bytes)
$Function_80241650_Duplighost will be placed at 80248250 (length = 74 bytes)
$Function_802400BC_Gulpit will be placed at 802482C4 (length = 70 bytes)
$FloatTable_NEW12930 will be placed at 80248334 (length = 70 bytes)
$Function_8024006C_Clubba will be placed at 802483A4 (length = 70 bytes)
$Function_80240BE0_PutridPiranha will be placed at 80248414 (length = 6C bytes)
$Function_80240050_Gulpit will be placed at 80248480 (length = 6C bytes)
$Function_NEW11474 will be placed at 802484EC (length = 6C bytes)
$Function_80240000_Clubba will be placed at 80248558 (length = 6C bytes)
$Function_8024198C_Duplighost will be placed at 802485C4 (length = 68 bytes)
$Function_NEW11614 will be placed at 8024862C (length = 64 bytes)
$Script_NpcAI_PutridPiranhaB will be placed at 80248690 (length = 60 bytes)
$Function_80241918_PutridPiranha will be placed at 802486F0 (length = 60 bytes)
$Function_NEW120C8 will be placed at 80248750 (length = 5C bytes)
$Script_NpcAI_Spiny will be placed at 802487AC (length = 54 bytes)
$JumpTable_Koopa_80245CF8 will be placed at 80248800 (length = 54 bytes)
$JumpTable_NEW130F0 will be placed at 80248854 (length = 54 bytes)
$Function_802401B4_Clubba will be placed at 802488A8 (length = 54 bytes)
$Script_NpcAI_BonyBeetle will be placed at 802488FC (length = 54 bytes)
$Script_NpcAI_BuzzyBeetle will be placed at 80248950 (length = 54 bytes)
$Script_NpcAI_ClubbaA will be placed at 802489A4 (length = 54 bytes)
$Script_NpcAI_Koopa will be placed at 802489F8 (length = 54 bytes)
$Function_80240204_Gulpit will be placed at 80248A4C (length = 54 bytes)
$Script_NpcAI_Koopatrol will be placed at 80248AA0 (length = 54 bytes)
$Script_NpcAI_GulpitA will be placed at 80248AF4 (length = 54 bytes)
$Script_NpcAI_Bubble will be placed at 80248B48 (length = 54 bytes)
$Script_GetPipeWorking will be placed at 80248B9C (length = 4C bytes)
$Script_Outcome will be placed at 80248BE8 (length = 44 bytes)
$Function_Fuzzy_80240BAC will be placed at 80248C2C (length = 44 bytes)
$Header will be placed at 80248C70 (length = 40 bytes)
$Error will be placed at 80248CB0 (length = 3C bytes)
$JumpTable_Fuzzy_802423B8 will be placed at 80248CEC (length = 3C bytes)
$JumpTable_NEW130A8 will be placed at 80248D28 (length = 3C bytes)
$AISettings_Spiny will be placed at 80248D64 (length = 30 bytes)
$AISettings_BonyBeetle will be placed at 80248D94 (length = 30 bytes)
$AISettings_BuzzyBeetle will be placed at 80248DC4 (length = 30 bytes)
$AISettings_Koopa_802427BC will be placed at 80248DF4 (length = 30 bytes)
$AISettings_Bubble will be placed at 80248E24 (length = 30 bytes)
$AISettings_Koopatrol will be placed at 80248E54 (length = 30 bytes)
$AISettings_Fuzzy_802413E0 will be placed at 80248E84 (length = 30 bytes)
$AISettings_Gulpit will be placed at 80248EB4 (length = 30 bytes)
$AISettings_PutridPiranha will be placed at 80248EE4 (length = 30 bytes)
$AISettings_Goomba will be placed at 80248F14 (length = 30 bytes)
$AISettings_Duplighost will be placed at 80248F44 (length = 30 bytes)
$AISettings_Clubba will be placed at 80248F74 (length = 30 bytes)
$Function_NEW107F4 will be placed at 80248FA4 (length = 2C bytes)
$Script_NpcAI_Fuzzy will be placed at 80248FD0 (length = 2C bytes)
$NpcSettings_Fuzzy will be placed at 80248FFC (length = 2C bytes)
$NpcSettings_PutridPiranhaB will be placed at 80249028 (length = 2C bytes)
$NpcSettings_Bubble will be placed at 80249054 (length = 2C bytes)
$NpcSettings_PutridPiranhaA will be placed at 80249080 (length = 2C bytes)
$NpcSettings_Koopa will be placed at 802490AC (length = 2C bytes)
$Function_Init will be placed at 802490D8 (length = 2C bytes)
$NpcSettings_ClubbaA will be placed at 80249104 (length = 2C bytes)
$NpcSettings_ClubbaB will be placed at 80249130 (length = 2C bytes)
$NpcSettings_Koopatrol will be placed at 8024915C (length = 2C bytes)
$NpcSettings_Duplighost will be placed at 80249188 (length = 2C bytes)
$NpcSettings_Spiny will be placed at 802491B4 (length = 2C bytes)
$Script_RaisePipe will be placed at 802491E0 (length = 2C bytes)
$NpcSettings_GulpitA will be placed at 8024920C (length = 2C bytes)
$NpcSettings_GulpitB will be placed at 80249238 (length = 2C bytes)
$NpcSettings_BonyBeetle will be placed at 80249264 (length = 2C bytes)
$NpcSettings_BuzzyBeetle will be placed at 80249290 (length = 2C bytes)
$NpcSettings_Goomba will be placed at 802492BC (length = 2C bytes)
$ExtraAnimationList_ClubbaA will be placed at 802492E8 (length = 28 bytes)
$Script_UseBluePipe will be placed at 80249310 (length = 28 bytes)
$EntryList will be placed at 80249338 (length = 20 bytes)
$Reset_Enemy_Flag will be placed at 80249358 (length = 20 bytes)
$ExtraAnimationList_GulpitA will be placed at 80249378 (length = 1C bytes)
$Floor9 will be placed at 80249394 (length = 18 bytes)
$Floor8 will be placed at 802493AC (length = 18 bytes)
$Floor1 will be placed at 802493C4 (length = 18 bytes)
$Floor3 will be placed at 802493DC (length = 18 bytes)
$Floor2 will be placed at 802493F4 (length = 18 bytes)
$Floor5 will be placed at 8024940C (length = 18 bytes)
$Floor4 will be placed at 80249424 (length = 18 bytes)
$Floor7 will be placed at 8024943C (length = 18 bytes)
$Floor6 will be placed at 80249454 (length = 18 bytes)
$Script_Init_Enemy will be placed at 8024946C (length = 18 bytes)
$FloatTable_NEW12B90 will be placed at 80249484 (length = 18 bytes)
$NpcGroup_1 will be placed at 8024949C (length = 18 bytes)
$NpcGroup_2 will be placed at 802494B4 (length = 18 bytes)
$NpcGroup_3 will be placed at 802494CC (length = 18 bytes)
$NpcGroup_4 will be placed at 802494E4 (length = 18 bytes)
$NpcGroup_9 will be placed at 802494FC (length = 18 bytes)
$NpcGroup_5 will be placed at 80249514 (length = 18 bytes)
$NpcGroup_6 will be placed at 8024952C (length = 18 bytes)
$NpcGroup_7 will be placed at 80249544 (length = 18 bytes)
$NpcGroup_8 will be placed at 8024955C (length = 18 bytes)
$Script_NpcAI_Duplighost will be placed at 80249574 (length = 14 bytes)
$Script_GoombaAI will be placed at 80249588 (length = 14 bytes)
$Function_GetTattle will be placed at 8024959C (length = 14 bytes)
$ASCII_"pit_07"_Literal will be placed at 802495B0 (length = C bytes)
$ASCII_"pit_11"_Literal will be placed at 802495BC (length = C bytes)
$ConstDouble_80246558_PutridPiranha will be placed at 802495C8 (length = 8 bytes)
$ExtraAnimationList_GulpitB will be placed at 802495D0 (length = 8 bytes)
$ConstDouble_80246560_PutridPiranha will be placed at 802495D8 (length = 8 bytes)
$ConstDouble_80246550_PutridPiranha will be placed at 802495E0 (length = 8 bytes)
$ConstDouble_80246548_PutridPiranha will be placed at 802495E8 (length = 8 bytes)
$ConstDouble_80242370_Gulpit will be placed at 802495F0 (length = 8 bytes)
$ConstDouble_80246538_PutridPiranha will be placed at 802495F8 (length = 8 bytes)
$ConstDouble_80246540_PutridPiranha will be placed at 80249600 (length = 8 bytes)
$ExtraAnimationList_ClubbaB will be placed at 80249608 (length = 8 bytes)
$ASCII_"kpa_tex"_Literal will be placed at 80249610 (length = 8 bytes)
$???_NEW123E0 will be placed at 80249618 (length = 4 bytes)
Executing patches for: pit_08
Reading patch file: map/patch/pit of 100 trials/pit_08.mpat
Reading patch file: map/import/Pit_AI.mpat
Creating struct: $NpcSettings_Goomba
Creating struct: $NpcSettings_Koopa
Creating struct: $NpcSettings_Fuzzy
Creating struct: $Script_NpcAI_Fuzzy
Creating struct: $Script_GoombaAI
Creating struct: $AISettings_Goomba
Creating struct: $AISettings_Fuzzy_802413E0
Creating struct: $JumpTable_Fuzzy_802423B8
Creating struct: $Function_Fuzzy_80240000
Creating struct: $Function_Fuzzy_80240230
Creating struct: $Function_Fuzzy_80240568
Creating struct: $Function_Fuzzy_80240628
Creating struct: $Function_Fuzzy_802407CC
Creating struct: $Function_Fuzzy_802408AC
Creating struct: $Function_Fuzzy_80240BAC
Creating struct: $Function_Fuzzy_80240BF0
Creating struct: $JumpTable_Koopa_80245CF8
Creating struct: $Script_NpcAI_Koopa
Creating struct: $AISettings_Koopa_802427BC
Creating struct: $NpcSettings_BuzzyBeetle
Creating struct: $AISettings_BuzzyBeetle
Creating struct: $Script_NpcAI_BuzzyBeetle
Creating struct: $AISettings_Koopatrol
Creating struct: $Script_NpcAI_Koopatrol
Creating struct: $NpcSettings_Koopatrol
Creating struct: $AISettings_Spiny
Creating struct: $Script_NpcAI_Spiny
Creating struct: $NpcSettings_Spiny
Creating struct: $AISettings_BonyBeetle
Creating struct: $Script_NpcAI_BonyBeetle
Creating struct: $NpcSettings_BonyBeetle
Creating struct: $Function_DoAI_ShellEnemy
Creating struct: $Function_Koopa_80240000
Creating struct: $Function_Koopa_8024007C
Creating struct: $Function_Koopa_802401B0
Creating struct: $Function_Koopa_80240314
Creating struct: $NpcSettings_Bubble
Creating struct: $Script_NpcAI_Bubble
Creating struct: $AISettings_Bubble
Creating struct: $JumpTable_NEW130A8
Creating struct: $JumpTable_NEW130F0
Creating struct: $Function_NEW10000
Creating struct: $Function_NEW10348
Creating struct: $Function_NEW1040C
Creating struct: $Function_NEW10530
Creating struct: $Function_NEW10720
Creating struct: $Function_NEW107F4
Creating struct: $Function_NEW10820
Creating struct: $Function_NEW109D0
Creating struct: $Function_NEW10FF8
Creating struct: $Function_NEW110B8
Creating struct: $Function_NEW113FC
Creating struct: $Function_NEW11474
Creating struct: $Function_NEW114E0
Creating struct: $Function_NEW11614
Creating struct: $Function_NEW11678
Creating struct: $Function_NEW11A08
Creating struct: $Function_NEW11B2C
Creating struct: $Function_NEW11D18
Creating struct: $Function_NEW11E48
Creating struct: $Function_NEW120C8
Creating struct: $Function_NEW12124
Creating struct: $???_NEW123E0
Creating struct: $FloatTable_NEW12930
Creating struct: $FloatTable_NEW12B90
Reading patch file: map/import/NPC_HammerBro.mpat
Creating struct: $ExtraAnimationList_HammerBroHammer
Creating struct: $AISettings_HammerBro
Creating struct: $Script_NpcAI_HammerBro
Creating struct: $NpcSettings_HammerBro
Creating struct: $AISettings_HammerBroHammer
Creating struct: $Script_NpcAI_HammerBroHammer
Creating struct: $Script_Null_HammerBro
Creating struct: $Script_80244188_HammerBro
Creating struct: $Function_80241524_HammerBro
Creating struct: $Function_80240DA8_HammerBro
Creating struct: $Script_80243F50_HammerBro
Creating struct: $NpcSettings_HammerBroHammer
Creating struct: $Function_HammerBroHammer
Creating struct: $Function_DoAI_HammerBro
Creating struct: $JumpTable_80245B48_HammerBro
Creating struct: $Function_80240310_HammerBro
Creating struct: $Function_80240500_HammerBro
Creating struct: $Function_80240644_HammerBro
Creating struct: $Function_80240744_HammerBro
Creating struct: $Function_80240788_HammerBro
Creating struct: $Function_80240828_HammerBro
Creating struct: $Header
Creating struct: $Function_GetTattle
Creating struct: $Function_Init
Creating struct: $EntryList
Creating struct: $Script_RaisePipe
Creating struct: $Script_UseBluePipe
Creating struct: $Reset_Enemy_Flag
Creating struct: $Script_GetPipeWorking
Creating struct: $Script_Outcome
Creating struct: $Script_Init_Enemy
Reading patch for $Script_NpcAI_Bubble
Creating struct: $NpcGroup_Ember
Creating struct: $NpcGroup_BonyBeetle
Creating struct: $NpcGroup_Koopatrol
Creating struct: $NpcGroup_HammerBro
Creating struct: $NpcGroup_GoldKoopatrol
Creating struct: $NpcGroup_1
Creating struct: $NpcGroup_2
Creating struct: $NpcGroup_3
Creating struct: $NpcGroup_4
Creating struct: $NpcGroup_5
Creating struct: $NpcGroup_6
Creating struct: $NpcGroup_7
Creating struct: $NpcGroup_8
Creating struct: $NpcGroup_9
Creating struct: $Script_Main
Creating struct: $Script_SignPost
Merged 1 regions to 1
$NpcGroup_HammerBro will be placed at 80240000 (length = D90 bytes)
$Function_NEW109D0 will be placed at 80240D90 (length = 638 bytes)
$Function_HammerBroHammer will be placed at 802413C8 (length = 53C bytes)
$Function_80240DA8_HammerBro will be placed at 80241904 (length = 46C bytes)
$Function_DoAI_ShellEnemy will be placed at 80241D70 (length = 440 bytes)
$Function_NEW11678 will be placed at 802421B0 (length = 390 bytes)
$Function_NEW10000 will be placed at 80242540 (length = 350 bytes)
$Function_NEW110B8 will be placed at 80242890 (length = 344 bytes)
$Function_Fuzzy_80240230 will be placed at 80242BD4 (length = 340 bytes)
$Function_DoAI_HammerBro will be placed at 80242F14 (length = 320 bytes)
$Function_Fuzzy_802408AC will be placed at 80243234 (length = 300 bytes)
$Function_NEW11E48 will be placed at 80243534 (length = 288 bytes)
$Function_Fuzzy_80240000 will be placed at 802437BC (length = 230 bytes)
$Function_Fuzzy_80240BF0 will be placed at 802439EC (length = 224 bytes)
$Function_80240310_HammerBro will be placed at 80243C10 (length = 1F8 bytes)
$NpcGroup_GoldKoopatrol will be placed at 80243E08 (length = 1F0 bytes)
$NpcGroup_Ember will be placed at 80243FF8 (length = 1F0 bytes)
$NpcGroup_BonyBeetle will be placed at 802441E8 (length = 1F0 bytes)
$NpcGroup_Koopatrol will be placed at 802443D8 (length = 1F0 bytes)
$Function_NEW11B2C will be placed at 802445C8 (length = 1EC bytes)
$Function_NEW12124 will be placed at 802447B4 (length = 1E8 bytes)
$Function_NEW10530 will be placed at 8024499C (length = 1E8 bytes)
$Script_Main will be placed at 80244B84 (length = 1C8 bytes)
$Function_NEW10820 will be placed at 80244D4C (length = 1B8 bytes)
$Function_Fuzzy_80240628 will be placed at 80244F04 (length = 1A4 bytes)
$JumpTable_80245B48_HammerBro will be placed at 802450A8 (length = 190 bytes)
$Function_Koopa_802401B0 will be placed at 80245238 (length = 164 bytes)
$Script_80244188_HammerBro will be placed at 8024539C (length = 150 bytes)
$Function_80240500_HammerBro will be placed at 802454EC (length = 144 bytes)
$Script_SignPost will be placed at 80245630 (length = 140 bytes)
$Function_Koopa_8024007C will be placed at 80245770 (length = 13C bytes)
$Function_NEW114E0 will be placed at 802458AC (length = 134 bytes)
$Function_NEW11D18 will be placed at 802459E0 (length = 130 bytes)
$Function_NEW11A08 will be placed at 80245B10 (length = 124 bytes)
$Function_NEW1040C will be placed at 80245C34 (length = 124 bytes)
$Function_80240644_HammerBro will be placed at 80245D58 (length = 100 bytes)
$Function_Fuzzy_802407CC will be placed at 80245E58 (length = E0 bytes)
$Function_NEW10720 will be placed at 80245F38 (length = D4 bytes)
$Function_NEW10348 will be placed at 8024600C (length = C4 bytes)
$Function_Fuzzy_80240568 will be placed at 802460D0 (length = C0 bytes)
$Function_NEW10FF8 will be placed at 80246190 (length = C0 bytes)
$MapTattle will be placed at 80246250 (length = B0 bytes)
$Function_80240788_HammerBro will be placed at 80246300 (length = A0 bytes)
$Script_80243F50_HammerBro will be placed at 802463A0 (length = 98 bytes)
$Function_Koopa_80240314 will be placed at 80246438 (length = 80 bytes)
$Function_Koopa_80240000 will be placed at 802464B8 (length = 7C bytes)
$Function_NEW113FC will be placed at 80246534 (length = 78 bytes)
$FloatTable_NEW12930 will be placed at 802465AC (length = 70 bytes)
$Function_NEW11474 will be placed at 8024661C (length = 6C bytes)
$Function_NEW11614 will be placed at 80246688 (length = 64 bytes)
$Function_NEW120C8 will be placed at 802466EC (length = 5C bytes)
$Script_NpcAI_Spiny will be placed at 80246748 (length = 54 bytes)
$JumpTable_Koopa_80245CF8 will be placed at 8024679C (length = 54 bytes)
$JumpTable_NEW130F0 will be placed at 802467F0 (length = 54 bytes)
$Script_NpcAI_BonyBeetle will be placed at 80246844 (length = 54 bytes)
$Script_NpcAI_BuzzyBeetle will be placed at 80246898 (length = 54 bytes)
$Script_NpcAI_Koopa will be placed at 802468EC (length = 54 bytes)
$Script_NpcAI_Koopatrol will be placed at 80246940 (length = 54 bytes)
$Script_NpcAI_HammerBro will be placed at 80246994 (length = 54 bytes)
$Script_NpcAI_Bubble will be placed at 802469E8 (length = 54 bytes)
$Script_GetPipeWorking will be placed at 80246A3C (length = 4C bytes)
$Script_Outcome will be placed at 80246A88 (length = 44 bytes)
$Script_NpcAI_HammerBroHammer will be placed at 80246ACC (length = 44 bytes)
$Function_80240828_HammerBro will be placed at 80246B10 (length = 44 bytes)
$Function_80240744_HammerBro will be placed at 80246B54 (length = 44 bytes)
$Function_Fuzzy_80240BAC will be placed at 80246B98 (length = 44 bytes)
$Header will be placed at 80246BDC (length = 40 bytes)
$Error will be placed at 80246C1C (length = 3C bytes)
$JumpTable_Fuzzy_802423B8 will be placed at 80246C58 (length = 3C bytes)
$JumpTable_NEW130A8 will be placed at 80246C94 (length = 3C bytes)
$Function_80241524_HammerBro will be placed at 80246CD0 (length = 38 bytes)
$AISettings_Spiny will be placed at 80246D08 (length = 30 bytes)
$AISettings_BonyBeetle will be placed at 80246D38 (length = 30 bytes)
$AISettings_BuzzyBeetle will be placed at 80246D68 (length = 30 bytes)
$AISettings_Koopa_802427BC will be placed at 80246D98 (length = 30 bytes)
$AISettings_Bubble will be placed at 80246DC8 (length = 30 bytes)
$AISettings_Koopatrol will be placed at 80246DF8 (length = 30 bytes)
$AISettings_Fuzzy_802413E0 will be placed at 80246E28 (length = 30 bytes)
$AISettings_HammerBroHammer will be placed at 80246E58 (length = 30 bytes)
$AISettings_HammerBro will be placed at 80246E88 (length = 30 bytes)
$AISettings_Goomba will be placed at 80246EB8 (length = 30 bytes)
$Function_NEW107F4 will be placed at 80246EE8 (length = 2C bytes)
$Script_NpcAI_Fuzzy will be placed at 80246F14 (length = 2C bytes)
$NpcSettings_Fuzzy will be placed at 80246F40 (length = 2C bytes)
$NpcSettings_HammerBro will be placed at 80246F6C (length = 2C bytes)
$NpcSettings_Bubble will be placed at 80246F98 (length = 2C bytes)
$NpcSettings_Koopa will be placed at 80246FC4 (length = 2C bytes)
$Function_Init will be placed at 80246FF0 (length = 2C bytes)
$NpcSettings_HammerBroHammer will be placed at 8024701C (length = 2C bytes)
$NpcSettings_Koopatrol will be placed at 80247048 (length = 2C bytes)
$NpcSettings_Spiny will be placed at 80247074 (length = 2C bytes)
$Script_RaisePipe will be placed at 802470A0 (length = 2C bytes)
$NpcSettings_BonyBeetle will be placed at 802470CC (length = 2C bytes)
$NpcSettings_BuzzyBeetle will be placed at 802470F8 (length = 2C bytes)
$NpcSettings_Goomba will be placed at 80247124 (length = 2C bytes)
$Script_UseBluePipe will be placed at 80247150 (length = 28 bytes)
$EntryList will be placed at 80247178 (length = 20 bytes)
$Reset_Enemy_Flag will be placed at 80247198 (length = 20 bytes)
$Floor9 will be placed at 802471B8 (length = 18 bytes)
$Floor8 will be placed at 802471D0 (length = 18 bytes)
$Floor1 will be placed at 802471E8 (length = 18 bytes)
$Floor3 will be placed at 80247200 (length = 18 bytes)
$Floor2 will be placed at 80247218 (length = 18 bytes)
$Floor5 will be placed at 80247230 (length = 18 bytes)
$Floor4 will be placed at 80247248 (length = 18 bytes)
$Floor7 will be placed at 80247260 (length = 18 bytes)
$Floor6 will be placed at 80247278 (length = 18 bytes)
$Script_Init_Enemy will be placed at 80247290 (length = 18 bytes)
$FloatTable_NEW12B90 will be placed at 802472A8 (length = 18 bytes)
$NpcGroup_1 will be placed at 802472C0 (length = 18 bytes)
$NpcGroup_2 will be placed at 802472D8 (length = 18 bytes)
$NpcGroup_3 will be placed at 802472F0 (length = 18 bytes)
$NpcGroup_4 will be placed at 80247308 (length = 18 bytes)
$NpcGroup_9 will be placed at 80247320 (length = 18 bytes)
$NpcGroup_5 will be placed at 80247338 (length = 18 bytes)
$NpcGroup_6 will be placed at 80247350 (length = 18 bytes)
$NpcGroup_7 will be placed at 80247368 (length = 18 bytes)
$NpcGroup_8 will be placed at 80247380 (length = 18 bytes)
$Script_GoombaAI will be placed at 80247398 (length = 14 bytes)
$Function_GetTattle will be placed at 802473AC (length = 14 bytes)
$ASCII_"pit_08"_Literal will be placed at 802473C0 (length = C bytes)
$ASCII_"pit_11"_Literal will be placed at 802473CC (length = C bytes)
$ExtraAnimationList_HammerBroHammer will be placed at 802473D8 (length = 8 bytes)
$Script_Null_HammerBro will be placed at 802473E0 (length = 8 bytes)
$ASCII_"kpa_tex"_Literal will be placed at 802473E8 (length = 8 bytes)
$???_NEW123E0 will be placed at 802473F0 (length = 4 bytes)
Executing patches for: pit_09
Reading patch file: map/patch/pit of 100 trials/pit_09.mpat
Reading patch file: map/import/Pit_AI.mpat
Creating struct: $NpcSettings_Goomba
Creating struct: $NpcSettings_Koopa
Creating struct: $NpcSettings_Fuzzy
Creating struct: $Script_NpcAI_Fuzzy
Creating struct: $Script_GoombaAI
Creating struct: $AISettings_Goomba
Creating struct: $AISettings_Fuzzy_802413E0
Creating struct: $JumpTable_Fuzzy_802423B8
Creating struct: $Function_Fuzzy_80240000
Creating struct: $Function_Fuzzy_80240230
Creating struct: $Function_Fuzzy_80240568
Creating struct: $Function_Fuzzy_80240628
Creating struct: $Function_Fuzzy_802407CC
Creating struct: $Function_Fuzzy_802408AC
Creating struct: $Function_Fuzzy_80240BAC
Creating struct: $Function_Fuzzy_80240BF0
Creating struct: $JumpTable_Koopa_80245CF8
Creating struct: $Script_NpcAI_Koopa
Creating struct: $AISettings_Koopa_802427BC
Creating struct: $NpcSettings_BuzzyBeetle
Creating struct: $AISettings_BuzzyBeetle
Creating struct: $Script_NpcAI_BuzzyBeetle
Creating struct: $AISettings_Koopatrol
Creating struct: $Script_NpcAI_Koopatrol
Creating struct: $NpcSettings_Koopatrol
Creating struct: $AISettings_Spiny
Creating struct: $Script_NpcAI_Spiny
Creating struct: $NpcSettings_Spiny
Creating struct: $AISettings_BonyBeetle
Creating struct: $Script_NpcAI_BonyBeetle
Creating struct: $NpcSettings_BonyBeetle
Creating struct: $Function_DoAI_ShellEnemy
Creating struct: $Function_Koopa_80240000
Creating struct: $Function_Koopa_8024007C
Creating struct: $Function_Koopa_802401B0
Creating struct: $Function_Koopa_80240314
Creating struct: $NpcSettings_Bubble
Creating struct: $Script_NpcAI_Bubble
Creating struct: $AISettings_Bubble
Creating struct: $JumpTable_NEW130A8
Creating struct: $JumpTable_NEW130F0
Creating struct: $Function_NEW10000
Creating struct: $Function_NEW10348
Creating struct: $Function_NEW1040C
Creating struct: $Function_NEW10530
Creating struct: $Function_NEW10720
Creating struct: $Function_NEW107F4
Creating struct: $Function_NEW10820
Creating struct: $Function_NEW109D0
Creating struct: $Function_NEW10FF8
Creating struct: $Function_NEW110B8
Creating struct: $Function_NEW113FC
Creating struct: $Function_NEW11474
Creating struct: $Function_NEW114E0
Creating struct: $Function_NEW11614
Creating struct: $Function_NEW11678
Creating struct: $Function_NEW11A08
Creating struct: $Function_NEW11B2C
Creating struct: $Function_NEW11D18
Creating struct: $Function_NEW11E48
Creating struct: $Function_NEW120C8
Creating struct: $Function_NEW12124
Creating struct: $???_NEW123E0
Creating struct: $FloatTable_NEW12930
Creating struct: $FloatTable_NEW12B90
Reading patch file: map/import/NPC_Puff.mpat
Creating struct: $AISettings_Puff
Creating struct: $Script_NpcAI_Puff
Creating struct: $NpcSettings_Puff
Creating struct: $JumpTable_80245450_PoisonPuff
Creating struct: $Function_80240E50_PoisonPuff
Creating struct: $Function_80241000_PoisonPuff
Creating struct: $Function_80241628_PoisonPuff
Creating struct: $Function_802416E8_PoisonPuff
Creating struct: $Function_80241A2C_PoisonPuff
Creating struct: $Function_80241AA4_PoisonPuff
Creating struct: $Function_80241B10_PoisonPuff
Creating struct: $Function_80241C44_PoisonPuff
Creating struct: $Function_80241CA8_PoisonPuff
Creating struct: $Function_80242038_PoisonPuff
Creating struct: $Function_80242754_PoisonPuff
Creating struct: $Function_80242348_PoisonPuff
Creating struct: $Function_80242478_PoisonPuff
Creating struct: $Function_802426F8_PoisonPuff
Creating struct: $FloatTable_80244010_PoisonPuff
Reading patch file: map/import/NPC_Boo.mpat
Creating struct: $Function_802404E0_BooEnemy
Creating struct: $Function_80240690_BooEnemy
Creating struct: $Function_80240CB8_BooEnemy
Creating struct: $Function_80240D78_BooEnemy
Creating struct: $Function_802410BC_BooEnemy
Creating struct: $Function_80241134_BooEnemy
Creating struct: $Function_802416C8_BooEnemy
Creating struct: $Function_802419D8_BooEnemy
Creating struct: $Function_80241B08_BooEnemy
Creating struct: $Function_80241D88_BooEnemy
Creating struct: $Function_AI_BooEnemy
Creating struct: $FloatTable_BooEnemy
Creating struct: $JumpTable_BooEnemy
Creating struct: $AISettings_BooEnemy
Creating struct: $Script_NpcAI_BooEnemy
Creating struct: $NpcSettings_BooEnemy
Creating struct: $Function_ChooseAlpha
Creating struct: $Script_Boo_Aux
Reading patch file: map/import/NPC_Cleft.mpat
Creating struct: $AISettings_Cleft
Creating struct: $Script_NpcAI_Cleft
Creating struct: $NpcSettings_Cleft
Creating struct: $Function_DoAI_Cleft
Creating struct: $Function_80240000
Creating struct: $Function_80240160
Creating struct: $Function_802401D4
Creating struct: $Function_80240304
Creating struct: $Function_802403A0
Creating struct: $Function_80240428
Creating struct: $Function_802404D0
Creating struct: $Function_80240644
Creating struct: $Function_80240694
Creating struct: $Function_80240834
Creating struct: $Function_80240984
Creating struct: $Function_80240A30
Creating struct: $Function_80240B68
Creating struct: $Function_80240BE4
Creating struct: $Function_80240C4C
Creating struct: $JumpTable_80242D68
Creating struct: $Header
Creating struct: $Function_GetTattle
Creating struct: $Function_Init
Creating struct: $EntryList
Creating struct: $Script_RaisePipe
Creating struct: $Script_UseBluePipe
Creating struct: $Reset_Enemy_Flag
Creating struct: $Script_GetPipeWorking
Creating struct: $Script_Outcome
Creating struct: $Script_Init_Enemy
Creating struct: $NpcGroup_Puff
Creating struct: $NpcGroup_Cleft
Creating struct: $NpcGroup_Boo
Creating struct: $NpcGroup_Bobomb
Creating struct: $NpcGroup_LilSparky
Creating struct: $NpcGroup_DarkBeetle
Reading patch for $Script_NpcAI_Bubble
Reading patch for $AISettings_BuzzyBeetle
Creating struct: $NpcGroup_1
Creating struct: $NpcGroup_2
Creating struct: $NpcGroup_3
Creating struct: $NpcGroup_4
Creating struct: $NpcGroup_5
Creating struct: $NpcGroup_6
Creating struct: $NpcGroup_7
Creating struct: $NpcGroup_8
Creating struct: $NpcGroup_9
Reading patch for $Script_NpcAI_Cleft
Creating struct: $Script_Main
Creating struct: $Script_SignPost
Merged 1 regions to 1
$Function_80240690_BooEnemy will be placed at 80240000 (length = 638 bytes)
$Function_80241000_PoisonPuff will be placed at 80240638 (length = 638 bytes)
$Function_NEW109D0 will be placed at 80240C70 (length = 638 bytes)
$Function_DoAI_ShellEnemy will be placed at 802412A8 (length = 440 bytes)
$Function_80241CA8_PoisonPuff will be placed at 802416E8 (length = 390 bytes)
$Function_NEW11678 will be placed at 80241A78 (length = 390 bytes)
$Function_NEW10000 will be placed at 80241E08 (length = 350 bytes)
$Function_DoAI_Cleft will be placed at 80242158 (length = 350 bytes)
$Function_80240D78_BooEnemy will be placed at 802424A8 (length = 344 bytes)
$Function_802416E8_PoisonPuff will be placed at 802427EC (length = 344 bytes)
$Function_NEW110B8 will be placed at 80242B30 (length = 344 bytes)
$Function_Fuzzy_80240230 will be placed at 80242E74 (length = 340 bytes)
$Function_Fuzzy_802408AC will be placed at 802431B4 (length = 300 bytes)
$Function_80242478_PoisonPuff will be placed at 802434B4 (length = 288 bytes)
$Function_NEW11E48 will be placed at 8024373C (length = 288 bytes)
$Function_80241B08_BooEnemy will be placed at 802439C4 (length = 288 bytes)
$Function_Fuzzy_80240000 will be placed at 80243C4C (length = 230 bytes)
$Function_Fuzzy_80240BF0 will be placed at 80243E7C (length = 224 bytes)
$NpcGroup_DarkBeetle will be placed at 802440A0 (length = 1F0 bytes)
$NpcGroup_Puff will be placed at 80244290 (length = 1F0 bytes)
$NpcGroup_Bobomb will be placed at 80244480 (length = 1F0 bytes)
$NpcGroup_LilSparky will be placed at 80244670 (length = 1F0 bytes)
$NpcGroup_Cleft will be placed at 80244860 (length = 1F0 bytes)
$NpcGroup_Boo will be placed at 80244A50 (length = 1F0 bytes)
$Function_NEW11B2C will be placed at 80244C40 (length = 1EC bytes)
$Function_NEW12124 will be placed at 80244E2C (length = 1E8 bytes)
$Function_80242754_PoisonPuff will be placed at 80245014 (length = 1E8 bytes)
$Function_AI_BooEnemy will be placed at 802451FC (length = 1E8 bytes)
$Function_NEW10530 will be placed at 802453E4 (length = 1E8 bytes)
$Script_Main will be placed at 802455CC (length = 1C8 bytes)
$Function_80240E50_PoisonPuff will be placed at 80245794 (length = 1B8 bytes)
$Function_802404E0_BooEnemy will be placed at 8024594C (length = 1B8 bytes)
$Function_NEW10820 will be placed at 80245B04 (length = 1B8 bytes)
$Function_80240694 will be placed at 80245CBC (length = 1A8 bytes)
$Function_Fuzzy_80240628 will be placed at 80245E64 (length = 1A4 bytes)
$Function_802404D0 will be placed at 80246008 (length = 174 bytes)
$Function_80240000 will be placed at 8024617C (length = 168 bytes)
$Function_Koopa_802401B0 will be placed at 802462E4 (length = 164 bytes)
$Function_80240834 will be placed at 80246448 (length = 150 bytes)
$Script_SignPost will be placed at 80246598 (length = 140 bytes)
$Function_Koopa_8024007C will be placed at 802466D8 (length = 13C bytes)
$Function_80240A30 will be placed at 80246814 (length = 138 bytes)
$Function_802401D4 will be placed at 8024694C (length = 138 bytes)
$Function_80241B10_PoisonPuff will be placed at 80246A84 (length = 134 bytes)
$Function_NEW114E0 will be placed at 80246BB8 (length = 134 bytes)
$Function_NEW11D18 will be placed at 80246CEC (length = 130 bytes)
$Function_80242348_PoisonPuff will be placed at 80246E1C (length = 130 bytes)
$Function_802419D8_BooEnemy will be placed at 80246F4C (length = 130 bytes)
$Function_802416C8_BooEnemy will be placed at 8024707C (length = 124 bytes)
$Function_80242038_PoisonPuff will be placed at 802471A0 (length = 124 bytes)
$Function_NEW11A08 will be placed at 802472C4 (length = 124 bytes)
$Function_NEW1040C will be placed at 802473E8 (length = 124 bytes)
$MapTattle will be placed at 8024750C (length = 110 bytes)
$Function_Fuzzy_802407CC will be placed at 8024761C (length = E0 bytes)
$Function_NEW10720 will be placed at 802476FC (length = D4 bytes)
$JumpTable_80242D68 will be placed at 802477D0 (length = D4 bytes)
$Script_Boo_Aux will be placed at 802478A4 (length = CC bytes)
$Function_NEW10348 will be placed at 80247970 (length = C4 bytes)
$Function_Fuzzy_80240568 will be placed at 80247A34 (length = C0 bytes)
$Function_80240CB8_BooEnemy will be placed at 80247AF4 (length = C0 bytes)
$Function_80241628_PoisonPuff will be placed at 80247BB4 (length = C0 bytes)
$Function_NEW10FF8 will be placed at 80247C74 (length = C0 bytes)
$Function_80240984 will be placed at 80247D34 (length = B4 bytes)
$Function_80240428 will be placed at 80247DE8 (length = A8 bytes)
$Function_80240304 will be placed at 80247E90 (length = 9C bytes)
$Function_ChooseAlpha will be placed at 80247F2C (length = 98 bytes)
$Function_802403A0 will be placed at 80247FC4 (length = 88 bytes)
$Function_Koopa_80240314 will be placed at 8024804C (length = 80 bytes)
$Function_Koopa_80240000 will be placed at 802480CC (length = 7C bytes)
$Function_80240B68 will be placed at 80248148 (length = 7C bytes)
$Function_80241A2C_PoisonPuff will be placed at 802481C4 (length = 78 bytes)
$Function_802410BC_BooEnemy will be placed at 8024823C (length = 78 bytes)
$Function_NEW113FC will be placed at 802482B4 (length = 78 bytes)
$Function_80240160 will be placed at 8024832C (length = 74 bytes)
$FloatTable_NEW12930 will be placed at 802483A0 (length = 70 bytes)
$Function_80241AA4_PoisonPuff will be placed at 80248410 (length = 6C bytes)
$Function_NEW11474 will be placed at 8024847C (length = 6C bytes)
$Function_80241134_BooEnemy will be placed at 802484E8 (length = 6C bytes)
$Function_80240BE4 will be placed at 80248554 (length = 68 bytes)
$Function_NEW11614 will be placed at 802485BC (length = 64 bytes)
$Function_80241C44_PoisonPuff will be placed at 80248620 (length = 64 bytes)
$Function_802426F8_PoisonPuff will be placed at 80248684 (length = 5C bytes)
$Function_80241D88_BooEnemy will be placed at 802486E0 (length = 5C bytes)
$Function_NEW120C8 will be placed at 8024873C (length = 5C bytes)
$JumpTable_BooEnemy will be placed at 80248798 (length = 54 bytes)
$JumpTable_80245450_PoisonPuff will be placed at 802487EC (length = 54 bytes)
$Script_NpcAI_Spiny will be placed at 80248840 (length = 54 bytes)
$JumpTable_Koopa_80245CF8 will be placed at 80248894 (length = 54 bytes)
$JumpTable_NEW130F0 will be placed at 802488E8 (length = 54 bytes)
$Script_NpcAI_BonyBeetle will be placed at 8024893C (length = 54 bytes)
$Script_NpcAI_BuzzyBeetle will be placed at 80248990 (length = 54 bytes)
$Script_NpcAI_Puff will be placed at 802489E4 (length = 54 bytes)
$Script_NpcAI_Koopa will be placed at 80248A38 (length = 54 bytes)
$Script_NpcAI_Koopatrol will be placed at 80248A8C (length = 54 bytes)
$Script_NpcAI_BooEnemy will be placed at 80248AE0 (length = 54 bytes)
$Script_NpcAI_Bubble will be placed at 80248B34 (length = 54 bytes)
$Function_80240644 will be placed at 80248B88 (length = 50 bytes)
$Script_GetPipeWorking will be placed at 80248BD8 (length = 4C bytes)
$Script_Outcome will be placed at 80248C24 (length = 44 bytes)
$Function_80240C4C will be placed at 80248C68 (length = 44 bytes)
$Function_Fuzzy_80240BAC will be placed at 80248CAC (length = 44 bytes)
$Header will be placed at 80248CF0 (length = 40 bytes)
$Error will be placed at 80248D30 (length = 3C bytes)
$JumpTable_Fuzzy_802423B8 will be placed at 80248D6C (length = 3C bytes)
$JumpTable_NEW130A8 will be placed at 80248DA8 (length = 3C bytes)
$AISettings_Spiny will be placed at 80248DE4 (length = 30 bytes)
$AISettings_BonyBeetle will be placed at 80248E14 (length = 30 bytes)
$AISettings_BuzzyBeetle will be placed at 80248E44 (length = 30 bytes)
$AISettings_Koopa_802427BC will be placed at 80248E74 (length = 30 bytes)
$AISettings_Bubble will be placed at 80248EA4 (length = 30 bytes)
$AISettings_Koopatrol will be placed at 80248ED4 (length = 30 bytes)
$AISettings_Puff will be placed at 80248F04 (length = 30 bytes)
$AISettings_Fuzzy_802413E0 will be placed at 80248F34 (length = 30 bytes)
$AISettings_BooEnemy will be placed at 80248F64 (length = 30 bytes)
$AISettings_Cleft will be placed at 80248F94 (length = 30 bytes)
$AISettings_Goomba will be placed at 80248FC4 (length = 30 bytes)
$Function_NEW107F4 will be placed at 80248FF4 (length = 2C bytes)
$NpcSettings_BooEnemy will be placed at 80249020 (length = 2C bytes)
$NpcSettings_Cleft will be placed at 8024904C (length = 2C bytes)
$Script_NpcAI_Fuzzy will be placed at 80249078 (length = 2C bytes)
$NpcSettings_Fuzzy will be placed at 802490A4 (length = 2C bytes)
$NpcSettings_Bubble will be placed at 802490D0 (length = 2C bytes)
$NpcSettings_Koopa will be placed at 802490FC (length = 2C bytes)
$Function_Init will be placed at 80249128 (length = 2C bytes)
$NpcSettings_Puff will be placed at 80249154 (length = 2C bytes)
$NpcSettings_Koopatrol will be placed at 80249180 (length = 2C bytes)
$NpcSettings_Spiny will be placed at 802491AC (length = 2C bytes)
$Script_RaisePipe will be placed at 802491D8 (length = 2C bytes)
$NpcSettings_BonyBeetle will be placed at 80249204 (length = 2C bytes)
$NpcSettings_BuzzyBeetle will be placed at 80249230 (length = 2C bytes)
$NpcSettings_Goomba will be placed at 8024925C (length = 2C bytes)
$Script_UseBluePipe will be placed at 80249288 (length = 28 bytes)
$EntryList will be placed at 802492B0 (length = 20 bytes)
$Reset_Enemy_Flag will be placed at 802492D0 (length = 20 bytes)
$Floor9 will be placed at 802492F0 (length = 18 bytes)
$Floor8 will be placed at 80249308 (length = 18 bytes)
$Floor1 will be placed at 80249320 (length = 18 bytes)
$Floor3 will be placed at 80249338 (length = 18 bytes)
$Floor2 will be placed at 80249350 (length = 18 bytes)
$Floor5 will be placed at 80249368 (length = 18 bytes)
$Floor4 will be placed at 80249380 (length = 18 bytes)
$Floor7 will be placed at 80249398 (length = 18 bytes)
$Floor6 will be placed at 802493B0 (length = 18 bytes)
$Script_Init_Enemy will be placed at 802493C8 (length = 18 bytes)
$FloatTable_80244010_PoisonPuff will be placed at 802493E0 (length = 18 bytes)
$FloatTable_BooEnemy will be placed at 802493F8 (length = 18 bytes)
$FloatTable_NEW12B90 will be placed at 80249410 (length = 18 bytes)
$NpcGroup_1 will be placed at 80249428 (length = 18 bytes)
$NpcGroup_2 will be placed at 80249440 (length = 18 bytes)
$NpcGroup_3 will be placed at 80249458 (length = 18 bytes)
$NpcGroup_4 will be placed at 80249470 (length = 18 bytes)
$Script_NpcAI_Cleft will be placed at 80249488 (length = 18 bytes)
$NpcGroup_9 will be placed at 802494A0 (length = 18 bytes)
$NpcGroup_5 will be placed at 802494B8 (length = 18 bytes)
$NpcGroup_6 will be placed at 802494D0 (length = 18 bytes)
$NpcGroup_7 will be placed at 802494E8 (length = 18 bytes)
$NpcGroup_8 will be placed at 80249500 (length = 18 bytes)
$Script_GoombaAI will be placed at 80249518 (length = 14 bytes)
$Function_GetTattle will be placed at 8024952C (length = 14 bytes)
$ASCII_"pit_09"_Literal will be placed at 80249540 (length = C bytes)
$ASCII_"pit_11"_Literal will be placed at 8024954C (length = C bytes)
$ASCII_"kpa_tex"_Literal will be placed at 80249558 (length = 8 bytes)
$???_NEW123E0 will be placed at 80249560 (length = 4 bytes)
Executing patches for: pit_10
Reading patch file: map/patch/pit of 100 trials/pit_10.mpat
Reading patch file: map/import/Pit_AI.mpat
Creating struct: $NpcSettings_Goomba
Creating struct: $NpcSettings_Koopa
Creating struct: $NpcSettings_Fuzzy
Creating struct: $Script_NpcAI_Fuzzy
Creating struct: $Script_GoombaAI
Creating struct: $AISettings_Goomba
Creating struct: $AISettings_Fuzzy_802413E0
Creating struct: $JumpTable_Fuzzy_802423B8
Creating struct: $Function_Fuzzy_80240000
Creating struct: $Function_Fuzzy_80240230
Creating struct: $Function_Fuzzy_80240568
Creating struct: $Function_Fuzzy_80240628
Creating struct: $Function_Fuzzy_802407CC
Creating struct: $Function_Fuzzy_802408AC
Creating struct: $Function_Fuzzy_80240BAC
Creating struct: $Function_Fuzzy_80240BF0
Creating struct: $JumpTable_Koopa_80245CF8
Creating struct: $Script_NpcAI_Koopa
Creating struct: $AISettings_Koopa_802427BC
Creating struct: $NpcSettings_BuzzyBeetle
Creating struct: $AISettings_BuzzyBeetle
Creating struct: $Script_NpcAI_BuzzyBeetle
Creating struct: $AISettings_Koopatrol
Creating struct: $Script_NpcAI_Koopatrol
Creating struct: $NpcSettings_Koopatrol
Creating struct: $AISettings_Spiny
Creating struct: $Script_NpcAI_Spiny
Creating struct: $NpcSettings_Spiny
Creating struct: $AISettings_BonyBeetle
Creating struct: $Script_NpcAI_BonyBeetle
Creating struct: $NpcSettings_BonyBeetle
Creating struct: $Function_DoAI_ShellEnemy
Creating struct: $Function_Koopa_80240000
Creating struct: $Function_Koopa_8024007C
Creating struct: $Function_Koopa_802401B0
Creating struct: $Function_Koopa_80240314
Creating struct: $NpcSettings_Bubble
Creating struct: $Script_NpcAI_Bubble
Creating struct: $AISettings_Bubble
Creating struct: $JumpTable_NEW130A8
Creating struct: $JumpTable_NEW130F0
Creating struct: $Function_NEW10000
Creating struct: $Function_NEW10348
Creating struct: $Function_NEW1040C
Creating struct: $Function_NEW10530
Creating struct: $Function_NEW10720
Creating struct: $Function_NEW107F4
Creating struct: $Function_NEW10820
Creating struct: $Function_NEW109D0
Creating struct: $Function_NEW10FF8
Creating struct: $Function_NEW110B8
Creating struct: $Function_NEW113FC
Creating struct: $Function_NEW11474
Creating struct: $Function_NEW114E0
Creating struct: $Function_NEW11614
Creating struct: $Function_NEW11678
Creating struct: $Function_NEW11A08
Creating struct: $Function_NEW11B2C
Creating struct: $Function_NEW11D18
Creating struct: $Function_NEW11E48
Creating struct: $Function_NEW120C8
Creating struct: $Function_NEW12124
Creating struct: $???_NEW123E0
Creating struct: $FloatTable_NEW12930
Creating struct: $FloatTable_NEW12B90
Reading patch file: map/import/NPC_Clubba.mpat
Creating struct: $ExtraAnimationList_ClubbaA
Creating struct: $ExtraAnimationList_ClubbaB
Creating struct: $AISettings_Clubba
Creating struct: $Script_NpcAI_ClubbaA
Creating struct: $NpcSettings_ClubbaA
Creating struct: $Script_NpcAI_ClubbaB
Creating struct: $NpcSettings_ClubbaB
Creating struct: $Script_80241AB0_Clubba
Creating struct: $Function_802403BC_Clubba
Creating struct: $Function_80240000_Clubba
Creating struct: $Function_8024006C_Clubba
Creating struct: $Function_802400DC_Clubba
Creating struct: $Function_802401B4_Clubba
Creating struct: $Function_80240208_Clubba
Creating struct: $Function_8024061C_Clubba
Creating struct: $JumpTable_80242618_Clubba
Reading patch file: map/import/NPC_Dayzee.mpat
Creating struct: $AISettings_Dayzee
Creating struct: $Script_NpcAI_Dayzee
Creating struct: $NpcSettings_Dayzee
Creating struct: $Header
Creating struct: $Function_GetTattle
Creating struct: $Function_Init
Creating struct: $EntryList
Creating struct: $Script_RaisePipe
Creating struct: $Script_UseBluePipe
Creating struct: $Reset_Enemy_Flag
Creating struct: $Script_GetPipeWorking
Creating struct: $Script_Outcome
Creating struct: $Script_Init_Enemy
Reading patch for $NpcSettings_Goomba
Reading patch for $AISettings_Goomba
Creating struct: $NpcGroup_DarkGoomba
Creating struct: $NpcGroup_InsaneeDayzee
Creating struct: $NpcGroup_DarkClubba
Creating struct: $NpcGroup_DarkBubble
Reading patch for $AISettings_Clubba
Reading patch for $Script_NpcAI_ClubbaA
Reading patch for $AISettings_Bubble
Creating struct: $NpcGroup_1
Creating struct: $NpcGroup_2
Creating struct: $NpcGroup_3
Creating struct: $NpcGroup_4
Creating struct: $NpcGroup_5
Creating struct: $NpcGroup_6
Creating struct: $NpcGroup_7
Creating struct: $NpcGroup_8
Creating struct: $NpcGroup_9
Creating struct: $Script_Main
Creating struct: $Script_SignPost
Merged 1 regions to 1
$Function_NEW109D0 will be placed at 80240000 (length = 638 bytes)
$Function_DoAI_ShellEnemy will be placed at 80240638 (length = 440 bytes)
$NpcGroup_DarkClubba will be placed at 80240A78 (length = 3E0 bytes)
$Function_NEW11678 will be placed at 80240E58 (length = 390 bytes)
$Function_NEW10000 will be placed at 802411E8 (length = 350 bytes)
$Function_NEW110B8 will be placed at 80241538 (length = 344 bytes)
$Function_Fuzzy_80240230 will be placed at 8024187C (length = 340 bytes)
$Function_Fuzzy_802408AC will be placed at 80241BBC (length = 300 bytes)
$Function_8024061C_Clubba will be placed at 80241EBC (length = 2B4 bytes)
$Function_NEW11E48 will be placed at 80242170 (length = 288 bytes)
$Function_802403BC_Clubba will be placed at 802423F8 (length = 260 bytes)
$Function_Fuzzy_80240000 will be placed at 80242658 (length = 230 bytes)
$Function_Fuzzy_80240BF0 will be placed at 80242888 (length = 224 bytes)
$NpcGroup_InsaneeDayzee will be placed at 80242AAC (length = 1F0 bytes)
$NpcGroup_DarkBubble will be placed at 80242C9C (length = 1F0 bytes)
$NpcGroup_DarkGoomba will be placed at 80242E8C (length = 1F0 bytes)
$Function_NEW11B2C will be placed at 8024307C (length = 1EC bytes)
$Function_NEW12124 will be placed at 80243268 (length = 1E8 bytes)
$Function_NEW10530 will be placed at 80243450 (length = 1E8 bytes)
$Script_Main will be placed at 80243638 (length = 1C8 bytes)
$Function_NEW10820 will be placed at 80243800 (length = 1B8 bytes)
$Function_80240208_Clubba will be placed at 802439B8 (length = 1B8 bytes)
$Function_Fuzzy_80240628 will be placed at 80243B70 (length = 1A4 bytes)
$JumpTable_80242618_Clubba will be placed at 80243D14 (length = 190 bytes)
$Function_Koopa_802401B0 will be placed at 80243EA4 (length = 164 bytes)
$Script_SignPost will be placed at 80244008 (length = 140 bytes)
$Function_Koopa_8024007C will be placed at 80244148 (length = 13C bytes)
$Function_NEW114E0 will be placed at 80244284 (length = 134 bytes)
$Function_NEW11D18 will be placed at 802443B8 (length = 130 bytes)
$Function_NEW11A08 will be placed at 802444E8 (length = 124 bytes)
$Function_NEW1040C will be placed at 8024460C (length = 124 bytes)
$Function_Fuzzy_802407CC will be placed at 80244730 (length = E0 bytes)
$Function_802400DC_Clubba will be placed at 80244810 (length = D8 bytes)
$Function_NEW10720 will be placed at 802448E8 (length = D4 bytes)
$Function_NEW10348 will be placed at 802449BC (length = C4 bytes)
$Function_Fuzzy_80240568 will be placed at 80244A80 (length = C0 bytes)
$Function_NEW10FF8 will be placed at 80244B40 (length = C0 bytes)
$MapTattle will be placed at 80244C00 (length = B4 bytes)
$Script_80241AB0_Clubba will be placed at 80244CB4 (length = 88 bytes)
$Script_NpcAI_ClubbaB will be placed at 80244D3C (length = 80 bytes)
$Function_Koopa_80240314 will be placed at 80244DBC (length = 80 bytes)
$Function_Koopa_80240000 will be placed at 80244E3C (length = 7C bytes)
$Function_NEW113FC will be placed at 80244EB8 (length = 78 bytes)
$FloatTable_NEW12930 will be placed at 80244F30 (length = 70 bytes)
$Function_8024006C_Clubba will be placed at 80244FA0 (length = 70 bytes)
$Function_NEW11474 will be placed at 80245010 (length = 6C bytes)
$Function_80240000_Clubba will be placed at 8024507C (length = 6C bytes)
$Function_NEW11614 will be placed at 802450E8 (length = 64 bytes)
$Function_NEW120C8 will be placed at 8024514C (length = 5C bytes)
$Script_NpcAI_Spiny will be placed at 802451A8 (length = 54 bytes)
$JumpTable_Koopa_80245CF8 will be placed at 802451FC (length = 54 bytes)
$JumpTable_NEW130F0 will be placed at 80245250 (length = 54 bytes)
$Function_802401B4_Clubba will be placed at 802452A4 (length = 54 bytes)
$Script_NpcAI_BonyBeetle will be placed at 802452F8 (length = 54 bytes)
$Script_NpcAI_BuzzyBeetle will be placed at 8024534C (length = 54 bytes)
$Script_NpcAI_ClubbaA will be placed at 802453A0 (length = 54 bytes)
$Script_NpcAI_Koopa will be placed at 802453F4 (length = 54 bytes)
$Script_NpcAI_Koopatrol will be placed at 80245448 (length = 54 bytes)
$Script_NpcAI_Bubble will be placed at 8024549C (length = 54 bytes)
$Script_GetPipeWorking will be placed at 802454F0 (length = 4C bytes)
$Script_Outcome will be placed at 8024553C (length = 44 bytes)
$Function_Fuzzy_80240BAC will be placed at 80245580 (length = 44 bytes)
$Header will be placed at 802455C4 (length = 40 bytes)
$Error will be placed at 80245604 (length = 40 bytes)
$JumpTable_Fuzzy_802423B8 will be placed at 80245644 (length = 3C bytes)
$JumpTable_NEW130A8 will be placed at 80245680 (length = 3C bytes)
$AISettings_Spiny will be placed at 802456BC (length = 30 bytes)
$AISettings_BonyBeetle will be placed at 802456EC (length = 30 bytes)
$AISettings_BuzzyBeetle will be placed at 8024571C (length = 30 bytes)
$AISettings_Koopa_802427BC will be placed at 8024574C (length = 30 bytes)
$AISettings_Bubble will be placed at 8024577C (length = 30 bytes)
$AISettings_Koopatrol will be placed at 802457AC (length = 30 bytes)
$AISettings_Fuzzy_802413E0 will be placed at 802457DC (length = 30 bytes)
$AISettings_Dayzee will be placed at 8024580C (length = 30 bytes)
$AISettings_Goomba will be placed at 8024583C (length = 30 bytes)
$AISettings_Clubba will be placed at 8024586C (length = 30 bytes)
$Function_NEW107F4 will be placed at 8024589C (length = 2C bytes)
$Script_NpcAI_Fuzzy will be placed at 802458C8 (length = 2C bytes)
$NpcSettings_Fuzzy will be placed at 802458F4 (length = 2C bytes)
$NpcSettings_Bubble will be placed at 80245920 (length = 2C bytes)
$NpcSettings_Koopa will be placed at 8024594C (length = 2C bytes)
$Function_Init will be placed at 80245978 (length = 2C bytes)
$NpcSettings_ClubbaA will be placed at 802459A4 (length = 2C bytes)
$NpcSettings_ClubbaB will be placed at 802459D0 (length = 2C bytes)
$NpcSettings_Koopatrol will be placed at 802459FC (length = 2C bytes)
$NpcSettings_Spiny will be placed at 80245A28 (length = 2C bytes)
$Script_RaisePipe will be placed at 80245A54 (length = 2C bytes)
$NpcSettings_BonyBeetle will be placed at 80245A80 (length = 2C bytes)
$NpcSettings_BuzzyBeetle will be placed at 80245AAC (length = 2C bytes)
$NpcSettings_Dayzee will be placed at 80245AD8 (length = 2C bytes)
$NpcSettings_Goomba will be placed at 80245B04 (length = 2C bytes)
$ExtraAnimationList_ClubbaA will be placed at 80245B30 (length = 28 bytes)
$Script_UseBluePipe will be placed at 80245B58 (length = 28 bytes)
$EntryList will be placed at 80245B80 (length = 20 bytes)
$Reset_Enemy_Flag will be placed at 80245BA0 (length = 20 bytes)
$Floor9 will be placed at 80245BC0 (length = 18 bytes)
$Floor8 will be placed at 80245BD8 (length = 18 bytes)
$Floor1 will be placed at 80245BF0 (length = 18 bytes)
$Floor3 will be placed at 80245C08 (length = 18 bytes)
$Floor2 will be placed at 80245C20 (length = 18 bytes)
$Floor5 will be placed at 80245C38 (length = 18 bytes)
$Floor4 will be placed at 80245C50 (length = 18 bytes)
$Floor7 will be placed at 80245C68 (length = 18 bytes)
$Floor6 will be placed at 80245C80 (length = 18 bytes)
$Script_Init_Enemy will be placed at 80245C98 (length = 18 bytes)
$FloatTable_NEW12B90 will be placed at 80245CB0 (length = 18 bytes)
$NpcGroup_1 will be placed at 80245CC8 (length = 18 bytes)
$NpcGroup_2 will be placed at 80245CE0 (length = 18 bytes)
$NpcGroup_3 will be placed at 80245CF8 (length = 18 bytes)
$NpcGroup_4 will be placed at 80245D10 (length = 18 bytes)
$NpcGroup_9 will be placed at 80245D28 (length = 18 bytes)
$NpcGroup_5 will be placed at 80245D40 (length = 18 bytes)
$NpcGroup_6 will be placed at 80245D58 (length = 18 bytes)
$NpcGroup_7 will be placed at 80245D70 (length = 18 bytes)
$NpcGroup_8 will be placed at 80245D88 (length = 18 bytes)
$Script_NpcAI_Dayzee will be placed at 80245DA0 (length = 14 bytes)
$Script_GoombaAI will be placed at 80245DB4 (length = 14 bytes)
$Function_GetTattle will be placed at 80245DC8 (length = 14 bytes)
$ASCII_"pit_12"_Literal will be placed at 80245DDC (length = C bytes)
$ASCII_"pit_10"_Literal will be placed at 80245DE8 (length = C bytes)
$ExtraAnimationList_ClubbaB will be placed at 80245DF4 (length = 8 bytes)
$ASCII_"kpa_tex"_Literal will be placed at 80245DFC (length = 8 bytes)
$???_NEW123E0 will be placed at 80245E04 (length = 4 bytes)
Executing patches for: pit_11
Reading patch file: map/patch/pit of 100 trials/pit_11.mpat
Reading patch file: map/import/ExitViaPipe.mpat
Creating struct: $Function_80240000
Creating struct: $Function_80240034
Creating struct: $Function_802400F0
Creating struct: $Function_802401D0
Creating struct: $Function_8024023C
Creating struct: $Script_VerticalPipe
Creating struct: $Script_HorizontalPipe
Creating struct: $Script_80243E50
Creating struct: $Script_EnterCeilingPipe
Creating struct: $CeilingPipe_Function1
Creating struct: $CeilingPipe_Function2
Creating struct: $Header
Creating struct: $Function_Init
Creating struct: $Function_GetTattle
Creating struct: $EntryList
Creating struct: $Script_RaisePipe
Creating struct: $Reset_Enemy_Flag
Creating struct: $Script_UseBluePipe
Creating struct: $Script_GetPipesWorking
Creating struct: $Script_Entry2
Creating struct: $Script_ExitViaPipe
Creating struct: $Script_Outcome
Creating struct: $Script_Init_Enemy
Creating struct: $NpcGroupList_10
Creating struct: $NpcGroupList_20
Creating struct: $NpcGroupList_30
Creating struct: $NpcGroupList_40
Creating struct: $NpcGroupList_50
Creating struct: $NpcGroupList_60
Creating struct: $NpcGroupList_70
Creating struct: $NpcGroupList_80
Creating struct: $NpcGroupList_90
Creating struct: $NpcGroup_1
Creating struct: $NpcGroup_2
Creating struct: $NpcGroup_3
Creating struct: $NpcGroup_4
Creating struct: $NpcGroup_5
Creating struct: $NpcGroup_6
Creating struct: $NpcGroup_7
Creating struct: $NpcGroup_8
Creating struct: $NpcGroup_9
Creating struct: $NpcSettings_Boss
Creating struct: $Script_FightWall
Creating struct: $Script_CheckBattle
Creating struct: $Script_Main
Creating struct: $Script_MakeEntities
Creating struct: $Script_SignPost
Merged 1 regions to 1
$Script_MakeEntities will be placed at 80240000 (length = 3BC bytes)
$Script_Outcome will be placed at 802403BC (length = 254 bytes)
$Script_HorizontalPipe will be placed at 80240610 (length = 248 bytes)
$Script_EnterCeilingPipe will be placed at 80240858 (length = 23C bytes)
$Script_Main will be placed at 80240A94 (length = 200 bytes)
$NpcGroup_1 will be placed at 80240C94 (length = 1F0 bytes)
$NpcGroup_2 will be placed at 80240E84 (length = 1F0 bytes)
$NpcGroup_3 will be placed at 80241074 (length = 1F0 bytes)
$NpcGroup_4 will be placed at 80241264 (length = 1F0 bytes)
$NpcGroup_9 will be placed at 80241454 (length = 1F0 bytes)
$NpcGroup_5 will be placed at 80241644 (length = 1F0 bytes)
$NpcGroup_6 will be placed at 80241834 (length = 1F0 bytes)
$NpcGroup_7 will be placed at 80241A24 (length = 1F0 bytes)
$NpcGroup_8 will be placed at 80241C14 (length = 1F0 bytes)
$Script_80243E50 will be placed at 80241E04 (length = 160 bytes)
$Script_SignPost will be placed at 80241F64 (length = 140 bytes)
$Script_UseBluePipe will be placed at 802420A4 (length = 114 bytes)
$MapTattle will be placed at 802421B8 (length = 108 bytes)
$Function_802400F0 will be placed at 802422C0 (length = E0 bytes)
$CeilingPipe_Function1 will be placed at 802423A0 (length = E0 bytes)
$Function_80240034 will be placed at 80242480 (length = BC bytes)
$Function_8024023C will be placed at 8024253C (length = A4 bytes)
$Script_VerticalPipe will be placed at 802425E0 (length = 90 bytes)
$Function_802401D0 will be placed at 80242670 (length = 6C bytes)
$CeilingPipe_Function2 will be placed at 802426DC (length = 6C bytes)
$Script_GetPipesWorking will be placed at 80242748 (length = 64 bytes)
$Script_CheckBattle will be placed at 802427AC (length = 44 bytes)
$Header will be placed at 802427F0 (length = 40 bytes)
$Script_Init_Enemy will be placed at 80242830 (length = 40 bytes)
$Error will be placed at 80242870 (length = 3C bytes)
$Script_ExitViaPipe will be placed at 802428AC (length = 3C bytes)
$EntryList will be placed at 802428E8 (length = 30 bytes)
$NpcSettings_Boss will be placed at 80242918 (length = 2C bytes)
$Script_RaisePipe will be placed at 80242944 (length = 2C bytes)
$Function_Init will be placed at 80242970 (length = 2C bytes)
$Script_Entry2 will be placed at 8024299C (length = 20 bytes)
$Function_80240000 will be placed at 802429BC (length = 20 bytes)
$Reset_Enemy_Flag will be placed at 802429DC (length = 20 bytes)
$Floor9 will be placed at 802429FC (length = 18 bytes)
$Floor8 will be placed at 80242A14 (length = 18 bytes)
$Floor1 will be placed at 80242A2C (length = 18 bytes)
$Floor3 will be placed at 80242A44 (length = 18 bytes)
$Floor2 will be placed at 80242A5C (length = 18 bytes)
$Floor5 will be placed at 80242A74 (length = 18 bytes)
$Floor4 will be placed at 80242A8C (length = 18 bytes)
$NpcGroupList_80 will be placed at 80242AA4 (length = 18 bytes)
$Floor7 will be placed at 80242ABC (length = 18 bytes)
$Floor6 will be placed at 80242AD4 (length = 18 bytes)
$NpcGroupList_40 will be placed at 80242AEC (length = 18 bytes)
$NpcGroupList_70 will be placed at 80242B04 (length = 18 bytes)
$NpcGroupList_30 will be placed at 80242B1C (length = 18 bytes)
$NpcGroupList_60 will be placed at 80242B34 (length = 18 bytes)
$NpcGroupList_20 will be placed at 80242B4C (length = 18 bytes)
$NpcGroupList_90 will be placed at 80242B64 (length = 18 bytes)
$NpcGroupList_50 will be placed at 80242B7C (length = 18 bytes)
$NpcGroupList_10 will be placed at 80242B94 (length = 18 bytes)
$Function_GetTattle will be placed at 80242BAC (length = 14 bytes)
$Script_FightWall will be placed at 80242BC0 (length = 14 bytes)
$ASCII_"pit_07"_Literal will be placed at 80242BD4 (length = C bytes)
$ASCII_"cav_03"_Literal will be placed at 80242BE0 (length = C bytes)
$ASCII_"pit_10"_Literal will be placed at 80242BEC (length = C bytes)
$ASCII_"pit_04"_Literal will be placed at 80242BF8 (length = C bytes)
$ASCII_"pit_02"_Literal will be placed at 80242C04 (length = C bytes)
$ASCII_"pit_08"_Literal will be placed at 80242C10 (length = C bytes)
$ASCII_"pit_06"_Literal will be placed at 80242C1C (length = C bytes)
$ASCII_"pit_09"_Literal will be placed at 80242C28 (length = C bytes)
$ASCII_"pit_03"_Literal will be placed at 80242C34 (length = C bytes)
$ASCII_"pit_12"_Literal will be placed at 80242C40 (length = C bytes)
$ASCII_"pit_05"_Literal will be placed at 80242C4C (length = C bytes)
$ASCII_"kpa_tex"_Literal will be placed at 80242C58 (length = 8 bytes)
Executing patches for: pit_12
Reading patch file: map/patch/pit of 100 trials/pit_12.mpat
Reading patch file: map/import/ExitViaPipe.mpat
Creating struct: $Function_80240000
Creating struct: $Function_80240034
Creating struct: $Function_802400F0
Creating struct: $Function_802401D0
Creating struct: $Function_8024023C
Creating struct: $Script_VerticalPipe
Creating struct: $Script_HorizontalPipe
Creating struct: $Script_80243E50
Creating struct: $Script_EnterCeilingPipe
Creating struct: $CeilingPipe_Function1
Creating struct: $CeilingPipe_Function2
Creating struct: $Header
Creating struct: $Function_GetTattle
Creating struct: $Function_Init
Creating struct: $EntryList
Creating struct: $Script_Entry1
Creating struct: $Script_ExitViaPipe
Creating struct: $Script_GetPipeWorking
Creating struct: $Script_Outcome
Creating struct: $Script_Init_Enemy
Creating struct: $NpcSettings_Boss
Creating struct: $DarkMario
Creating struct: $NpcGroupList_Boss
Creating struct: $Function_GetMarioAnim
Creating struct: $Function_GetMarioRot
Creating struct: $Function_ChooseAlpha
Creating struct: $Function_SetBattle
Creating struct: $Script_CheckBattle
Creating struct: $Battles
Creating struct: $StartBattle
Creating struct: $Script_Main
Creating struct: $FlipRetrievalFlag
Creating struct: $Script_SignPost
Merged 1 regions to 1
$Script_HorizontalPipe will be placed at 80240000 (length = 248 bytes)
$Script_EnterCeilingPipe will be placed at 80240248 (length = 23C bytes)
$Script_CheckBattle will be placed at 80240484 (length = 22C bytes)
$DarkMario will be placed at 802406B0 (length = 1F0 bytes)
$Script_80243E50 will be placed at 802408A0 (length = 160 bytes)
$Script_Main will be placed at 80240A00 (length = EC bytes)
$CeilingPipe_Function1 will be placed at 80240AEC (length = E0 bytes)
$Function_802400F0 will be placed at 80240BCC (length = E0 bytes)
$Function_80240034 will be placed at 80240CAC (length = BC bytes)
$MapTattle will be placed at 80240D68 (length = B8 bytes)
$Function_8024023C will be placed at 80240E20 (length = A4 bytes)
$Function_ChooseAlpha will be placed at 80240EC4 (length = 98 bytes)
$Script_VerticalPipe will be placed at 80240F5C (length = 90 bytes)
$Function_SetBattle will be placed at 80240FEC (length = 78 bytes)
$CeilingPipe_Function2 will be placed at 80241064 (length = 6C bytes)
$Function_802401D0 will be placed at 802410D0 (length = 6C bytes)
$Script_Outcome will be placed at 8024113C (length = 60 bytes)
$Script_SignPost will be placed at 8024119C (length = 60 bytes)
$FlipRetrievalFlag will be placed at 802411FC (length = 58 bytes)
$Header will be placed at 80241254 (length = 40 bytes)
$Script_ExitViaPipe will be placed at 80241294 (length = 3C bytes)
$StartBattle will be placed at 802412D0 (length = 3C bytes)
$Error will be placed at 8024130C (length = 3C bytes)
$Function_GetMarioRot will be placed at 80241348 (length = 38 bytes)
$Function_GetMarioAnim will be placed at 80241380 (length = 30 bytes)
$NpcSettings_Boss will be placed at 802413B0 (length = 2C bytes)
$Battles will be placed at 802413DC (length = 2C bytes)
$Function_Init will be placed at 80241408 (length = 2C bytes)
$Script_Init_Enemy will be placed at 80241434 (length = 28 bytes)
$EntryList will be placed at 8024145C (length = 20 bytes)
$Function_80240000 will be placed at 8024147C (length = 20 bytes)
$Script_GetPipeWorking will be placed at 8024149C (length = 20 bytes)
$Script_Entry1 will be placed at 802414BC (length = 20 bytes)
$Floor will be placed at 802414DC (length = 1C bytes)
$NpcGroupList_Boss will be placed at 802414F8 (length = 18 bytes)
$Function_GetTattle will be placed at 80241510 (length = 14 bytes)
$ASCII_"cav_03"_Literal will be placed at 80241524 (length = C bytes)
$ASCII_"kpa_tex"_Literal will be placed at 80241530 (length = 8 bytes)
Executing patches for: nok_01
Reading patch file: map/patch/pleasant path/nok_01.mpat
Reading patch for $Script_MakeEntities
Creating struct: $Script_SignPost
Reading patch for $TreeDropList_Bush6A
Reading patch for $TreeDropList_Bush7A
Reading patch for $ShopInventory_8024FB6C
Reading patch for $Script_80247684
Reading patch for $Function_802416F0 (9C)
Creating struct: $Function_IsNextQuestionAvailable
Reading patch for $QuizRequirements
Reading patch for $QuizAnswers
Merged 15 regions to 12
$Script_MakeEntities will be placed at 80243538 (length = C0 bytes)
$DizzyTutorial will be placed at 802482C0 (length = 8C bytes)
$Function_IsNextQuestionAvailable will be placed at 80251C38 (length = 80 bytes)
$Script_SignPost will be placed at 8024834C (length = 34 bytes)
Changing pointer 80251C60 to 80251CE0 ($End[20])
Changing pointer 80251C70 to 80251CF0 ($End[30])
Changing pointer 80251C70 to 80251CF0 ($End[30])
Changing pointer 80251C70 to 80251CF0 ($End[30])
Changing pointer 80251C58 to 80251CD8 ($End[18])
Changing pointer 80251E34 to 80251EB4 ($End[1F4])
Changing pointer 80251C64 to 80251CE4 ($End[24])
Changing pointer 80251C68 to 80251CE8 ($End[28])
Changing pointer 80251C60 to 80251CE0 ($End[20])
Changing pointer 80251C40 to 80251CC0 ($End[0])
Changing pointer 80251E34 to 80251EB4 ($End[1F4])
Changing pointer 80251C40 to 80251CC0 ($End[0])
Changing pointer 80251C60 to 80251CE0 ($End[20])
Changing pointer 80251C64 to 80251CE4 ($End[24])
Changing pointer 80251C68 to 80251CE8 ($End[28])
Changing pointer 80251C60 to 80251CE0 ($End[20])
Changing pointer 80251C68 to 80251CE8 ($End[28])
Changing pointer 80251C60 to 80251CE0 ($End[20])
Changing pointer 80251C68 to 80251CE8 ($End[28])
Changing pointer 80251C68 to 80251CE8 ($End[28])
Changing pointer 80243540 to 80243538 ($Script_MakeEntities[0])
Changing pointer 80251C48 to 80251CC8 ($End[8])
Changing pointer 80251C70 to 80251CF0 ($End[30])
Changing pointer 80251C70 to 80251CF0 ($End[30])
Executing patches for: nok_02
Reading patch file: map/patch/pleasant path/nok_02.mpat
Reading patch for $Script_8024E51C
Reading patch for $DataTable_80252784
Reading patch for $Script_80248808
Reading patch for $Function_80242298 (9C)
Creating struct: $Function_IsNextQuestionAvailable
Reading patch for $QuizRequirements
Reading patch for $QuizAnswers
Merged 18 regions to 18
$Function_IsNextQuestionAvailable will be placed at 80249444 (length = 80 bytes)
Executing patches for: nok_12
Reading patch file: map/patch/pleasant path/nok_12.mpat
Reading patch file: map/import/NPC_Gulpit.mpat
Creating struct: $Script_802418F0_Gulpit
Creating struct: $AISettings_Gulpit
Creating struct: $Script_NpcAI_GulpitA
Creating struct: $NpcSettings_GulpitA
Creating struct: $Script_NpcAI_GulpitB
Creating struct: $NpcSettings_GulpitB
Creating struct: $ExtraAnimationList_GulpitB
Creating struct: $ExtraAnimationList_GulpitA
Creating struct: $Function_8024040C_Gulpit
Creating struct: $Function_DoAI_Gulpit
Creating struct: $JumpTable_80242378_Gulpit
Creating struct: $Function_80240050_Gulpit
Creating struct: $Function_802400BC_Gulpit
Creating struct: $Function_8024012C_Gulpit
Creating struct: $Function_80240204_Gulpit
Creating struct: $Function_80240258_Gulpit
Creating struct: $ConstDouble_80242370_Gulpit
Reading patch for $NpcGroup_80244950
Reading patch for $NpcGroupList_80245300
Reading patch for $NpcGroupList_8024533C
Merged 14 regions to 13
$NpcGroup_80244950 will be placed at 80245E08 (length = 3E0 bytes)
$Function_DoAI_Gulpit will be placed at 802461E8 (length = 2B4 bytes)
$Function_8024040C_Gulpit will be placed at 8024649C (length = 260 bytes)
$Function_80240258_Gulpit will be placed at 80244950 (length = 1B8 bytes)
$JumpTable_80242378_Gulpit will be placed at 802466FC (length = 190 bytes)
$Function_8024012C_Gulpit will be placed at 8024688C (length = D8 bytes)
$Script_802418F0_Gulpit will be placed at 80246964 (length = 88 bytes)
$Script_NpcAI_GulpitB will be placed at 802469EC (length = 80 bytes)
$Function_802400BC_Gulpit will be placed at 80246A6C (length = 70 bytes)
$Function_80240050_Gulpit will be placed at 80246ADC (length = 6C bytes)
$Function_80240204_Gulpit will be placed at 80246B48 (length = 54 bytes)
$Script_NpcAI_GulpitA will be placed at 80246B9C (length = 54 bytes)
$AISettings_Gulpit will be placed at 80244B08 (length = 30 bytes)
$NpcSettings_GulpitA will be placed at 80246BF0 (length = 2C bytes)
$NpcSettings_GulpitB will be placed at 80246C1C (length = 2C bytes)
$ExtraAnimationList_GulpitA will be placed at 80246C48 (length = 1C bytes)
$ExtraAnimationList_GulpitB will be placed at 80240178 (length = 8 bytes)
$ConstDouble_80242370_Gulpit will be placed at 802402E8 (length = 8 bytes)
Changing pointer 80244950 to 80245E08 ($NpcGroup_80244950[0])
Changing pointer 80244950 to 80245E08 ($NpcGroup_80244950[0])
Executing patches for: nok_16
Reading patch file: map/patch/pleasant path/nok_16.mpat
Creating struct: $Header
Creating struct: $Function_GetTattle
Creating struct: $EntryList
Creating struct: $Script_Main
Creating struct: $Function_Init
Creating struct: $Script_SetupMusic
Creating struct: $Script_EnterMap
Creating struct: $Script_CreateExitTriggers
Creating struct: $Script_ExitWalk_Entry0
Creating struct: $Script_ExitWalk_Entry1
Merged 1 regions to 1
$Script_Main will be placed at 80240000 (length = 78 bytes)
$Script_ExitWalk_Entry1 will be placed at 80240078 (length = 40 bytes)
$Script_ExitWalk_Entry0 will be placed at 802400B8 (length = 40 bytes)
$Header will be placed at 802400F8 (length = 40 bytes)
$Script_CreateExitTriggers will be placed at 80240138 (length = 38 bytes)
$Function_Init will be placed at 80240170 (length = 2C bytes)
$Script_SetupMusic will be placed at 8024019C (length = 2C bytes)
$Script_EnterMap will be placed at 802401C8 (length = 28 bytes)
$MapTattle will be placed at 802401F0 (length = 28 bytes)
$EntryList will be placed at 80240218 (length = 20 bytes)
$Function_GetTattle will be placed at 80240238 (length = 14 bytes)
$ASCII_"trd_00"_Literal will be placed at 8024024C (length = C bytes)
$ASCII_"nok_17"_Literal will be placed at 80240258 (length = C bytes)
$ASCII_"trd_tex"_Literal will be placed at 80240264 (length = 8 bytes)
Executing patches for: nok_17
Reading patch file: map/patch/pleasant path/nok_17.mpat
Creating struct: $Header
Creating struct: $Function_GetTattle
Creating struct: $EntryList
Creating struct: $Script_Main
Creating struct: $Function_Init
Creating struct: $Script_SetupMusic
Creating struct: $Script_EnterMap
Creating struct: $Script_CreateExitTriggers
Creating struct: $Script_ExitWalk_Entry0
Creating struct: $Script_ExitWalk_Entry1
Merged 1 regions to 1
$Script_Main will be placed at 80240000 (length = D8 bytes)
$MapTattle will be placed at 802400D8 (length = 68 bytes)
$Script_ExitWalk_Entry1 will be placed at 80240140 (length = 40 bytes)
$Script_ExitWalk_Entry0 will be placed at 80240180 (length = 40 bytes)
$Header will be placed at 802401C0 (length = 40 bytes)
$Script_CreateExitTriggers will be placed at 80240200 (length = 38 bytes)
$Function_Init will be placed at 80240238 (length = 2C bytes)
$Script_SetupMusic will be placed at 80240264 (length = 2C bytes)
$Script_EnterMap will be placed at 80240290 (length = 28 bytes)
$EntryList will be placed at 802402B8 (length = 20 bytes)
$Function_GetTattle will be placed at 802402D8 (length = 14 bytes)
$ASCII_"sam_16"_Literal will be placed at 802402EC (length = C bytes)
$ASCII_"nok_16"_Literal will be placed at 802402F8 (length = C bytes)
$ASCII_"trd_tex"_Literal will be placed at 80240304 (length = 8 bytes)
Executing patches for: tik_07
Reading patch file: map/patch/sewers/tik_07.mpat
Reading patch for $Function_802404AC
Reading patch for $???_802439F8
Reading patch for $???_80243A08
Merged 11 regions to 9
$???_80243A08 will be placed at 802439F8 (length = 48 bytes)
$???_802439F8 will be placed at 80245204 (length = 14 bytes)
Changing pointer 802439F8 to 80245204 ($???_802439F8[0])
Changing pointer 80243A08 to 802439F8 ($???_80243A08[0])
Executing patches for: tik_10
Reading patch file: map/patch/sewers/tik_10.mpat
Reading patch for $Function_8024084C
Reading patch for $???_80242038
Reading patch for $???_80242048
Merged 10 regions to 8
$???_80242048 will be placed at 80242038 (length = 48 bytes)
$???_80242038 will be placed at 80242808 (length = 14 bytes)
Changing pointer 80242038 to 80242808 ($???_80242038[0])
Changing pointer 80242048 to 80242038 ($???_80242048[0])
Executing patches for: tik_12
Reading patch file: map/patch/sewers/tik_12.mpat
Reading patch for $Function_80240DE8
Reading patch for $???_80243CB4
Reading patch for $???_80243CC4
Merged 12 regions to 10
$???_80243CC4 will be placed at 80243CB4 (length = 48 bytes)
$???_80243CB4 will be placed at 80244A2C (length = 14 bytes)
Changing pointer 80243CB4 to 80244A2C ($???_80243CB4[0])
Changing pointer 80243CC4 to 80243CB4 ($???_80243CC4[0])
Executing patches for: tik_15
Reading patch file: map/patch/sewers/tik_15.mpat
Reading patch for $Script_Interact_80242824
Merged 7 regions to 7
Executing patches for: tik_17
Reading patch file: map/patch/sewers/tik_17.mpat
Reading patch for $Function_802401FC
Reading patch for $???_80241428
Reading patch for $???_80241438
Merged 10 regions to 8
$???_80241438 will be placed at 80241428 (length = 48 bytes)
$???_80241428 will be placed at 80242CB8 (length = 14 bytes)
Changing pointer 80241428 to 80242CB8 ($???_80241428[0])
Changing pointer 80241438 to 80241428 ($???_80241438[0])
Executing patches for: tik_19
Reading patch file: map/patch/sewers/tik_19.mpat
Reading patch for $Function_802407BC
Reading patch for $???_802426B8
Reading patch for $???_802426C8
Merged 9 regions to 7
$???_802426C8 will be placed at 802426B8 (length = 48 bytes)
$???_802426B8 will be placed at 80242D68 (length = 14 bytes)
Changing pointer 802426B8 to 80242D68 ($???_802426B8[0])
Changing pointer 802426C8 to 802426B8 ($???_802426C8[0])
Executing patches for: tik_21
Reading patch file: map/patch/sewers/tik_21.mpat
Reading patch file: map/import/NPC_Boo.mpat
Creating struct: $Function_802404E0_BooEnemy
Creating struct: $Function_80240690_BooEnemy
Creating struct: $Function_80240CB8_BooEnemy
Creating struct: $Function_80240D78_BooEnemy
Creating struct: $Function_802410BC_BooEnemy
Creating struct: $Function_80241134_BooEnemy
Creating struct: $Function_802416C8_BooEnemy
Creating struct: $Function_802419D8_BooEnemy
Creating struct: $Function_80241B08_BooEnemy
Creating struct: $Function_80241D88_BooEnemy
Creating struct: $Function_AI_BooEnemy
Creating struct: $FloatTable_BooEnemy
Creating struct: $JumpTable_BooEnemy
Creating struct: $AISettings_BooEnemy
Creating struct: $Script_NpcAI_BooEnemy
Creating struct: $NpcSettings_BooEnemy
Creating struct: $Function_ChooseAlpha
Creating struct: $Script_Boo_Aux
Reading patch for $Script_ExitDoubleDoor_80241828
Creating struct: $NPC_Boo
Creating struct: $Script_Init_Blooper
Creating struct: $Script_BossFight
Creating struct: $Script_Idle
Creating struct: $Script_Defeat
Creating struct: $NpcGroupList_Blooper
Creating struct: $NpcGroupList_NoBlooper
Creating struct: $NPC_Blooper
Creating struct: $NpcSettings_Blooper
Reading patch for $Script_Main
Merged 8 regions to 6
$Function_80240690_BooEnemy will be placed at 80242718 (length = 638 bytes)
$Function_80240D78_BooEnemy will be placed at 80242D50 (length = 344 bytes)
$Function_80241B08_BooEnemy will be placed at 80243094 (length = 288 bytes)
$NPC_Boo will be placed at 8024331C (length = 1F0 bytes)
$NPC_Blooper will be placed at 8024350C (length = 1F0 bytes)
$Function_AI_BooEnemy will be placed at 802436FC (length = 1E8 bytes)
$Function_802404E0_BooEnemy will be placed at 802438E4 (length = 1B8 bytes)
$Function_802419D8_BooEnemy will be placed at 80243A9C (length = 130 bytes)
$Function_802416C8_BooEnemy will be placed at 80243BCC (length = 124 bytes)
$Script_Idle will be placed at 80243CF0 (length = 124 bytes)
$Script_Defeat will be placed at 80243E14 (length = F4 bytes)
$Script_Boo_Aux will be placed at 80243F08 (length = CC bytes)
$Function_80240CB8_BooEnemy will be placed at 80243FD4 (length = C0 bytes)
$Function_ChooseAlpha will be placed at 80244094 (length = 98 bytes)
$Function_802410BC_BooEnemy will be placed at 8024412C (length = 78 bytes)
$Function_80241134_BooEnemy will be placed at 802441A4 (length = 6C bytes)
$Function_80241D88_BooEnemy will be placed at 80244210 (length = 5C bytes)
$JumpTable_BooEnemy will be placed at 8024257C (length = 54 bytes)
$Script_NpcAI_BooEnemy will be placed at 8024426C (length = 54 bytes)
$Script_BossFight will be placed at 802442C0 (length = 54 bytes)
$AISettings_BooEnemy will be placed at 80244314 (length = 30 bytes)
$NpcSettings_BooEnemy will be placed at 80244344 (length = 2C bytes)
$NpcSettings_Blooper will be placed at 80244370 (length = 2C bytes)
$Script_Init_Blooper will be placed at 8024439C (length = 28 bytes)
$NpcGroupList_Blooper will be placed at 802443C4 (length = 24 bytes)
$FloatTable_BooEnemy will be placed at 802418C4 (length = 18 bytes)
$NpcGroupList_NoBlooper will be placed at 802443E8 (length = 18 bytes)
$Blooper will be placed at 80244400 (length = 18 bytes)
Executing patches for: tik_25
Reading patch file: map/patch/sewers/tik_25.mpat
Reading patch for $Script_MakeEntities
Reading patch for $Script_80241450
Creating struct: $Script_Init_PhalanxGuy
Reading patch for $Script_8024083C
Creating struct: $Script_PhalanxDefeat
Creating struct: $Script_PhalanxAttack
Creating struct: $NpcGroup_PhalanxGuy
Creating struct: $NpcGroups_PhalanxGuy
Creating struct: $NpcSettings_PhalanxGuy
Merged 9 regions to 7
$NpcGroup_PhalanxGuy will be placed at 80241A88 (length = 1F0 bytes)
$Script_PhalanxAttack will be placed at 80241C78 (length = B4 bytes)
$Script_PhalanxDefeat will be placed at 80241D2C (length = 84 bytes)
$PhalanxFight will be placed at 80241DB0 (length = 68 bytes)
$NpcSettings_PhalanxGuy will be placed at 80241E18 (length = 2C bytes)
$Script_Init_PhalanxGuy will be placed at 80241E44 (length = 28 bytes)
$PhalanxLose will be placed at 80241E6C (length = 28 bytes)
$NpcGroups_PhalanxGuy will be placed at 80240864 (length = 18 bytes)
Executing patches for: tik_26
Reading patch file: map/patch/sewers/tik_26.mpat
Reading patch file: map/import/EnterViaPipe.mpat
Creating struct: $Script_EnterVerticalPipe
Creating struct: $Function_WarpPipeEntry_80240020
Creating struct: $Function_WarpPipeEntry_802400F0
Creating struct: $Function_WarpPipeEntry_8024023C
Creating struct: $Script_EnterHorizontalPipe
Reading patch file: map/import/ExitViaPipe.mpat
Creating struct: $Function_80240000
Creating struct: $Function_80240034
Creating struct: $Function_802400F0
Creating struct: $Function_802401D0
Creating struct: $Function_8024023C
Creating struct: $Script_VerticalPipe
Creating struct: $Script_HorizontalPipe
Creating struct: $Script_80243E50
Creating struct: $Script_EnterCeilingPipe
Creating struct: $CeilingPipe_Function1
Creating struct: $CeilingPipe_Function2
Creating struct: $Header
Creating struct: $Function_GetTattle
Creating struct: $EntryList
Creating struct: $NpcGroupList_Robotoad
Creating struct: $NpcGroup_Robotoad
Creating struct: $NpcSettings_802405C0
Creating struct: $Script_Init_802410E8
Creating struct: $Script_Idle
Creating struct: $Script_HandleOutcome
Creating struct: $Script_SetMusic
Creating struct: $Script_MakeEntities
Creating struct: $Script_Main
Creating struct: $Script_MakeExits
Creating struct: $Script_ExitViaPipe0
Creating struct: $Script_ExitViaPipe1
Creating struct: $Script_Entry0
Creating struct: $Script_Entry1
Creating struct: $Function_802402E0
Creating struct: $Function_80240404
Creating struct: $Script_80241740
Creating struct: $Function_802405F0
Creating struct: $???_80242904
Creating struct: $Script_80242948
Creating struct: $Script_802420B0
Creating struct: $Script_80242580
Creating struct: $Script_80242758
Merged 1 regions to 1
$Script_802420B0 will be placed at 80240000 (length = 3C8 bytes)
$Script_Main will be placed at 802403C8 (length = 3A8 bytes)
$Function_802405F0 will be placed at 80240770 (length = 370 bytes)
$Script_EnterHorizontalPipe will be placed at 80240AE0 (length = 300 bytes)
$Script_EnterVerticalPipe will be placed at 80240DE0 (length = 280 bytes)
$Script_HorizontalPipe will be placed at 80241060 (length = 248 bytes)
$Script_EnterCeilingPipe will be placed at 802412A8 (length = 23C bytes)
$NpcGroup_Robotoad will be placed at 802414E4 (length = 1F0 bytes)
$Function_80240404 will be placed at 802416D4 (length = 1E8 bytes)
$Script_80243E50 will be placed at 802418BC (length = 160 bytes)
$Script_80242580 will be placed at 80241A1C (length = 158 bytes)
$Script_80242758 will be placed at 80241B74 (length = 138 bytes)
$Function_802402E0 will be placed at 80241CAC (length = 124 bytes)
$Function_802400F0 will be placed at 80241DD0 (length = E0 bytes)
$CeilingPipe_Function1 will be placed at 80241EB0 (length = E0 bytes)
$Function_WarpPipeEntry_802400F0 will be placed at 80241F90 (length = E0 bytes)
$MapTattle will be placed at 80242070 (length = C8 bytes)
$Function_80240034 will be placed at 80242138 (length = BC bytes)
$Function_WarpPipeEntry_8024023C will be placed at 802421F4 (length = A4 bytes)
$Function_8024023C will be placed at 80242298 (length = A4 bytes)
$Script_VerticalPipe will be placed at 8024233C (length = 90 bytes)
$Function_802401D0 will be placed at 802423CC (length = 6C bytes)
$RobotoadFight will be placed at 80242438 (length = 6C bytes)
$CeilingPipe_Function2 will be placed at 802424A4 (length = 6C bytes)
$Script_80241740 will be placed at 80242510 (length = 64 bytes)
$Script_Idle will be placed at 80242574 (length = 64 bytes)
$Script_Init_802410E8 will be placed at 802425D8 (length = 54 bytes)
$Script_Entry1 will be placed at 8024262C (length = 50 bytes)
$Script_HandleOutcome will be placed at 8024267C (length = 44 bytes)
$???_80242904 will be placed at 802426C0 (length = 44 bytes)
$Header will be placed at 80242704 (length = 40 bytes)
$Script_ExitViaPipe1 will be placed at 80242744 (length = 3C bytes)
$Script_ExitViaPipe0 will be placed at 80242780 (length = 3C bytes)
$Script_MakeEntities will be placed at 802427BC (length = 38 bytes)
$Script_MakeExits will be placed at 802427F4 (length = 38 bytes)
$NpcSettings_802405C0 will be placed at 8024282C (length = 2C bytes)
$Script_Entry0 will be placed at 80242858 (length = 20 bytes)
$Script_SetMusic will be placed at 80242878 (length = 20 bytes)
$EntryList will be placed at 80242898 (length = 20 bytes)
$Function_80240000 will be placed at 802428B8 (length = 20 bytes)
$Script_80242948 will be placed at 802428D8 (length = 1C bytes)
$NpcGroupList_Robotoad will be placed at 802428F4 (length = 18 bytes)
$Function_GetTattle will be placed at 8024290C (length = 14 bytes)
$Function_WarpPipeEntry_80240020 will be placed at 80242920 (length = 14 bytes)
$ASCII_"mac_07"_Literal will be placed at 80242934 (length = C bytes)
$ASCII_"cav_00"_Literal will be placed at 80242940 (length = C bytes)
$ASCII_"tst_21"_Literal will be placed at 8024294C (length = C bytes)
Executing patches for: sam_01
Reading patch file: map/patch/shiver city + mountain/sam_01.mpat
Creating struct: $NpcGroup_PermafrostGuy
Reading patch for $NpcGroupList_8024A178
Reading patch for $NpcGroupList_8024A1B4
Creating struct: $Script_Init_Permafrost
Creating struct: $Script_Idle_PermafrostGuy
Creating struct: $Script_Interact_PermafrostGuy
Creating struct: $Script_BattleLoop
Creating struct: $Script_Defeat
Reading patch for $Script_OpenDoor_802427F0
Reading patch for $Script_OpenDoor_80242E70
Reading patch for $Script_OpenDoor_80242CEC
Reading patch for $Script_OpenDoor_80242EA0
Reading patch for $Script_Main_EnterWalk
Reading patch for $Script_80244DD8
Reading patch for $Function_80241088 (9C)
Creating struct: $Function_IsNextQuestionAvailable
Reading patch for $QuizRequirements
Reading patch for $QuizAnswers
Merged 14 regions to 11
$NpcGroup_PermafrostGuy will be placed at 8024DBB8 (length = 1F0 bytes)
$PermaTattle will be placed at 8024DDA8 (length = 110 bytes)
$Script_Defeat will be placed at 80245A14 (length = DC bytes)
$Script_Idle_PermafrostGuy will be placed at 8024DEB8 (length = DC bytes)
$PermaFight will be placed at 8024DF94 (length = A8 bytes)
$Function_IsNextQuestionAvailable will be placed at 80242790 (length = 80 bytes)
$ErrorMessage2 will be placed at 8024E03C (length = 7C bytes)
$NpcGroupList_8024A1B4 will be placed at 8024A178 (length = 48 bytes)
$Script_Interact_PermafrostGuy will be placed at 8024E0B8 (length = 48 bytes)
$Script_Init_Permafrost will be placed at 8024E100 (length = 48 bytes)
$NpcGroupList_8024A178 will be placed at 8024E148 (length = 48 bytes)
$ErrorMessage will be placed at 8024E190 (length = 48 bytes)
$Script_OpenDoor_802427F0 will be placed at 8024E1D8 (length = 40 bytes)
$Script_OpenDoor_80242E70 will be placed at 8024E218 (length = 40 bytes)
$Script_BattleLoop will be placed at 8024E258 (length = 3C bytes)
$PermaDefeatA will be placed at 8024E294 (length = 3C bytes)
Changing pointer 8024DF18 to 8024E628 ($End[358])
Changing pointer 8024DF1C to 8024E62C ($End[35C])
Changing pointer 8024DF20 to 8024E630 ($End[360])
Changing pointer 8024DF18 to 8024E628 ($End[358])
Changing pointer 8024DF10 to 8024E620 ($End[350])
Changing pointer 8024DF18 to 8024E628 ($End[358])
Changing pointer 8024DF18 to 8024E628 ($End[358])
Changing pointer 8024DF20 to 8024E630 ($End[360])
Changing pointer 8024DF24 to 8024E634 ($End[364])
Changing pointer 8024DF20 to 8024E630 ($End[360])
Changing pointer 8024DF20 to 8024E630 ($End[360])
Changing pointer 8024DBC0 to 8024E2D0 ($End[0])
Changing pointer 8024DBC0 to 8024E2D0 ($End[0])
Changing pointer 8024DBC0 to 8024E2D0 ($End[0])
Changing pointer 8024DEF8 to 8024E608 ($End[338])
Changing pointer 8024DF1C to 8024E62C ($End[35C])
Changing pointer 8024DF20 to 8024E630 ($End[360])
Changing pointer 8024DF18 to 8024E628 ($End[358])
Changing pointer 8024DEF8 to 8024E608 ($End[338])
Changing pointer 8024DF24 to 8024E634 ($End[364])
Changing pointer 8024DD88 to 8024E498 ($End[1C8])
Changing pointer 8024DD88 to 8024E498 ($End[1C8])
Changing pointer 8024DD88 to 8024E498 ($End[1C8])
Changing pointer 8024A178 to 8024E148 ($NpcGroupList_8024A178[0])
Changing pointer 8024A1B4 to 8024A178 ($NpcGroupList_8024A1B4[0])
Changing pointer 802427F0 to 8024E1D8 ($Script_OpenDoor_802427F0[0])
Changing pointer 80242E70 to 8024E218 ($Script_OpenDoor_80242E70[0])
Changing pointer 8024DBC0 to 8024E2D0 ($End[0])
Changing pointer 8024DD88 to 8024E498 ($End[1C8])
Changing pointer 8024DF00 to 8024E610 ($End[340])
Changing pointer 8024DBC0 to 8024E2D0 ($End[0])
Executing patches for: sam_02
Reading patch file: map/patch/shiver city + mountain/sam_02.mpat
Reading patch for $ShopInventory_8024B6CC
Reading patch for $Script_Interact_8024A024
Reading patch for $Script_802482A0
Reading patch for $Function_802414B4 (9C)
Creating struct: $Function_IsNextQuestionAvailable
Reading patch for $QuizRequirements
Reading patch for $QuizAnswers
Merged 10 regions to 9
$Function_IsNextQuestionAvailable will be placed at 80248EDC (length = 80 bytes)
Executing patches for: sam_03
Reading patch file: map/patch/shiver city + mountain/sam_03.mpat
Reading patch for $ASCII_80242368
Merged 6 regions to 5
$ASCII_80242368 will be placed at 80240C74 (length = C bytes)
Changing pointer 80242368 to 80240C74 ($ASCII_80242368[0])
Executing patches for: sam_04
Reading patch file: map/patch/shiver city + mountain/sam_04.mpat
Reading patch for $ASCII_802451F0
Merged 9 regions to 8
$ASCII_802451F0 will be placed at 80245144 (length = C bytes)
Changing pointer 802451F0 to 80245144 ($ASCII_802451F0[0])
Executing patches for: sam_08
Reading patch file: map/patch/shiver city + mountain/sam_08.mpat
Reading patch for $ASCII_802464C8
Reading patch for $Function_802401CC
Reading patch for $???_80241AE8
Reading patch for $???_80241AF8
Merged 11 regions to 9
$???_80241AF8 will be placed at 80241AE8 (length = 48 bytes)
$???_80241AE8 will be placed at 80246668 (length = 14 bytes)
$ASCII_802464C8 will be placed at 802417A4 (length = C bytes)
Changing pointer 80241AE8 to 80246668 ($???_80241AE8[0])
Changing pointer 80241AF8 to 80241AE8 ($???_80241AF8[0])
Changing pointer 802464C8 to 802417A4 ($ASCII_802464C8[0])
Executing patches for: sam_09
Reading patch file: map/patch/shiver city + mountain/sam_09.mpat
Reading patch for $ASCII_80241500
Merged 5 regions to 5
$ASCII_80241500 will be placed at 802403F4 (length = C bytes)
Changing pointer 80241500 to 802403F4 ($ASCII_80241500[0])
Executing patches for: sam_10
Reading patch file: map/patch/shiver city + mountain/sam_10.mpat
Creating struct: $NpcGroup_PermafrostGuy
Creating struct: $NpcSettings_802405C0
Creating struct: $Script_Init_802410E8
Creating struct: $Script_Idle
Creating struct: $Script_Defeat
Reading patch for $NpcGroupList_80242BEC
Creating struct: $NpcGroup_SpikeTop
Creating struct: $NpcGroup_SpikeTop2
Creating struct: $NpcSettings_802451CC
Creating struct: $AISettings_80244F40
Creating struct: $Script_NpcAI_80244F70
Creating struct: $Function_80242D58
Creating struct: $Function_802429C4
Creating struct: $Function_80242A40
Creating struct: $Function_80242B74
Creating struct: $Function_80242CD8
Creating struct: $ConstDouble_80247438
Creating struct: $JumpTable_80247440
Merged 8 regions to 6
$Function_80242D58 will be placed at 80242DC8 (length = 440 bytes)
$NpcGroup_SpikeTop will be placed at 80243208 (length = 1F0 bytes)
$NpcGroup_PermafrostGuy will be placed at 802433F8 (length = 1F0 bytes)
$NpcGroup_SpikeTop2 will be placed at 802435E8 (length = 1F0 bytes)
$Function_80242B74 will be placed at 802437D8 (length = 164 bytes)
$Function_80242A40 will be placed at 8024393C (length = 134 bytes)
$Script_Defeat will be placed at 80243A70 (length = B0 bytes)
$PermaFight will be placed at 80243B20 (length = 90 bytes)
$PermaDefeatA will be placed at 80243BB0 (length = 8C bytes)
$Function_80242CD8 will be placed at 80243C3C (length = 80 bytes)
$Script_Idle will be placed at 80243CBC (length = 7C bytes)
$Function_802429C4 will be placed at 80243D38 (length = 7C bytes)
$Script_Init_802410E8 will be placed at 80243DB4 (length = 78 bytes)
$Script_NpcAI_80244F70 will be placed at 80243E2C (length = 54 bytes)
$JumpTable_80247440 will be placed at 80243E80 (length = 54 bytes)
$NpcGroupList_80242BEC will be placed at 80243ED4 (length = 3C bytes)
$AISettings_80244F40 will be placed at 80243F10 (length = 30 bytes)
$NpcSettings_802405C0 will be placed at 80243F40 (length = 2C bytes)
$NpcSettings_802451CC will be placed at 80243F6C (length = 2C bytes)
$ConstDouble_80247438 will be placed at 80242C28 (length = 8 bytes)
Changing pointer 80242BEC to 80243ED4 ($NpcGroupList_80242BEC[0])
Executing patches for: sam_11
Reading patch file: map/patch/shiver city + mountain/sam_11.mpat
Reading patch for $Script_802466B8
Reading patch for $Function_80241158 (9C)
Creating struct: $Function_IsNextQuestionAvailable
Reading patch for $QuizRequirements
Reading patch for $QuizAnswers
Merged 14 regions to 13
$Function_IsNextQuestionAvailable will be placed at 802472F4 (length = 80 bytes)
Executing patches for: sam_13
Reading patch file: map/patch/shiver city + mountain/sam_13.mpat
Reading patch file: map/import/LightBlocks.mpat
Creating struct: $CheckWatt
Creating struct: $Script_LightBlocks
Creating struct: $Header
Creating struct: $Function_GetTattle
Creating struct: $EntryList
Creating struct: $Script_SetMusic
Creating struct: $Script_MakeEntities
Creating struct: $LavaResetList
Creating struct: $AISettings_Puff
Creating struct: $Script_NpcAI_Puff
Creating struct: $NpcSettings_Puff
Creating struct: $NpcGroupList_Enemies
Creating struct: $NpcGroup_Puff1
Creating struct: $NpcGroup_Puff2
Creating struct: $NpcGroup_Puff3
Creating struct: $Script_Main
Creating struct: $Script_SetupLightBlocks
Creating struct: $Script_Entry0
Creating struct: $Script_Entry1
Creating struct: $Script_BindColliders
Creating struct: $JumpTable_80245450
Creating struct: $Function_80240E50
Creating struct: $Function_80241000
Creating struct: $Function_80241628
Creating struct: $Function_802416E8
Creating struct: $Function_80241A2C
Creating struct: $Function_80241AA4
Creating struct: $Function_80241B10
Creating struct: $Function_80241C44
Creating struct: $Function_80241CA8
Creating struct: $Function_80242038
Creating struct: $Function_80242754
Creating struct: $Function_80242348
Creating struct: $Function_80242478
Creating struct: $Function_802426F8
Creating struct: $FloatTable_80244010
Creating struct: $ConstDouble_802453F0
Creating struct: $ConstDouble_80245448
Creating struct: $ConstDouble_802453F8
Creating struct: $ConstDouble_80245400
Merged 1 regions to 1
$Function_80241000 will be placed at 80240000 (length = 630 bytes)
$Function_80241CA8 will be placed at 80240630 (length = 390 bytes)
$Function_802416E8 will be placed at 802409C0 (length = 344 bytes)
$Function_80242478 will be placed at 80240D04 (length = 288 bytes)
$NpcGroup_Puff1 will be placed at 80240F8C (length = 1F0 bytes)
$NpcGroup_Puff2 will be placed at 8024117C (length = 1F0 bytes)
$NpcGroup_Puff3 will be placed at 8024136C (length = 1F0 bytes)
$Function_80242754 will be placed at 8024155C (length = 1E8 bytes)
$Function_80240E50 will be placed at 80241744 (length = 1B0 bytes)
$Function_80241B10 will be placed at 802418F4 (length = 134 bytes)
$Function_80242348 will be placed at 80241A28 (length = 130 bytes)
$Function_80242038 will be placed at 80241B58 (length = 124 bytes)
$Script_LightBlocks will be placed at 80241C7C (length = C8 bytes)
$Function_80241628 will be placed at 80241D44 (length = C0 bytes)
$Script_Main will be placed at 80241E04 (length = BC bytes)
$Function_80241A2C will be placed at 80241EC0 (length = 78 bytes)
$Function_80241AA4 will be placed at 80241F38 (length = 6C bytes)
$MapTattle will be placed at 80241FA4 (length = 68 bytes)
$Function_80241C44 will be placed at 8024200C (length = 64 bytes)
$Function_802426F8 will be placed at 80242070 (length = 5C bytes)
$Script_NpcAI_Puff will be placed at 802420CC (length = 54 bytes)
$JumpTable_80245450 will be placed at 80242120 (length = 54 bytes)
$Script_Entry1 will be placed at 80242174 (length = 40 bytes)
$Script_Entry0 will be placed at 802421B4 (length = 40 bytes)
$Header will be placed at 802421F4 (length = 40 bytes)
$CheckWatt will be placed at 80242234 (length = 3C bytes)
$Script_MakeEntities will be placed at 80242270 (length = 38 bytes)
$Script_BindColliders will be placed at 802422A8 (length = 38 bytes)
$Script_SetupLightBlocks will be placed at 802422E0 (length = 34 bytes)
$LavaResetList will be placed at 80242314 (length = 34 bytes)
$AISettings_Puff will be placed at 80242348 (length = 30 bytes)
$NpcGroupList_Enemies will be placed at 80242378 (length = 30 bytes)
$NpcSettings_Puff will be placed at 802423A8 (length = 2C bytes)
$EntryList will be placed at 802423D4 (length = 20 bytes)
$Script_SetMusic will be placed at 802423F4 (length = 20 bytes)
$FloatTable_80244010 will be placed at 80242414 (length = 18 bytes)
$Function_GetTattle will be placed at 8024242C (length = 14 bytes)
$ASCII_"sam_08"_Literal will be placed at 80242440 (length = C bytes)
$ASCII_"sam_09"_Literal will be placed at 8024244C (length = C bytes)
$ConstDouble_80245400 will be placed at 80242458 (length = 8 bytes)
$ConstDouble_80245448 will be placed at 80242460 (length = 8 bytes)
$ConstDouble_802453F8 will be placed at 80242468 (length = 8 bytes)
$ConstDouble_802453F0 will be placed at 80242470 (length = 8 bytes)
Executing patches for: sam_14
Reading patch file: map/patch/shiver city + mountain/sam_14.mpat
Reading patch file: map/import/NPC_Gulpit.mpat
Creating struct: $Script_802418F0_Gulpit
Creating struct: $AISettings_Gulpit
Creating struct: $Script_NpcAI_GulpitA
Creating struct: $NpcSettings_GulpitA
Creating struct: $Script_NpcAI_GulpitB
Creating struct: $NpcSettings_GulpitB
Creating struct: $ExtraAnimationList_GulpitB
Creating struct: $ExtraAnimationList_GulpitA
Creating struct: $Function_8024040C_Gulpit
Creating struct: $Function_DoAI_Gulpit
Creating struct: $JumpTable_80242378_Gulpit
Creating struct: $Function_80240050_Gulpit
Creating struct: $Function_802400BC_Gulpit
Creating struct: $Function_8024012C_Gulpit
Creating struct: $Function_80240204_Gulpit
Creating struct: $Function_80240258_Gulpit
Creating struct: $ConstDouble_80242370_Gulpit
Reading patch file: map/import/NPC_Pokey.mpat
Creating struct: $NpcSettings_Pokey
Creating struct: $AISettings_Pokey
Creating struct: $Script_NpcAI_Pokey
Creating struct: $Function_80240040_Pokey
Creating struct: $Header
Creating struct: $Function_GetTattle
Creating struct: $EntryList
Creating struct: $Script_SetMusic
Creating struct: $NpcGroupList_Enemies
Creating struct: $NpcGroup_Gulpit1
Creating struct: $NpcGroup_Gulpit2
Creating struct: $NpcGroup_Pokey1
Creating struct: $NpcGroup_Pokey2
Creating struct: $Script_MakeEntities
Creating struct: $Script_Main
Creating struct: $Script_Entry0
Creating struct: $Script_Entry1
Creating struct: $Script_Entry2
Creating struct: $Script_BindColliders
Merged 1 regions to 1
$NpcGroup_Gulpit2 will be placed at 80240000 (length = 3E0 bytes)
$NpcGroup_Gulpit1 will be placed at 802403E0 (length = 3E0 bytes)
$Function_DoAI_Gulpit will be placed at 802407C0 (length = 2B4 bytes)
$Function_8024040C_Gulpit will be placed at 80240A74 (length = 260 bytes)
$NpcGroup_Pokey1 will be placed at 80240CD4 (length = 1F0 bytes)
$NpcGroup_Pokey2 will be placed at 80240EC4 (length = 1F0 bytes)
$Function_80240258_Gulpit will be placed at 802410B4 (length = 1B8 bytes)
$MapTattle will be placed at 8024126C (length = 1A0 bytes)
$JumpTable_80242378_Gulpit will be placed at 8024140C (length = 190 bytes)
$Function_8024012C_Gulpit will be placed at 8024159C (length = D8 bytes)
$Script_Main will be placed at 80241674 (length = A0 bytes)
$Script_802418F0_Gulpit will be placed at 80241714 (length = 88 bytes)
$Script_NpcAI_GulpitB will be placed at 8024179C (length = 80 bytes)
$Function_802400BC_Gulpit will be placed at 8024181C (length = 70 bytes)
$Function_80240050_Gulpit will be placed at 8024188C (length = 6C bytes)
$Function_80240204_Gulpit will be placed at 802418F8 (length = 54 bytes)
$Script_NpcAI_GulpitA will be placed at 8024194C (length = 54 bytes)
$Script_BindColliders will be placed at 802419A0 (length = 50 bytes)
$Script_Entry1 will be placed at 802419F0 (length = 40 bytes)
$Script_Entry0 will be placed at 80241A30 (length = 40 bytes)
$Script_Entry2 will be placed at 80241A70 (length = 40 bytes)
$Header will be placed at 80241AB0 (length = 40 bytes)
$NpcGroupList_Enemies will be placed at 80241AF0 (length = 3C bytes)
$Script_MakeEntities will be placed at 80241B2C (length = 38 bytes)
$EntryList will be placed at 80241B64 (length = 30 bytes)
$AISettings_Pokey will be placed at 80241B94 (length = 30 bytes)
$AISettings_Gulpit will be placed at 80241BC4 (length = 30 bytes)
$NpcSettings_GulpitA will be placed at 80241BF4 (length = 2C bytes)
$NpcSettings_GulpitB will be placed at 80241C20 (length = 2C bytes)
$NpcSettings_Pokey will be placed at 80241C4C (length = 2C bytes)
$Script_SetMusic will be placed at 80241C78 (length = 20 bytes)
$Script_NpcAI_Pokey will be placed at 80241C98 (length = 1C bytes)
$ExtraAnimationList_GulpitA will be placed at 80241CB4 (length = 1C bytes)
$Function_GetTattle will be placed at 80241CD0 (length = 14 bytes)
$Function_80240040_Pokey will be placed at 80241CE4 (length = 14 bytes)
$ASCII_"sam_04"_Literal will be placed at 80241CF8 (length = C bytes)
$ASCII_"sam_03"_Literal will be placed at 80241D04 (length = C bytes)
$ASCII_"sam_15"_Literal will be placed at 80241D10 (length = C bytes)
$ExtraAnimationList_GulpitB will be placed at 80241D1C (length = 8 bytes)
$ConstDouble_80242370_Gulpit will be placed at 80241D28 (length = 8 bytes)
Executing patches for: sam_15
Reading patch file: map/patch/shiver city + mountain/sam_15.mpat
Reading patch file: map/import/NPC_Gulpit.mpat
Creating struct: $Script_802418F0_Gulpit
Creating struct: $AISettings_Gulpit
Creating struct: $Script_NpcAI_GulpitA
Creating struct: $NpcSettings_GulpitA
Creating struct: $Script_NpcAI_GulpitB
Creating struct: $NpcSettings_GulpitB
Creating struct: $ExtraAnimationList_GulpitB
Creating struct: $ExtraAnimationList_GulpitA
Creating struct: $Function_8024040C_Gulpit
Creating struct: $Function_DoAI_Gulpit
Creating struct: $JumpTable_80242378_Gulpit
Creating struct: $Function_80240050_Gulpit
Creating struct: $Function_802400BC_Gulpit
Creating struct: $Function_8024012C_Gulpit
Creating struct: $Function_80240204_Gulpit
Creating struct: $Function_80240258_Gulpit
Creating struct: $ConstDouble_80242370_Gulpit
Creating struct: $Header
Creating struct: $Function_GetTattle
Creating struct: $EntryList
Creating struct: $Script_SetMusic
Creating struct: $NpcGroupList_Enemies
Creating struct: $NpcGroup_Gulpit1
Creating struct: $NpcGroup_Gulpit2
Creating struct: $NpcGroup_Gulpit3
Creating struct: $NpcGroup_Gulpit4
Creating struct: $NpcGroup_Gulpit5
Creating struct: $NpcGroup_Gulpit6
Creating struct: $Script_MakeEntities
Creating struct: $Script_SmashBlock1
Creating struct: $Script_SmashBlock2
Creating struct: $Script_SmashBlock3
Creating struct: $Script_Main
Creating struct: $Script_Entry0
Creating struct: $Script_Entry1
Creating struct: $Script_BindColliders
Merged 1 regions to 1
$NpcGroup_Gulpit6 will be placed at 80240000 (length = 3E0 bytes)
$NpcGroup_Gulpit3 will be placed at 802403E0 (length = 3E0 bytes)
$NpcGroup_Gulpit2 will be placed at 802407C0 (length = 3E0 bytes)
$NpcGroup_Gulpit5 will be placed at 80240BA0 (length = 3E0 bytes)
$NpcGroup_Gulpit4 will be placed at 80240F80 (length = 3E0 bytes)
$NpcGroup_Gulpit1 will be placed at 80241360 (length = 3E0 bytes)
$Function_DoAI_Gulpit will be placed at 80241740 (length = 2B4 bytes)
$Function_8024040C_Gulpit will be placed at 802419F4 (length = 260 bytes)
$Function_80240258_Gulpit will be placed at 80241C54 (length = 1B8 bytes)
$JumpTable_80242378_Gulpit will be placed at 80241E0C (length = 190 bytes)
$Script_MakeEntities will be placed at 80241F9C (length = 13C bytes)
$Function_8024012C_Gulpit will be placed at 802420D8 (length = D8 bytes)
$Script_Main will be placed at 802421B0 (length = A0 bytes)
$Script_802418F0_Gulpit will be placed at 80242250 (length = 88 bytes)
$Script_NpcAI_GulpitB will be placed at 802422D8 (length = 80 bytes)
$MapTattle will be placed at 80242358 (length = 70 bytes)
$Function_802400BC_Gulpit will be placed at 802423C8 (length = 70 bytes)
$Function_80240050_Gulpit will be placed at 80242438 (length = 6C bytes)
$Function_80240204_Gulpit will be placed at 802424A4 (length = 54 bytes)
$Script_NpcAI_GulpitA will be placed at 802424F8 (length = 54 bytes)
$NpcGroupList_Enemies will be placed at 8024254C (length = 54 bytes)
$Script_Entry1 will be placed at 802425A0 (length = 40 bytes)
$Script_Entry0 will be placed at 802425E0 (length = 40 bytes)
$Header will be placed at 80242620 (length = 40 bytes)
$Script_BindColliders will be placed at 80242660 (length = 38 bytes)
$AISettings_Gulpit will be placed at 80242698 (length = 30 bytes)
$NpcSettings_GulpitA will be placed at 802426C8 (length = 2C bytes)
$NpcSettings_GulpitB will be placed at 802426F4 (length = 2C bytes)
$EntryList will be placed at 80242720 (length = 20 bytes)
$Script_SetMusic will be placed at 80242740 (length = 20 bytes)
$ExtraAnimationList_GulpitA will be placed at 80242760 (length = 1C bytes)
$Function_GetTattle will be placed at 8024277C (length = 14 bytes)
$Script_SmashBlock3 will be placed at 80242790 (length = 14 bytes)
$Script_SmashBlock2 will be placed at 802427A4 (length = 14 bytes)
$Script_SmashBlock1 will be placed at 802427B8 (length = 14 bytes)
$ASCII_"sam_16"_Literal will be placed at 802427CC (length = C bytes)
$ASCII_"sam_14"_Literal will be placed at 802427D8 (length = C bytes)
$ExtraAnimationList_GulpitB will be placed at 802427E4 (length = 8 bytes)
$ConstDouble_80242370_Gulpit will be placed at 802427F0 (length = 8 bytes)
Executing patches for: sam_16
Reading patch file: map/patch/shiver city + mountain/sam_16.mpat
Creating struct: $Header
Creating struct: $Function_GetTattle
Creating struct: $EntryList
Creating struct: $Script_SetMusic
Creating struct: $Script_Spring1
Creating struct: $Script_Spring2
Creating struct: $Script_Spring3
Creating struct: $Script_Spring4
Creating struct: $Script_80241420
Creating struct: $Script_MakeEntities
Creating struct: $Script_Main
Creating struct: $Script_Entry0
Creating struct: $Script_Entry1
Creating struct: $Script_BindColliders
Merged 1 regions to 1
$Script_MakeEntities will be placed at 80240000 (length = 128 bytes)
$MapTattle will be placed at 80240128 (length = F0 bytes)
$Script_Spring4 will be placed at 80240218 (length = C8 bytes)
$Script_Spring3 will be placed at 802402E0 (length = C8 bytes)
$Script_Spring2 will be placed at 802403A8 (length = C8 bytes)
$Script_Spring1 will be placed at 80240470 (length = C8 bytes)
$Script_Main will be placed at 80240538 (length = 90 bytes)
$Script_80241420 will be placed at 802405C8 (length = 48 bytes)
$Header will be placed at 80240610 (length = 40 bytes)
$Script_Entry1 will be placed at 80240650 (length = 40 bytes)
$Script_Entry0 will be placed at 80240690 (length = 40 bytes)
$Script_BindColliders will be placed at 802406D0 (length = 38 bytes)
$EntryList will be placed at 80240708 (length = 20 bytes)
$Script_SetMusic will be placed at 80240728 (length = 20 bytes)
$Function_GetTattle will be placed at 80240748 (length = 14 bytes)
$ASCII_"nok_17"_Literal will be placed at 8024075C (length = C bytes)
$ASCII_"sam_15"_Literal will be placed at 80240768 (length = C bytes)
Executing patches for: hos_00
Reading patch file: map/patch/shooting star summit/hos_00.mpat
Reading patch for $ASCII_80244B68
Reading patch for $Script_ExitWalk_802415F0
Reading patch for $Script_80242F20
Merged 15 regions to 14
$String_SpeedySpin will be placed at 80243C70 (length = 84 bytes)
$ASCII_80244B68 will be placed at 80240044 (length = C bytes)
Changing pointer 80244B68 to 80240044 ($ASCII_80244B68[0])
Executing patches for: hos_01
Reading patch file: map/patch/shooting star summit/hos_01.mpat
Reading patch for $ASCII_80245990
Reading patch for $Script_ExitWalk_80241384
Merged 10 regions to 10
$ASCII_80245990 will be placed at 80240794 (length = C bytes)
Changing pointer 80245990 to 80240794 ($ASCII_80245990[0])
Executing patches for: hos_02
Reading patch file: map/patch/shooting star summit/hos_02.mpat
Reading patch for $Script_Main_EnterWalk
Merged 10 regions to 8
Executing patches for: hos_03
Reading patch file: map/patch/shooting star summit/hos_03.mpat
Reading patch file: map/import/EnterViaPipe.mpat
Creating struct: $Script_EnterVerticalPipe
Creating struct: $Function_WarpPipeEntry_80240020
Creating struct: $Function_WarpPipeEntry_802400F0
Creating struct: $Function_WarpPipeEntry_8024023C
Creating struct: $Script_EnterHorizontalPipe
Reading patch for $ShopInventory_8024BB5C
Reading patch for $Header
Reading patch for $EntryList
Reading patch for $Script_MakeEntities
Creating struct: $Script_UseBluePipe
Reading patch for $Script_Main_EnterWalk
Reading patch for $Script_8024975C
Reading patch for $Function_80242E2C (9C)
Creating struct: $Function_IsNextQuestionAvailable
Reading patch for $QuizRequirements
Reading patch for $QuizAnswers
Merged 17 regions to 12
$Script_EnterHorizontalPipe will be placed at 8024BDC4 (length = 300 bytes)
$Script_EnterVerticalPipe will be placed at 8024C0C4 (length = 280 bytes)
$Function_WarpPipeEntry_802400F0 will be placed at 8024A398 (length = E0 bytes)
$EntryList will be placed at 8024C344 (length = C0 bytes)
$Function_WarpPipeEntry_8024023C will be placed at 80243538 (length = A4 bytes)
$Script_MakeEntities will be placed at 8024C404 (length = 80 bytes)
$Function_IsNextQuestionAvailable will be placed at 8024C484 (length = 80 bytes)
$Script_UseBluePipe will be placed at 80243AE4 (length = 20 bytes)
$Function_WarpPipeEntry_80240020 will be placed at 8024BCF8 (length = 14 bytes)
$ASCII_"hos_07"_Literal will be placed at 8024A478 (length = C bytes)
Changing pointer 8024BDF8 to 8024C538 ($End[28])
Changing pointer 8024BDF4 to 8024C534 ($End[24])
Changing pointer 8024BDF8 to 8024C538 ($End[28])
Changing pointer 8024BDF0 to 8024C530 ($End[20])
Changing pointer 8024BDD0 to 8024C510 ($End[0])
Changing pointer 8024BDD0 to 8024C510 ($End[0])
Changing pointer 8024BDF0 to 8024C530 ($End[20])
Changing pointer 8024BDF4 to 8024C534 ($End[24])
Changing pointer 8024BDF8 to 8024C538 ($End[28])
Changing pointer 8024BDF0 to 8024C530 ($End[20])
Changing pointer 8024BDF0 to 8024C530 ($End[20])
Changing pointer 8024BDF8 to 8024C538 ($End[28])
Changing pointer 8024BDF0 to 8024C530 ($End[20])
Changing pointer 8024BDF8 to 8024C538 ($End[28])
Changing pointer 8024BDE8 to 8024C528 ($End[18])
Changing pointer 80243540 to 8024C344 ($EntryList[0])
Changing pointer 8024BD00 to 8024C404 ($Script_MakeEntities[0])
Changing pointer 8024BDD8 to 8024C518 ($End[8])
Executing patches for: hos_07
Reading patch file: map/patch/shooting star summit/hos_07.mpat
Reading patch file: map/import/EnterViaPipe.mpat
Creating struct: $Script_EnterVerticalPipe
Creating struct: $Function_WarpPipeEntry_80240020
Creating struct: $Function_WarpPipeEntry_802400F0
Creating struct: $Function_WarpPipeEntry_8024023C
Creating struct: $Script_EnterHorizontalPipe
Creating struct: $Header
Creating struct: $Function_GetTattle
Creating struct: $EntryList
Creating struct: $Script_RockDestroyed
Creating struct: $Script_UseBluePipe
Creating struct: $Script_Main
Creating struct: $Script_CreateExitTriggers
Creating struct: $Script_ExitW
Creating struct: $Script_ExitNE
Creating struct: $Script_ExitSE
Creating struct: $Script_ShootingStars
Creating struct: $Function_ShootingStar
Merged 1 regions to 1
$Script_EnterHorizontalPipe will be placed at 80240000 (length = 300 bytes)
$Script_EnterVerticalPipe will be placed at 80240300 (length = 280 bytes)
$Script_Main will be placed at 80240580 (length = 250 bytes)
$Script_ShootingStars will be placed at 802407D0 (length = 250 bytes)
$Function_ShootingStar will be placed at 80240A20 (length = 120 bytes)
$Function_WarpPipeEntry_802400F0 will be placed at 80240B40 (length = E0 bytes)
$Function_WarpPipeEntry_8024023C will be placed at 80240C20 (length = A4 bytes)
$Script_CreateExitTriggers will be placed at 80240CC4 (length = 50 bytes)
$EntryList will be placed at 80240D14 (length = 40 bytes)
$MapTattle will be placed at 80240D54 (length = 40 bytes)
$Script_ExitSE will be placed at 80240D94 (length = 40 bytes)
$Header will be placed at 80240DD4 (length = 40 bytes)
$Script_ExitNE will be placed at 80240E14 (length = 40 bytes)
$Script_ExitW will be placed at 80240E54 (length = 40 bytes)
$Script_UseBluePipe will be placed at 80240E94 (length = 20 bytes)
$Script_RockDestroyed will be placed at 80240EB4 (length = 14 bytes)
$Function_GetTattle will be placed at 80240EC8 (length = 14 bytes)
$Function_WarpPipeEntry_80240020 will be placed at 80240EDC (length = 14 bytes)
$ASCII_"hos_08"_Literal will be placed at 80240EF0 (length = C bytes)
$ASCII_"hos_01"_Literal will be placed at 80240EFC (length = C bytes)
$ASCII_"hos_00"_Literal will be placed at 80240F08 (length = C bytes)
$ASCII_"hos_03"_Literal will be placed at 80240F14 (length = C bytes)
Executing patches for: hos_08
Reading patch file: map/patch/shooting star summit/hos_08.mpat
Reading patch file: map/import/TexturePanner.mpat
Creating struct: $TexturePanner:Script
Creating struct: $TexturePanner:SetTexturePanner_Function_A
Creating struct: $TexturePanner:SetTexturePanner_Function_B
Creating struct: $Header
Creating struct: $Function_GetTattle
Creating struct: $EntryList
Creating struct: $Script_Main
Creating struct: $Script_SignPost
Creating struct: $NpcGroup_Master
Creating struct: $BlankSettings
Creating struct: $Script_Init_Master
Creating struct: $Script_Interact
Creating struct: $Script_IdleAI
Creating struct: $Script_Defeat
Creating struct: $NpcGroupList
Creating struct: $Script_CreateExitTriggers
Creating struct: $Script_ExitW
Creating struct: $Script_ExitE
Creating struct: $Script_ExitN
Creating struct: $Script_ScrollTex
Creating struct: $Script_ShootingStars
Creating struct: $Function_ShootingStar
Creating struct: $Script_CreateTreeEvents
Creating struct: $ShakeTree1
Creating struct: $Tree1_TriggerCoord
Creating struct: $Tree1_Trunk
Creating struct: $Tree1_Leaves
Creating struct: $Tree1_Effects
Creating struct: $ShakeTree2
Creating struct: $Tree2_TriggerCoord
Creating struct: $Tree2_Trunk
Creating struct: $Tree2_Leaves
Creating struct: $Tree2_Effects
Creating struct: $Tree2_DropList
Creating struct: $Script_ShakeTreeGlitter
Creating struct: $Function_ShakeTreeA
Creating struct: $Function_ShakeTreeB
Merged 1 regions to 1
$Script_ShakeTreeGlitter will be placed at 80240000 (length = 424 bytes)
$Script_ShootingStars will be placed at 80240424 (length = 288 bytes)
$Script_ScrollTex will be placed at 802406AC (length = 24C bytes)
$InfoSign will be placed at 802408F8 (length = 23C bytes)
$NpcGroup_Master will be placed at 80240B34 (length = 1F0 bytes)
$TexturePanner:SetTexturePanner_Function_B will be placed at 80240D24 (length = 1E8 bytes)
$Script_Main will be placed at 80240F0C (length = 1E8 bytes)
$Function_ShakeTreeA will be placed at 802410F4 (length = 1CC bytes)
$DefeatStringFirst will be placed at 802412C0 (length = 1CC bytes)
$Script_Defeat will be placed at 8024148C (length = 164 bytes)
$TexturePanner:SetTexturePanner_Function_A will be placed at 802415F0 (length = 124 bytes)
$Function_ShootingStar will be placed at 80241714 (length = 120 bytes)
$DefeatString will be placed at 80241834 (length = A8 bytes)
$YouGotRekt will be placed at 802418DC (length = A4 bytes)
$Script_Interact will be placed at 80241980 (length = 94 bytes)
$Script_CreateTreeEvents will be placed at 80241A14 (length = 80 bytes)
$Function_ShakeTreeB will be placed at 80241A94 (length = 70 bytes)
$TexturePanner:Script will be placed at 80241B04 (length = 64 bytes)
$MapTattle will be placed at 80241B68 (length = 54 bytes)
$DeclineString will be placed at 80241BBC (length = 50 bytes)
$Script_CreateExitTriggers will be placed at 80241C0C (length = 50 bytes)
$TauntString will be placed at 80241C5C (length = 44 bytes)
$Script_ExitN will be placed at 80241CA0 (length = 40 bytes)
$Script_ExitW will be placed at 80241CE0 (length = 40 bytes)
$Script_ExitE will be placed at 80241D20 (length = 40 bytes)
$Header will be placed at 80241D60 (length = 40 bytes)
$Script_Init_Master will be placed at 80241DA0 (length = 38 bytes)
$Script_IdleAI will be placed at 80241DD8 (length = 38 bytes)
$Script_SignPost will be placed at 80241E10 (length = 34 bytes)
$EntryList will be placed at 80241E44 (length = 30 bytes)
$BlankSettings will be placed at 80241E74 (length = 2C bytes)
$Tree2_DropList will be placed at 80241EA0 (length = 20 bytes)
$Tree1_Effects will be placed at 80241EC0 (length = 1C bytes)
$Tree2_Effects will be placed at 80241EDC (length = 1C bytes)
$NpcGroupList will be placed at 80241EF8 (length = 18 bytes)
$Function_GetTattle will be placed at 80241F10 (length = 14 bytes)
$ShakeTree1 will be placed at 80241F24 (length = 14 bytes)
$ShakeTree2 will be placed at 80241F38 (length = 14 bytes)
$Tree2_TriggerCoord will be placed at 80241F4C (length = 10 bytes)
$Tree1_TriggerCoord will be placed at 80241F5C (length = 10 bytes)
$ASCII_"hos_07"_Literal will be placed at 80241F6C (length = C bytes)
$ASCII_"hos_09"_Literal will be placed at 80241F78 (length = C bytes)
$ASCII_"hos_11"_Literal will be placed at 80241F84 (length = C bytes)
$AcceptString will be placed at 80241F90 (length = 8 bytes)
$Tree1_Leaves will be placed at 80241F98 (length = 8 bytes)
$Tree2_Leaves will be placed at 80241FA0 (length = 8 bytes)
$Tree2_Trunk will be placed at 80241FA8 (length = 8 bytes)
$Tree1_Trunk will be placed at 80241FB0 (length = 8 bytes)
Executing patches for: hos_09
Reading patch file: map/patch/shooting star summit/hos_09.mpat
Reading patch file: map/import/TexturePanner.mpat
Creating struct: $TexturePanner:Script
Creating struct: $TexturePanner:SetTexturePanner_Function_A
Creating struct: $TexturePanner:SetTexturePanner_Function_B
Creating struct: $Header
Creating struct: $Function_GetTattle
Creating struct: $EntryList
Creating struct: $Script_Main
Creating struct: $Script_CreateExitTriggers
Creating struct: $Script_ExitS
Creating struct: $Script_EnterMap
Creating struct: $Script_UpdateCompletionIndicators
Creating struct: $Script_RegenerateSP
Creating struct: $Function_RecoverSP
Creating struct: $Script_ToggleColumnsVis
Creating struct: $Function_GetCameraYaw
Creating struct: $Script_ScrollTex
Creating struct: $BossNpcGroups
Creating struct: $NpcGroup_BossRush
Creating struct: $NpcGroup_Ch0
Creating struct: $NpcGroup_Ch1
Creating struct: $NpcGroup_Ch2
Creating struct: $NpcGroup_Ch3
Creating struct: $NpcGroup_Ch4
Creating struct: $NpcGroup_Ch5
Creating struct: $NpcGroup_Ch6
Creating struct: $NpcGroup_Ch7
Creating struct: $NpcGroup_Ch8
Creating struct: $NpcSettings_Twink
Creating struct: $NpcSettings_StarSpirit
Creating struct: $NpcSettings_Peach
Creating struct: $NpcProperties
Creating struct: $Script_Init_RematchSpirit
Creating struct: $Script_Interact_Spirits
Creating struct: $Script_Conversation_Spirits
Creating struct: $Script_Interact_Peach
Creating struct: $Script_MonitorBattleStatus
Creating struct: $Script_AfterBattle
Creating struct: $Function_CountEmptySlots
Creating struct: $GetCurseFlagBlock
Creating struct: $SetCurseFlagBlock
Creating struct: $Ch0_EffectPos
Creating struct: $Ch1_EffectPos
Creating struct: $Ch2_EffectPos
Creating struct: $Ch3_EffectPos
Creating struct: $Ch4_EffectPos
Creating struct: $Ch5_EffectPos
Creating struct: $Ch6_EffectPos
Creating struct: $Ch7_EffectPos
Creating struct: $Ch8_EffectPos
Creating struct: $Ch0_Strings
Creating struct: $Ch1_Strings
Creating struct: $Ch2_Strings
Creating struct: $Ch3_Strings
Creating struct: $Ch4_Strings
Creating struct: $Ch5_Strings
Creating struct: $Ch6_Strings
Creating struct: $Ch7_Strings
Creating struct: $Ch8_Strings
Creating struct: $Script_FloatingHologramAux
Creating struct: $Function_LevitateEffect
Creating struct: $BounceAmplitudeTable
Creating struct: $Script_SignPost
Creating struct: $Script_SignPostB
Creating struct: $Script_Init_BossRush
Creating struct: $Script_BossRush_Interact
Creating struct: $Trial_BossRush
Creating struct: $Trial_BossRushEX
Creating struct: $Trial_BossRushDark
Creating struct: $BattlesRush
Creating struct: $BattlesRushEX
Creating struct: $BattlesRushDark
Creating struct: $BossSongs
Creating struct: $BossSongsB
Creating struct: $Script_Conversation
Creating struct: $LaunchNextBattle
Creating struct: $Script_BossRush_Idle
Creating struct: $Function_GetCoinCount
Creating struct: $Function_SetBattle
Creating struct: $Function_GetBattleCount
Creating struct: $Function_GetPrize
Creating struct: $Function_RevivePlayer
Creating struct: $Function_GetDamageTaken
Creating struct: $Function_GetCoinReward
Creating struct: $FlipSuperguardFlag
Creating struct: $Function_FlipSuperguardFlag
Creating struct: $FlipWarpFlag
Merged 1 regions to 1
$Script_BossRush_Idle will be placed at 80240000 (length = AEC bytes)
$Script_Conversation will be placed at 80240AEC (length = 7B4 bytes)
$Script_UpdateCompletionIndicators will be placed at 802412A0 (length = 734 bytes)
$Script_MonitorBattleStatus will be placed at 802419D4 (length = 544 bytes)
$Script_ScrollTex will be placed at 80241F18 (length = 368 bytes)
$Script_FloatingHologramAux will be placed at 80242280 (length = 1F4 bytes)
$NpcGroup_Ch6 will be placed at 80242474 (length = 1F0 bytes)
$NpcGroup_Ch7 will be placed at 80242664 (length = 1F0 bytes)
$NpcGroup_Ch8 will be placed at 80242854 (length = 1F0 bytes)
$NpcGroup_Ch2 will be placed at 80242A44 (length = 1F0 bytes)
$NpcGroup_Ch3 will be placed at 80242C34 (length = 1F0 bytes)
$NpcGroup_Ch4 will be placed at 80242E24 (length = 1F0 bytes)
$NpcGroup_Ch5 will be placed at 80243014 (length = 1F0 bytes)
$NpcGroup_Ch0 will be placed at 80243204 (length = 1F0 bytes)
$NpcGroup_Ch1 will be placed at 802433F4 (length = 1F0 bytes)
$NpcGroup_BossRush will be placed at 802435E4 (length = 1F0 bytes)
$TexturePanner:SetTexturePanner_Function_B will be placed at 802437D4 (length = 1E8 bytes)
$Script_SignPostB will be placed at 802439BC (length = 1D0 bytes)
$Script_Init_RematchSpirit will be placed at 80243B8C (length = 1A0 bytes)
$Script_SignPost will be placed at 80243D2C (length = 1A0 bytes)
$BossRush_WonEXFirst will be placed at 80243ECC (length = 198 bytes)
$Script_Main will be placed at 80244064 (length = 174 bytes)
$BossRush_Intro will be placed at 802441D8 (length = 168 bytes)
$NpcProperties will be placed at 80244340 (length = 144 bytes)
$Script_Conversation_Spirits will be placed at 80244484 (length = 140 bytes)
$TexturePanner:SetTexturePanner_Function_A will be placed at 802445C4 (length = 124 bytes)
$Script_ToggleColumnsVis will be placed at 802446E8 (length = 120 bytes)
$BossRush_Rules will be placed at 80244808 (length = 104 bytes)
$LaunchNextBattle will be placed at 8024490C (length = EC bytes)
$BossRush_ConfirmEX will be placed at 802449F8 (length = E0 bytes)
$Script_Interact_Peach will be placed at 80244AD8 (length = CC bytes)
$TrialTattle will be placed at 80244BA4 (length = C8 bytes)
$Ch8_Reward1 will be placed at 80244C6C (length = C8 bytes)
$Function_LevitateEffect will be placed at 80244D34 (length = BC bytes)
$Ch8_Reward2 will be placed at 80244DF0 (length = BC bytes)
$Ch8_Reward3 will be placed at 80244EAC (length = B8 bytes)
$SetCurseFlagBlock will be placed at 80244F64 (length = AC bytes)
$Function_GetPrize will be placed at 80245010 (length = 9C bytes)
$BossRushInfo_All will be placed at 802450AC (length = 9C bytes)
$GetCurseFlagBlock will be placed at 80245148 (length = 98 bytes)
$BossRushInfoD_All will be placed at 802451E0 (length = 98 bytes)
$Function_GetCameraYaw will be placed at 80245278 (length = 88 bytes)
$BossRush_ConfirmDark will be placed at 80245300 (length = 84 bytes)
$BossRush_WonNormalFirst will be placed at 80245384 (length = 84 bytes)
$BossNpcGroups will be placed at 80245408 (length = 84 bytes)
$Ch7_Reward1 will be placed at 8024548C (length = 84 bytes)
$StarSpiritTattle will be placed at 80245510 (length = 80 bytes)
$Ch6_Reward1 will be placed at 80245590 (length = 80 bytes)
$BossRush_WonEX will be placed at 80245610 (length = 80 bytes)
$MapTattle will be placed at 80245690 (length = 7C bytes)
$BossRushInfo_NormalEX will be placed at 8024570C (length = 7C bytes)
$BossRushInfo_NormalDark will be placed at 80245788 (length = 7C bytes)
$BossRush_NotReady will be placed at 80245804 (length = 7C bytes)
$PeachTattle will be placed at 80245880 (length = 78 bytes)
$Function_SetBattle will be placed at 802458F8 (length = 78 bytes)
$TwinkTattle will be placed at 80245970 (length = 78 bytes)
$BossRushInfoD_NormalDark will be placed at 802459E8 (length = 74 bytes)
$Function_RecoverSP will be placed at 80245A5C (length = 74 bytes)
$Ch3_Reward1 will be placed at 80245AD0 (length = 74 bytes)
$BossRushInfoD_NormalEX will be placed at 80245B44 (length = 74 bytes)
$Ch6_Reward2 will be placed at 80245BB8 (length = 70 bytes)
$String_PeachNotReady will be placed at 80245C28 (length = 70 bytes)
$Ch7_Offer will be placed at 80245C98 (length = 6C bytes)
$Ch7_Reward3 will be placed at 80245D04 (length = 6C bytes)
$Ch6_Reward3 will be placed at 80245D70 (length = 68 bytes)
$Function_GetBattleCount will be placed at 80245DD8 (length = 68 bytes)
$Ch0_Rejected will be placed at 80245E40 (length = 68 bytes)
$Ch7_Reward2 will be placed at 80245EA8 (length = 68 bytes)
$Ch4_Rejected will be placed at 80245F10 (length = 64 bytes)
$Ch7_Accepted will be placed at 80245F74 (length = 64 bytes)
$Ch8_Offer will be placed at 80245FD8 (length = 64 bytes)
$TexturePanner:Script will be placed at 8024603C (length = 64 bytes)
$Ch3_Offer will be placed at 802460A0 (length = 64 bytes)
$BossRush_WonDarkFirst will be placed at 80246104 (length = 60 bytes)
$Ch4_Offer will be placed at 80246164 (length = 60 bytes)
$Ch4_Reward1 will be placed at 802461C4 (length = 60 bytes)
$Ch3_Reward3 will be placed at 80246224 (length = 5C bytes)
$Ch4_Accepted will be placed at 80246280 (length = 5C bytes)
$Ch1_Reward1 will be placed at 802462DC (length = 58 bytes)
$Ch0_Offer will be placed at 80246334 (length = 58 bytes)
$Ch1_Rejected will be placed at 8024638C (length = 58 bytes)
$BossRush_IRestoreQuestion will be placed at 802463E4 (length = 58 bytes)
$FlipWarpFlag will be placed at 8024643C (length = 58 bytes)
$BossRushInfo_Normal will be placed at 80246494 (length = 58 bytes)
$Ch2_Offer will be placed at 802464EC (length = 58 bytes)
$Ch6_Rejected will be placed at 80246544 (length = 58 bytes)
$Ch3_Accepted will be placed at 8024659C (length = 54 bytes)
$BossRushInfoD_Normal will be placed at 802465F0 (length = 54 bytes)
$Ch1_Offer will be placed at 80246644 (length = 54 bytes)
$Ch3_Reward2 will be placed at 80246698 (length = 54 bytes)
$Ch0_Reward1 will be placed at 802466EC (length = 54 bytes)
$Script_Init_BossRush will be placed at 80246740 (length = 54 bytes)
$Ch5_Reward1 will be placed at 80246794 (length = 54 bytes)
$Ch6_Offer will be placed at 802467E8 (length = 54 bytes)
$BossRush_WonNormal will be placed at 8024683C (length = 50 bytes)
$BossRush_Confirm will be placed at 8024688C (length = 50 bytes)
$Ch4_Reward3 will be placed at 802468DC (length = 50 bytes)
$Ch4_Reward2 will be placed at 8024692C (length = 50 bytes)
$BossRush_WonDark will be placed at 8024697C (length = 4C bytes)
$Ch8_Accepted will be placed at 802469C8 (length = 4C bytes)
$Script_EnterMap will be placed at 80246A14 (length = 4C bytes)
$Ch2_Reward2 will be placed at 80246A60 (length = 4C bytes)
$Ch2_Reward3 will be placed at 80246AAC (length = 4C bytes)
$BossRush_Ran will be placed at 80246AF8 (length = 4C bytes)
$BossRush_Died will be placed at 80246B44 (length = 4C bytes)
$Ch3_Rejected will be placed at 80246B90 (length = 4C bytes)
$BossRush_Full will be placed at 80246BDC (length = 48 bytes)
$Ch5_Reward3 will be placed at 80246C24 (length = 48 bytes)
$Ch2_Reward1 will be placed at 80246C6C (length = 48 bytes)
$BossRush_HealQuestion will be placed at 80246CB4 (length = 48 bytes)
$Ch5_Accepted will be placed at 80246CFC (length = 48 bytes)
$Ch1_Reward2 will be placed at 80246D44 (length = 44 bytes)
$Ch1_Reward3 will be placed at 80246D88 (length = 44 bytes)
$Script_AfterBattle will be placed at 80246DCC (length = 44 bytes)
$FlipSuperguardFlag will be placed at 80246E10 (length = 44 bytes)
$Ch5_Offer will be placed at 80246E54 (length = 44 bytes)
$Ch0_Reward2 will be placed at 80246E98 (length = 40 bytes)
$Ch0_Reward3 will be placed at 80246ED8 (length = 40 bytes)
$Ch8_Rejected will be placed at 80246F18 (length = 40 bytes)
$Ch8_Victory will be placed at 80246F58 (length = 40 bytes)
$Header will be placed at 80246F98 (length = 40 bytes)
$Script_ExitS will be placed at 80246FD8 (length = 40 bytes)
$BossRush_NextRound_ShortTime will be placed at 80247018 (length = 3C bytes)
$Ch2_Rejected will be placed at 80247054 (length = 3C bytes)
$BossRush_ChallengeOptions will be placed at 80247090 (length = 3C bytes)
$Ch5_Reward2 will be placed at 802470CC (length = 3C bytes)
$Script_RegenerateSP will be placed at 80247108 (length = 3C bytes)
$Ch6_Accepted will be placed at 80247144 (length = 3C bytes)
$Ch7_Rejected will be placed at 80247180 (length = 38 bytes)
$BossRush_NextRound_LowDamage will be placed at 802471B8 (length = 38 bytes)
$BossRush_NextRound_LongTime will be placed at 802471F0 (length = 34 bytes)
$BossRush_Options3 will be placed at 80247224 (length = 34 bytes)
$NpcSettings_StarSpirit will be placed at 80247258 (length = 2C bytes)
$Function_GetDamageTaken will be placed at 80247284 (length = 2C bytes)
$Function_RevivePlayer will be placed at 802472B0 (length = 2C bytes)
$Function_GetCoinCount will be placed at 802472DC (length = 2C bytes)
$NpcSettings_Twink will be placed at 80247308 (length = 2C bytes)
$NpcSettings_Peach will be placed at 80247334 (length = 2C bytes)
$BossSongsB will be placed at 80247360 (length = 2C bytes)
$Function_GetCoinReward will be placed at 8024738C (length = 2C bytes)
$Function_CountEmptySlots will be placed at 802473B8 (length = 2C bytes)
$BossSongs will be placed at 802473E4 (length = 2C bytes)
$BattlesRush will be placed at 80247410 (length = 28 bytes)
$Ch0_Accepted will be placed at 80247438 (length = 28 bytes)
$BossRush_Begin will be placed at 80247460 (length = 28 bytes)
$BattlesRushEX will be placed at 80247488 (length = 28 bytes)
$YesNo will be placed at 802474B0 (length = 28 bytes)
$BossRush_Options2 will be placed at 802474D8 (length = 28 bytes)
$Ch2_Accepted will be placed at 80247500 (length = 28 bytes)
$BossRush_Welcome will be placed at 80247528 (length = 24 bytes)
$Function_FlipSuperguardFlag will be placed at 8024754C (length = 24 bytes)
$BattlesRushDark will be placed at 80247570 (length = 24 bytes)
$BossRush_GivePrize will be placed at 80247594 (length = 24 bytes)
$Ch1_Accepted will be placed at 802475B8 (length = 20 bytes)
$BossRush_Rejected will be placed at 802475D8 (length = 20 bytes)
$BossRush_Options1 will be placed at 802475F8 (length = 20 bytes)
$Script_CreateExitTriggers will be placed at 80247618 (length = 20 bytes)
$BossRush_WelcomeAgain will be placed at 80247638 (length = 1C bytes)
$BossRush_NextRound_B will be placed at 80247654 (length = 1C bytes)
$Ch5_Rejected will be placed at 80247670 (length = 1C bytes)
$BossRush_NextRound will be placed at 8024768C (length = 1C bytes)
$BossRushInfo_None will be placed at 802476A8 (length = 1C bytes)
$Ch7_Strings will be placed at 802476C4 (length = 18 bytes)
$Ch2_Strings will be placed at 802476DC (length = 18 bytes)
$Script_Interact_Spirits will be placed at 802476F4 (length = 18 bytes)
$Ch8_Strings will be placed at 8024770C (length = 18 bytes)
$Ch5_Strings will be placed at 80247724 (length = 18 bytes)
$BossRush_Accepted will be placed at 8024773C (length = 18 bytes)
$Ch0_Strings will be placed at 80247754 (length = 18 bytes)
$Script_BossRush_Interact will be placed at 8024776C (length = 18 bytes)
$Ch3_Strings will be placed at 80247784 (length = 18 bytes)
$Ch6_Strings will be placed at 8024779C (length = 18 bytes)
$Ch1_Strings will be placed at 802477B4 (length = 18 bytes)
$Ch4_Strings will be placed at 802477CC (length = 18 bytes)
$String_BossRushDark_Complete will be placed at 802477E4 (length = 14 bytes)
$String_BossRush_Complete will be placed at 802477F8 (length = 14 bytes)
$Function_GetTattle will be placed at 8024780C (length = 14 bytes)
$Trial_BossRushEX will be placed at 80247820 (length = 10 bytes)
$Trial_BossRush will be placed at 80247830 (length = 10 bytes)
$String_BossRushEX_Complete will be placed at 80247840 (length = 10 bytes)
$BossRush_WhatKind will be placed at 80247850 (length = 10 bytes)
$Trial_BossRushDark will be placed at 80247860 (length = 10 bytes)
$EntryList will be placed at 80247870 (length = 10 bytes)
$BounceAmplitudeTable will be placed at 80247880 (length = 10 bytes)
$Ch4_EffectPos will be placed at 80247890 (length = C bytes)
$String_BossRushDark will be placed at 8024789C (length = C bytes)
$Ch5_EffectPos will be placed at 802478A8 (length = C bytes)
$Ch7_EffectPos will be placed at 802478B4 (length = C bytes)
$Ch8_EffectPos will be placed at 802478C0 (length = C bytes)
$Ch2_EffectPos will be placed at 802478CC (length = C bytes)
$Ch3_EffectPos will be placed at 802478D8 (length = C bytes)
$ASCII_"hos_08"_Literal will be placed at 802478E4 (length = C bytes)
$String_BossRush will be placed at 802478F0 (length = C bytes)
$Ch1_EffectPos will be placed at 802478FC (length = C bytes)
$Ch6_EffectPos will be placed at 80247908 (length = C bytes)
$Ch0_EffectPos will be placed at 80247914 (length = C bytes)
$String_BossRushEX will be placed at 80247920 (length = 8 bytes)
$NotAvailable will be placed at 80247928 (length = 4 bytes)
Executing patches for: hos_11
Reading patch file: map/patch/shooting star summit/hos_11.mpat
Creating struct: $Header
Creating struct: $EntryList
Creating struct: $Function_GetTattle
Creating struct: $Script_Main
Creating struct: $Script_SetInitialState
Creating struct: $Script_DoorInteract
Creating struct: $Function_RedWave
Creating struct: $Function_YellowWave
Creating struct: $Function_GreenWave
Creating struct: $Function_CyanWave
Creating struct: $Function_BlueWave
Creating struct: $Function_MagentaWave
Creating struct: $Function_WhiteWave
Creating struct: $Function_SetBlastPalette
Creating struct: $Script_SetupMusic
Creating struct: $Script_EnterMap
Creating struct: $Script_Exit0
Creating struct: $Script_Exit1
Creating struct: $Script_CreateExitTriggers
Merged 1 regions to 1
$Script_DoorInteract will be placed at 80240000 (length = 4E0 bytes)
$Script_SetInitialState will be placed at 802404E0 (length = 2C4 bytes)
$Function_BlueWave will be placed at 802407A4 (length = 12C bytes)
$Function_RedWave will be placed at 802408D0 (length = 12C bytes)
$Function_CyanWave will be placed at 802409FC (length = 12C bytes)
$Function_WhiteWave will be placed at 80240B28 (length = 12C bytes)
$Function_MagentaWave will be placed at 80240C54 (length = 12C bytes)
$Function_YellowWave will be placed at 80240D80 (length = 12C bytes)
$Function_GreenWave will be placed at 80240EAC (length = 12C bytes)
$MapTattle will be placed at 80240FD8 (length = C4 bytes)
$Script_Main will be placed at 8024109C (length = 80 bytes)
$String_NeedMorePower will be placed at 8024111C (length = 7C bytes)
$Function_SetBlastPalette will be placed at 80241198 (length = 6C bytes)
$String_NoPower will be placed at 80241204 (length = 68 bytes)
$Script_EnterMap will be placed at 8024126C (length = 54 bytes)
$String_MaximumPower will be placed at 802412C0 (length = 48 bytes)
$Header will be placed at 80241308 (length = 40 bytes)
$Script_Exit1 will be placed at 80241348 (length = 40 bytes)
$Script_Exit0 will be placed at 80241388 (length = 40 bytes)
$Script_CreateExitTriggers will be placed at 802413C8 (length = 38 bytes)
$Script_SetupMusic will be placed at 80241400 (length = 2C bytes)
$EntryList will be placed at 8024142C (length = 20 bytes)
$Function_GetTattle will be placed at 8024144C (length = 14 bytes)
$ASCII_"hos_08"_Literal will be placed at 80241460 (length = C bytes)
$ASCII_"hal_00"_Literal will be placed at 8024146C (length = C bytes)
Executing patches for: hos_12
Reading patch file: map/patch/shooting star summit/hos_12.mpat
Creating struct: $Function_80240000
Creating struct: $Function_80240124
Creating struct: $Function_80240310
Creating struct: $Function_802403C4
Creating struct: $Function_80240428
Creating struct: $Function_80240484
Creating struct: $Function_80240654
Creating struct: $Function_802406A8
Creating struct: $Function_802406E0
Creating struct: $Function_8024077C
Creating struct: $Function_8024086C
Creating struct: $Function_802409F8
Creating struct: $Function_80240A3C
Creating struct: $Function_80240A68
Creating struct: $Function_80240A94
Creating struct: $Function_80240AD0
Creating struct: $Function_80240DAC
Creating struct: $Function_80240F7C
Creating struct: $Function_80240FD0
Creating struct: $Function_80241008
Creating struct: $Function_802410A4
Creating struct: $Function_80241158
Creating struct: $Function_PlayerHasBadge
Creating struct: $Function_802411F0
Creating struct: $Function_GetBadgeHint
Creating struct: $Function_GetSuperBlockHint
Creating struct: $Function_GetStarPieceHint
Creating struct: $Function_HasEnoughCoins
Creating struct: $Function_DeductHintCoins
Creating struct: $Function_RefundHintCoins
Creating struct: $Function_802418E8
Creating struct: $Function_80241A58
Creating struct: $Function_80241B74
Creating struct: $Function_80241CCC
Creating struct: $Function_80241F98
Creating struct: $Function_80241FD0
Creating struct: $Function_80242084
Creating struct: $Function_802420E8
Creating struct: $Function_80242238
Creating struct: $Function_8024228C
Creating struct: $Function_802424CC
Creating struct: $Function_80242534
Creating struct: $EntryList
Creating struct: $Header
Creating struct: $Script_MakeEntities
Creating struct: $Script_UpdateTexturePan_80242600
Creating struct: $Script_8024269C
Creating struct: $Script_8024271C
Creating struct: $Script_ExitWalk_802427B8
Creating struct: $Script_80242814
Creating struct: $Script_80242840
Creating struct: $Script_Main_EnterWalk
Creating struct: $NpcSettings_80242BB0
Creating struct: $NpcSettings_80242BDC
Creating struct: $???_80242C08
Creating struct: $Script_80242C0C
Creating struct: $Script_80242C3C
Creating struct: $???_80242C6C
Creating struct: $???_80242C70
Creating struct: $Script_80242C74
Creating struct: $Script_80242DB8
Creating struct: $Script_80242E08
Creating struct: $Script_80242E88
Creating struct: $Script_802431AC
Creating struct: $Script_8024321C
Creating struct: $???_80243514
Creating struct: $Script_8024351C
Creating struct: $Script_8024356C
Creating struct: $Script_Interact_802435D0
Creating struct: $MerlowBadgeInventory
Creating struct: $Script_Interact_802436A0
Creating struct: $Script_Init_80243C04
Creating struct: $Script_Init_80243C34
Creating struct: $NpcGroup_80243C68
Creating struct: $NpcGroupList_80244048
Creating struct: $Script_OpenDoor_80244060
Creating struct: $Script_MoveWalls_80244090
Creating struct: $Script_DropDoor_80244260
Creating struct: $Script_ToggleVis_80244290
Creating struct: $Script_OpenDoor_802443C0
Creating struct: $Script_OpenDoor_802443F0
Creating struct: $Script_80244420
Creating struct: $Script_802444B8
Creating struct: $???_802445D0
Creating struct: $???_802445D4
Creating struct: $Script_802445D8
Creating struct: $Script_8024471C
Creating struct: $???_8024476C
Creating struct: $Script_80244770
Creating struct: $Script_802447A0
Creating struct: $ByteTable_HintPrices
Creating struct: $BadgeHintData
Creating struct: $SuperBlockHintData
Creating struct: $StarPieceHintData
Creating struct: $Script_80244F3C
Creating struct: $Script_80245604
Creating struct: $Script_80245620
Creating struct: $???_802456F4
Creating struct: $Script_802456FC
Creating struct: $Script_80245878
Creating struct: $Script_80245E38
Creating struct: $???_80245E80
Creating struct: $Script_80245E84
Creating struct: $IntTable_80245EEC
Creating struct: $Script_80245F00
Creating struct: $Script_80245FB0
Creating struct: $Script_80246060
Creating struct: $Script_8024621C
Creating struct: $Function_80241960
Creating struct: $Script_8024793C
Creating struct: $Script_802533E0
Reading patch for $Script_MakeEntities
Creating struct: $ASCII_802542E0
Creating struct: $ASCII_80246250
Merged 1 regions to 1
$Script_80244F3C will be placed at 80240000 (length = 58C bytes)
$Script_80245878 will be placed at 8024058C (length = 464 bytes)
$Script_Interact_802436A0 will be placed at 802409F0 (length = 410 bytes)
$NpcGroup_80243C68 will be placed at 80240E00 (length = 3E0 bytes)
$BadgeHintData will be placed at 802411E0 (length = 3B4 bytes)
$StarPieceHintData will be placed at 80241594 (length = 2F4 bytes)
$Function_80241CCC will be placed at 80241888 (length = 2CC bytes)
$Function_GetBadgeHint will be placed at 80241B54 (length = 278 bytes)
$Script_80242E88 will be placed at 80241DCC (length = 268 bytes)
$Function_80240AD0 will be placed at 80242034 (length = 254 bytes)
$Function_8024228C will be placed at 80242288 (length = 240 bytes)
$Script_8024321C will be placed at 802424C8 (length = 238 bytes)
$Function_80240124 will be placed at 80242700 (length = 1E8 bytes)
$Function_80240484 will be placed at 802428E8 (length = 1D0 bytes)
$Function_80240DAC will be placed at 80242AB8 (length = 1D0 bytes)
$Function_8024086C will be placed at 80242C88 (length = 18C bytes)
$Function_GetStarPieceHint will be placed at 80242E14 (length = 184 bytes)
$Function_GetSuperBlockHint will be placed at 80242F98 (length = 184 bytes)
$Script_80242840 will be placed at 8024311C (length = 180 bytes)
$Script_MoveWalls_80244090 will be placed at 8024329C (length = 174 bytes)
$Function_802418E8 will be placed at 80243410 (length = 170 bytes)
$Function_80241B74 will be placed at 80243580 (length = 158 bytes)
$Function_802420E8 will be placed at 802436D8 (length = 150 bytes)
$Script_80246060 will be placed at 80243828 (length = 13C bytes)
$Function_80240000 will be placed at 80243964 (length = 124 bytes)
$Function_80241A58 will be placed at 80243A88 (length = 11C bytes)
$Script_802456FC will be placed at 80243BA4 (length = 114 bytes)
$Script_Main_EnterWalk will be placed at 80243CB8 (length = 104 bytes)
$Function_8024077C will be placed at 80243DBC (length = F0 bytes)
$Script_802445D8 will be placed at 80243EAC (length = EC bytes)
$Script_80242C74 will be placed at 80243F98 (length = EC bytes)
$Script_802444B8 will be placed at 80244084 (length = E8 bytes)
$Script_ToggleVis_80244290 will be placed at 8024416C (length = E4 bytes)
$Function_80241960 will be placed at 80244250 (length = C4 bytes)
$SuperBlockHintData will be placed at 80244314 (length = C0 bytes)
$MerlowBadgeInventory will be placed at 802443D4 (length = B4 bytes)
$Function_802410A4 will be placed at 80244488 (length = B4 bytes)
$Function_80240310 will be placed at 8024453C (length = B4 bytes)
$Function_80241FD0 will be placed at 802445F0 (length = B4 bytes)
$Script_80245620 will be placed at 802446A4 (length = 9C bytes)
$Script_MakeEntities will be placed at 80244740 (length = 9C bytes)
$Function_802406E0 will be placed at 802447DC (length = 9C bytes)
$Function_80241008 will be placed at 80244878 (length = 9C bytes)
$Script_80245FB0 will be placed at 80244914 (length = 80 bytes)
$Script_80245F00 will be placed at 80244994 (length = 80 bytes)
$Function_802411F0 will be placed at 80244A14 (length = 7C bytes)
$Function_HasEnoughCoins will be placed at 80244A90 (length = 74 bytes)
$Script_8024271C will be placed at 80244B04 (length = 74 bytes)
$Script_80244420 will be placed at 80244B78 (length = 70 bytes)
$Function_802424CC will be placed at 80244BE8 (length = 68 bytes)
$Function_80242084 will be placed at 80244C50 (length = 64 bytes)
$Function_802403C4 will be placed at 80244CB4 (length = 64 bytes)
$Function_80241158 will be placed at 80244D18 (length = 64 bytes)
$Script_UpdateTexturePan_80242600 will be placed at 80244D7C (length = 64 bytes)
$Script_80242E08 will be placed at 80244DE0 (length = 60 bytes)
$Script_8024269C will be placed at 80244E40 (length = 5C bytes)
$Function_80240428 will be placed at 80244E9C (length = 5C bytes)
$Function_80242238 will be placed at 80244EF8 (length = 54 bytes)
$Script_802431AC will be placed at 80244F4C (length = 54 bytes)
$Function_80240654 will be placed at 80244FA0 (length = 54 bytes)
$Function_80240F7C will be placed at 80244FF4 (length = 54 bytes)
$Script_80245E84 will be placed at 80245048 (length = 48 bytes)
$Script_8024356C will be placed at 80245090 (length = 44 bytes)
$Function_RefundHintCoins will be placed at 802450D4 (length = 44 bytes)
$Function_DeductHintCoins will be placed at 80245118 (length = 44 bytes)
$Function_802409F8 will be placed at 8024515C (length = 44 bytes)
$Header will be placed at 802451A0 (length = 40 bytes)
$Script_8024351C will be placed at 802451E0 (length = 40 bytes)
$Script_ExitWalk_802427B8 will be placed at 80245220 (length = 40 bytes)
$Script_8024471C will be placed at 80245260 (length = 3C bytes)
$Function_80240A94 will be placed at 8024529C (length = 3C bytes)
$Script_80242DB8 will be placed at 802452D8 (length = 3C bytes)
$Function_802406A8 will be placed at 80245314 (length = 38 bytes)
$Function_80240FD0 will be placed at 8024534C (length = 38 bytes)
$Script_80245E38 will be placed at 80245384 (length = 34 bytes)
$Function_80241F98 will be placed at 802453B8 (length = 34 bytes)
$Function_PlayerHasBadge will be placed at 802453EC (length = 34 bytes)
$EntryList will be placed at 80245420 (length = 30 bytes)
$Function_80240A68 will be placed at 80245450 (length = 2C bytes)
$Script_8024793C will be placed at 8024547C (length = 2C bytes)
$Function_80242534 will be placed at 802454A8 (length = 2C bytes)
$NpcSettings_80242BDC will be placed at 802454D4 (length = 2C bytes)
$Function_80240A3C will be placed at 80245500 (length = 2C bytes)
$NpcSettings_80242BB0 will be placed at 8024552C (length = 2C bytes)
$Script_OpenDoor_802443F0 will be placed at 80245558 (length = 24 bytes)
$Script_DropDoor_80244260 will be placed at 8024557C (length = 24 bytes)
$Script_OpenDoor_80244060 will be placed at 802455A0 (length = 24 bytes)
$Script_Init_80243C34 will be placed at 802455C4 (length = 24 bytes)
$Script_OpenDoor_802443C0 will be placed at 802455E8 (length = 24 bytes)
$Script_80244770 will be placed at 8024560C (length = 20 bytes)
$Script_802447A0 will be placed at 8024562C (length = 20 bytes)
$Script_Init_80243C04 will be placed at 8024564C (length = 20 bytes)
$Script_8024621C will be placed at 8024566C (length = 20 bytes)
$Script_80242814 will be placed at 8024568C (length = 20 bytes)
$Script_80242C0C will be placed at 802456AC (length = 20 bytes)
$Script_802533E0 will be placed at 802456CC (length = 20 bytes)
$Script_80242C3C will be placed at 802456EC (length = 20 bytes)
$NpcGroupList_80244048 will be placed at 8024570C (length = 18 bytes)
$IntTable_80245EEC will be placed at 80245724 (length = 14 bytes)
$Script_Interact_802435D0 will be placed at 80245738 (length = 10 bytes)
$Script_80245604 will be placed at 80245748 (length = 10 bytes)
$ASCII_80246250 will be placed at 80245758 (length = C bytes)
$ASCII_802542E0 will be placed at 80245764 (length = C bytes)
$???_802456F4 will be placed at 80245770 (length = 8 bytes)
$???_80243514 will be placed at 80245778 (length = 8 bytes)
$???_8024476C will be placed at 80245780 (length = 4 bytes)
$???_802445D0 will be placed at 80245784 (length = 4 bytes)
$???_802445D4 will be placed at 80245788 (length = 4 bytes)
$???_80245E80 will be placed at 8024578C (length = 4 bytes)
$ByteTable_HintPrices will be placed at 80245790 (length = 4 bytes)
$???_80242C6C will be placed at 80245794 (length = 4 bytes)
$???_80242C70 will be placed at 80245798 (length = 4 bytes)
$???_80242C08 will be placed at 8024579C (length = 4 bytes)
Executing patches for: hos_13
Reading patch file: map/patch/shooting star summit/hos_13.mpat
Creating struct: $Function_80240000
Creating struct: $Function_80240124
Creating struct: $Function_80240310
Creating struct: $Function_802403C4
Creating struct: $Function_80240428
Creating struct: $Function_80240484
Creating struct: $Function_80240654
Creating struct: $Function_802406A8
Creating struct: $Function_802406E0
Creating struct: $Function_8024077C
Creating struct: $Function_8024086C
Creating struct: $Function_802409F8
Creating struct: $Function_80240A3C
Creating struct: $Function_80240A68
Creating struct: $Function_80240A94
Creating struct: $Function_80240AD0
Creating struct: $Function_80240DAC
Creating struct: $Function_80240F7C
Creating struct: $Function_80240FD0
Creating struct: $Function_80241008
Creating struct: $Function_802410A4
Creating struct: $Function_80241158
Creating struct: $Function_PlayerHasBadge
Creating struct: $Function_802411F0
Creating struct: $Function_GetBadgeHint
Creating struct: $Function_GetSuperBlockHint
Creating struct: $Function_GetStarPieceHint
Creating struct: $Function_HasEnoughCoins
Creating struct: $Function_DeductHintCoins
Creating struct: $Function_RefundHintCoins
Creating struct: $Function_802418E8
Creating struct: $Function_80241A58
Creating struct: $Function_80241B74
Creating struct: $Function_80241CCC
Creating struct: $Function_80241F98
Creating struct: $Function_80241FD0
Creating struct: $Function_80242084
Creating struct: $Function_802420E8
Creating struct: $Function_80242238
Creating struct: $Function_8024228C
Creating struct: $Function_802424CC
Creating struct: $Function_80242534
Creating struct: $EntryList
Creating struct: $Header
Creating struct: $Script_MakeEntities
Creating struct: $Script_UpdateTexturePan_80242600
Creating struct: $Script_8024269C
Creating struct: $Script_8024271C
Creating struct: $Script_ExitWalk_802427B8
Creating struct: $Script_80242814
Creating struct: $Script_80242840
Creating struct: $Script_Main_EnterWalk
Creating struct: $NpcSettings_80242BB0
Creating struct: $NpcSettings_80242BDC
Creating struct: $???_80242C08
Creating struct: $Script_80242C0C
Creating struct: $Script_80242C3C
Creating struct: $???_80242C6C
Creating struct: $???_80242C70
Creating struct: $Script_80242C74
Creating struct: $Script_80242DB8
Creating struct: $Script_80242E08
Creating struct: $Script_80242E88
Creating struct: $Script_802431AC
Creating struct: $Script_8024321C
Creating struct: $???_80243514
Creating struct: $Script_8024351C
Creating struct: $Script_8024356C
Creating struct: $Script_Interact_802435D0
Creating struct: $MerlowBadgeInventory
Creating struct: $Script_Interact_802436A0
Creating struct: $Script_Init_80243C04
Creating struct: $Script_Init_80243C34
Creating struct: $NpcGroup_80243C68
Creating struct: $NpcGroupList_80244048
Creating struct: $Script_OpenDoor_80244060
Creating struct: $Script_MoveWalls_80244090
Creating struct: $Script_DropDoor_80244260
Creating struct: $Script_ToggleVis_80244290
Creating struct: $Script_OpenDoor_802443C0
Creating struct: $Script_OpenDoor_802443F0
Creating struct: $Script_80244420
Creating struct: $Script_802444B8
Creating struct: $???_802445D0
Creating struct: $???_802445D4
Creating struct: $Script_802445D8
Creating struct: $Script_8024471C
Creating struct: $???_8024476C
Creating struct: $Script_80244770
Creating struct: $Script_802447A0
Creating struct: $ByteTable_HintPrices
Creating struct: $BadgeHintData
Creating struct: $SuperBlockHintData
Creating struct: $StarPieceHintData
Creating struct: $Script_80244F3C
Creating struct: $Script_80245604
Creating struct: $Script_80245620
Creating struct: $???_802456F4
Creating struct: $Script_802456FC
Creating struct: $Script_80245878
Creating struct: $Script_80245E38
Creating struct: $???_80245E80
Creating struct: $Script_80245E84
Creating struct: $IntTable_80245EEC
Creating struct: $Script_80245F00
Creating struct: $Script_80245FB0
Creating struct: $Script_80246060
Creating struct: $Script_8024621C
Creating struct: $Script_802533E0
Creating struct: $Script_802633E0
Reading patch for $Script_MakeEntities
Creating struct: $ASCII_802542E0
Creating struct: $ASCII_802642E0
Creating struct: $ASCII_80246250
Merged 1 regions to 1
$Script_80244F3C will be placed at 80240000 (length = 58C bytes)
$Script_80245878 will be placed at 8024058C (length = 464 bytes)
$Script_Interact_802436A0 will be placed at 802409F0 (length = 410 bytes)
$NpcGroup_80243C68 will be placed at 80240E00 (length = 3E0 bytes)
$BadgeHintData will be placed at 802411E0 (length = 3B4 bytes)
$StarPieceHintData will be placed at 80241594 (length = 2F4 bytes)
$Function_80241CCC will be placed at 80241888 (length = 2CC bytes)
$Function_GetBadgeHint will be placed at 80241B54 (length = 278 bytes)
$Script_80242E88 will be placed at 80241DCC (length = 268 bytes)
$Function_80240AD0 will be placed at 80242034 (length = 254 bytes)
$Function_8024228C will be placed at 80242288 (length = 240 bytes)
$Script_8024321C will be placed at 802424C8 (length = 238 bytes)
$Function_80240124 will be placed at 80242700 (length = 1E8 bytes)
$Function_80240484 will be placed at 802428E8 (length = 1D0 bytes)
$Function_80240DAC will be placed at 80242AB8 (length = 1D0 bytes)
$Function_8024086C will be placed at 80242C88 (length = 18C bytes)
$Function_GetStarPieceHint will be placed at 80242E14 (length = 184 bytes)
$Function_GetSuperBlockHint will be placed at 80242F98 (length = 184 bytes)
$Script_80242840 will be placed at 8024311C (length = 180 bytes)
$Script_MoveWalls_80244090 will be placed at 8024329C (length = 174 bytes)
$Function_802418E8 will be placed at 80243410 (length = 170 bytes)
$Function_80241B74 will be placed at 80243580 (length = 158 bytes)
$Function_802420E8 will be placed at 802436D8 (length = 150 bytes)
$Script_80246060 will be placed at 80243828 (length = 13C bytes)
$Function_80240000 will be placed at 80243964 (length = 124 bytes)
$Function_80241A58 will be placed at 80243A88 (length = 11C bytes)
$Script_802456FC will be placed at 80243BA4 (length = 114 bytes)
$Script_Main_EnterWalk will be placed at 80243CB8 (length = 104 bytes)
$Function_8024077C will be placed at 80243DBC (length = F0 bytes)
$Script_802445D8 will be placed at 80243EAC (length = EC bytes)
$Script_80242C74 will be placed at 80243F98 (length = EC bytes)
$Script_802444B8 will be placed at 80244084 (length = E8 bytes)
$Script_ToggleVis_80244290 will be placed at 8024416C (length = E4 bytes)
$Script_MakeEntities will be placed at 80244250 (length = C8 bytes)
$SuperBlockHintData will be placed at 80244318 (length = C0 bytes)
$MerlowBadgeInventory will be placed at 802443D8 (length = B4 bytes)
$Function_802410A4 will be placed at 8024448C (length = B4 bytes)
$Function_80240310 will be placed at 80244540 (length = B4 bytes)
$Function_80241FD0 will be placed at 802445F4 (length = B4 bytes)
$Script_80245620 will be placed at 802446A8 (length = 9C bytes)
$Function_802406E0 will be placed at 80244744 (length = 9C bytes)
$Function_80241008 will be placed at 802447E0 (length = 9C bytes)
$Script_80245FB0 will be placed at 8024487C (length = 80 bytes)
$Script_80245F00 will be placed at 802448FC (length = 80 bytes)
$Function_802411F0 will be placed at 8024497C (length = 7C bytes)
$Function_HasEnoughCoins will be placed at 802449F8 (length = 74 bytes)
$Script_8024271C will be placed at 80244A6C (length = 74 bytes)
$Script_80244420 will be placed at 80244AE0 (length = 70 bytes)
$Function_802424CC will be placed at 80244B50 (length = 68 bytes)
$Function_80242084 will be placed at 80244BB8 (length = 64 bytes)
$Function_802403C4 will be placed at 80244C1C (length = 64 bytes)
$Function_80241158 will be placed at 80244C80 (length = 64 bytes)
$Script_UpdateTexturePan_80242600 will be placed at 80244CE4 (length = 64 bytes)
$Script_80242E08 will be placed at 80244D48 (length = 60 bytes)
$Script_8024269C will be placed at 80244DA8 (length = 5C bytes)
$Function_80240428 will be placed at 80244E04 (length = 5C bytes)
$Function_80242238 will be placed at 80244E60 (length = 54 bytes)
$Script_802431AC will be placed at 80244EB4 (length = 54 bytes)
$Function_80240654 will be placed at 80244F08 (length = 54 bytes)
$Function_80240F7C will be placed at 80244F5C (length = 54 bytes)
$Script_80245E84 will be placed at 80244FB0 (length = 48 bytes)
$Script_8024356C will be placed at 80244FF8 (length = 44 bytes)
$Function_RefundHintCoins will be placed at 8024503C (length = 44 bytes)
$Function_DeductHintCoins will be placed at 80245080 (length = 44 bytes)
$Function_802409F8 will be placed at 802450C4 (length = 44 bytes)
$Header will be placed at 80245108 (length = 40 bytes)
$Script_8024351C will be placed at 80245148 (length = 40 bytes)
$Script_ExitWalk_802427B8 will be placed at 80245188 (length = 40 bytes)
$Script_8024471C will be placed at 802451C8 (length = 3C bytes)
$Function_80240A94 will be placed at 80245204 (length = 3C bytes)
$Script_80242DB8 will be placed at 80245240 (length = 3C bytes)
$Function_802406A8 will be placed at 8024527C (length = 38 bytes)
$Function_80240FD0 will be placed at 802452B4 (length = 38 bytes)
$Script_80245E38 will be placed at 802452EC (length = 34 bytes)
$Function_80241F98 will be placed at 80245320 (length = 34 bytes)
$Function_PlayerHasBadge will be placed at 80245354 (length = 34 bytes)
$EntryList will be placed at 80245388 (length = 30 bytes)
$Function_80240A68 will be placed at 802453B8 (length = 2C bytes)
$Function_80242534 will be placed at 802453E4 (length = 2C bytes)
$NpcSettings_80242BDC will be placed at 80245410 (length = 2C bytes)
$Function_80240A3C will be placed at 8024543C (length = 2C bytes)
$NpcSettings_80242BB0 will be placed at 80245468 (length = 2C bytes)
$Script_OpenDoor_802443F0 will be placed at 80245494 (length = 24 bytes)
$Script_DropDoor_80244260 will be placed at 802454B8 (length = 24 bytes)
$Script_OpenDoor_80244060 will be placed at 802454DC (length = 24 bytes)
$Script_Init_80243C34 will be placed at 80245500 (length = 24 bytes)
$Script_OpenDoor_802443C0 will be placed at 80245524 (length = 24 bytes)
$Script_80244770 will be placed at 80245548 (length = 20 bytes)
$Script_802447A0 will be placed at 80245568 (length = 20 bytes)
$Script_Init_80243C04 will be placed at 80245588 (length = 20 bytes)
$Script_8024621C will be placed at 802455A8 (length = 20 bytes)
$Script_80242814 will be placed at 802455C8 (length = 20 bytes)
$Script_802633E0 will be placed at 802455E8 (length = 20 bytes)
$Script_80242C0C will be placed at 80245608 (length = 20 bytes)
$Script_802533E0 will be placed at 80245628 (length = 20 bytes)
$Script_80242C3C will be placed at 80245648 (length = 20 bytes)
$NpcGroupList_80244048 will be placed at 80245668 (length = 18 bytes)
$IntTable_80245EEC will be placed at 80245680 (length = 14 bytes)
$Script_Interact_802435D0 will be placed at 80245694 (length = 10 bytes)
$Script_80245604 will be placed at 802456A4 (length = 10 bytes)
$ASCII_80246250 will be placed at 802456B4 (length = C bytes)
$ASCII_802642E0 will be placed at 802456C0 (length = C bytes)
$ASCII_802542E0 will be placed at 802456CC (length = C bytes)
$???_802456F4 will be placed at 802456D8 (length = 8 bytes)
$???_80243514 will be placed at 802456E0 (length = 8 bytes)
$???_8024476C will be placed at 802456E8 (length = 4 bytes)
$???_802445D0 will be placed at 802456EC (length = 4 bytes)
$???_802445D4 will be placed at 802456F0 (length = 4 bytes)
$???_80245E80 will be placed at 802456F4 (length = 4 bytes)
$ByteTable_HintPrices will be placed at 802456F8 (length = 4 bytes)
$???_80242C6C will be placed at 802456FC (length = 4 bytes)
$???_80242C70 will be placed at 80245700 (length = 4 bytes)
$???_80242C08 will be placed at 80245704 (length = 4 bytes)
Executing patches for: hos_14
Reading patch file: map/patch/shooting star summit/hos_14.mpat
Creating struct: $Function_80240000
Creating struct: $Function_80240124
Creating struct: $Function_802402F8
Creating struct: $Function_8024041C
Creating struct: $Function_80240604
Creating struct: $Function_80240634
Creating struct: $Function_80240690
Creating struct: $Function_80240830
Creating struct: $Function_80240CE8
Creating struct: $Function_80240880
Creating struct: $Function_802409C4
Creating struct: $Function_80240D54
Creating struct: $Function_80240DA0
Creating struct: $Function_80240DF8
Creating struct: $Function_80240E30
Creating struct: $Function_80240E50
Creating struct: $Function_80240F30
Creating struct: $Function_80240F88
Creating struct: $Function_80240FE0
Creating struct: $Function_80241044
Creating struct: $Function_802410E4
Creating struct: $Function_80241274
Creating struct: $Function_8024146C
Creating struct: $Function_802416BC
Creating struct: $Function_80241850
Creating struct: $Function_802419F4
Creating struct: $Function_80241B40
Creating struct: $Function_80241F54
Creating struct: $Function_80242024
Creating struct: $Function_802421E0
Creating struct: $Function_802422A0
Creating struct: $Function_802423D4
Creating struct: $Function_802425A0
Creating struct: $Function_80242704
Creating struct: $Function_802428C8
Creating struct: $Function_80242F74
Creating struct: $Function_8024301C
Creating struct: $Function_80243100
Creating struct: $Function_80243164
Creating struct: $Function_8024370C
Creating struct: $Function_80243758
Creating struct: $Function_80243CC0
Creating struct: $Function_80243ED0
Creating struct: $Function_80243FC4
Creating struct: $Function_802440D0
Creating struct: $Function_80244454
Creating struct: $Function_802444E8
Creating struct: $Function_80244550
Creating struct: $Function_80244774
Creating struct: $Function_8024486C
Creating struct: $Function_80244934
Creating struct: $Function_802449F0
Creating struct: $Function_80244C60
Creating struct: $Function_80244C8C
Creating struct: $Function_80244CC0
Creating struct: $Function_80244DE4
Creating struct: $Function_80244FB8
Creating struct: $Function_802450DC
Creating struct: $Function_802452C4
Creating struct: $Function_8024564C
Creating struct: $Function_8024569C
Creating struct: $Function_802456C8
Creating struct: $Function_80245718
Creating struct: $Function_802457C0
Creating struct: $EntryList
Creating struct: $Header
Creating struct: $Script_80245950
Creating struct: $Script_802459B0
Creating struct: $Script_ExitWalk_80245A90
Creating struct: $Script_80245AEC
Creating struct: $Script_Main_EnterWalk
Creating struct: $Script_UpdateTexturePan_80245D70
Creating struct: $Script_80245E0C
Creating struct: $Script_80246028
Creating struct: $Script_80246298
Creating struct: $Script_8024644C
Creating struct: $Script_80246540
Creating struct: $NpcSettings_802465D0
Creating struct: $NpcSettings_80246654
Creating struct: $NpcSettings_80246680
Creating struct: $Script_802466AC
Creating struct: $NpcSettings_802466BC
Creating struct: $Script_802466E8
Creating struct: $Script_Idle_80246BF0
Creating struct: $Script_Init_80247D54
Creating struct: $ExtraAnimationList_80247E6C
Creating struct: $ExtraAnimationList_80247E88
Creating struct: $ExtraAnimationList_80247EA4
Creating struct: $ExtraAnimationList_80247EC0
Creating struct: $ExtraAnimationList_80247ED8
Creating struct: $ExtraAnimationList_80247EF4
Creating struct: $ExtraAnimationList_80247F0C
Creating struct: $ExtraAnimationList_80247F9C
Creating struct: $NpcGroup_80247F25
Creating struct: $NpcGroup_80247F24
Creating struct: $ExtraAnimationList_80248CB4
Creating struct: $ExtraAnimationList_80248CE0
Creating struct: $NpcGroup_80248D00
Creating struct: $NpcGroupList_802494C0
Creating struct: $NpcGroupList_802494E4
Creating struct: $???_802495DC
Creating struct: $???_802495E0
Creating struct: $???_80249610
Creating struct: $???_8024963C
Creating struct: $???_802496C0
Creating struct: $???_802496EC
Creating struct: $???_80249718
Creating struct: $???_80249744
Creating struct: $???_80249770
Creating struct: $???_8024979C
Creating struct: $???_802497C8
Creating struct: $???_802497F4
Creating struct: $???_80249820
Creating struct: $???_80249878
Creating struct: $???_8024987C
Creating struct: $???_802498A8
Creating struct: $???_802498D0
Creating struct: $???_802498D4
Creating struct: $???_802498D8
Creating struct: $???_802498DC
Creating struct: $???_802498E0
Creating struct: $???_802498E4
Creating struct: $???_802498E8
Creating struct: $???_802498EC
Creating struct: $???_802498F0
Creating struct: $???_802498F4
Creating struct: $???_802498F8
Creating struct: $???_802498FC
Creating struct: $???_80249900
Creating struct: $???_80249904
Creating struct: $???_80249908
Creating struct: $???_8024990C
Creating struct: $???_80249910
Creating struct: $ShortTable_80249914
Creating struct: $ShortTable_80249934
Creating struct: $???_8024995C
Creating struct: $ShortTable_80249960
Creating struct: $???_80249A48
Creating struct: $ShortTable_80249A4C
Creating struct: $???_80249A6C
Creating struct: $???_80249A70
Creating struct: $???_80249A74
Creating struct: $???_80249A78
Creating struct: $???_80249A7C
Creating struct: $???_80249A80
Creating struct: $???_80249A84
Creating struct: $???_80249A88
Creating struct: $???_80249A8C
Creating struct: $???_80249A90
Creating struct: $???_80249A94
Creating struct: $???_80249A98
Creating struct: $???_80249A9C
Creating struct: $???_80249AA0
Creating struct: $???_80249AA4
Creating struct: $Script_80249AA8
Creating struct: $Script_80249B48
Creating struct: $???_8024A9C8
Creating struct: $???_8024A9CC
Creating struct: $IntTable_8024A9D0
Creating struct: $???_8024AA20
Creating struct: $???_8024AA28
Creating struct: $???_8024AAB0
Creating struct: $???_8024AAB4
Creating struct: $???_8024AAB8
Creating struct: $???_8024AABC
Creating struct: $IntTable_8024AAC0
Creating struct: $ShortTable_8024AAD4
Creating struct: $ByteTable_8024AB3C
Creating struct: $ShortTable_8024AC7C
Creating struct: $ShortTable_8024AC9C
Creating struct: $???_8024ACB8
Creating struct: $Script_8024ACC0
Creating struct: $???_8024AEC4
Creating struct: $???_8024AEC8
Creating struct: $Script_8024AECC
Creating struct: $???_8024DA90
Creating struct: $???_8024DA94
Creating struct: $???_8024DA98
Creating struct: $???_8024DA9C
Creating struct: $???_8024DBCC
Creating struct: $Script_8024DBDC
Creating struct: $Script_UpdateTexturePan_8024DC30
Creating struct: $???_8024DCCC
Creating struct: $Script_8024DCD4
Creating struct: $Script_8024DED8
Creating struct: $Script_8024DF28
Creating struct: $???_8024DFF0
Creating struct: $Script_8024E00C
Creating struct: $Script_8024E148
Creating struct: $Script_8024E760
Creating struct: $Script_8024E828
Creating struct: $Script_8024ED24
Creating struct: $ASCII_8024F1C0
Creating struct: $JumpTable_8024F1F0
Creating struct: $JumpTable_8024F240
Creating struct: $JumpTable_8024F260
Creating struct: $ASCII_8024F288
Creating struct: $ASCII_8024F290
Creating struct: $ConstDouble_8024F1D0
Creating struct: $ConstDouble_8024F1D8
Creating struct: $ConstDouble_8024F1E0
Creating struct: $ConstDouble_8024F1E8
Creating struct: $ConstDouble_8024F208
Creating struct: $ConstDouble_8024F210
Creating struct: $ConstDouble_8024F218
Creating struct: $ConstDouble_8024F220
Creating struct: $ConstDouble_8024F228
Creating struct: $ConstDouble_8024F230
Creating struct: $ConstDouble_8024F238
Creating struct: $ConstDouble_8024F280
Merged 1 regions to 1
$Script_8024AECC will be placed at 80240000 (length = 2324 bytes)
$Script_Idle_80246BF0 will be placed at 80242324 (length = F18 bytes)
$NpcGroup_80247F24 will be placed at 8024323C (length = D90 bytes)
$Script_80249B48 will be placed at 80243FCC (length = BD8 bytes)
$NpcGroup_80248D00 will be placed at 80244BA4 (length = 7C0 bytes)
$Function_802428C8 will be placed at 80245364 (length = 6AC bytes)
$Function_80243164 will be placed at 80245A10 (length = 5A8 bytes)
$Function_80243758 will be placed at 80245FB8 (length = 568 bytes)
$Script_8024E148 will be placed at 80246520 (length = 490 bytes)
$Script_802466E8 will be placed at 802469B0 (length = 468 bytes)
$Script_8024E828 will be placed at 80246E18 (length = 3B4 bytes)
$Function_802409C4 will be placed at 802471CC (length = 390 bytes)
$Function_802452C4 will be placed at 8024755C (length = 388 bytes)
$Function_802440D0 will be placed at 802478E4 (length = 384 bytes)
$Script_8024ED24 will be placed at 80247C68 (length = 374 bytes)
$Function_802449F0 will be placed at 80247FDC (length = 270 bytes)
$Function_8024146C will be placed at 8024824C (length = 250 bytes)
$Function_80244550 will be placed at 8024849C (length = 224 bytes)
$Function_80243CC0 will be placed at 802486C0 (length = 210 bytes)
$Function_80241274 will be placed at 802488D0 (length = 1F8 bytes)
$NpcGroup_80247F25 will be placed at 80248AC8 (length = 1F0 bytes)
$Function_802450DC will be placed at 80248CB8 (length = 1E8 bytes)
$Function_8024041C will be placed at 80248EA0 (length = 1E8 bytes)
$Function_80240124 will be placed at 80249088 (length = 1D4 bytes)
$Function_80244DE4 will be placed at 8024925C (length = 1D4 bytes)
$Function_802423D4 will be placed at 80249430 (length = 1CC bytes)
$Function_80242704 will be placed at 802495FC (length = 1C4 bytes)
$Function_80242024 will be placed at 802497C0 (length = 1BC bytes)
$Script_80246028 will be placed at 8024997C (length = 1B8 bytes)
$Function_80241850 will be placed at 80249B34 (length = 1A4 bytes)
$Script_Main_EnterWalk will be placed at 80249CD8 (length = 1A0 bytes)
$Function_80240690 will be placed at 80249E78 (length = 19C bytes)
$Script_8024ACC0 will be placed at 8024A014 (length = 194 bytes)
$Function_802416BC will be placed at 8024A1A8 (length = 194 bytes)
$Function_802410E4 will be placed at 8024A33C (length = 190 bytes)
$Script_80245E0C will be placed at 8024A4CC (length = 188 bytes)
$Script_8024DCD4 will be placed at 8024A654 (length = 184 bytes)
$Function_802425A0 will be placed at 8024A7D8 (length = 164 bytes)
$Function_802419F4 will be placed at 8024A93C (length = 14C bytes)
$Script_80246298 will be placed at 8024AA88 (length = 148 bytes)
$Function_80240880 will be placed at 8024ABD0 (length = 144 bytes)
$ByteTable_8024AB3C will be placed at 8024AD14 (length = 140 bytes)
$Function_802422A0 will be placed at 8024AE54 (length = 134 bytes)
$???_8024DA9C will be placed at 8024AF88 (length = 130 bytes)
$Function_802402F8 will be placed at 8024B0B8 (length = 124 bytes)
$Function_80244FB8 will be placed at 8024B1DC (length = 124 bytes)
$Function_80240000 will be placed at 8024B300 (length = 124 bytes)
$Function_80244CC0 will be placed at 8024B424 (length = 124 bytes)
$Function_80241B40 will be placed at 8024B548 (length = 114 bytes)
$Function_80243FC4 will be placed at 8024B65C (length = 10C bytes)
$Function_80244774 will be placed at 8024B768 (length = F8 bytes)
$Function_80243ED0 will be placed at 8024B860 (length = F4 bytes)
$Script_8024E00C will be placed at 8024B954 (length = F4 bytes)
$ShortTable_80249960 will be placed at 8024BA48 (length = E8 bytes)
$Function_8024301C will be placed at 8024BB30 (length = E4 bytes)
$Function_80240E50 will be placed at 8024BC14 (length = E0 bytes)
$Function_80241F54 will be placed at 8024BCF4 (length = D0 bytes)
$Function_8024486C will be placed at 8024BDC4 (length = C8 bytes)
$Script_Init_80247D54 will be placed at 8024BE8C (length = C4 bytes)
$Function_802421E0 will be placed at 8024BF50 (length = C0 bytes)
$Function_80244934 will be placed at 8024C010 (length = B0 bytes)
$EntryList will be placed at 8024C0C0 (length = B0 bytes)
$Script_8024644C will be placed at 8024C170 (length = AC bytes)
$Function_80242F74 will be placed at 8024C21C (length = A8 bytes)
$Function_80241044 will be placed at 8024C2C4 (length = A0 bytes)
$Script_802459B0 will be placed at 8024C364 (length = 9C bytes)
$Function_802457C0 will be placed at 8024C400 (length = 98 bytes)
$Function_80244454 will be placed at 8024C498 (length = 94 bytes)
$Script_8024E760 will be placed at 8024C52C (length = 90 bytes)
$Script_8024DF28 will be placed at 8024C5BC (length = 8C bytes)
$???_8024AA28 will be placed at 8024C648 (length = 88 bytes)
$???_8024963C will be placed at 8024C6D0 (length = 84 bytes)
$Script_80249AA8 will be placed at 8024C754 (length = 78 bytes)
$ShortTable_8024AAD4 will be placed at 8024C7CC (length = 68 bytes)
$Function_802444E8 will be placed at 8024C834 (length = 68 bytes)
$Function_80243100 will be placed at 8024C89C (length = 64 bytes)
$Script_UpdateTexturePan_80245D70 will be placed at 8024C900 (length = 64 bytes)
$Function_80240FE0 will be placed at 8024C964 (length = 64 bytes)
$Script_UpdateTexturePan_8024DC30 will be placed at 8024C9C8 (length = 64 bytes)
$Function_80240634 will be placed at 8024CA2C (length = 5C bytes)
$Script_80246540 will be placed at 8024CA88 (length = 5C bytes)
$???_80249820 will be placed at 8024CAE4 (length = 58 bytes)
$Function_80240F30 will be placed at 8024CB3C (length = 58 bytes)
$Function_80240F88 will be placed at 8024CB94 (length = 58 bytes)
$Function_80240DA0 will be placed at 8024CBEC (length = 58 bytes)
$Function_802456C8 will be placed at 8024CC44 (length = 50 bytes)
$Function_8024564C will be placed at 8024CC94 (length = 50 bytes)
$IntTable_8024A9D0 will be placed at 8024CCE4 (length = 50 bytes)
$Function_80240D54 will be placed at 8024CD34 (length = 4C bytes)
$Function_8024370C will be placed at 8024CD80 (length = 4C bytes)
$Function_80240830 will be placed at 8024CDCC (length = 48 bytes)
$Function_80240CE8 will be placed at 8024CE14 (length = 48 bytes)
$Script_80245950 will be placed at 8024CE5C (length = 48 bytes)
$Header will be placed at 8024CEA4 (length = 40 bytes)
$Script_ExitWalk_80245A90 will be placed at 8024CEE4 (length = 40 bytes)
$Function_80240DF8 will be placed at 8024CF24 (length = 38 bytes)
$Script_80245AEC will be placed at 8024CF5C (length = 38 bytes)
$Script_8024DED8 will be placed at 8024CF94 (length = 34 bytes)
$Script_8024DBDC will be placed at 8024CFC8 (length = 34 bytes)
$Function_80240604 will be placed at 8024CFFC (length = 30 bytes)
$NpcGroupList_802494C0 will be placed at 8024D02C (length = 30 bytes)
$???_802495E0 will be placed at 8024D05C (length = 30 bytes)
$???_8024979C will be placed at 8024D08C (length = 2C bytes)
$ExtraAnimationList_80248CB4 will be placed at 8024D0B8 (length = 2C bytes)
$Function_80245718 will be placed at 8024D0E4 (length = 2C bytes)
$???_802497F4 will be placed at 8024D110 (length = 2C bytes)
$???_8024987C will be placed at 8024D13C (length = 2C bytes)
$NpcSettings_80246654 will be placed at 8024D168 (length = 2C bytes)
$???_802496EC will be placed at 8024D194 (length = 2C bytes)
$NpcSettings_802465D0 will be placed at 8024D1C0 (length = 2C bytes)
$???_80249770 will be placed at 8024D1EC (length = 2C bytes)
$Function_8024569C will be placed at 8024D218 (length = 2C bytes)
$Function_80244C60 will be placed at 8024D244 (length = 2C bytes)
$NpcSettings_80246680 will be placed at 8024D270 (length = 2C bytes)
$???_80249718 will be placed at 8024D29C (length = 2C bytes)
$???_80249610 will be placed at 8024D2C8 (length = 2C bytes)
$???_802497C8 will be placed at 8024D2F4 (length = 2C bytes)
$NpcSettings_802466BC will be placed at 8024D320 (length = 2C bytes)
$???_80249744 will be placed at 8024D34C (length = 2C bytes)
$???_802496C0 will be placed at 8024D378 (length = 2C bytes)
$???_802498A8 will be placed at 8024D3A4 (length = 28 bytes)
$Function_80244C8C will be placed at 8024D3CC (length = 28 bytes)
$ShortTable_80249934 will be placed at 8024D3F4 (length = 28 bytes)
$NpcGroupList_802494E4 will be placed at 8024D41C (length = 24 bytes)
$ShortTable_80249A4C will be placed at 8024D440 (length = 20 bytes)
$ExtraAnimationList_80248CE0 will be placed at 8024D460 (length = 20 bytes)
$ShortTable_8024AC7C will be placed at 8024D480 (length = 20 bytes)
$Function_80240E30 will be placed at 8024D4A0 (length = 20 bytes)
$ShortTable_80249914 will be placed at 8024D4C0 (length = 20 bytes)
$ExtraAnimationList_80247E88 will be placed at 8024D4E0 (length = 1C bytes)
$JumpTable_8024F240 will be placed at 8024D4FC (length = 1C bytes)
$ExtraAnimationList_80247E6C will be placed at 8024D518 (length = 1C bytes)
$???_8024DFF0 will be placed at 8024D534 (length = 1C bytes)
$ShortTable_8024AC9C will be placed at 8024D550 (length = 1C bytes)
$ExtraAnimationList_80247ED8 will be placed at 8024D56C (length = 1C bytes)
$ExtraAnimationList_80247EA4 will be placed at 8024D588 (length = 1C bytes)
$ExtraAnimationList_80247F9C will be placed at 8024D5A4 (length = 18 bytes)
$ExtraAnimationList_80247EF4 will be placed at 8024D5BC (length = 18 bytes)
$ASCII_"-230000000,000000d"_Literal will be placed at 8024D5D4 (length = 18 bytes)
$ExtraAnimationList_80247F0C will be placed at 8024D5EC (length = 18 bytes)
$ExtraAnimationList_80247EC0 will be placed at 8024D604 (length = 18 bytes)
$JumpTable_8024F1F0 will be placed at 8024D61C (length = 18 bytes)
$IntTable_8024AAC0 will be placed at 8024D634 (length = 14 bytes)
$JumpTable_8024F260 will be placed at 8024D648 (length = 14 bytes)
$???_8024DBCC will be placed at 8024D65C (length = 10 bytes)
$ASCII_"51,430000d"_Literal will be placed at 8024D66C (length = 10 bytes)
$ASCII_"-0,050000d"_Literal will be placed at 8024D67C (length = 10 bytes)
$ASCII_8024F1C0 will be placed at 8024D68C (length = C bytes)
$ASCII_"102,860000d"_Literal will be placed at 8024D698 (length = C bytes)
$ASCII_"1,100000d"_Literal will be placed at 8024D6A4 (length = C bytes)
$ASCII_"0,010000d"_Literal will be placed at 8024D6B0 (length = C bytes)
$ASCII_"257,150000d"_Literal will be placed at 8024D6BC (length = C bytes)
$ASCII_"205,720000d"_Literal will be placed at 8024D6C8 (length = C bytes)
$ASCII_"154,290000d"_Literal will be placed at 8024D6D4 (length = C bytes)
$ASCII_8024F290 will be placed at 8024D6E0 (length = C bytes)
$ASCII_"308,580000d"_Literal will be placed at 8024D6EC (length = C bytes)
$ASCII_"360,010000d"_Literal will be placed at 8024D6F8 (length = C bytes)
$ASCII_8024F288 will be placed at 8024D704 (length = C bytes)
$ASCII_"0,200000d"_Literal will be placed at 8024D710 (length = C bytes)
$ConstDouble_8024F1E8 will be placed at 8024D720 (length = 8 bytes)
$ConstDouble_8024F280 will be placed at 8024D728 (length = 8 bytes)
$Script_802466AC will be placed at 8024D730 (length = 8 bytes)
$ConstDouble_8024F1D0 will be placed at 8024D738 (length = 8 bytes)
$ConstDouble_8024F1D8 will be placed at 8024D740 (length = 8 bytes)
$ConstDouble_8024F1E0 will be placed at 8024D748 (length = 8 bytes)
$ConstDouble_8024F230 will be placed at 8024D750 (length = 8 bytes)
$ConstDouble_8024F238 will be placed at 8024D758 (length = 8 bytes)
$ConstDouble_8024F210 will be placed at 8024D760 (length = 8 bytes)
$ConstDouble_8024F218 will be placed at 8024D768 (length = 8 bytes)
$ConstDouble_8024F220 will be placed at 8024D770 (length = 8 bytes)
$ConstDouble_8024F228 will be placed at 8024D778 (length = 8 bytes)
$???_8024DCCC will be placed at 8024D780 (length = 8 bytes)
$???_8024AA20 will be placed at 8024D788 (length = 8 bytes)
$ConstDouble_8024F208 will be placed at 8024D790 (length = 8 bytes)
$???_8024ACB8 will be placed at 8024D798 (length = 8 bytes)
$???_8024AEC8 will be placed at 8024D71C (length = 4 bytes)
$???_8024AEC4 will be placed at 8024D7A0 (length = 4 bytes)
$???_80249A48 will be placed at 8024D7A4 (length = 4 bytes)
$???_80249900 will be placed at 8024D7A8 (length = 4 bytes)
$???_80249AA4 will be placed at 8024D7AC (length = 4 bytes)
$???_80249910 will be placed at 8024D7B0 (length = 4 bytes)
$???_8024990C will be placed at 8024D7B4 (length = 4 bytes)
$???_80249AA0 will be placed at 8024D7B8 (length = 4 bytes)
$???_80249904 will be placed at 8024D7BC (length = 4 bytes)
$???_80249908 will be placed at 8024D7C0 (length = 4 bytes)
$???_8024AABC will be placed at 8024D7C4 (length = 4 bytes)
$???_80249A9C will be placed at 8024D7C8 (length = 4 bytes)
$???_8024AAB8 will be placed at 8024D7CC (length = 4 bytes)
$???_8024AAB4 will be placed at 8024D7D0 (length = 4 bytes)
$???_8024AAB0 will be placed at 8024D7D4 (length = 4 bytes)
$???_80249A94 will be placed at 8024D7D8 (length = 4 bytes)
$???_80249A98 will be placed at 8024D7DC (length = 4 bytes)
$???_8024A9CC will be placed at 8024D7E0 (length = 4 bytes)
$???_8024DA90 will be placed at 8024D7E4 (length = 4 bytes)
$???_8024A9C8 will be placed at 8024D7E8 (length = 4 bytes)
$???_8024DA94 will be placed at 8024D7EC (length = 4 bytes)
$???_8024DA98 will be placed at 8024D7F0 (length = 4 bytes)
$???_802495DC will be placed at 8024D7F4 (length = 4 bytes)
$???_802498DC will be placed at 8024D7F8 (length = 4 bytes)
$???_802498D8 will be placed at 8024D7FC (length = 4 bytes)
$???_802498D0 will be placed at 8024D800 (length = 4 bytes)
$???_802498D4 will be placed at 8024D804 (length = 4 bytes)
$???_8024995C will be placed at 8024D808 (length = 4 bytes)
$???_802498EC will be placed at 8024D80C (length = 4 bytes)
$???_80249A70 will be placed at 8024D810 (length = 4 bytes)
$???_80249A6C will be placed at 8024D814 (length = 4 bytes)
$???_802498E8 will be placed at 8024D818 (length = 4 bytes)
$???_802498E0 will be placed at 8024D81C (length = 4 bytes)
$???_802498E4 will be placed at 8024D820 (length = 4 bytes)
$???_802498FC will be placed at 8024D824 (length = 4 bytes)
$???_80249A80 will be placed at 8024D828 (length = 4 bytes)
$???_80249A7C will be placed at 8024D82C (length = 4 bytes)
$???_802498F4 will be placed at 8024D830 (length = 4 bytes)
$???_802498F8 will be placed at 8024D834 (length = 4 bytes)
$???_80249A74 will be placed at 8024D838 (length = 4 bytes)
$???_802498F0 will be placed at 8024D83C (length = 4 bytes)
$???_80249A78 will be placed at 8024D840 (length = 4 bytes)
$???_80249878 will be placed at 8024D844 (length = 4 bytes)
$???_80249A90 will be placed at 8024D848 (length = 4 bytes)
$???_80249A8C will be placed at 8024D84C (length = 4 bytes)
$???_80249A84 will be placed at 8024D850 (length = 4 bytes)
$???_80249A88 will be placed at 8024D854 (length = 4 bytes)
Executing patches for: omo_01
Reading patch file: map/patch/shy guys toybox/omo_01.mpat
Reading patch file: map/import/NPC_SpyGuy.mpat
Creating struct: $NpcSettings_SpyGuy
Creating struct: $NpcSettings_Rock_SpyGuy
Creating struct: $AISettings_SpyGuyRock
Creating struct: $Script_NpcAI_SpyGuyRock
Creating struct: $AISettings_SpyGuy
Creating struct: $Script_NpcAI_SpyGuy
Creating struct: $Script_NpcAI_SpyGuyRock2
Creating struct: $Script_SpyGuyRock2
Creating struct: $Script_SpyGuyRock_PostBattle
Creating struct: $Function_80242B70_SpyGuy
Creating struct: $Function_802423E0_SpyGuy
Creating struct: $Function_SpyGuyRock_AI
Creating struct: $Function_80242B5C_SpyGuy
Creating struct: $ConstDouble_80247BB8_SpyGuy
Creating struct: $ConstDouble_80247BC0_SpyGuy
Creating struct: $ConstDouble_80247BC8_SpyGuy
Creating struct: $ConstDouble_80247BD0_SpyGuy
Creating struct: $ConstDouble_80247BD8_SpyGuy
Creating struct: $JumpTable_80247BE0_SpyGuy
Creating struct: $Function_8024283C_SpyGuy
Creating struct: $Function_80241B38_SpyGuy
Creating struct: $Function_80241948_SpyGuy
Creating struct: $Function_80241C7C_SpyGuy
Creating struct: $Function_80241D7C_SpyGuy
Creating struct: $Function_80241DC0_SpyGuy
Creating struct: $Function_80241E60_SpyGuy
Reading patch for $NpcGroupList_80242310
Creating struct: $NpcGroup_SpyGuy
Reading patch for $Script_Init_80241990
Reading patch for $Script_Init_80241BF0
Reading patch for $Script_Init_80241E50
Reading patch for $Script_Init_802420B0
Merged 14 regions to 12
$NpcGroup_SpyGuy will be placed at 802425D8 (length = 5D0 bytes)
$Function_SpyGuyRock_AI will be placed at 80242BA8 (length = 53C bytes)
$Function_802423E0_SpyGuy will be placed at 802430E4 (length = 45C bytes)
$Function_8024283C_SpyGuy will be placed at 80243540 (length = 320 bytes)
$Function_80241948_SpyGuy will be placed at 80243860 (length = 1F0 bytes)
$JumpTable_80247BE0_SpyGuy will be placed at 80243A50 (length = 190 bytes)
$Script_SpyGuyRock2 will be placed at 80243BE0 (length = 150 bytes)
$Function_80241B38_SpyGuy will be placed at 80243D30 (length = 144 bytes)
$Function_80241C7C_SpyGuy will be placed at 80243E74 (length = 100 bytes)
$Function_80241DC0_SpyGuy will be placed at 80243F74 (length = A0 bytes)
$Script_SpyGuyRock_PostBattle will be placed at 80244014 (length = 98 bytes)
$Script_NpcAI_SpyGuy will be placed at 802440AC (length = 5C bytes)
$Script_NpcAI_SpyGuyRock will be placed at 80244108 (length = 54 bytes)
$NpcGroupList_80242310 will be placed at 8024415C (length = 54 bytes)
$Function_80241E60_SpyGuy will be placed at 80242310 (length = 44 bytes)
$Function_80241D7C_SpyGuy will be placed at 802441B0 (length = 44 bytes)
$Function_80242B70_SpyGuy will be placed at 802441F4 (length = 38 bytes)
$AISettings_SpyGuy will be placed at 8024422C (length = 30 bytes)
$AISettings_SpyGuyRock will be placed at 8024425C (length = 30 bytes)
$NpcSettings_Rock_SpyGuy will be placed at 8024428C (length = 2C bytes)
$NpcSettings_SpyGuy will be placed at 802442B8 (length = 2C bytes)
$Function_80242B5C_SpyGuy will be placed at 802419E0 (length = 14 bytes)
$ConstDouble_80247BC0_SpyGuy will be placed at 80240C28 (length = 8 bytes)
$ConstDouble_80247BC8_SpyGuy will be placed at 80241308 (length = 8 bytes)
$Script_NpcAI_SpyGuyRock2 will be placed at 80242434 (length = 8 bytes)
$ConstDouble_80247BD0_SpyGuy will be placed at 80241C40 (length = 8 bytes)
$ConstDouble_80247BB8_SpyGuy will be placed at 80241EA0 (length = 8 bytes)
$ConstDouble_80247BD8_SpyGuy will be placed at 80242100 (length = 8 bytes)
Changing pointer 80242310 to 8024415C ($NpcGroupList_80242310[0])
Executing patches for: omo_02
Reading patch file: map/patch/shy guys toybox/omo_02.mpat
Reading patch for $AISettings_802449E8
Reading patch for $AISettings_80244AC0
Merged 9 regions to 9
Executing patches for: omo_04
Reading patch file: map/patch/shy guys toybox/omo_04.mpat
Reading patch file: map/import/NPC_Puff.mpat
Creating struct: $AISettings_Puff
Creating struct: $Script_NpcAI_Puff
Creating struct: $NpcSettings_Puff
Creating struct: $JumpTable_80245450_PoisonPuff
Creating struct: $Function_80240E50_PoisonPuff
Creating struct: $Function_80241000_PoisonPuff
Creating struct: $Function_80241628_PoisonPuff
Creating struct: $Function_802416E8_PoisonPuff
Creating struct: $Function_80241A2C_PoisonPuff
Creating struct: $Function_80241AA4_PoisonPuff
Creating struct: $Function_80241B10_PoisonPuff
Creating struct: $Function_80241C44_PoisonPuff
Creating struct: $Function_80241CA8_PoisonPuff
Creating struct: $Function_80242038_PoisonPuff
Creating struct: $Function_80242754_PoisonPuff
Creating struct: $Function_80242348_PoisonPuff
Creating struct: $Function_80242478_PoisonPuff
Creating struct: $Function_802426F8_PoisonPuff
Creating struct: $FloatTable_80244010_PoisonPuff
Reading patch for $Script_Main_EnterWalk
Creating struct: $NpcGroup_Puff1
Creating struct: $NpcGroup_Puff2
Reading patch for $NpcGroupList_80243DAC
Reading patch for $NpcGroupList_80243DDC
Reading patch for $NpcGroupList_80243E0C
Reading patch for $NpcGroupList_80243E30
Creating struct: $NpcGroupList_Shroom
Creating struct: $NpcGroup_Shroom
Creating struct: $Script_Init_Shroom
Reading patch for $Script_Idle_802430D4
Reading patch for $Script_MakeEntities
Reading patch for $NpcGroup_802433E0
Reading patch for $NpcGroup_802435D0
Merged 14 regions to 11
$Function_80241000_PoisonPuff will be placed at 80244EB8 (length = 638 bytes)
$Function_80241CA8_PoisonPuff will be placed at 802454F0 (length = 390 bytes)
$Function_802416E8_PoisonPuff will be placed at 80245880 (length = 344 bytes)
$Function_80242478_PoisonPuff will be placed at 80245BC4 (length = 288 bytes)
$NpcGroup_Shroom will be placed at 80245E4C (length = 1F0 bytes)
$NpcGroup_Puff1 will be placed at 8024603C (length = 1F0 bytes)
$NpcGroup_Puff2 will be placed at 8024622C (length = 1F0 bytes)
$Function_80242754_PoisonPuff will be placed at 8024641C (length = 1E8 bytes)
$Function_80240E50_PoisonPuff will be placed at 80246604 (length = 1B8 bytes)
$Function_80241B10_PoisonPuff will be placed at 802467BC (length = 134 bytes)
$Function_80242348_PoisonPuff will be placed at 802468F0 (length = 130 bytes)
$Function_80242038_PoisonPuff will be placed at 80246A20 (length = 124 bytes)
$Function_80241628_PoisonPuff will be placed at 80246B44 (length = C0 bytes)
$Function_80241A2C_PoisonPuff will be placed at 80243DAC (length = 78 bytes)
$Function_80241AA4_PoisonPuff will be placed at 802421B8 (length = 6C bytes)
$Function_80241C44_PoisonPuff will be placed at 80246C04 (length = 64 bytes)
$Function_802426F8_PoisonPuff will be placed at 80242E94 (length = 5C bytes)
$JumpTable_80245450_PoisonPuff will be placed at 80246C68 (length = 54 bytes)
$Script_NpcAI_Puff will be placed at 80246CBC (length = 54 bytes)
$Script_Init_Shroom will be placed at 80246D10 (length = 54 bytes)
$NpcGroupList_80243DAC will be placed at 80246D64 (length = 48 bytes)
$NpcGroupList_80243DDC will be placed at 80246DAC (length = 48 bytes)
$NpcGroupList_80243E0C will be placed at 80242224 (length = 3C bytes)
$NpcGroupList_Shroom will be placed at 80246DF4 (length = 30 bytes)
$AISettings_Puff will be placed at 80246E24 (length = 30 bytes)
$NpcSettings_Puff will be placed at 80246E54 (length = 2C bytes)
$FloatTable_80244010_PoisonPuff will be placed at 80246E80 (length = 18 bytes)
Changing pointer 80243DAC to 80246D64 ($NpcGroupList_80243DAC[0])
Changing pointer 80243DDC to 80246DAC ($NpcGroupList_80243DDC[0])
Changing pointer 80243E0C to 80242224 ($NpcGroupList_80243E0C[0])
Changing pointer 80243E0C to 80242224 ($NpcGroupList_80243E0C[0])
Executing patches for: omo_05
Reading patch file: map/patch/shy guys toybox/omo_05.mpat
Reading patch for $NpcGroupList_80245124
Creating struct: $NpcGroup_GrooveGuy2
Reading patch for $Function_802422A0
Reading patch for $Script_MakeEntities
Reading patch for $Script_Interact_80243224
Merged 11 regions to 9
$NpcGroup_GrooveGuy2 will be placed at 802443BC (length = 1F0 bytes)
$StaleCake will be placed at 80245650 (length = 108 bytes)
$Function_802422A0 will be placed at 802445AC (length = B8 bytes)
$NpcGroupList_80245124 will be placed at 802422A0 (length = 30 bytes)
Changing pointer 80245928 to 80245A38 ($End[2D8])
Changing pointer 8024592C to 80245A3C ($End[2DC])
Changing pointer 80242314 to 80244620 ($Function_802422A0[74])
Changing pointer 80242314 to 80244620 ($Function_802422A0[74])
Changing pointer 80245650 to 80245760 ($End[0])
Changing pointer 80245650 to 80245760 ($End[0])
Changing pointer 80245650 to 80245760 ($End[0])
Changing pointer 80245124 to 802422A0 ($NpcGroupList_80245124[0])
Changing pointer 80245650 to 80245760 ($End[0])
Changing pointer 802457C0 to 802458D0 ($End[170])
Changing pointer 802422A0 to 802445AC ($Function_802422A0[0])
Executing patches for: omo_07
Reading patch file: map/patch/shy guys toybox/omo_07.mpat
Reading patch file: map/import/NPC_Puff.mpat
Creating struct: $AISettings_Puff
Creating struct: $Script_NpcAI_Puff
Creating struct: $NpcSettings_Puff
Creating struct: $JumpTable_80245450_PoisonPuff
Creating struct: $Function_80240E50_PoisonPuff
Creating struct: $Function_80241000_PoisonPuff
Creating struct: $Function_80241628_PoisonPuff
Creating struct: $Function_802416E8_PoisonPuff
Creating struct: $Function_80241A2C_PoisonPuff
Creating struct: $Function_80241AA4_PoisonPuff
Creating struct: $Function_80241B10_PoisonPuff
Creating struct: $Function_80241C44_PoisonPuff
Creating struct: $Function_80241CA8_PoisonPuff
Creating struct: $Function_80242038_PoisonPuff
Creating struct: $Function_80242754_PoisonPuff
Creating struct: $Function_80242348_PoisonPuff
Creating struct: $Function_80242478_PoisonPuff
Creating struct: $Function_802426F8_PoisonPuff
Creating struct: $FloatTable_80244010_PoisonPuff
Reading patch for $NpcGroup_802452EC
Creating struct: $NpcGroup_Puff1
Creating struct: $NpcGroup_Puff2
Reading patch for $NpcGroupList_80245CB8
Reading patch for $NpcGroupList_80245D18
Reading patch for $NpcGroupList_80245D78
Reading patch for $Script_Idle_80244834
Reading patch for $Script_MakeEntities
Merged 17 regions to 13
$Function_80241000_PoisonPuff will be placed at 80247118 (length = 638 bytes)
$Function_80241CA8_PoisonPuff will be placed at 80247750 (length = 390 bytes)
$Function_802416E8_PoisonPuff will be placed at 80247AE0 (length = 344 bytes)
$Function_80242478_PoisonPuff will be placed at 80247E24 (length = 288 bytes)
$NpcGroup_Puff1 will be placed at 802480AC (length = 1F0 bytes)
$NpcGroup_Puff2 will be placed at 8024829C (length = 1F0 bytes)
$Function_80242754_PoisonPuff will be placed at 8024848C (length = 1E8 bytes)
$Function_80240E50_PoisonPuff will be placed at 80248674 (length = 1B8 bytes)
$Function_80241B10_PoisonPuff will be placed at 8024882C (length = 134 bytes)
$Function_80242348_PoisonPuff will be placed at 80248960 (length = 130 bytes)
$Function_80242038_PoisonPuff will be placed at 80248A90 (length = 124 bytes)
$Function_80241628_PoisonPuff will be placed at 80245CB8 (length = C0 bytes)
$Function_80241A2C_PoisonPuff will be placed at 80248BB4 (length = 78 bytes)
$NpcGroupList_80245D18 will be placed at 80248C2C (length = 78 bytes)
$NpcGroupList_80245CB8 will be placed at 80248CA4 (length = 78 bytes)
$Function_80241AA4_PoisonPuff will be placed at 80248D1C (length = 6C bytes)
$NpcGroupList_80245D78 will be placed at 80248D88 (length = 6C bytes)
$Function_80241C44_PoisonPuff will be placed at 80248DF4 (length = 64 bytes)
$Function_802426F8_PoisonPuff will be placed at 80244950 (length = 5C bytes)
$JumpTable_80245450_PoisonPuff will be placed at 80245D78 (length = 54 bytes)
$Script_NpcAI_Puff will be placed at 80248E58 (length = 54 bytes)
$AISettings_Puff will be placed at 80246430 (length = 30 bytes)
$NpcSettings_Puff will be placed at 80248EAC (length = 2C bytes)
$FloatTable_80244010_PoisonPuff will be placed at 80246460 (length = 18 bytes)
Changing pointer 80245CB8 to 80248CA4 ($NpcGroupList_80245CB8[0])
Changing pointer 80245D18 to 80248C2C ($NpcGroupList_80245D18[0])
Changing pointer 80245D78 to 80248D88 ($NpcGroupList_80245D78[0])
Changing pointer 80245D78 to 80248D88 ($NpcGroupList_80245D78[0])
Executing patches for: omo_08
Reading patch file: map/patch/shy guys toybox/omo_08.mpat
Reading patch for $Script_MakeEntities
Merged 8 regions to 7
Executing patches for: omo_09
Reading patch file: map/patch/shy guys toybox/omo_09.mpat
Reading patch file: map/import/NPC_Puff.mpat
Creating struct: $AISettings_Puff
Creating struct: $Script_NpcAI_Puff
Creating struct: $NpcSettings_Puff
Creating struct: $JumpTable_80245450_PoisonPuff
Creating struct: $Function_80240E50_PoisonPuff
Creating struct: $Function_80241000_PoisonPuff
Creating struct: $Function_80241628_PoisonPuff
Creating struct: $Function_802416E8_PoisonPuff
Creating struct: $Function_80241A2C_PoisonPuff
Creating struct: $Function_80241AA4_PoisonPuff
Creating struct: $Function_80241B10_PoisonPuff
Creating struct: $Function_80241C44_PoisonPuff
Creating struct: $Function_80241CA8_PoisonPuff
Creating struct: $Function_80242038_PoisonPuff
Creating struct: $Function_80242754_PoisonPuff
Creating struct: $Function_80242348_PoisonPuff
Creating struct: $Function_80242478_PoisonPuff
Creating struct: $Function_802426F8_PoisonPuff
Creating struct: $FloatTable_80244010_PoisonPuff
Reading patch for $AISettings_80247710
Reading patch for $AISettings_802477E8
Reading patch for $Script_MakeEntities
Creating struct: $NpcGroup_Puff1
Creating struct: $NpcGroup_Puff2
Creating struct: $NpcGroup_Puff3
Reading patch for $NpcGroupList_80249D6C
Reading patch for $NpcGroupList_80249DD8
Reading patch for $NpcGroupList_80249E44
Reading patch for $Script_Init_802480CC
Creating struct: $Script_Ambush
Reading patch for $NpcGroup_80248570
Reading patch for $NpcGroup_80248380
Reading patch for $Script_Idle_80247E48
Merged 22 regions to 18
$Function_80241000_PoisonPuff will be placed at 8024ACD8 (length = 638 bytes)
$Function_80241CA8_PoisonPuff will be placed at 8024B310 (length = 390 bytes)
$Function_802416E8_PoisonPuff will be placed at 8024B6A0 (length = 344 bytes)
$Function_80242478_PoisonPuff will be placed at 8024B9E4 (length = 288 bytes)
$Script_Ambush will be placed at 8024BC6C (length = 284 bytes)
$NpcGroup_Puff1 will be placed at 8024BEF0 (length = 1F0 bytes)
$NpcGroup_Puff2 will be placed at 8024C0E0 (length = 1F0 bytes)
$NpcGroup_Puff3 will be placed at 8024C2D0 (length = 1F0 bytes)
$Function_80242754_PoisonPuff will be placed at 8024C4C0 (length = 1E8 bytes)
$Function_80240E50_PoisonPuff will be placed at 8024C6A8 (length = 1B8 bytes)
$Function_80241B10_PoisonPuff will be placed at 80249D6C (length = 134 bytes)
$Function_80242348_PoisonPuff will be placed at 8024C860 (length = 130 bytes)
$Function_80242038_PoisonPuff will be placed at 8024C990 (length = 124 bytes)
$Function_80241628_PoisonPuff will be placed at 8024CAB4 (length = C0 bytes)
$NpcGroupList_80249D6C will be placed at 8024CB74 (length = 90 bytes)
$Script_Init_802480CC will be placed at 8024CC04 (length = 90 bytes)
$NpcGroupList_80249E44 will be placed at 8024CC94 (length = 90 bytes)
$NpcGroupList_80249DD8 will be placed at 8024CD24 (length = 90 bytes)
$ChallengeString will be placed at 8024CDB4 (length = 7C bytes)
$Function_80241A2C_PoisonPuff will be placed at 8024CE30 (length = 78 bytes)
$Function_80241AA4_PoisonPuff will be placed at 80247414 (length = 6C bytes)
$Function_80241C44_PoisonPuff will be placed at 80247F7C (length = 64 bytes)
$Function_802426F8_PoisonPuff will be placed at 802480CC (length = 5C bytes)
$JumpTable_80245450_PoisonPuff will be placed at 8024CEA8 (length = 54 bytes)
$Script_NpcAI_Puff will be placed at 8024CEFC (length = 54 bytes)
$AISettings_Puff will be placed at 8024CF50 (length = 30 bytes)
$NpcSettings_Puff will be placed at 8024CF80 (length = 2C bytes)
$AmbushString will be placed at 8024CFAC (length = 20 bytes)
$FloatTable_80244010_PoisonPuff will be placed at 80248128 (length = 18 bytes)
Changing pointer 80249D6C to 8024CB74 ($NpcGroupList_80249D6C[0])
Changing pointer 80249DD8 to 8024CD24 ($NpcGroupList_80249DD8[0])
Changing pointer 80249E44 to 8024CC94 ($NpcGroupList_80249E44[0])
Changing pointer 80249E44 to 8024CC94 ($NpcGroupList_80249E44[0])
Changing pointer 802480CC to 8024CC04 ($Script_Init_802480CC[0])
Executing patches for: omo_10
Reading patch file: map/patch/shy guys toybox/omo_10.mpat
Reading patch for $Script_MakeEntities
Merged 8 regions to 6
Executing patches for: omo_11
Reading patch file: map/patch/shy guys toybox/omo_11.mpat
Reading patch file: map/import/LightBlocks.mpat
Creating struct: $CheckWatt
Creating struct: $Script_LightBlocks
Reading patch for $NpcGroupList_80242AAC
Creating struct: $NpcGroup_CryoGuy
Reading patch for $Script_MakeEntities
Creating struct: $Script_SignPost
Reading patch for $Script_Main_EnterWalk
Creating struct: $Script_SetupLightBlocks
Reading patch for $Function_8024095C
Reading patch for $???_80241E48
Reading patch for $???_80241E58
Merged 10 regions to 8
$NpcGroup_CryoGuy will be placed at 80242AE0 (length = 1F0 bytes)
$Script_LightBlocks will be placed at 80242CD0 (length = C8 bytes)
$???_80241E58 will be placed at 80241E48 (length = 48 bytes)
$ParalyzeInfo will be placed at 80242D98 (length = 3C bytes)
$CheckWatt will be placed at 80242DD4 (length = 3C bytes)
$Script_SetupLightBlocks will be placed at 80242E10 (length = 34 bytes)
$Script_SignPost will be placed at 80242E44 (length = 34 bytes)
$NpcGroupList_80242AAC will be placed at 80241710 (length = 30 bytes)
$???_80241E48 will be placed at 80242AAC (length = 14 bytes)
Changing pointer 80241E48 to 80242AAC ($???_80241E48[0])
Changing pointer 80241E58 to 80241E48 ($???_80241E58[0])
Changing pointer 80242AAC to 80241710 ($NpcGroupList_80242AAC[0])
Executing patches for: omo_13
Reading patch file: map/patch/shy guys toybox/omo_13.mpat
Reading patch for $Script_Interact_80241D98
Reading patch for $NpcGroupList_80242C38
Creating struct: $NpcGroup_NewShyGuy
Merged 9 regions to 8
$NpcGroup_NewShyGuy will be placed at 80243220 (length = 1F0 bytes)
$NpcGroupList_80242C38 will be placed at 80242120 (length = 3C bytes)
Changing pointer 80243220 to 80243410 ($End[0])
Changing pointer 80243220 to 80243410 ($End[0])
Changing pointer 80243220 to 80243410 ($End[0])
Changing pointer 80242C38 to 80242120 ($NpcGroupList_80242C38[0])
Changing pointer 80243220 to 80243410 ($End[0])
Executing patches for: omo_17
Reading patch file: map/patch/shy guys toybox/omo_17.mpat
Reading patch for $NpcGroupList_802474A0
Creating struct: $NpcGroup_CryoGuy
Merged 12 regions to 11
$NpcGroup_CryoGuy will be placed at 80247B60 (length = 1F0 bytes)
$NpcGroupList_802474A0 will be placed at 8024684C (length = 48 bytes)
Changing pointer 802474A0 to 8024684C ($NpcGroupList_802474A0[0])
Executing patches for: mac_00
Reading patch file: map/patch/toad town/mac_00.mpat
Reading patch for $ShopInventory_8024E26C
Reading patch for $ShopItemPositions_8024E374
Reading patch for $Script_Init_80253C1C
Reading patch for $Script_Interact_80250D10
Reading patch for $Script_NpcAI_80249D1C
Reading patch for $Script_Interact_8024C08C
Reading patch for $Script_Idle_8024ADA4
Reading patch for $EntryList
Reading patch for $Header
Reading patch for $Script_80244CD4
Reading patch for $Script_MakeEntities
Creating struct: $Script_SignPost
Creating struct: $Script_SmashBlock
Creating struct: $Script_SmashBlockInfinite
Creating struct: $Script_Entry8
Reading patch for $NpcGroupList_80255334
Creating struct: $NpcGroupList_Buzzatrice
Creating struct: $NpcGroupList_Mayor
Creating struct: $NpcSettings
Creating struct: $NpcGroup_Buzzatrice
Creating struct: $Function_SetThunderboltPos
Creating struct: $NpcGroup_Mayor
Creating struct: $Script_Init_Mayor
Creating struct: $Script_IdleAI
Creating struct: $Script_IdleAI_Buzzatrice
Creating struct: $Script_Interact_HatSparky
Creating struct: $Script_Interact_Buzzatrice
Creating struct: $Script_Init_Buzzatrice
Creating struct: $NpcGroup_MouseSister
Creating struct: $Script_Init_MouseSister
Creating struct: $Script_Interact_MouseSister
Reading patch for $Script_Interact_80253B98
Reading patch for $Script_Main
Reading patch for $Script_80247500
Reading patch for $Function_80240FB8 (9C)
Creating struct: $Function_IsNextQuestionAvailable
Reading patch for $QuizRequirements
Reading patch for $QuizAnswers
Merged 30 regions to 27
$MasterCode will be placed at 80255B68 (length = 2DC bytes)
$NpcGroup_Buzzatrice will be placed at 80255E44 (length = 1F0 bytes)
$NpcGroup_Mayor will be placed at 80256034 (length = 1F0 bytes)
$NpcGroup_MouseSister will be placed at 80256224 (length = 1F0 bytes)
$NewHope will be placed at 80256414 (length = 1D8 bytes)
$SleepTutorial will be placed at 802565EC (length = 15C bytes)
$PostgameStuff will be placed at 8024B060 (length = FC bytes)
$Script_IdleAI will be placed at 8024813C (length = C8 bytes)
$Function_SetThunderboltPos will be placed at 80256748 (length = C8 bytes)
$Script_80244CD4 will be placed at 80256810 (length = C0 bytes)
$NotDoneYet will be placed at 8024A054 (length = B8 bytes)
$Script_MakeEntities will be placed at 80244CD4 (length = 9C bytes)
$EntryList will be placed at 8024C354 (length = 90 bytes)
$Function_IsNextQuestionAvailable will be placed at 80243B58 (length = 80 bytes)
$NpcGroupList_Buzzatrice will be placed at 802451D8 (length = 78 bytes)
$NpcGroupList_Mayor will be placed at 802452A8 (length = 78 bytes)
$GoodJob will be placed at 80250E74 (length = 70 bytes)
$NpcGroupList_80255334 will be placed at 80255334 (length = 6C bytes)
$Script_Init_MouseSister will be placed at 802568D0 (length = 60 bytes)
$Script_SignPost will be placed at 80256930 (length = 5C bytes)
$Script_Entry8 will be placed at 8025698C (length = 40 bytes)
$Script_SmashBlockInfinite will be placed at 802569CC (length = 34 bytes)
$NpcSettings will be placed at 80248204 (length = 2C bytes)
$Script_Init_Mayor will be placed at 80253CC0 (length = 28 bytes)
$Script_Init_Buzzatrice will be placed at 80256A00 (length = 28 bytes)
$Script_Interact_HatSparky will be placed at 8024C3E4 (length = 24 bytes)
$Script_Interact_Buzzatrice will be placed at 80256A28 (length = 24 bytes)
$Script_Interact_MouseSister will be placed at 80256A4C (length = 24 bytes)
$Script_SmashBlock will be placed at 80256A70 (length = 14 bytes)
$ASCII_"mac_07"_Literal will be placed at 8024E3E4 (length = C bytes)
$Script_IdleAI_Buzzatrice will be placed at 802422B8 (length = 8 bytes)
Changing pointer 80255B98 to 80256AB8 ($End[28])
Changing pointer 80255B98 to 80256AB8 ($End[28])
Changing pointer 802560A4 to 80256FC4 ($End[534])
Changing pointer 80255B94 to 80256AB4 ($End[24])
Changing pointer 80255B98 to 80256AB8 ($End[28])
Changing pointer 80255B90 to 80256AB0 ($End[20])
Changing pointer 80255B70 to 80256A90 ($End[0])
Changing pointer 80255B90 to 80256AB0 ($End[20])
Changing pointer 80255B98 to 80256AB8 ($End[28])
Changing pointer 80255D68 to 80256C88 ($End[1F8])
Changing pointer 80255D68 to 80256C88 ($End[1F8])
Changing pointer 80255D68 to 80256C88 ($End[1F8])
Changing pointer 80255ED8 to 80256DF8 ($End[368])
Changing pointer 80255B70 to 80256A90 ($End[0])
Changing pointer 80255ED8 to 80256DF8 ($End[368])
Changing pointer 80255EE0 to 80256E00 ($End[370])
Changing pointer 80255EE0 to 80256E00 ($End[370])
Changing pointer 80255EE0 to 80256E00 ($End[370])
Changing pointer 80255B90 to 80256AB0 ($End[20])
Changing pointer 80255B88 to 80256AA8 ($End[18])
Changing pointer 80255B90 to 80256AB0 ($End[20])
Changing pointer 80255B94 to 80256AB4 ($End[24])
Changing pointer 80255B98 to 80256AB8 ($End[28])
Changing pointer 80255B90 to 80256AB0 ($End[20])
Changing pointer 80255BA0 to 80256AC0 ($End[30])
Changing pointer 80255BA0 to 80256AC0 ($End[30])
Changing pointer 80255BA0 to 80256AC0 ($End[30])
Changing pointer 802560A4 to 80256FC4 ($End[534])
Changing pointer 80243B60 to 8024C354 ($EntryList[0])
Changing pointer 80244CD4 to 80256810 ($Script_80244CD4[0])
Changing pointer 80244CD4 to 80256810 ($Script_80244CD4[0])
Changing pointer 80244CD4 to 80256810 ($Script_80244CD4[0])
Changing pointer 802452A8 to 80244CD4 ($Script_MakeEntities[0])
Changing pointer 80244CD4 to 80256810 ($Script_80244CD4[0])
Changing pointer 80255B78 to 80256A98 ($End[8])
Changing pointer 80255BA0 to 80256AC0 ($End[30])
Changing pointer 80255D68 to 80256C88 ($End[1F8])
Changing pointer 80255BA0 to 80256AC0 ($End[30])
Changing pointer 80255EE0 to 80256E00 ($End[370])
Changing pointer 80255EE0 to 80256E00 ($End[370])
Executing patches for: mac_02
Reading patch file: map/patch/toad town/mac_02.mpat
Creating struct: $IntTable_RecipeTable
Creating struct: $IntTable_ItemReactions
Creating struct: $SpecialCookingResultHandlers
Reading patch for $RecipesDiscovedIDs
Reading patch for $RecipesDiscovedFlags
Reading patch for $Function_80242F60
Reading patch for $IntTable_8024909C
Creating struct: $Script_HandleMysteryCooked
Creating struct: $TayceT_WalkToCook
Reading patch for $Script_8024926C
Reading patch for $Script_Interact_8024A034
Reading patch for $Function_802430D0
Reading patch for $Script_80249550
Reading patch for $Script_80249684
Reading patch for $Script_MakeEntities
Creating struct: $Script_SignPost
Creating struct: $Script_GetReaction
Creating struct: $Script_Get1ItemRecipe
Creating struct: $Script_Get2ItemRecipe
Reading patch for $Script_80247890
Reading patch for $Function_80242148 (9C)
Creating struct: $Function_IsNextQuestionAvailable
Reading patch for $QuizRequirements
Reading patch for $QuizAnswers
Merged 20 regions to 18
$IntTable_RecipeTable will be placed at 8024E3A0 (length = BD0 bytes)
$Script_SignPost will be placed at 80249E48 (length = 148 bytes)
$RecipesDiscovedFlags will be placed at 8024EF70 (length = 134 bytes)
$RecipesDiscovedIDs will be placed at 8024F0A4 (length = 130 bytes)
$Script_Get1ItemRecipe will be placed at 8024F1D4 (length = 114 bytes)
$Script_Get2ItemRecipe will be placed at 802484CC (length = E4 bytes)
$AllRecipes will be placed at 8024949C (length = A4 bytes)
$IntTable_ItemReactions will be placed at 802495B8 (length = A0 bytes)
$Function_IsNextQuestionAvailable will be placed at 80249F90 (length = 80 bytes)
$Script_HandleMysteryCooked will be placed at 8024F2E8 (length = 7C bytes)
$Script_GetReaction will be placed at 8024F364 (length = 60 bytes)
$RecipeCountNoHint will be placed at 8024F3C4 (length = 5C bytes)
$RecipeCountHintTwoIng will be placed at 8024F420 (length = 4C bytes)
$RecipeCountHintOneIng will be placed at 8024F46C (length = 48 bytes)
$RecipeCountHint will be placed at 8024A09C (length = 34 bytes)
$TayceT_WalkToCook will be placed at 80243000 (length = 20 bytes)
$RecipeCountComplete will be placed at 80249658 (length = 20 bytes)
$SpecialCookingResultHandlers will be placed at 80245F2C (length = 10 bytes)
Changing pointer 8024EA18 to 8024F998 ($End[4D8])
Changing pointer 8024E560 to 8024F4E0 ($End[20])
Changing pointer 8024E568 to 8024F4E8 ($End[28])
Changing pointer 8024E568 to 8024F4E8 ($End[28])
Changing pointer 8024E3A0 to 8024F0A4 ($RecipesDiscovedIDs[0])
Changing pointer 8024E470 to 8024EF70 ($RecipesDiscovedFlags[0])
Changing pointer 8024E568 to 8024F4E8 ($End[28])
Changing pointer 8024E570 to 8024F4F0 ($End[30])
Changing pointer 8024E570 to 8024F4F0 ($End[30])
Changing pointer 8024E570 to 8024F4F0 ($End[30])
Changing pointer 8024E738 to 8024F6B8 ($End[1F8])
Changing pointer 8024E738 to 8024F6B8 ($End[1F8])
Changing pointer 8024E738 to 8024F6B8 ($End[1F8])
Changing pointer 8024EA10 to 8024F990 ($End[4D0])
Changing pointer 8024EA14 to 8024F994 ($End[4D4])
Changing pointer 8024E558 to 8024F4D8 ($End[18])
Changing pointer 8024E560 to 8024F4E0 ($End[20])
Changing pointer 8024E564 to 8024F4E4 ($End[24])
Changing pointer 8024E568 to 8024F4E8 ($End[28])
Changing pointer 8024E560 to 8024F4E0 ($End[20])
Changing pointer 8024E540 to 8024F4C0 ($End[0])
Changing pointer 8024E540 to 8024F4C0 ($End[0])
Changing pointer 8024EA18 to 8024F998 ($End[4D8])
Changing pointer 8024E560 to 8024F4E0 ($End[20])
Changing pointer 8024E564 to 8024F4E4 ($End[24])
Changing pointer 8024E568 to 8024F4E8 ($End[28])
Changing pointer 8024E560 to 8024F4E0 ($End[20])
Changing pointer 8024E548 to 8024F4C8 ($End[8])
Changing pointer 8024E570 to 8024F4F0 ($End[30])
Changing pointer 8024E738 to 8024F6B8 ($End[1F8])
Changing pointer 8024E8A8 to 8024F828 ($End[368])
Changing pointer 8024E8A8 to 8024F828 ($End[368])
Changing pointer 8024E570 to 8024F4F0 ($End[30])
Executing patches for: mac_03
Reading patch file: map/patch/toad town/mac_03.mpat
Reading patch for $???_8024F800
Reading patch for $Script_8024F4F8
Reading patch for $Script_Interact_8024A554
Reading patch for $Script_8024ECA0
Reading patch for $Script_80250918
Creating struct: $Script_ScareAwayOinks
Reading patch for $Script_80250338
Reading patch for $Script_80247D84
Reading patch for $Function_80240E38 (9C)
Creating struct: $Function_IsNextQuestionAvailable
Reading patch for $QuizRequirements
Reading patch for $QuizAnswers
Merged 17 regions to 17
$NoOinksFirst will be placed at 802489C0 (length = E8 bytes)
$NoOinks will be placed at 802504BC (length = C0 bytes)
$Script_ScareAwayOinks will be placed at 8024F314 (length = 84 bytes)
$Function_IsNextQuestionAvailable will be placed at 8024A750 (length = 80 bytes)
$YayOinks will be placed at 80250AF0 (length = 4C bytes)
Executing patches for: mac_04
Reading patch file: map/patch/toad town/mac_04.mpat
Reading patch for $ShopInventory_80243C6C
Reading patch for $Script_MakeEntities (14C)
Reading patch for $Script_Init_802497B0
Reading patch for $Script_Interact_80249184
Creating struct: $Function_SetEffectPalette
Creating struct: $Function_AddMaxHP4
Creating struct: $Function_SubMaxHP4
Creating struct: $Function_AddMaxHP
Creating struct: $Function_AddMaxFP
Creating struct: $Function_AddMaxBP
Creating struct: $Function_SubMaxHP
Creating struct: $Function_SubMaxFP
Creating struct: $Function_SubMaxBP
Creating struct: $Function_EnforceStatMaximums
Reading patch for $Script_80245728
Reading patch for $Function_80240DE8 (9C)
Creating struct: $Function_IsNextQuestionAvailable
Reading patch for $QuizRequirements
Reading patch for $QuizAnswers
Merged 21 regions to 20
$Script_Interact_80249184 will be placed at 8024F598 (length = E58 bytes)
$String_ChetRippoFirst will be placed at 80249184 (length = 1CC bytes)
$String_ChetRippoStart will be placed at 802503F0 (length = 170 bytes)
$String_DowngradeSuccessBP will be placed at 80249350 (length = F8 bytes)
$String_ChetRippoStartShort will be placed at 80246364 (length = C4 bytes)
$String_DowngradeSuccess will be placed at 80250560 (length = A8 bytes)
$String_Paradox will be placed at 80249448 (length = 9C bytes)
$String_RaiseMenu will be placed at 80250608 (length = 98 bytes)
$String_LowerMenu will be placed at 802494E4 (length = 98 bytes)
$String_ChetRippoTooPoor will be placed at 802506A0 (length = 8C bytes)
$Function_IsNextQuestionAvailable will be placed at 80249898 (length = 80 bytes)
$String_CantDowngradeThat will be placed at 8024957C (length = 78 bytes)
$String_CantUpgradeThat will be placed at 8025072C (length = 78 bytes)
$Function_EnforceStatMaximums will be placed at 802495F4 (length = 70 bytes)
$String_ChetRippoNoLowerError will be placed at 802507A4 (length = 6C bytes)
$Function_SubMaxHP will be placed at 80249664 (length = 58 bytes)
$Function_AddMaxHP will be placed at 80250810 (length = 58 bytes)
$Function_SubMaxFP will be placed at 802496BC (length = 58 bytes)
$Function_SubMaxHP4 will be placed at 80250868 (length = 58 bytes)
$Function_SetEffectPalette will be placed at 80249714 (length = 58 bytes)
$String_BadgeCurse will be placed at 802508C0 (length = 58 bytes)
$String_GreedCurse will be placed at 80250918 (length = 58 bytes)
$Function_AddMaxFP will be placed at 80250970 (length = 58 bytes)
$Function_AddMaxHP4 will be placed at 802509C8 (length = 58 bytes)
$String_ChetRippoNormalOptions will be placed at 80250A20 (length = 58 bytes)
$String_ChetRippoNoRaise will be placed at 80250A78 (length = 54 bytes)
$String_ChetRippoNoLower will be placed at 80250ACC (length = 54 bytes)
$String_ChetRippoNoStarTokens will be placed at 80250B20 (length = 54 bytes)
$Function_SubMaxBP will be placed at 80250B74 (length = 4C bytes)
$Function_AddMaxBP will be placed at 80250BC0 (length = 4C bytes)
$String_UpgradeSuccess will be placed at 80250C0C (length = 48 bytes)
$String_DowngradeStat will be placed at 8024976C (length = 40 bytes)
$String_UpgradeStat will be placed at 80250C54 (length = 3C bytes)
Changing pointer 8024F5D0 to 80250CC0 ($End[30])
Changing pointer 8024F5D0 to 80250CC0 ($End[30])
Changing pointer 8024F5D0 to 80250CC0 ($End[30])
Changing pointer 8024F5B8 to 80250CA8 ($End[18])
Changing pointer 8024F5A0 to 80250C90 ($End[0])
Changing pointer 8024F5C4 to 80250CB4 ($End[24])
Changing pointer 8024F5C8 to 80250CB8 ($End[28])
Changing pointer 8024F5C0 to 80250CB0 ($End[20])
Changing pointer 8024F5A0 to 80250C90 ($End[0])
Changing pointer 8024F5C8 to 80250CB8 ($End[28])
Changing pointer 8024F5C0 to 80250CB0 ($End[20])
Changing pointer 8024F5C4 to 80250CB4 ($End[24])
Changing pointer 8024F5C8 to 80250CB8 ($End[28])
Changing pointer 8024F5C0 to 80250CB0 ($End[20])
Changing pointer 8024F5C0 to 80250CB0 ($End[20])
Changing pointer 8024F5C0 to 80250CB0 ($End[20])
Changing pointer 8024F5C8 to 80250CB8 ($End[28])
Changing pointer 8024F5C8 to 80250CB8 ($End[28])
Changing pointer 8024F5A8 to 80250C98 ($End[8])
Changing pointer 8024F5D0 to 80250CC0 ($End[30])
Changing pointer 80249184 to 8024F598 ($Script_Interact_80249184[0])
Executing patches for: mac_05
Reading patch file: map/patch/toad town/mac_05.mpat
Creating struct: $NpcGroupList_80250948_Yoshi
Creating struct: $NpcGroupList_8025099C_Yoshi
Creating struct: $NpcGroupList_802509F0_Yoshi
Creating struct: $NpcGroupList_NoQuizmo
Creating struct: $NpcGroupList_YesQuizmo
Creating struct: $NpcGroup_Yoshi
Creating struct: $YoshiSettings
Creating struct: $Script_Init_Yoshi
Creating struct: $Script_IdleAI
Creating struct: $Script_Interact
Creating struct: $Script_TurnBack
Reading patch for $Script_Interact_8024E62C
Reading patch for $Script_Main
Reading patch for $Script_Interact_8024CF14
Reading patch for $Script_802467F0
Reading patch for $Function_80241CA8 (9C)
Creating struct: $Function_IsNextQuestionAvailable
Reading patch for $QuizRequirements
Reading patch for $QuizAnswers
Merged 15 regions to 14
$StoneStory will be placed at 802529D0 (length = 238 bytes)
$NpcGroup_Yoshi will be placed at 80252C08 (length = 1F0 bytes)
$CaveLore will be placed at 80252DF8 (length = 17C bytes)
$Script_Interact will be placed at 80244E30 (length = C0 bytes)
$LastStand will be placed at 8024E8F4 (length = 9C bytes)
$ShroomCake will be placed at 8024742C (length = 9C bytes)
$BattleAdvice2 will be placed at 80252F74 (length = 80 bytes)
$Function_IsNextQuestionAvailable will be placed at 80252FF4 (length = 80 bytes)
$Script_TurnBack will be placed at 8024D080 (length = 6C bytes)
$NpcGroupList_802509F0_Yoshi will be placed at 80253074 (length = 60 bytes)
$NpcGroupList_NoQuizmo will be placed at 802530D4 (length = 60 bytes)
$NpcGroupList_80250948_Yoshi will be placed at 80253134 (length = 60 bytes)
$NpcGroupList_YesQuizmo will be placed at 80253194 (length = 60 bytes)
$NpcGroupList_8025099C_Yoshi will be placed at 802531F4 (length = 60 bytes)
$Script_Init_Yoshi will be placed at 802474C8 (length = 50 bytes)
$YoshiSettings will be placed at 80253254 (length = 2C bytes)
$Script_IdleAI will be placed at 802433E8 (length = 8 bytes)
Changing pointer 802529F0 to 802532A0 ($End[20])
Changing pointer 802529D0 to 80253280 ($End[0])
Changing pointer 80252D38 to 802535E8 ($End[368])
Changing pointer 802529E8 to 80253298 ($End[18])
Changing pointer 802529F0 to 802532A0 ($End[20])
Changing pointer 80252A00 to 802532B0 ($End[30])
Changing pointer 80252A00 to 802532B0 ($End[30])
Changing pointer 80252A00 to 802532B0 ($End[30])
Changing pointer 802529F8 to 802532A8 ($End[28])
Changing pointer 802529F4 to 802532A4 ($End[24])
Changing pointer 802529F8 to 802532A8 ($End[28])
Changing pointer 802529F0 to 802532A0 ($End[20])
Changing pointer 802529D0 to 80253280 ($End[0])
Changing pointer 80252BC8 to 80253478 ($End[1F8])
Changing pointer 80252BC8 to 80253478 ($End[1F8])
Changing pointer 80252BC8 to 80253478 ($End[1F8])
Changing pointer 802529F8 to 802532A8 ($End[28])
Changing pointer 802529F8 to 802532A8 ($End[28])
Changing pointer 80252D38 to 802535E8 ($End[368])
Changing pointer 802529F0 to 802532A0 ($End[20])
Changing pointer 802529F4 to 802532A4 ($End[24])
Changing pointer 802529F8 to 802532A8 ($End[28])
Changing pointer 802529F0 to 802532A0 ($End[20])
Changing pointer 802529D8 to 80253288 ($End[8])
Changing pointer 80252A00 to 802532B0 ($End[30])
Changing pointer 80252BC8 to 80253478 ($End[1F8])
Changing pointer 80252A00 to 802532B0 ($End[30])
Executing patches for: mac_07
Reading patch file: map/patch/toad town/mac_07.mpat
Reading patch file: map/import/EnterViaPipe.mpat
Creating struct: $Script_EnterVerticalPipe
Creating struct: $Function_WarpPipeEntry_80240020
Creating struct: $Function_WarpPipeEntry_802400F0
Creating struct: $Function_WarpPipeEntry_8024023C
Creating struct: $Script_EnterHorizontalPipe
Reading patch file: map/import/ExitViaPipe.mpat
Creating struct: $Function_80240000
Creating struct: $Function_80240034
Creating struct: $Function_802400F0
Creating struct: $Function_802401D0
Creating struct: $Function_8024023C
Creating struct: $Script_VerticalPipe
Creating struct: $Script_HorizontalPipe
Creating struct: $Script_80243E50
Creating struct: $Script_EnterCeilingPipe
Creating struct: $CeilingPipe_Function1
Creating struct: $CeilingPipe_Function2
Creating struct: $Header
Creating struct: $Function_GetTattle
Creating struct: $EntryList
Creating struct: $Script_Main
Creating struct: $Script_Entry0
Creating struct: $Script_Entry1
Creating struct: $Script_ExitViaPipe
Creating struct: $Script_MakeExits
Merged 1 regions to 1
$Script_EnterHorizontalPipe will be placed at 80240000 (length = 300 bytes)
$Script_EnterVerticalPipe will be placed at 80240300 (length = 280 bytes)
$Script_HorizontalPipe will be placed at 80240580 (length = 248 bytes)
$Script_EnterCeilingPipe will be placed at 802407C8 (length = 23C bytes)
$Script_80243E50 will be placed at 80240A04 (length = 160 bytes)
$Script_Main will be placed at 80240B64 (length = 108 bytes)
$CeilingPipe_Function1 will be placed at 80240C6C (length = E0 bytes)
$Function_802400F0 will be placed at 80240D4C (length = E0 bytes)
$Function_WarpPipeEntry_802400F0 will be placed at 80240E2C (length = E0 bytes)
$Function_80240034 will be placed at 80240F0C (length = BC bytes)
$Function_8024023C will be placed at 80240FC8 (length = A4 bytes)
$Function_WarpPipeEntry_8024023C will be placed at 8024106C (length = A4 bytes)
$Script_VerticalPipe will be placed at 80241110 (length = 90 bytes)
$CeilingPipe_Function2 will be placed at 802411A0 (length = 6C bytes)
$Function_802401D0 will be placed at 8024120C (length = 6C bytes)
$Script_MakeExits will be placed at 80241278 (length = 48 bytes)
$Script_Entry0 will be placed at 802412C0 (length = 40 bytes)
$Header will be placed at 80241300 (length = 40 bytes)
$MapTattle will be placed at 80241340 (length = 3C bytes)
$Script_ExitViaPipe will be placed at 8024137C (length = 3C bytes)
$EntryList will be placed at 802413B8 (length = 20 bytes)
$Function_80240000 will be placed at 802413D8 (length = 20 bytes)
$Script_Entry1 will be placed at 802413F8 (length = 20 bytes)
$Function_GetTattle will be placed at 80241418 (length = 14 bytes)
$Function_WarpPipeEntry_80240020 will be placed at 8024142C (length = 14 bytes)
$ASCII_"tik_26"_Literal will be placed at 80241440 (length = C bytes)
$ASCII_"mac_00"_Literal will be placed at 8024144C (length = C bytes)
Patching partner 00 Goombario
Patching partner 01 Kooper
Reading patch file: world/partner/patch/01 Kooper.wpat
Reading patch for $Function_802BD100
Reading patch for $Function_802BD144
Reading patch for $Function_802BD17C
Reading patch for $Function_Init
Reading patch for $Function_802BD228
Reading patch for $Function_802BD260
Reading patch for $Function_802BD5F4
Reading patch for $Function_802BD638
Reading patch for $Function_802BE7E0
Reading patch for $Function_TestEnemyCollision
Reading patch for $Function_BeforeBattle
Reading patch for $Function_AfterBattle
Reading patch for $???_802BEB40
Reading patch for $Script_TakeOut
Reading patch for $???_802BEB60
Reading patch for $Script_UseAbility
Reading patch for $Script_Update
Reading patch for $Script_PutAway
Reading patch for $ConstDouble_802BEBC0
Reading patch for $JumpTable_802BEBC8
Reading patch for $ConstDouble_802BEC18
Reading patch for $ConstDouble_802BEC20
Reading patch for $ConstDouble_802BEC28
Reading patch for $ConstDouble_802BEC30
Reading patch for $ConstDouble_802BEC38
Reading patch for $ConstDouble_802BEC40
Reading patch for $Function_802BD638
Merged 7 regions to 5
Patching partner 02 Bombette
Reading patch file: world/partner/patch/02 Bombette.wpat
Reading patch for $Function_802BD100
Reading patch for $Function_Init
Reading patch for $Function_802BD300
Reading patch for $Function_802BD338
Reading patch for $Function_802BD6DC
Reading patch for $Function_CanUseAbility
Reading patch for $Function_PlayerCanPause
Reading patch for $Function_802BD758
Reading patch for $Function_802BE4E8
Reading patch for $Function_TestEnemyCollision
Reading patch for $Function_BeforeBattle
Reading patch for $Script_TakeOut
Reading patch for $???_802BE89C
Reading patch for $Script_UseAbility
Reading patch for $Script_Update
Reading patch for $Script_PutAway
Reading patch for $ConstDouble_802BE900
Reading patch for $ConstDouble_802BE908
Reading patch for $ConstDouble_802BE910
Reading patch for $Function_802BD758
Reading patch for $Function_TestEnemyCollision
Creating struct: $TestEnemyCollisionHook
Creating struct: $ConstDouble_Bigger
Creating struct: $ConstDouble_Biggest
Merged 8 regions to 6
$TestEnemyCollisionHook will be placed at 802BE918 (length = 70 bytes)
$ConstDouble_Biggest will be placed at 802BE878 (length = 8 bytes)
$ConstDouble_Bigger will be placed at 802BE890 (length = 8 bytes)
Changing pointer 802BE92C to 802BE99C ($End[C])
Changing pointer 802BE928 to 802BE998 ($End[8])
Changing pointer 802BE930 to 802BE9A0 ($End[10])
Changing pointer 802BE934 to 802BE9A4 ($End[14])
Changing pointer 802BE920 to 802BE990 ($End[0])
Changing pointer 802BE920 to 802BE990 ($End[0])
Changing pointer 802BE924 to 802BE994 ($End[4])
Changing pointer 802BE938 to 802BE9A8 ($End[18])
Changing pointer 802BE938 to 802BE9A8 ($End[18])
Changing pointer 802BE938 to 802BE9A8 ($End[18])
Changing pointer 802BE92C to 802BE99C ($End[C])
Changing pointer 802BE92C to 802BE99C ($End[C])
Changing pointer 802BE934 to 802BE9A4 ($End[14])
Changing pointer 802BE92C to 802BE99C ($End[C])
Changing pointer 802BE924 to 802BE994 ($End[4])
Changing pointer 802CB56C to 802CB5DC ($End[CC4C])
Changing pointer 802BE928 to 802BE998 ($End[8])
Changing pointer 802BE928 to 802BE998 ($End[8])
Changing pointer 802BE930 to 802BE9A0 ($End[10])
Changing pointer 802BE92C to 802BE99C ($End[C])
Changing pointer 802BE928 to 802BE998 ($End[8])
Changing pointer 802BE934 to 802BE9A4 ($End[14])
Changing pointer 802BE924 to 802BE994 ($End[4])
Changing pointer 802BE92C to 802BE99C ($End[C])
Changing pointer 802BE920 to 802BE990 ($End[0])
Changing pointer 802BE928 to 802BE998 ($End[8])
Changing pointer 802BE934 to 802BE9A4 ($End[14])
Changing pointer 802BE924 to 802BE994 ($End[4])
Changing pointer 802BE92C to 802BE99C ($End[C])
Changing pointer 802BE928 to 802BE998 ($End[8])
Changing pointer 802BE920 to 802BE990 ($End[0])
Changing pointer 802BE924 to 802BE994 ($End[4])
Changing pointer 802BE934 to 802BE9A4 ($End[14])
Changing pointer 802BE928 to 802BE998 ($End[8])
Changing pointer 802BE928 to 802BE998 ($End[8])
Changing pointer 802BE924 to 802BE994 ($End[4])
Changing pointer FFFFFF80 to FFFFFFF0 ($End[7FD41660])
Changing pointer FFFFFF80 to FFFFFFF0 ($End[7FD41660])
Changing pointer F7B40038 to F7B400A8 ($End[77881718])
Changing pointer F7BA0050 to F7BA00C0 ($End[778E1730])
Changing pointer F7B80048 to F7B800B8 ($End[778C1728])
Changing pointer F7B60040 to F7B600B0 ($End[778A1720])
Changing pointer AFB00030 to AFB000A0 ($End[2F841710])
Changing pointer AFBF0034 to AFBF00A4 ($End[2F931714])
Changing pointer C6020038 to C60200A8 ($End[45D61718])
Changing pointer C604003C to C60400AC ($End[45D8171C])
Changing pointer C60C000C to C60C007C ($End[45E016EC])
Changing pointer C6000040 to C60000B0 ($End[45D41720])
Changing pointer E7A20020 to E7A20090 ($End[67761700])
Changing pointer E7A40024 to E7A40094 ($End[67781704])
Changing pointer E7A00028 to E7A00098 ($End[67741708])
Changing pointer E7BA0010 to E7BA0080 ($End[678E16F0])
Changing pointer E7A00014 to E7A00084 ($End[677416F4])
Changing pointer 860200A8 to 86020118 ($End[5D61788])
Changing pointer E7A00018 to E7A00088 ($End[677416F8])
Changing pointer 860200A6 to 86020116 ($End[5D61786])
Changing pointer E7A0001C to E7A0008C ($End[677416FC])
Changing pointer C6020038 to C60200A8 ($End[45D61718])
Changing pointer C604003C to C60400AC ($End[45D8171C])
Changing pointer C60C000C to C60C007C ($End[45E016EC])
Changing pointer C6000040 to C60000B0 ($End[45D41720])
Changing pointer E7A20020 to E7A20090 ($End[67761700])
Changing pointer E7A40024 to E7A40094 ($End[67781704])
Changing pointer E7A00028 to E7A00098 ($End[67741708])
Changing pointer E7B80010 to E7B80080 ($End[678C16F0])
Changing pointer E7A00014 to E7A00084 ($End[677416F4])
Changing pointer 860200A8 to 86020118 ($End[5D61788])
Changing pointer E7A00018 to E7A00088 ($End[677416F8])
Changing pointer 860200A6 to 86020116 ($End[5D61786])
Changing pointer E7A0001C to E7A0008C ($End[677416FC])
Changing pointer 8C63C978 to 8C63C9E8 ($End[C37E058])
Changing pointer 8FBF0034 to 8FBF00A4 ($End[F931714])
Changing pointer 8FB00030 to 8FB000A0 ($End[F841710])
Changing pointer D7BA0050 to D7BA00C0 ($End[578E1730])
Changing pointer D7B80048 to D7B800B8 ($End[578C1728])
Changing pointer D7B60040 to D7B600B0 ($End[578A1720])
Changing pointer D7B40038 to D7B400A8 ($End[57881718])
Changing pointer A48200A8 to A4820118 ($End[24561788])
Changing pointer A48200A6 to A4820116 ($End[24561786])
Changing pointer AC20E998 to AC20EA08 ($End[2BF50078])
Changing pointer AC20E994 to AC20EA04 ($End[2BF50074])
Changing pointer AFBF0014 to AFBF0084 ($End[2F9316F4])
Changing pointer AFB00010 to AFB00080 ($End[2F8416F0])
Changing pointer 8C90014C to 8C9001BC ($End[C64182C])
Changing pointer 8FBF0014 to 8FBF0084 ($End[F9316F4])
Changing pointer 8FB00010 to 8FB00080 ($End[F8416F0])
Changing pointer AFB00018 to AFB00088 ($End[2F8416F8])
Changing pointer AFBF0028 to AFBF0098 ($End[2F931708])
Changing pointer AFB30024 to AFB30094 ($End[2F871704])
Changing pointer AFB20020 to AFB20090 ($End[2F861700])
Changing pointer AFB1001C to AFB1008C ($End[2F8516FC])
Changing pointer F7B40030 to F7B400A0 ($End[77881710])
Changing pointer 8C91014C to 8C9101BC ($End[C65182C])
Changing pointer 8C84E89C to 8C84E90C ($End[C58FF7C])
Changing pointer AC20C954 to AC20C9C4 ($End[2BF4E034])
Changing pointer 8E020300 to 8E020370 ($End[DD619E0])
Changing pointer AE020300 to AE020370 ($End[2DD619E0])
Changing pointer 8E220000 to 8E220070 ($End[DF616E0])
Changing pointer 8E720000 to 8E720070 ($End[E4616E0])
Changing pointer AE220000 to AE220070 ($End[2DF616E0])
Changing pointer 8E040000 to 8E040070 ($End[DD816E0])
Changing pointer 8C830004 to 8C830074 ($End[C5716E4])
Changing pointer AC850004 to AC850074 ($End[2C5916E4])
Changing pointer 8E220000 to 8E220070 ($End[DF616E0])
Changing pointer AC820008 to AC820078 ($End[2C5616E8])
Changing pointer C62C0038 to C62C00A8 ($End[46001718])
Changing pointer C62E0040 to C62E00B0 ($End[46021720])
Changing pointer 8E460048 to 8E4600B8 ($End[E1A1728])
Changing pointer 8E470050 to 8E4700C0 ($End[E1B1730])
Changing pointer 8E020000 to 8E020070 ($End[DD616E0])
Changing pointer E440000C to E440007C ($End[641416EC])
Changing pointer C64C0048 to C64C00B8 ($End[46201728])
Changing pointer C64E0050 to C64E00C0 ($End[46221730])
Changing pointer 8E260038 to 8E2600A8 ($End[DFA1718])
Changing pointer 8E270040 to 8E2700B0 ($End[DFB1720])
Changing pointer 8E030000 to 8E030070 ($End[DD716E0])
Changing pointer E4600010 to E4600080 ($End[643416F0])
Changing pointer E4620014 to E4620084 ($End[643616F4])
Changing pointer E4640018 to E4640088 ($End[643816F8])
Changing pointer AC620000 to AC620070 ($End[2C3616E0])
Changing pointer 8E220000 to 8E220070 ($End[DF616E0])
Changing pointer AE220000 to AE220070 ($End[2DF616E0])
Changing pointer 8E020000 to 8E020070 ($End[DD616E0])
Changing pointer C44C0010 to C44C0080 ($End[442016F0])
Changing pointer 8E020000 to 8E020070 ($End[DD616E0])
Changing pointer C7A20010 to C7A20080 ($End[477616F0])
Changing pointer C440000C to C440007C ($End[441416EC])
Changing pointer C6400048 to C64000B8 ($End[46141728])
Changing pointer E6200038 to E62000A8 ($End[65F41718])
Changing pointer C7A20014 to C7A20084 ($End[477616F4])
Changing pointer C440000C to C440007C ($End[441416EC])
Changing pointer C6400050 to C64000C0 ($End[46141730])
Changing pointer E6200040 to E62000B0 ($End[65F41720])
Changing pointer C4400010 to C4400080 ($End[441416F0])
Changing pointer C44C0014 to C44C0084 ($End[442016F4])
Changing pointer 8E100000 to 8E100070 ($End[DE416E0])
Changing pointer C604000C to C604007C ($End[45D816EC])
Changing pointer E6000010 to E6000080 ($End[65D416F0])
Changing pointer E600000C to E600007C ($End[65D416EC])
Changing pointer 8E020000 to 8E020070 ($End[DD616E0])
Changing pointer C44C0018 to C44C0088 ($End[442016F8])
Changing pointer 8E020000 to 8E020070 ($End[DD616E0])
Changing pointer C4420018 to C4420088 ($End[441616F8])
Changing pointer E4420018 to E4420088 ($End[641616F8])
Changing pointer E4460018 to E4460088 ($End[641A16F8])
Changing pointer C620003C to C62000AC ($End[45F4171C])
Changing pointer 8E020000 to 8E020070 ($End[DD616E0])
Changing pointer E620003C to E62000AC ($End[65F4171C])
Changing pointer C44C0010 to C44C0080 ($End[442016F0])
Changing pointer 8E020000 to 8E020070 ($End[DD616E0])
Changing pointer E6200034 to E62000A4 ($End[65F41714])
Changing pointer C4400014 to C4400084 ($End[441416F4])
Changing pointer D422E900 to D422E970 ($End[53F6FFE0])
Changing pointer E4400014 to E4400084 ($End[641416F4])
Changing pointer E4420014 to E4420084 ($End[641616F4])
Changing pointer 8E030000 to 8E030070 ($End[DD716E0])
Changing pointer 8C620000 to 8C620070 ($End[C3616E0])
Changing pointer AC620000 to AC620070 ($End[2C3616E0])
Changing pointer 8C620004 to 8C620074 ($End[C3616E4])
Changing pointer AC620004 to AC620074 ($End[2C3616E4])
Changing pointer 8C820008 to 8C820078 ($End[C5616E8])
Changing pointer AE220000 to AE220070 ($End[2DF616E0])
Changing pointer 8C820004 to 8C820074 ($End[C5616E4])
Changing pointer AC830000 to AC830070 ($End[2C5716E0])
Changing pointer AC820004 to AC820074 ($End[2C5616E4])
Changing pointer 8E030000 to 8E030070 ($End[DD716E0])
Changing pointer 8C620000 to 8C620070 ($End[C3616E0])
Changing pointer AC620000 to AC620070 ($End[2C3616E0])
Changing pointer AC600004 to AC600074 ($End[2C3416E4])
Changing pointer AE600000 to AE600070 ($End[2E3416E0])
Changing pointer 8FBF0028 to 8FBF0098 ($End[F931708])
Changing pointer 8FB30024 to 8FB30094 ($End[F871704])
Changing pointer 8FB20020 to 8FB20090 ($End[F861700])
Changing pointer 8FB1001C to 8FB1008C ($End[F8516FC])
Changing pointer 8FB00018 to 8FB00088 ($End[F8416F8])
Changing pointer D7B40030 to D7B400A0 ($End[57881710])
Changing pointer AFBF0010 to AFBF0080 ($End[2F9316F0])
Changing pointer 8CA20000 to 8CA20070 ($End[C7616E0])
Changing pointer 8C63E89C to 8C63E90C ($End[C37FF7C])
Changing pointer 8C620008 to 8C620078 ($End[C3616E8])
Changing pointer ACA00000 to ACA00070 ($End[2C7416E0])
Changing pointer AC820000 to AC820070 ($End[2C5616E0])
Changing pointer AC600004 to AC600074 ($End[2C3416E4])
Changing pointer 8FBF0010 to 8FBF0080 ($End[F9316F0])
Changing pointer 8042EBB0 to 8042EC20 ($End[170290])
Changing pointer AC22E9A4 to AC22EA14 ($End[2BF70084])
Changing pointer 8042EBB0 to 8042EC20 ($End[170290])
Changing pointer 80420F18 to 80420F88 ($End[1625F8])
Changing pointer AFB20038 to AFB200A8 ($End[2F861718])
Changing pointer AFB3003C to AFB300AC ($End[2F87171C])
Changing pointer AFB40040 to AFB400B0 ($End[2F881720])
Changing pointer AFB50044 to AFB500B4 ($End[2F891724])
Changing pointer AFBF0048 to AFBF00B8 ($End[2F931728])
Changing pointer AFB10034 to AFB100A4 ($End[2F851714])
Changing pointer AFB00030 to AFB000A0 ($End[2F841710])
Changing pointer F7B40050 to F7B400C0 ($End[77881730])
Changing pointer 8E51014C to 8E5101BC ($End[E25182C])
Changing pointer AE420070 to AE4200E0 ($End[2E161750])
Changing pointer 8E430070 to 8E4300E0 ($End[E171750])
Changing pointer 82620015 to 82620085 ($End[23616F5])
Changing pointer 8E620000 to 8E620070 ($End[E3616E0])
Changing pointer 8E220000 to 8E220070 ($End[DF616E0])
Changing pointer 82620015 to 82620085 ($End[23616F5])
Changing pointer AE42007C to AE4200EC ($End[2E16175C])
Changing pointer 8E220000 to 8E220070 ($End[DF616E0])
Changing pointer AC24E99C to AC24EA0C ($End[2BF9007C])
Changing pointer AC20E998 to AC20EA08 ($End[2BF50078])
Changing pointer AC20E9A0 to AC20EA10 ($End[2BF50080])
Changing pointer AC20E9A4 to AC20EA14 ($End[2BF50084])
Changing pointer AE220000 to AE220070 ($End[2DF616E0])
Changing pointer A2A40000 to A2A40070 ($End[227816E0])
Changing pointer A2A20003 to A2A20073 ($End[227616E3])
Changing pointer AC22E990 to AC22EA00 ($End[2BF70070])
Changing pointer C62C0038 to C62C00A8 ($End[46001718])
Changing pointer C62E0040 to C62E00B0 ($End[46021720])
Changing pointer A622008E to A62200FE ($End[25F6176E])
Changing pointer 8E660028 to 8E660098 ($End[E3A1708])
Changing pointer 8E670030 to 8E6700A0 ($End[E3B1710])
Changing pointer E620000C to E620007C ($End[65F416EC])
Changing pointer AE420070 to AE4200E0 ($End[2E161750])
Changing pointer 926200B4 to 92620124 ($End[12361794])
Changing pointer 8E620000 to 8E620070 ($End[E3616E0])
Changing pointer C6600028 to C6600098 ($End[46341708])
Changing pointer E6200060 to E62000D0 ($End[65F41740])
Changing pointer C660002C to C660009C ($End[4634170C])
Changing pointer E6200064 to E62000D4 ($End[65F41744])
Changing pointer C6600030 to C66000A0 ($End[46341710])
Changing pointer AE220028 to AE220098 ($End[2DF61708])
Changing pointer E6200068 to E62000D8 ($End[65F41748])
Changing pointer 8E670080 to 8E6700F0 ($End[E3B1760])
Changing pointer 8C42E990 to 8C42EA00 ($End[C170070])
Changing pointer C66C0080 to C66C00F0 ($End[46401760])
Changing pointer 866200B2 to 86620122 ($End[6361792])
Changing pointer C6200060 to C62000D0 ($End[45F41740])
Changing pointer C62A0038 to C62A00A8 ($End[45FE1718])
Changing pointer 8622008E to 862200FE ($End[5F6176E])
Changing pointer C6240064 to C62400D4 ($End[45F81744])
Changing pointer C628003C to C62800AC ($End[45FC171C])
Changing pointer C6260040 to C62600B0 ($End[45FA1720])
Changing pointer 9622008E to 962200FE ($End[15F6176E])
Changing pointer A622008E to A62200FE ($End[25F6176E])
Changing pointer C6220068 to C62200D8 ($End[45F61748])
Changing pointer E62A0038 to E62A00A8 ($End[65FE1718])
Changing pointer E628003C to E62800AC ($End[65FC171C])
Changing pointer E6260040 to E62600B0 ($End[65FA1720])
Changing pointer 82630015 to 82630085 ($End[23716F5])
Changing pointer 8E42007C to 8E4200EC ($End[E16175C])
Changing pointer C6200060 to C62000D0 ($End[45F41740])
Changing pointer C6220064 to C62200D4 ($End[45F61744])
Changing pointer C6240068 to C62400D8 ($End[45F81748])
Changing pointer E6200038 to E62000A8 ($End[65F41718])
Changing pointer E622003C to E62200AC ($End[65F6171C])
Changing pointer E6240040 to E62400B0 ($End[65F81720])
Changing pointer C6600080 to C66000F0 ($End[46341760])
Changing pointer AE220028 to AE220098 ($End[2DF61708])
Changing pointer E620000C to E620007C ($End[65F416EC])
Changing pointer AE420070 to AE4200E0 ($End[2E161750])
Changing pointer AE420074 to AE4200E4 ($End[2E161754])
Changing pointer 926200B4 to 92620124 ($End[12361794])
Changing pointer 866200B0 to 86620120 ($End[6361790])
Changing pointer C660002C to C660009C ($End[4634170C])
Changing pointer E620003C to E62000AC ($End[65F4171C])
Changing pointer C6600080 to C66000F0 ($End[46341760])
Changing pointer E620000C to E620007C ($End[65F416EC])
Changing pointer 8E420074 to 8E4200E4 ($End[E161754])
Changing pointer 8E420074 to 8E4200E4 ($End[E161754])
Changing pointer 8E27000C to 8E27007C ($End[DFB16EC])
Changing pointer AC30E994 to AC30EA04 ($End[2C050074])
Changing pointer 8E220000 to 8E220070 ($End[DF616E0])
Changing pointer AE230028 to AE230098 ($End[2DF71708])
Changing pointer E634001C to E634008C ($End[660816FC])
Changing pointer AC20E9A8 to AC20EA18 ($End[2BF50088])
Changing pointer AE220000 to AE220070 ($End[2DF616E0])
Changing pointer E6200018 to E6200088 ($End[65F416F8])
Changing pointer AE420070 to AE4200E0 ($End[2E161750])
Changing pointer AE420074 to AE4200E4 ($End[2E161754])
Changing pointer 8E620004 to 8E620074 ($End[E3616E4])
Changing pointer 926200B4 to 92620124 ($End[12361794])
Changing pointer AE420070 to AE4200E0 ($End[2E161750])
Changing pointer 8E420074 to 8E4200E4 ($End[E161754])
Changing pointer 8E220000 to 8E220070 ($End[DF616E0])
Changing pointer 8C42E9A8 to 8C42EA18 ($End[C170088])
Changing pointer 8E250018 to 8E250088 ($End[DF916F8])
Changing pointer 8E26000C to 8E26007C ($End[DFA16EC])
Changing pointer AC22E9A8 to AC22EA18 ($End[2BF70088])
Changing pointer C6200038 to C62000A8 ($End[45F41718])
Changing pointer E7A00020 to E7A00090 ($End[67741700])
Changing pointer C620003C to C62000AC ($End[45F4171C])
Changing pointer C6240040 to C62400B0 ($End[45F81720])
Changing pointer E7A6002C to E7A6009C ($End[677A170C])
Changing pointer E7A40028 to E7A40098 ($End[67781708])
Changing pointer E7A00024 to E7A00094 ($End[67741704])
Changing pointer AFA20010 to AFA20080 ($End[2F7616F0])
Changing pointer C620000C to C620007C ($End[45F416EC])
Changing pointer E7A00014 to E7A00084 ($End[677416F4])
Changing pointer 862200A6 to 86220116 ($End[5F61786])
Changing pointer E7A00018 to E7A00088 ($End[677416F8])
Changing pointer 8C84C978 to 8C84C9E8 ($End[C58E058])
Changing pointer 826200B4 to 82620124 ($End[2361794])
Changing pointer AE220028 to AE220098 ($End[2DF61708])
Changing pointer 8E220000 to 8E220070 ($End[DF616E0])
Changing pointer AE220000 to AE220070 ($End[2DF616E0])
Changing pointer AE420074 to AE4200E4 ($End[2E161754])
Changing pointer 8C830000 to 8C830070 ($End[C5716E0])
Changing pointer AE420070 to AE4200E0 ($End[2E161750])
Changing pointer AC800000 to AC800070 ($End[2C5416E0])
Changing pointer 8E420074 to 8E4200E4 ($End[E161754])
Changing pointer 8C42419C to 8C42420C ($End[C16587C])
Changing pointer 94420134 to 944201A4 ($End[14161814])
Changing pointer 8E430074 to 8E4300E4 ($End[E171754])
Changing pointer 826200B4 to 82620124 ($End[2361794])
Changing pointer AC20E99C to AC20EA0C ($End[2BF5007C])
Changing pointer 8E220000 to 8E220070 ($End[DF616E0])
Changing pointer 8C42E9A4 to 8C42EA14 ($End[C170084])
Changing pointer 8E420074 to 8E4200E4 ($End[E161754])
Changing pointer AE420074 to AE4200E4 ($End[2E161754])
Changing pointer 8C620000 to 8C620070 ($End[C3616E0])
Changing pointer AC600000 to AC600070 ($End[2C3416E0])
Changing pointer AE220028 to AE220098 ($End[2DF61708])
Changing pointer AE420074 to AE4200E4 ($End[2E161754])
Changing pointer AE420070 to AE4200E0 ($End[2E161750])
Changing pointer 826200B4 to 82620124 ($End[2361794])
Changing pointer 8E430070 to 8E4300E0 ($End[E171750])
Changing pointer 8E420074 to 8E4200E4 ($End[E161754])
Changing pointer 8C620000 to 8C620070 ($End[C3616E0])
Changing pointer AC600000 to AC600070 ($End[2C3416E0])
Changing pointer 8E250038 to 8E2500A8 ($End[DF91718])
Changing pointer 862200A8 to 86220118 ($End[5F61788])
Changing pointer 8E270040 to 8E2700B0 ($End[DFB1720])
Changing pointer 82020012 to 82020082 ($End[1D616F2])
Changing pointer C622003C to C62200AC ($End[45F6171C])
Changing pointer 80440015 to 80440085 ($End[1816F5])
Changing pointer 82020012 to 82020082 ($End[1D616F2])
Changing pointer 80430015 to 80430085 ($End[1716F5])
Changing pointer A6800018 to A6800088 ($End[265416F8])
Changing pointer C6200038 to C62000A8 ($End[45F41718])
Changing pointer E680001C to E680008C ($End[665416FC])
Changing pointer C620003C to C62000AC ($End[45F4171C])
Changing pointer E6800020 to E6800090 ($End[66541700])
Changing pointer C6200040 to C62000B0 ($End[45F41720])
Changing pointer E6800024 to E6800094 ($End[66541704])
Changing pointer AC22E998 to AC22EA08 ($End[2BF70078])
Changing pointer A2A20000 to A2A20070 ($End[227616E0])
Changing pointer 8E420070 to 8E4200E0 ($End[E161750])
Changing pointer AE430074 to AE4300E4 ($End[2E171754])
Changing pointer AE420070 to AE4200E0 ($End[2E161750])
Changing pointer 8E420074 to 8E4200E4 ($End[E161754])
Changing pointer A2A20000 to A2A20070 ($End[227616E0])
Changing pointer C660002C to C660009C ($End[4634170C])
Changing pointer C622003C to C62200AC ($End[45F6171C])
Changing pointer AC20E998 to AC20EA08 ($End[2BF50078])
Changing pointer E6340018 to E6340088 ($End[660816F8])
Changing pointer E620001C to E620008C ($End[65F416FC])
Changing pointer C620003C to C62000AC ($End[45F4171C])
Changing pointer E624000C to E624007C ($End[65F816EC])
Changing pointer E6340014 to E6340084 ($End[660816F4])
Changing pointer E620003C to E62000AC ($End[65F4171C])
Changing pointer E6200064 to E62000D4 ($End[65F41744])
Changing pointer A6820018 to A6820088 ($End[265616F8])
Changing pointer C6200038 to C62000A8 ($End[45F41718])
Changing pointer E680001C to E680008C ($End[665416FC])
Changing pointer C620003C to C62000AC ($End[45F4171C])
Changing pointer E6800020 to E6800090 ($End[66541700])
Changing pointer C6200040 to C62000B0 ($End[45F41720])
Changing pointer E6800024 to E6800094 ($End[66541704])
Changing pointer C62C0038 to C62C00A8 ($End[46001718])
Changing pointer C62E0040 to C62E00B0 ($End[46021720])
Changing pointer AE220028 to AE220098 ($End[2DF61708])
Changing pointer 8E660028 to 8E660098 ($End[E3A1708])
Changing pointer 8E670030 to 8E6700A0 ($End[E3B1710])
Changing pointer C44C006C to C44C00DC ($End[4420174C])
Changing pointer AE420078 to AE4200E8 ($End[2E161758])
Changing pointer AE420074 to AE4200E4 ($End[2E161754])
Changing pointer AE420070 to AE4200E0 ($End[2E161750])
Changing pointer C624003C to C62400AC ($End[45F8171C])
Changing pointer C620001C to C620008C ($End[45F416FC])
Changing pointer C6220014 to C6220084 ($End[45F616F4])
Changing pointer E624003C to E62400AC ($End[65F8171C])
Changing pointer E620001C to E620008C ($End[65F416FC])
Changing pointer 8E430078 to 8E4300E8 ($End[E171758])
Changing pointer C620004C to C62000BC ($End[45F4172C])
Changing pointer E620004C to E62000BC ($End[65F4172C])
Changing pointer 8E430078 to 8E4300E8 ($End[E171758])
Changing pointer C6200044 to C62000B4 ($End[45F41724])
Changing pointer E6200044 to E62000B4 ($End[65F41724])
Changing pointer 8E420074 to 8E4200E4 ($End[E161754])
Changing pointer AE420074 to AE4200E4 ($End[2E161754])
Changing pointer 8C42E9A0 to 8C42EA10 ($End[C170080])
Changing pointer C6600028 to C6600098 ($End[46341708])
Changing pointer E6200038 to E62000A8 ($End[65F41718])
Changing pointer C6600030 to C66000A0 ($End[46341710])
Changing pointer E6200040 to E62000B0 ($End[65F41720])
Changing pointer C4201DEC to C4201E5C ($End[43F434CC])
Changing pointer C66C00A8 to C66C0118 ($End[46401788])
Changing pointer AE27000C to AE27007C ($End[2DFB16EC])
Changing pointer 8E220000 to 8E220070 ($End[DF616E0])
Changing pointer AE20001C to AE20008C ($End[2DF416FC])
Changing pointer AE230028 to AE230098 ($End[2DF71708])
Changing pointer AE220000 to AE220070 ($End[2DF616E0])
Changing pointer AE420070 to AE4200E0 ($End[2E161750])
Changing pointer C624003C to C62400AC ($End[45F8171C])
Changing pointer 866200B0 to 86620120 ($End[6361790])
Changing pointer C660002C to C660009C ($End[4634170C])
Changing pointer 8E220000 to 8E220070 ($End[DF616E0])
Changing pointer C622003C to C62200AC ($End[45F6171C])
Changing pointer AE220000 to AE220070 ($End[2DF616E0])
Changing pointer C660002C to C660009C ($End[4634170C])
Changing pointer D422E908 to D422E978 ($End[53F6FFE8])
Changing pointer AE420070 to AE4200E0 ($End[2E161750])
Changing pointer 8E25001C to 8E25008C ($End[DF916FC])
Changing pointer AE420070 to AE4200E0 ($End[2E161750])
Changing pointer C626001C to C626008C ($End[45FA16FC])
Changing pointer C6200014 to C6200084 ($End[45F416F4])
Changing pointer C624003C to C62400AC ($End[45F8171C])
Changing pointer C620001C to C620008C ($End[45F416FC])
Changing pointer E626001C to E626008C ($End[65FA16FC])
Changing pointer E624003C to E62400AC ($End[65F8171C])
Changing pointer E620001C to E620008C ($End[65F416FC])
Changing pointer 8E430078 to 8E4300E8 ($End[E171758])
Changing pointer C620004C to C62000BC ($End[45F4172C])
Changing pointer E620004C to E62000BC ($End[65F4172C])
Changing pointer 8E430078 to 8E4300E8 ($End[E171758])
Changing pointer C6200044 to C62000B4 ($End[45F41724])
Changing pointer E6200044 to E62000B4 ($End[65F41724])
Changing pointer 8E440070 to 8E4400E0 ($End[E181750])
Changing pointer 826200B4 to 82620124 ($End[2361794])
Changing pointer 8C620000 to 8C620070 ($End[C3616E0])
Changing pointer AC600000 to AC600070 ($End[2C3416E0])
Changing pointer A2A00000 to A2A00070 ($End[227416E0])
Changing pointer A2A00003 to A2A00073 ($End[227416E3])
Changing pointer AE20001C to AE20008C ($End[2DF416FC])
Changing pointer C660002C to C660009C ($End[4634170C])
Changing pointer AC20E998 to AC20EA08 ($End[2BF50078])
Changing pointer AC20E9A4 to AC20EA14 ($End[2BF50084])
Changing pointer AC800044 to AC8000B4 ($End[2C541724])
Changing pointer AC80004C to AC8000BC ($End[2C54172C])
Changing pointer AC820028 to AC820098 ($End[2C561708])
Changing pointer E480003C to E48000AC ($End[6454171C])
Changing pointer 8C620000 to 8C620070 ($End[C3616E0])
Changing pointer AC600000 to AC600070 ($End[2C3416E0])
Changing pointer 8C620000 to 8C620070 ($End[C3616E0])
Changing pointer AC600000 to AC600070 ($End[2C3416E0])
Changing pointer A2A00000 to A2A00070 ($End[227416E0])
Changing pointer A2A00003 to A2A00073 ($End[227416E3])
Changing pointer AE20001C to AE20008C ($End[2DF416FC])
Changing pointer C660002C to C660009C ($End[4634170C])
Changing pointer AE220028 to AE220098 ($End[2DF61708])
Changing pointer 8C42E990 to 8C42EA00 ($End[C170070])
Changing pointer AE200044 to AE2000B4 ($End[2DF41724])
Changing pointer AE20004C to AE2000BC ($End[2DF4172C])
Changing pointer E620003C to E62000AC ($End[65F4171C])
Changing pointer C6600028 to C6600098 ($End[46341708])
Changing pointer E6200038 to E62000A8 ($End[65F41718])
Changing pointer C660002C to C660009C ($End[4634170C])
Changing pointer E620003C to E62000AC ($End[65F4171C])
Changing pointer C6600030 to C66000A0 ($End[46341710])
Changing pointer AC20E998 to AC20EA08 ($End[2BF50078])
Changing pointer AC20E9A4 to AC20EA14 ($End[2BF50084])
Changing pointer E6200040 to E62000B0 ($End[65F41720])
Changing pointer C6600080 to C66000F0 ($End[46341760])
Changing pointer C6600080 to C66000F0 ($End[46341760])
Changing pointer 866200B2 to 86620122 ($End[6361792])
Changing pointer AC80001C to AC80008C ($End[2C5416FC])
Changing pointer 8C620000 to 8C620070 ($End[C3616E0])
Changing pointer AC600000 to AC600070 ($End[2C3416E0])
Changing pointer 8FBF0048 to 8FBF00B8 ($End[F931728])
Changing pointer 8FB50044 to 8FB500B4 ($End[F891724])
Changing pointer 8FB40040 to 8FB400B0 ($End[F881720])
Changing pointer 8FB3003C to 8FB300AC ($End[F87171C])
Changing pointer 8FB20038 to 8FB200A8 ($End[F861718])
Changing pointer 8FB10034 to 8FB100A4 ($End[F851714])
Changing pointer 8FB00030 to 8FB000A0 ($End[F841710])
Changing pointer D7B40050 to D7B400C0 ($End[57881730])
Changing pointer AFBF0014 to AFBF0084 ($End[2F9316F4])
Changing pointer AFB00010 to AFB00080 ($End[2F8416F0])
Changing pointer 8C90014C to 8C9001BC ($End[C64182C])
Changing pointer 8FBF0014 to 8FBF0084 ($End[F9316F4])
Changing pointer 8FB00010 to 8FB00080 ($End[F8416F0])
Changing pointer 8C42E998 to 8C42EA08 ($End[C170078])
Changing pointer AFB00030 to AFB000A0 ($End[2F841710])
Changing pointer AFBF0038 to AFBF00A8 ($End[2F931718])
Changing pointer AFB10034 to AFB100A4 ($End[2F851714])
Changing pointer F7BE0068 to F7BE00D8 ($End[77921748])
Changing pointer F7BC0060 to F7BC00D0 ($End[77901740])
Changing pointer F7BA0058 to F7BA00C8 ($End[778E1738])
Changing pointer F7B80050 to F7B800C0 ($End[778C1730])
Changing pointer F7B60048 to F7B600B8 ($End[778A1728])
Changing pointer F7B40040 to F7B400B0 ($End[77881720])
Changing pointer 84A200A8 to 84A20118 ($End[4761788])
Changing pointer 84A200A6 to 84A20116 ($End[4761786])
Changing pointer D420E910 to D420E980 ($End[53F4FFF0])
Changing pointer C4BA0038 to C4BA00A8 ($End[448E1718])
Changing pointer C61C0038 to C61C00A8 ($End[45F01718])
Changing pointer C4A4003C to C4A400AC ($End[4478171C])
Changing pointer C600003C to C60000AC ($End[45D4171C])
Changing pointer C4B60040 to C4B600B0 ($End[448A1720])
Changing pointer C6180040 to C61800B0 ($End[45EC1720])
Changing pointer E7A80020 to E7A80090 ($End[677C1700])
Changing pointer E7A00028 to E7A00098 ($End[67741708])
Changing pointer E7A40024 to E7A40094 ($End[67781704])
Changing pointer C6020038 to C60200A8 ($End[45D61718])
Changing pointer C604003C to C60400AC ($End[45D8171C])
Changing pointer C6060040 to C60600B0 ($End[45DA1720])
Changing pointer E7A20020 to E7A20090 ($End[67761700])
Changing pointer E7A40024 to E7A40094 ($End[67781704])
Changing pointer E7A60028 to E7A60098 ($End[677A1708])
Changing pointer E7A00010 to E7A00080 ($End[677416F0])
Changing pointer E7B40014 to E7B40084 ($End[678816F4])
Changing pointer E7BE0018 to E7BE0088 ($End[679216F8])
Changing pointer E7A8001C to E7A8008C ($End[677C16FC])
Changing pointer 8FBF0038 to 8FBF00A8 ($End[F931718])
Changing pointer 8FB10034 to 8FB100A4 ($End[F851714])
Changing pointer 8FB00030 to 8FB000A0 ($End[F841710])
Changing pointer D7BE0068 to D7BE00D8 ($End[57921748])
Changing pointer D7BC0060 to D7BC00D0 ($End[57901740])
Changing pointer D7BA0058 to D7BA00C8 ($End[578E1738])
Changing pointer D7B80050 to D7B800C0 ($End[578C1730])
Changing pointer D7B60048 to D7B600B8 ($End[578A1728])
Changing pointer D7B40040 to D7B400B0 ($End[57881720])
Changing pointer AFB00010 to AFB00080 ($End[2F8416F0])
Changing pointer AFB10014 to AFB10084 ($End[2F8516F4])
Changing pointer AFBF0020 to AFBF0090 ($End[2F931700])
Changing pointer AFB3001C to AFB3008C ($End[2F8716FC])
Changing pointer AFB20018 to AFB20088 ($End[2F8616F8])
Changing pointer 80430000 to 80430070 ($End[1716E0])
Changing pointer 8C42E99C to 8C42EA0C ($End[C17007C])
Changing pointer 8E220000 to 8E220070 ($End[DF616E0])
Changing pointer AC20E998 to AC20EA08 ($End[2BF50078])
Changing pointer AE220000 to AE220070 ($End[2DF616E0])
Changing pointer 8E020000 to 8E020070 ($End[DD616E0])
Changing pointer AE00001C to AE00008C ($End[2DD416FC])
Changing pointer AE020000 to AE020070 ($End[2DD616E0])
Changing pointer C6200028 to C6200098 ($End[45F41708])
Changing pointer A2400000 to A2400070 ($End[221416E0])
Changing pointer A2400003 to A2400073 ($End[221416E3])
Changing pointer 8C42E990 to 8C42EA00 ($End[C170070])
Changing pointer E6000038 to E60000A8 ($End[65D41718])
Changing pointer C620002C to C620009C ($End[45F4170C])
Changing pointer E600003C to E60000AC ($End[65D4171C])
Changing pointer C6200030 to C62000A0 ($End[45F41710])
Changing pointer E6000040 to E60000B0 ($End[65D41720])
Changing pointer C6200080 to C62000F0 ($End[45F41760])
Changing pointer C6200080 to C62000F0 ($End[45F41760])
Changing pointer 862200B2 to 86220122 ($End[5F61792])
Changing pointer AE00001C to AE00008C ($End[2DD416FC])
Changing pointer C620002C to C620009C ($End[45F4170C])
Changing pointer AE000044 to AE0000B4 ($End[2DD41724])
Changing pointer AE00004C to AE0000BC ($End[2DD4172C])
Changing pointer AE020028 to AE020098 ($End[2DD61708])
Changing pointer E600003C to E60000AC ($End[65D4171C])
Changing pointer 8C620000 to 8C620070 ($End[C3616E0])
Changing pointer AC600000 to AC600070 ($End[2C3416E0])
Changing pointer 8FBF0020 to 8FBF0090 ($End[F931700])
Changing pointer 8FB3001C to 8FB3008C ($End[F8716FC])
Changing pointer 8FB20018 to 8FB20088 ($End[F8616F8])
Changing pointer 8FB10014 to 8FB10084 ($End[F8516F4])
Changing pointer 8FB00010 to 8FB00080 ($End[F8416F0])
Changing pointer 802BE940 to 802BE9B0 ($End[20])
Changing pointer 9999999A to 99999A0A ($End[196DB07A])
Changing pointer 9999999A to 99999A0A ($End[196DB07A])
Patching partner 03 Parakarry
Reading patch file: world/partner/patch/03 Parakarry.wpat
Reading patch for $Function_Init
Reading patch for $Function_802BD148
Reading patch for $Function_802BD180
Reading patch for $Function_802BD514
Reading patch for $Function_802BD558
Reading patch for $Function_802BE8D4
Reading patch for $Function_BeforeBattle
Reading patch for $Function_AfterBattle
Reading patch for $Script_TakeOut
Reading patch for $???_802BEAAC
Reading patch for $Script_UseAbility
Reading patch for $Script_Update
Reading patch for $Script_PutAway
Reading patch for $ConstDouble_802BEB10
Reading patch for $JumpTable_802BEB18
Reading patch for $ConstDouble_802BEB98
Reading patch for $ConstDouble_802BEBA0
Reading patch for $ConstDouble_802BEBA8
Reading patch for $Function_802BD660
Merged 7 regions to 6
Patching partner 04 Goompa
Patching partner 05 Watt
Reading patch file: world/partner/patch/05 Watt.wpat
Reading patch for $Function_802BD100
Reading patch for $Function_802BD180
Reading patch for $Function_802BD1AC
Reading patch for $Function_Init
Reading patch for $Function_802BD27C
Reading patch for $Function_802BD2B4
Reading patch for $Function_802BD710
Reading patch for $Function_802BD754
Reading patch for $Function_802BDD0C
Reading patch for $Function_BeforeBattle
Reading patch for $Function_AfterBattle
Reading patch for $Function_802BDE88
Reading patch for $Function_802BE014
Reading patch for $Function_802BE070
Reading patch for $FloatTable_802BE250
Reading patch for $Script_TakeOut
Reading patch for $???_802BE274
Reading patch for $???_802BE278
Reading patch for $Script_UseAbility
Reading patch for $Script_Update
Reading patch for $Script_PutAway
Reading patch for $Script_WhileRiding
Reading patch for $ConstDouble_802BE2F0
Creating struct: $Function_TestEnemyCollision
Creating struct: $MagicRadius
Merged 9 regions to 7
$Function_TestEnemyCollision will be placed at 802BE2F8 (length = 1D0 bytes)
$MagicRadius will be placed at 802BE248 (length = 8 bytes)
Changing pointer 802BE308 to 802BE4D8 ($End[8])
Changing pointer 802BE308 to 802BE4D8 ($End[8])
Changing pointer 802BE300 to 802BE4D0 ($End[0])
Changing pointer 802BE30C to 802BE4DC ($End[C])
Changing pointer 802BE304 to 802BE4D4 ($End[4])
Changing pointer 802BE310 to 802BE4E0 ($End[10])
Changing pointer 802BE304 to 802BE4D4 ($End[4])
Changing pointer 802BE304 to 802BE4D4 ($End[4])
Changing pointer 802BE304 to 802BE4D4 ($End[4])
Changing pointer 802BE304 to 802BE4D4 ($End[4])
Changing pointer 802BE304 to 802BE4D4 ($End[4])
Changing pointer 802BE304 to 802BE4D4 ($End[4])
Changing pointer 802BE30C to 802BE4DC ($End[C])
Changing pointer 802BE30C to 802BE4DC ($End[C])
Changing pointer 802BE304 to 802BE4D4 ($End[4])
Changing pointer 802BE30C to 802BE4DC ($End[C])
Changing pointer 802BE310 to 802BE4E0 ($End[10])
Changing pointer 802BE310 to 802BE4E0 ($End[10])
Changing pointer FFFFFFD0 to 000001A0 ($End[7FD41CD0])
Changing pointer 802BE30C to 802BE4DC ($End[C])
Changing pointer FFFFFFD8 to 000001A8 ($End[7FD41CD8])
Changing pointer 802BE310 to 802BE4E0 ($End[10])
Changing pointer FFFFFFD8 to 000001A8 ($End[7FD41CD8])
Changing pointer 802BE310 to 802BE4E0 ($End[10])
Changing pointer 802BE310 to 802BE4E0 ($End[10])
Changing pointer AFBF0024 to AFBF01F4 ($End[2F931D24])
Changing pointer AFB00020 to AFB001F0 ($End[2F841D20])
Changing pointer 8C820000 to 8C8201D0 ($End[C561D00])
Changing pointer 8E020000 to 8E0201D0 ($End[DD61D00])
Changing pointer C484003C to C484020C ($End[44581D3C])
Changing pointer AFA20014 to AFA201E4 ($End[2F761D14])
Changing pointer AFA00018 to AFA001E8 ($End[2F741D18])
Changing pointer E7A00010 to E7A001E0 ($End[67741D10])
Changing pointer 8C850038 to 8C850208 ($End[C591D38])
Changing pointer 8C870040 to 8C870210 ($End[C5B1D40])
Changing pointer AE020000 to AE0201D0 ($End[2DD61D00])
Changing pointer 8FBF0024 to 8FBF01F4 ($End[F931D24])
Changing pointer 8FB00020 to 8FB001F0 ($End[F841D20])
Changing pointer 8C620000 to 8C6201D0 ($End[C361D00])
Changing pointer AC600000 to AC6001D0 ($End[2C341D00])
Changing pointer 8C43000C to 8C4301DC ($End[C171D0C])
Changing pointer AC620028 to AC6201F8 ($End[2C361D28])
Changing pointer 8C42E4E0 to 8C42E6B0 ($End[C1701E0])
Changing pointer 8C45000C to 8C4501DC ($End[C191D0C])
Changing pointer ACA40000 to ACA401D0 ($End[2C781D00])
Changing pointer C422E250 to C422E420 ($End[43F6FF50])
Changing pointer 8C420008 to 8C4201D8 ($End[C161D08])
Changing pointer E4A60020 to E4A601F0 ($End[647A1D20])
Changing pointer A48200A8 to A4820278 ($End[24561DA8])
Changing pointer A48200A6 to A4820276 ($End[24561DA6])
Changing pointer AC20E4D8 to AC20E6A8 ($End[2BF501D8])
Changing pointer AC20E4D0 to AC20E6A0 ($End[2BF501D0])
Changing pointer AC20E4DC to AC20E6AC ($End[2BF501DC])
Changing pointer AC22E4D4 to AC22E6A4 ($End[2BF701D4])
Changing pointer AC20E4E0 to AC20E6B0 ($End[2BF501E0])
Changing pointer AFBF0014 to AFBF01E4 ($End[2F931D14])
Changing pointer AFB00010 to AFB001E0 ($End[2F841D10])
Changing pointer 8C90014C to 8C90031C ($End[C641E4C])
Changing pointer 8FBF0014 to 8FBF01E4 ($End[F931D14])
Changing pointer 8FB00010 to 8FB001E0 ($End[F841D10])
Changing pointer 8042EBB1 to 8042ED81 ($End[1708B1])
Changing pointer AFB00018 to AFB001E8 ($End[2F841D18])
Changing pointer AFBF0028 to AFBF01F8 ($End[2F931D28])
Changing pointer AFB30024 to AFB301F4 ($End[2F871D24])
Changing pointer AFB20020 to AFB201F0 ($End[2F861D20])
Changing pointer AFB1001C to AFB101EC ($End[2F851D1C])
Changing pointer F7B40030 to F7B40200 ($End[77881D30])
Changing pointer 8C91014C to 8C91031C ($End[C651E4C])
Changing pointer 8C84E274 to 8C84E444 ($End[C58FF74])
Changing pointer AC20C954 to AC20CB24 ($End[2BF4E654])
Changing pointer 8E02030C to 8E0204DC ($End[DD6200C])
Changing pointer 8E720000 to 8E7201D0 ($End[E461D00])
Changing pointer AE02030C to AE0204DC ($End[2DD6200C])
Changing pointer C6220018 to C62201E8 ($End[45F61D18])
Changing pointer 8C620000 to 8C6201D0 ($End[C361D00])
Changing pointer AC620000 to AC6201D0 ($End[2C361D00])
Changing pointer 8C620000 to 8C6201D0 ($End[C361D00])
Changing pointer AC600000 to AC6001D0 ($End[2C341D00])
Changing pointer AE220028 to AE2201F8 ($End[2DF61D28])
Changing pointer 8E040000 to 8E0401D0 ($End[DD81D00])
Changing pointer 8C830004 to 8C8301D4 ($End[C571D04])
Changing pointer AC850004 to AC8501D4 ($End[2C591D04])
Changing pointer 8E220000 to 8E2201D0 ($End[DF61D00])
Changing pointer AC820008 to AC8201D8 ($End[2C561D08])
Changing pointer C62C0038 to C62C0208 ($End[46001D38])
Changing pointer C62E0040 to C62E0210 ($End[46021D40])
Changing pointer 8E460048 to 8E460218 ($End[E1A1D48])
Changing pointer 8E470050 to 8E470220 ($End[E1B1D50])
Changing pointer 8E020000 to 8E0201D0 ($End[DD61D00])
Changing pointer E440000C to E44001DC ($End[64141D0C])
Changing pointer C64C0048 to C64C0218 ($End[46201D48])
Changing pointer C64E0050 to C64E0220 ($End[46221D50])
Changing pointer 8E260038 to 8E260208 ($End[DFA1D38])
Changing pointer 8E270040 to 8E270210 ($End[DFB1D40])
Changing pointer 8E030000 to 8E0301D0 ($End[DD71D00])
Changing pointer E4600010 to E46001E0 ($End[64341D10])
Changing pointer E4620014 to E46201E4 ($End[64361D14])
Changing pointer E4640018 to E46401E8 ($End[64381D18])
Changing pointer AC620000 to AC6201D0 ($End[2C361D00])
Changing pointer 8E220000 to 8E2201D0 ($End[DF61D00])
Changing pointer AE220000 to AE2201D0 ($End[2DF61D00])
Changing pointer 8E020000 to 8E0201D0 ($End[DD61D00])
Changing pointer C44C0010 to C44C01E0 ($End[44201D10])
Changing pointer 8E020000 to 8E0201D0 ($End[DD61D00])
Changing pointer C7A20010 to C7A201E0 ($End[47761D10])
Changing pointer C440000C to C44001DC ($End[44141D0C])
Changing pointer C6400048 to C6400218 ($End[46141D48])
Changing pointer E6200038 to E6200208 ($End[65F41D38])
Changing pointer C7A20014 to C7A201E4 ($End[47761D14])
Changing pointer C440000C to C44001DC ($End[44141D0C])
Changing pointer C6400050 to C6400220 ($End[46141D50])
Changing pointer E6200040 to E6200210 ($End[65F41D40])
Changing pointer C4400010 to C44001E0 ($End[44141D10])
Changing pointer C44C0014 to C44C01E4 ($End[44201D14])
Changing pointer 8E100000 to 8E1001D0 ($End[DE41D00])
Changing pointer C604000C to C60401DC ($End[45D81D0C])
Changing pointer E6000010 to E60001E0 ($End[65D41D10])
Changing pointer E600000C to E60001DC ($End[65D41D0C])
Changing pointer 8E020000 to 8E0201D0 ($End[DD61D00])
Changing pointer C44C0018 to C44C01E8 ($End[44201D18])
Changing pointer 8E020000 to 8E0201D0 ($End[DD61D00])
Changing pointer C4420018 to C44201E8 ($End[44161D18])
Changing pointer E4420018 to E44201E8 ($End[64161D18])
Changing pointer E4460018 to E44601E8 ($End[641A1D18])
Changing pointer C620003C to C620020C ($End[45F41D3C])
Changing pointer 8E020000 to 8E0201D0 ($End[DD61D00])
Changing pointer E620003C to E620020C ($End[65F41D3C])
Changing pointer C44C0010 to C44C01E0 ($End[44201D10])
Changing pointer 8E020000 to 8E0201D0 ($End[DD61D00])
Changing pointer E6200034 to E6200204 ($End[65F41D34])
Changing pointer C4400014 to C44001E4 ($End[44141D14])
Changing pointer D422E2F0 to D422E4C0 ($End[53F6FFF0])
Changing pointer E4400014 to E44001E4 ($End[64141D14])
Changing pointer E4420014 to E44201E4 ($End[64161D14])
Changing pointer 8E030000 to 8E0301D0 ($End[DD71D00])
Changing pointer 8C620000 to 8C6201D0 ($End[C361D00])
Changing pointer AC620000 to AC6201D0 ($End[2C361D00])
Changing pointer 8C620004 to 8C6201D4 ($End[C361D04])
Changing pointer AC620004 to AC6201D4 ($End[2C361D04])
Changing pointer 8C820008 to 8C8201D8 ($End[C561D08])
Changing pointer AE220000 to AE2201D0 ($End[2DF61D00])
Changing pointer 8C820004 to 8C8201D4 ($End[C561D04])
Changing pointer AC830000 to AC8301D0 ($End[2C571D00])
Changing pointer AC820004 to AC8201D4 ($End[2C561D04])
Changing pointer 8E030000 to 8E0301D0 ($End[DD71D00])
Changing pointer 8C620000 to 8C6201D0 ($End[C361D00])
Changing pointer AC620000 to AC6201D0 ($End[2C361D00])
Changing pointer AC600004 to AC6001D4 ($End[2C341D04])
Changing pointer AE600000 to AE6001D0 ($End[2E341D00])
Changing pointer 8C63E4E0 to 8C63E6B0 ($End[C3801E0])
Changing pointer 8C62000C to 8C6201DC ($End[C361D0C])
Changing pointer C6200038 to C6200208 ($End[45F41D38])
Changing pointer E4400004 to E44001D4 ($End[64141D04])
Changing pointer C620003C to C620020C ($End[45F41D3C])
Changing pointer 8C62000C to 8C6201DC ($End[C361D0C])
Changing pointer E4400008 to E44001D8 ($End[64141D08])
Changing pointer 8C62000C to 8C6201DC ($End[C361D0C])
Changing pointer C6200040 to C6200210 ($End[45F41D40])
Changing pointer E440000C to E44001DC ($End[64141D0C])
Changing pointer 8FBF0028 to 8FBF01F8 ($End[F931D28])
Changing pointer 8FB30024 to 8FB301F4 ($End[F871D24])
Changing pointer 8FB20020 to 8FB201F0 ($End[F861D20])
Changing pointer 8FB1001C to 8FB101EC ($End[F851D1C])
Changing pointer 8FB00018 to 8FB001E8 ($End[F841D18])
Changing pointer D7B40030 to D7B40200 ($End[57881D30])
Changing pointer AFBF0010 to AFBF01E0 ($End[2F931D10])
Changing pointer 8CA20000 to 8CA201D0 ($End[C761D00])
Changing pointer 8C63E274 to 8C63E444 ($End[C37FF74])
Changing pointer 8C620008 to 8C6201D8 ($End[C361D08])
Changing pointer ACA00000 to ACA001D0 ($End[2C741D00])
Changing pointer AC820000 to AC8201D0 ($End[2C561D00])
Changing pointer AC600004 to AC6001D4 ($End[2C341D04])
Changing pointer 8FBF0010 to 8FBF01E0 ($End[F931D10])
Changing pointer AFB3001C to AFB301EC ($End[2F871D1C])
Changing pointer AFB20018 to AFB201E8 ($End[2F861D18])
Changing pointer AFB50024 to AFB501F4 ($End[2F891D24])
Changing pointer AFBF0028 to AFBF01F8 ($End[2F931D28])
Changing pointer AFB40020 to AFB401F0 ($End[2F881D20])
Changing pointer AFB10014 to AFB101E4 ($End[2F851D14])
Changing pointer AFB00010 to AFB001E0 ($End[2F841D10])
Changing pointer 8E71014C to 8E71031C ($End[E451E4C])
Changing pointer 8E430004 to 8E4301D4 ($End[E171D04])
Changing pointer 82A20001 to 82A201D1 ($End[2761D01])
Changing pointer 82A20000 to 82A201D0 ($End[2761D00])
Changing pointer 8C42419C to 8C42436C ($End[C165E9C])
Changing pointer 8042007D to 8042024D ($End[161D7D])
Changing pointer 8E420004 to 8E4201D4 ($End[E161D04])
Changing pointer AC22E4D4 to AC22E6A4 ($End[2BF701D4])
Changing pointer 8E420004 to 8E4201D4 ($End[E161D04])
Changing pointer AC22E4D4 to AC22E6A4 ($End[2BF701D4])
Changing pointer AC22E4D4 to AC22E6A4 ($End[2BF701D4])
Changing pointer A2A00001 to A2A001D1 ($End[22741D01])
Changing pointer AE420004 to AE4201D4 ($End[2E161D04])
Changing pointer AE220028 to AE2201F8 ($End[2DF61D28])
Changing pointer AC22E4D4 to AC22E6A4 ($End[2BF701D4])
Changing pointer AE620074 to AE620244 ($End[2E361D74])
Changing pointer 8E030000 to 8E0301D0 ($End[DD71D00])
Changing pointer 82420015 to 824201E5 ($End[2161D15])
Changing pointer AE620074 to AE620244 ($End[2E361D74])
Changing pointer 82430015 to 824301E5 ($End[2171D15])
Changing pointer AE020000 to AE0201D0 ($End[2DD61D00])
Changing pointer AE630078 to AE630248 ($End[2E371D78])
Changing pointer 8E620074 to 8E620244 ($End[E361D74])
Changing pointer 82430015 to 824301E5 ($End[2171D15])
Changing pointer 8E620078 to 8E620248 ($End[E361D78])
Changing pointer 8E420004 to 8E4201D4 ($End[E161D04])
Changing pointer AE020000 to AE0201D0 ($End[2DD61D00])
Changing pointer AE620074 to AE620244 ($End[2E361D74])
Changing pointer 8E830000 to 8E8301D0 ($End[E571D00])
Changing pointer 8CA5419C to 8CA5436C ($End[C795E9C])
Changing pointer 80A2007D to 80A2024D ($End[761D7D])
Changing pointer 8E420004 to 8E4201D4 ($End[E161D04])
Changing pointer AE420004 to AE4201D4 ($End[2E161D04])
Changing pointer 8E220000 to 8E2201D0 ($End[DF61D00])
Changing pointer AC30E4DC to AC30E6AC ($End[2C0501DC])
Changing pointer AE220000 to AE2201D0 ($End[2DF61D00])
Changing pointer A0A0007D to A0A0024D ($End[20741D7D])
Changing pointer A2B00000 to A2B001D0 ($End[22841D00])
Changing pointer C6400028 to C64001F8 ($End[46141D28])
Changing pointer A2A20003 to A2A201D3 ($End[22761D03])
Changing pointer E6200060 to E6200230 ($End[65F41D60])
Changing pointer C640002C to C64001FC ($End[46141D2C])
Changing pointer E6200064 to E6200234 ($End[65F41D64])
Changing pointer C6400030 to C6400200 ($End[46141D30])
Changing pointer AE220028 to AE2201F8 ($End[2DF61D28])
Changing pointer E6200068 to E6200238 ($End[65F41D68])
Changing pointer 8E470080 to 8E470250 ($End[E1B1D80])
Changing pointer C6400080 to C6400250 ($End[46141D80])
Changing pointer AE220028 to AE2201F8 ($End[2DF61D28])
Changing pointer E620000C to E62001DC ($End[65F41D0C])
Changing pointer 8E420004 to 8E4201D4 ($End[E161D04])
Changing pointer AE420004 to AE4201D4 ($End[2E161D04])
Changing pointer AE620074 to AE620244 ($End[2E361D74])
Changing pointer AE900000 to AE9001D0 ($End[2E641D00])
Changing pointer 8E420004 to 8E4201D4 ($End[E161D04])
Changing pointer AE420004 to AE4201D4 ($End[2E161D04])
Changing pointer 8E220000 to 8E2201D0 ($End[DF61D00])
Changing pointer AC24E4DC to AC24E6AC ($End[2BF901DC])
Changing pointer AE220000 to AE2201D0 ($End[2DF61D00])
Changing pointer A0A0007D to A0A0024D ($End[20741D7D])
Changing pointer A2A40000 to A2A401D0 ($End[22781D00])
Changing pointer A2A20003 to A2A201D3 ($End[22761D03])
Changing pointer C6400028 to C64001F8 ($End[46141D28])
Changing pointer E6200060 to E6200230 ($End[65F41D60])
Changing pointer C640002C to C64001FC ($End[46141D2C])
Changing pointer E6200064 to E6200234 ($End[65F41D64])
Changing pointer C6400030 to C6400200 ($End[46141D30])
Changing pointer AE220028 to AE2201F8 ($End[2DF61D28])
Changing pointer E6200068 to E6200238 ($End[65F41D68])
Changing pointer 8E470080 to 8E470250 ($End[E1B1D80])
Changing pointer A622008E to A622025E ($End[25F61D8E])
Changing pointer 8E460028 to 8E4601F8 ($End[E1A1D28])
Changing pointer 8E470030 to 8E470200 ($End[E1B1D30])
Changing pointer C62C0038 to C62C0208 ($End[46001D38])
Changing pointer C62E0040 to C62E0210 ($End[46021D40])
Changing pointer 8E820000 to 8E8201D0 ($End[E561D00])
Changing pointer E620000C to E62001DC ($End[65F41D0C])
Changing pointer C6200060 to C6200230 ($End[45F41D60])
Changing pointer C62A0038 to C62A0208 ($End[45FE1D38])
Changing pointer 8622008E to 8622025E ($End[5F61D8E])
Changing pointer C6240064 to C6240234 ($End[45F81D64])
Changing pointer C628003C to C628020C ($End[45FC1D3C])
Changing pointer C6260040 to C6260210 ($End[45FA1D40])
Changing pointer 9622008E to 9622025E ($End[15F61D8E])
Changing pointer A622008E to A622025E ($End[25F61D8E])
Changing pointer C6220068 to C6220238 ($End[45F61D68])
Changing pointer E62A0038 to E62A0208 ($End[65FE1D38])
Changing pointer E628003C to E628020C ($End[65FC1D3C])
Changing pointer E6260040 to E6260210 ($End[65FA1D40])
Changing pointer C6400080 to C6400250 ($End[46141D80])
Changing pointer AE220028 to AE2201F8 ($End[2DF61D28])
Changing pointer E620000C to E62001DC ($End[65F41D0C])
Changing pointer 8E420004 to 8E4201D4 ($End[E161D04])
Changing pointer A2A30003 to A2A301D3 ($End[22771D03])
Changing pointer AE420004 to AE4201D4 ($End[2E161D04])
Changing pointer AE620074 to AE620244 ($End[2E361D74])
Changing pointer 8E420000 to 8E4201D0 ($End[E161D00])
Changing pointer 824300B4 to 82430284 ($End[2171DB4])
Changing pointer 8E620074 to 8E620244 ($End[E361D74])
Changing pointer AE620074 to AE620244 ($End[2E361D74])
Changing pointer 8EA2000C to 8EA201DC ($End[E761D0C])
Changing pointer AE820000 to AE8201D0 ($End[2E561D00])
Changing pointer 8E030000 to 8E0301D0 ($End[DD71D00])
Changing pointer 8E420004 to 8E4201D4 ($End[E161D04])
Changing pointer AE420004 to AE4201D4 ($End[2E161D04])
Changing pointer AE250028 to AE2501F8 ($End[2DF91D28])
Changing pointer 8C42419C to 8C42436C ($End[C165E9C])
Changing pointer AC20E4DC to AC20E6AC ($End[2BF501DC])
Changing pointer A2A00003 to A2A001D3 ($End[22741D03])
Changing pointer A2A00000 to A2A001D0 ($End[22741D00])
Changing pointer A040007D to A040024D ($End[20141D7D])
Changing pointer AE020000 to AE0201D0 ($End[2DD61D00])
Changing pointer 8E420000 to 8E4201D0 ($End[E161D00])
Changing pointer 8C63E4E0 to 8C63E6B0 ($End[C3801E0])
Changing pointer 8C62000C to 8C6201DC ($End[C361D0C])
Changing pointer C6200038 to C6200208 ($End[45F41D38])
Changing pointer E4400004 to E44001D4 ($End[64141D04])
Changing pointer C620003C to C620020C ($End[45F41D3C])
Changing pointer 8C62000C to 8C6201DC ($End[C361D0C])
Changing pointer E4400008 to E44001D8 ($End[64141D08])
Changing pointer 8C62000C to 8C6201DC ($End[C361D0C])
Changing pointer C6200040 to C6200210 ($End[45F41D40])
Changing pointer E440000C to E44001DC ($End[64141D0C])
Changing pointer 8FBF0028 to 8FBF01F8 ($End[F931D28])
Changing pointer 8FB50024 to 8FB501F4 ($End[F891D24])
Changing pointer 8FB40020 to 8FB401F0 ($End[F881D20])
Changing pointer 8FB3001C to 8FB301EC ($End[F871D1C])
Changing pointer 8FB20018 to 8FB201E8 ($End[F861D18])
Changing pointer 8FB10014 to 8FB101E4 ($End[F851D14])
Changing pointer 8FB00010 to 8FB001E0 ($End[F841D10])
Changing pointer AFB20018 to AFB201E8 ($End[2F861D18])
Changing pointer AFB10014 to AFB101E4 ($End[2F851D14])
Changing pointer AFBF001C to AFBF01EC ($End[2F931D1C])
Changing pointer AFB00010 to AFB001E0 ($End[2F841D10])
Changing pointer 8C90014C to 8C90031C ($End[C641E4C])
Changing pointer A2200003 to A22001D3 ($End[21F41D03])
Changing pointer A2200000 to A22001D0 ($End[21F41D00])
Changing pointer 8E430004 to 8E4301D4 ($End[E171D04])
Changing pointer 8C84419C to 8C84436C ($End[C585E9C])
Changing pointer AE430004 to AE4301D4 ($End[2E171D04])
Changing pointer A080007D to A080024D ($End[20541D7D])
Changing pointer 8FBF001C to 8FBF01EC ($End[F931D1C])
Changing pointer 8FB20018 to 8FB201E8 ($End[F861D18])
Changing pointer 8FB10014 to 8FB101E4 ($End[F851D14])
Changing pointer 8FB00010 to 8FB001E0 ($End[F841D10])
Changing pointer 8C42E4DC to 8C42E6AC ($End[C1701DC])
Changing pointer AFBF0010 to AFBF01E0 ($End[2F931D10])
Changing pointer 8C470000 to 8C4701D0 ($End[C1B1D00])
Changing pointer 8C480004 to 8C4801D4 ($End[C1C1D04])
Changing pointer 8C490008 to 8C4901D8 ($End[C1D1D08])
Changing pointer 8C4A000C to 8C4A01DC ($End[C1E1D0C])
Changing pointer AC670000 to AC6701D0 ($End[2C3B1D00])
Changing pointer AC680004 to AC6801D4 ($End[2C3C1D04])
Changing pointer AC690008 to AC6901D8 ($End[2C3D1D08])
Changing pointer AC6A000C to AC6A01DC ($End[2C3E1D0C])
Changing pointer A0C20001 to A0C201D1 ($End[20961D01])
Changing pointer 8FBF0010 to 8FBF01E0 ($End[F931D10])
Changing pointer AFB00010 to AFB001E0 ($End[2F841D10])
Changing pointer AFBF0014 to AFBF01E4 ($End[2F931D14])
Changing pointer 80820001 to 808201D1 ($End[561D01])
Changing pointer 8C450000 to 8C4501D0 ($End[C191D00])
Changing pointer 8C460004 to 8C4601D4 ($End[C1A1D04])
Changing pointer 8C470008 to 8C4701D8 ($End[C1B1D08])
Changing pointer 8C48000C to 8C4801DC ($End[C1C1D0C])
Changing pointer AC650000 to AC6501D0 ($End[2C391D00])
Changing pointer AC660004 to AC6601D4 ($End[2C3A1D04])
Changing pointer AC670008 to AC6701D8 ($End[2C3B1D08])
Changing pointer AC68000C to AC6801DC ($End[2C3C1D0C])
Changing pointer 8FBF0014 to 8FBF01E4 ($End[F931D14])
Changing pointer 8FB00010 to 8FB001E0 ($End[F841D10])
Changing pointer AFB10014 to AFB101E4 ($End[2F851D14])
Changing pointer AFB00010 to AFB001E0 ($End[2F841D10])
Changing pointer AFBF0024 to AFBF01F4 ($End[2F931D24])
Changing pointer AFB40020 to AFB401F0 ($End[2F881D20])
Changing pointer AFB3001C to AFB301EC ($End[2F871D1C])
Changing pointer AFB20018 to AFB201E8 ($End[2F861D18])
Changing pointer AE200070 to AE200240 ($End[2DF41D70])
Changing pointer 8E230070 to 8E230240 ($End[DF71D70])
Changing pointer 8E2200B4 to 8E220284 ($End[DF61DB4])
Changing pointer C6220088 to C6220258 ($End[45F61D88])
Changing pointer C6220090 to C6220260 ($End[45F61D90])
Changing pointer 8E220094 to 8E220264 ($End[DF61D94])
Changing pointer AE220074 to AE220244 ($End[2DF61D74])
Changing pointer C66C0028 to C66C01F8 ($End[46401D28])
Changing pointer C66E0030 to C66E0200 ($End[46421D30])
Changing pointer E6600080 to E6600250 ($End[66341D80])
Changing pointer E66000A0 to E6600270 ($End[66341DA0])
Changing pointer 8E240074 to 8E240244 ($End[DF81D74])
Changing pointer 8E260098 to 8E260268 ($End[DFA1D98])
Changing pointer 8E420000 to 8E4201D0 ($End[E161D00])
Changing pointer AE420000 to AE4201D0 ($End[2E161D00])
Changing pointer 8E620004 to 8E6201D4 ($End[E361D04])
Changing pointer 8C63419C to 8C63436C ($End[C375E9C])
Changing pointer AE620004 to AE6201D4 ($End[2E361D04])
Changing pointer A062007D to A062024D ($End[20361D7D])
Changing pointer A2820000 to A28201D0 ($End[22561D00])
Changing pointer A2820003 to A28201D3 ($End[22561D03])
Changing pointer 8E220070 to 8E220240 ($End[DF61D70])
Changing pointer AC20E4D8 to AC20E6A8 ($End[2BF501D8])
Changing pointer AE220070 to AE220240 ($End[2DF61D70])
Changing pointer 8E220074 to 8E220244 ($End[DF61D74])
Changing pointer AE220074 to AE220244 ($End[2DF61D74])
Changing pointer 8E2200B4 to 8E220284 ($End[DF61DB4])
Changing pointer 8FBF0024 to 8FBF01F4 ($End[F931D24])
Changing pointer 8FB40020 to 8FB401F0 ($End[F881D20])
Changing pointer 8FB3001C to 8FB301EC ($End[F871D1C])
Changing pointer 8FB20018 to 8FB201E8 ($End[F861D18])
Changing pointer 8FB10014 to 8FB101E4 ($End[F851D14])
Changing pointer 8FB00010 to 8FB001E0 ($End[F841D10])
Changing pointer AFBF0010 to AFBF01E0 ($End[2F931D10])
Changing pointer C4420054 to C4420224 ($End[44161D54])
Changing pointer C440005C to C440022C ($End[44141D5C])
Changing pointer C4400058 to C4400228 ($End[44141D58])
Changing pointer 8FBF0010 to 8FBF01E0 ($End[F931D10])
Changing pointer 8042EBB0 to 8042ED80 ($End[1708B0])
Changing pointer AFBF0024 to AFBF01F4 ($End[2F931D24])
Changing pointer AFB40020 to AFB401F0 ($End[2F881D20])
Changing pointer AFB3001C to AFB301EC ($End[2F871D1C])
Changing pointer AFB20018 to AFB201E8 ($End[2F861D18])
Changing pointer AFB10014 to AFB101E4 ($End[2F851D14])
Changing pointer AFB00010 to AFB001E0 ($End[2F841D10])
Changing pointer F7B60030 to F7B60200 ($End[778A1D30])
Changing pointer F7B40028 to F7B401F8 ($End[77881D28])
Changing pointer 8C427B30 to 8C427D00 ($End[C169830])
Changing pointer C44200A8 to C4420278 ($End[44161DA8])
Changing pointer 8C4200A4 to 8C420274 ($End[C161DA4])
Changing pointer 8C4200A4 to 8C420274 ($End[C161DA4])
Changing pointer C454006C to C454023C ($End[44281D6C])
Changing pointer 8E340000 to 8E3401D0 ($End[E081D00])
Changing pointer C68000A8 to C6800278 ($End[46541DA8])
Changing pointer 8E120000 to 8E1201D0 ($End[DE61D00])
Changing pointer 8E330000 to 8E3301D0 ($End[E071D00])
Changing pointer 866200B2 to 86620282 ($End[6361DB2])
Changing pointer C6820028 to C68201F8 ($End[46561D28])
Changing pointer E6420038 to E6420208 ($End[66161D38])
Changing pointer 8E120000 to 8E1201D0 ($End[DE61D00])
Changing pointer 8E230000 to 8E2301D0 ($End[DF71D00])
Changing pointer 846200B2 to 84620282 ($End[4361DB2])
Changing pointer C6620030 to C6620200 ($End[46361D30])
Changing pointer E6420040 to E6420210 ($End[66161D40])
Changing pointer 8E020000 to 8E0201D0 ($End[DD61D00])
Changing pointer C4600080 to C4600250 ($End[44341D80])
Changing pointer E440000C to E44001DC ($End[64141D0C])
Changing pointer C460002C to C46001FC ($End[44341D2C])
Changing pointer E440003C to E440020C ($End[64141D3C])
Changing pointer 8FBF0024 to 8FBF01F4 ($End[F931D24])
Changing pointer 8FB40020 to 8FB401F0 ($End[F881D20])
Changing pointer 8FB3001C to 8FB301EC ($End[F871D1C])
Changing pointer 8FB20018 to 8FB201E8 ($End[F861D18])
Changing pointer 8FB10014 to 8FB101E4 ($End[F851D14])
Changing pointer 8FB00010 to 8FB001E0 ($End[F841D10])
Changing pointer D7B60030 to D7B60200 ($End[578A1D30])
Changing pointer D7B40028 to D7B401F8 ($End[57881D28])
Changing pointer 802BE318 to 802BE4E8 ($End[18])
Changing pointer 9999999A to 99999B6A ($End[196DB69A])
Patching partner 06 Sushie
Patching partner 07 Lakilester
Patching partner 08 Bow
Patching partner 09 Goombaria
Reading patch file: world/partner/patch/09 Goombaria.wpat
Reading patch for $Function_802BD114
Reading patch for $Function_802BD14C
Reading patch for $Function_802BD1B4
Reading patch for $Script_TakeOut
Reading patch for $Script_UseAbility
Reading patch for $Script_Update
Reading patch for $Script_PutAway
Reading patch for $Function_Init
Reading patch for $Function_802BD14C
Creating struct: $Function_MoveReset
Creating struct: $???_ResetByte
Creating struct: $???_PointerDestination
Reading patch for $Function_802BD1AC
Creating struct: $Function_TestEnemyCollision
Creating struct: $MagicPosition
Creating struct: $MagicRadius
Creating struct: $IsCasting
Creating struct: $ControlDisabled
Creating struct: $EffectPointer
Creating struct: $Function_BeforeBattle
Merged 9 regions to 7
$Function_802BD1AC will be placed at 802BD254 (length = 414 bytes)
$Function_TestEnemyCollision will be placed at 802BD668 (length = 1F8 bytes)
$Function_BeforeBattle will be placed at 802BD860 (length = D4 bytes)
$Function_MoveReset will be placed at 802BD100 (length = 44 bytes)
$Function_802BD114 will be placed at 802BD934 (length = 40 bytes)
$Function_Init will be placed at 802BD974 (length = 20 bytes)
$MagicPosition will be placed at 802BD200 (length = C bytes)
$MagicRadius will be placed at 802BD220 (length = 8 bytes)
$ControlDisabled will be placed at 802BD1EC (length = 4 bytes)
$IsCasting will be placed at 802BD1AC (length = 4 bytes)
$???_ResetByte will be placed at 802BD238 (length = 4 bytes)
$EffectPointer will be placed at 802BD144 (length = 4 bytes)
$???_PointerDestination will be placed at 802BD994 (length = 4 bytes)
Changing pointer A48200A8 to A48207E8 ($End[24562E48])
Changing pointer A48200A6 to A48207E6 ($End[24562E46])
Changing pointer AFBF0014 to AFBF0754 ($End[2F932DB4])
Changing pointer AFB00010 to AFB00750 ($End[2F842DB0])
Changing pointer 8C90014C to 8C90088C ($End[C642EEC])
Changing pointer 8FBF0014 to 8FBF0754 ($End[F932DB4])
Changing pointer 8FB00010 to 8FB00750 ($End[F842DB0])
Changing pointer AFB10014 to AFB10754 ($End[2F852DB4])
Changing pointer AFBF0018 to AFBF0758 ($End[2F932DB8])
Changing pointer AFB00010 to AFB00750 ($End[2F842DB0])
Changing pointer 8C90014C to 8C90088C ($End[C642EEC])
Changing pointer 8E22031C to 8E220A5C ($End[DF630BC])
Changing pointer AE22031C to AE220A5C ($End[2DF630BC])
Changing pointer 8FBF0018 to 8FBF0758 ($End[F932DB8])
Changing pointer 8FB10014 to 8FB10754 ($End[F852DB4])
Changing pointer 8FB00010 to 8FB00750 ($End[F842DB0])
Changing pointer AFBF0014 to AFBF0754 ($End[2F932DB4])
Changing pointer AFB00010 to AFB00750 ($End[2F842DB0])
Changing pointer 8C90014C to 8C90088C ($End[C642EEC])
Changing pointer 8FBF0014 to 8FBF0754 ($End[F932DB4])
Changing pointer 8FB00010 to 8FB00750 ($End[F842DB0])
Changing pointer 802BD114 to 802BD934 ($Function_802BD114[0])
Changing pointer 802BD1AC to 802BD254 ($Function_802BD1AC[0])
Patching partner 0A Twink
Writing direct ROM patches...
Boot code written from 0x02877C00 to 0x02877F6C
Writing hook for 66D0 to 804310E0
Writing hook for DBC38 to 804311A0
Writing hook for DBAE0 to 804311E0
Writing hook for 6554 to 804312C0
Writing hook for 6774 to 80431440
Writing hook for DBB50 to 80431510
Writing hook for DBBBC to 804315F0
Writing hook for DBA88 to 80431680
Writing hook for DBC20 to 804316E0
Writing hook for E84E4 to 80431750
Writing hook for E7EA8 to 80431770
Writing hook for EC700 to 80431790
Writing hook for ED204 to 80431840
Writing hook for E8A08 to 80432110
Writing hook for E82C8 to 804322B0
Writing hook for ECDAC to 804322D0
Writing hook for ECFCC to 80432390
Writing hook for E809C to 80432440
Writing hook for 831F8 to 80432740
Writing hook for 9124 to 80432DB0
Writing hook for 1AE78 to 80432DE0
Writing hook for 16FBB0 to 80432EC0
Writing hook for 82758 to 80433290
Writing hook for 19C9C to 80444310
Writing hook for 4E090 to 80444C30
Writing hook for 1AE700 to 80444C70
Writing hook for 1CD9C to 80445150
Writing hook for 35BF0 to 80445E80
Writing hook for 1A2B98 to 80450A30
Writing hook for 1AB620 to 80450A60
Writing hook for EBE04 to 80451D20
Writing hook for ED4A8 to 80451D40
Writing hook for ED428 to 80451D60
Writing hook for EB738 to 80451D90
Writing hook for ED2BC to 80451DC0
Writing hook for E7B34 to 80451DE0
Writing hook for ED3B0 to 80451E00
Writing hook for ED338 to 80451E30
Writing hook for EB644 to 80451E50
Writing hook for 1986F0 to 80451E80
Writing hook for 4E018 to 80451EB0
Writing hook for 102070 to 80451EE0
Writing hook for 168084 to 80451EF0
Writing hook for 192038 to 804561D0
Writing hook for 191E0C to 804561F0
Writing hook for BDE28 to 80456210
Writing hook for 7A34 to 80456270
Writing hook for 1A6308 to 80456530
Writing hook for 22AD0 to 8045ABB0
Writing hook for 17229C to 8045B3F0
Writing hook for 18C528 to 8045DC10
Writing hook for 19E8F0 to 8045E030
Writing hook for 18BAB4 to 8045E0A0
Writing hook for 19ED90 to 8045E690
Writing hook for 41B2E8 to 8045E870
Writing hook for 80D44 to 8045E920
Writing hook for 41B240 to 8045EA40
Writing hook for 82760 to 8045F090
Writing hook for 419DE4 to 8045F770
Writing hook for 4197E4 to 8045F780
Writing hook for 417A14 to 8045F830
Writing hook for FFFCC to 8045F8E0
Writing hook for 8A9E8 to 8045FA00
Writing hook for 419E18 to 8045FA20
Writing hook for 418678 to 8045FA30
Writing hook for 41863C to 8045FA50
Writing hook for 8DAF8 to 8045FA70
Writing hook for 8A860 to 8045FB20
Writing hook for 109388 to 8045FB40
Writing hook for CBAEC to 8045FBF0
Writing hook for 24080 to 8045FC20
Writing hook for 1AB50 to 8045FCF0
Writing hook for 240A8 to 8045FD30
Writing hook for CB914 to 8045FD70
Writing hook for 23D00 to 8045FDA0
Writing hook for 24000 to 8045FDD0
Writing hook for 795FC to 8045FE80
Writing hook for AC6A8 to 8045FEA0
Writing hook for 41AB48 to 80464750
Writing hook for 196814 to 80464800
Writing hook for 41B0E4 to 80464930
Writing hook for 174D74 to 80464A40
Writing hook for 175B1C to 80464A70
Writing hook for 3255D0 to 80465B00
Writing hook for 3255B8 to 80465B70
Writing hook for 1AF270 to 80465CF0
Writing hook for 174E9C to 80465EE0
Writing hook for 1AD290 to 80465F40
Writing hook for 4186CC to 80465FA0
Writing hook for 419124 to 80466190
Writing hook for 41B6F0 to 80466240
Writing hook for 237BC to 804665A0
Writing hook for 192F98 to 80466630
Writing hook for 41D95C to 804666A0
Writing hook for 17111C to 804669F0
Writing hook for 193704 to 80466A20
Writing hook for 1726E8 to 80466A40
Writing hook for 1A0828 to 80466AA0
Writing hook for 417E2C to 80466B00
Writing hook for 191EF0 to 80466C20
Writing hook for 192374 to 80466E20
Writing hook for 1A60F0 to 80466EB0
Writing hook for 191F38 to 80466F20
Writing hook for 41C1D0 to 80467070
Writing hook for 7F76C to 80467370
Writing hook for 41862C to 80467420
Writing hook for 41B2A8 to 804674D0
Writing hook for 176B14 to 80467680
Writing hook for 1A09D0 to 80467A80
Writing hook for 417E1C to 80467BF0
Writing hook for 190388 to 80467CC0
Writing hook for 418DA0 to 80467D00
Writing hook for 418D4C to 80467DC0
Writing hook for 192168 to 80467E70
Writing hook for 1A0974 to 80467F90
Writing hook for 41861C to 80468790
Writing hook for 19251C to 80468840
Writing hook for 41B1B8 to 80468980
Writing hook for 1A5C88 to 80468D40
Writing hook for 41C8A4 to 80468D70
Writing hook for 19231C to 80468DE0
Writing hook for 41865C to 80468FE0
Writing hook for 19211C to 80469090
Writing hook for 418E60 to 804692D0
Writing hook for 16FDA0 to 804693B0
Writing hook for 1C938 to 80469520
Writing hook for 1AD5D8 to 80469570
Writing hook for 1A0848 to 804695F0
Writing hook for 4186DC to 80469650
Writing hook for 1A0968 to 80469700
Writing hook for 418D3C to 804699E0
Writing hook for 193F7C to 80469A90
Writing hook for 419134 to 80469AB0
Writing hook for 418D8C to 80469B60
Writing hook for 194AB8 to 80469C10
Writing hook for 19250C to 80469C90
Writing hook for 418EBC to 80469EB0
Writing hook for 41864C to 80469F30
Writing hook for 41C160 to 80469FE0
Writing hook for 1AB310 to 8046A170
Writing hook for 174DEC to 8046A1E0
Writing hook for 418DDC to 8046A250
Writing hook for 175C64 to 8046A470
Writing hook for 193F84 to 8046A5C0
Writing hook for 175BD4 to 8046A5D0
Writing hook for 16EA88 to 8046A6D0
Writing hook for 1A6460 to 8046AA70
Writing hook for 18FAF4 to 8046AA90
Writing hook for 8DF40 to 8046B020
Writing hook for 137B7C to 8046B4A0
Writing hook for 13A728 to 8046B550
Writing hook for 13AC84 to 8046B600
Writing hook for 1AB208 to 8046B640
Writing hook for 13B138 to 8046B680
Writing hook for 13B7E4 to 8046B6B0
Writing hook for 13AF44 to 8046B6D0
Writing hook for 13ACE8 to 8046B700
Writing hook for 13B7BC to 8046B740
Writing hook for 6BA0 to 8046BA60
Writing hook for 8E8B4 to 8046C040
Writing hook for 173550 to 8046C350
Writing hook for 172DC0 to 8046C3D0
Writing hook for 18D37C to 8046C430
Writing hook for 18DD8C to 8046C460
Writing hook for 18D738 to 8046C480
Writing hook for 18DB00 to 8046C4B0
Writing hook for 18DD40 to 8046C4D0
Writing hook for 813BC to 8046C4F0
Writing hook for 8130C to 8046C540
Writing hook for 139034 to 8046C5D0
Writing hook for 81134 to 8046C620
Writing hook for 81E30 to 8046C6A0
Writing hook for 139054 to 8046C780
Writing hook for 139084 to 8046C7C0
Writing hook for 16CC6C to 8046C8A0
Writing hook for 7C3C4 to 8046C910
Writing hook for 192360 to 8046C980
Writing hook for 19208C to 8046CA10
Writing hook for 419304 to 8046CAC0
Writing hook for 191E60 to 8046CC60
Writing hook for 16CB74 to 8046CCC0
Writing hook for 193DE8 to 8046CE40
Writing hook for 16EC18 to 8046CEA0
Writing hook for 1A6134 to 8046CFC0
Writing hook for 16EBC4 to 8046D090
Writing hook for 1ACB7C to 8046D140
Writing hook for 1AD440 to 8046D170
Writing hook for 1A0114 to 8046D380
Writing hook for 1A03DC to 8046D3B0
Writing hook for 1A0474 to 8046D400
Writing hook for 1AC944 to 8046D460
Writing hook for 1ACE80 to 8046D4D0
Writing hook for 1801A0 to 8046D500
Writing hook for 18036C to 8046D510
Writing hook for 1A0CAC to 8046D720
Writing hook for 1ACD00 to 8046D930
Writing hook for 1A02E4 to 8046D940
Writing hook for 1AC9D4 to 8046D960
Writing hook for 1934A0 to 8046DB90
Writing hook for 13F474 to 80471990
Writing hook for CC950 to 80471A00
Writing hook for 80A4C to 80471AA0
Writing hook for CC040 to 80471B70
Writing hook for 80AE0 to 80471C30
Writing hook for 1A0BE0 to 80471D20
Writing hook for 1AD368 to 80471DF0
Writing hook for E26560 to 80471EC0
Writing hook for 7C3CC to 80471F50
Writing hook for 7E159C to 80473290
Writing hook for 7E15EC to 804732D0
Writing hook for E168C to 80473310
Writing hook for 101BFC to 80473360
Writing hook for 10216C to 80473410
Writing hook for 10139C to 804735E0
Writing hook for 106864 to 80473800
Writing hook for 170DB4 to 80473860
Writing hook for 171BB4 to 80473970
Writing hook for 194974 to 80473A60
Writing hook for 4C790 to 80473A80
Writing hook for 171A74 to 80473AB0
Writing hook for 17104C to 80473AE0
Writing hook for 1A00A4 to 80473B30
Writing hook for 1948D0 to 80473B70
Writing hook for 19553C to 80473BE0
Writing hook for 1AAE00 to 80473C70
Writing hook for 1A5AD8 to 80473E30
Writing hook for 1A6654 to 80473E50
Writing hook for 41B2FC to 80473EC0
Writing hook for 41B440 to 80473EF0
Writing hook for 41B398 to 804740C0
Writing hook for 41C350 to 804740F0
Writing hook for 195200 to 80474140
Writing hook for 1A6310 to 80474180
Writing hook for 170E04 to 80475160
Writing hook for 1720D0 to 80475620
Writing hook for 175328 to 80475690
Writing hook for ED94 to 804761C0
Writing hook for 11608 to 80476E30
Writing hook for 7A398 to 80476FC0
Writing hook for 11554 to 80477B10
Writing hook for 163400 to 80477BD0
Version information will be stored at 0x80477FA0
Writing strings...
Writing string section 00 to 1B830C0 (99 strings)
Writing string section 01 to 1B83250 (111 strings)
Writing string section 02 to 1B83410 (288 strings)
Writing string section 03 to 1B83894 (234 strings)
Writing string section 04 to 1B83C40 (148 strings)
Writing string section 05 to 1B83E94 (103 strings)
Writing string section 06 to 1B84034 (212 strings)
Writing string section 07 to 1B84388 (198 strings)
Writing string section 08 to 1B846A4 (75 strings)
Writing string section 09 to 1B847D4 (20 strings)
Writing string section 0A to 1B84828 (113 strings)
Writing string section 0B to 1B849F0 (265 strings)
Writing string section 0C to 1B84E18 (311 strings)
Writing string section 0D to 1B852F8 (245 strings)
Writing string section 0E to 1B856D0 (260 strings)
Writing string section 0F to 1B85AE4 (118 strings)
Writing string section 10 to 1B85CC0 (280 strings)
Writing string section 11 to 1B86124 (223 strings)
Writing string section 12 to 1B864A4 (368 strings)
Writing string section 13 to 1B86A68 (178 strings)
Writing string section 14 to 1B86D34 (409 strings)
Writing string section 15 to 1B8739C (61 strings)
Writing string section 16 to 1B87494 (36 strings)
Writing string section 17 to 1B87528 (26 strings)
Writing string section 18 to 1B87594 (26 strings)
Writing string section 19 to 1B87600 (393 strings)
Writing string section 1A to 1B87C28 (293 strings)
Writing string section 1B to 1B880C0 (38 strings)
Writing string section 1C to 1B8815C (354 strings)
Writing string section 1D to 1B886E8 (436 strings)
Writing string section 1E to 1B88DBC (80 strings)
Writing string section 1F to 1B88F00 (53 strings)
Writing string section 20 to 1B88FD8 (93 strings)
Writing string section 21 to 1B89150 (79 strings)
Writing string section 22 to 1B89290 (322 strings)
Writing string section 23 to 1B8979C (268 strings)
Writing string section 24 to 1B89BD0 (268 strings)
Writing string section 25 to 1B8A004 (268 strings)
Writing string section 26 to 1B8A438 (269 strings)
Writing string section 27 to 1B8A870 (211 strings)
Writing string section 28 to 1B8ABC0 (118 strings)
Writing string section 29 to 1B8AD9C (247 strings)
Writing string section 2A to 1B8B17C (27 strings)
Writing string section 2B to 1B8B1EC (36 strings)
Writing string section 2C to 1B8B280 (64 strings)
Writing string section 2D to 1B8B384 (64 strings)
Writing string section 2E to 1B8B488 (136 strings)
Writing string section 2F to 1B8B6AC (538 strings)
Writing config tables...
Wrote battle section table to 0x288FC10
Wrote move script table to 0x1C2760
Wrote partner script table.
Wrote item script table.
Wrote star powers script table.
Writing sprite shading profiles.
Loaded 107 shading profiles.
Injecting font...
In-game RAM usage: 91B80 bytes (56,92% of available)
Boot process hooked.
Building texture archives...
Building texture archive: arn_tex.txa
Writing texture: arn_berosaidetif
Writing texture: arn_doa2tif
Writing texture: arn_doa3tif
Writing texture: arn_doatif
Writing texture: arn_frametif
Writing texture: arn_grayframetif
Writing texture: arn_haguruma1tif
Writing texture: arn_hane1tif
Writing texture: arn_hari1tif
Writing texture: arn_haritif
Writing texture: arn_hasira1tif
Writing texture: arn_iwa_4tif
Writing texture: arn_jamp1tif
Writing texture: arn_jamp2tif
Writing texture: arn_jimen_edgetif
Writing texture: arn_jimenbtif
Writing texture: arn_jimenctif
Writing texture: arn_kabe10tif
Writing texture: arn_kabe1tif
Writing texture: arn_kabe2tif
Writing texture: arn_kabe6tif
Writing texture: arn_ki5tif
Writing texture: arn_kusatif
Writing texture: arn_mado1tif
Writing texture: arn_mado2tif
Writing texture: arn_renga1tif
Writing texture: arn_star1tif
Writing texture: arn_waku2tif
Writing texture: arn_yane1tif
Writing texture: arn_yane3tif
Writing texture: arn_zassoutif
Writing texture: arn_zimen2tif
Writing texture: arn_zimen4tif
Building texture archive: dgb_tex.txa
Writing texture: dgb_berosaidetif
Writing texture: dgb_ciock3tif
Writing texture: dgb_d_ana04tif
Writing texture: dgb_d_anatif
Writing texture: dgb_d_chear2tif
Writing texture: dgb_doatif
Writing texture: dgb_frametif
Writing texture: dgb_hasira1tif
Writing texture: dgb_hibi1tif
Writing texture: dgb_hibi3tif
Writing texture: dgb_hikaritif
Writing texture: dgb_hokori1tif
Writing texture: dgb_isuasi1tif
Writing texture: dgb_iwa_4tif
Writing texture: dgb_jimen_edgetif
Writing texture: dgb_jimenbtif
Writing texture: dgb_jimenctif
Writing texture: dgb_kabe10tif
Writing texture: dgb_kabe1tif
Writing texture: dgb_kabe2tif
Writing texture: dgb_kabe3tif
Writing texture: dgb_kabe6tif
Writing texture: dgb_katen1tif
Writing texture: dgb_katen3tif
Writing texture: dgb_kazari3tif
Writing texture: dgb_ki5tif
Writing texture: dgb_mado1tif
Writing texture: dgb_mado2tif
Writing texture: dgb_moyou1tif
Writing texture: dgb_moyou2tif
Writing texture: dgb_moyou3tif
Writing texture: dgb_syokudaitif
Writing texture: dgb_tenjo2tif
Writing texture: dgb_tesuri1tif
Writing texture: dgb_tesuri2tif
Writing texture: dgb_tesuri3tif
Writing texture: dgb_togetif
Writing texture: dgb_yuka1tif
Writing texture: dgb_zassoutif
Writing texture: dgb_zyu1tif
Writing texture: dgb_zyu2tif
Building texture archive: dro_tex.txa
Writing texture: dro_berosaidetif
Writing texture: dro_binn2tif
Writing texture: dro_blocktif
Writing texture: dro_d_t_doatif
Writing texture: dro_d_tubo01tif
Writing texture: dro_doa1tif
Writing texture: dro_flower_02tif
Writing texture: dro_frametif
Writing texture: dro_gyuutann2tif
Writing texture: dro_hasira1tif
Writing texture: dro_hata2tif
Writing texture: dro_hon2tif
Writing texture: dro_hon3tif
Writing texture: dro_honetif
Writing texture: dro_kabe_htif
Writing texture: dro_kabe1tif
Writing texture: dro_kannbanntif
Writing texture: dro_kemutif
Writing texture: dro_kinopiotif
Writing texture: dro_kudamonotif
Writing texture: dro_mado6tif
Writing texture: dro_moyou2tif
Writing texture: dro_nuno2tif
Writing texture: dro_nunoyanetif
Writing texture: dro_papyrustif
Writing texture: dro_posuta2tif
Writing texture: dro_posutatif
Writing texture: dro_ranputif
Writing texture: dro_road3tif
Writing texture: dro_sabakureeftif
Writing texture: dro_sakutif
Writing texture: dro_spider_nettif
Writing texture: dro_suna3tif
Writing texture: dro_taru1tif
Writing texture: dro_wall_ftif
Building texture archive: end_tex.txa
Writing texture: end_bg_yamatif
Writing texture: end_castle_atif
Writing texture: end_castle_btif
Writing texture: end_cycadtif
Writing texture: end_ensekitif
Writing texture: end_green_gradetif
Writing texture: end_greentif
Writing texture: end_heiho_neontif
Writing texture: end_hoppetif
Writing texture: end_iwatif
Writing texture: end_kagetif
Writing texture: end_kamitif
Writing texture: end_kawa_atif
Writing texture: end_kino_fbtif
Writing texture: end_kino_fctif
Writing texture: end_kino_fdtif
Writing texture: end_kobock_btif
Writing texture: end_kobock_reeftif
Writing texture: end_kokobock_eyetif
Writing texture: end_kubiwatif
Writing texture: end_kumo_anitif
Writing texture: end_light_aatif
Writing texture: end_light_btif
Writing texture: end_light_dtif
Writing texture: end_light_etif
Writing texture: end_light_ftif
Writing texture: end_light_gtif
Writing texture: end_light_htif
Writing texture: end_light_itif
Writing texture: end_light_jtif
Writing texture: end_light_ltif
Writing texture: end_light_mtif
Writing texture: end_m_backtif
Writing texture: end_mac_britshcuttif
Writing texture: end_mac_britshtreetif
Writing texture: end_mac_fieldtif
Writing texture: end_mariohouse_btif
Writing texture: end_me_btif
Writing texture: end_midori03tif
Writing texture: end_nuno_greentif
Writing texture: end_nunotif
Writing texture: end_pacntif
Writing texture: end_rainbowtif
Writing texture: end_reef_jantif
Writing texture: end_ryusei_gou_btif
Writing texture: end_ryusei_goutif
Writing texture: end_s_roadtif
Writing texture: end_snow_fieldtif
Writing texture: end_starlinetif
Writing texture: end_sutif
Writing texture: end_treetif
Writing texture: end_tumikitif
Writing texture: end_umitif
Writing texture: end_yosflo_1tif
Writing texture: end_yosflo_2tif
Writing texture: end_yoshitif
Writing texture: end_yougantif
Writing texture: end_yuka_block3tif
Writing texture: end_yuka_block4tif
Building texture archive: flo_tex.txa
Writing texture: flo_baraha2tif
Writing texture: flo_barahanatif
Writing texture: flo_barahatif
Writing texture: flo_barakakine7tif
Writing texture: flo_baratulutif
Writing texture: flo_berosaidetif
Writing texture: flo_botantif
Writing texture: flo_chibikumo2tif
Writing texture: flo_chibikumotif
Writing texture: flo_comp03tif
Writing texture: flo_f_achi2tif
Writing texture: flo_f_dokantif
Writing texture: flo_f_hatenatif
Writing texture: flo_f_hikarabi4tif
Writing texture: flo_f_kusa02tif
Writing texture: flo_f_kusatif
Writing texture: flo_f_saku5tif
Writing texture: flo_f_sitakusatif
Writing texture: flo_f_yane02tif
Writing texture: flo_flo_hanatif
Writing texture: flo_flo_kusa1tif
Writing texture: flo_flo_kusa2tif
Writing texture: flo_flo_renga2tif
Writing texture: flo_flo_roadtif
Writing texture: flo_flo_top2tif
Writing texture: flo_flower_dtif
Writing texture: flo_flower_edge4tif
Writing texture: flo_flower_field3tif
Writing texture: flo_flower_top3tif
Writing texture: flo_frametif
Writing texture: flo_hanatabatif
Writing texture: flo_happa2tif
Writing texture: flo_happa3tif
Writing texture: flo_happa4tif
Writing texture: flo_hasiratif
Writing texture: flo_hunsuitif
Writing texture: flo_ibaratif
Writing texture: flo_jack3tif
Writing texture: flo_jack4tif
Writing texture: flo_ki_atif
Writing texture: flo_kinoha5tif
Writing texture: flo_kinoha6tif
Writing texture: flo_kinoha7tif
Writing texture: flo_kinoita3tif
Writing texture: flo_kinoitatif
Writing texture: flo_kirikabutif
Writing texture: flo_kuki6tif
Writing texture: flo_kumo2tif
Writing texture: flo_kumokumo2tif
Writing texture: flo_kumokumotif
Writing texture: flo_kumonokage2tif
Writing texture: flo_kumonoue11tif
Writing texture: flo_kumonoue12tif
Writing texture: flo_kumonoue15tif
Writing texture: flo_kumonoue18tif
Writing texture: flo_kumonoue21tif
Writing texture: flo_kumonoue22tif
Writing texture: flo_kumonoue23tif
Writing texture: flo_kumotif
Writing texture: flo_kuristalu2tif
Writing texture: flo_kuristalutif
Writing texture: flo_marutakuntif
Writing texture: flo_mizu_kabetif
Writing texture: flo_moguraana2tif
Writing texture: flo_mon2tif
Writing texture: flo_mon3tif
Writing texture: flo_naminami4tif
Writing texture: flo_niji2tif
Writing texture: flo_niji3tif
Writing texture: flo_oldtree_metif
Writing texture: flo_oldtree_reef3tif
Writing texture: flo_panji02tif
Writing texture: flo_panjitif
Writing texture: flo_renga3tif
Writing texture: flo_renga4tif
Writing texture: flo_rengatif
Writing texture: flo_ryuusuitif
Writing texture: flo_shabon4tif
Writing texture: flo_shabon6tif
Writing texture: flo_shabonnhanatif
Writing texture: flo_sirohana2tif
Writing texture: flo_sirohanatif
Writing texture: flo_tetugousitif
Writing texture: flo_tobiratif
Writing texture: flo_tutitif
Writing texture: flo_watertif
Writing texture: flo_yabu2tif
Writing texture: kmr_green_ctif
Writing texture: kmr_layer_c2tif
Building texture archive: gv__tex.txa
Writing texture: gv__atif
Writing texture: gv__entif
Writing texture: gv__etif
Writing texture: gv__gtif
Writing texture: gv__mtif
Writing texture: gv__otif
Writing texture: gv__rtif
Writing texture: gv__vtif
Building texture archive: hos_tex.txa
Writing texture: hos_akaritif
Writing texture: hos_berosaidetif
Writing texture: hos_demo_backtif
Writing texture: hos_demo_star_btif
Writing texture: hos_flower_02tif
Writing texture: hos_frametif
Writing texture: hos_fx_cartaintif
Writing texture: hos_grayframetif
Writing texture: hos_h_bed2tif
Writing texture: hos_h_ha2tif
Writing texture: hos_h_ha6tif
Writing texture: hos_h_hana_02tif
Writing texture: hos_h_hatif
Writing texture: hos_h_hosikabetif
Writing texture: hos_h_hutontif
Writing texture: hos_h_jimentif
Writing texture: hos_h_kabe3tif
Writing texture: hos_h_kabe5tif
Writing texture: hos_h_kabe6tif
Writing texture: hos_h_karpettif
Writing texture: hos_h_kitif
Writing texture: hos_h_kusa02tif
Writing texture: hos_h_mado2tif
Writing texture: hos_h_madotif
Writing texture: hos_h_renga3tif
Writing texture: hos_h_renga4tif
Writing texture: hos_h_sakutif
Writing texture: hos_h_sinden2tif
Writing texture: hos_h_sinden7tif
Writing texture: hos_h_star_02tif
Writing texture: hos_h_tobira2tif
Writing texture: hos_h_tobira3tif
Writing texture: hos_h_tobira4tif
Writing texture: hos_h_yane2tif
Writing texture: hos_hasiratif
Writing texture: hos_hikaritif
Writing texture: hos_hos_jimentif
Writing texture: hos_hos_kumotif
Writing texture: hos_hos9dentif
Writing texture: hos_hutikusatif
Writing texture: hos_iwa_big_demotif
Writing texture: hos_jimen2tif
Writing texture: hos_jimtif
Writing texture: hos_kabe_blocktif
Writing texture: hos_kabe2tif
Writing texture: hos_kabe3tif
Writing texture: hos_kazaritif
Writing texture: hos_kinopiotif
Writing texture: hos_kirakiratif
Writing texture: hos_kousokutif
Writing texture: hos_kumo2tif
Writing texture: hos_kumo3tif
Writing texture: hos_kumo4tif
Writing texture: hos_kumo5tif
Writing texture: hos_kumo6tif
Writing texture: hos_kumo7tif
Writing texture: hos_kusa5tif
Writing texture: hos_kusshontif
Writing texture: hos_linestartif
Writing texture: hos_mac_edgetif
Writing texture: hos_mokume2tif
Writing texture: hos_mokume3tif
Writing texture: hos_mon2tif
Writing texture: hos_moontif
Writing texture: hos_mtif
Writing texture: hos_naminami3tif
Writing texture: hos_ochi_mariotif
Writing texture: hos_piramitif
Writing texture: hos_rainbow_btif
Writing texture: hos_rainbowtif
Writing texture: hos_renga2tif
Writing texture: hos_rengamiti03tif
Writing texture: hos_rengatif
Writing texture: hos_ryusei_gou_btif
Writing texture: hos_ryusei_goutif
Writing texture: hos_ryuseitif
Writing texture: hos_shirokabetif
Writing texture: hos_shiroyanetif
Writing texture: hos_sirokurotif
Writing texture: hos_star_door_demotif
Writing texture: hos_stargate_ctif
Writing texture: hos_stargate_etif
Writing texture: hos_stargatetif
Writing texture: hos_sterlighttif
Writing texture: hos_t_hei2tif
Writing texture: hos_t_mac_fieldtif
Writing texture: hos_t_mac_house7tif
Writing texture: hos_t_mac_sakutif
Writing texture: hos_tukitif
Writing texture: hos_water_sokotif
Writing texture: hos_water3tif
Writing texture: hos_watertif
Writing texture: hos_yellow_blocktif
Writing texture: hos_yuka6tif
Writing texture: hos_yukatif
Writing texture: kpa_plane_blocktif
Writing texture: mac_mac_sakutif
Writing texture: osr_checktif
Writing texture: sam_pen_snowtif
Writing texture: sam_s_kabetif
Writing texture: x_sirohanatif
Writing texture: x_house8tif
Writing texture: x_t_yuka1tif
Building texture archive: isk_tex.txa
Writing texture: isk_TG2tif
Writing texture: isk_ana_ctif
Writing texture: isk_block_ctif
Writing texture: isk_blocktif
Writing texture: isk_coin_walltif
Writing texture: isk_en_2tif
Writing texture: isk_grayframetif
Writing texture: isk_hatenatif
Writing texture: isk_hekiga12tif
Writing texture: isk_hekiga3tif
Writing texture: isk_hekiga7tif
Writing texture: isk_hekiga8tif
Writing texture: isk_hekiga9tif
Writing texture: isk_hikaritif
Writing texture: isk_hitugi3tif
Writing texture: isk_isk_block02btif
Writing texture: isk_isk_block03btif
Writing texture: isk_isk_block04btif
Writing texture: isk_isk_yuka1tif
Writing texture: isk_kabe_htif
Writing texture: isk_mark2tif
Writing texture: isk_oreme_btif
Writing texture: isk_sabaku_btif
Writing texture: isk_sakutif
Writing texture: isk_sikaku_2tif
Writing texture: isk_suna_4tif
Writing texture: isk_suna3tif
Writing texture: isk_tizu5tif
Writing texture: isk_tizu6tif
Writing texture: isk_wang1tif
Writing texture: isk_wang2tif
Writing texture: isk_wang3tif
Writing texture: isk_yuka_ctif
Building texture archive: iwa_tex.txa
Writing texture: iwa_back_2tif
Writing texture: iwa_berosaidetif
Writing texture: iwa_dropwater_btif
Writing texture: iwa_dropwatertif
Writing texture: iwa_frametif
Writing texture: iwa_g_and_btif
Writing texture: iwa_green_etif
Writing texture: iwa_hanastif
Writing texture: iwa_hapa34tif
Writing texture: iwa_iwa_sakutif
Writing texture: iwa_iwa_togo_atif
Writing texture: iwa_iwa_walltif
Writing texture: iwa_iwa_woodtif
Writing texture: iwa_iwasakutif
Writing texture: iwa_kabe12tif
Writing texture: iwa_kabekusatif
Writing texture: iwa_komonotif
Writing texture: iwa_mac_britshcuttif
Writing texture: iwa_mac_britshtreetif
Writing texture: iwa_mac_clocktif
Writing texture: iwa_mac_edgetif
Writing texture: iwa_mac_fieldtif
Writing texture: iwa_mac_fumikiritif
Writing texture: iwa_mac_house2tif
Writing texture: iwa_mac_kemuritif
Writing texture: iwa_mac_koushitif
Writing texture: iwa_mac_pistontif
Writing texture: iwa_mac_railwaytif
Writing texture: iwa_mac_roof1tif
Writing texture: iwa_mac_sakutif
Writing texture: iwa_mac_senrosakutif
Writing texture: iwa_midori03tif
Writing texture: iwa_nejiwoodtif
Writing texture: iwa_noisetif
Writing texture: iwa_popo_4rtif
Writing texture: iwa_popo_5tif
Writing texture: iwa_reef_ltif
Writing texture: iwa_roadtif
Writing texture: iwa_rock_edge_atif
Writing texture: iwa_rock_edge_stif
Writing texture: iwa_rock_edgetif
Writing texture: iwa_ropetif
Writing texture: iwa_s_road_2tif
Writing texture: iwa_s_road_3tif
Writing texture: iwa_sakutif
Writing texture: iwa_steamtif
Writing texture: iwa_su_1tif
Writing texture: iwa_suberidaitif
Writing texture: iwa_sutif
Writing texture: iwa_syarintif
Writing texture: iwa_t_taki1tif
Writing texture: iwa_temae1tif
Writing texture: iwa_wood_pole_b_btif
Building texture archive: jan_tex.txa
Writing texture: jan_bananahatif
Writing texture: jan_berosaidetif
Writing texture: jan_block_ctif
Writing texture: jan_boaltif
Writing texture: jan_cycad_reeftif
Writing texture: jan_cycadtif
Writing texture: jan_daikinohatif
Writing texture: jan_dekaikitif
Writing texture: jan_flower_02tif
Writing texture: jan_frametif
Writing texture: jan_green_ctif
Writing texture: jan_hana_ftif
Writing texture: jan_hikiato2tif
Writing texture: jan_hoppetif
Writing texture: jan_hunsuitif
Writing texture: jan_iwashitatif
Writing texture: jan_iwatemaetif
Writing texture: jan_iwayukatif
Writing texture: jan_j_isi2tif
Writing texture: jan_j_isitif
Writing texture: jan_j_iwatif
Writing texture: jan_j_kazariha2tif
Writing texture: jan_j_sakutif
Writing texture: jan_j_tuta02tif
Writing texture: jan_j_tuta06tif
Writing texture: jan_j_tutatif
Writing texture: jan_j_tutitif
Writing texture: jan_jan_jimentif
Writing texture: jan_jan_kabemizutif
Writing texture: jan_jan_kabetif
Writing texture: jan_jan_kukitif
Writing texture: jan_jan_marutatif
Writing texture: jan_jan_mizukabetif
Writing texture: jan_jan_reef02tif
Writing texture: jan_jan_reeftif
Writing texture: jan_jan_sigemi_02tif
Writing texture: jan_jan_sigemitif
Writing texture: jan_jan_treetif
Writing texture: jan_janguluhatif
Writing texture: jan_jangulukusa_02tif
Writing texture: jan_jangulukusa4tif
Writing texture: jan_jangulukusatif
Writing texture: jan_jankitif
Writing texture: jan_jb_hasira3tif
Writing texture: jan_jb_isitif
Writing texture: jan_jb_moyou2tif
Writing texture: jan_jb_moyou3tif
Writing texture: jan_kagotif
Writing texture: jan_kanbantif
Writing texture: jan_kassya2tif
Writing texture: jan_kassyatif
Writing texture: jan_kinoha5tif
Writing texture: jan_kinoita3tif
Writing texture: jan_kinoita4tif
Writing texture: jan_kinoitatif
Writing texture: jan_kinokusa2tif
Writing texture: jan_kinokusa6tif
Writing texture: jan_kinokusatif
Writing texture: jan_kinometif
Writing texture: jan_kinopiotif
Writing texture: jan_kokekusatif
Writing texture: jan_kujira_haratif
Writing texture: jan_kusa5tif
Writing texture: jan_kusatif
Writing texture: jan_mac_house6tif
Writing texture: jan_nami2tif
Writing texture: jan_naminami4tif
Writing texture: jan_namitif
Writing texture: jan_qchannosutif
Writing texture: jan_rock_btif
Writing texture: jan_ropetif
Writing texture: jan_sima4tif
Writing texture: jan_sunahama4tif
Writing texture: jan_t_dokankun3tif
Writing texture: jan_t_iwahashitif
Writing texture: jan_t_iwayougantif
Writing texture: jan_t_sizuku1tif
Writing texture: jan_to1_iwakabetif
Writing texture: jan_tree_jantif
Writing texture: jan_tutitutitif
Writing texture: jan_yasiha4tif
Writing texture: jan_yasiki2tif
Writing texture: jan_yasimi2tif
Writing texture: jan_yougantif
Building texture archive: kgr_tex.txa
Writing texture: kgr_binn2tif
Writing texture: kgr_grayframetif
Writing texture: kgr_kinoitatif
Writing texture: kgr_m_honetif
Writing texture: kgr_m_kabe2tif
Writing texture: kgr_m_kabetif
Writing texture: kgr_mac_berotif
Writing texture: kgr_mac_doortif
Writing texture: kgr_mac_house2tif
Writing texture: kgr_water3tif
Building texture archive: kkj_tex.txa
Writing texture: kkj_akaritif
Writing texture: kkj_berosaidetif
Writing texture: kkj_bouquettif
Writing texture: kkj_brcktif
Writing texture: kkj_checktif
Writing texture: kkj_d_kitif
Writing texture: kkj_d_lighttif
Writing texture: kkj_dec_planttif
Writing texture: kkj_donchoutif
Writing texture: kkj_doresu_02tif
Writing texture: kkj_etif
Writing texture: kkj_floor_btif
Writing texture: kkj_goldsakutif
Writing texture: kkj_grayframetif
Writing texture: kkj_hana_ftif
Writing texture: kkj_hanatif
Writing texture: kkj_hikaritif
Writing texture: kkj_hikidasitif
Writing texture: kkj_hon2tif
Writing texture: kkj_hon3tif
Writing texture: kkj_hon4tif
Writing texture: kkj_hontif
Writing texture: kkj_huwahuwa3tif
Writing texture: kkj_i_togetif
Writing texture: kkj_iwatif
Writing texture: kkj_jyuutan2tif
Writing texture: kkj_k_batutif
Writing texture: kkj_k_denki11tif
Writing texture: kkj_k_denki12tif
Writing texture: kkj_k_denki13tif
Writing texture: kkj_k_denki14tif
Writing texture: kkj_k_denki15tif
Writing texture: kkj_k_donchoutif
Writing texture: kkj_k_eggtif
Writing texture: kkj_k_hatenatif
Writing texture: kkj_k_hutontif
Writing texture: kkj_k_itigotif
Writing texture: kkj_k_kabe2tif
Writing texture: kkj_k_kabesitatif
Writing texture: kkj_k_konatif
Writing texture: kkj_k_kumo_02tif
Writing texture: kkj_k_kumotif
Writing texture: kkj_k_marutif
Writing texture: kkj_k_mokumetif
Writing texture: kkj_k_nabe2tif
Writing texture: kkj_k_nagasitif
Writing texture: kkj_k_obuntif
Writing texture: kkj_k_otamatif
Writing texture: kkj_k_pole02tif
Writing texture: kkj_k_senzaitif
Writing texture: kkj_k_star_doortif
Writing texture: kkj_k_teppann2tif
Writing texture: kkj_k_tutitif
Writing texture: kkj_k_walltif
Writing texture: kkj_k_yuka2tif
Writing texture: kkj_k_yuka4tif
Writing texture: kkj_kabe_blocktif
Writing texture: kkj_kabe_edgetif
Writing texture: kkj_kabekazaritif
Writing texture: kkj_kabin3tif
Writing texture: kkj_kabintif
Writing texture: kkj_kagetif
Writing texture: kkj_kagotif
Writing texture: kkj_kazaritif
Writing texture: kkj_kinoita3tif
Writing texture: kkj_kinotif
Writing texture: kkj_kkj_bouquettif
Writing texture: kkj_kkj_chandeliertif
Writing texture: kkj_kkj_kabetif
Writing texture: kkj_kkj_planttif
Writing texture: kkj_kkj_poletif
Writing texture: kkj_kkj_star_doortif
Writing texture: kkj_kkj_wall3tif
Writing texture: kkj_kkj_walltif
Writing texture: kkj_kusshontif
Writing texture: kkj_long_windowtif
Writing texture: kkj_mac_fieldtif
Writing texture: kkj_mac_house7tif
Writing texture: kkj_mac_house8tif
Writing texture: kkj_mado_akaritif
Writing texture: kkj_madotif
Writing texture: kkj_metif
Writing texture: kkj_nunosiwatif
Writing texture: kkj_puropera2tif
Writing texture: kkj_red_carpettif
Writing texture: kkj_relieftif
Writing texture: kkj_ropetif
Writing texture: kkj_rousoku_ftif
Writing texture: kkj_rousoku4tif
Writing texture: kkj_sakutif
Writing texture: kkj_saratif
Writing texture: kkj_shirokabetif
Writing texture: kkj_shiroyanetif
Writing texture: kkj_star_door_bluetif
Writing texture: kkj_sunlighttif
Writing texture: kkj_tesuritif
Writing texture: kkj_tokei_dtif
Writing texture: kkj_tukue2tif
Writing texture: kkj_tukuetif
Writing texture: kkj_wall_etif
Writing texture: kkj_wall_mtif
Writing texture: kkj_yellow_blocktif
Writing texture: kkj_yuka6tif
Building texture archive: kmr_tex.txa
Writing texture: kmr_00_0tif
Writing texture: kmr_00_reef_ltif
Writing texture: kmr_00_reef_mtif
Writing texture: kmr_00a_reef_h2tif
Writing texture: kmr_00b_reef_h2tif
Writing texture: kmr_berandatif
Writing texture: kmr_berosaidetif
Writing texture: kmr_bintif
Writing texture: kmr_block_smalltif
Writing texture: kmr_castle_pointtif
Writing texture: kmr_cha_kinokotif
Writing texture: kmr_dec_planttif
Writing texture: kmr_dokantif
Writing texture: kmr_door_01_btif
Writing texture: kmr_dtif
Writing texture: kmr_etif
Writing texture: kmr_fencetif
Writing texture: kmr_flower_01tif
Writing texture: kmr_frametif
Writing texture: kmr_graytif
Writing texture: kmr_gree_edge1tif
Writing texture: kmr_gree_edgetif
Writing texture: kmr_green_c_roadtif
Writing texture: kmr_green_ctif
Writing texture: kmr_green_edgetif
Writing texture: kmr_green_etif
Writing texture: kmr_green_wtif
Writing texture: kmr_hangatif
Writing texture: kmr_hashi53tif
Writing texture: kmr_heya_2tif
Writing texture: kmr_htif
Writing texture: kmr_in_2tif
Writing texture: kmr_iwashitatif
Writing texture: kmr_iwatemaetif
Writing texture: kmr_iwatif
Writing texture: kmr_iwayukatif
Writing texture: kmr_kanbantif
Writing texture: kmr_kemuritif
Writing texture: kmr_kidayotif
Writing texture: kmr_kinopiotif
Writing texture: kmr_kkg_doortif
Writing texture: kmr_kkg_madotif
Writing texture: kmr_kkg_wall_atif
Writing texture: kmr_kkg_wall_btif
Writing texture: kmr_kkg_wall_ctif
Writing texture: kmr_kkg_yukatif
Writing texture: kmr_kmr_batu01tif
Writing texture: kmr_kmr_green_00c_1tif
Writing texture: kmr_kmr_green_00c_2tif
Writing texture: kmr_kmr_sakutif
Writing texture: kmr_kmr_waku3tif
Writing texture: kmr_krm_gaketif
Writing texture: kmr_kurikinokotif
Writing texture: kmr_layer_c2tif
Writing texture: kmr_layer_ctif
Writing texture: kmr_m_backtif
Writing texture: kmr_m_carpettif
Writing texture: kmr_m_hanatif
Writing texture: kmr_m_hontif
Writing texture: kmr_m_kanban2tif
Writing texture: kmr_m_kanban3tif
Writing texture: kmr_m_mado3tif
Writing texture: kmr_m_madotif
Writing texture: kmr_m_tikatif
Writing texture: kmr_m_turuhatif
Writing texture: kmr_m_turutif
Writing texture: kmr_mac_edgetif
Writing texture: kmr_mac_fieldtif
Writing texture: kmr_mac_house2tif
Writing texture: kmr_mac_house3tif
Writing texture: kmr_mac_house7tif
Writing texture: kmr_mac_roof1tif
Writing texture: kmr_mattif
Writing texture: kmr_nagatif
Writing texture: kmr_nenrintif
Writing texture: kmr_ntif
Writing texture: kmr_reef_00h_itif
Writing texture: kmr_reef_00htif
Writing texture: kmr_reef_htif
Writing texture: kmr_reef_i_kukitif
Writing texture: kmr_reef_itif
Writing texture: kmr_reef_jtif
Writing texture: kmr_reef_ltif
Writing texture: kmr_reef_mtif
Writing texture: kmr_reef_ntif
Writing texture: kmr_reef_ptif
Writing texture: kmr_s_roadberotif
Writing texture: kmr_s_roadtif
Writing texture: kmr_skystartif
Writing texture: kmr_star_objtif
Writing texture: kmr_t_dokankun3tif
Writing texture: kmr_t_iwahashiratif
Writing texture: kmr_t_iwahashitif
Writing texture: kmr_t_iwakabe2tif
Writing texture: kmr_t_iwayougantif
Writing texture: kmr_tatetif
Writing texture: kmr_teritif
Writing texture: kmr_to1_iwakabetif
Writing texture: kmr_ttif
Writing texture: kmr_uso_kinokotif
Writing texture: kmr_windou_frametif
Writing texture: kmr_wood_ctif
Writing texture: kmr_wood_dtif
Writing texture: kmr_wood_floor_ctif
Writing texture: kmr_woody_plate_jtif
Writing texture: kmr_yougantif
Writing texture: kmr_yuka6tif
Building texture archive: kpa_tex.txa
Writing texture: hos_flower_02tif
Writing texture: hos_h_bed2tif
Writing texture: hos_h_kusa02tif
Writing texture: hos_kinopiotif
Writing texture: kpa_akari02tif
Writing texture: kpa_ana_ctif
Writing texture: kpa_backtif
Writing texture: kpa_batu01tif
Writing texture: kpa_berosaidetif
Writing texture: kpa_chandeliertif
Writing texture: kpa_coin3tif
Writing texture: kpa_doa2tif
Writing texture: kpa_edge_atif
Writing texture: kpa_floor_btif
Writing texture: kpa_floor_ctif
Writing texture: kpa_floortif
Writing texture: kpa_grayframetif
Writing texture: kpa_hi_01tif
Writing texture: kpa_hi_01tif_dark
Writing texture: kpa_hitif
Writing texture: kpa_iwa_bigtif
Writing texture: kpa_iwagattaitif
Writing texture: kpa_jimtif
Writing texture: kpa_jutantif
Writing texture: kpa_k_ana02tif
Writing texture: kpa_k_sakutif
Writing texture: kpa_k_taki1tif
Writing texture: kpa_kabe_blocktif
Writing texture: kpa_kabe12btif
Writing texture: kpa_kabe12tif
Writing texture: kpa_kabe17tif
Writing texture: kpa_kabe18tif
Writing texture: kpa_kabe19tif
Writing texture: kpa_kabe4btif
Writing texture: kpa_kabe4tif
Writing texture: kpa_kabe8btif
Writing texture: kpa_kabe8tif
Writing texture: kpa_kinoitatif
Writing texture: kpa_kpa_greentif
Writing texture: kpa_kpa_hako10tif
Writing texture: kpa_kpa_hako6tif
Writing texture: kpa_kpa_madotif
Writing texture: kpa_kpa_yaritif
Writing texture: kpa_kpa_yohane2tif
Writing texture: kpa_kpa_yohane3tif
Writing texture: kpa_kpa5_eyetif
Writing texture: kpa_kpasmoketif
Writing texture: kpa_kumo2tif
Writing texture: kpa_kumotif
Writing texture: kpa_kup_floor1tif
Writing texture: kpa_kup_floor2tif
Writing texture: kpa_kup_floor1tif_negative
Writing texture: kpa_kup_floor2tif_negative
Writing texture: kpa_kup_kumo1tif
Writing texture: kpa_kup_wall1tif
Writing texture: kpa_kup_wall2tif
Writing texture: kpa_kup_wall3tif
Writing texture: kpa_kup_wall4tif
Writing texture: kpa_kup_window1tif
Writing texture: kpa_kuppatif
Writing texture: kpa_kusari_uetif
Writing texture: kpa_kusaritif
Writing texture: kpa_maru01tif
Writing texture: kpa_me_atif
Writing texture: kpa_mtif
Writing texture: kpa_patarntif
Writing texture: kpa_plane_blocktif
Writing texture: kpa_plane_blocktif_negative
Writing texture: kpa_renga_btif
Writing texture: kpa_ryusei_gou_btif
Writing texture: kpa_ryusei_goutif
Writing texture: kpa_shirokabetif
Writing texture: kpa_shiroyanetif
Writing texture: kpa_star_doortif
Writing texture: kpa_sui1tif
Writing texture: kpa_syounyuudou2tif
Writing texture: kpa_syounyuudou4tif
Writing texture: kpa_t_marutif
Writing texture: kpa_tesuri2tif
Writing texture: kpa_to_wall_aatif
Writing texture: kpa_togetif
Writing texture: kpa_trd_kusaritif
Writing texture: kpa_tsubotif
Writing texture: kpa_wall_atif
Writing texture: kpa_wall_btif
Writing texture: kpa_wall_ctif
Writing texture: kpa_wall_dtif
Writing texture: kpa_wall_ftif
Writing texture: kpa_wall_atif_negative
Writing texture: kpa_wall_btif_negative
Writing texture: kpa_wall_ctif_negative
Writing texture: kpa_wall_dtif_negative
Writing texture: kpa_wall_ftif_negative
Writing texture: kpa_water3tif
Writing texture: kpa_windowtif
Writing texture: kpa_yellow_blocktif
Writing texture: kpa_yogan04tif
Writing texture: kpa_yougan05tif
Writing texture: kpa_yuka2tif
Writing texture: kpa_yuka3tif
Writing texture: kpa_yuka5tif
Writing texture: kpa_yukatif
Writing texture: kpa_z_cavetexture
Writing texture: kpa_z_cavetexture2
Writing texture: kpa_z_stalagmite
Writing texture: kpa_z_stalagmite2
Writing texture: kpa_zyou1tif
Writing texture: kpa_zyou2tif
Writing texture: kpa_zyou3tif
Writing texture: omo_tumiki_4_atif
Writing texture: omo_tumiki_4_atif_dark
Writing texture: omo_tumiki_2_1tif
Writing texture: omo_tumiki_3_1_2tif
Writing texture: sam_binn2tif
Writing texture: sam_bintif
Writing texture: sam_hon01tif
Writing texture: sam_hon02tif
Writing texture: sam_hon03tif
Writing texture: sam_hon04tif
Writing texture: sam_hon2tif
Writing texture: sam_hon3tif
Writing texture: sam_hontif
Writing texture: sam_s_doatif
Writing texture: tik_t_dokankun2tif
Writing texture: tik_t_dokankun3tif
Building texture archive: kzn_tex.txa
Writing texture: kzn_boaltif
Writing texture: kzn_bubble_3tif
Writing texture: kzn_bubbletif
Writing texture: kzn_fpack_headtif
Writing texture: kzn_fpack_kuki0tif
Writing texture: kzn_fpack_kuki1tif
Writing texture: kzn_fpack_shokushutif
Writing texture: kzn_goron_togetif
Writing texture: kzn_gorontif
Writing texture: kzn_grayframetif
Writing texture: kzn_hibitif
Writing texture: kzn_iwashitatif
Writing texture: kzn_iwatemae_itif
Writing texture: kzn_iwatemaetif
Writing texture: kzn_iwayukatif
Writing texture: kzn_kassya2tif
Writing texture: kzn_kassyatif
Writing texture: kzn_kemuritif
Writing texture: kzn_kzn_renga1tif
Writing texture: kzn_ropetif
Writing texture: kzn_t_ha_iwahashiratif
Writing texture: kzn_t_iwahashiratif
Writing texture: kzn_t_iwahashitif
Writing texture: kzn_t_iwakabe2_iitif
Writing texture: kzn_t_iwakabe2tif
Writing texture: kzn_t_iwapointtif
Writing texture: kzn_t_iwayougantif
Writing texture: kzn_t1_iwakabetif
Writing texture: kzn_tatetif
Writing texture: kzn_to1_iwakabetif
Writing texture: kzn_yougan05tif
Writing texture: kzn_yougantif
Writing texture: kzn_yuka_btif
Building texture archive: mac_tex.txa
Writing texture: mac_ahotif
Writing texture: mac_berosaidetif
Writing texture: mac_boo_bushtif
Writing texture: mac_bottlestif
Writing texture: mac_club64tif
Writing texture: mac_curtaintif
Writing texture: mac_dec_planttif
Writing texture: mac_decorationtif
Writing texture: mac_dr_curtaintif
Writing texture: mac_dr_yukatif
Writing texture: mac_flokukitif
Writing texture: mac_flotif
Writing texture: mac_flower_02tif
Writing texture: mac_flowertif
Writing texture: mac_frametif
Writing texture: mac_fx_cartaintif
Writing texture: mac_green_etif
Writing texture: mac_hanatif
Writing texture: mac_hontif
Writing texture: mac_hoppetif
Writing texture: mac_kanban_ekitif
Writing texture: mac_kinoitatif
Writing texture: mac_kinoko_town_ustif
Writing texture: mac_kinokodoutif
Writing texture: mac_kinopiotif
Writing texture: mac_kitchentif
Writing texture: mac_kkj_gatetif
Writing texture: mac_komonotif
Writing texture: mac_kujira_haratif
Writing texture: mac_kusa1tif
Writing texture: mac_l_0tif
Writing texture: mac_l_1tif
Writing texture: mac_l_2tif
Writing texture: mac_l_3tif
Writing texture: mac_l_4tif
Writing texture: mac_l_5tif
Writing texture: mac_l_6tif
Writing texture: mac_l_7tif
Writing texture: mac_mac_britshcuttif
Writing texture: mac_mac_britshtreetif
Writing texture: mac_mac_clocktif
Writing texture: mac_mac_doortif
Writing texture: mac_mac_edgetif
Writing texture: mac_mac_fieldtif
Writing texture: mac_mac_fumikiritif
Writing texture: mac_mac_futontif
Writing texture: mac_mac_hashigotif
Writing texture: mac_mac_house2tif
Writing texture: mac_mac_house3tif
Writing texture: mac_mac_house4tif
Writing texture: mac_mac_house5tif
Writing texture: mac_mac_house6tif
Writing texture: mac_mac_house7tif
Writing texture: mac_mac_house8tif
Writing texture: mac_mac_housedertif
Writing texture: mac_mac_jutan_uratif
Writing texture: mac_mac_jutantif
Writing texture: mac_mac_kadantif
Writing texture: mac_mac_kemuritif
Writing texture: mac_mac_koushitif
Writing texture: mac_mac_pistontif
Writing texture: mac_mac_railwaytif
Writing texture: mac_mac_ranma2tif
Writing texture: mac_mac_roof1tif
Writing texture: mac_mac_roofdertif
Writing texture: mac_mac_sakutif
Writing texture: mac_mac_senrosakutif
Writing texture: mac_mac_taremakutif
Writing texture: mac_mac_ukiwatif
Writing texture: mac_mac_waku1tif
Writing texture: mac_mac_waku2tif
Writing texture: mac_mac_waku3tif
Writing texture: mac_mac_waku4tif
Writing texture: mac_mac_window2tif
Writing texture: mac_mac_window3tif
Writing texture: mac_mac_windowtif
Writing texture: mac_mac_woodgstif
Writing texture: mac_mac_woodtif
Writing texture: mac_mac_ytana2tif
Writing texture: mac_mac_ytanatif
Writing texture: mac_macdoortif
Writing texture: mac_mirror2tif
Writing texture: mac_mizutif
Writing texture: mac_newspapertif
Writing texture: mac_papertif
Writing texture: mac_popo_4stif
Writing texture: mac_popo_5tif
Writing texture: mac_post_kanbantif
Writing texture: mac_rakugakitif
Writing texture: mac_relieftif
Writing texture: mac_road_signtif
Writing texture: mac_rock_3btif
Writing texture: mac_s_roadberotif
Writing texture: mac_standtif
Writing texture: mac_syarintif
Writing texture: mac_t_dokankun3tif
Writing texture: mac_tablecrosstif
Writing texture: mac_tanatif
Writing texture: mac_tobiratif
Writing texture: mac_toyboxtif
Writing texture: mac_umisokotif
Writing texture: mac_umitif
Writing texture: mac_wall_mtif
Writing texture: mac_wood_pole_btif
Building texture archive: mgm_tex.txa
Writing texture: mgm_1cointif
Writing texture: mgm_3coinstif
Writing texture: mgm_3timestif
Writing texture: mgm_boardtif
Writing texture: mgm_c1tif
Writing texture: mgm_floortif
Writing texture: mgm_hishitif
Writing texture: mgm_kino_box_btif
Writing texture: mgm_kino_box_gtif
Writing texture: mgm_koopa_cardtif
Writing texture: mgm_peach_cointif
Writing texture: mgm_platetif
Writing texture: mgm_spottif
Writing texture: mgm_star_floortif
Writing texture: mgm_t_dokankun3tif
Building texture archive: mim_tex.txa
Writing texture: mim_bedtif
Writing texture: mim_berosaidetif
Writing texture: mim_danrotif
Writing texture: mim_dark_berotif
Writing texture: mim_dark_bushtif
Writing texture: mim_dark_eye444tif
Writing texture: mim_dark_hana1tif
Writing texture: mim_dark_hana3tif
Writing texture: mim_dark_kinoko2tif
Writing texture: mim_dark_kinokotif
Writing texture: mim_dark_mitikusatif
Writing texture: mim_dark_mouse2tif
Writing texture: mim_dark_mouse3tif
Writing texture: mim_dark_redeyetif
Writing texture: mim_dark_reeftif
Writing texture: mim_dark_roadtif
Writing texture: mim_dark_rocktif
Writing texture: mim_darkgreen2tif
Writing texture: mim_darkwoodtif
Writing texture: mim_doortif
Writing texture: mim_grayframetif
Writing texture: mim_h_greentif
Writing texture: mim_h_kabe2tif
Writing texture: mim_h_kabetif
Writing texture: mim_h_kazaritif
Writing texture: mim_h_sakutif
Writing texture: mim_h_yane1tif
Writing texture: mim_hachinosutif
Writing texture: mim_hanatif
Writing texture: mim_hashira_atif
Writing texture: mim_hashiratif
Writing texture: mim_hilltif
Writing texture: mim_iwa_2tif
Writing texture: mim_kabebe_mtif
Writing texture: mim_kaidan_5tif
Writing texture: mim_kare_edatif
Writing texture: mim_kusa1tif
Writing texture: mim_kusaritif
Writing texture: mim_kusatif
Writing texture: mim_mac_britshcuttif
Writing texture: mim_mac_britshtreetif
Writing texture: mim_mac_edgetif
Writing texture: mim_mac_sakutif
Writing texture: mim_mado_2tif
Writing texture: mim_wood_floor_ctif
Writing texture: mim_yuka_t1tif
Writing texture: mim_yuka_tairu3tif
Writing texture: mim_zimen2tif
Building texture archive: nok_tex.txa
Writing texture: nok_amitif
Writing texture: nok_ana_ctif
Writing texture: nok_back_2tif
Writing texture: nok_berosaidetif
Writing texture: nok_block_ctif
Writing texture: nok_blook2tif
Writing texture: nok_blooktif
Writing texture: nok_dec_planttif
Writing texture: nok_flower_02tif
Writing texture: nok_frametif
Writing texture: nok_g_and_btif
Writing texture: nok_green_etif
Writing texture: nok_hana_btif
Writing texture: nok_hana_ftif
Writing texture: nok_hanastif
Writing texture: nok_hapa34tif
Writing texture: nok_hapatif
Writing texture: nok_hashi33tif
Writing texture: nok_hon2tif
Writing texture: nok_hontif
Writing texture: nok_huton_02tif
Writing texture: nok_itatif
Writing texture: nok_iwa_atif
Writing texture: nok_jimentif
Writing texture: nok_kabe10tif
Writing texture: nok_kabe12_btif
Writing texture: nok_kabe12_wtif
Writing texture: nok_kabe12tif
Writing texture: nok_kabe6tif
Writing texture: nok_kabe8tif
Writing texture: nok_kabegami_3tif
Writing texture: nok_kabegami_ftif
Writing texture: nok_kabekusatif
Writing texture: nok_kabetif
Writing texture: nok_kanban4tif
Writing texture: nok_kanban6tif
Writing texture: nok_kinopiotif
Writing texture: nok_kirakiratif
Writing texture: nok_kishikakutif
Writing texture: nok_kusakusa1tif
Writing texture: nok_kusatif
Writing texture: nok_log_sidetif
Writing texture: nok_mac_fieldtif
Writing texture: nok_mac_house7tif
Writing texture: nok_mac_house8tif
Writing texture: nok_mac_sakutif
Writing texture: nok_mado_9tif
Writing texture: nok_midori03tif
Writing texture: nok_miki4tif
Writing texture: nok_n_yasihatif
Writing texture: nok_n_yasikitif
Writing texture: nok_nagaretif
Writing texture: nok_nok_suimentif
Writing texture: nok_radio2tif
Writing texture: nok_reef_htif
Writing texture: nok_reef_i_kukitif
Writing texture: nok_ren_atif
Writing texture: nok_renga_edgetif
Writing texture: nok_renga10tif
Writing texture: nok_renga12tif
Writing texture: nok_sabaku_btif
Writing texture: nok_sakusakutif
Writing texture: nok_sakusatif
Writing texture: nok_sakutif
Writing texture: nok_simatif
Writing texture: nok_t_dokankun3tif
Writing texture: nok_tana_1tif
Writing texture: nok_tana_3tif
Writing texture: nok_tana_ctif
Writing texture: nok_temae1tif
Writing texture: nok_tesuritif
Writing texture: nok_tizutif
Writing texture: nok_turu_1tif
Writing texture: nok_wall_mtif
Writing texture: nok_water_sokotif
Writing texture: nok_wood_floor_ctif
Writing texture: nok_yuka3tif
Writing texture: nok_yuka6tif
Writing texture: nok_yuka7tif
Writing texture: nok_yukatif
Building texture archive: obk_tex.txa
Writing texture: obk_bedtif
Writing texture: obk_danrotif
Writing texture: obk_denki_3btif
Writing texture: obk_denki_rtif
Writing texture: obk_denki64tif
Writing texture: obk_door_01_btif
Writing texture: obk_door_1tif
Writing texture: obk_doortif
Writing texture: obk_hashira_atif
Writing texture: obk_hashira_u_1tif
Writing texture: obk_hashiratif
Writing texture: obk_hei_1tif
Writing texture: obk_heitif
Writing texture: obk_hi_1_atif
Writing texture: obk_hibitif
Writing texture: obk_hokori1tif
Writing texture: obk_hon2tif
Writing texture: obk_howahowa_mtif
Writing texture: obk_howahowatif
Writing texture: obk_kabe_heyatif
Writing texture: obk_kabebe_12tif
Writing texture: obk_kabebe_mtif
Writing texture: obk_kabebetif
Writing texture: obk_kaidan_01tif
Writing texture: obk_kaidan_3tif
Writing texture: obk_kaidan_5tif
Writing texture: obk_kaidan_6tif
Writing texture: obk_kaidantif
Writing texture: obk_kusari_stif
Writing texture: obk_kusaritif
Writing texture: obk_mado_3tif
Writing texture: obk_mattif
Writing texture: obk_nuno_1tif
Writing texture: obk_nuno_2tif
Writing texture: obk_nuno_3tif
Writing texture: obk_reco2tif
Writing texture: obk_sofatif
Writing texture: obk_sotokabetif
Writing texture: obk_tabul_1tif
Writing texture: obk_tabultif
Writing texture: obk_takitif
Writing texture: obk_tansutif
Writing texture: obk_tere_e_a_2tif
Writing texture: obk_tere_tere_ttif
Writing texture: obk_tere_teretif
Writing texture: obk_tererere_1tif
Writing texture: obk_tererere_2tif
Writing texture: obk_tkomonotif
Writing texture: obk_to_1tif
Writing texture: obk_tokeitif
Writing texture: obk_totif
Writing texture: obk_yuka_mctif
Writing texture: obk_yuka_t1tif
Writing texture: obk_yuka_tairu3tif
Writing texture: obk_yuka_tairutif
Building texture archive: omo_tex.txa
Writing texture: omo_1tif
Writing texture: omo_2tif
Writing texture: omo_3tif
Writing texture: omo_4tif
Writing texture: omo_5tif
Writing texture: omo_a_2tif
Writing texture: omo_amiami2tif
Writing texture: omo_ana_2tif
Writing texture: omo_berosaidetif
Writing texture: omo_c_s2_2_utif
Writing texture: omo_c_s2_2tif
Writing texture: omo_c_s2_3_utif
Writing texture: omo_c_s2_3tif
Writing texture: omo_c_s2_4_utif
Writing texture: omo_c_s2_4tif
Writing texture: omo_c_s2_6_utif
Writing texture: omo_c_s2_6tif
Writing texture: omo_c_s23tif
Writing texture: omo_denkitif
Writing texture: omo_e_1_1tif
Writing texture: omo_e_2tif
Writing texture: omo_e_r2tif
Writing texture: omo_e_rgtif
Writing texture: omo_e_rhtif
Writing texture: omo_e_ritif
Writing texture: omo_e1tif
Writing texture: omo_e2tif
Writing texture: omo_etif
Writing texture: omo_frametif
Writing texture: omo_humitif
Writing texture: omo_i_2tif
Writing texture: omo_jamp2tif
Writing texture: omo_kabe_2tif
Writing texture: omo_kabe2tif
Writing texture: omo_kabetif
Writing texture: omo_kazaritif
Writing texture: omo_kmr_saku2tif
Writing texture: omo_kmr_saku333tif
Writing texture: omo_kmr_sakutif
Writing texture: omo_linetif
Writing texture: omo_m1_atif
Writing texture: omo_m2_atif
Writing texture: omo_m3_atif
Writing texture: omo_m4_atif
Writing texture: omo_m5_atif
Writing texture: omo_m6_atif
Writing texture: omo_mado_2tif
Writing texture: omo_mado_3_1tif
Writing texture: omo_madotif
Writing texture: omo_n_2tif
Writing texture: omo_nezi2tif
Writing texture: omo_nor_1btif
Writing texture: omo_nor_3ctif
Writing texture: omo_nor_nejitif
Writing texture: omo_nor_syarintif
Writing texture: omo_o_2tif
Writing texture: omo_omo_2_3tif
Writing texture: omo_omo_3tif
Writing texture: omo_omo_hibitif
Writing texture: omo_po_2tif
Writing texture: omo_potif
Writing texture: omo_s_2tif
Writing texture: omo_senro_2tif
Writing texture: omo_senrotif
Writing texture: omo_shirotif
Writing texture: omo_shirushi_1tif
Writing texture: omo_shirushi_2tif
Writing texture: omo_shirushi_3tif
Writing texture: omo_shirushi_4tif
Writing texture: omo_shy_atafuta0tif
Writing texture: omo_slot_3_1_2tif
Writing texture: omo_slot_3tif
Writing texture: omo_slot_cointif
Writing texture: omo_slot_miniheitif
Writing texture: omo_slot_startif
Writing texture: omo_slottif
Writing texture: omo_start1tif
Writing texture: omo_t_2tif
Writing texture: omo_tokeitif
Writing texture: omo_tumiki_1tif
Writing texture: omo_tumiki_2_1tif
Writing texture: omo_tumiki_3_1_2tif
Writing texture: omo_tumiki_4_1tif
Writing texture: omo_tumiki_4_atif
Writing texture: omo_tumiki_5_1tif
Writing texture: omo_tumiki_7_1tif
Writing texture: omo_tumiki_8_1tif
Writing texture: omo_wood_floor_ctif
Writing texture: omo_yaji_1tif
Writing texture: omo_yaji1_1tif
Writing texture: omo_yaji1tif
Writing texture: omo_yajiruc_1itif
Writing texture: omo_yajitif
Writing texture: omo_yane_atif
Writing texture: omo_yuka_block3tif
Writing texture: omo_yuka_block4_1tif
Writing texture: omo_yuka_block4tif
Building texture archive: osr_tex.txa
Writing texture: osr_berosaidetif
Writing texture: osr_bloktif
Writing texture: osr_brcktif
Writing texture: osr_checktif
Writing texture: osr_dec_planttif
Writing texture: osr_doa2tif
Writing texture: osr_flagtif
Writing texture: osr_floortif
Writing texture: osr_frametif
Writing texture: osr_funtif
Writing texture: osr_gake_atif
Writing texture: osr_gake_btif
Writing texture: osr_grayframetif
Writing texture: osr_green_etif
Writing texture: osr_hanatif
Writing texture: osr_howahowatif
Writing texture: osr_i_togetif
Writing texture: osr_iwa_bigtif
Writing texture: osr_iwagattaitif
Writing texture: osr_jim2tif
Writing texture: osr_jimentif
Writing texture: osr_jimtif
Writing texture: osr_k_star_doortif
Writing texture: osr_k_walltif
Writing texture: osr_kabe_blocktif
Writing texture: osr_kabe_edgetif
Writing texture: osr_kemuri_anitif
Writing texture: osr_kinotif
Writing texture: osr_kumo3tif
Writing texture: osr_kumotif
Writing texture: osr_kusari_uetif
Writing texture: osr_kusaritif
Writing texture: osr_mac_britshcuttif
Writing texture: osr_mac_britshtreetif
Writing texture: osr_mac_edgetif
Writing texture: osr_mac_field_gakestif
Writing texture: osr_mac_field_gaketif
Writing texture: osr_mac_fieldtif
Writing texture: osr_mac_house6tif
Writing texture: osr_mac_house7tif
Writing texture: osr_mac_house8tif
Writing texture: osr_mac_sakutif
Writing texture: osr_madotif
Writing texture: osr_me_atif
Writing texture: osr_mizutif
Writing texture: osr_mtif
Writing texture: osr_osr_green_2tif
Writing texture: osr_osr_greentif
Writing texture: osr_osr_sakutif
Writing texture: osr_plane_blocktif
Writing texture: osr_renga_btif
Writing texture: osr_ryusei_gou_btif
Writing texture: osr_ryusei_goutif
Writing texture: osr_sakutif
Writing texture: osr_shirokabetif
Writing texture: osr_shiroyanetif
Writing texture: osr_t_hei2tif
Writing texture: osr_t_mac_britshcuttif
Writing texture: osr_t_mac_fieldtif
Writing texture: osr_t_mac_house7tif
Writing texture: osr_t_mac_sakutif
Writing texture: osr_t_marutif
Writing texture: osr_to_toge_atif
Writing texture: osr_to_wall_aatif
Writing texture: osr_togetif
Writing texture: osr_wall_ctif
Writing texture: osr_wall_etif
Writing texture: osr_wall_mtif
Writing texture: osr_yellow_blocktif
Building texture archive: pra_tex.txa
Writing texture: pra_batutif
Writing texture: pra_gabonn_1tif
Writing texture: pra_gabonn_2tif
Writing texture: pra_grayframetif
Writing texture: pra_hansya3tif
Writing texture: pra_hatenatif
Writing texture: pra_ice_dossuntif
Writing texture: pra_odo_iwahashi3tif
Writing texture: pra_odo_iwatif
Writing texture: pra_pen_snow2tif
Writing texture: pra_pen_snowtif
Writing texture: pra_pra_ana_atif
Writing texture: pra_pra_daitif
Writing texture: pra_pra_doortif
Writing texture: pra_pra_field3tif
Writing texture: pra_pra_hari_btif
Writing texture: pra_pra_hashi1_itif
Writing texture: pra_pra_hashi2_atif
Writing texture: pra_pra_hashira_btif
Writing texture: pra_pra_hashira3_btif
Writing texture: pra_pra_hashira5tif
Writing texture: pra_pra_hashiratif
Writing texture: pra_pra_icetif
Writing texture: pra_pra_rennga02tif
Writing texture: pra_pra_tenjou2tif
Writing texture: pra_pra_walltif
Writing texture: pra_pra_zoumetif
Writing texture: pra_pra_zoushitatif
Writing texture: pra_pra_zoutogetif
Writing texture: pra_pra_zouuetif
Writing texture: pra_s_yama1tif
Writing texture: pra_s_yama3tif
Building texture archive: sam_tex.txa
Writing texture: sam_berosaidetif
Writing texture: sam_binn2tif
Writing texture: sam_bintif
Writing texture: sam_dannro02tif
Writing texture: sam_doa1tif
Writing texture: sam_dokankuntif
Writing texture: sam_flower_02tif
Writing texture: sam_frametif
Writing texture: sam_grayframetif
Writing texture: sam_hasira1tif
Writing texture: sam_himo01tif
Writing texture: sam_hon01tif
Writing texture: sam_hon02tif
Writing texture: sam_hon03tif
Writing texture: sam_hon04tif
Writing texture: sam_hon2tif
Writing texture: sam_hon3tif
Writing texture: sam_hontif
Writing texture: sam_ice3tif
Writing texture: sam_kago2tif
Writing texture: sam_kagotif
Writing texture: sam_kakigouri1tif
Writing texture: sam_kakigouri2tif
Writing texture: sam_kami02tif
Writing texture: sam_kami03tif
Writing texture: sam_kazari2tif
Writing texture: sam_keito1tif
Writing texture: sam_ki3tif
Writing texture: sam_kinoitatif
Writing texture: sam_kinopiotif
Writing texture: sam_nabe_atif
Writing texture: sam_nabe_btif
Writing texture: sam_nabe_ctif
Writing texture: sam_nabe_dtif
Writing texture: sam_odo_iwahashi3tif
Writing texture: sam_odo_iwatif
Writing texture: sam_pen_snow2tif
Writing texture: sam_pen_snow3tif
Writing texture: sam_pen_snowtif
Writing texture: sam_ranpu01tif
Writing texture: sam_s_anatif
Writing texture: sam_s_dannro1tif
Writing texture: sam_s_dannro2tif
Writing texture: sam_s_danro3tif
Writing texture: sam_s_danro4tif
Writing texture: sam_s_doa1tif
Writing texture: sam_s_doa2tif
Writing texture: sam_s_doatif
Writing texture: sam_s_futon2tif
Writing texture: sam_s_futon3tif
Writing texture: sam_s_kabe1tif
Writing texture: sam_s_kabe2tif
Writing texture: sam_s_kabe3tif
Writing texture: sam_s_kabetif
Writing texture: sam_s_kazari1tif
Writing texture: sam_s_kemutif
Writing texture: sam_s_kesyou2tif
Writing texture: sam_s_mado1tif
Writing texture: sam_s_mado2tif
Writing texture: sam_s_mafuretif
Writing texture: sam_s_metif
Writing texture: sam_s_road1tif
Writing texture: sam_s_saku3tif
Writing texture: sam_s_sakutif
Writing texture: sam_s_treetif
Writing texture: sam_s_turara2tif
Writing texture: sam_s_zyuutantif
Writing texture: sam_sam_block01tif
Writing texture: sam_star1tif
Writing texture: sam_sui01tif
Writing texture: sam_t_chear2tif
Writing texture: sam_t_cheartif
Writing texture: sam_t_dokankun3tif
Writing texture: sam_t_katen1tif
Writing texture: sam_taru1tif
Writing texture: sam_woody_plate_jtif
Writing texture: sam_yamatif
Writing texture: sam_yane_yukitif
Building texture archive: sbk_tex.txa
Writing texture: sbk_berosaidetif
Writing texture: sbk_blocktif
Writing texture: sbk_coin_walltif
Writing texture: sbk_flower1tif
Writing texture: sbk_flower2tif
Writing texture: sbk_frametif
Writing texture: sbk_gyuutanntif
Writing texture: sbk_ha1tif
Writing texture: sbk_iseki_floortif
Writing texture: sbk_iwa_togo_atif
Writing texture: sbk_iwa_walltif
Writing texture: sbk_iwa_woodtif
Writing texture: sbk_iwa01tif
Writing texture: sbk_iwasakutif
Writing texture: sbk_kabe_htif
Writing texture: sbk_kabe1tif
Writing texture: sbk_kemuritif
Writing texture: sbk_kusa3tif
Writing texture: sbk_miki1tif
Writing texture: sbk_mizu1tif
Writing texture: sbk_moyou2tif
Writing texture: sbk_noisetif
Writing texture: sbk_papyrustif
Writing texture: sbk_ramptif
Writing texture: sbk_rock_edge_atif
Writing texture: sbk_rock_edgetif
Writing texture: sbk_s_road_3tif
Writing texture: sbk_sabakuiwatif
Writing texture: sbk_sabakureeftif
Writing texture: sbk_sabo02tif
Writing texture: sbk_sabo2tif
Writing texture: sbk_sabotif
Writing texture: sbk_sndtif
Writing texture: sbk_suna2tif
Writing texture: sbk_suna3tif
Writing texture: sbk_tenttif
Writing texture: sbk_togetif
Writing texture: sbk_upperlighttif
Writing texture: sbk_wang1tif
Writing texture: sbk_wang2tif
Writing texture: sbk_wang3tif
Writing texture: sbk_woody_plate_dtif
Writing texture: sbk_yuka_ctif
Writing texture: sbk_zimen2tif
Building texture archive: tik_tex.txa
Writing texture: tik_bin_rbr01tif
Writing texture: tik_doa1tif
Writing texture: tik_frozentif
Writing texture: tik_grayframetif
Writing texture: tik_icetif
Writing texture: tik_kan1tif
Writing texture: tik_kinoitatif
Writing texture: tik_mac_doortif
Writing texture: tik_oregl3tif
Writing texture: tik_t_chear2tif
Writing texture: tik_t_cheartif
Writing texture: tik_t_doatif
Writing texture: tik_t_dokankun2tif
Writing texture: tik_t_dokankun3tif
Writing texture: tik_t_ice3tif
Writing texture: tik_t_katen1tif
Writing texture: tik_t_kazari1tif
Writing texture: tik_t_kiri1tif
Writing texture: tik_t_sakutif
Writing texture: tik_t_sizuku1tif
Writing texture: tik_t_taki1tif
Writing texture: tik_t_taki5tif
Writing texture: tik_t_taki6tif
Writing texture: tik_t_taki7tif
Writing texture: tik_t_turara1tif
Writing texture: tik_t_yuka1tif
Writing texture: tik_tn_kabe3tif
Writing texture: tik_togetif
Building texture archive: trd_tex.txa
Writing texture: nok_hapa34tif
Writing texture: nok_kabe12_btif
Writing texture: nok_kabe12_wtif
Writing texture: nok_kabe12tif
Writing texture: nok_miki4tif
Writing texture: trd_ana_ctif
Writing texture: trd_berosaidetif
Writing texture: trd_block_dtif
Writing texture: trd_block_e2ttif
Writing texture: trd_block_etif
Writing texture: trd_doatif
Writing texture: trd_frametif
Writing texture: trd_futa1tif
Writing texture: trd_grayframetif
Writing texture: trd_green_etif
Writing texture: trd_hikaritif
Writing texture: trd_kabe10tif
Writing texture: trd_kabe3tif
Writing texture: trd_kabe5tif
Writing texture: trd_kabe6tif
Writing texture: trd_kabe8tif
Writing texture: trd_kabekusatif
Writing texture: trd_kabetif
Writing texture: trd_kamitif
Writing texture: trd_kawa_atif
Writing texture: trd_kitif
Writing texture: trd_komatif
Writing texture: trd_kubiwatif
Writing texture: trd_kusaritif
Writing texture: trd_mado6tif
Writing texture: trd_mado7tif
Writing texture: trd_me_btif
Writing texture: trd_nuno_ctif
Writing texture: trd_nuno_etif
Writing texture: trd_peachtif
Writing texture: trd_saku2tif
Writing texture: trd_saku3tif
Writing texture: trd_saku4tif
Writing texture: trd_saku5tif
Writing texture: trd_sakutif
Writing texture: trd_sui1tif
Writing texture: trd_t_sui2tif
Writing texture: trd_trd_block2tif
Writing texture: trd_trd_kusaritif
Writing texture: trd_trd_taki1tif
Writing texture: trd_trd_taki2tif
Writing texture: trd_water_sokotif
Writing texture: trd_water3tif
Writing texture: trd_yuka3tif
Writing texture: trd_yuka4tif
Building texture archive: tst_tex.txa
Writing texture: tst_berosaidetif
Writing texture: tst_c_block02rgb
Writing texture: tst_dokantif
Writing texture: tst_flo_kusa1tif
Writing texture: tst_flo_kusa2tif
Writing texture: tst_flo_roadtif
Writing texture: tst_flower_ac4tif
Writing texture: tst_flower_edge3tif
Writing texture: tst_flower_field3tif
Writing texture: tst_flower_top2tif
Writing texture: tst_flower_top3tif
Writing texture: tst_frametif
Writing texture: tst_green_etif
Writing texture: tst_hana_ftif
Writing texture: tst_hanatabatif
Writing texture: tst_happa2tif
Writing texture: tst_hashi33tif
Writing texture: tst_hi_blocktif
Writing texture: tst_ibaratif
Writing texture: tst_ichimatsu1tif
Writing texture: tst_ichimatsu4tif
Writing texture: tst_itatif
Writing texture: tst_kabe12_wtif
Writing texture: tst_kabe12tif
Writing texture: tst_ki_atif
Writing texture: tst_kinoha5tif
Writing texture: tst_kinoita2tif
Writing texture: tst_kirakiratif
Writing texture: tst_kuki3tif
Writing texture: tst_log_sidetif
Writing texture: tst_mac_fieldtif
Writing texture: tst_mario_rtif
Writing texture: tst_miki4tif
Writing texture: tst_mikitif
Writing texture: tst_pra_backtif
Writing texture: tst_pra_field2tif
Writing texture: tst_pra_field4tif
Writing texture: tst_pra_hasgira2tif
Writing texture: tst_pra_hashiratif
Writing texture: tst_pra_icetif
Writing texture: tst_pra_walltif
Writing texture: tst_reef_etif
Writing texture: tst_reef_ktif
Writing texture: tst_renga_edgetif
Writing texture: tst_renga10tif
Writing texture: tst_renga2tif
Writing texture: tst_rengatif
Writing texture: tst_s_roadberotif
Writing texture: tst_s_roadtif
Writing texture: tst_sirohanatif
Writing texture: tst_togetif
Writing texture: tst_water_sokotif
Writing texture: tst_wood_ctif
Writing texture: tst_wood_floor_ctif
Writing texture: tst_wooden_boardtif
Writing texture: tst_woody_plate_btif
Writing texture: tst_woody_plate_itif
Writing texture: tst_yougan_sidetif
Writing texture: tst_yougantif
Writing texture: tst_yuka2tif
Building backgrounds...
Writing map assets...
Writing resource: kmr_00_shape
Writing resource: kmr_00_hit
Writing resource: kmr_02_shape
Writing resource: kmr_02_hit
Writing resource: kmr_03_shape
Writing resource: kmr_03_hit
Writing resource: kmr_04_shape
Writing resource: kmr_04_hit
Writing resource: kmr_05_shape
Writing resource: kmr_05_hit
Writing resource: kmr_06_shape
Writing resource: kmr_06_hit
Writing resource: kmr_07_shape
Writing resource: kmr_07_hit
Writing resource: kmr_09_shape
Writing resource: kmr_09_hit
Writing resource: kmr_10_shape
Writing resource: kmr_10_hit
Writing resource: kmr_11_shape
Writing resource: kmr_11_hit
Writing resource: kmr_12_shape
Writing resource: kmr_12_hit
Writing resource: kmr_20_shape
Writing resource: kmr_20_hit
Writing resource: kmr_30_shape
Writing resource: kmr_30_hit
Writing resource: kmr_bt03_shape
Writing resource: kmr_bt03_hit
Writing resource: kmr_bt04_shape
Writing resource: kmr_bt04_hit
Writing resource: kmr_bt05_shape
Writing resource: kmr_bt05_hit
Writing resource: kmr_bt06_shape
Writing resource: kmr_bt06_hit
Writing resource: machi_shape
Writing resource: machi_hit
Writing resource: mac_00_shape
Writing resource: mac_00_hit
Writing resource: mac_01_shape
Writing resource: mac_01_hit
Writing resource: mac_02_shape
Writing resource: mac_02_hit
Writing resource: mac_03_shape
Writing resource: mac_03_hit
Writing resource: mac_04_shape
Writing resource: mac_04_hit
Writing resource: mac_05_shape
Writing resource: mac_05_hit
Writing resource: mac_06_shape
Writing resource: mac_06_hit
Writing resource: mac_07_shape
Writing resource: mac_07_hit
Writing resource: mac_bt01_shape
Writing resource: mac_bt01_hit
Writing resource: mac_bt02_shape
Writing resource: mac_bt02_hit
Writing resource: mac_b03_shape
Writing resource: mac_b03_hit
Writing resource: tik_01_shape
Writing resource: tik_01_hit
Writing resource: tik_02_shape
Writing resource: tik_02_hit
Writing resource: tik_03_shape
Writing resource: tik_03_hit
Writing resource: tik_04_shape
Writing resource: tik_04_hit
Writing resource: tik_05_shape
Writing resource: tik_05_hit
Writing resource: tik_06_shape
Writing resource: tik_06_hit
Writing resource: tik_07_shape
Writing resource: tik_07_hit
Writing resource: tik_08_shape
Writing resource: tik_08_hit
Writing resource: tik_09_shape
Writing resource: tik_09_hit
Writing resource: tik_10_shape
Writing resource: tik_10_hit
Writing resource: tik_12_shape
Writing resource: tik_12_hit
Writing resource: tik_14_shape
Writing resource: tik_14_hit
Writing resource: tik_15_shape
Writing resource: tik_15_hit
Writing resource: tik_17_shape
Writing resource: tik_17_hit
Writing resource: tik_18_shape
Writing resource: tik_18_hit
Writing resource: tik_19_shape
Writing resource: tik_19_hit
Writing resource: tik_20_shape
Writing resource: tik_20_hit
Writing resource: tik_21_shape
Writing resource: tik_21_hit
Writing resource: tik_22_shape
Writing resource: tik_22_hit
Writing resource: tik_23_shape
Writing resource: tik_23_hit
Writing resource: tik_25_shape
Writing resource: tik_25_hit
Writing resource: tik_26_shape
Writing resource: tik_26_hit
Writing resource: tik_bt01_shape
Writing resource: tik_bt01_hit
Writing resource: tik_bt02_shape
Writing resource: tik_bt02_hit
Writing resource: tik_bt03_shape
Writing resource: tik_bt03_hit
Writing resource: tik_bt04_shape
Writing resource: tik_bt04_hit
Writing resource: tik_bt05_shape
Writing resource: tik_bt05_hit
Writing resource: kgr_01_shape
Writing resource: kgr_01_hit
Writing resource: kgr_02_shape
Writing resource: kgr_02_hit
Writing resource: kgr_bt01_shape
Writing resource: kgr_bt01_hit
Writing resource: kkj_00_shape
Writing resource: kkj_00_hit
Writing resource: kkj_01_shape
Writing resource: kkj_01_hit
Writing resource: kkj_02_shape
Writing resource: kkj_02_hit
Writing resource: kkj_03_shape
Writing resource: kkj_03_hit
Writing resource: kkj_10_shape
Writing resource: kkj_10_hit
Writing resource: kkj_11_shape
Writing resource: kkj_11_hit
Writing resource: kkj_12_shape
Writing resource: kkj_12_hit
Writing resource: kkj_13_shape
Writing resource: kkj_13_hit
Writing resource: kkj_14_shape
Writing resource: kkj_14_hit
Writing resource: kkj_15_shape
Writing resource: kkj_15_hit
Writing resource: kkj_16_shape
Writing resource: kkj_16_hit
Writing resource: kkj_17_shape
Writing resource: kkj_17_hit
Writing resource: kkj_18_shape
Writing resource: kkj_18_hit
Writing resource: kkj_19_shape
Writing resource: kkj_19_hit
Writing resource: kkj_20_shape
Writing resource: kkj_20_hit
Writing resource: kkj_21_shape
Writing resource: kkj_21_hit
Writing resource: kkj_22_shape
Writing resource: kkj_22_hit
Writing resource: kkj_23_shape
Writing resource: kkj_23_hit
Writing resource: kkj_24_shape
Writing resource: kkj_24_hit
Writing resource: kkj_25_shape
Writing resource: kkj_25_hit
Writing resource: kkj_26_shape
Writing resource: kkj_26_hit
Writing resource: kkj_27_shape
Writing resource: kkj_27_hit
Writing resource: kkj_28_shape
Writing resource: kkj_28_hit
Writing resource: kkj_29_shape
Writing resource: kkj_29_hit
Writing resource: kkj_bt01_shape
Writing resource: kkj_bt01_hit
Writing resource: kkj_bt02_shape
Writing resource: kkj_bt02_hit
Writing resource: hos_00_shape
Writing resource: hos_00_hit
Writing resource: hos_01_shape
Writing resource: hos_01_hit
Writing resource: hos_02_shape
Writing resource: hos_02_hit
Writing resource: hos_03_shape
Writing resource: hos_03_hit
Writing resource: hos_04_shape
Writing resource: hos_04_hit
Writing resource: hos_05_shape
Writing resource: hos_05_hit
Writing resource: hos_06_shape
Writing resource: hos_06_hit
Writing resource: hos_10_shape
Writing resource: hos_10_hit
Writing resource: hos_20_shape
Writing resource: hos_20_hit
Writing resource: hos_07_shape
Writing resource: hos_07_hit
Writing resource: hos_08_shape
Writing resource: hos_08_hit
Writing resource: hos_09_shape
Writing resource: hos_09_hit
Writing resource: hos_11_shape
Writing resource: hos_11_hit
Writing resource: hos_12_shape
Writing resource: hos_12_hit
Writing resource: hos_13_shape
Writing resource: hos_13_hit
Writing resource: hos_14_shape
Writing resource: hos_14_hit
Writing resource: hos_bt01_shape
Writing resource: hos_bt01_hit
Writing resource: hos_bt02_shape
Writing resource: hos_bt02_hit
Writing resource: nok_01_shape
Writing resource: nok_01_hit
Writing resource: nok_02_shape
Writing resource: nok_02_hit
Writing resource: nok_03_shape
Writing resource: nok_03_hit
Writing resource: nok_04_shape
Writing resource: nok_04_hit
Writing resource: nok_11_shape
Writing resource: nok_11_hit
Writing resource: nok_12_shape
Writing resource: nok_12_hit
Writing resource: nok_13_shape
Writing resource: nok_13_hit
Writing resource: nok_14_shape
Writing resource: nok_14_hit
Writing resource: nok_15_shape
Writing resource: nok_15_hit
Writing resource: nok_16_shape
Writing resource: nok_16_hit
Writing resource: nok_17_shape
Writing resource: nok_17_hit
Writing resource: nok_bt01_shape
Writing resource: nok_bt01_hit
Writing resource: nok_bt02_shape
Writing resource: nok_bt02_hit
Writing resource: nok_bt03_shape
Writing resource: nok_bt03_hit
Writing resource: nok_bt04_shape
Writing resource: nok_bt04_hit
Writing resource: trd_00_shape
Writing resource: trd_00_hit
Writing resource: trd_01_shape
Writing resource: trd_01_hit
Writing resource: trd_02_shape
Writing resource: trd_02_hit
Writing resource: trd_03_shape
Writing resource: trd_03_hit
Writing resource: trd_04_shape
Writing resource: trd_04_hit
Writing resource: trd_05_shape
Writing resource: trd_05_hit
Writing resource: trd_06_shape
Writing resource: trd_06_hit
Writing resource: trd_07_shape
Writing resource: trd_07_hit
Writing resource: trd_08_shape
Writing resource: trd_08_hit
Writing resource: trd_09_shape
Writing resource: trd_09_hit
Writing resource: trd_10_shape
Writing resource: trd_10_hit
Writing resource: trd_bt00_shape
Writing resource: trd_bt00_hit
Writing resource: trd_bt01_shape
Writing resource: trd_bt01_hit
Writing resource: trd_bt02_shape
Writing resource: trd_bt02_hit
Writing resource: trd_bt03_shape
Writing resource: trd_bt03_hit
Writing resource: trd_bt04_shape
Writing resource: trd_bt04_hit
Writing resource: trd_bt05_shape
Writing resource: trd_bt05_hit
Writing resource: iwa_00_shape
Writing resource: iwa_00_hit
Writing resource: iwa_01_shape
Writing resource: iwa_01_hit
Writing resource: iwa_02_shape
Writing resource: iwa_02_hit
Writing resource: iwa_03_shape
Writing resource: iwa_03_hit
Writing resource: iwa_04_shape
Writing resource: iwa_04_hit
Writing resource: iwa_10_shape
Writing resource: iwa_10_hit
Writing resource: iwa_11_shape
Writing resource: iwa_11_hit
Writing resource: iwa_bt01_shape
Writing resource: iwa_bt01_hit
Writing resource: iwa_bt02_shape
Writing resource: iwa_bt02_hit
Writing resource: dro_01_shape
Writing resource: dro_01_hit
Writing resource: dro_02_shape
Writing resource: dro_02_hit
Writing resource: sbk_00_shape
Writing resource: sbk_00_hit
Writing resource: sbk_01_shape
Writing resource: sbk_01_hit
Writing resource: sbk_02_shape
Writing resource: sbk_02_hit
Writing resource: sbk_03_shape
Writing resource: sbk_03_hit
Writing resource: sbk_04_shape
Writing resource: sbk_04_hit
Writing resource: sbk_05_shape
Writing resource: sbk_05_hit
Writing resource: sbk_06_shape
Writing resource: sbk_06_hit
Writing resource: sbk_10_shape
Writing resource: sbk_10_hit
Writing resource: sbk_11_shape
Writing resource: sbk_11_hit
Writing resource: sbk_12_shape
Writing resource: sbk_12_hit
Writing resource: sbk_13_shape
Writing resource: sbk_13_hit
Writing resource: sbk_14_shape
Writing resource: sbk_14_hit
Writing resource: sbk_15_shape
Writing resource: sbk_15_hit
Writing resource: sbk_16_shape
Writing resource: sbk_16_hit
Writing resource: sbk_20_shape
Writing resource: sbk_20_hit
Writing resource: sbk_21_shape
Writing resource: sbk_21_hit
Writing resource: sbk_22_shape
Writing resource: sbk_22_hit
Writing resource: sbk_23_shape
Writing resource: sbk_23_hit
Writing resource: sbk_24_shape
Writing resource: sbk_24_hit
Writing resource: sbk_25_shape
Writing resource: sbk_25_hit
Writing resource: sbk_26_shape
Writing resource: sbk_26_hit
Writing resource: sbk_30_shape
Writing resource: sbk_30_hit
Writing resource: sbk_31_shape
Writing resource: sbk_31_hit
Writing resource: sbk_32_shape
Writing resource: sbk_32_hit
Writing resource: sbk_33_shape
Writing resource: sbk_33_hit
Writing resource: sbk_34_shape
Writing resource: sbk_34_hit
Writing resource: sbk_35_shape
Writing resource: sbk_35_hit
Writing resource: sbk_36_shape
Writing resource: sbk_36_hit
Writing resource: sbk_40_shape
Writing resource: sbk_40_hit
Writing resource: sbk_41_shape
Writing resource: sbk_41_hit
Writing resource: sbk_42_shape
Writing resource: sbk_42_hit
Writing resource: sbk_43_shape
Writing resource: sbk_43_hit
Writing resource: sbk_44_shape
Writing resource: sbk_44_hit
Writing resource: sbk_45_shape
Writing resource: sbk_45_hit
Writing resource: sbk_46_shape
Writing resource: sbk_46_hit
Writing resource: sbk_50_shape
Writing resource: sbk_50_hit
Writing resource: sbk_51_shape
Writing resource: sbk_51_hit
Writing resource: sbk_52_shape
Writing resource: sbk_52_hit
Writing resource: sbk_53_shape
Writing resource: sbk_53_hit
Writing resource: sbk_54_shape
Writing resource: sbk_54_hit
Writing resource: sbk_55_shape
Writing resource: sbk_55_hit
Writing resource: sbk_56_shape
Writing resource: sbk_56_hit
Writing resource: sbk_60_shape
Writing resource: sbk_60_hit
Writing resource: sbk_61_shape
Writing resource: sbk_61_hit
Writing resource: sbk_62_shape
Writing resource: sbk_62_hit
Writing resource: sbk_63_shape
Writing resource: sbk_63_hit
Writing resource: sbk_64_shape
Writing resource: sbk_64_hit
Writing resource: sbk_65_shape
Writing resource: sbk_65_hit
Writing resource: sbk_66_shape
Writing resource: sbk_66_hit
Writing resource: sbk_99_shape
Writing resource: sbk_99_hit
Writing resource: sbk_bt02_shape
Writing resource: sbk_bt02_hit
Writing resource: isk_01_shape
Writing resource: isk_01_hit
Writing resource: isk_02_shape
Writing resource: isk_02_hit
Writing resource: isk_03_shape
Writing resource: isk_03_hit
Writing resource: isk_04_shape
Writing resource: isk_04_hit
Writing resource: isk_05_shape
Writing resource: isk_05_hit
Writing resource: isk_06_shape
Writing resource: isk_06_hit
Writing resource: isk_07_shape
Writing resource: isk_07_hit
Writing resource: isk_08_shape
Writing resource: isk_08_hit
Writing resource: isk_09_shape
Writing resource: isk_09_hit
Writing resource: isk_10_shape
Writing resource: isk_10_hit
Writing resource: isk_11_shape
Writing resource: isk_11_hit
Writing resource: isk_12_shape
Writing resource: isk_12_hit
Writing resource: isk_13_shape
Writing resource: isk_13_hit
Writing resource: isk_14_shape
Writing resource: isk_14_hit
Writing resource: isk_16_shape
Writing resource: isk_16_hit
Writing resource: isk_18_shape
Writing resource: isk_18_hit
Writing resource: isk_19_shape
Writing resource: isk_19_hit
Writing resource: isk_bt01_shape
Writing resource: isk_bt01_hit
Writing resource: isk_bt02_shape
Writing resource: isk_bt02_hit
Writing resource: isk_bt03_shape
Writing resource: isk_bt03_hit
Writing resource: isk_bt04_shape
Writing resource: isk_bt04_hit
Writing resource: isk_bt05_shape
Writing resource: isk_bt05_hit
Writing resource: isk_bt06_shape
Writing resource: isk_bt06_hit
Writing resource: isk_bt07_shape
Writing resource: isk_bt07_hit
Writing resource: isk_bt08_shape
Writing resource: isk_bt08_hit
Writing resource: mim_01_shape
Writing resource: mim_01_hit
Writing resource: mim_02_shape
Writing resource: mim_02_hit
Writing resource: mim_03_shape
Writing resource: mim_03_hit
Writing resource: mim_04_shape
Writing resource: mim_04_hit
Writing resource: mim_05_shape
Writing resource: mim_05_hit
Writing resource: mim_06_shape
Writing resource: mim_06_hit
Writing resource: mim_07_shape
Writing resource: mim_07_hit
Writing resource: mim_08_shape
Writing resource: mim_08_hit
Writing resource: mim_09_shape
Writing resource: mim_09_hit
Writing resource: mim_10_shape
Writing resource: mim_10_hit
Writing resource: mim_11_shape
Writing resource: mim_11_hit
Writing resource: mim_12_shape
Writing resource: mim_12_hit
Writing resource: mim_bt01_shape
Writing resource: mim_bt01_hit
Writing resource: obk_01_shape
Writing resource: obk_01_hit
Writing resource: obk_02_shape
Writing resource: obk_02_hit
Writing resource: obk_03_shape
Writing resource: obk_03_hit
Writing resource: obk_04_shape
Writing resource: obk_04_hit
Writing resource: obk_05_shape
Writing resource: obk_05_hit
Writing resource: obk_06_shape
Writing resource: obk_06_hit
Writing resource: obk_07_shape
Writing resource: obk_07_hit
Writing resource: obk_08_shape
Writing resource: obk_08_hit
Writing resource: obk_09_shape
Writing resource: obk_09_hit
Writing resource: obk_b01_shape
Writing resource: obk_b01_hit
Writing resource: arn_02_shape
Writing resource: arn_02_hit
Writing resource: arn_03_shape
Writing resource: arn_03_hit
Writing resource: arn_04_shape
Writing resource: arn_04_hit
Writing resource: arn_05_shape
Writing resource: arn_05_hit
Writing resource: arn_07_shape
Writing resource: arn_07_hit
Writing resource: arn_08_shape
Writing resource: arn_08_hit
Writing resource: arn_09_shape
Writing resource: arn_09_hit
Writing resource: arn_10_shape
Writing resource: arn_10_hit
Writing resource: arn_11_shape
Writing resource: arn_11_hit
Writing resource: arn_12_shape
Writing resource: arn_12_hit
Writing resource: arn_13_shape
Writing resource: arn_13_hit
Writing resource: arn_20_shape
Writing resource: arn_20_hit
Writing resource: arn_21_shape
Writing resource: arn_21_hit
Writing resource: arn_22_shape
Writing resource: arn_22_hit
Writing resource: arn_bt01_shape
Writing resource: arn_bt01_hit
Writing resource: arn_bt02_shape
Writing resource: arn_bt02_hit
Writing resource: arn_bt03_shape
Writing resource: arn_bt03_hit
Writing resource: arn_bt04_shape
Writing resource: arn_bt04_hit
Writing resource: arn_bt05_shape
Writing resource: arn_bt05_hit
Writing resource: arn_bt06_shape
Writing resource: arn_bt06_hit
Writing resource: dgb_01_shape
Writing resource: dgb_01_hit
Writing resource: dgb_02_shape
Writing resource: dgb_02_hit
Writing resource: dgb_03_shape
Writing resource: dgb_03_hit
Writing resource: dgb_04_shape
Writing resource: dgb_04_hit
Writing resource: dgb_05_shape
Writing resource: dgb_05_hit
Writing resource: dgb_06_shape
Writing resource: dgb_06_hit
Writing resource: dgb_07_shape
Writing resource: dgb_07_hit
Writing resource: dgb_08_shape
Writing resource: dgb_08_hit
Writing resource: dgb_09_shape
Writing resource: dgb_09_hit
Writing resource: dgb_10_shape
Writing resource: dgb_10_hit
Writing resource: dgb_11_shape
Writing resource: dgb_11_hit
Writing resource: dgb_12_shape
Writing resource: dgb_12_hit
Writing resource: dgb_13_shape
Writing resource: dgb_13_hit
Writing resource: dgb_14_shape
Writing resource: dgb_14_hit
Writing resource: dgb_15_shape
Writing resource: dgb_15_hit
Writing resource: dgb_16_shape
Writing resource: dgb_16_hit
Writing resource: dgb_17_shape
Writing resource: dgb_17_hit
Writing resource: dgb_18_shape
Writing resource: dgb_18_hit
Writing resource: dgb_bt01_shape
Writing resource: dgb_bt01_hit
Writing resource: dgb_bt02_shape
Writing resource: dgb_bt02_hit
Writing resource: dgb_bt03_shape
Writing resource: dgb_bt03_hit
Writing resource: dgb_bt04_shape
Writing resource: dgb_bt04_hit
Writing resource: dgb_bt05_shape
Writing resource: dgb_bt05_hit
Writing resource: omo_01_shape
Writing resource: omo_01_hit
Writing resource: omo_02_shape
Writing resource: omo_02_hit
Writing resource: omo_03_shape
Writing resource: omo_03_hit
Writing resource: omo_04_shape
Writing resource: omo_04_hit
Writing resource: omo_05_shape
Writing resource: omo_05_hit
Writing resource: omo_06_shape
Writing resource: omo_06_hit
Writing resource: omo_07_shape
Writing resource: omo_07_hit
Writing resource: omo_08_shape
Writing resource: omo_08_hit
Writing resource: omo_09_shape
Writing resource: omo_09_hit
Writing resource: omo_10_shape
Writing resource: omo_10_hit
Writing resource: omo_11_shape
Writing resource: omo_11_hit
Writing resource: omo_12_shape
Writing resource: omo_12_hit
Writing resource: omo_13_shape
Writing resource: omo_13_hit
Writing resource: omo_14_shape
Writing resource: omo_14_hit
Writing resource: omo_15_shape
Writing resource: omo_15_hit
Writing resource: omo_16_shape
Writing resource: omo_16_hit
Writing resource: omo_17_shape
Writing resource: omo_17_hit
Writing resource: omo_bt01_shape
Writing resource: omo_bt01_hit
Writing resource: omo_bt02_shape
Writing resource: omo_bt02_hit
Writing resource: omo_bt03_shape
Writing resource: omo_bt03_hit
Writing resource: omo_bt04_shape
Writing resource: omo_bt04_hit
Writing resource: omo_bt05_shape
Writing resource: omo_bt05_hit
Writing resource: omo_bt06_shape
Writing resource: omo_bt06_hit
Writing resource: omo_bt07_shape
Writing resource: omo_bt07_hit
Writing resource: jan_00_shape
Writing resource: jan_00_hit
Writing resource: jan_01_shape
Writing resource: jan_01_hit
Writing resource: jan_02_shape
Writing resource: jan_02_hit
Writing resource: jan_03_shape
Writing resource: jan_03_hit
Writing resource: jan_04_shape
Writing resource: jan_04_hit
Writing resource: jan_05_shape
Writing resource: jan_05_hit
Writing resource: jan_06_shape
Writing resource: jan_06_hit
Writing resource: jan_07_shape
Writing resource: jan_07_hit
Writing resource: jan_08_shape
Writing resource: jan_08_hit
Writing resource: jan_09_shape
Writing resource: jan_09_hit
Writing resource: jan_10_shape
Writing resource: jan_10_hit
Writing resource: jan_11_shape
Writing resource: jan_11_hit
Writing resource: jan_12_shape
Writing resource: jan_12_hit
Writing resource: jan_13_shape
Writing resource: jan_13_hit
Writing resource: jan_14_shape
Writing resource: jan_14_hit
Writing resource: jan_15_shape
Writing resource: jan_15_hit
Writing resource: jan_16_shape
Writing resource: jan_16_hit
Writing resource: jan_17_shape
Writing resource: jan_17_hit
Writing resource: jan_18_shape
Writing resource: jan_18_hit
Writing resource: jan_19_shape
Writing resource: jan_19_hit
Writing resource: jan_22_shape
Writing resource: jan_22_hit
Writing resource: jan_23_shape
Writing resource: jan_23_hit
Writing resource: jan_bt00_shape
Writing resource: jan_bt00_hit
Writing resource: jan_bt01_shape
Writing resource: jan_bt01_hit
Writing resource: jan_bt02_shape
Writing resource: jan_bt02_hit
Writing resource: jan_bt03_shape
Writing resource: jan_bt03_hit
Writing resource: jan_bt04_shape
Writing resource: jan_bt04_hit
Writing resource: kzn_01_shape
Writing resource: kzn_01_hit
Writing resource: kzn_02_shape
Writing resource: kzn_02_hit
Writing resource: kzn_03_shape
Writing resource: kzn_03_hit
Writing resource: kzn_04_shape
Writing resource: kzn_04_hit
Writing resource: kzn_05_shape
Writing resource: kzn_05_hit
Writing resource: kzn_06_shape
Writing resource: kzn_06_hit
Writing resource: kzn_07_shape
Writing resource: kzn_07_hit
Writing resource: kzn_08_shape
Writing resource: kzn_08_hit
Writing resource: kzn_09_shape
Writing resource: kzn_09_hit
Writing resource: kzn_10_shape
Writing resource: kzn_10_hit
Writing resource: kzn_11_shape
Writing resource: kzn_11_hit
Writing resource: kzn_17_shape
Writing resource: kzn_17_hit
Writing resource: kzn_18_shape
Writing resource: kzn_18_hit
Writing resource: kzn_19_shape
Writing resource: kzn_19_hit
Writing resource: kzn_20_shape
Writing resource: kzn_20_hit
Writing resource: kzn_22_shape
Writing resource: kzn_22_hit
Writing resource: kzn_23_shape
Writing resource: kzn_23_hit
Writing resource: kzn_bt01_shape
Writing resource: kzn_bt01_hit
Writing resource: kzn_bt02_shape
Writing resource: kzn_bt02_hit
Writing resource: kzn_bt04_shape
Writing resource: kzn_bt04_hit
Writing resource: kzn_bt05_shape
Writing resource: kzn_bt05_hit
Writing resource: flo_00_shape
Writing resource: flo_00_hit
Writing resource: flo_03_shape
Writing resource: flo_03_hit
Writing resource: flo_07_shape
Writing resource: flo_07_hit
Writing resource: flo_08_shape
Writing resource: flo_08_hit
Writing resource: flo_09_shape
Writing resource: flo_09_hit
Writing resource: flo_10_shape
Writing resource: flo_10_hit
Writing resource: flo_11_shape
Writing resource: flo_11_hit
Writing resource: flo_12_shape
Writing resource: flo_12_hit
Writing resource: flo_13_shape
Writing resource: flo_13_hit
Writing resource: flo_14_shape
Writing resource: flo_14_hit
Writing resource: flo_15_shape
Writing resource: flo_15_hit
Writing resource: flo_16_shape
Writing resource: flo_16_hit
Writing resource: flo_17_shape
Writing resource: flo_17_hit
Writing resource: flo_18_shape
Writing resource: flo_18_hit
Writing resource: flo_19_shape
Writing resource: flo_19_hit
Writing resource: flo_21_shape
Writing resource: flo_21_hit
Writing resource: flo_22_shape
Writing resource: flo_22_hit
Writing resource: flo_23_shape
Writing resource: flo_23_hit
Writing resource: flo_24_shape
Writing resource: flo_24_hit
Writing resource: flo_25_shape
Writing resource: flo_25_hit
Writing resource: flo_26_shape
Writing resource: flo_26_hit
Writing resource: flo_bt01_shape
Writing resource: flo_bt01_hit
Writing resource: flo_bt02_shape
Writing resource: flo_bt02_hit
Writing resource: flo_bt03_shape
Writing resource: flo_bt03_hit
Writing resource: flo_bt04_shape
Writing resource: flo_bt04_hit
Writing resource: flo_bt05_shape
Writing resource: flo_bt05_hit
Writing resource: flo_bt06_shape
Writing resource: flo_bt06_hit
Writing resource: sam_01_shape
Writing resource: sam_01_hit
Writing resource: sam_02_shape
Writing resource: sam_02_hit
Writing resource: sam_03_shape
Writing resource: sam_03_hit
Writing resource: sam_04_shape
Writing resource: sam_04_hit
Writing resource: sam_05_shape
Writing resource: sam_05_hit
Writing resource: sam_06_shape
Writing resource: sam_06_hit
Writing resource: sam_07_shape
Writing resource: sam_07_hit
Writing resource: sam_08_shape
Writing resource: sam_08_hit
Writing resource: sam_09_shape
Writing resource: sam_09_hit
Writing resource: sam_10_shape
Writing resource: sam_10_hit
Writing resource: sam_11_shape
Writing resource: sam_11_hit
Writing resource: sam_12_shape
Writing resource: sam_12_hit
Writing resource: sam_13_shape
Writing resource: sam_13_hit
Writing resource: sam_14_shape
Writing resource: sam_14_hit
Writing resource: sam_15_shape
Writing resource: sam_15_hit
Writing resource: sam_16_shape
Writing resource: sam_16_hit
Writing resource: sam_bt01_shape
Writing resource: sam_bt01_hit
Writing resource: sam_bt02_shape
Writing resource: sam_bt02_hit
Writing resource: sam_bt03_shape
Writing resource: sam_bt03_hit
Writing resource: sam_bt04_shape
Writing resource: sam_bt04_hit
Writing resource: pra_01_shape
Writing resource: pra_01_hit
Writing resource: pra_02_shape
Writing resource: pra_02_hit
Writing resource: pra_03_shape
Writing resource: pra_03_hit
Writing resource: pra_04_shape
Writing resource: pra_04_hit
Writing resource: pra_05_shape
Writing resource: pra_05_hit
Writing resource: pra_09_shape
Writing resource: pra_09_hit
Writing resource: pra_10_shape
Writing resource: pra_10_hit
Writing resource: pra_11_shape
Writing resource: pra_11_hit
Writing resource: pra_13_shape
Writing resource: pra_13_hit
Writing resource: pra_14_shape
Writing resource: pra_14_hit
Writing resource: pra_15_shape
Writing resource: pra_15_hit
Writing resource: pra_16_shape
Writing resource: pra_16_hit
Writing resource: pra_18_shape
Writing resource: pra_18_hit
Writing resource: pra_19_shape
Writing resource: pra_19_hit
Writing resource: pra_20_shape
Writing resource: pra_20_hit
Writing resource: pra_21_shape
Writing resource: pra_21_hit
Writing resource: pra_22_shape
Writing resource: pra_22_hit
Writing resource: pra_29_shape
Writing resource: pra_29_hit
Writing resource: pra_31_shape
Writing resource: pra_31_hit
Writing resource: pra_32_shape
Writing resource: pra_32_hit
Writing resource: pra_33_shape
Writing resource: pra_33_hit
Writing resource: pra_34_shape
Writing resource: pra_34_hit
Writing resource: pra_35_shape
Writing resource: pra_35_hit
Writing resource: pra_40_shape
Writing resource: pra_40_hit
Writing resource: pra_bt01_shape
Writing resource: pra_bt01_hit
Writing resource: pra_bt02_shape
Writing resource: pra_bt02_hit
Writing resource: pra_bt03_shape
Writing resource: pra_bt03_hit
Writing resource: pra_bt04_shape
Writing resource: pra_bt04_hit
Writing resource: kpa_01_shape
Writing resource: kpa_01_hit
Writing resource: kpa_03_shape
Writing resource: kpa_03_hit
Writing resource: kpa_04_shape
Writing resource: kpa_04_hit
Writing resource: kpa_08_shape
Writing resource: kpa_08_hit
Writing resource: kpa_09_shape
Writing resource: kpa_09_hit
Writing resource: kpa_10_shape
Writing resource: kpa_10_hit
Writing resource: kpa_11_shape
Writing resource: kpa_11_hit
Writing resource: kpa_12_shape
Writing resource: kpa_12_hit
Writing resource: kpa_13_shape
Writing resource: kpa_13_hit
Writing resource: kpa_14_shape
Writing resource: kpa_14_hit
Writing resource: kpa_15_shape
Writing resource: kpa_15_hit
Writing resource: kpa_16_shape
Writing resource: kpa_16_hit
Writing resource: kpa_17_shape
Writing resource: kpa_17_hit
Writing resource: kpa_32_shape
Writing resource: kpa_32_hit
Writing resource: kpa_33_shape
Writing resource: kpa_33_hit
Writing resource: kpa_40_shape
Writing resource: kpa_40_hit
Writing resource: kpa_41_shape
Writing resource: kpa_41_hit
Writing resource: kpa_50_shape
Writing resource: kpa_50_hit
Writing resource: kpa_52_shape
Writing resource: kpa_52_hit
Writing resource: kpa_60_shape
Writing resource: kpa_60_hit
Writing resource: kpa_61_shape
Writing resource: kpa_61_hit
Writing resource: kpa_62_shape
Writing resource: kpa_62_hit
Writing resource: kpa_63_shape
Writing resource: kpa_63_hit
Writing resource: kpa_70_shape
Writing resource: kpa_70_hit
Writing resource: kpa_90_shape
Writing resource: kpa_90_hit
Writing resource: kpa_91_shape
Writing resource: kpa_91_hit
Writing resource: kpa_94_shape
Writing resource: kpa_94_hit
Writing resource: kpa_95_shape
Writing resource: kpa_95_hit
Writing resource: kpa_96_shape
Writing resource: kpa_96_hit
Writing resource: kpa_102_shape
Writing resource: kpa_102_hit
Writing resource: kpa_111_shape
Writing resource: kpa_111_hit
Writing resource: kpa_112_shape
Writing resource: kpa_112_hit
Writing resource: kpa_113_shape
Writing resource: kpa_113_hit
Writing resource: kpa_115_shape
Writing resource: kpa_115_hit
Writing resource: kpa_116_shape
Writing resource: kpa_116_hit
Writing resource: kpa_117_shape
Writing resource: kpa_117_hit
Writing resource: kpa_118_shape
Writing resource: kpa_118_hit
Writing resource: kpa_119_shape
Writing resource: kpa_119_hit
Writing resource: kpa_121_shape
Writing resource: kpa_121_hit
Writing resource: kpa_130_shape
Writing resource: kpa_130_hit
Writing resource: kpa_133_shape
Writing resource: kpa_133_hit
Writing resource: kpa_134_shape
Writing resource: kpa_134_hit
Writing resource: kpa_80_shape
Writing resource: kpa_80_hit
Writing resource: kpa_bt01_shape
Writing resource: kpa_bt01_hit
Writing resource: kpa_bt02_shape
Writing resource: kpa_bt02_hit
Writing resource: kpa_bt03_shape
Writing resource: kpa_bt03_hit
Writing resource: kpa_bt04_shape
Writing resource: kpa_bt04_hit
Writing resource: kpa_bt05_shape
Writing resource: kpa_bt05_hit
Writing resource: kpa_bt07_shape
Writing resource: kpa_bt07_hit
Writing resource: kpa_bt08_shape
Writing resource: kpa_bt08_hit
Writing resource: kpa_bt09_shape
Writing resource: kpa_bt09_hit
Writing resource: kpa_bt11_shape
Writing resource: kpa_bt11_hit
Writing resource: kpa_bt13_shape
Writing resource: kpa_bt13_hit
Writing resource: kpa_bt14_shape
Writing resource: kpa_bt14_hit
Writing resource: osr_00_shape
Writing resource: osr_00_hit
Writing resource: osr_01_shape
Writing resource: osr_01_hit
Writing resource: osr_02_shape
Writing resource: osr_02_hit
Writing resource: osr_03_shape
Writing resource: osr_03_hit
Writing resource: end_00_shape
Writing resource: end_00_hit
Writing resource: end_01_shape
Writing resource: end_01_hit
Writing resource: mgm_00_shape
Writing resource: mgm_00_hit
Writing resource: mgm_01_shape
Writing resource: mgm_01_hit
Writing resource: mgm_02_shape
Writing resource: mgm_02_hit
Writing resource: mgm_03_shape
Writing resource: mgm_03_hit
Writing resource: gv_01_shape
Writing resource: gv_01_hit
Writing resource: tst_01_shape
Writing resource: tst_01_hit
Writing resource: tst_02_shape
Writing resource: tst_02_hit
Writing resource: tst_03_shape
Writing resource: tst_03_hit
Writing resource: tst_04_shape
Writing resource: tst_04_hit
Writing resource: tst_10_shape
Writing resource: tst_10_hit
Writing resource: tst_11_shape
Writing resource: tst_11_hit
Writing resource: tst_12_shape
Writing resource: tst_12_hit
Writing resource: tst_13_shape
Writing resource: tst_13_hit
Writing resource: tst_20_shape
Writing resource: tst_20_hit
Writing resource: tst_21_shape
Writing resource: tst_21_hit
Writing resource: tst_22_shape
Writing resource: tst_22_hit
Writing resource: tst_23_shape
Writing resource: tst_23_hit
Writing resource: tst_24_shape
Writing resource: tst_24_hit
Writing resource: tst_25_shape
Writing resource: tst_25_hit
Writing resource: tst_b01_shape
Writing resource: tst_b01_hit
Writing resource: cav_00_shape
Writing resource: cav_00_hit
Writing resource: cav_01_shape
Writing resource: cav_01_hit
Writing resource: cav_02_shape
Writing resource: cav_02_hit
Writing resource: cav_03_shape
Writing resource: cav_03_hit
Writing resource: cav_04_shape
Writing resource: cav_04_hit
Writing resource: cav_05_shape
Writing resource: cav_05_hit
Writing resource: cav_06_shape
Writing resource: cav_06_hit
Writing resource: cav_07_shape
Writing resource: cav_07_hit
Writing resource: cav_08_shape
Writing resource: cav_08_hit
Writing resource: cav_09_shape
Writing resource: cav_09_hit
Writing resource: cav_10_shape
Writing resource: cav_10_hit
Writing resource: cav_11_shape
Writing resource: cav_11_hit
Writing resource: cav_12_shape
Writing resource: cav_12_hit
Writing resource: cav_13_shape
Writing resource: cav_13_hit
Writing resource: cav_14_shape
Writing resource: cav_14_hit
Writing resource: cav_15_shape
Writing resource: cav_15_hit
Writing resource: cav_16_shape
Writing resource: cav_16_hit
Writing resource: cav_17_shape
Writing resource: cav_17_hit
Writing resource: cav_b01_shape
Writing resource: cav_b01_hit
Writing resource: cav_b02_shape
Writing resource: cav_b02_hit
Writing resource: cav_b03_shape
Writing resource: cav_b03_hit
Writing resource: cav_b04_shape
Writing resource: cav_b04_hit
Writing resource: cav_b05_shape
Writing resource: cav_b05_hit
Writing resource: cav_b06_shape
Writing resource: cav_b06_hit
Writing resource: cav_b07_shape
Writing resource: cav_b07_hit
Writing resource: cav_b08_shape
Writing resource: cav_b08_hit
Writing resource: pit_01_shape
Writing resource: pit_01_hit
Writing resource: pit_02_shape
Writing resource: pit_02_hit
Writing resource: pit_03_shape
Writing resource: pit_03_hit
Writing resource: pit_04_shape
Writing resource: pit_04_hit
Writing resource: pit_05_shape
Writing resource: pit_05_hit
Writing resource: pit_06_shape
Writing resource: pit_06_hit
Writing resource: pit_07_shape
Writing resource: pit_07_hit
Writing resource: pit_08_shape
Writing resource: pit_08_hit
Writing resource: pit_09_shape
Writing resource: pit_09_hit
Writing resource: pit_10_shape
Writing resource: pit_10_hit
Writing resource: pit_11_shape
Writing resource: pit_11_hit
Writing resource: pit_12_shape
Writing resource: pit_12_hit
Writing resource: pit_b01_shape
Writing resource: pit_b01_hit
Writing resource: tem_00_shape
Writing resource: tem_00_hit
Writing resource: tem_01_shape
Writing resource: tem_01_hit
Writing resource: tem_02_shape
Writing resource: tem_02_hit
Writing resource: tem_03_shape
Writing resource: tem_03_hit
Writing resource: tem_04_shape
Writing resource: tem_04_hit
Writing resource: tem_05_shape
Writing resource: tem_05_hit
Writing resource: tem_06_shape
Writing resource: tem_06_hit
Writing resource: tem_07_shape
Writing resource: tem_07_hit
Writing resource: tem_08_shape
Writing resource: tem_08_hit
Writing resource: tem_09_shape
Writing resource: tem_09_hit
Writing resource: tem_10_shape
Writing resource: tem_10_hit
Writing resource: tem_11_shape
Writing resource: tem_11_hit
Writing resource: tem_12_shape
Writing resource: tem_12_hit
Writing resource: tem_13_shape
Writing resource: tem_13_hit
Writing resource: tem_14_shape
Writing resource: tem_14_hit
Writing resource: tem_15_shape
Writing resource: tem_15_hit
Writing resource: tem_16_shape
Writing resource: tem_16_hit
Writing resource: tem_17_shape
Writing resource: tem_17_hit
Writing resource: tem_b01_shape
Writing resource: tem_b01_hit
Writing resource: tem_b02_shape
Writing resource: tem_b02_hit
Writing resource: tem_b03_shape
Writing resource: tem_b03_hit
Writing resource: tem_b04_shape
Writing resource: tem_b04_hit
Writing resource: tem_b05_shape
Writing resource: tem_b05_hit
Writing resource: tem_b06_shape
Writing resource: tem_b06_hit
Writing resource: tem_b07_shape
Writing resource: tem_b07_hit
Writing resource: tem_b08_shape
Writing resource: tem_b08_hit
Writing resource: hal_01_shape
Writing resource: hal_01_hit
Writing resource: hal_02_shape
Writing resource: hal_02_hit
Writing resource: hal_00_shape
Writing resource: hal_00_hit
Writing resource: hal_b01_shape
Writing resource: hal_b01_hit
Writing resource: mac_tex
Writing resource: tik_tex
Writing resource: kgr_tex
Writing resource: kmr_tex
Writing resource: iwa_tex
Writing resource: sbk_tex
Writing resource: dro_tex
Writing resource: isk_tex
Writing resource: trd_tex
Writing resource: nok_tex
Writing resource: hos_tex
Writing resource: kpa_tex
Writing resource: osr_tex
Writing resource: kkj_tex
Writing resource: tst_tex
Writing resource: jan_tex
Writing resource: mim_tex
Writing resource: obk_tex
Writing resource: arn_tex
Writing resource: dgb_tex
Writing resource: kzn_tex
Writing resource: flo_tex
Writing resource: sam_tex
Writing resource: pra_tex
Writing resource: omo_tex
Writing resource: end_tex
Writing resource: mgm_tex
Writing resource: gv__tex
Writing resource: kmr_bg
Writing resource: nok_bg
Writing resource: sbk_bg
Writing resource: sbk3_bg
Writing resource: iwa_bg
Writing resource: hos_bg
Writing resource: arn_bg
Writing resource: obk_bg
Writing resource: omo_bg
Writing resource: yos_bg
Writing resource: jan_bg
Writing resource: fla_bg
Writing resource: flb_bg
Writing resource: sra_bg
Writing resource: yki_bg
Writing resource: sam_bg
Writing resource: kpa_bg
Writing resource: title_bg
Writing resource: title_data
Writing resource: party_kurio
Writing resource: party_kameki
Writing resource: party_pinki
Writing resource: party_pareta
Writing resource: party_resa
Writing resource: party_akari
Writing resource: party_opuku
Writing resource: party_pokopi
Writing resource: party_buzzy
Wrote kmr_00.bin to 296E560
Wrote kmr_02.bin to 29726B0
Wrote kmr_04.bin to 298A9E0
Wrote kmr_06.bin to 8D1510
Wrote kmr_11.bin to 8DA100
Wrote kmr_12.bin to 298EA90
Wrote kmr_20.bin to 298F700
Wrote machi.bin to 29A3AD0
Wrote mac_00.bin to 29A7470
Wrote mac_01.bin to 29BDF00
Wrote mac_02.bin to 29E1970
Wrote mac_03.bin to 831800
Wrote mac_04.bin to 29F0E30
Wrote mac_05.bin to 2A01AC0
Wrote mac_07.bin to 2A14D40
Wrote tik_07.bin to 2A161A0
Wrote tik_10.bin to 2A1B3C0
Wrote tik_12.bin to 2A1DBE0
Wrote tik_15.bin to 88FBA0
Wrote tik_17.bin to 2A22620
Wrote tik_19.bin to 2A252F0
Wrote tik_21.bin to 2A28070
Wrote tik_25.bin to 2A2C490
Wrote tik_26.bin to 2A2E330
Wrote kkj_00.bin to 2A30C90
Wrote kkj_02.bin to 2A3B5F0
Wrote kkj_10.bin to 2A3C270
Wrote kkj_14.bin to ADAEA0
Wrote kkj_16.bin to 2A3FA30
Wrote kkj_17.bin to AF1C60
Wrote kkj_19.bin to 2A44410
Wrote kkj_23.bin to B02880
Wrote kkj_25.bin to B06A00
Wrote kkj_29.bin to B150B0
Wrote hos_00.bin to A0BCF0
Wrote hos_01.bin to A10880
Wrote hos_02.bin to A16220
Wrote hos_03.bin to 2A4B2A0
Wrote hos_06.bin to 2A577B0
Wrote hos_07.bin to 2A5DBB0
Wrote hos_08.bin to 2A5EAD0
Wrote hos_09.bin to 2A60A90
Wrote hos_11.bin to 2A683C0
Wrote hos_12.bin to 2A69840
Wrote hos_13.bin to 2A6EFE0
Wrote hos_14.bin to 2A746F0
Wrote nok_01.bin to 2A81F50
Wrote nok_02.bin to 9D7020
Wrote nok_12.bin to 2A93C10
Wrote nok_16.bin to 2A9A880
Wrote nok_17.bin to 2A9AAF0
Wrote trd_00.bin to 2A9AE00
Wrote trd_01.bin to 99C990
Wrote trd_06.bin to 9B1790
Wrote trd_09.bin to 9BD660
Wrote iwa_00.bin to 2A9DC40
Wrote iwa_01.bin to 2AA1FF0
Wrote iwa_02.bin to 915D70
Wrote iwa_03.bin to 918BB0
Wrote iwa_04.bin to 91B8E0
Wrote iwa_10.bin to 2AAA0B0
Wrote dro_01.bin to 95B200
Wrote dro_02.bin to 2AB3DA0
Wrote sbk_01.bin to 929A90
Wrote sbk_02.bin to 92A2B0
Wrote sbk_03.bin to 2AC3200
Wrote sbk_11.bin to 934040
Wrote sbk_14.bin to 9366E0
Wrote sbk_20.bin to 938590
Wrote sbk_22.bin to 939930
Wrote sbk_23.bin to 2AC3E80
Wrote sbk_24.bin to 2AC43A0
Wrote sbk_25.bin to 2AC9D90
Wrote sbk_35.bin to 2ACF990
Wrote sbk_36.bin to 2AD20F0
Wrote sbk_45.bin to 94E4A0
Wrote sbk_46.bin to 2AD79E0
Wrote sbk_54.bin to 952580
Wrote sbk_56.bin to 2AD9A50
Wrote sbk_64.bin to 2ADC490
Wrote isk_02.bin to 2ADD220
Wrote isk_04.bin to 2AE09D0
Wrote isk_09.bin to 9864E0
Wrote isk_10.bin to 988B60
Wrote isk_18.bin to 2AE4ED0
Wrote mim_09.bin to 2AE8710
Wrote obk_01.bin to 2AEBC80
Wrote obk_03.bin to 2AF15B0
Wrote obk_04.bin to BC7E60
Wrote obk_05.bin to BCD060
Wrote obk_06.bin to BCE690
Wrote obk_07.bin to BCEBF0
Wrote obk_08.bin to BD3870
Wrote arn_02.bin to 2AF51F0
Wrote arn_03.bin to BDED90
Wrote arn_04.bin to 2AFD660
Wrote arn_05.bin to 2B07CB0
Wrote arn_21.bin to 2B0CFC0
Wrote arn_22.bin to 2B11230
Wrote dgb_02.bin to 2B114E0
Wrote dgb_03.bin to 2B14FB0
Wrote dgb_04.bin to 2B1B580
Wrote dgb_05.bin to 2B1FA80
Wrote dgb_06.bin to 2B262E0
Wrote dgb_08.bin to C3FDB0
Wrote dgb_09.bin to C46BE0
Wrote dgb_13.bin to 2B2C3C0
Wrote dgb_15.bin to C4F510
Wrote dgb_16.bin to 2B2DB30
Wrote omo_01.bin to 2B314F0
Wrote omo_02.bin to D9D4D0
Wrote omo_04.bin to 2B357E0
Wrote omo_05.bin to 2B3C680
Wrote omo_07.bin to 2B41DE0
Wrote omo_08.bin to DC43D0
Wrote omo_09.bin to 2B4ACC0
Wrote omo_10.bin to DD79B0
Wrote omo_11.bin to 2B57C90
Wrote omo_13.bin to 2B5AB10
Wrote omo_17.bin to 2B5DF20
Wrote jan_01.bin to B28030
Wrote jan_02.bin to B2C470
Wrote jan_03.bin to 2B65C70
Wrote jan_05.bin to 2B75860
Wrote jan_06.bin to 2B7F010
Wrote jan_08.bin to B5E2B0
Wrote jan_09.bin to 2B87850
Wrote jan_13.bin to B767B0
Wrote jan_15.bin to 2B8F930
Wrote kzn_02.bin to 2B92090
Wrote kzn_03.bin to 2B99E50
Wrote kzn_04.bin to 2BA2E60
Wrote kzn_07.bin to C6E330
Wrote kzn_08.bin to C71480
Wrote kzn_09.bin to 2BA6E10
Wrote kzn_10.bin to C7E180
Wrote kzn_11.bin to 2BAE2C0
Wrote kzn_17.bin to 2BB53D0
Wrote kzn_18.bin to C8C0A0
Wrote kzn_19.bin to C8DBB0
Wrote flo_00.bin to 2BBBDE0
Wrote flo_03.bin to 2BC5410
Wrote flo_07.bin to 2BCA3C0
Wrote flo_08.bin to 2BCD710
Wrote flo_09.bin to 2BD3A50
Wrote flo_11.bin to 2BD7E80
Wrote flo_12.bin to 2BDB5B0
Wrote flo_13.bin to 2BDE8E0
Wrote flo_14.bin to 2BE6420
Wrote flo_16.bin to 2BEFBA0
Wrote flo_17.bin to 2BF5060
Wrote flo_18.bin to CDC6A0
Wrote flo_21.bin to CE6700
Wrote flo_22.bin to CEC240
Wrote flo_24.bin to 2BFE5F0
Wrote flo_25.bin to CF2BD0
Wrote flo_26.bin to 2C008D0
Wrote sam_01.bin to 2C01C50
Wrote sam_02.bin to D05730
Wrote sam_03.bin to D110C0
Wrote sam_04.bin to D135D0
Wrote sam_08.bin to 2C0FF20
Wrote sam_09.bin to D362F0
Wrote sam_10.bin to 2C165A0
Wrote sam_11.bin to D3A5D0
Wrote sam_13.bin to 2C1A540
Wrote sam_14.bin to 2C1C9C0
Wrote sam_15.bin to 2C1E6F0
Wrote sam_16.bin to 2C20EF0
Wrote pra_01.bin to 2C21670
Wrote pra_04.bin to D54690
Wrote pra_09.bin to 2C26790
Wrote pra_19.bin to D6E9B0
Wrote kpa_01.bin to A46F60
Wrote kpa_03.bin to A485C0
Wrote kpa_08.bin to A4CA20
Wrote kpa_09.bin to A4F000
Wrote kpa_10.bin to A51980
Wrote kpa_11.bin to A528C0
Wrote kpa_12.bin to 2C2D210
Wrote kpa_16.bin to A5A030
Wrote kpa_17.bin to 2C2F820
Wrote kpa_51.bin to A64090
Wrote kpa_53.bin to A6ACA0
Wrote kpa_60.bin to 2C34430
Wrote kpa_61.bin to A6E3E0
Wrote kpa_62.bin to 2C36170
Wrote kpa_82.bin to 2C37980
Wrote kpa_83.bin to 2C42100
Wrote kpa_91.bin to A86A50
Wrote kpa_95.bin to 2C45490
Wrote kpa_96.bin to A927C0
Wrote kpa_102.bin to A93740
Wrote kpa_111.bin to A99590
Wrote kpa_113.bin to A9CC30
Wrote kpa_130.bin to 2C4C730
Wrote osr_00.bin to 2C55080
Wrote osr_01.bin to 2C58F70
Wrote osr_02.bin to 2C5B970
Wrote end_00.bin to 2C60230
Wrote end_01.bin to E05360
Wrote mgm_01.bin to 2C6F450
Wrote gv_01.bin to 2C72FA0
Wrote tst_21.bin to 2C74C70
Wrote tst_22.bin to 2C800B0
Wrote tst_23.bin to 2C81C70
Wrote tst_24.bin to 2C86000
Wrote tst_25.bin to 2C87670
Wrote cav_00.bin to 2C8AD40
Wrote cav_01.bin to 2C8C490
Wrote cav_02.bin to 2C8E080
Wrote cav_03.bin to 2C92440
Wrote cav_04.bin to 2C93AC0
Wrote cav_05.bin to 2C971D0
Wrote cav_06.bin to 2C97950
Wrote cav_07.bin to 2C9CDF0
Wrote cav_08.bin to 2C9D240
Wrote cav_09.bin to 2CA1520
Wrote cav_10.bin to 2CA7750
Wrote cav_11.bin to 2CA9FC0
Wrote cav_12.bin to 2CAC0E0
Wrote cav_13.bin to 2CB13F0
Wrote cav_14.bin to 2CB3F70
Wrote cav_15.bin to 2CB4EE0
Wrote cav_16.bin to 2CB98B0
Wrote cav_17.bin to 2CBDDA0
Wrote pit_01.bin to 2CBF090
Wrote pit_02.bin to 2CC3FB0
Wrote pit_03.bin to 2CCAB70
Wrote pit_04.bin to 2CD4BF0
Wrote pit_05.bin to 2CD7E70
Wrote pit_06.bin to 2CDF970
Wrote pit_07.bin to 2CE7960
Wrote pit_08.bin to 2CF0F80
Wrote pit_09.bin to 2CF8380
Wrote pit_10.bin to 2D018F0
Wrote pit_11.bin to 2D07700
Wrote pit_12.bin to 2D0A360
Wrote tem_00.bin to 2D0B8A0
Wrote tem_01.bin to 2D0DB70
Wrote tem_02.bin to 2D12990
Wrote tem_03.bin to 2D135B0
Wrote tem_04.bin to 2D17F80
Wrote tem_05.bin to 2D183D0
Wrote tem_06.bin to 2D1BDF0
Wrote tem_07.bin to 2D1C430
Wrote tem_08.bin to 2D20DA0
Wrote tem_09.bin to 2D21530
Wrote tem_10.bin to 2D25DF0
Wrote tem_11.bin to 2D26750
Wrote tem_12.bin to 2D2B5A0
Wrote tem_13.bin to 2D30260
Wrote tem_14.bin to 2D32850
Wrote tem_15.bin to 2D33190
Wrote tem_16.bin to 2D37DB0
Wrote tem_17.bin to 2D388F0
Wrote hal_01.bin to 2D3D4E0
Wrote hal_02.bin to 2D3EC00
Wrote hal_00.bin to 2D3F7A0
Writing battle data...
Loading formation data...
Compressing formation data...
Writing formation data...
Wrote 00 Area KMR Part 1.bin to 4309A0
Wrote 01 Area KMR Part 2.bin to 4327F0
Wrote 02 Area KMR Part 3.bin to 435784
Wrote 03 Area MAC.bin to 43BE8C
Wrote 04 Area HOS.bin to 4431CC
Wrote 05 Area NOK.bin to 446ECC
Wrote 06 Area TRD Part 1.bin to 44B806
Wrote 07 Area TRD Part 2.bin to 44ED26
Wrote 08 Area TRD Part 3.bin to 4532F6
Wrote 09 Area IWA.bin to 453750
Wrote 0A Area SBK.bin to 4566D0
Wrote 0B Area ISK Part 1.bin to 459652
Wrote 0C Area ISK Part 2.bin to 45C648
Wrote 0D Area MIM.bin to 45EA50
Wrote 0E Area ARN.bin to 4608E2
Wrote 0F Area DGB.bin to 464F88
Wrote 10 Area OMO.bin to 4667B0
Wrote 11 Area OMO2.bin to 46D2C0
Wrote 12 Area OMO3.bin to 4746F2
Wrote 13 Area KGR.bin to 47AC88
Wrote 14 Area JAN.bin to 47C1CC
Wrote 15 Area JAN2.bin to 48062E
Wrote 16 Area KZN.bin to 483630
Wrote 17 Area KZN2.bin to 4888FA
Wrote 18 Area FLO.bin to 48DB2E
Wrote 19 Area FLO2.bin to 494F58
Wrote 1A Area TIK.bin to 49A8B6
Wrote 1B Area TIK2.bin to 4A05D6
Wrote 1C Area TIK3.bin to 4A4880
Wrote 1D Area SAM.bin to 4A6C14
Wrote 1E Area SAM2.bin to 4AE184
Wrote 1F Area PRA.bin to 4B12A4
Wrote 20 Area PRA2.bin to 4B60E4
Wrote 21 Area PRA3.bin to 4B847A
Wrote 22 Area KPA.bin to 4BF4DC
Wrote 23 Area KPA2.bin to 4C5A34
Wrote 24 Area KPA3.bin to 4CD0C2
Wrote 25 Area KPA4.bin to 4D2D82
Wrote 26 Area KKJ.bin to 4D7C88
Wrote 27 Area DIG.bin to 4D865C
Wrote 29 Area OMO2_1.bin to 4DC0CA
Wrote 2A Area OMO2_2.bin to 4DCFB6
Wrote 2B Area OMO2_3.bin to 4DDF60
Wrote 2C Area OMO2_4.bin to 4DEE80
Wrote 2D Area OMO2_5.bin to 4DF0F8
Wrote 2E Area OMO2_6.bin to 4DFC96
Wrote 2F General Guy Bonus.bin to 4DFEE4
Wrote 30 Tubba Refight.bin to 4E0D36
Wrote 31 Koopa Bros Refight.bin to 4E1B1A
Wrote 32 Dark Cave Part 1.bin to 4E2FF4
Wrote 33 Dark Cave Part 2.bin to 4E50AC
Wrote 34 Dark Cave Part 3.bin to 4E71B8
Wrote 35 Dark Cave Part 4.bin to 4E910C
Wrote 36 Pit Part 1.bin to 4EA66C
Wrote 37 Pit Part 2.bin to 4EBA08
Wrote 38 Pit Part 3.bin to 4ED73C
Wrote 39 Pit Part 4.bin to 4EEEBA
Wrote 3A Dark Temple Part 1.bin to 4F4838
Wrote 3B Dark Temple Part 2.bin to 4F63A8
Wrote 3C Dark Temple Part 3.bin to 4F9C74
Wrote 3D Dark Temple Part 4.bin to 4FE684
Wrote 3E Dark Temple Part 5.bin to 50212A
Wrote 3F Goomba King Refight.bin to 502D18
Wrote 40 Tutankoopa Refight.bin to 504BEE
Wrote 41 General Guy Refight.bin to 506C74
Wrote 42 Lava Piranha Refight.bin to 50DD0A
Wrote 43 Huff N Puff Refight.bin to 512D66
Wrote 44 Crystal King Refight.bin to 516D3C
Wrote 45 Bowser Refight.bin to 51904A
Wrote 46 Jr Troopa Refight.bin to 51B80C
Wrote 47 Debug Testing.bin to 51CE2A
Wrote 48 Light Rush Part 1.bin to 51D9B8
Wrote 49 Light Rush Part 2.bin to 51F6EC
Wrote 4A Light Rush Part 3.bin to 5207DC
Wrote 4B Light Rush Part 4.bin to 5252DC
Wrote Move_Hammer.bin to 7345A0
Wrote Move_SpinSmash.bin to 737890
Wrote Move_QuakeHammer.bin to 73AED0
Wrote Move_D-DownPound.bin to 73D860
Wrote Move_HammerCharge0.bin to 740040
Wrote Move_HammerThrow.bin to 7437D0
Wrote Move_MegaQuake.bin to 747B00
Wrote Move_HammerCharge1.bin to 74A930
Wrote Move_HammerCharge2.bin to 74E270
Wrote Move_AutoSmash.bin to 751AC0
Wrote Move_PowerQuake.bin to 753E90
Wrote Move_PowerSmash.bin to 756A30
Wrote Move_SuperSmash.bin to 758F90
Wrote Move_MegaSmash.bin to 75CF10
Wrote Move_ShrinkSmash.bin to 75F510
Wrote Move_ShellCrack.bin to 763760
Wrote Move_Jump.bin to 765E60
Wrote Move_Multibounce.bin to 7694B0
Wrote Move_PowerBounce.bin to 76C5E0
Wrote Move_SleepStomp.bin to 76F600
Wrote Move_DizzyStomp.bin to 7715C0
Wrote Move_JumpCharge0.bin to 773580
Wrote Move_JumpCharge1.bin to 776010
Wrote Move_JumpCharge2.bin to 779010
Wrote Move_AutoJump.bin to 77B390
Wrote Move_AutoMultibounce.bin to 77DC10
Wrote Move_PowerJump.bin to 780D50
Wrote Move_SuperJump.bin to 782920
Wrote Move_MegaJump.bin to 784790
Wrote Move_D-DownJump.bin to 786400
Wrote Move_ShrinkStomp.bin to 2D40200
Wrote Move_EarthquakeJump.bin to 2D42180
Wrote 00 Goombario.bin to 6F0B30
Wrote 01 Kooper.bin to 6F58D0
Wrote 02 Bombette.bin to 6FA810
Wrote 03 Parakarry.bin to 6FF880
Wrote 04 Goompa.bin to 7035F0
Wrote 05 Watt.bin to 703BA0
Wrote 06 Sushie.bin to 708160
Wrote 07 Lakilester.bin to 70C300
Wrote 08 Bow.bin to 7114E0
Wrote 0A Twink.bin to 2D461B0
Wrote Item_Food.bin to 715850
Wrote Item_Shroom.bin to 718310
Wrote Item_FireFlower.bin to 719720
Wrote Item_DustyHammer.bin to 71A490
Wrote Item_POWBlock.bin to 71B310
Wrote Item_Pebble.bin to 71C430
Wrote Item_VoltShroom.bin to 71D240
Wrote Item_ThunderRage.bin to 71DBF0
Wrote Item_SnowmanDoll.bin to 71E880
Wrote Item_ShootingStar.bin to 71F730
Wrote Item_SleepySheep.bin to 720610
Wrote Item_StoneCap.bin to 723560
Wrote Item_TastyTonic.bin to 724040
Wrote Item_ThunderBolt.bin to 724BD0
Wrote Item_SuperSoda.bin to 725810
Wrote Item_HustleDrink.bin to 726AE0
Wrote Item_StopWatch.bin to 7278C0
Wrote Item_DizzyDial.bin to 728400
Wrote Item_PleaseComeBack.bin to 7290D0
Wrote Item_EggMissile.bin to 72A8D0
Wrote Item_InsecticideHerb.bin to 72C160
Wrote Item_FrightJar.bin to 72D480
Wrote Item_Mystery.bin to 72E120
Wrote Item_RepelGel.bin to 72F6E0
Wrote Item_LifeShroom.bin to 7300A0
Wrote Item_Coconut.bin to 731290
Wrote Item_ElectroPop.bin to 732110
Wrote Item_StrangeCake.bin to 2D4A9E0
Wrote 00 Focus.bin to 789E60
Wrote 01 Refresh.bin to 78BD70
Wrote 02 Lullaby.bin to 78DAA0
Wrote 03 StarStorm.bin to 78F180
Wrote 04 ChillOut.bin to 790A50
Wrote 05 Smooch.bin to 792920
Wrote 06 TimeOut.bin to 7948D0
Wrote 07 UpAndAway.bin to 795EF0
Wrote 08 StarBeam.bin to 797B60
Wrote 09 PeachBeam.bin to 79A350
Wrote 0A PeachFocus.bin to 79CB40
Wrote 0B PeachDash.bin to 2D4CDA0
Writing partner data...
Wrote 00 Goombario.bin to 317020
Wrote 01 Kooper.bin to 317E50
Wrote 02 Bombette.bin to 3199A0
Wrote 03 Parakarry.bin to 31B230
Wrote 04 Goompa.bin to 31CCE0
Wrote 05 Watt.bin to 31D1E0
Wrote 06 Sushie.bin to 31E5B0
Wrote 07 Lakilester.bin to 321390
Wrote 08 Bow.bin to 324190
Wrote 09 Goombaria.bin to 2D4E440
Wrote 0A Twink.bin to 2D4ECE0
Patching sprite sheets...
Loading player sprites...
Writing player sprite 01 of 0D...
Wrote player sprite 00 to 19E09D8
Writing player sprite 02 of 0D...
Wrote player sprite 01 to 19E13CA
Writing player sprite 03 of 0D...
Wrote player sprite 02 to 19E18C6
Writing player sprite 04 of 0D...
Wrote player sprite 03 to 19E2372
Writing player sprite 05 of 0D...
Wrote player sprite 04 to 19E2E26
Writing player sprite 06 of 0D...
Wrote player sprite 05 to 19E3254
Writing player sprite 07 of 0D...
Wrote player sprite 06 to 19E3BFC
Writing player sprite 08 of 0D...
Wrote player sprite 07 to 19E4024
Writing player sprite 09 of 0D...
Wrote player sprite 08 to 19E4876
Writing player sprite 0A of 0D...
Wrote player sprite 09 to 19E4C36
Writing player sprite 0B of 0D...
Wrote player sprite 0A to 19E57B6
Writing player sprite 0C of 0D...
Wrote player sprite 0B to 19E59AE
Writing player sprite 0D of 0D...
Wrote player sprite 0C to 19E630A
Writing NPC sprite 01 of FF...
Wrote NPC sprite 01 to 19E7028
Writing NPC sprite 02 of FF...
Wrote NPC sprite 02 to 19E79EA
Writing NPC sprite 03 of FF...
Wrote NPC sprite 03 to 19E9BFC
Writing NPC sprite 04 of FF...
Wrote NPC sprite 04 to 19EB3AE
Writing NPC sprite 05 of FF...
Wrote NPC sprite 05 to 19EC936
Writing NPC sprite 06 of FF...
Wrote NPC sprite 06 to 19EE160
Writing NPC sprite 07 of FF...
Wrote NPC sprite 07 to 19EEF32
Writing NPC sprite 08 of FF...
Wrote NPC sprite 08 to 19F0462
Writing NPC sprite 09 of FF...
Wrote NPC sprite 09 to 19F1974
Writing NPC sprite 0A of FF...
Wrote NPC sprite 0A to 19F2AE6
Writing NPC sprite 0B of FF...
Wrote NPC sprite 0B to 19F579C
Writing NPC sprite 0C of FF...
Wrote NPC sprite 0C to 19F7764
Writing NPC sprite 0D of FF...
Wrote NPC sprite 0D to 19FA4EA
Writing NPC sprite 0E of FF...
Wrote NPC sprite 0E to 19FD062
Writing NPC sprite 0F of FF...
Wrote NPC sprite 0F to 19FF2EC
Writing NPC sprite 10 of FF...
Wrote NPC sprite 10 to 1A00EF6
Writing NPC sprite 11 of FF...
Wrote NPC sprite 11 to 1A032BC
Writing NPC sprite 12 of FF...
Wrote NPC sprite 12 to 1A04990
Writing NPC sprite 13 of FF...
Wrote NPC sprite 13 to 1A05AB6
Writing NPC sprite 14 of FF...
Wrote NPC sprite 14 to 1A068C8
Writing NPC sprite 15 of FF...
Wrote NPC sprite 15 to 1A074BA
Writing NPC sprite 16 of FF...
Wrote NPC sprite 16 to 1A08070
Writing NPC sprite 17 of FF...
Wrote NPC sprite 17 to 1A0A540
Writing NPC sprite 18 of FF...
Wrote NPC sprite 18 to 1A0B14C
Writing NPC sprite 19 of FF...
Wrote NPC sprite 19 to 1A0BBEC
Writing NPC sprite 1A of FF...
Wrote NPC sprite 1A to 1A0C044
Writing NPC sprite 1B of FF...
Wrote NPC sprite 1B to 1A0C45A
Writing NPC sprite 1C of FF...
Wrote NPC sprite 1C to 1A0C88E
Writing NPC sprite 1D of FF...
Wrote NPC sprite 1D to 1A0CCAA
Writing NPC sprite 1E of FF...
Wrote NPC sprite 1E to 1A0D61A
Writing NPC sprite 1F of FF...
Wrote NPC sprite 1F to 1A0D9DC
Writing NPC sprite 20 of FF...
Wrote NPC sprite 20 to 1A0DD98
Writing NPC sprite 21 of FF...
Wrote NPC sprite 21 to 1A0F2FE
Writing NPC sprite 22 of FF...
Wrote NPC sprite 22 to 1A13C9C
Writing NPC sprite 23 of FF...
Wrote NPC sprite 23 to 1A15BCE
Writing NPC sprite 24 of FF...
Wrote NPC sprite 24 to 1A18740
Writing NPC sprite 25 of FF...
Wrote NPC sprite 25 to 1A1A946
Writing NPC sprite 26 of FF...
Wrote NPC sprite 26 to 1A1C8CA
Writing NPC sprite 27 of FF...
Wrote NPC sprite 27 to 1A1D9A0
Writing NPC sprite 28 of FF...
Wrote NPC sprite 28 to 1A1E73C
Writing NPC sprite 29 of FF...
Wrote NPC sprite 29 to 1A1F626
Writing NPC sprite 2A of FF...
Wrote NPC sprite 2A to 1A22940
Writing NPC sprite 2B of FF...
Wrote NPC sprite 2B to 1A24C14
Writing NPC sprite 2C of FF...
Wrote NPC sprite 2C to 1A260FE
Writing NPC sprite 2D of FF...
Wrote NPC sprite 2D to 1A28270
Writing NPC sprite 2E of FF...
Wrote NPC sprite 2E to 1A28E3C
Writing NPC sprite 2F of FF...
Wrote NPC sprite 2F to 1A298C6
Writing NPC sprite 30 of FF...
Wrote NPC sprite 30 to 1A2BE6E
Writing NPC sprite 31 of FF...
Wrote NPC sprite 31 to 1A2E312
Writing NPC sprite 32 of FF...
Wrote NPC sprite 32 to 1A2F5D6
Writing NPC sprite 33 of FF...
Wrote NPC sprite 33 to 1A31EFE
Writing NPC sprite 34 of FF...
Wrote NPC sprite 34 to 1A33CDE
Writing NPC sprite 35 of FF...
Wrote NPC sprite 35 to 1A35DA2
Writing NPC sprite 36 of FF...
Wrote NPC sprite 36 to 1A36BEC
Writing NPC sprite 37 of FF...
Wrote NPC sprite 37 to 1A397F0
Writing NPC sprite 38 of FF...
Wrote NPC sprite 38 to 1A3B1B0
Writing NPC sprite 39 of FF...
Wrote NPC sprite 39 to 1A3C508
Writing NPC sprite 3A of FF...
Wrote NPC sprite 3A to 1A3FE46
Writing NPC sprite 3B of FF...
Wrote NPC sprite 3B to 1A4250E
Writing NPC sprite 3C of FF...
Wrote NPC sprite 3C to 1A44AAC
Writing NPC sprite 3D of FF...
Wrote NPC sprite 3D to 1A4661E
Writing NPC sprite 3E of FF...
Wrote NPC sprite 3E to 1A4937A
Writing NPC sprite 3F of FF...
Wrote NPC sprite 3F to 1A4AC9E
Writing NPC sprite 40 of FF...
Wrote NPC sprite 40 to 1A4D7E4
Writing NPC sprite 41 of FF...
Wrote NPC sprite 41 to 1A4E016
Writing NPC sprite 42 of FF...
Wrote NPC sprite 42 to 1A4F9EC
Writing NPC sprite 43 of FF...
Wrote NPC sprite 43 to 1A5312A
Writing NPC sprite 44 of FF...
Wrote NPC sprite 44 to 1A53C82
Writing NPC sprite 45 of FF...
Wrote NPC sprite 45 to 1A56B18
Writing NPC sprite 46 of FF...
Wrote NPC sprite 46 to 1A58DC0
Writing NPC sprite 47 of FF...
Wrote NPC sprite 47 to 1A5A3E0
Writing NPC sprite 48 of FF...
Wrote NPC sprite 48 to 1A627B4
Writing NPC sprite 49 of FF...
Wrote NPC sprite 49 to 1A63E92
Writing NPC sprite 4A of FF...
Wrote NPC sprite 4A to 1A66338
Writing NPC sprite 4B of FF...
Wrote NPC sprite 4B to 1A68482
Writing NPC sprite 4C of FF...
Wrote NPC sprite 4C to 1A6C252
Writing NPC sprite 4D of FF...
Wrote NPC sprite 4D to 1A6D1D8
Writing NPC sprite 4E of FF...
Wrote NPC sprite 4E to 1A6EBAC
Writing NPC sprite 4F of FF...
Wrote NPC sprite 4F to 1A70BDE
Writing NPC sprite 50 of FF...
Wrote NPC sprite 50 to 1A74AF2
Writing NPC sprite 51 of FF...
Wrote NPC sprite 51 to 1A784F0
Writing NPC sprite 52 of FF...
Wrote NPC sprite 52 to 1A793CE
Writing NPC sprite 53 of FF...
Wrote NPC sprite 53 to 1A7D1B4
Writing NPC sprite 54 of FF...
Wrote NPC sprite 54 to 1A7E97C
Writing NPC sprite 55 of FF...
Wrote NPC sprite 55 to 1A7EB20
Writing NPC sprite 56 of FF...
Wrote NPC sprite 56 to 1A82F24
Writing NPC sprite 57 of FF...
Wrote NPC sprite 57 to 1A850F2
Writing NPC sprite 58 of FF...
Wrote NPC sprite 58 to 1A87394
Writing NPC sprite 59 of FF...
Wrote NPC sprite 59 to 1A8B976
Writing NPC sprite 5A of FF...
Wrote NPC sprite 5A to 1A8F7AA
Writing NPC sprite 5B of FF...
Wrote NPC sprite 5B to 1A9378E
Writing NPC sprite 5C of FF...
Wrote NPC sprite 5C to 1A93A6E
Writing NPC sprite 5D of FF...
Wrote NPC sprite 5D to 1A93D64
Writing NPC sprite 5E of FF...
Wrote NPC sprite 5E to 1A93F88
Writing NPC sprite 5F of FF...
Wrote NPC sprite 5F to 1A942DC
Writing NPC sprite 60 of FF...
Wrote NPC sprite 60 to 1A94532
Writing NPC sprite 61 of FF...
Wrote NPC sprite 61 to 1A985A4
Writing NPC sprite 62 of FF...
Wrote NPC sprite 62 to 1A9B1FE
Writing NPC sprite 63 of FF...
Wrote NPC sprite 63 to 1A9D364
Writing NPC sprite 64 of FF...
Wrote NPC sprite 64 to 1A9F842
Writing NPC sprite 65 of FF...
Wrote NPC sprite 65 to 1A9FE8A
Writing NPC sprite 66 of FF...
Wrote NPC sprite 66 to 1AA07EC
Writing NPC sprite 67 of FF...
Wrote NPC sprite 67 to 1AA64F2
Writing NPC sprite 68 of FF...
Wrote NPC sprite 68 to 1AACC46
Writing NPC sprite 69 of FF...
Wrote NPC sprite 69 to 1AB1214
Writing NPC sprite 6A of FF...
Wrote NPC sprite 6A to 1AB198E
Writing NPC sprite 6B of FF...
Wrote NPC sprite 6B to 1AB96C6
Writing NPC sprite 6C of FF...
Wrote NPC sprite 6C to 1AC079C
Writing NPC sprite 6D of FF...
Wrote NPC sprite 6D to 1AC2B9A
Writing NPC sprite 6E of FF...
Wrote NPC sprite 6E to 1ACAD78
Writing NPC sprite 6F of FF...
Wrote NPC sprite 6F to 1ACD0F0
Writing NPC sprite 70 of FF...
Wrote NPC sprite 70 to 1ACE96C
Writing NPC sprite 71 of FF...
Wrote NPC sprite 71 to 1ACF71A
Writing NPC sprite 72 of FF...
Wrote NPC sprite 72 to 1ACFBD4
Writing NPC sprite 73 of FF...
Wrote NPC sprite 73 to 1AD0EB6
Writing NPC sprite 74 of FF...
Wrote NPC sprite 74 to 1AD136C
Writing NPC sprite 75 of FF...
Wrote NPC sprite 75 to 1AD1810
Writing NPC sprite 76 of FF...
Wrote NPC sprite 76 to 1AD18C0
Writing NPC sprite 77 of FF...
Wrote NPC sprite 77 to 1AD34F8
Writing NPC sprite 78 of FF...
Wrote NPC sprite 78 to 1AD37BC
Writing NPC sprite 79 of FF...
Wrote NPC sprite 79 to 1AD4804
Writing NPC sprite 7A of FF...
Wrote NPC sprite 7A to 1AD8D38
Writing NPC sprite 7B of FF...
Wrote NPC sprite 7B to 1AD9514
Writing NPC sprite 7C of FF...
Wrote NPC sprite 7C to 1ADC064
Writing NPC sprite 7D of FF...
Wrote NPC sprite 7D to 1AE10EE
Writing NPC sprite 7E of FF...
Wrote NPC sprite 7E to 1AE1E96
Writing NPC sprite 7F of FF...
Wrote NPC sprite 7F to 1AE5908
Writing NPC sprite 80 of FF...
Wrote NPC sprite 80 to 1AEA600
Writing NPC sprite 81 of FF...
Wrote NPC sprite 81 to 1AF367C
Writing NPC sprite 82 of FF...
Wrote NPC sprite 82 to 1AFB6DC
Writing NPC sprite 83 of FF...
Wrote NPC sprite 83 to 1AFE2A0
Writing NPC sprite 84 of FF...
Wrote NPC sprite 84 to 1AFF186
Writing NPC sprite 85 of FF...
Wrote NPC sprite 85 to 1AFFEC0
Writing NPC sprite 86 of FF...
Wrote NPC sprite 86 to 1B0072C
Writing NPC sprite 87 of FF...
Wrote NPC sprite 87 to 1B00C4E
Writing NPC sprite 88 of FF...
Wrote NPC sprite 88 to 1B01F3E
Writing NPC sprite 89 of FF...
Wrote NPC sprite 89 to 1B026E0
Writing NPC sprite 8A of FF...
Wrote NPC sprite 8A to 1B031CE
Writing NPC sprite 8B of FF...
Wrote NPC sprite 8B to 1B03B82
Writing NPC sprite 8C of FF...
Wrote NPC sprite 8C to 1B0453E
Writing NPC sprite 8D of FF...
Wrote NPC sprite 8D to 1B04F02
Writing NPC sprite 8E of FF...
Wrote NPC sprite 8E to 1B061CA
Writing NPC sprite 8F of FF...
Wrote NPC sprite 8F to 1B0717A
Writing NPC sprite 90 of FF...
Wrote NPC sprite 90 to 1B0893E
Writing NPC sprite 91 of FF...
Wrote NPC sprite 91 to 1B0A754
Writing NPC sprite 92 of FF...
Wrote NPC sprite 92 to 1B0AE58
Writing NPC sprite 93 of FF...
Wrote NPC sprite 93 to 1B0B9E6
Writing NPC sprite 94 of FF...
Wrote NPC sprite 94 to 1B0BF56
Writing NPC sprite 95 of FF...
Wrote NPC sprite 95 to 1B0C5BE
Writing NPC sprite 96 of FF...
Wrote NPC sprite 96 to 1B0DFE8
Writing NPC sprite 97 of FF...
Wrote NPC sprite 97 to 1B100EC
Writing NPC sprite 98 of FF...
Wrote NPC sprite 98 to 1B11D94
Writing NPC sprite 99 of FF...
Wrote NPC sprite 99 to 1B12902
Writing NPC sprite 9A of FF...
Wrote NPC sprite 9A to 1B15758
Writing NPC sprite 9B of FF...
Wrote NPC sprite 9B to 1B16448
Writing NPC sprite 9C of FF...
Wrote NPC sprite 9C to 1B16B56
Writing NPC sprite 9D of FF...
Wrote NPC sprite 9D to 1B185F6
Writing NPC sprite 9E of FF...
Wrote NPC sprite 9E to 1B19306
Writing NPC sprite 9F of FF...
Wrote NPC sprite 9F to 1B1AB7E
Writing NPC sprite A0 of FF...
Wrote NPC sprite A0 to 1B1AF38
Writing NPC sprite A1 of FF...
Wrote NPC sprite A1 to 1B1BA22
Writing NPC sprite A2 of FF...
Wrote NPC sprite A2 to 1B1BFA8
Writing NPC sprite A3 of FF...
Wrote NPC sprite A3 to 1B2448E
Writing NPC sprite A4 of FF...
Wrote NPC sprite A4 to 1B25AAE
Writing NPC sprite A5 of FF...
Wrote NPC sprite A5 to 1B27B8E
Writing NPC sprite A6 of FF...
Wrote NPC sprite A6 to 1B28DEC
Writing NPC sprite A7 of FF...
Wrote NPC sprite A7 to 1B2AB24
Writing NPC sprite A8 of FF...
Wrote NPC sprite A8 to 1B2C356
Writing NPC sprite A9 of FF...
Wrote NPC sprite A9 to 1B2CD70
Writing NPC sprite AA of FF...
Wrote NPC sprite AA to 1B2DAB8
Writing NPC sprite AB of FF...
Wrote NPC sprite AB to 1B2EF90
Writing NPC sprite AC of FF...
Wrote NPC sprite AC to 1B2FE54
Writing NPC sprite AD of FF...
Wrote NPC sprite AD to 1B309B8
Writing NPC sprite AE of FF...
Wrote NPC sprite AE to 1B313E4
Writing NPC sprite AF of FF...
Wrote NPC sprite AF to 1B32082
Writing NPC sprite B0 of FF...
Wrote NPC sprite B0 to 1B34024
Writing NPC sprite B1 of FF...
Wrote NPC sprite B1 to 1B355C8
Writing NPC sprite B2 of FF...
Wrote NPC sprite B2 to 1B36636
Writing NPC sprite B3 of FF...
Wrote NPC sprite B3 to 1B36EB4
Writing NPC sprite B4 of FF...
Wrote NPC sprite B4 to 1B37214
Writing NPC sprite B5 of FF...
Wrote NPC sprite B5 to 1B37A86
Writing NPC sprite B6 of FF...
Wrote NPC sprite B6 to 1B38A34
Writing NPC sprite B7 of FF...
Wrote NPC sprite B7 to 1B3AD0A
Writing NPC sprite B8 of FF...
Wrote NPC sprite B8 to 1B3C040
Writing NPC sprite B9 of FF...
Wrote NPC sprite B9 to 1B3C878
Writing NPC sprite BA of FF...
Wrote NPC sprite BA to 1B3CDA2
Writing NPC sprite BB of FF...
Wrote NPC sprite BB to 1B3E9DA
Writing NPC sprite BC of FF...
Wrote NPC sprite BC to 1B3F00C
Writing NPC sprite BD of FF...
Wrote NPC sprite BD to 1B3F5FA
Writing NPC sprite BE of FF...
Wrote NPC sprite BE to 1B3FE84
Writing NPC sprite BF of FF...
Wrote NPC sprite BF to 1B4158C
Writing NPC sprite C0 of FF...
Wrote NPC sprite C0 to 1B4255A
Writing NPC sprite C1 of FF...
Wrote NPC sprite C1 to 1B42C16
Writing NPC sprite C2 of FF...
Wrote NPC sprite C2 to 1B4B8BC
Writing NPC sprite C3 of FF...
Wrote NPC sprite C3 to 1B4E6BC
Writing NPC sprite C4 of FF...
Wrote NPC sprite C4 to 1B5011E
Writing NPC sprite C5 of FF...
Wrote NPC sprite C5 to 1B51F88
Writing NPC sprite C6 of FF...
Wrote NPC sprite C6 to 1B52EA0
Writing NPC sprite C7 of FF...
Wrote NPC sprite C7 to 1B53C8E
Writing NPC sprite C8 of FF...
Wrote NPC sprite C8 to 1B5634A
Writing NPC sprite C9 of FF...
Wrote NPC sprite C9 to 1B5A0A4
Writing NPC sprite CA of FF...
Wrote NPC sprite CA to 1B5C1D4
Writing NPC sprite CB of FF...
Wrote NPC sprite CB to 1B5DABE
Writing NPC sprite CC of FF...
Wrote NPC sprite CC to 1B5EBB2
Writing NPC sprite CD of FF...
Wrote NPC sprite CD to 1B60848
Writing NPC sprite CE of FF...
Wrote NPC sprite CE to 1B60C58
Writing NPC sprite CF of FF...
Wrote NPC sprite CF to 1B6273E
Writing NPC sprite D0 of FF...
Wrote NPC sprite D0 to 1B64438
Writing NPC sprite D1 of FF...
Wrote NPC sprite D1 to 1B651E2
Writing NPC sprite D2 of FF...
Wrote NPC sprite D2 to 1B66660
Writing NPC sprite D3 of FF...
Wrote NPC sprite D3 to 1B675AC
Writing NPC sprite D4 of FF...
Wrote NPC sprite D4 to 1B677D0
Writing NPC sprite D5 of FF...
Wrote NPC sprite D5 to 1B67C0A
Writing NPC sprite D6 of FF...
Wrote NPC sprite D6 to 1B6806E
Writing NPC sprite D7 of FF...
Wrote NPC sprite D7 to 1B6B3E8
Writing NPC sprite D8 of FF...
Wrote NPC sprite D8 to 1B6E128
Writing NPC sprite D9 of FF...
Wrote NPC sprite D9 to 1B6FB40
Writing NPC sprite DA of FF...
Wrote NPC sprite DA to 1B70EC8
Writing NPC sprite DB of FF...
Wrote NPC sprite DB to 1B73378
Writing NPC sprite DC of FF...
Wrote NPC sprite DC to 1B745C4
Writing NPC sprite DD of FF...
Wrote NPC sprite DD to 1B75824
Writing NPC sprite DE of FF...
Wrote NPC sprite DE to 1B764A8
Writing NPC sprite DF of FF...
Wrote NPC sprite DF to 1B78AEC
Writing NPC sprite E0 of FF...
Wrote NPC sprite E0 to 1B7AB4C
Writing NPC sprite E1 of FF...
Wrote NPC sprite E1 to 1B7B698
Writing NPC sprite E2 of FF...
Wrote NPC sprite E2 to 1B7BB78
Writing NPC sprite E3 of FF...
Wrote NPC sprite E3 to 1B7C662
Writing NPC sprite E4 of FF...
Wrote NPC sprite E4 to 1B7CC54
Writing NPC sprite E5 of FF...
Wrote NPC sprite E5 to 1B7D76C
Writing NPC sprite E6 of FF...
Wrote NPC sprite E6 to 1B80818
Writing NPC sprite E7 of FF...
Wrote NPC sprite E7 to 2D4EE40
Writing NPC sprite E8 of FF...
Wrote NPC sprite E8 to 2D50D58
Writing NPC sprite E9 of FF...
Wrote NPC sprite E9 to 2D50F28
Writing NPC sprite EA of FF...
Wrote NPC sprite EA to 2D510D0
Writing NPC sprite EB of FF...
Wrote NPC sprite EB to 2D53096
Writing NPC sprite EC of FF...
Wrote NPC sprite EC to 2D54746
Writing NPC sprite ED of FF...
Wrote NPC sprite ED to 2D56506
Writing NPC sprite EE of FF...
Wrote NPC sprite EE to 2D572A6
Writing NPC sprite EF of FF...
Wrote NPC sprite EF to 2D574B0
Writing NPC sprite F0 of FF...
Wrote NPC sprite F0 to 2D598AA
Writing NPC sprite F1 of FF...
Wrote NPC sprite F1 to 2D5B356
Writing NPC sprite F2 of FF...
Wrote NPC sprite F2 to 2D5D6B6
Writing NPC sprite F3 of FF...
Wrote NPC sprite F3 to 2D5E13C
Writing NPC sprite F4 of FF...
Wrote NPC sprite F4 to 2D5ED72
Writing NPC sprite F5 of FF...
Wrote NPC sprite F5 to 2D614DE
Writing NPC sprite F6 of FF...
Wrote NPC sprite F6 to 2D6589A
Writing NPC sprite F7 of FF...
Wrote NPC sprite F7 to 2D67872
Writing NPC sprite F8 of FF...
Wrote NPC sprite F8 to 2D6AB52
Writing NPC sprite F9 of FF...
Wrote NPC sprite F9 to 2D6CB18
Writing NPC sprite FA of FF...
Wrote NPC sprite FA to 2D6D5A6
Writing NPC sprite FB of FF...
Wrote NPC sprite FB to 2D74DE4
Writing NPC sprite FC of FF...
Wrote NPC sprite FC to 2D75918
Writing NPC sprite FD of FF...
Wrote NPC sprite FD to 2D76AFC
Writing NPC sprite FE of FF...
Wrote NPC sprite FE to 2D7721E
Writing NPC sprite FF of FF...
Wrote NPC sprite FF to 2D773B4
Writing audio data...
Writing 00_117.bgm to F00E90
Writing 01_118.bgm to F02830
Writing 02_191.bgm to F03E10
Writing 03_120.bgm to F04AC0
Writing 04_119.bgm to F07A90
Writing 05_121.bgm to F09410
Writing 06_192.bgm to F09CD0
Writing 07_193.bgm to F0AC20
Writing 08_194.bgm to F0C1B0
Writing 09_195.bgm to F0E590
Writing 0A_196.bgm to F103F0
Writing 0B_122.bgm to F117A0
Writing 0C_328.bgm to F11D90
Writing 0D_184.bgm to F129F0
Writing 0E_187.bgm to F142F0
Writing 0F_306.bgm to F16610
Writing 10_135.bgm to F17650
Writing 11_134.bgm to F178A0
Writing 12_224.bgm to F17A40
Writing 13_814.bgm to F17C40
Writing 14_124.bgm to F19010
Writing 15_123.bgm to F19AA0
Writing 16_186.bgm to F1A290
Writing 17_125.bgm to F1ADC0
Writing 18_126.bgm to F1B2A0
Writing 19_127.bgm to F1CEE0
Writing 1A_128.bgm to F1E2C0
Writing 1B_187.bgm to F1F9B0
Writing 1C_129.bgm to F216C0
Writing 1D_188.bgm to F21E50
Writing 1E_189.bgm to F230D0
Writing 1F_190.bgm to F240D0
Writing 20_309.bgm to F24EE0
Writing 21_307.bgm to F25910
Writing 22_308.bgm to F26930
Writing 23_112.bgm to F27F10
Writing 24_108.bgm to F284F0
Writing 25_198.bgm to F294F0
Writing 26_210.bgm to F2A190
Writing 27_311.bgm to F2E800
Writing 28_312.bgm to F2F660
Writing 29_303.bgm to F30C60
Writing 2A_305.bgm to F31F80
Writing 2B_304.bgm to F328F0
Writing 2C_220.bgm to F33730
Writing 2D_301.bgm to F34170
Writing 2E_302.bgm to F345E0
Writing 2F_104.bgm to F35BB0
Writing 30_103.bgm to F365A0
Writing 31_105.bgm to F36D60
Writing 32_106.bgm to F380B0
Writing 33_107.bgm to F38C40
Writing 34_110.bgm to F39830
Writing 35_111.bgm to F3A7A0
Writing 36_827.bgm to F3AB20
Writing 37_202.bgm to F3B5F0
Writing 38_109.bgm to F3C800
Writing 39_113.bgm to F3D390
Writing 3A_114.bgm to F3E800
Writing 3B_141.bgm to F3FAB0
Writing 3C_203.bgm to F415D0
Writing 3D_115.bgm to F43600
Writing 3E_116.bgm to F45BD0
Writing 3F_838.bgm to F46CB0
Writing 40_205.bgm to F47B70
Writing 41_291.bgm to F484E0
Writing 42_144.bgm to F48AE0
Writing 43_145.bgm to F4AF50
Writing 44_142.bgm to F4C2D0
Writing 45_143.bgm to F4ED60
Writing 46_148.bgm to F510D0
Writing 47_146.bgm to F52BF0
Writing 48_147.bgm to F56350
Writing 49_139.bgm to F595A0
Writing 4A_149.bgm to F59980
Writing 4B_137.bgm to F5B6C0
Writing 4C_138.bgm to F5CFA0
Writing 4D_150.bgm to F5E610
Writing 4E_151.bgm to F5FBD0
Writing 4F_208.bgm to F61DD0
Writing 50_177.bgm to F63520
Writing 51_178.bgm to F648F0
Writing 52_209.bgm to F65380
Writing 53_207.bgm to F66200
Writing 54_179.bgm to F66D60
Writing 55_178.bgm to F67240
Writing 56_154.bgm to F68650
Writing 57_155.bgm to F69D10
Writing 58_157.bgm to F6A720
Writing 59_156.bgm to F6C940
Writing 5A_169.bgm to F6D5A0
Writing 5B_170.bgm to F6F510
Writing 5C_153.bgm to F73A60
Writing 5D_185.bgm to F758C0
Writing 5E_167.bgm to F76090
Writing 5F_161.bgm to F778D0
Writing 60_162.bgm to F77D50
Writing 61_158.bgm to F78CD0
Writing 62_159.bgm to F79740
Writing 63_160.bgm to F7A790
Writing 64_163.bgm to F7B110
Writing 65_164.bgm to F7B460
Writing 66_166.bgm to F7C570
Writing 67_152.bgm to F7CE50
Writing 68_165.bgm to F7E2D0
Writing 69_175.bgm to F7E860
Writing 6A_176.bgm to F7F4F0
Writing 6B_174.bgm to F80900
Writing 6C_181.bgm to F81930
Writing 6D_183.bgm to F82B30
Writing 6E_001.bgm to F833D0
Writing 6F_168.bgm to F84490
Writing 70_171.bgm to F85C60
Writing 71_172.bgm to F867B0
Writing 72_182.bgm to F876D0
Writing 73_199.bgm to F87CE0
Writing 74_136.bgm to F89200
Writing 75_311.bgm to F89C40
Writing 76_310.bgm to F8B1C0
Writing 77_313.bgm to F8BEF0
Writing 78_130.bgm to F8C460
Writing 79_132.bgm to F8CA30
Writing 7A_130.bgm to F8D7E0
Writing 7B_314.bgm to F8DAB0
Writing 7C_323.bgm to F90F50
Writing 7D_315.bgm to F93120
Writing 7E_322.bgm to F95BE0
Writing 7F_316.bgm to F96950
Writing 80_319.bgm to F98BF0
Writing 81_318.bgm to F99660
Writing 82_320.bgm to F9BF00
Writing 83_321.bgm to F9DA80
Writing 84_317.bgm to F9DD60
Writing 85_327.bgm to F9F600
Writing 86_102.bgm to FA0100
Writing 87_101.bgm to FA0F70
Writing 88_324.bgm to FA4330
Writing 89_325.bgm to FA8CC0
Writing 8A_326.bgm to FAC560
Writing 8B_221.bgm to FAD350
Writing 8C_222.bgm to FAD8E0
Writing 8D_223.bgm to FADFC0
Writing 8E_226.bgm to FAE540
Writing 8F_DAT1.sef to FAEF30
Writing 90_PS01.bk to FB3F70
Writing 91_PS02.bk to FE8B50
Writing 92_PS03.bk to 100D350
Writing 93_PS04.bk to 1023B40
Writing 94_PS05.bk to 103B760
Writing 95_PS11.bk to 1063BD0
Writing 96_GM01.bk to 10844C0
Writing 97_GM02.bk to 10AEA80
Writing 98_GM03.bk to 10FD170
Writing 99_GM04.bk to 113FB90
Writing 9A_GM05.bk to 1177650
Writing 9B_GM06.bk to 11D01D0
Writing 9C_GM07.bk to 1224C00
Writing 9D_GM08.bk to 1290E50
Writing 9E_GM09.bk to 12D10E0
Writing 9F_GM10.bk to 130FC80
Writing A0_GM11.bk to 133A2C0
Writing A1_SPC0.bk to 1350D30
Writing A2_SPC1.bk to 13534B0
Writing A3_SPC2.bk to 13583D0
Writing A4_SPC3.bk to 135B280
Writing A5_REC1.bk to 136C0A0
Writing A6_STG5.bk to 1382D20
Writing A7_STG8.bk to 13A03C0
Writing A8_CHO1.bk to 13A5200
Writing A9_SYS0.bk to 13A60F0
Writing AA_SYS1.bk to 13B09F0
Writing AB_SYS2.bk to 13C27F0
Writing AC_MAR0.bk to 13D1520
Writing AD_MAR1.bk to 13DE1E0
Writing AE_ENV0.bk to 13F1BE0
Writing AF_PAR0.bk to 1427820
Writing B0_PAR1.bk to 1449E20
Writing B1_PAR2.bk to 1470280
Writing B2_ETC0.bk to 1473340
Writing B3_ETC1.bk to 148A1D0
Writing B4_ETC2.bk to 14A1D30
Writing B5_ENE0.bk to 14B0770
Writing B6_ENE1.bk to 14BDC80
Writing B7_EVT0.bk to 14D7ED0
Writing B8_EVT1.bk to 14F0860
Writing B9_EVT2.bk to 1521D80
Writing BA_EVT3.bk to 154B4B0
Writing BB_EVT4.bk to 1562240
Writing BC_EVT5.bk to 157F7A0
Writing BD_EVT6.bk to 15B9540
Writing BE_EVT7.bk to 15DA9A0
Writing BF_EVT8.bk to 15FE270
Writing C0_MOB0.bk to 1625970
Writing C1_PEA0.bk to 1638B00
Writing C2_MAR2.bk to 164CF50
Writing C3_MAR3.bk to 1666290
Writing C4_MAR4.bk to 1683A90
Writing C5_BTL0.bk to 16A4190
Writing C6_BTL1.bk to 16C6B20
Writing C7_BTL2.bk to 17084F0
Writing C8_BTL3.bk to 1731100
Writing C9_BT20.bk to 173E4F0
Writing CA_BT21.bk to 1755090
Writing CB_BT22.bk to 17802C0
Writing CC_BT23.bk to 1799B80
Writing CD_BT24.bk to 17B59C0
Writing CE_BT25.bk to 17D0B60
Writing CF_BT26.bk to 17EB310
Writing D0_BT27.bk to 180CEB0
Writing D1_BT28.bk to 1846520
Writing D2_BT29.bk to 1861D50
Writing D3_BT2A.bk to 1874540
Writing D4_BT2B.bk to 18821C0
Writing D5_BT2C.bk to 189E500
Writing D6_BT2D.bk to 18CFE10
Writing D7_PHR1.bk to 18D3990
Writing D8_ENV1.bk to 18EA2B0
Writing D9_SET1.per to 1937C80
Writing DA_SET1.prg to 1937FF0
Writing DB_501.mseq to 1938040
Writing DC_502.mseq to 1938580
Writing DD_503.mseq to 1939460
Writing DE_504.mseq to 193A070
Writing DF_505.mseq to 193ACB0
Writing E0_506.mseq to 193B820
Writing E1_507.mseq to 193C390
Writing E2_508.mseq to 193CF70
Writing E3_509.mseq to 193DFB0
Writing E4_510.mseq to 193E7D0
Writing E5_511.mseq to 193F3A0
Writing E6_512.mseq to 193FBB0
Writing E7_513.mseq to 1940350
Writing E8_521.mseq to 19407D0
Writing E9_522.mseq to 19411C0
Writing EA_523.mseq to 1941A80
Writing EB_521.mseq to 2D79400
Writing smithyfight.bgm to 2D79DF0
Writing submergedcastle.bgm to 2D811D0
Writing thwompcaverns.bgm to 2D81680
Writing riddletowertest.bgm to 2D827F0
Writing smrpg_boss.bgm to 2D83AB0
Writing darkestlord.bgm to 2D861C0
Writing weapons.bgm to 2D8CD30
Writing inthefinal.bgm to 2D912A0
Calculating new CRC values...
Wrote new CRCs to ROM (289B2057 A496F36A)
Empty region from 027FE1A0 to 027FEE22 (C82 bytes)
Empty region from 005265D2 to 00543570 (1CF9E bytes)
Empty region from 005573E0 to 006F0B30 (199750 bytes)
Empty region from 00788680 to 00789E60 (17E0 bytes)
Empty region from 00715500 to 00715850 (350 bytes)
Empty region from 00732F10 to 007345A0 (1690 bytes)
Empty region from 0079E700 to 0079EF40 (840 bytes)
Empty region from 00325150 to 003251D0 (80 bytes)
Saved config: mod.cfg
Done editing C:\Users\Serhat 01 Windows 10\Pictures\ds\dse source v1.5.3 Fixed\n\n\StarRod 0.5.2\out\Paper Mario (USA)_fixed.z64
Mod compilation took 65,58 seconds
Tue Sep 12 21:34:31 TRT 2023
